2026-10-06T05:54:46Z  START  poll_interval=1s layer_a_poll_interval=5s
2026-10-06T05:56:20Z  WARNING  thresholds fetch failed: timed out
2026-10-06T05:56:20Z  WARNING  stats fetch failed: timed out
2026-10-06T05:56:25Z  WARNING  thresholds fetch failed: timed out
2026-10-06T05:56:25Z  WARNING  stats fetch failed: timed out
2026-10-06T05:56:30Z  WARNING  thresholds fetch failed: timed out
2026-10-06T05:56:30Z  WARNING  stats fetch failed: timed out
2026-10-06T05:56:35Z  WARNING  thresholds fetch failed: timed out
2026-10-06T05:56:35Z  WARNING  stats fetch failed: timed out
2026-10-06T05:56:40Z  WARNING  thresholds fetch failed: timed out
2026-10-06T05:56:40Z  WARNING  stats fetch failed: timed out
2026-10-06T05:56:45Z  WARNING  thresholds fetch failed: timed out
2026-10-06T05:56:45Z  WARNING  stats fetch failed: timed out
2026-10-06T05:56:50Z  WARNING  thresholds fetch failed: timed out
2026-10-06T05:56:50Z  WARNING  stats fetch failed: timed out
2026-10-06T05:56:55Z  WARNING  thresholds fetch failed: timed out
2026-10-06T05:56:55Z  WARNING  stats fetch failed: timed out
2026-10-06T05:57:00Z  WARNING  thresholds fetch failed: timed out
2026-10-06T05:57:00Z  WARNING  stats fetch failed: timed out
2026-10-06T05:57:05Z  WARNING  thresholds fetch failed: timed out
2026-10-06T05:57:05Z  WARNING  stats fetch failed: timed out
2026-10-06T05:57:10Z  WARNING  thresholds fetch failed: timed out
2026-10-06T05:57:10Z  WARNING  stats fetch failed: timed out
2026-10-06T05:57:15Z  WARNING  thresholds fetch failed: timed out
2026-10-06T05:57:15Z  WARNING  stats fetch failed: timed out
2026-10-06T05:57:20Z  WARNING  thresholds fetch failed: timed out
2026-10-06T05:57:20Z  WARNING  stats fetch failed: timed out
2026-10-06T05:57:25Z  WARNING  thresholds fetch failed: timed out
2026-10-06T05:57:25Z  WARNING  stats fetch failed: timed out
2026-10-06T05:57:30Z  WARNING  thresholds fetch failed: timed out
2026-10-06T05:57:30Z  WARNING  stats fetch failed: timed out
2026-10-06T05:57:35Z  WARNING  thresholds fetch failed: timed out
2026-10-06T05:57:35Z  WARNING  stats fetch failed: timed out
2026-10-06T05:57:40Z  WARNING  thresholds fetch failed: timed out
2026-10-06T05:57:40Z  WARNING  stats fetch failed: timed out
2026-10-06T05:57:45Z  WARNING  thresholds fetch failed: timed out
2026-10-06T05:57:45Z  WARNING  stats fetch failed: timed out
2026-10-06T05:57:50Z  WARNING  thresholds fetch failed: timed out
2026-10-06T05:57:50Z  WARNING  stats fetch failed: timed out
2026-10-06T05:57:55Z  WARNING  thresholds fetch failed: timed out
2026-10-06T05:57:55Z  WARNING  stats fetch failed: timed out
2026-10-06T05:58:00Z  WARNING  thresholds fetch failed: timed out
2026-10-06T05:58:00Z  WARNING  stats fetch failed: timed out
2026-10-06T05:58:05Z  WARNING  thresholds fetch failed: timed out
2026-10-06T05:58:05Z  WARNING  stats fetch failed: timed out
2026-10-06T05:58:10Z  WARNING  thresholds fetch failed: timed out
2026-10-06T05:58:10Z  WARNING  stats fetch failed: timed out
2026-10-06T05:58:15Z  WARNING  thresholds fetch failed: timed out
2026-10-06T05:58:15Z  WARNING  stats fetch failed: timed out
2026-10-06T05:58:20Z  WARNING  thresholds fetch failed: timed out
2026-10-06T05:58:20Z  WARNING  stats fetch failed: timed out
2026-10-06T05:58:25Z  WARNING  thresholds fetch failed: timed out
2026-10-06T05:58:25Z  WARNING  stats fetch failed: timed out
2026-10-06T05:58:30Z  WARNING  thresholds fetch failed: timed out
2026-10-06T05:58:30Z  WARNING  stats fetch failed: timed out
2026-10-06T05:58:35Z  WARNING  thresholds fetch failed: timed out
2026-10-06T05:58:35Z  WARNING  stats fetch failed: timed out
2026-10-06T05:58:40Z  WARNING  thresholds fetch failed: timed out
2026-10-06T05:58:40Z  WARNING  stats fetch failed: timed out
2026-10-06T05:58:45Z  WARNING  thresholds fetch failed: timed out
2026-10-06T05:58:45Z  WARNING  stats fetch failed: timed out
2026-10-06T05:58:50Z  WARNING  thresholds fetch failed: timed out
2026-10-06T05:58:50Z  WARNING  stats fetch failed: timed out
2026-10-06T05:58:55Z  WARNING  thresholds fetch failed: timed out
2026-10-06T05:58:55Z  WARNING  stats fetch failed: timed out
2026-10-06T05:59:00Z  WARNING  thresholds fetch failed: timed out
2026-10-06T05:59:00Z  WARNING  stats fetch failed: timed out
2026-10-06T05:59:05Z  WARNING  thresholds fetch failed: timed out
2026-10-06T05:59:05Z  WARNING  stats fetch failed: timed out
2026-10-06T05:59:10Z  WARNING  thresholds fetch failed: timed out
2026-10-06T05:59:10Z  WARNING  stats fetch failed: timed out
2026-10-06T05:59:15Z  WARNING  thresholds fetch failed: timed out
2026-10-06T05:59:15Z  WARNING  stats fetch failed: timed out
2026-10-06T05:59:20Z  WARNING  thresholds fetch failed: timed out
2026-10-06T05:59:20Z  WARNING  stats fetch failed: timed out
2026-10-06T05:59:25Z  WARNING  thresholds fetch failed: timed out
2026-10-06T05:59:25Z  WARNING  stats fetch failed: timed out
2026-10-06T05:59:30Z  WARNING  thresholds fetch failed: timed out
2026-10-06T05:59:30Z  WARNING  stats fetch failed: timed out
2026-10-06T05:59:35Z  WARNING  thresholds fetch failed: timed out
2026-10-06T05:59:35Z  WARNING  stats fetch failed: timed out
2026-10-06T05:59:40Z  WARNING  thresholds fetch failed: timed out
2026-10-06T05:59:40Z  WARNING  stats fetch failed: timed out
2026-10-06T05:59:45Z  WARNING  thresholds fetch failed: timed out
2026-10-06T05:59:45Z  WARNING  stats fetch failed: timed out
2026-10-06T05:59:50Z  WARNING  thresholds fetch failed: timed out
2026-10-06T05:59:50Z  WARNING  stats fetch failed: timed out
2026-10-06T05:59:55Z  WARNING  thresholds fetch failed: timed out
2026-10-06T05:59:55Z  WARNING  stats fetch failed: timed out
2026-10-06T06:00:00Z  WARNING  thresholds fetch failed: timed out
2026-10-06T06:00:00Z  WARNING  stats fetch failed: timed out
2026-10-06T06:00:05Z  WARNING  thresholds fetch failed: timed out
2026-10-06T06:00:05Z  WARNING  stats fetch failed: timed out
2026-10-06T06:00:10Z  WARNING  thresholds fetch failed: timed out
2026-10-06T06:00:10Z  WARNING  stats fetch failed: timed out
2026-10-06T06:00:15Z  WARNING  thresholds fetch failed: timed out
2026-10-06T06:00:15Z  WARNING  stats fetch failed: timed out
2026-10-06T06:00:20Z  WARNING  thresholds fetch failed: timed out
2026-10-06T06:00:20Z  WARNING  stats fetch failed: timed out
2026-10-06T06:00:25Z  WARNING  thresholds fetch failed: timed out
2026-10-06T06:00:25Z  WARNING  stats fetch failed: timed out
2026-10-06T06:00:30Z  WARNING  thresholds fetch failed: timed out
2026-10-06T06:00:30Z  WARNING  stats fetch failed: timed out
2026-10-06T06:00:35Z  WARNING  thresholds fetch failed: timed out
2026-10-06T06:00:35Z  WARNING  stats fetch failed: timed out
2026-10-06T06:00:40Z  WARNING  thresholds fetch failed: timed out
2026-10-06T06:00:40Z  WARNING  stats fetch failed: timed out
2026-10-06T06:00:45Z  WARNING  thresholds fetch failed: timed out
2026-10-06T06:00:45Z  WARNING  stats fetch failed: timed out
2026-10-06T06:00:50Z  WARNING  thresholds fetch failed: timed out
2026-10-06T06:00:50Z  WARNING  stats fetch failed: timed out
2026-10-06T06:00:55Z  WARNING  thresholds fetch failed: timed out
2026-10-06T06:00:55Z  WARNING  stats fetch failed: timed out
2026-10-06T06:01:00Z  WARNING  thresholds fetch failed: timed out
2026-10-06T06:01:00Z  WARNING  stats fetch failed: timed out
2026-10-06T06:01:05Z  WARNING  thresholds fetch failed: timed out
2026-10-06T06:01:05Z  WARNING  stats fetch failed: timed out
2026-10-06T06:01:10Z  WARNING  thresholds fetch failed: timed out
2026-10-06T06:01:10Z  WARNING  stats fetch failed: timed out
2026-10-06T06:01:15Z  WARNING  thresholds fetch failed: timed out
2026-10-06T06:01:15Z  WARNING  stats fetch failed: timed out
2026-10-06T06:01:20Z  WARNING  thresholds fetch failed: timed out
2026-10-06T06:01:20Z  WARNING  stats fetch failed: timed out
2026-10-06T06:01:25Z  WARNING  thresholds fetch failed: timed out
2026-10-06T06:01:25Z  WARNING  stats fetch failed: timed out
2026-10-06T06:01:30Z  WARNING  thresholds fetch failed: timed out
2026-10-06T06:01:30Z  WARNING  stats fetch failed: timed out
2026-10-06T06:01:35Z  WARNING  thresholds fetch failed: timed out
2026-10-06T06:01:35Z  WARNING  stats fetch failed: timed out
2026-10-06T06:01:40Z  WARNING  thresholds fetch failed: timed out
2026-10-06T06:01:40Z  WARNING  stats fetch failed: timed out
2026-10-06T06:01:45Z  WARNING  thresholds fetch failed: timed out
2026-10-06T06:01:45Z  WARNING  stats fetch failed: timed out
2026-10-06T06:01:50Z  WARNING  thresholds fetch failed: timed out
2026-10-06T06:01:50Z  WARNING  stats fetch failed: timed out
2026-10-06T06:01:55Z  WARNING  thresholds fetch failed: timed out
2026-10-06T06:01:55Z  WARNING  stats fetch failed: timed out
2026-10-06T06:02:00Z  WARNING  thresholds fetch failed: timed out
2026-10-06T06:02:00Z  WARNING  stats fetch failed: timed out
2026-10-06T06:02:05Z  WARNING  thresholds fetch failed: timed out
2026-10-06T06:02:05Z  WARNING  stats fetch failed: timed out
2026-10-06T06:02:10Z  WARNING  thresholds fetch failed: timed out
2026-10-06T06:02:10Z  WARNING  stats fetch failed: timed out
2026-10-06T06:02:15Z  WARNING  thresholds fetch failed: timed out
2026-10-06T06:02:15Z  WARNING  stats fetch failed: timed out
2026-10-06T06:02:20Z  WARNING  thresholds fetch failed: timed out
2026-10-06T06:02:20Z  WARNING  stats fetch failed: timed out
2026-10-06T06:02:25Z  WARNING  thresholds fetch failed: timed out
2026-10-06T06:02:25Z  WARNING  stats fetch failed: timed out
2026-10-06T06:02:30Z  WARNING  thresholds fetch failed: timed out
2026-10-06T06:02:30Z  WARNING  stats fetch failed: timed out
2026-10-06T06:02:35Z  WARNING  thresholds fetch failed: timed out
2026-10-06T06:02:35Z  WARNING  stats fetch failed: timed out
2026-10-06T06:02:40Z  WARNING  thresholds fetch failed: timed out
2026-10-06T06:02:40Z  WARNING  stats fetch failed: timed out
2026-10-06T06:02:45Z  WARNING  thresholds fetch failed: timed out
2026-10-06T06:02:45Z  WARNING  stats fetch failed: timed out
2026-10-06T06:02:50Z  WARNING  thresholds fetch failed: timed out
2026-10-06T06:02:50Z  WARNING  stats fetch failed: timed out
2026-10-06T06:02:55Z  WARNING  thresholds fetch failed: timed out
2026-10-06T06:02:55Z  WARNING  stats fetch failed: timed out
2026-10-06T06:03:00Z  WARNING  thresholds fetch failed: timed out
2026-10-06T06:03:00Z  WARNING  stats fetch failed: timed out
2026-10-06T06:03:05Z  WARNING  thresholds fetch failed: timed out
2026-10-06T06:03:05Z  WARNING  stats fetch failed: timed out
2026-10-06T06:03:10Z  WARNING  thresholds fetch failed: timed out
2026-10-06T06:03:10Z  WARNING  stats fetch failed: timed out
2026-10-06T06:03:15Z  WARNING  thresholds fetch failed: timed out
2026-10-06T06:03:15Z  WARNING  stats fetch failed: timed out
2026-10-06T06:03:20Z  WARNING  thresholds fetch failed: <urlopen error timed out>
2026-10-06T06:03:20Z  WARNING  stats fetch failed: timed out
2026-10-06T06:03:25Z  WARNING  thresholds fetch failed: timed out
2026-10-06T06:03:25Z  WARNING  stats fetch failed: timed out
2026-10-06T06:03:30Z  WARNING  thresholds fetch failed: timed out
2026-10-06T06:03:30Z  WARNING  stats fetch failed: timed out
2026-10-06T06:03:35Z  WARNING  thresholds fetch failed: timed out
2026-10-06T06:03:35Z  WARNING  stats fetch failed: timed out
2026-10-06T06:03:40Z  WARNING  thresholds fetch failed: <urlopen error timed out>
2026-10-06T06:03:40Z  WARNING  stats fetch failed: timed out
2026-10-06T06:03:45Z  WARNING  thresholds fetch failed: timed out
2026-10-06T06:03:45Z  WARNING  stats fetch failed: timed out
2026-10-06T06:03:50Z  WARNING  thresholds fetch failed: timed out
2026-10-06T06:03:50Z  WARNING  stats fetch failed: timed out
2026-10-06T06:03:55Z  WARNING  thresholds fetch failed: timed out
2026-10-06T06:03:55Z  WARNING  stats fetch failed: timed out
2026-10-06T06:04:00Z  WARNING  thresholds fetch failed: timed out
2026-10-06T06:04:00Z  WARNING  stats fetch failed: timed out
2026-10-06T06:04:05Z  WARNING  thresholds fetch failed: timed out
2026-10-06T06:04:05Z  WARNING  stats fetch failed: timed out
2026-10-06T06:04:10Z  WARNING  thresholds fetch failed: timed out
2026-10-06T06:04:10Z  WARNING  stats fetch failed: timed out
2026-10-06T06:04:15Z  WARNING  thresholds fetch failed: timed out
2026-10-06T06:04:15Z  WARNING  stats fetch failed: timed out
2026-10-06T06:04:20Z  WARNING  thresholds fetch failed: timed out
2026-10-06T06:04:20Z  WARNING  stats fetch failed: timed out
2026-10-06T06:04:25Z  WARNING  thresholds fetch failed: timed out
2026-10-06T06:04:25Z  WARNING  stats fetch failed: timed out
2026-10-06T06:04:30Z  WARNING  thresholds fetch failed: timed out
2026-10-06T06:04:30Z  WARNING  stats fetch failed: timed out
2026-10-06T06:04:35Z  WARNING  thresholds fetch failed: timed out
2026-10-06T06:04:35Z  WARNING  stats fetch failed: timed out
2026-10-06T06:04:40Z  WARNING  thresholds fetch failed: timed out
2026-10-06T06:04:40Z  WARNING  stats fetch failed: timed out
2026-10-06T06:04:45Z  WARNING  thresholds fetch failed: timed out
2026-10-06T06:04:45Z  WARNING  stats fetch failed: timed out
2026-10-06T06:04:50Z  WARNING  thresholds fetch failed: timed out
2026-10-06T06:04:50Z  WARNING  stats fetch failed: timed out
2026-10-06T06:04:55Z  WARNING  thresholds fetch failed: timed out
2026-10-06T06:04:55Z  WARNING  stats fetch failed: timed out
2026-10-06T06:05:00Z  WARNING  thresholds fetch failed: timed out
2026-10-06T06:05:00Z  WARNING  stats fetch failed: timed out
2026-10-06T06:05:05Z  WARNING  thresholds fetch failed: timed out
2026-10-06T06:05:05Z  WARNING  stats fetch failed: timed out
2026-10-06T06:05:10Z  WARNING  thresholds fetch failed: timed out
2026-10-06T06:05:10Z  WARNING  stats fetch failed: <urlopen error timed out>
2026-10-06T06:05:15Z  WARNING  thresholds fetch failed: timed out
2026-10-06T06:05:15Z  WARNING  stats fetch failed: timed out
2026-10-06T06:05:20Z  WARNING  thresholds fetch failed: timed out
2026-10-06T06:05:20Z  WARNING  stats fetch failed: timed out
2026-10-06T06:05:25Z  WARNING  thresholds fetch failed: timed out
2026-10-06T06:05:25Z  WARNING  stats fetch failed: timed out
2026-10-06T06:05:30Z  WARNING  thresholds fetch failed: timed out
2026-10-06T06:05:30Z  WARNING  stats fetch failed: timed out
2026-10-06T06:05:35Z  WARNING  thresholds fetch failed: timed out
2026-10-06T06:05:35Z  WARNING  stats fetch failed: timed out
2026-10-06T06:05:40Z  WARNING  thresholds fetch failed: timed out
2026-10-06T06:05:40Z  WARNING  stats fetch failed: timed out
2026-10-06T06:05:45Z  WARNING  thresholds fetch failed: timed out
2026-10-06T06:05:45Z  WARNING  stats fetch failed: timed out
2026-10-06T06:05:48Z  SHUTDOWN  signal=15
2026-10-06T06:05:49Z  EXIT
