2026-10-03T11:03:30Z  START  poll_interval=1s layer_a_poll_interval=5s
2026-10-03T11:09:35Z  WARNING  thresholds fetch failed: timed out
2026-10-03T11:09:35Z  WARNING  stats fetch failed: timed out
2026-10-03T11:09:40Z  WARNING  thresholds fetch failed: timed out
2026-10-03T11:09:40Z  WARNING  stats fetch failed: timed out
2026-10-03T11:09:45Z  WARNING  thresholds fetch failed: timed out
2026-10-03T11:09:45Z  WARNING  stats fetch failed: timed out
2026-10-03T11:09:50Z  WARNING  thresholds fetch failed: timed out
2026-10-03T11:09:50Z  WARNING  stats fetch failed: timed out
2026-10-03T11:09:55Z  WARNING  thresholds fetch failed: timed out
2026-10-03T11:09:55Z  WARNING  stats fetch failed: timed out
2026-10-03T11:10:00Z  WARNING  thresholds fetch failed: timed out
2026-10-03T11:10:00Z  WARNING  stats fetch failed: timed out
2026-10-03T11:10:05Z  WARNING  thresholds fetch failed: timed out
2026-10-03T11:10:05Z  WARNING  stats fetch failed: timed out
2026-10-03T11:10:10Z  WARNING  thresholds fetch failed: timed out
2026-10-03T11:10:10Z  WARNING  stats fetch failed: timed out
2026-10-03T11:10:15Z  WARNING  thresholds fetch failed: timed out
2026-10-03T11:10:15Z  WARNING  stats fetch failed: timed out
2026-10-03T11:10:20Z  WARNING  thresholds fetch failed: timed out
2026-10-03T11:10:20Z  WARNING  stats fetch failed: timed out
2026-10-03T11:10:25Z  WARNING  thresholds fetch failed: timed out
2026-10-03T11:10:25Z  WARNING  stats fetch failed: timed out
2026-10-03T11:10:30Z  WARNING  thresholds fetch failed: timed out
2026-10-03T11:10:30Z  WARNING  stats fetch failed: timed out
2026-10-03T11:10:35Z  WARNING  thresholds fetch failed: timed out
2026-10-03T11:10:35Z  WARNING  stats fetch failed: timed out
2026-10-03T11:10:40Z  WARNING  thresholds fetch failed: timed out
2026-10-03T11:10:40Z  WARNING  stats fetch failed: timed out
2026-10-03T11:10:45Z  WARNING  thresholds fetch failed: timed out
2026-10-03T11:10:45Z  WARNING  stats fetch failed: timed out
2026-10-03T11:10:50Z  WARNING  thresholds fetch failed: timed out
2026-10-03T11:10:50Z  WARNING  stats fetch failed: timed out
2026-10-03T11:10:55Z  WARNING  thresholds fetch failed: timed out
2026-10-03T11:10:55Z  WARNING  stats fetch failed: timed out
2026-10-03T11:11:00Z  WARNING  thresholds fetch failed: timed out
2026-10-03T11:11:00Z  WARNING  stats fetch failed: timed out
2026-10-03T11:11:05Z  WARNING  thresholds fetch failed: timed out
2026-10-03T11:11:05Z  WARNING  stats fetch failed: timed out
2026-10-03T11:11:10Z  WARNING  thresholds fetch failed: timed out
2026-10-03T11:11:10Z  WARNING  stats fetch failed: timed out
2026-10-03T11:11:15Z  WARNING  thresholds fetch failed: timed out
2026-10-03T11:11:15Z  WARNING  stats fetch failed: timed out
2026-10-03T11:11:20Z  WARNING  thresholds fetch failed: timed out
2026-10-03T11:11:20Z  WARNING  stats fetch failed: timed out
2026-10-03T11:11:25Z  WARNING  thresholds fetch failed: timed out
2026-10-03T11:11:25Z  WARNING  stats fetch failed: timed out
2026-10-03T11:11:30Z  WARNING  thresholds fetch failed: timed out
2026-10-03T11:11:30Z  WARNING  stats fetch failed: timed out
2026-10-03T11:11:35Z  WARNING  thresholds fetch failed: timed out
2026-10-03T11:11:35Z  WARNING  stats fetch failed: timed out
2026-10-03T11:11:40Z  WARNING  thresholds fetch failed: timed out
2026-10-03T11:11:40Z  WARNING  stats fetch failed: timed out
2026-10-03T11:11:45Z  WARNING  thresholds fetch failed: timed out
2026-10-03T11:11:45Z  WARNING  stats fetch failed: timed out
2026-10-03T11:11:50Z  WARNING  thresholds fetch failed: timed out
2026-10-03T11:11:50Z  WARNING  stats fetch failed: timed out
2026-10-03T11:11:55Z  WARNING  thresholds fetch failed: timed out
2026-10-03T11:11:55Z  WARNING  stats fetch failed: timed out
2026-10-03T11:12:00Z  WARNING  thresholds fetch failed: timed out
2026-10-03T11:12:00Z  WARNING  stats fetch failed: timed out
2026-10-03T11:12:05Z  WARNING  thresholds fetch failed: timed out
2026-10-03T11:12:05Z  WARNING  stats fetch failed: timed out
2026-10-03T11:12:10Z  WARNING  thresholds fetch failed: timed out
2026-10-03T11:12:10Z  WARNING  stats fetch failed: timed out
2026-10-03T11:12:15Z  WARNING  thresholds fetch failed: timed out
2026-10-03T11:12:15Z  WARNING  stats fetch failed: timed out
2026-10-03T11:12:20Z  WARNING  thresholds fetch failed: timed out
2026-10-03T11:12:20Z  WARNING  stats fetch failed: timed out
2026-10-03T11:12:25Z  WARNING  thresholds fetch failed: timed out
2026-10-03T11:12:25Z  WARNING  stats fetch failed: timed out
2026-10-03T11:12:30Z  WARNING  thresholds fetch failed: timed out
2026-10-03T11:12:30Z  WARNING  stats fetch failed: timed out
2026-10-03T11:12:35Z  WARNING  thresholds fetch failed: timed out
2026-10-03T11:12:35Z  WARNING  stats fetch failed: timed out
2026-10-03T11:12:40Z  WARNING  thresholds fetch failed: timed out
2026-10-03T11:12:40Z  WARNING  stats fetch failed: timed out
2026-10-03T11:12:45Z  WARNING  thresholds fetch failed: timed out
2026-10-03T11:12:45Z  WARNING  stats fetch failed: <urlopen error timed out>
2026-10-03T11:12:50Z  WARNING  thresholds fetch failed: timed out
2026-10-03T11:12:50Z  WARNING  stats fetch failed: timed out
2026-10-03T11:12:55Z  WARNING  thresholds fetch failed: timed out
2026-10-03T11:12:55Z  WARNING  stats fetch failed: timed out
2026-10-03T11:13:00Z  WARNING  thresholds fetch failed: timed out
2026-10-03T11:13:00Z  WARNING  stats fetch failed: timed out
2026-10-03T11:13:05Z  WARNING  thresholds fetch failed: timed out
2026-10-03T11:13:05Z  WARNING  stats fetch failed: timed out
2026-10-03T11:13:10Z  WARNING  thresholds fetch failed: timed out
2026-10-03T11:13:10Z  WARNING  stats fetch failed: timed out
2026-10-03T11:13:15Z  WARNING  thresholds fetch failed: timed out
2026-10-03T11:13:15Z  WARNING  stats fetch failed: timed out
2026-10-03T11:13:20Z  WARNING  thresholds fetch failed: timed out
2026-10-03T11:13:20Z  WARNING  stats fetch failed: timed out
2026-10-03T11:13:25Z  WARNING  thresholds fetch failed: timed out
2026-10-03T11:13:25Z  WARNING  stats fetch failed: timed out
2026-10-03T11:13:30Z  WARNING  thresholds fetch failed: timed out
2026-10-03T11:13:30Z  WARNING  stats fetch failed: timed out
2026-10-03T11:13:35Z  WARNING  thresholds fetch failed: timed out
2026-10-03T11:13:35Z  WARNING  stats fetch failed: timed out
2026-10-03T11:13:40Z  WARNING  thresholds fetch failed: timed out
2026-10-03T11:13:40Z  WARNING  stats fetch failed: timed out
2026-10-03T11:13:45Z  WARNING  thresholds fetch failed: timed out
2026-10-03T11:13:45Z  WARNING  stats fetch failed: timed out
2026-10-03T11:13:50Z  WARNING  thresholds fetch failed: timed out
2026-10-03T11:13:50Z  WARNING  stats fetch failed: timed out
2026-10-03T11:13:55Z  WARNING  thresholds fetch failed: timed out
2026-10-03T11:13:55Z  WARNING  stats fetch failed: timed out
2026-10-03T11:14:00Z  WARNING  thresholds fetch failed: timed out
2026-10-03T11:14:00Z  WARNING  stats fetch failed: timed out
2026-10-03T11:14:07Z  SHUTDOWN  signal=15
2026-10-03T11:14:08Z  EXIT
