2026-09-26T15:56:39Z  START  poll_interval=1s layer_a_poll_interval=5s
2026-09-26T15:58:00Z  WARNING  thresholds fetch failed: timed out
2026-09-26T15:58:00Z  WARNING  stats fetch failed: timed out
2026-09-26T15:58:05Z  WARNING  thresholds fetch failed: timed out
2026-09-26T15:58:05Z  WARNING  stats fetch failed: timed out
2026-09-26T15:58:10Z  WARNING  thresholds fetch failed: timed out
2026-09-26T15:58:10Z  WARNING  stats fetch failed: timed out
2026-09-26T15:58:15Z  WARNING  thresholds fetch failed: timed out
2026-09-26T15:58:15Z  WARNING  stats fetch failed: timed out
2026-09-26T15:58:20Z  WARNING  thresholds fetch failed: timed out
2026-09-26T15:58:20Z  WARNING  stats fetch failed: timed out
2026-09-26T15:58:25Z  WARNING  thresholds fetch failed: timed out
2026-09-26T15:58:25Z  WARNING  stats fetch failed: timed out
2026-09-26T15:58:30Z  WARNING  thresholds fetch failed: timed out
2026-09-26T15:58:30Z  WARNING  stats fetch failed: timed out
2026-09-26T15:58:35Z  WARNING  thresholds fetch failed: timed out
2026-09-26T15:58:35Z  WARNING  stats fetch failed: timed out
2026-09-26T15:58:40Z  WARNING  thresholds fetch failed: timed out
2026-09-26T15:58:40Z  WARNING  stats fetch failed: timed out
2026-09-26T15:58:45Z  WARNING  thresholds fetch failed: timed out
2026-09-26T15:58:45Z  WARNING  stats fetch failed: timed out
2026-09-26T15:58:50Z  WARNING  thresholds fetch failed: timed out
2026-09-26T15:58:50Z  WARNING  stats fetch failed: timed out
2026-09-26T15:58:55Z  WARNING  thresholds fetch failed: timed out
2026-09-26T15:58:55Z  WARNING  stats fetch failed: timed out
2026-09-26T15:59:00Z  WARNING  thresholds fetch failed: timed out
2026-09-26T15:59:00Z  WARNING  stats fetch failed: timed out
2026-09-26T15:59:05Z  WARNING  thresholds fetch failed: timed out
2026-09-26T15:59:05Z  WARNING  stats fetch failed: timed out
2026-09-26T15:59:10Z  WARNING  thresholds fetch failed: timed out
2026-09-26T15:59:10Z  WARNING  stats fetch failed: timed out
2026-09-26T15:59:15Z  WARNING  thresholds fetch failed: timed out
2026-09-26T15:59:15Z  WARNING  stats fetch failed: timed out
2026-09-26T15:59:20Z  WARNING  thresholds fetch failed: timed out
2026-09-26T15:59:20Z  WARNING  stats fetch failed: timed out
2026-09-26T15:59:25Z  WARNING  thresholds fetch failed: timed out
2026-09-26T15:59:25Z  WARNING  stats fetch failed: timed out
2026-09-26T15:59:30Z  WARNING  thresholds fetch failed: timed out
2026-09-26T15:59:30Z  WARNING  stats fetch failed: timed out
2026-09-26T15:59:35Z  WARNING  thresholds fetch failed: timed out
2026-09-26T15:59:35Z  WARNING  stats fetch failed: timed out
2026-09-26T15:59:40Z  WARNING  thresholds fetch failed: timed out
2026-09-26T15:59:40Z  WARNING  stats fetch failed: timed out
2026-09-26T15:59:45Z  WARNING  thresholds fetch failed: timed out
2026-09-26T15:59:45Z  WARNING  stats fetch failed: timed out
2026-09-26T15:59:50Z  WARNING  thresholds fetch failed: timed out
2026-09-26T15:59:50Z  WARNING  stats fetch failed: timed out
2026-09-26T15:59:55Z  WARNING  thresholds fetch failed: timed out
2026-09-26T15:59:55Z  WARNING  stats fetch failed: timed out
2026-09-26T16:00:00Z  WARNING  thresholds fetch failed: timed out
2026-09-26T16:00:00Z  WARNING  stats fetch failed: timed out
2026-09-26T16:00:05Z  WARNING  thresholds fetch failed: timed out
2026-09-26T16:00:05Z  WARNING  stats fetch failed: timed out
2026-09-26T16:00:10Z  WARNING  thresholds fetch failed: timed out
2026-09-26T16:00:10Z  WARNING  stats fetch failed: timed out
2026-09-26T16:00:15Z  WARNING  thresholds fetch failed: timed out
2026-09-26T16:00:15Z  WARNING  stats fetch failed: timed out
2026-09-26T16:00:20Z  WARNING  thresholds fetch failed: timed out
2026-09-26T16:00:20Z  WARNING  stats fetch failed: timed out
2026-09-26T16:00:25Z  WARNING  thresholds fetch failed: timed out
2026-09-26T16:00:25Z  WARNING  stats fetch failed: timed out
2026-09-26T16:00:30Z  WARNING  thresholds fetch failed: timed out
2026-09-26T16:00:30Z  WARNING  stats fetch failed: timed out
2026-09-26T16:00:35Z  WARNING  thresholds fetch failed: timed out
2026-09-26T16:00:35Z  WARNING  stats fetch failed: timed out
2026-09-26T16:00:40Z  WARNING  thresholds fetch failed: timed out
2026-09-26T16:00:40Z  WARNING  stats fetch failed: timed out
2026-09-26T16:00:45Z  WARNING  thresholds fetch failed: timed out
2026-09-26T16:00:45Z  WARNING  stats fetch failed: timed out
2026-09-26T16:00:50Z  WARNING  thresholds fetch failed: timed out
2026-09-26T16:00:50Z  WARNING  stats fetch failed: timed out
2026-09-26T16:00:55Z  WARNING  thresholds fetch failed: timed out
2026-09-26T16:00:55Z  WARNING  stats fetch failed: timed out
2026-09-26T16:01:00Z  WARNING  thresholds fetch failed: timed out
2026-09-26T16:01:00Z  WARNING  stats fetch failed: timed out
2026-09-26T16:01:05Z  WARNING  thresholds fetch failed: timed out
2026-09-26T16:01:05Z  WARNING  stats fetch failed: timed out
2026-09-26T16:01:10Z  WARNING  thresholds fetch failed: timed out
2026-09-26T16:01:10Z  WARNING  stats fetch failed: timed out
2026-09-26T16:01:15Z  WARNING  thresholds fetch failed: timed out
2026-09-26T16:01:15Z  WARNING  stats fetch failed: timed out
2026-09-26T16:01:20Z  WARNING  thresholds fetch failed: timed out
2026-09-26T16:01:20Z  WARNING  stats fetch failed: timed out
2026-09-26T16:01:25Z  WARNING  thresholds fetch failed: timed out
2026-09-26T16:01:25Z  WARNING  stats fetch failed: timed out
2026-09-26T16:01:30Z  WARNING  thresholds fetch failed: timed out
2026-09-26T16:01:30Z  WARNING  stats fetch failed: timed out
2026-09-26T16:01:35Z  WARNING  thresholds fetch failed: timed out
2026-09-26T16:01:35Z  WARNING  stats fetch failed: timed out
2026-09-26T16:01:40Z  WARNING  thresholds fetch failed: timed out
2026-09-26T16:01:40Z  WARNING  stats fetch failed: timed out
2026-09-26T16:01:45Z  WARNING  thresholds fetch failed: timed out
2026-09-26T16:01:45Z  WARNING  stats fetch failed: timed out
2026-09-26T16:01:50Z  WARNING  thresholds fetch failed: timed out
2026-09-26T16:01:50Z  WARNING  stats fetch failed: timed out
2026-09-26T16:01:55Z  WARNING  thresholds fetch failed: timed out
2026-09-26T16:01:55Z  WARNING  stats fetch failed: timed out
2026-09-26T16:02:00Z  WARNING  thresholds fetch failed: timed out
2026-09-26T16:02:00Z  WARNING  stats fetch failed: timed out
2026-09-26T16:02:05Z  WARNING  thresholds fetch failed: timed out
2026-09-26T16:02:05Z  WARNING  stats fetch failed: timed out
2026-09-26T16:02:10Z  WARNING  thresholds fetch failed: timed out
2026-09-26T16:02:10Z  WARNING  stats fetch failed: timed out
2026-09-26T16:02:15Z  WARNING  thresholds fetch failed: timed out
2026-09-26T16:02:15Z  WARNING  stats fetch failed: timed out
2026-09-26T16:02:20Z  WARNING  thresholds fetch failed: timed out
2026-09-26T16:02:20Z  WARNING  stats fetch failed: timed out
2026-09-26T16:02:25Z  WARNING  thresholds fetch failed: timed out
2026-09-26T16:02:25Z  WARNING  stats fetch failed: timed out
2026-09-26T16:02:30Z  WARNING  thresholds fetch failed: timed out
2026-09-26T16:02:30Z  WARNING  stats fetch failed: timed out
2026-09-26T16:02:35Z  WARNING  thresholds fetch failed: timed out
2026-09-26T16:02:35Z  WARNING  stats fetch failed: timed out
2026-09-26T16:02:40Z  WARNING  thresholds fetch failed: timed out
2026-09-26T16:02:40Z  WARNING  stats fetch failed: timed out
2026-09-26T16:02:45Z  WARNING  thresholds fetch failed: timed out
2026-09-26T16:02:45Z  WARNING  stats fetch failed: timed out
2026-09-26T16:02:50Z  WARNING  thresholds fetch failed: timed out
2026-09-26T16:02:50Z  WARNING  stats fetch failed: timed out
2026-09-26T16:02:55Z  WARNING  thresholds fetch failed: timed out
2026-09-26T16:02:55Z  WARNING  stats fetch failed: timed out
2026-09-26T16:03:00Z  WARNING  thresholds fetch failed: timed out
2026-09-26T16:03:00Z  WARNING  stats fetch failed: timed out
2026-09-26T16:03:05Z  WARNING  thresholds fetch failed: timed out
2026-09-26T16:03:05Z  WARNING  stats fetch failed: timed out
2026-09-26T16:03:10Z  WARNING  thresholds fetch failed: timed out
2026-09-26T16:03:10Z  WARNING  stats fetch failed: timed out
2026-09-26T16:03:15Z  WARNING  thresholds fetch failed: timed out
2026-09-26T16:03:15Z  WARNING  stats fetch failed: timed out
2026-09-26T16:03:20Z  WARNING  thresholds fetch failed: timed out
2026-09-26T16:03:20Z  WARNING  stats fetch failed: timed out
2026-09-26T16:03:25Z  WARNING  thresholds fetch failed: timed out
2026-09-26T16:03:25Z  WARNING  stats fetch failed: timed out
2026-09-26T16:03:30Z  WARNING  thresholds fetch failed: timed out
2026-09-26T16:03:30Z  WARNING  stats fetch failed: timed out
2026-09-26T16:03:35Z  WARNING  thresholds fetch failed: timed out
2026-09-26T16:03:35Z  WARNING  stats fetch failed: timed out
2026-09-26T16:03:40Z  WARNING  thresholds fetch failed: timed out
2026-09-26T16:03:40Z  WARNING  stats fetch failed: timed out
2026-09-26T16:03:45Z  WARNING  thresholds fetch failed: timed out
2026-09-26T16:03:45Z  WARNING  stats fetch failed: timed out
2026-09-26T16:03:50Z  WARNING  thresholds fetch failed: timed out
2026-09-26T16:03:50Z  WARNING  stats fetch failed: timed out
2026-09-26T16:03:55Z  WARNING  thresholds fetch failed: timed out
2026-09-26T16:03:55Z  WARNING  stats fetch failed: timed out
2026-09-26T16:04:00Z  WARNING  thresholds fetch failed: timed out
2026-09-26T16:04:00Z  WARNING  stats fetch failed: timed out
2026-09-26T16:04:05Z  WARNING  thresholds fetch failed: timed out
2026-09-26T16:04:05Z  WARNING  stats fetch failed: timed out
2026-09-26T16:04:10Z  WARNING  thresholds fetch failed: timed out
2026-09-26T16:04:10Z  WARNING  stats fetch failed: timed out
2026-09-26T16:04:15Z  WARNING  thresholds fetch failed: timed out
2026-09-26T16:04:15Z  WARNING  stats fetch failed: timed out
2026-09-26T16:04:20Z  WARNING  thresholds fetch failed: timed out
2026-09-26T16:04:20Z  WARNING  stats fetch failed: timed out
2026-09-26T16:04:25Z  WARNING  thresholds fetch failed: timed out
2026-09-26T16:04:25Z  WARNING  stats fetch failed: timed out
2026-09-26T16:04:30Z  WARNING  thresholds fetch failed: timed out
2026-09-26T16:04:30Z  WARNING  stats fetch failed: timed out
2026-09-26T16:04:35Z  WARNING  thresholds fetch failed: timed out
2026-09-26T16:04:35Z  WARNING  stats fetch failed: timed out
2026-09-26T16:04:40Z  WARNING  thresholds fetch failed: timed out
2026-09-26T16:04:40Z  WARNING  stats fetch failed: timed out
2026-09-26T16:04:45Z  WARNING  thresholds fetch failed: timed out
2026-09-26T16:04:45Z  WARNING  stats fetch failed: timed out
2026-09-26T16:04:50Z  WARNING  thresholds fetch failed: timed out
2026-09-26T16:04:50Z  WARNING  stats fetch failed: timed out
2026-09-26T16:04:55Z  WARNING  thresholds fetch failed: timed out
2026-09-26T16:04:55Z  WARNING  stats fetch failed: timed out
2026-09-26T16:05:00Z  WARNING  thresholds fetch failed: timed out
2026-09-26T16:05:00Z  WARNING  stats fetch failed: <urlopen error timed out>
2026-09-26T16:05:05Z  WARNING  thresholds fetch failed: timed out
2026-09-26T16:05:05Z  WARNING  stats fetch failed: timed out
2026-09-26T16:05:10Z  WARNING  thresholds fetch failed: timed out
2026-09-26T16:05:10Z  WARNING  stats fetch failed: timed out
2026-09-26T16:05:15Z  WARNING  thresholds fetch failed: timed out
2026-09-26T16:05:15Z  WARNING  stats fetch failed: timed out
2026-09-26T16:05:20Z  WARNING  thresholds fetch failed: timed out
2026-09-26T16:05:20Z  WARNING  stats fetch failed: timed out
2026-09-26T16:05:25Z  WARNING  thresholds fetch failed: timed out
2026-09-26T16:05:25Z  WARNING  stats fetch failed: timed out
2026-09-26T16:05:30Z  WARNING  thresholds fetch failed: timed out
2026-09-26T16:05:30Z  WARNING  stats fetch failed: timed out
2026-09-26T16:05:35Z  WARNING  thresholds fetch failed: timed out
2026-09-26T16:05:35Z  WARNING  stats fetch failed: timed out
2026-09-26T16:05:40Z  WARNING  thresholds fetch failed: timed out
2026-09-26T16:05:40Z  WARNING  stats fetch failed: timed out
2026-09-26T16:05:45Z  WARNING  thresholds fetch failed: timed out
2026-09-26T16:05:45Z  WARNING  stats fetch failed: timed out
2026-09-26T16:05:50Z  WARNING  thresholds fetch failed: timed out
2026-09-26T16:05:50Z  WARNING  stats fetch failed: timed out
2026-09-26T16:05:55Z  WARNING  thresholds fetch failed: timed out
2026-09-26T16:05:55Z  WARNING  stats fetch failed: timed out
2026-09-26T16:06:00Z  WARNING  thresholds fetch failed: timed out
2026-09-26T16:06:00Z  WARNING  stats fetch failed: timed out
2026-09-26T16:06:05Z  WARNING  thresholds fetch failed: timed out
2026-09-26T16:06:05Z  WARNING  stats fetch failed: timed out
2026-09-26T16:06:10Z  WARNING  thresholds fetch failed: timed out
2026-09-26T16:06:10Z  WARNING  stats fetch failed: timed out
2026-09-26T16:06:15Z  WARNING  thresholds fetch failed: timed out
2026-09-26T16:06:15Z  WARNING  stats fetch failed: timed out
2026-09-26T16:06:20Z  WARNING  thresholds fetch failed: timed out
2026-09-26T16:06:20Z  WARNING  stats fetch failed: timed out
2026-09-26T16:06:25Z  WARNING  thresholds fetch failed: timed out
2026-09-26T16:06:25Z  WARNING  stats fetch failed: timed out
2026-09-26T16:06:30Z  WARNING  thresholds fetch failed: timed out
2026-09-26T16:06:30Z  WARNING  stats fetch failed: timed out
2026-09-26T16:06:35Z  WARNING  thresholds fetch failed: timed out
2026-09-26T16:06:35Z  WARNING  stats fetch failed: timed out
2026-09-26T16:06:40Z  WARNING  thresholds fetch failed: timed out
2026-09-26T16:06:40Z  WARNING  stats fetch failed: <urlopen error timed out>
2026-09-26T16:06:45Z  WARNING  thresholds fetch failed: timed out
2026-09-26T16:06:45Z  WARNING  stats fetch failed: timed out
2026-09-26T16:06:50Z  WARNING  thresholds fetch failed: timed out
2026-09-26T16:06:50Z  WARNING  stats fetch failed: timed out
2026-09-26T16:06:55Z  WARNING  thresholds fetch failed: timed out
2026-09-26T16:06:55Z  WARNING  stats fetch failed: timed out
2026-09-26T16:07:00Z  WARNING  thresholds fetch failed: timed out
2026-09-26T16:07:00Z  WARNING  stats fetch failed: timed out
2026-09-26T16:07:05Z  WARNING  thresholds fetch failed: timed out
2026-09-26T16:07:05Z  WARNING  stats fetch failed: timed out
2026-09-26T16:07:10Z  WARNING  thresholds fetch failed: timed out
2026-09-26T16:07:10Z  WARNING  stats fetch failed: timed out
2026-09-26T16:07:16Z  SHUTDOWN  signal=15
2026-09-26T16:07:17Z  EXIT
