2026-10-04T13:33:49Z  START  poll_interval=1s layer_a_poll_interval=5s
2026-10-04T13:43:20Z  WARNING  thresholds fetch failed: timed out
2026-10-04T13:43:20Z  WARNING  stats fetch failed: timed out
2026-10-04T13:43:25Z  WARNING  thresholds fetch failed: timed out
2026-10-04T13:43:25Z  WARNING  stats fetch failed: timed out
2026-10-04T13:43:30Z  WARNING  thresholds fetch failed: timed out
2026-10-04T13:43:30Z  WARNING  stats fetch failed: timed out
2026-10-04T13:43:35Z  WARNING  thresholds fetch failed: timed out
2026-10-04T13:43:35Z  WARNING  stats fetch failed: timed out
2026-10-04T13:43:40Z  WARNING  thresholds fetch failed: timed out
2026-10-04T13:43:40Z  WARNING  stats fetch failed: timed out
2026-10-04T13:43:45Z  WARNING  thresholds fetch failed: timed out
2026-10-04T13:43:45Z  WARNING  stats fetch failed: timed out
2026-10-04T13:43:50Z  WARNING  thresholds fetch failed: timed out
2026-10-04T13:43:50Z  WARNING  stats fetch failed: timed out
2026-10-04T13:43:55Z  WARNING  thresholds fetch failed: timed out
2026-10-04T13:43:55Z  WARNING  stats fetch failed: timed out
2026-10-04T13:44:00Z  WARNING  thresholds fetch failed: timed out
2026-10-04T13:44:00Z  WARNING  stats fetch failed: timed out
2026-10-04T13:44:05Z  WARNING  thresholds fetch failed: timed out
2026-10-04T13:44:05Z  WARNING  stats fetch failed: timed out
2026-10-04T13:44:10Z  WARNING  thresholds fetch failed: timed out
2026-10-04T13:44:10Z  WARNING  stats fetch failed: timed out
2026-10-04T13:44:15Z  WARNING  thresholds fetch failed: timed out
2026-10-04T13:44:15Z  WARNING  stats fetch failed: timed out
2026-10-04T13:44:20Z  WARNING  thresholds fetch failed: timed out
2026-10-04T13:44:20Z  WARNING  stats fetch failed: timed out
2026-10-04T13:44:25Z  WARNING  thresholds fetch failed: timed out
2026-10-04T13:44:25Z  WARNING  stats fetch failed: timed out
2026-10-04T13:44:28Z  SHUTDOWN  signal=15
2026-10-04T13:44:29Z  EXIT
