2026-10-04T15:23:17Z  START  poll_interval=1s layer_a_poll_interval=5s
2026-10-04T15:24:45Z  WARNING  thresholds fetch failed: timed out
2026-10-04T15:24:45Z  WARNING  stats fetch failed: timed out
2026-10-04T15:24:50Z  WARNING  thresholds fetch failed: timed out
2026-10-04T15:24:50Z  WARNING  stats fetch failed: timed out
2026-10-04T15:24:55Z  WARNING  thresholds fetch failed: timed out
2026-10-04T15:24:55Z  WARNING  stats fetch failed: timed out
2026-10-04T15:25:00Z  WARNING  thresholds fetch failed: timed out
2026-10-04T15:25:00Z  WARNING  stats fetch failed: timed out
2026-10-04T15:25:05Z  WARNING  thresholds fetch failed: timed out
2026-10-04T15:25:05Z  WARNING  stats fetch failed: timed out
2026-10-04T15:25:10Z  WARNING  thresholds fetch failed: timed out
2026-10-04T15:25:10Z  WARNING  stats fetch failed: timed out
2026-10-04T15:25:15Z  WARNING  thresholds fetch failed: timed out
2026-10-04T15:25:15Z  WARNING  stats fetch failed: timed out
2026-10-04T15:25:20Z  WARNING  thresholds fetch failed: timed out
2026-10-04T15:25:20Z  WARNING  stats fetch failed: timed out
2026-10-04T15:25:25Z  WARNING  thresholds fetch failed: timed out
2026-10-04T15:25:25Z  WARNING  stats fetch failed: timed out
2026-10-04T15:25:30Z  WARNING  thresholds fetch failed: timed out
2026-10-04T15:25:30Z  WARNING  stats fetch failed: timed out
2026-10-04T15:25:35Z  WARNING  thresholds fetch failed: timed out
2026-10-04T15:25:35Z  WARNING  stats fetch failed: timed out
2026-10-04T15:25:40Z  WARNING  thresholds fetch failed: timed out
2026-10-04T15:25:40Z  WARNING  stats fetch failed: timed out
2026-10-04T15:25:45Z  WARNING  thresholds fetch failed: timed out
2026-10-04T15:25:45Z  WARNING  stats fetch failed: timed out
2026-10-04T15:25:50Z  WARNING  thresholds fetch failed: timed out
2026-10-04T15:25:50Z  WARNING  stats fetch failed: timed out
2026-10-04T15:25:55Z  WARNING  thresholds fetch failed: timed out
2026-10-04T15:25:55Z  WARNING  stats fetch failed: timed out
2026-10-04T15:26:00Z  WARNING  thresholds fetch failed: timed out
2026-10-04T15:26:00Z  WARNING  stats fetch failed: timed out
2026-10-04T15:26:05Z  WARNING  thresholds fetch failed: timed out
2026-10-04T15:26:05Z  WARNING  stats fetch failed: timed out
2026-10-04T15:26:10Z  WARNING  thresholds fetch failed: timed out
2026-10-04T15:26:10Z  WARNING  stats fetch failed: timed out
2026-10-04T15:26:15Z  WARNING  thresholds fetch failed: timed out
2026-10-04T15:26:15Z  WARNING  stats fetch failed: timed out
2026-10-04T15:26:20Z  WARNING  thresholds fetch failed: timed out
2026-10-04T15:26:20Z  WARNING  stats fetch failed: timed out
2026-10-04T15:26:25Z  WARNING  thresholds fetch failed: timed out
2026-10-04T15:26:25Z  WARNING  stats fetch failed: timed out
2026-10-04T15:26:30Z  WARNING  thresholds fetch failed: timed out
2026-10-04T15:26:30Z  WARNING  stats fetch failed: timed out
2026-10-04T15:26:35Z  WARNING  thresholds fetch failed: timed out
2026-10-04T15:26:35Z  WARNING  stats fetch failed: timed out
2026-10-04T15:26:40Z  WARNING  thresholds fetch failed: timed out
2026-10-04T15:26:40Z  WARNING  stats fetch failed: timed out
2026-10-04T15:26:45Z  WARNING  thresholds fetch failed: timed out
2026-10-04T15:26:45Z  WARNING  stats fetch failed: timed out
2026-10-04T15:26:50Z  WARNING  thresholds fetch failed: timed out
2026-10-04T15:26:50Z  WARNING  stats fetch failed: timed out
2026-10-04T15:26:55Z  WARNING  thresholds fetch failed: timed out
2026-10-04T15:26:55Z  WARNING  stats fetch failed: timed out
2026-10-04T15:27:00Z  WARNING  thresholds fetch failed: timed out
2026-10-04T15:27:00Z  WARNING  stats fetch failed: timed out
2026-10-04T15:27:05Z  WARNING  thresholds fetch failed: timed out
2026-10-04T15:27:05Z  WARNING  stats fetch failed: timed out
2026-10-04T15:27:10Z  WARNING  thresholds fetch failed: timed out
2026-10-04T15:27:10Z  WARNING  stats fetch failed: timed out
2026-10-04T15:27:15Z  WARNING  thresholds fetch failed: timed out
2026-10-04T15:27:15Z  WARNING  stats fetch failed: timed out
2026-10-04T15:27:20Z  WARNING  thresholds fetch failed: timed out
2026-10-04T15:27:20Z  WARNING  stats fetch failed: timed out
2026-10-04T15:27:25Z  WARNING  thresholds fetch failed: timed out
2026-10-04T15:27:25Z  WARNING  stats fetch failed: timed out
2026-10-04T15:27:30Z  WARNING  thresholds fetch failed: timed out
2026-10-04T15:27:30Z  WARNING  stats fetch failed: timed out
2026-10-04T15:27:35Z  WARNING  thresholds fetch failed: timed out
2026-10-04T15:27:35Z  WARNING  stats fetch failed: timed out
2026-10-04T15:27:40Z  WARNING  thresholds fetch failed: timed out
2026-10-04T15:27:40Z  WARNING  stats fetch failed: timed out
2026-10-04T15:27:45Z  WARNING  thresholds fetch failed: timed out
2026-10-04T15:27:45Z  WARNING  stats fetch failed: timed out
2026-10-04T15:27:50Z  WARNING  thresholds fetch failed: timed out
2026-10-04T15:27:50Z  WARNING  stats fetch failed: timed out
2026-10-04T15:27:55Z  WARNING  thresholds fetch failed: timed out
2026-10-04T15:27:55Z  WARNING  stats fetch failed: timed out
2026-10-04T15:28:00Z  WARNING  thresholds fetch failed: timed out
2026-10-04T15:28:00Z  WARNING  stats fetch failed: timed out
2026-10-04T15:28:05Z  WARNING  thresholds fetch failed: timed out
2026-10-04T15:28:05Z  WARNING  stats fetch failed: timed out
2026-10-04T15:28:10Z  WARNING  thresholds fetch failed: timed out
2026-10-04T15:28:10Z  WARNING  stats fetch failed: timed out
2026-10-04T15:28:15Z  WARNING  thresholds fetch failed: timed out
2026-10-04T15:28:15Z  WARNING  stats fetch failed: timed out
2026-10-04T15:28:20Z  WARNING  thresholds fetch failed: timed out
2026-10-04T15:28:20Z  WARNING  stats fetch failed: timed out
2026-10-04T15:28:25Z  WARNING  thresholds fetch failed: timed out
2026-10-04T15:28:25Z  WARNING  stats fetch failed: timed out
2026-10-04T15:28:30Z  WARNING  thresholds fetch failed: timed out
2026-10-04T15:28:30Z  WARNING  stats fetch failed: timed out
2026-10-04T15:28:35Z  WARNING  thresholds fetch failed: timed out
2026-10-04T15:28:35Z  WARNING  stats fetch failed: timed out
2026-10-04T15:28:40Z  WARNING  thresholds fetch failed: timed out
2026-10-04T15:28:40Z  WARNING  stats fetch failed: timed out
2026-10-04T15:28:45Z  WARNING  thresholds fetch failed: timed out
2026-10-04T15:28:45Z  WARNING  stats fetch failed: timed out
2026-10-04T15:28:50Z  WARNING  thresholds fetch failed: timed out
2026-10-04T15:28:50Z  WARNING  stats fetch failed: timed out
2026-10-04T15:28:55Z  WARNING  thresholds fetch failed: timed out
2026-10-04T15:28:55Z  WARNING  stats fetch failed: timed out
2026-10-04T15:29:00Z  WARNING  thresholds fetch failed: timed out
2026-10-04T15:29:00Z  WARNING  stats fetch failed: timed out
2026-10-04T15:29:05Z  WARNING  thresholds fetch failed: timed out
2026-10-04T15:29:05Z  WARNING  stats fetch failed: timed out
2026-10-04T15:29:10Z  WARNING  thresholds fetch failed: timed out
2026-10-04T15:29:10Z  WARNING  stats fetch failed: timed out
2026-10-04T15:29:15Z  WARNING  thresholds fetch failed: timed out
2026-10-04T15:29:15Z  WARNING  stats fetch failed: timed out
2026-10-04T15:29:20Z  WARNING  thresholds fetch failed: timed out
2026-10-04T15:29:20Z  WARNING  stats fetch failed: timed out
2026-10-04T15:29:25Z  WARNING  thresholds fetch failed: timed out
2026-10-04T15:29:25Z  WARNING  stats fetch failed: timed out
2026-10-04T15:29:30Z  WARNING  thresholds fetch failed: timed out
2026-10-04T15:29:30Z  WARNING  stats fetch failed: timed out
2026-10-04T15:29:35Z  WARNING  thresholds fetch failed: timed out
2026-10-04T15:29:35Z  WARNING  stats fetch failed: timed out
2026-10-04T15:29:40Z  WARNING  thresholds fetch failed: timed out
2026-10-04T15:29:40Z  WARNING  stats fetch failed: timed out
2026-10-04T15:29:45Z  WARNING  thresholds fetch failed: timed out
2026-10-04T15:29:45Z  WARNING  stats fetch failed: timed out
2026-10-04T15:29:50Z  WARNING  thresholds fetch failed: timed out
2026-10-04T15:29:50Z  WARNING  stats fetch failed: timed out
2026-10-04T15:29:55Z  WARNING  thresholds fetch failed: timed out
2026-10-04T15:29:55Z  WARNING  stats fetch failed: timed out
2026-10-04T15:30:00Z  WARNING  thresholds fetch failed: timed out
2026-10-04T15:30:00Z  WARNING  stats fetch failed: timed out
2026-10-04T15:30:05Z  WARNING  thresholds fetch failed: timed out
2026-10-04T15:30:05Z  WARNING  stats fetch failed: timed out
2026-10-04T15:30:10Z  WARNING  thresholds fetch failed: timed out
2026-10-04T15:30:10Z  WARNING  stats fetch failed: timed out
2026-10-04T15:30:15Z  WARNING  thresholds fetch failed: timed out
2026-10-04T15:30:15Z  WARNING  stats fetch failed: timed out
2026-10-04T15:30:20Z  WARNING  thresholds fetch failed: timed out
2026-10-04T15:30:20Z  WARNING  stats fetch failed: timed out
2026-10-04T15:30:25Z  WARNING  thresholds fetch failed: timed out
2026-10-04T15:30:25Z  WARNING  stats fetch failed: timed out
2026-10-04T15:30:30Z  WARNING  thresholds fetch failed: timed out
2026-10-04T15:30:30Z  WARNING  stats fetch failed: timed out
2026-10-04T15:30:35Z  WARNING  thresholds fetch failed: timed out
2026-10-04T15:30:35Z  WARNING  stats fetch failed: timed out
2026-10-04T15:30:40Z  WARNING  thresholds fetch failed: timed out
2026-10-04T15:30:40Z  WARNING  stats fetch failed: timed out
2026-10-04T15:30:45Z  WARNING  thresholds fetch failed: timed out
2026-10-04T15:30:45Z  WARNING  stats fetch failed: timed out
2026-10-04T15:30:50Z  WARNING  thresholds fetch failed: timed out
2026-10-04T15:30:50Z  WARNING  stats fetch failed: timed out
2026-10-04T15:30:55Z  WARNING  thresholds fetch failed: timed out
2026-10-04T15:30:55Z  WARNING  stats fetch failed: timed out
2026-10-04T15:31:00Z  WARNING  thresholds fetch failed: timed out
2026-10-04T15:31:00Z  WARNING  stats fetch failed: timed out
2026-10-04T15:31:05Z  WARNING  thresholds fetch failed: timed out
2026-10-04T15:31:05Z  WARNING  stats fetch failed: timed out
2026-10-04T15:31:10Z  WARNING  thresholds fetch failed: timed out
2026-10-04T15:31:10Z  WARNING  stats fetch failed: timed out
2026-10-04T15:31:15Z  WARNING  thresholds fetch failed: timed out
2026-10-04T15:31:15Z  WARNING  stats fetch failed: timed out
2026-10-04T15:31:20Z  WARNING  thresholds fetch failed: timed out
2026-10-04T15:31:20Z  WARNING  stats fetch failed: timed out
2026-10-04T15:31:25Z  WARNING  thresholds fetch failed: timed out
2026-10-04T15:31:25Z  WARNING  stats fetch failed: timed out
2026-10-04T15:31:30Z  WARNING  thresholds fetch failed: <urlopen error timed out>
2026-10-04T15:31:30Z  WARNING  stats fetch failed: <urlopen error timed out>
2026-10-04T15:31:35Z  WARNING  thresholds fetch failed: timed out
2026-10-04T15:31:35Z  WARNING  stats fetch failed: timed out
2026-10-04T15:31:40Z  WARNING  thresholds fetch failed: timed out
2026-10-04T15:31:40Z  WARNING  stats fetch failed: timed out
2026-10-04T15:31:45Z  WARNING  thresholds fetch failed: timed out
2026-10-04T15:31:45Z  WARNING  stats fetch failed: timed out
2026-10-04T15:31:50Z  WARNING  thresholds fetch failed: timed out
2026-10-04T15:31:50Z  WARNING  stats fetch failed: timed out
2026-10-04T15:31:55Z  WARNING  thresholds fetch failed: timed out
2026-10-04T15:31:55Z  WARNING  stats fetch failed: timed out
2026-10-04T15:32:00Z  WARNING  thresholds fetch failed: timed out
2026-10-04T15:32:00Z  WARNING  stats fetch failed: timed out
2026-10-04T15:32:05Z  WARNING  thresholds fetch failed: timed out
2026-10-04T15:32:05Z  WARNING  stats fetch failed: timed out
2026-10-04T15:32:10Z  WARNING  thresholds fetch failed: timed out
2026-10-04T15:32:10Z  WARNING  stats fetch failed: timed out
2026-10-04T15:32:15Z  WARNING  thresholds fetch failed: timed out
2026-10-04T15:32:15Z  WARNING  stats fetch failed: timed out
2026-10-04T15:32:20Z  WARNING  thresholds fetch failed: timed out
2026-10-04T15:32:20Z  WARNING  stats fetch failed: timed out
2026-10-04T15:32:25Z  WARNING  thresholds fetch failed: timed out
2026-10-04T15:32:25Z  WARNING  stats fetch failed: timed out
2026-10-04T15:32:30Z  WARNING  thresholds fetch failed: timed out
2026-10-04T15:32:30Z  WARNING  stats fetch failed: timed out
2026-10-04T15:32:35Z  WARNING  thresholds fetch failed: timed out
2026-10-04T15:32:35Z  WARNING  stats fetch failed: timed out
2026-10-04T15:32:40Z  WARNING  thresholds fetch failed: timed out
2026-10-04T15:32:40Z  WARNING  stats fetch failed: <urlopen error timed out>
2026-10-04T15:32:45Z  WARNING  thresholds fetch failed: timed out
2026-10-04T15:32:45Z  WARNING  stats fetch failed: timed out
2026-10-04T15:32:50Z  WARNING  thresholds fetch failed: timed out
2026-10-04T15:32:50Z  WARNING  stats fetch failed: timed out
2026-10-04T15:32:55Z  WARNING  thresholds fetch failed: timed out
2026-10-04T15:32:55Z  WARNING  stats fetch failed: timed out
2026-10-04T15:33:00Z  WARNING  thresholds fetch failed: timed out
2026-10-04T15:33:00Z  WARNING  stats fetch failed: timed out
2026-10-04T15:33:05Z  WARNING  thresholds fetch failed: timed out
2026-10-04T15:33:05Z  WARNING  stats fetch failed: timed out
2026-10-04T15:33:10Z  WARNING  thresholds fetch failed: timed out
2026-10-04T15:33:10Z  WARNING  stats fetch failed: timed out
2026-10-04T15:33:15Z  WARNING  thresholds fetch failed: timed out
2026-10-04T15:33:15Z  WARNING  stats fetch failed: timed out
2026-10-04T15:33:20Z  WARNING  thresholds fetch failed: timed out
2026-10-04T15:33:20Z  WARNING  stats fetch failed: timed out
2026-10-04T15:33:25Z  WARNING  thresholds fetch failed: timed out
2026-10-04T15:33:25Z  WARNING  stats fetch failed: timed out
2026-10-04T15:33:30Z  WARNING  thresholds fetch failed: timed out
2026-10-04T15:33:30Z  WARNING  stats fetch failed: timed out
2026-10-04T15:33:35Z  WARNING  thresholds fetch failed: timed out
2026-10-04T15:33:35Z  WARNING  stats fetch failed: timed out
2026-10-04T15:33:40Z  WARNING  thresholds fetch failed: timed out
2026-10-04T15:33:40Z  WARNING  stats fetch failed: timed out
2026-10-04T15:33:45Z  WARNING  thresholds fetch failed: timed out
2026-10-04T15:33:45Z  WARNING  stats fetch failed: timed out
2026-10-04T15:33:50Z  WARNING  thresholds fetch failed: timed out
2026-10-04T15:33:50Z  WARNING  stats fetch failed: timed out
2026-10-04T15:33:56Z  SHUTDOWN  signal=15
2026-10-04T15:33:57Z  EXIT
