2026-10-06T06:19:08Z  START  poll_interval=1s layer_a_poll_interval=5s
2026-10-06T06:20:25Z  WARNING  thresholds fetch failed: timed out
2026-10-06T06:20:25Z  WARNING  stats fetch failed: timed out
2026-10-06T06:20:30Z  WARNING  thresholds fetch failed: timed out
2026-10-06T06:20:30Z  WARNING  stats fetch failed: timed out
2026-10-06T06:20:35Z  WARNING  thresholds fetch failed: timed out
2026-10-06T06:20:35Z  WARNING  stats fetch failed: timed out
2026-10-06T06:20:40Z  WARNING  thresholds fetch failed: timed out
2026-10-06T06:20:40Z  WARNING  stats fetch failed: timed out
2026-10-06T06:20:45Z  WARNING  thresholds fetch failed: timed out
2026-10-06T06:20:45Z  WARNING  stats fetch failed: timed out
2026-10-06T06:20:50Z  WARNING  thresholds fetch failed: timed out
2026-10-06T06:20:50Z  WARNING  stats fetch failed: timed out
2026-10-06T06:20:55Z  WARNING  thresholds fetch failed: timed out
2026-10-06T06:20:55Z  WARNING  stats fetch failed: timed out
2026-10-06T06:21:00Z  WARNING  thresholds fetch failed: timed out
2026-10-06T06:21:00Z  WARNING  stats fetch failed: timed out
2026-10-06T06:21:05Z  WARNING  thresholds fetch failed: timed out
2026-10-06T06:21:05Z  WARNING  stats fetch failed: timed out
2026-10-06T06:21:10Z  WARNING  thresholds fetch failed: timed out
2026-10-06T06:21:10Z  WARNING  stats fetch failed: timed out
2026-10-06T06:21:15Z  WARNING  thresholds fetch failed: timed out
2026-10-06T06:21:15Z  WARNING  stats fetch failed: timed out
2026-10-06T06:21:20Z  WARNING  thresholds fetch failed: timed out
2026-10-06T06:21:20Z  WARNING  stats fetch failed: timed out
2026-10-06T06:21:25Z  WARNING  thresholds fetch failed: timed out
2026-10-06T06:21:25Z  WARNING  stats fetch failed: timed out
2026-10-06T06:21:30Z  WARNING  thresholds fetch failed: timed out
2026-10-06T06:21:30Z  WARNING  stats fetch failed: timed out
2026-10-06T06:21:35Z  WARNING  thresholds fetch failed: timed out
2026-10-06T06:21:35Z  WARNING  stats fetch failed: timed out
2026-10-06T06:21:40Z  WARNING  thresholds fetch failed: timed out
2026-10-06T06:21:40Z  WARNING  stats fetch failed: timed out
2026-10-06T06:21:45Z  WARNING  thresholds fetch failed: timed out
2026-10-06T06:21:45Z  WARNING  stats fetch failed: timed out
2026-10-06T06:21:50Z  WARNING  thresholds fetch failed: timed out
2026-10-06T06:21:50Z  WARNING  stats fetch failed: timed out
2026-10-06T06:21:55Z  WARNING  thresholds fetch failed: timed out
2026-10-06T06:21:55Z  WARNING  stats fetch failed: timed out
2026-10-06T06:22:00Z  WARNING  thresholds fetch failed: timed out
2026-10-06T06:22:00Z  WARNING  stats fetch failed: timed out
2026-10-06T06:22:05Z  WARNING  thresholds fetch failed: timed out
2026-10-06T06:22:05Z  WARNING  stats fetch failed: timed out
2026-10-06T06:22:10Z  WARNING  thresholds fetch failed: timed out
2026-10-06T06:22:10Z  WARNING  stats fetch failed: timed out
2026-10-06T06:22:15Z  WARNING  thresholds fetch failed: timed out
2026-10-06T06:22:15Z  WARNING  stats fetch failed: timed out
2026-10-06T06:22:20Z  WARNING  thresholds fetch failed: timed out
2026-10-06T06:22:20Z  WARNING  stats fetch failed: timed out
2026-10-06T06:22:25Z  WARNING  thresholds fetch failed: timed out
2026-10-06T06:22:25Z  WARNING  stats fetch failed: timed out
2026-10-06T06:22:30Z  WARNING  thresholds fetch failed: timed out
2026-10-06T06:22:30Z  WARNING  stats fetch failed: timed out
2026-10-06T06:22:35Z  WARNING  thresholds fetch failed: timed out
2026-10-06T06:22:35Z  WARNING  stats fetch failed: timed out
2026-10-06T06:22:40Z  WARNING  thresholds fetch failed: timed out
2026-10-06T06:22:40Z  WARNING  stats fetch failed: timed out
2026-10-06T06:22:45Z  WARNING  thresholds fetch failed: timed out
2026-10-06T06:22:45Z  WARNING  stats fetch failed: timed out
2026-10-06T06:22:50Z  WARNING  thresholds fetch failed: timed out
2026-10-06T06:22:50Z  WARNING  stats fetch failed: timed out
2026-10-06T06:22:55Z  WARNING  thresholds fetch failed: timed out
2026-10-06T06:22:55Z  WARNING  stats fetch failed: timed out
2026-10-06T06:23:00Z  WARNING  thresholds fetch failed: timed out
2026-10-06T06:23:00Z  WARNING  stats fetch failed: timed out
2026-10-06T06:23:05Z  WARNING  thresholds fetch failed: timed out
2026-10-06T06:23:05Z  WARNING  stats fetch failed: timed out
2026-10-06T06:23:10Z  WARNING  thresholds fetch failed: timed out
2026-10-06T06:23:10Z  WARNING  stats fetch failed: timed out
2026-10-06T06:23:15Z  WARNING  thresholds fetch failed: timed out
2026-10-06T06:23:15Z  WARNING  stats fetch failed: timed out
2026-10-06T06:23:20Z  WARNING  thresholds fetch failed: timed out
2026-10-06T06:23:20Z  WARNING  stats fetch failed: timed out
2026-10-06T06:23:25Z  WARNING  thresholds fetch failed: timed out
2026-10-06T06:23:25Z  WARNING  stats fetch failed: timed out
2026-10-06T06:23:30Z  WARNING  thresholds fetch failed: timed out
2026-10-06T06:23:30Z  WARNING  stats fetch failed: timed out
2026-10-06T06:23:35Z  WARNING  thresholds fetch failed: timed out
2026-10-06T06:23:35Z  WARNING  stats fetch failed: timed out
2026-10-06T06:23:40Z  WARNING  thresholds fetch failed: timed out
2026-10-06T06:23:40Z  WARNING  stats fetch failed: timed out
2026-10-06T06:23:45Z  WARNING  thresholds fetch failed: timed out
2026-10-06T06:23:45Z  WARNING  stats fetch failed: timed out
2026-10-06T06:23:50Z  WARNING  thresholds fetch failed: timed out
2026-10-06T06:23:50Z  WARNING  stats fetch failed: timed out
2026-10-06T06:23:55Z  WARNING  thresholds fetch failed: timed out
2026-10-06T06:23:55Z  WARNING  stats fetch failed: timed out
2026-10-06T06:24:00Z  WARNING  thresholds fetch failed: timed out
2026-10-06T06:24:00Z  WARNING  stats fetch failed: timed out
2026-10-06T06:24:05Z  WARNING  thresholds fetch failed: timed out
2026-10-06T06:24:05Z  WARNING  stats fetch failed: timed out
2026-10-06T06:24:10Z  WARNING  thresholds fetch failed: timed out
2026-10-06T06:24:10Z  WARNING  stats fetch failed: timed out
2026-10-06T06:24:15Z  WARNING  thresholds fetch failed: timed out
2026-10-06T06:24:15Z  WARNING  stats fetch failed: timed out
2026-10-06T06:24:20Z  WARNING  thresholds fetch failed: timed out
2026-10-06T06:24:20Z  WARNING  stats fetch failed: timed out
2026-10-06T06:24:25Z  WARNING  thresholds fetch failed: timed out
2026-10-06T06:24:25Z  WARNING  stats fetch failed: timed out
2026-10-06T06:24:30Z  WARNING  thresholds fetch failed: timed out
2026-10-06T06:24:30Z  WARNING  stats fetch failed: timed out
2026-10-06T06:24:35Z  WARNING  thresholds fetch failed: timed out
2026-10-06T06:24:35Z  WARNING  stats fetch failed: timed out
2026-10-06T06:24:40Z  WARNING  thresholds fetch failed: timed out
2026-10-06T06:24:40Z  WARNING  stats fetch failed: timed out
2026-10-06T06:24:45Z  WARNING  thresholds fetch failed: timed out
2026-10-06T06:24:45Z  WARNING  stats fetch failed: timed out
2026-10-06T06:24:50Z  WARNING  thresholds fetch failed: timed out
2026-10-06T06:24:50Z  WARNING  stats fetch failed: timed out
2026-10-06T06:24:55Z  WARNING  thresholds fetch failed: timed out
2026-10-06T06:24:55Z  WARNING  stats fetch failed: timed out
2026-10-06T06:25:00Z  WARNING  thresholds fetch failed: timed out
2026-10-06T06:25:00Z  WARNING  stats fetch failed: timed out
2026-10-06T06:25:05Z  WARNING  thresholds fetch failed: timed out
2026-10-06T06:25:05Z  WARNING  stats fetch failed: timed out
2026-10-06T06:25:10Z  WARNING  thresholds fetch failed: timed out
2026-10-06T06:25:10Z  WARNING  stats fetch failed: timed out
2026-10-06T06:25:15Z  WARNING  thresholds fetch failed: timed out
2026-10-06T06:25:15Z  WARNING  stats fetch failed: timed out
2026-10-06T06:25:20Z  WARNING  thresholds fetch failed: timed out
2026-10-06T06:25:20Z  WARNING  stats fetch failed: timed out
2026-10-06T06:25:25Z  WARNING  thresholds fetch failed: timed out
2026-10-06T06:25:25Z  WARNING  stats fetch failed: timed out
2026-10-06T06:25:30Z  WARNING  thresholds fetch failed: timed out
2026-10-06T06:25:30Z  WARNING  stats fetch failed: timed out
2026-10-06T06:25:35Z  WARNING  thresholds fetch failed: timed out
2026-10-06T06:25:35Z  WARNING  stats fetch failed: timed out
2026-10-06T06:25:40Z  WARNING  thresholds fetch failed: timed out
2026-10-06T06:25:40Z  WARNING  stats fetch failed: timed out
2026-10-06T06:25:45Z  WARNING  thresholds fetch failed: timed out
2026-10-06T06:25:45Z  WARNING  stats fetch failed: timed out
2026-10-06T06:25:50Z  WARNING  thresholds fetch failed: timed out
2026-10-06T06:25:50Z  WARNING  stats fetch failed: timed out
2026-10-06T06:25:55Z  WARNING  thresholds fetch failed: timed out
2026-10-06T06:25:55Z  WARNING  stats fetch failed: timed out
2026-10-06T06:26:00Z  WARNING  thresholds fetch failed: timed out
2026-10-06T06:26:00Z  WARNING  stats fetch failed: timed out
2026-10-06T06:26:05Z  WARNING  thresholds fetch failed: timed out
2026-10-06T06:26:05Z  WARNING  stats fetch failed: timed out
2026-10-06T06:26:10Z  WARNING  thresholds fetch failed: timed out
2026-10-06T06:26:10Z  WARNING  stats fetch failed: timed out
2026-10-06T06:26:15Z  WARNING  thresholds fetch failed: timed out
2026-10-06T06:26:15Z  WARNING  stats fetch failed: timed out
2026-10-06T06:26:20Z  WARNING  thresholds fetch failed: timed out
2026-10-06T06:26:20Z  WARNING  stats fetch failed: timed out
2026-10-06T06:26:25Z  WARNING  thresholds fetch failed: timed out
2026-10-06T06:26:25Z  WARNING  stats fetch failed: timed out
2026-10-06T06:26:30Z  WARNING  thresholds fetch failed: timed out
2026-10-06T06:26:30Z  WARNING  stats fetch failed: timed out
2026-10-06T06:26:35Z  WARNING  thresholds fetch failed: timed out
2026-10-06T06:26:35Z  WARNING  stats fetch failed: timed out
2026-10-06T06:26:40Z  WARNING  thresholds fetch failed: timed out
2026-10-06T06:26:40Z  WARNING  stats fetch failed: timed out
2026-10-06T06:26:45Z  WARNING  thresholds fetch failed: timed out
2026-10-06T06:26:45Z  WARNING  stats fetch failed: timed out
2026-10-06T06:26:50Z  WARNING  thresholds fetch failed: timed out
2026-10-06T06:26:50Z  WARNING  stats fetch failed: timed out
2026-10-06T06:26:55Z  WARNING  thresholds fetch failed: timed out
2026-10-06T06:26:55Z  WARNING  stats fetch failed: timed out
2026-10-06T06:27:00Z  WARNING  thresholds fetch failed: timed out
2026-10-06T06:27:00Z  WARNING  stats fetch failed: timed out
2026-10-06T06:27:05Z  WARNING  thresholds fetch failed: timed out
2026-10-06T06:27:05Z  WARNING  stats fetch failed: timed out
2026-10-06T06:27:10Z  WARNING  thresholds fetch failed: timed out
2026-10-06T06:27:10Z  WARNING  stats fetch failed: <urlopen error timed out>
2026-10-06T06:27:15Z  WARNING  thresholds fetch failed: timed out
2026-10-06T06:27:15Z  WARNING  stats fetch failed: timed out
2026-10-06T06:27:20Z  WARNING  thresholds fetch failed: timed out
2026-10-06T06:27:20Z  WARNING  stats fetch failed: timed out
2026-10-06T06:27:25Z  WARNING  thresholds fetch failed: timed out
2026-10-06T06:27:25Z  WARNING  stats fetch failed: timed out
2026-10-06T06:27:30Z  WARNING  thresholds fetch failed: timed out
2026-10-06T06:27:30Z  WARNING  stats fetch failed: timed out
2026-10-06T06:27:35Z  WARNING  thresholds fetch failed: timed out
2026-10-06T06:27:35Z  WARNING  stats fetch failed: timed out
2026-10-06T06:27:40Z  WARNING  thresholds fetch failed: timed out
2026-10-06T06:27:40Z  WARNING  stats fetch failed: timed out
2026-10-06T06:27:45Z  WARNING  thresholds fetch failed: timed out
2026-10-06T06:27:45Z  WARNING  stats fetch failed: timed out
2026-10-06T06:27:50Z  WARNING  thresholds fetch failed: timed out
2026-10-06T06:27:50Z  WARNING  stats fetch failed: timed out
2026-10-06T06:27:55Z  WARNING  thresholds fetch failed: timed out
2026-10-06T06:27:55Z  WARNING  stats fetch failed: timed out
2026-10-06T06:28:00Z  WARNING  thresholds fetch failed: timed out
2026-10-06T06:28:00Z  WARNING  stats fetch failed: timed out
2026-10-06T06:28:05Z  WARNING  thresholds fetch failed: timed out
2026-10-06T06:28:05Z  WARNING  stats fetch failed: timed out
2026-10-06T06:28:10Z  WARNING  thresholds fetch failed: timed out
2026-10-06T06:28:10Z  WARNING  stats fetch failed: timed out
2026-10-06T06:28:15Z  WARNING  thresholds fetch failed: timed out
2026-10-06T06:28:15Z  WARNING  stats fetch failed: timed out
2026-10-06T06:28:20Z  WARNING  thresholds fetch failed: timed out
2026-10-06T06:28:20Z  WARNING  stats fetch failed: <urlopen error timed out>
2026-10-06T06:28:25Z  WARNING  thresholds fetch failed: timed out
2026-10-06T06:28:25Z  WARNING  stats fetch failed: timed out
2026-10-06T06:28:30Z  WARNING  thresholds fetch failed: timed out
2026-10-06T06:28:30Z  WARNING  stats fetch failed: timed out
2026-10-06T06:28:35Z  WARNING  thresholds fetch failed: timed out
2026-10-06T06:28:35Z  WARNING  stats fetch failed: timed out
2026-10-06T06:28:40Z  WARNING  thresholds fetch failed: timed out
2026-10-06T06:28:40Z  WARNING  stats fetch failed: timed out
2026-10-06T06:28:45Z  WARNING  thresholds fetch failed: timed out
2026-10-06T06:28:45Z  WARNING  stats fetch failed: timed out
2026-10-06T06:28:50Z  WARNING  thresholds fetch failed: timed out
2026-10-06T06:28:50Z  WARNING  stats fetch failed: timed out
2026-10-06T06:28:55Z  WARNING  thresholds fetch failed: timed out
2026-10-06T06:28:55Z  WARNING  stats fetch failed: timed out
2026-10-06T06:29:00Z  WARNING  thresholds fetch failed: timed out
2026-10-06T06:29:00Z  WARNING  stats fetch failed: timed out
2026-10-06T06:29:05Z  WARNING  thresholds fetch failed: timed out
2026-10-06T06:29:05Z  WARNING  stats fetch failed: timed out
2026-10-06T06:29:10Z  WARNING  thresholds fetch failed: timed out
2026-10-06T06:29:10Z  WARNING  stats fetch failed: timed out
2026-10-06T06:29:15Z  WARNING  thresholds fetch failed: timed out
2026-10-06T06:29:15Z  WARNING  stats fetch failed: timed out
2026-10-06T06:29:20Z  WARNING  thresholds fetch failed: timed out
2026-10-06T06:29:20Z  WARNING  stats fetch failed: timed out
2026-10-06T06:29:25Z  WARNING  thresholds fetch failed: timed out
2026-10-06T06:29:25Z  WARNING  stats fetch failed: timed out
2026-10-06T06:29:30Z  WARNING  thresholds fetch failed: timed out
2026-10-06T06:29:30Z  WARNING  stats fetch failed: timed out
2026-10-06T06:29:35Z  WARNING  thresholds fetch failed: timed out
2026-10-06T06:29:35Z  WARNING  stats fetch failed: timed out
2026-10-06T06:29:40Z  WARNING  thresholds fetch failed: timed out
2026-10-06T06:29:40Z  WARNING  stats fetch failed: timed out
2026-10-06T06:29:45Z  SHUTDOWN  signal=15
2026-10-06T06:29:46Z  EXIT
