2026-10-06T22:50:55Z  START  poll_interval=1s layer_a_poll_interval=5s
2026-10-06T22:55:40Z  WARNING  thresholds fetch failed: timed out
2026-10-06T22:55:40Z  WARNING  stats fetch failed: timed out
2026-10-06T22:55:45Z  WARNING  thresholds fetch failed: timed out
2026-10-06T22:55:45Z  WARNING  stats fetch failed: timed out
2026-10-06T22:55:50Z  WARNING  thresholds fetch failed: timed out
2026-10-06T22:55:50Z  WARNING  stats fetch failed: timed out
2026-10-06T22:55:55Z  WARNING  thresholds fetch failed: timed out
2026-10-06T22:55:55Z  WARNING  stats fetch failed: timed out
2026-10-06T22:56:00Z  WARNING  thresholds fetch failed: timed out
2026-10-06T22:56:00Z  WARNING  stats fetch failed: timed out
2026-10-06T22:56:05Z  WARNING  thresholds fetch failed: timed out
2026-10-06T22:56:05Z  WARNING  stats fetch failed: timed out
2026-10-06T22:56:10Z  WARNING  thresholds fetch failed: timed out
2026-10-06T22:56:10Z  WARNING  stats fetch failed: timed out
2026-10-06T22:56:15Z  WARNING  thresholds fetch failed: timed out
2026-10-06T22:56:15Z  WARNING  stats fetch failed: timed out
2026-10-06T22:56:20Z  WARNING  thresholds fetch failed: timed out
2026-10-06T22:56:20Z  WARNING  stats fetch failed: timed out
2026-10-06T22:56:25Z  WARNING  thresholds fetch failed: timed out
2026-10-06T22:56:25Z  WARNING  stats fetch failed: timed out
2026-10-06T22:56:30Z  WARNING  thresholds fetch failed: timed out
2026-10-06T22:56:30Z  WARNING  stats fetch failed: timed out
2026-10-06T22:56:35Z  WARNING  thresholds fetch failed: timed out
2026-10-06T22:56:35Z  WARNING  stats fetch failed: timed out
2026-10-06T22:56:40Z  WARNING  thresholds fetch failed: timed out
2026-10-06T22:56:40Z  WARNING  stats fetch failed: timed out
2026-10-06T22:56:45Z  WARNING  thresholds fetch failed: timed out
2026-10-06T22:56:45Z  WARNING  stats fetch failed: timed out
2026-10-06T22:56:50Z  WARNING  thresholds fetch failed: timed out
2026-10-06T22:56:50Z  WARNING  stats fetch failed: timed out
2026-10-06T22:56:55Z  WARNING  thresholds fetch failed: timed out
2026-10-06T22:56:55Z  WARNING  stats fetch failed: timed out
2026-10-06T22:57:00Z  WARNING  thresholds fetch failed: timed out
2026-10-06T22:57:00Z  WARNING  stats fetch failed: timed out
2026-10-06T22:57:05Z  WARNING  thresholds fetch failed: timed out
2026-10-06T22:57:05Z  WARNING  stats fetch failed: timed out
2026-10-06T22:57:10Z  WARNING  thresholds fetch failed: timed out
2026-10-06T22:57:10Z  WARNING  stats fetch failed: timed out
2026-10-06T22:57:15Z  WARNING  thresholds fetch failed: timed out
2026-10-06T22:57:15Z  WARNING  stats fetch failed: timed out
2026-10-06T22:57:20Z  WARNING  thresholds fetch failed: timed out
2026-10-06T22:57:20Z  WARNING  stats fetch failed: timed out
2026-10-06T22:57:25Z  WARNING  thresholds fetch failed: timed out
2026-10-06T22:57:25Z  WARNING  stats fetch failed: timed out
2026-10-06T22:57:30Z  WARNING  thresholds fetch failed: timed out
2026-10-06T22:57:30Z  WARNING  stats fetch failed: timed out
2026-10-06T22:57:35Z  WARNING  thresholds fetch failed: timed out
2026-10-06T22:57:35Z  WARNING  stats fetch failed: timed out
2026-10-06T22:57:40Z  WARNING  thresholds fetch failed: timed out
2026-10-06T22:57:40Z  WARNING  stats fetch failed: timed out
2026-10-06T22:57:45Z  WARNING  thresholds fetch failed: timed out
2026-10-06T22:57:45Z  WARNING  stats fetch failed: timed out
2026-10-06T22:57:50Z  WARNING  thresholds fetch failed: timed out
2026-10-06T22:57:50Z  WARNING  stats fetch failed: timed out
2026-10-06T22:57:55Z  WARNING  thresholds fetch failed: timed out
2026-10-06T22:57:55Z  WARNING  stats fetch failed: timed out
2026-10-06T22:58:00Z  WARNING  thresholds fetch failed: timed out
2026-10-06T22:58:00Z  WARNING  stats fetch failed: timed out
2026-10-06T22:58:05Z  WARNING  thresholds fetch failed: timed out
2026-10-06T22:58:05Z  WARNING  stats fetch failed: timed out
2026-10-06T22:58:10Z  WARNING  thresholds fetch failed: timed out
2026-10-06T22:58:10Z  WARNING  stats fetch failed: timed out
2026-10-06T22:58:15Z  WARNING  thresholds fetch failed: timed out
2026-10-06T22:58:15Z  WARNING  stats fetch failed: timed out
2026-10-06T22:58:20Z  WARNING  thresholds fetch failed: timed out
2026-10-06T22:58:20Z  WARNING  stats fetch failed: timed out
2026-10-06T22:58:25Z  WARNING  thresholds fetch failed: timed out
2026-10-06T22:58:25Z  WARNING  stats fetch failed: timed out
2026-10-06T22:58:30Z  WARNING  thresholds fetch failed: timed out
2026-10-06T22:58:30Z  WARNING  stats fetch failed: timed out
2026-10-06T22:58:35Z  WARNING  thresholds fetch failed: timed out
2026-10-06T22:58:35Z  WARNING  stats fetch failed: timed out
2026-10-06T22:58:40Z  WARNING  thresholds fetch failed: timed out
2026-10-06T22:58:40Z  WARNING  stats fetch failed: timed out
2026-10-06T22:58:45Z  WARNING  thresholds fetch failed: timed out
2026-10-06T22:58:45Z  WARNING  stats fetch failed: timed out
2026-10-06T22:58:50Z  WARNING  thresholds fetch failed: timed out
2026-10-06T22:58:50Z  WARNING  stats fetch failed: timed out
2026-10-06T22:58:55Z  WARNING  thresholds fetch failed: timed out
2026-10-06T22:58:55Z  WARNING  stats fetch failed: timed out
2026-10-06T22:59:00Z  WARNING  thresholds fetch failed: timed out
2026-10-06T22:59:00Z  WARNING  stats fetch failed: timed out
2026-10-06T22:59:05Z  WARNING  thresholds fetch failed: timed out
2026-10-06T22:59:05Z  WARNING  stats fetch failed: timed out
2026-10-06T22:59:10Z  WARNING  thresholds fetch failed: timed out
2026-10-06T22:59:10Z  WARNING  stats fetch failed: timed out
2026-10-06T22:59:15Z  WARNING  thresholds fetch failed: timed out
2026-10-06T22:59:15Z  WARNING  stats fetch failed: timed out
2026-10-06T22:59:20Z  WARNING  thresholds fetch failed: timed out
2026-10-06T22:59:20Z  WARNING  stats fetch failed: timed out
2026-10-06T22:59:25Z  WARNING  thresholds fetch failed: timed out
2026-10-06T22:59:25Z  WARNING  stats fetch failed: timed out
2026-10-06T22:59:30Z  WARNING  thresholds fetch failed: timed out
2026-10-06T22:59:30Z  WARNING  stats fetch failed: timed out
2026-10-06T22:59:35Z  WARNING  thresholds fetch failed: timed out
2026-10-06T22:59:35Z  WARNING  stats fetch failed: timed out
2026-10-06T22:59:40Z  WARNING  thresholds fetch failed: timed out
2026-10-06T22:59:40Z  WARNING  stats fetch failed: timed out
2026-10-06T22:59:45Z  WARNING  thresholds fetch failed: timed out
2026-10-06T22:59:45Z  WARNING  stats fetch failed: timed out
2026-10-06T22:59:50Z  WARNING  thresholds fetch failed: timed out
2026-10-06T22:59:50Z  WARNING  stats fetch failed: timed out
2026-10-06T22:59:55Z  WARNING  thresholds fetch failed: timed out
2026-10-06T22:59:55Z  WARNING  stats fetch failed: timed out
2026-10-06T23:00:00Z  WARNING  thresholds fetch failed: timed out
2026-10-06T23:00:00Z  WARNING  stats fetch failed: timed out
2026-10-06T23:00:05Z  WARNING  thresholds fetch failed: timed out
2026-10-06T23:00:05Z  WARNING  stats fetch failed: timed out
2026-10-06T23:00:10Z  WARNING  thresholds fetch failed: timed out
2026-10-06T23:00:10Z  WARNING  stats fetch failed: timed out
2026-10-06T23:00:15Z  WARNING  thresholds fetch failed: timed out
2026-10-06T23:00:15Z  WARNING  stats fetch failed: timed out
2026-10-06T23:00:20Z  WARNING  thresholds fetch failed: timed out
2026-10-06T23:00:20Z  WARNING  stats fetch failed: timed out
2026-10-06T23:00:25Z  WARNING  thresholds fetch failed: timed out
2026-10-06T23:00:25Z  WARNING  stats fetch failed: timed out
2026-10-06T23:00:30Z  WARNING  thresholds fetch failed: timed out
2026-10-06T23:00:30Z  WARNING  stats fetch failed: timed out
2026-10-06T23:00:35Z  WARNING  thresholds fetch failed: timed out
2026-10-06T23:00:35Z  WARNING  stats fetch failed: timed out
2026-10-06T23:00:40Z  WARNING  thresholds fetch failed: timed out
2026-10-06T23:00:40Z  WARNING  stats fetch failed: timed out
2026-10-06T23:00:45Z  WARNING  thresholds fetch failed: timed out
2026-10-06T23:00:45Z  WARNING  stats fetch failed: timed out
2026-10-06T23:00:50Z  WARNING  thresholds fetch failed: timed out
2026-10-06T23:00:50Z  WARNING  stats fetch failed: timed out
2026-10-06T23:00:55Z  WARNING  thresholds fetch failed: timed out
2026-10-06T23:00:55Z  WARNING  stats fetch failed: timed out
2026-10-06T23:01:00Z  WARNING  thresholds fetch failed: timed out
2026-10-06T23:01:00Z  WARNING  stats fetch failed: timed out
2026-10-06T23:01:05Z  WARNING  thresholds fetch failed: timed out
2026-10-06T23:01:05Z  WARNING  stats fetch failed: timed out
2026-10-06T23:01:10Z  WARNING  thresholds fetch failed: timed out
2026-10-06T23:01:10Z  WARNING  stats fetch failed: timed out
2026-10-06T23:01:15Z  WARNING  thresholds fetch failed: timed out
2026-10-06T23:01:15Z  WARNING  stats fetch failed: timed out
2026-10-06T23:01:20Z  WARNING  thresholds fetch failed: timed out
2026-10-06T23:01:20Z  WARNING  stats fetch failed: timed out
2026-10-06T23:01:25Z  WARNING  thresholds fetch failed: timed out
2026-10-06T23:01:25Z  WARNING  stats fetch failed: timed out
2026-10-06T23:01:30Z  WARNING  thresholds fetch failed: timed out
2026-10-06T23:01:30Z  WARNING  stats fetch failed: timed out
2026-10-06T23:01:35Z  WARNING  thresholds fetch failed: timed out
2026-10-06T23:01:35Z  WARNING  stats fetch failed: timed out
2026-10-06T23:01:40Z  WARNING  thresholds fetch failed: timed out
2026-10-06T23:01:40Z  WARNING  stats fetch failed: timed out
2026-10-06T23:01:45Z  WARNING  thresholds fetch failed: timed out
2026-10-06T23:01:45Z  WARNING  stats fetch failed: timed out
2026-10-06T23:01:50Z  WARNING  thresholds fetch failed: timed out
2026-10-06T23:01:50Z  WARNING  stats fetch failed: timed out
2026-10-06T23:01:55Z  WARNING  thresholds fetch failed: timed out
2026-10-06T23:01:55Z  WARNING  stats fetch failed: timed out
2026-10-06T23:01:59Z  SHUTDOWN  signal=15
2026-10-06T23:02:00Z  EXIT
