2026-09-19T11:09:59Z  START  poll_interval=1s layer_a_poll_interval=5s
2026-09-19T11:10:25Z  WARNING  thresholds fetch failed: timed out
2026-09-19T11:10:25Z  WARNING  stats fetch failed: timed out
2026-09-19T11:10:30Z  WARNING  thresholds fetch failed: timed out
2026-09-19T11:10:30Z  WARNING  stats fetch failed: timed out
2026-09-19T11:10:35Z  WARNING  thresholds fetch failed: timed out
2026-09-19T11:10:35Z  WARNING  stats fetch failed: timed out
2026-09-19T11:10:40Z  WARNING  thresholds fetch failed: timed out
2026-09-19T11:10:40Z  WARNING  stats fetch failed: timed out
2026-09-19T11:10:45Z  WARNING  thresholds fetch failed: timed out
2026-09-19T11:10:45Z  WARNING  stats fetch failed: timed out
2026-09-19T11:10:50Z  WARNING  thresholds fetch failed: timed out
2026-09-19T11:10:50Z  WARNING  stats fetch failed: timed out
2026-09-19T11:10:55Z  WARNING  thresholds fetch failed: timed out
2026-09-19T11:10:55Z  WARNING  stats fetch failed: timed out
2026-09-19T11:11:00Z  WARNING  thresholds fetch failed: timed out
2026-09-19T11:11:00Z  WARNING  stats fetch failed: timed out
2026-09-19T11:11:05Z  WARNING  thresholds fetch failed: timed out
2026-09-19T11:11:05Z  WARNING  stats fetch failed: timed out
2026-09-19T11:11:10Z  WARNING  thresholds fetch failed: timed out
2026-09-19T11:11:10Z  WARNING  stats fetch failed: timed out
2026-09-19T11:11:15Z  WARNING  thresholds fetch failed: timed out
2026-09-19T11:11:15Z  WARNING  stats fetch failed: timed out
2026-09-19T11:11:20Z  WARNING  thresholds fetch failed: timed out
2026-09-19T11:11:20Z  WARNING  stats fetch failed: timed out
2026-09-19T11:11:25Z  WARNING  thresholds fetch failed: timed out
2026-09-19T11:11:25Z  WARNING  stats fetch failed: timed out
2026-09-19T11:11:30Z  WARNING  thresholds fetch failed: timed out
2026-09-19T11:11:30Z  WARNING  stats fetch failed: timed out
2026-09-19T11:11:35Z  WARNING  thresholds fetch failed: timed out
2026-09-19T11:11:35Z  WARNING  stats fetch failed: timed out
2026-09-19T11:11:40Z  WARNING  thresholds fetch failed: timed out
2026-09-19T11:11:40Z  WARNING  stats fetch failed: timed out
2026-09-19T11:11:45Z  WARNING  thresholds fetch failed: timed out
2026-09-19T11:11:45Z  WARNING  stats fetch failed: timed out
2026-09-19T11:11:50Z  WARNING  thresholds fetch failed: timed out
2026-09-19T11:11:50Z  WARNING  stats fetch failed: timed out
2026-09-19T11:11:55Z  WARNING  thresholds fetch failed: timed out
2026-09-19T11:11:55Z  WARNING  stats fetch failed: timed out
2026-09-19T11:12:00Z  WARNING  thresholds fetch failed: timed out
2026-09-19T11:12:00Z  WARNING  stats fetch failed: timed out
2026-09-19T11:12:05Z  WARNING  thresholds fetch failed: timed out
2026-09-19T11:12:05Z  WARNING  stats fetch failed: timed out
2026-09-19T11:12:10Z  WARNING  thresholds fetch failed: timed out
2026-09-19T11:12:10Z  WARNING  stats fetch failed: timed out
2026-09-19T11:12:15Z  WARNING  thresholds fetch failed: timed out
2026-09-19T11:12:15Z  WARNING  stats fetch failed: timed out
2026-09-19T11:12:20Z  WARNING  thresholds fetch failed: timed out
2026-09-19T11:12:20Z  WARNING  stats fetch failed: timed out
2026-09-19T11:12:25Z  WARNING  thresholds fetch failed: timed out
2026-09-19T11:12:25Z  WARNING  stats fetch failed: timed out
2026-09-19T11:12:30Z  WARNING  thresholds fetch failed: timed out
2026-09-19T11:12:30Z  WARNING  stats fetch failed: timed out
2026-09-19T11:12:35Z  WARNING  thresholds fetch failed: timed out
2026-09-19T11:12:35Z  WARNING  stats fetch failed: timed out
2026-09-19T11:12:40Z  WARNING  thresholds fetch failed: timed out
2026-09-19T11:12:40Z  WARNING  stats fetch failed: timed out
2026-09-19T11:12:45Z  WARNING  thresholds fetch failed: timed out
2026-09-19T11:12:45Z  WARNING  stats fetch failed: timed out
2026-09-19T11:12:50Z  WARNING  thresholds fetch failed: timed out
2026-09-19T11:12:50Z  WARNING  stats fetch failed: timed out
2026-09-19T11:12:55Z  WARNING  thresholds fetch failed: timed out
2026-09-19T11:12:55Z  WARNING  stats fetch failed: timed out
2026-09-19T11:13:00Z  WARNING  thresholds fetch failed: timed out
2026-09-19T11:13:00Z  WARNING  stats fetch failed: timed out
2026-09-19T11:13:05Z  WARNING  thresholds fetch failed: timed out
2026-09-19T11:13:05Z  WARNING  stats fetch failed: timed out
2026-09-19T11:13:10Z  WARNING  thresholds fetch failed: timed out
2026-09-19T11:13:10Z  WARNING  stats fetch failed: timed out
2026-09-19T11:13:15Z  WARNING  thresholds fetch failed: timed out
2026-09-19T11:13:15Z  WARNING  stats fetch failed: timed out
2026-09-19T11:13:20Z  WARNING  thresholds fetch failed: timed out
2026-09-19T11:13:20Z  WARNING  stats fetch failed: timed out
2026-09-19T11:13:25Z  WARNING  thresholds fetch failed: timed out
2026-09-19T11:13:25Z  WARNING  stats fetch failed: timed out
2026-09-19T11:13:30Z  WARNING  thresholds fetch failed: timed out
2026-09-19T11:13:30Z  WARNING  stats fetch failed: timed out
2026-09-19T11:13:35Z  WARNING  thresholds fetch failed: timed out
2026-09-19T11:13:35Z  WARNING  stats fetch failed: timed out
2026-09-19T11:13:40Z  WARNING  thresholds fetch failed: timed out
2026-09-19T11:13:40Z  WARNING  stats fetch failed: timed out
2026-09-19T11:13:45Z  WARNING  thresholds fetch failed: timed out
2026-09-19T11:13:45Z  WARNING  stats fetch failed: timed out
2026-09-19T11:13:50Z  WARNING  thresholds fetch failed: timed out
2026-09-19T11:13:50Z  WARNING  stats fetch failed: timed out
2026-09-19T11:13:55Z  WARNING  thresholds fetch failed: timed out
2026-09-19T11:13:55Z  WARNING  stats fetch failed: timed out
2026-09-19T11:14:00Z  WARNING  thresholds fetch failed: timed out
2026-09-19T11:14:00Z  WARNING  stats fetch failed: timed out
2026-09-19T11:14:05Z  WARNING  thresholds fetch failed: timed out
2026-09-19T11:14:05Z  WARNING  stats fetch failed: timed out
2026-09-19T11:14:10Z  WARNING  thresholds fetch failed: timed out
2026-09-19T11:14:10Z  WARNING  stats fetch failed: timed out
2026-09-19T11:14:15Z  WARNING  thresholds fetch failed: timed out
2026-09-19T11:14:15Z  WARNING  stats fetch failed: timed out
2026-09-19T11:14:20Z  WARNING  thresholds fetch failed: timed out
2026-09-19T11:14:20Z  WARNING  stats fetch failed: timed out
2026-09-19T11:14:25Z  WARNING  thresholds fetch failed: timed out
2026-09-19T11:14:25Z  WARNING  stats fetch failed: timed out
2026-09-19T11:14:30Z  WARNING  thresholds fetch failed: timed out
2026-09-19T11:14:30Z  WARNING  stats fetch failed: timed out
2026-09-19T11:14:35Z  WARNING  thresholds fetch failed: timed out
2026-09-19T11:14:35Z  WARNING  stats fetch failed: timed out
2026-09-19T11:14:40Z  WARNING  thresholds fetch failed: timed out
2026-09-19T11:14:40Z  WARNING  stats fetch failed: timed out
2026-09-19T11:14:45Z  WARNING  thresholds fetch failed: timed out
2026-09-19T11:14:45Z  WARNING  stats fetch failed: timed out
2026-09-19T11:14:50Z  WARNING  thresholds fetch failed: timed out
2026-09-19T11:14:50Z  WARNING  stats fetch failed: timed out
2026-09-19T11:14:55Z  WARNING  thresholds fetch failed: timed out
2026-09-19T11:14:55Z  WARNING  stats fetch failed: timed out
2026-09-19T11:15:00Z  WARNING  thresholds fetch failed: timed out
2026-09-19T11:15:00Z  WARNING  stats fetch failed: timed out
2026-09-19T11:15:05Z  WARNING  thresholds fetch failed: timed out
2026-09-19T11:15:05Z  WARNING  stats fetch failed: timed out
2026-09-19T11:15:10Z  WARNING  thresholds fetch failed: timed out
2026-09-19T11:15:10Z  WARNING  stats fetch failed: timed out
2026-09-19T11:15:15Z  WARNING  thresholds fetch failed: timed out
2026-09-19T11:15:15Z  WARNING  stats fetch failed: timed out
2026-09-19T11:15:20Z  WARNING  thresholds fetch failed: timed out
2026-09-19T11:15:20Z  WARNING  stats fetch failed: timed out
2026-09-19T11:15:25Z  WARNING  thresholds fetch failed: timed out
2026-09-19T11:15:25Z  WARNING  stats fetch failed: timed out
2026-09-19T11:15:30Z  WARNING  thresholds fetch failed: timed out
2026-09-19T11:15:30Z  WARNING  stats fetch failed: timed out
2026-09-19T11:15:35Z  WARNING  thresholds fetch failed: timed out
2026-09-19T11:15:35Z  WARNING  stats fetch failed: timed out
2026-09-19T11:15:40Z  WARNING  thresholds fetch failed: timed out
2026-09-19T11:15:40Z  WARNING  stats fetch failed: timed out
2026-09-19T11:15:45Z  WARNING  thresholds fetch failed: timed out
2026-09-19T11:15:45Z  WARNING  stats fetch failed: timed out
2026-09-19T11:15:50Z  WARNING  thresholds fetch failed: timed out
2026-09-19T11:15:50Z  WARNING  stats fetch failed: timed out
2026-09-19T11:15:55Z  WARNING  thresholds fetch failed: timed out
2026-09-19T11:15:55Z  WARNING  stats fetch failed: timed out
2026-09-19T11:16:00Z  WARNING  thresholds fetch failed: timed out
2026-09-19T11:16:00Z  WARNING  stats fetch failed: timed out
2026-09-19T11:16:05Z  WARNING  thresholds fetch failed: timed out
2026-09-19T11:16:05Z  WARNING  stats fetch failed: timed out
2026-09-19T11:16:10Z  WARNING  thresholds fetch failed: timed out
2026-09-19T11:16:10Z  WARNING  stats fetch failed: timed out
2026-09-19T11:16:15Z  WARNING  thresholds fetch failed: timed out
2026-09-19T11:16:15Z  WARNING  stats fetch failed: timed out
2026-09-19T11:16:20Z  WARNING  thresholds fetch failed: timed out
2026-09-19T11:16:20Z  WARNING  stats fetch failed: timed out
2026-09-19T11:16:25Z  WARNING  thresholds fetch failed: timed out
2026-09-19T11:16:25Z  WARNING  stats fetch failed: timed out
2026-09-19T11:16:30Z  WARNING  thresholds fetch failed: timed out
2026-09-19T11:16:30Z  WARNING  stats fetch failed: timed out
2026-09-19T11:16:35Z  WARNING  thresholds fetch failed: timed out
2026-09-19T11:16:35Z  WARNING  stats fetch failed: timed out
2026-09-19T11:16:40Z  WARNING  thresholds fetch failed: timed out
2026-09-19T11:16:40Z  WARNING  stats fetch failed: timed out
2026-09-19T11:16:45Z  WARNING  thresholds fetch failed: timed out
2026-09-19T11:16:45Z  WARNING  stats fetch failed: timed out
2026-09-19T11:16:50Z  WARNING  thresholds fetch failed: timed out
2026-09-19T11:16:50Z  WARNING  stats fetch failed: timed out
2026-09-19T11:16:55Z  WARNING  thresholds fetch failed: timed out
2026-09-19T11:16:55Z  WARNING  stats fetch failed: timed out
2026-09-19T11:17:00Z  WARNING  thresholds fetch failed: timed out
2026-09-19T11:17:00Z  WARNING  stats fetch failed: timed out
2026-09-19T11:17:05Z  WARNING  thresholds fetch failed: timed out
2026-09-19T11:17:05Z  WARNING  stats fetch failed: timed out
2026-09-19T11:17:10Z  WARNING  thresholds fetch failed: timed out
2026-09-19T11:17:10Z  WARNING  stats fetch failed: timed out
2026-09-19T11:17:15Z  WARNING  thresholds fetch failed: timed out
2026-09-19T11:17:15Z  WARNING  stats fetch failed: timed out
2026-09-19T11:17:20Z  WARNING  thresholds fetch failed: timed out
2026-09-19T11:17:20Z  WARNING  stats fetch failed: timed out
2026-09-19T11:17:25Z  WARNING  thresholds fetch failed: timed out
2026-09-19T11:17:25Z  WARNING  stats fetch failed: timed out
2026-09-19T11:17:30Z  WARNING  thresholds fetch failed: timed out
2026-09-19T11:17:30Z  WARNING  stats fetch failed: timed out
2026-09-19T11:17:35Z  WARNING  thresholds fetch failed: timed out
2026-09-19T11:17:35Z  WARNING  stats fetch failed: timed out
2026-09-19T11:17:40Z  WARNING  thresholds fetch failed: timed out
2026-09-19T11:17:40Z  WARNING  stats fetch failed: timed out
2026-09-19T11:17:45Z  WARNING  thresholds fetch failed: timed out
2026-09-19T11:17:45Z  WARNING  stats fetch failed: timed out
2026-09-19T11:17:50Z  WARNING  thresholds fetch failed: timed out
2026-09-19T11:17:50Z  WARNING  stats fetch failed: timed out
2026-09-19T11:17:55Z  WARNING  thresholds fetch failed: timed out
2026-09-19T11:17:55Z  WARNING  stats fetch failed: timed out
2026-09-19T11:18:00Z  WARNING  thresholds fetch failed: timed out
2026-09-19T11:18:00Z  WARNING  stats fetch failed: timed out
2026-09-19T11:18:05Z  WARNING  thresholds fetch failed: timed out
2026-09-19T11:18:05Z  WARNING  stats fetch failed: timed out
2026-09-19T11:18:10Z  WARNING  thresholds fetch failed: timed out
2026-09-19T11:18:10Z  WARNING  stats fetch failed: timed out
2026-09-19T11:18:15Z  WARNING  thresholds fetch failed: timed out
2026-09-19T11:18:15Z  WARNING  stats fetch failed: timed out
2026-09-19T11:18:20Z  WARNING  thresholds fetch failed: timed out
2026-09-19T11:18:20Z  WARNING  stats fetch failed: timed out
2026-09-19T11:18:25Z  WARNING  thresholds fetch failed: timed out
2026-09-19T11:18:25Z  WARNING  stats fetch failed: timed out
2026-09-19T11:18:30Z  WARNING  thresholds fetch failed: timed out
2026-09-19T11:18:30Z  WARNING  stats fetch failed: timed out
2026-09-19T11:18:35Z  WARNING  thresholds fetch failed: timed out
2026-09-19T11:18:35Z  WARNING  stats fetch failed: timed out
2026-09-19T11:18:40Z  WARNING  thresholds fetch failed: timed out
2026-09-19T11:18:40Z  WARNING  stats fetch failed: timed out
2026-09-19T11:18:45Z  WARNING  thresholds fetch failed: timed out
2026-09-19T11:18:45Z  WARNING  stats fetch failed: timed out
2026-09-19T11:18:50Z  WARNING  thresholds fetch failed: timed out
2026-09-19T11:18:50Z  WARNING  stats fetch failed: timed out
2026-09-19T11:18:55Z  WARNING  thresholds fetch failed: timed out
2026-09-19T11:18:55Z  WARNING  stats fetch failed: timed out
2026-09-19T11:19:00Z  WARNING  thresholds fetch failed: timed out
2026-09-19T11:19:00Z  WARNING  stats fetch failed: timed out
2026-09-19T11:19:05Z  WARNING  thresholds fetch failed: timed out
2026-09-19T11:19:05Z  WARNING  stats fetch failed: timed out
2026-09-19T11:19:10Z  WARNING  thresholds fetch failed: timed out
2026-09-19T11:19:10Z  WARNING  stats fetch failed: timed out
2026-09-19T11:19:15Z  WARNING  thresholds fetch failed: timed out
2026-09-19T11:19:15Z  WARNING  stats fetch failed: timed out
2026-09-19T11:19:20Z  WARNING  thresholds fetch failed: timed out
2026-09-19T11:19:20Z  WARNING  stats fetch failed: timed out
2026-09-19T11:19:25Z  WARNING  thresholds fetch failed: timed out
2026-09-19T11:19:25Z  WARNING  stats fetch failed: timed out
2026-09-19T11:19:30Z  WARNING  thresholds fetch failed: timed out
2026-09-19T11:19:30Z  WARNING  stats fetch failed: timed out
2026-09-19T11:19:35Z  WARNING  thresholds fetch failed: timed out
2026-09-19T11:19:35Z  WARNING  stats fetch failed: timed out
2026-09-19T11:19:40Z  WARNING  thresholds fetch failed: timed out
2026-09-19T11:19:40Z  WARNING  stats fetch failed: timed out
2026-09-19T11:19:45Z  WARNING  thresholds fetch failed: timed out
2026-09-19T11:19:45Z  WARNING  stats fetch failed: timed out
2026-09-19T11:19:50Z  WARNING  thresholds fetch failed: timed out
2026-09-19T11:19:50Z  WARNING  stats fetch failed: timed out
2026-09-19T11:19:55Z  WARNING  thresholds fetch failed: timed out
2026-09-19T11:19:55Z  WARNING  stats fetch failed: timed out
2026-09-19T11:20:00Z  WARNING  thresholds fetch failed: timed out
2026-09-19T11:20:00Z  WARNING  stats fetch failed: timed out
2026-09-19T11:20:05Z  WARNING  thresholds fetch failed: timed out
2026-09-19T11:20:05Z  WARNING  stats fetch failed: timed out
2026-09-19T11:20:10Z  WARNING  thresholds fetch failed: timed out
2026-09-19T11:20:10Z  WARNING  stats fetch failed: timed out
2026-09-19T11:20:15Z  WARNING  thresholds fetch failed: timed out
2026-09-19T11:20:15Z  WARNING  stats fetch failed: timed out
2026-09-19T11:20:20Z  WARNING  thresholds fetch failed: timed out
2026-09-19T11:20:20Z  WARNING  stats fetch failed: timed out
2026-09-19T11:20:25Z  WARNING  thresholds fetch failed: timed out
2026-09-19T11:20:25Z  WARNING  stats fetch failed: timed out
2026-09-19T11:20:30Z  WARNING  thresholds fetch failed: timed out
2026-09-19T11:20:30Z  WARNING  stats fetch failed: <urlopen error timed out>
2026-09-19T11:20:35Z  WARNING  thresholds fetch failed: timed out
2026-09-19T11:20:35Z  WARNING  stats fetch failed: timed out
2026-09-19T11:20:40Z  WARNING  thresholds fetch failed: timed out
2026-09-19T11:20:40Z  WARNING  stats fetch failed: timed out
2026-09-19T11:20:45Z  WARNING  thresholds fetch failed: timed out
2026-09-19T11:20:45Z  WARNING  stats fetch failed: timed out
2026-09-19T11:20:50Z  WARNING  thresholds fetch failed: <urlopen error timed out>
2026-09-19T11:20:50Z  WARNING  stats fetch failed: timed out
2026-09-19T11:20:55Z  WARNING  thresholds fetch failed: timed out
2026-09-19T11:20:55Z  WARNING  stats fetch failed: timed out
2026-09-19T11:21:00Z  WARNING  thresholds fetch failed: timed out
2026-09-19T11:21:00Z  WARNING  stats fetch failed: timed out
2026-09-19T11:21:05Z  WARNING  thresholds fetch failed: timed out
2026-09-19T11:21:05Z  WARNING  stats fetch failed: timed out
2026-09-19T11:21:10Z  WARNING  thresholds fetch failed: timed out
2026-09-19T11:21:10Z  WARNING  stats fetch failed: timed out
2026-09-19T11:21:15Z  WARNING  thresholds fetch failed: timed out
2026-09-19T11:21:15Z  WARNING  stats fetch failed: timed out
2026-09-19T11:21:20Z  WARNING  thresholds fetch failed: timed out
2026-09-19T11:21:20Z  WARNING  stats fetch failed: timed out
2026-09-19T11:21:25Z  WARNING  thresholds fetch failed: timed out
2026-09-19T11:21:25Z  WARNING  stats fetch failed: timed out
2026-09-19T11:21:30Z  WARNING  thresholds fetch failed: timed out
2026-09-19T11:21:30Z  WARNING  stats fetch failed: timed out
2026-09-19T11:21:35Z  WARNING  thresholds fetch failed: timed out
2026-09-19T11:21:35Z  WARNING  stats fetch failed: timed out
2026-09-19T11:21:40Z  WARNING  thresholds fetch failed: timed out
2026-09-19T11:21:40Z  WARNING  stats fetch failed: timed out
2026-09-19T11:21:45Z  WARNING  thresholds fetch failed: timed out
2026-09-19T11:21:45Z  WARNING  stats fetch failed: timed out
2026-09-19T11:21:50Z  WARNING  thresholds fetch failed: timed out
2026-09-19T11:21:50Z  WARNING  stats fetch failed: timed out
2026-09-19T11:21:55Z  WARNING  thresholds fetch failed: timed out
2026-09-19T11:21:55Z  WARNING  stats fetch failed: timed out
2026-09-19T11:22:00Z  WARNING  thresholds fetch failed: timed out
2026-09-19T11:22:00Z  WARNING  stats fetch failed: timed out
2026-09-19T11:22:05Z  WARNING  thresholds fetch failed: <urlopen error timed out>
2026-09-19T11:22:05Z  WARNING  stats fetch failed: timed out
2026-09-19T11:22:10Z  WARNING  thresholds fetch failed: <urlopen error timed out>
2026-09-19T11:22:10Z  WARNING  stats fetch failed: timed out
2026-09-19T11:22:15Z  WARNING  thresholds fetch failed: timed out
2026-09-19T11:22:15Z  WARNING  stats fetch failed: timed out
2026-09-19T11:22:20Z  WARNING  thresholds fetch failed: timed out
2026-09-19T11:22:20Z  WARNING  stats fetch failed: timed out
2026-09-19T11:22:25Z  WARNING  thresholds fetch failed: timed out
2026-09-19T11:22:25Z  WARNING  stats fetch failed: timed out
2026-09-19T11:22:30Z  WARNING  thresholds fetch failed: timed out
2026-09-19T11:22:30Z  WARNING  stats fetch failed: timed out
2026-09-19T11:22:35Z  WARNING  thresholds fetch failed: timed out
2026-09-19T11:22:35Z  WARNING  stats fetch failed: timed out
2026-09-19T11:22:40Z  WARNING  thresholds fetch failed: timed out
2026-09-19T11:22:40Z  WARNING  stats fetch failed: timed out
2026-09-19T11:22:45Z  WARNING  thresholds fetch failed: timed out
2026-09-19T11:22:45Z  WARNING  stats fetch failed: timed out
2026-09-19T11:22:50Z  WARNING  thresholds fetch failed: timed out
2026-09-19T11:22:50Z  WARNING  stats fetch failed: timed out
2026-09-19T11:22:55Z  WARNING  thresholds fetch failed: timed out
2026-09-19T11:22:55Z  WARNING  stats fetch failed: timed out
2026-09-19T11:23:00Z  WARNING  thresholds fetch failed: timed out
2026-09-19T11:23:00Z  WARNING  stats fetch failed: timed out
2026-09-19T11:23:05Z  WARNING  thresholds fetch failed: timed out
2026-09-19T11:23:05Z  WARNING  stats fetch failed: timed out
2026-09-19T11:23:10Z  WARNING  thresholds fetch failed: timed out
2026-09-19T11:23:10Z  WARNING  stats fetch failed: timed out
2026-09-19T11:23:15Z  WARNING  thresholds fetch failed: timed out
2026-09-19T11:23:15Z  WARNING  stats fetch failed: timed out
2026-09-19T11:23:20Z  WARNING  thresholds fetch failed: timed out
2026-09-19T11:23:20Z  WARNING  stats fetch failed: timed out
2026-09-19T11:23:25Z  WARNING  thresholds fetch failed: timed out
2026-09-19T11:23:25Z  WARNING  stats fetch failed: timed out
2026-09-19T11:23:30Z  WARNING  thresholds fetch failed: timed out
2026-09-19T11:23:30Z  WARNING  stats fetch failed: timed out
2026-09-19T11:23:35Z  WARNING  thresholds fetch failed: timed out
2026-09-19T11:23:35Z  WARNING  stats fetch failed: timed out
2026-09-19T11:23:40Z  WARNING  thresholds fetch failed: timed out
2026-09-19T11:23:40Z  WARNING  stats fetch failed: timed out
2026-09-19T11:23:45Z  WARNING  thresholds fetch failed: timed out
2026-09-19T11:23:45Z  WARNING  stats fetch failed: timed out
2026-09-19T11:23:50Z  WARNING  thresholds fetch failed: timed out
2026-09-19T11:23:50Z  WARNING  stats fetch failed: timed out
2026-09-19T11:23:55Z  WARNING  thresholds fetch failed: timed out
2026-09-19T11:23:55Z  WARNING  stats fetch failed: timed out
2026-09-19T11:24:00Z  WARNING  thresholds fetch failed: timed out
2026-09-19T11:24:00Z  WARNING  stats fetch failed: timed out
2026-09-19T11:24:05Z  WARNING  thresholds fetch failed: timed out
2026-09-19T11:24:05Z  WARNING  stats fetch failed: timed out
2026-09-19T11:24:10Z  WARNING  thresholds fetch failed: timed out
2026-09-19T11:24:10Z  WARNING  stats fetch failed: timed out
2026-09-19T11:24:15Z  WARNING  thresholds fetch failed: timed out
2026-09-19T11:24:15Z  WARNING  stats fetch failed: timed out
2026-09-19T11:24:20Z  WARNING  thresholds fetch failed: timed out
2026-09-19T11:24:20Z  WARNING  stats fetch failed: timed out
2026-09-19T11:24:25Z  WARNING  thresholds fetch failed: timed out
2026-09-19T11:24:25Z  WARNING  stats fetch failed: timed out
2026-09-19T11:24:30Z  WARNING  thresholds fetch failed: timed out
2026-09-19T11:24:30Z  WARNING  stats fetch failed: timed out
2026-09-19T11:24:35Z  WARNING  thresholds fetch failed: timed out
2026-09-19T11:24:35Z  WARNING  stats fetch failed: timed out
2026-09-19T11:24:40Z  WARNING  thresholds fetch failed: timed out
2026-09-19T11:24:40Z  WARNING  stats fetch failed: timed out
2026-09-19T11:24:45Z  WARNING  thresholds fetch failed: timed out
2026-09-19T11:24:45Z  WARNING  stats fetch failed: timed out
2026-09-19T11:24:50Z  WARNING  thresholds fetch failed: timed out
2026-09-19T11:24:50Z  WARNING  stats fetch failed: timed out
2026-09-19T11:24:55Z  WARNING  thresholds fetch failed: timed out
2026-09-19T11:24:55Z  WARNING  stats fetch failed: timed out
2026-09-19T11:25:00Z  WARNING  thresholds fetch failed: timed out
2026-09-19T11:25:00Z  WARNING  stats fetch failed: timed out
2026-09-19T11:25:05Z  WARNING  thresholds fetch failed: timed out
2026-09-19T11:25:05Z  WARNING  stats fetch failed: timed out
2026-09-19T11:25:10Z  WARNING  thresholds fetch failed: timed out
2026-09-19T11:25:10Z  WARNING  stats fetch failed: timed out
2026-09-19T11:25:15Z  WARNING  thresholds fetch failed: timed out
2026-09-19T11:25:15Z  WARNING  stats fetch failed: timed out
2026-09-19T11:25:20Z  WARNING  thresholds fetch failed: timed out
2026-09-19T11:25:20Z  WARNING  stats fetch failed: timed out
2026-09-19T11:25:25Z  WARNING  thresholds fetch failed: timed out
2026-09-19T11:25:25Z  WARNING  stats fetch failed: timed out
2026-09-19T11:25:29Z  SHUTDOWN  signal=15
2026-09-19T11:25:29Z  EXIT
