2026-10-06T05:12:16Z  START  poll_interval=1s layer_a_poll_interval=5s
2026-10-06T05:13:50Z  WARNING  thresholds fetch failed: timed out
2026-10-06T05:13:50Z  WARNING  stats fetch failed: timed out
2026-10-06T05:13:55Z  WARNING  thresholds fetch failed: timed out
2026-10-06T05:13:55Z  WARNING  stats fetch failed: timed out
2026-10-06T05:14:00Z  WARNING  thresholds fetch failed: timed out
2026-10-06T05:14:00Z  WARNING  stats fetch failed: timed out
2026-10-06T05:14:05Z  WARNING  thresholds fetch failed: timed out
2026-10-06T05:14:05Z  WARNING  stats fetch failed: timed out
2026-10-06T05:14:10Z  WARNING  thresholds fetch failed: timed out
2026-10-06T05:14:10Z  WARNING  stats fetch failed: timed out
2026-10-06T05:14:15Z  WARNING  thresholds fetch failed: timed out
2026-10-06T05:14:15Z  WARNING  stats fetch failed: timed out
2026-10-06T05:14:20Z  WARNING  thresholds fetch failed: timed out
2026-10-06T05:14:20Z  WARNING  stats fetch failed: timed out
2026-10-06T05:14:25Z  WARNING  thresholds fetch failed: timed out
2026-10-06T05:14:25Z  WARNING  stats fetch failed: timed out
2026-10-06T05:14:30Z  WARNING  thresholds fetch failed: timed out
2026-10-06T05:14:30Z  WARNING  stats fetch failed: timed out
2026-10-06T05:14:35Z  WARNING  thresholds fetch failed: timed out
2026-10-06T05:14:35Z  WARNING  stats fetch failed: timed out
2026-10-06T05:14:40Z  WARNING  thresholds fetch failed: timed out
2026-10-06T05:14:40Z  WARNING  stats fetch failed: timed out
2026-10-06T05:14:45Z  WARNING  thresholds fetch failed: timed out
2026-10-06T05:14:45Z  WARNING  stats fetch failed: timed out
2026-10-06T05:14:50Z  WARNING  thresholds fetch failed: timed out
2026-10-06T05:14:50Z  WARNING  stats fetch failed: timed out
2026-10-06T05:14:55Z  WARNING  thresholds fetch failed: timed out
2026-10-06T05:14:55Z  WARNING  stats fetch failed: timed out
2026-10-06T05:15:00Z  WARNING  thresholds fetch failed: timed out
2026-10-06T05:15:00Z  WARNING  stats fetch failed: timed out
2026-10-06T05:15:05Z  WARNING  thresholds fetch failed: timed out
2026-10-06T05:15:05Z  WARNING  stats fetch failed: timed out
2026-10-06T05:15:10Z  WARNING  thresholds fetch failed: timed out
2026-10-06T05:15:10Z  WARNING  stats fetch failed: timed out
2026-10-06T05:15:15Z  WARNING  thresholds fetch failed: timed out
2026-10-06T05:15:15Z  WARNING  stats fetch failed: timed out
2026-10-06T05:15:20Z  WARNING  thresholds fetch failed: timed out
2026-10-06T05:15:20Z  WARNING  stats fetch failed: timed out
2026-10-06T05:15:25Z  WARNING  thresholds fetch failed: timed out
2026-10-06T05:15:25Z  WARNING  stats fetch failed: timed out
2026-10-06T05:15:30Z  WARNING  thresholds fetch failed: timed out
2026-10-06T05:15:30Z  WARNING  stats fetch failed: timed out
2026-10-06T05:15:35Z  WARNING  thresholds fetch failed: timed out
2026-10-06T05:15:35Z  WARNING  stats fetch failed: timed out
2026-10-06T05:15:40Z  WARNING  thresholds fetch failed: timed out
2026-10-06T05:15:40Z  WARNING  stats fetch failed: timed out
2026-10-06T05:15:45Z  WARNING  thresholds fetch failed: timed out
2026-10-06T05:15:45Z  WARNING  stats fetch failed: timed out
2026-10-06T05:15:50Z  WARNING  thresholds fetch failed: timed out
2026-10-06T05:15:50Z  WARNING  stats fetch failed: timed out
2026-10-06T05:15:55Z  WARNING  thresholds fetch failed: timed out
2026-10-06T05:15:55Z  WARNING  stats fetch failed: timed out
2026-10-06T05:16:00Z  WARNING  thresholds fetch failed: timed out
2026-10-06T05:16:00Z  WARNING  stats fetch failed: timed out
2026-10-06T05:16:05Z  WARNING  thresholds fetch failed: timed out
2026-10-06T05:16:05Z  WARNING  stats fetch failed: timed out
2026-10-06T05:16:10Z  WARNING  thresholds fetch failed: timed out
2026-10-06T05:16:10Z  WARNING  stats fetch failed: timed out
2026-10-06T05:16:15Z  WARNING  thresholds fetch failed: timed out
2026-10-06T05:16:15Z  WARNING  stats fetch failed: timed out
2026-10-06T05:16:20Z  WARNING  thresholds fetch failed: timed out
2026-10-06T05:16:20Z  WARNING  stats fetch failed: timed out
2026-10-06T05:16:25Z  WARNING  thresholds fetch failed: timed out
2026-10-06T05:16:25Z  WARNING  stats fetch failed: timed out
2026-10-06T05:16:30Z  WARNING  thresholds fetch failed: timed out
2026-10-06T05:16:30Z  WARNING  stats fetch failed: timed out
2026-10-06T05:16:35Z  WARNING  thresholds fetch failed: timed out
2026-10-06T05:16:35Z  WARNING  stats fetch failed: timed out
2026-10-06T05:16:40Z  WARNING  thresholds fetch failed: timed out
2026-10-06T05:16:40Z  WARNING  stats fetch failed: timed out
2026-10-06T05:16:45Z  WARNING  thresholds fetch failed: timed out
2026-10-06T05:16:45Z  WARNING  stats fetch failed: timed out
2026-10-06T05:16:50Z  WARNING  thresholds fetch failed: timed out
2026-10-06T05:16:50Z  WARNING  stats fetch failed: timed out
2026-10-06T05:16:55Z  WARNING  thresholds fetch failed: timed out
2026-10-06T05:16:55Z  WARNING  stats fetch failed: timed out
2026-10-06T05:17:00Z  WARNING  thresholds fetch failed: timed out
2026-10-06T05:17:00Z  WARNING  stats fetch failed: timed out
2026-10-06T05:17:05Z  WARNING  thresholds fetch failed: timed out
2026-10-06T05:17:05Z  WARNING  stats fetch failed: timed out
2026-10-06T05:17:10Z  WARNING  thresholds fetch failed: timed out
2026-10-06T05:17:10Z  WARNING  stats fetch failed: timed out
2026-10-06T05:17:15Z  WARNING  thresholds fetch failed: timed out
2026-10-06T05:17:15Z  WARNING  stats fetch failed: timed out
2026-10-06T05:17:20Z  WARNING  thresholds fetch failed: timed out
2026-10-06T05:17:20Z  WARNING  stats fetch failed: timed out
2026-10-06T05:17:25Z  WARNING  thresholds fetch failed: timed out
2026-10-06T05:17:25Z  WARNING  stats fetch failed: timed out
2026-10-06T05:17:30Z  WARNING  thresholds fetch failed: timed out
2026-10-06T05:17:30Z  WARNING  stats fetch failed: timed out
2026-10-06T05:17:35Z  WARNING  thresholds fetch failed: timed out
2026-10-06T05:17:35Z  WARNING  stats fetch failed: timed out
2026-10-06T05:17:40Z  WARNING  thresholds fetch failed: timed out
2026-10-06T05:17:40Z  WARNING  stats fetch failed: timed out
2026-10-06T05:17:45Z  WARNING  thresholds fetch failed: timed out
2026-10-06T05:17:45Z  WARNING  stats fetch failed: timed out
2026-10-06T05:17:50Z  WARNING  thresholds fetch failed: timed out
2026-10-06T05:17:50Z  WARNING  stats fetch failed: timed out
2026-10-06T05:17:55Z  WARNING  thresholds fetch failed: timed out
2026-10-06T05:17:55Z  WARNING  stats fetch failed: timed out
2026-10-06T05:18:00Z  WARNING  thresholds fetch failed: timed out
2026-10-06T05:18:00Z  WARNING  stats fetch failed: timed out
2026-10-06T05:18:05Z  WARNING  thresholds fetch failed: timed out
2026-10-06T05:18:05Z  WARNING  stats fetch failed: timed out
2026-10-06T05:18:10Z  WARNING  thresholds fetch failed: timed out
2026-10-06T05:18:10Z  WARNING  stats fetch failed: timed out
2026-10-06T05:18:15Z  WARNING  thresholds fetch failed: timed out
2026-10-06T05:18:15Z  WARNING  stats fetch failed: timed out
2026-10-06T05:18:20Z  WARNING  thresholds fetch failed: timed out
2026-10-06T05:18:20Z  WARNING  stats fetch failed: timed out
2026-10-06T05:18:25Z  WARNING  thresholds fetch failed: timed out
2026-10-06T05:18:25Z  WARNING  stats fetch failed: timed out
2026-10-06T05:18:30Z  WARNING  thresholds fetch failed: timed out
2026-10-06T05:18:30Z  WARNING  stats fetch failed: timed out
2026-10-06T05:18:35Z  WARNING  thresholds fetch failed: timed out
2026-10-06T05:18:35Z  WARNING  stats fetch failed: timed out
2026-10-06T05:18:40Z  WARNING  thresholds fetch failed: timed out
2026-10-06T05:18:40Z  WARNING  stats fetch failed: timed out
2026-10-06T05:18:45Z  WARNING  thresholds fetch failed: timed out
2026-10-06T05:18:45Z  WARNING  stats fetch failed: <urlopen error timed out>
2026-10-06T05:18:50Z  WARNING  thresholds fetch failed: <urlopen error timed out>
2026-10-06T05:18:50Z  WARNING  stats fetch failed: timed out
2026-10-06T05:18:55Z  WARNING  thresholds fetch failed: timed out
2026-10-06T05:18:55Z  WARNING  stats fetch failed: timed out
2026-10-06T05:19:00Z  WARNING  thresholds fetch failed: timed out
2026-10-06T05:19:00Z  WARNING  stats fetch failed: timed out
2026-10-06T05:19:05Z  WARNING  thresholds fetch failed: timed out
2026-10-06T05:19:05Z  WARNING  stats fetch failed: timed out
2026-10-06T05:19:10Z  WARNING  thresholds fetch failed: timed out
2026-10-06T05:19:10Z  WARNING  stats fetch failed: timed out
2026-10-06T05:19:15Z  WARNING  thresholds fetch failed: timed out
2026-10-06T05:19:15Z  WARNING  stats fetch failed: timed out
2026-10-06T05:19:20Z  WARNING  thresholds fetch failed: timed out
2026-10-06T05:19:20Z  WARNING  stats fetch failed: timed out
2026-10-06T05:19:25Z  WARNING  thresholds fetch failed: timed out
2026-10-06T05:19:25Z  WARNING  stats fetch failed: timed out
2026-10-06T05:19:30Z  WARNING  thresholds fetch failed: timed out
2026-10-06T05:19:30Z  WARNING  stats fetch failed: timed out
2026-10-06T05:19:35Z  WARNING  thresholds fetch failed: timed out
2026-10-06T05:19:35Z  WARNING  stats fetch failed: timed out
2026-10-06T05:19:40Z  WARNING  thresholds fetch failed: timed out
2026-10-06T05:19:40Z  WARNING  stats fetch failed: timed out
2026-10-06T05:19:45Z  WARNING  thresholds fetch failed: timed out
2026-10-06T05:19:45Z  WARNING  stats fetch failed: timed out
2026-10-06T05:19:50Z  WARNING  thresholds fetch failed: timed out
2026-10-06T05:19:50Z  WARNING  stats fetch failed: timed out
2026-10-06T05:19:55Z  WARNING  thresholds fetch failed: timed out
2026-10-06T05:19:55Z  WARNING  stats fetch failed: timed out
2026-10-06T05:20:00Z  WARNING  thresholds fetch failed: timed out
2026-10-06T05:20:00Z  WARNING  stats fetch failed: timed out
2026-10-06T05:20:05Z  WARNING  thresholds fetch failed: timed out
2026-10-06T05:20:05Z  WARNING  stats fetch failed: timed out
2026-10-06T05:20:10Z  WARNING  thresholds fetch failed: timed out
2026-10-06T05:20:10Z  WARNING  stats fetch failed: timed out
2026-10-06T05:20:15Z  WARNING  thresholds fetch failed: timed out
2026-10-06T05:20:15Z  WARNING  stats fetch failed: timed out
2026-10-06T05:20:20Z  WARNING  thresholds fetch failed: timed out
2026-10-06T05:20:20Z  WARNING  stats fetch failed: timed out
2026-10-06T05:20:25Z  WARNING  thresholds fetch failed: timed out
2026-10-06T05:20:25Z  WARNING  stats fetch failed: timed out
2026-10-06T05:20:30Z  WARNING  thresholds fetch failed: timed out
2026-10-06T05:20:30Z  WARNING  stats fetch failed: timed out
2026-10-06T05:20:35Z  WARNING  thresholds fetch failed: timed out
2026-10-06T05:20:35Z  WARNING  stats fetch failed: timed out
2026-10-06T05:20:40Z  WARNING  thresholds fetch failed: timed out
2026-10-06T05:20:40Z  WARNING  stats fetch failed: timed out
2026-10-06T05:20:45Z  WARNING  thresholds fetch failed: timed out
2026-10-06T05:20:45Z  WARNING  stats fetch failed: timed out
2026-10-06T05:20:50Z  WARNING  thresholds fetch failed: timed out
2026-10-06T05:20:50Z  WARNING  stats fetch failed: timed out
2026-10-06T05:20:55Z  WARNING  thresholds fetch failed: timed out
2026-10-06T05:20:55Z  WARNING  stats fetch failed: timed out
2026-10-06T05:21:00Z  WARNING  thresholds fetch failed: timed out
2026-10-06T05:21:00Z  WARNING  stats fetch failed: timed out
2026-10-06T05:21:05Z  WARNING  thresholds fetch failed: timed out
2026-10-06T05:21:05Z  WARNING  stats fetch failed: timed out
2026-10-06T05:21:10Z  WARNING  thresholds fetch failed: timed out
2026-10-06T05:21:10Z  WARNING  stats fetch failed: timed out
2026-10-06T05:21:15Z  WARNING  thresholds fetch failed: timed out
2026-10-06T05:21:15Z  WARNING  stats fetch failed: timed out
2026-10-06T05:21:20Z  WARNING  thresholds fetch failed: timed out
2026-10-06T05:21:20Z  WARNING  stats fetch failed: timed out
2026-10-06T05:21:25Z  WARNING  thresholds fetch failed: timed out
2026-10-06T05:21:25Z  WARNING  stats fetch failed: timed out
2026-10-06T05:21:30Z  WARNING  thresholds fetch failed: timed out
2026-10-06T05:21:30Z  WARNING  stats fetch failed: timed out
2026-10-06T05:21:35Z  WARNING  thresholds fetch failed: timed out
2026-10-06T05:21:35Z  WARNING  stats fetch failed: timed out
2026-10-06T05:21:40Z  WARNING  thresholds fetch failed: timed out
2026-10-06T05:21:40Z  WARNING  stats fetch failed: timed out
2026-10-06T05:21:45Z  WARNING  thresholds fetch failed: timed out
2026-10-06T05:21:45Z  WARNING  stats fetch failed: timed out
2026-10-06T05:21:50Z  WARNING  thresholds fetch failed: timed out
2026-10-06T05:21:50Z  WARNING  stats fetch failed: timed out
2026-10-06T05:21:55Z  WARNING  thresholds fetch failed: <urlopen error timed out>
2026-10-06T05:21:55Z  WARNING  stats fetch failed: timed out
2026-10-06T05:22:00Z  WARNING  thresholds fetch failed: timed out
2026-10-06T05:22:00Z  WARNING  stats fetch failed: <urlopen error timed out>
2026-10-06T05:22:05Z  WARNING  thresholds fetch failed: timed out
2026-10-06T05:22:05Z  WARNING  stats fetch failed: timed out
2026-10-06T05:22:10Z  WARNING  thresholds fetch failed: timed out
2026-10-06T05:22:10Z  WARNING  stats fetch failed: timed out
2026-10-06T05:22:15Z  WARNING  thresholds fetch failed: timed out
2026-10-06T05:22:15Z  WARNING  stats fetch failed: timed out
2026-10-06T05:22:20Z  WARNING  thresholds fetch failed: timed out
2026-10-06T05:22:20Z  WARNING  stats fetch failed: timed out
2026-10-06T05:22:25Z  WARNING  thresholds fetch failed: timed out
2026-10-06T05:22:25Z  WARNING  stats fetch failed: timed out
2026-10-06T05:22:30Z  WARNING  thresholds fetch failed: timed out
2026-10-06T05:22:30Z  WARNING  stats fetch failed: timed out
2026-10-06T05:22:35Z  WARNING  thresholds fetch failed: timed out
2026-10-06T05:22:35Z  WARNING  stats fetch failed: timed out
2026-10-06T05:22:40Z  WARNING  thresholds fetch failed: timed out
2026-10-06T05:22:40Z  WARNING  stats fetch failed: timed out
2026-10-06T05:22:45Z  WARNING  thresholds fetch failed: timed out
2026-10-06T05:22:45Z  WARNING  stats fetch failed: timed out
2026-10-06T05:22:50Z  WARNING  thresholds fetch failed: timed out
2026-10-06T05:22:50Z  WARNING  stats fetch failed: timed out
2026-10-06T05:22:55Z  WARNING  thresholds fetch failed: timed out
2026-10-06T05:22:55Z  WARNING  stats fetch failed: timed out
2026-10-06T05:23:00Z  WARNING  thresholds fetch failed: timed out
2026-10-06T05:23:00Z  WARNING  stats fetch failed: timed out
2026-10-06T05:23:05Z  WARNING  thresholds fetch failed: timed out
2026-10-06T05:23:05Z  WARNING  stats fetch failed: timed out
2026-10-06T05:23:10Z  WARNING  thresholds fetch failed: timed out
2026-10-06T05:23:10Z  WARNING  stats fetch failed: timed out
2026-10-06T05:23:15Z  WARNING  thresholds fetch failed: timed out
2026-10-06T05:23:15Z  WARNING  stats fetch failed: timed out
2026-10-06T05:23:21Z  SHUTDOWN  signal=15
2026-10-06T05:23:21Z  EXIT
