2026-09-29T19:50:07Z  START  poll_interval=1s layer_a_poll_interval=5s
2026-09-29T19:51:10Z  WARNING  thresholds fetch failed: timed out
2026-09-29T19:51:10Z  WARNING  stats fetch failed: timed out
2026-09-29T19:51:15Z  WARNING  thresholds fetch failed: timed out
2026-09-29T19:51:15Z  WARNING  stats fetch failed: timed out
2026-09-29T19:51:20Z  WARNING  thresholds fetch failed: timed out
2026-09-29T19:51:20Z  WARNING  stats fetch failed: timed out
2026-09-29T19:51:25Z  WARNING  thresholds fetch failed: timed out
2026-09-29T19:51:25Z  WARNING  stats fetch failed: timed out
2026-09-29T19:51:30Z  WARNING  thresholds fetch failed: timed out
2026-09-29T19:51:30Z  WARNING  stats fetch failed: timed out
2026-09-29T19:51:35Z  WARNING  thresholds fetch failed: timed out
2026-09-29T19:51:35Z  WARNING  stats fetch failed: timed out
2026-09-29T19:51:40Z  WARNING  thresholds fetch failed: timed out
2026-09-29T19:51:40Z  WARNING  stats fetch failed: timed out
2026-09-29T19:51:45Z  WARNING  thresholds fetch failed: timed out
2026-09-29T19:51:45Z  WARNING  stats fetch failed: timed out
2026-09-29T19:51:50Z  WARNING  thresholds fetch failed: timed out
2026-09-29T19:51:50Z  WARNING  stats fetch failed: timed out
2026-09-29T19:51:55Z  WARNING  thresholds fetch failed: timed out
2026-09-29T19:51:55Z  WARNING  stats fetch failed: timed out
2026-09-29T19:52:00Z  WARNING  thresholds fetch failed: timed out
2026-09-29T19:52:00Z  WARNING  stats fetch failed: timed out
2026-09-29T19:52:05Z  WARNING  thresholds fetch failed: timed out
2026-09-29T19:52:05Z  WARNING  stats fetch failed: timed out
2026-09-29T19:52:10Z  WARNING  thresholds fetch failed: timed out
2026-09-29T19:52:10Z  WARNING  stats fetch failed: timed out
2026-09-29T19:52:15Z  WARNING  thresholds fetch failed: timed out
2026-09-29T19:52:15Z  WARNING  stats fetch failed: timed out
2026-09-29T19:52:20Z  WARNING  thresholds fetch failed: timed out
2026-09-29T19:52:20Z  WARNING  stats fetch failed: timed out
2026-09-29T19:52:25Z  WARNING  thresholds fetch failed: timed out
2026-09-29T19:52:25Z  WARNING  stats fetch failed: timed out
2026-09-29T19:52:30Z  WARNING  thresholds fetch failed: timed out
2026-09-29T19:52:30Z  WARNING  stats fetch failed: timed out
2026-09-29T19:52:35Z  WARNING  thresholds fetch failed: timed out
2026-09-29T19:52:35Z  WARNING  stats fetch failed: timed out
2026-09-29T19:52:40Z  WARNING  thresholds fetch failed: timed out
2026-09-29T19:52:40Z  WARNING  stats fetch failed: timed out
2026-09-29T19:52:45Z  WARNING  thresholds fetch failed: timed out
2026-09-29T19:52:45Z  WARNING  stats fetch failed: timed out
2026-09-29T19:52:50Z  WARNING  thresholds fetch failed: timed out
2026-09-29T19:52:50Z  WARNING  stats fetch failed: timed out
2026-09-29T19:52:55Z  WARNING  thresholds fetch failed: timed out
2026-09-29T19:52:55Z  WARNING  stats fetch failed: timed out
2026-09-29T19:53:00Z  WARNING  thresholds fetch failed: timed out
2026-09-29T19:53:00Z  WARNING  stats fetch failed: timed out
2026-09-29T19:53:05Z  WARNING  thresholds fetch failed: timed out
2026-09-29T19:53:05Z  WARNING  stats fetch failed: timed out
2026-09-29T19:53:10Z  WARNING  thresholds fetch failed: timed out
2026-09-29T19:53:10Z  WARNING  stats fetch failed: timed out
2026-09-29T19:53:15Z  WARNING  thresholds fetch failed: timed out
2026-09-29T19:53:15Z  WARNING  stats fetch failed: timed out
2026-09-29T19:53:20Z  WARNING  thresholds fetch failed: timed out
2026-09-29T19:53:20Z  WARNING  stats fetch failed: timed out
2026-09-29T19:53:25Z  WARNING  thresholds fetch failed: timed out
2026-09-29T19:53:25Z  WARNING  stats fetch failed: timed out
2026-09-29T19:53:30Z  WARNING  thresholds fetch failed: timed out
2026-09-29T19:53:30Z  WARNING  stats fetch failed: timed out
2026-09-29T19:53:35Z  WARNING  thresholds fetch failed: timed out
2026-09-29T19:53:35Z  WARNING  stats fetch failed: timed out
2026-09-29T19:53:40Z  WARNING  thresholds fetch failed: timed out
2026-09-29T19:53:40Z  WARNING  stats fetch failed: timed out
2026-09-29T19:53:45Z  WARNING  thresholds fetch failed: timed out
2026-09-29T19:53:45Z  WARNING  stats fetch failed: timed out
2026-09-29T19:53:50Z  WARNING  thresholds fetch failed: timed out
2026-09-29T19:53:50Z  WARNING  stats fetch failed: timed out
2026-09-29T19:53:55Z  WARNING  thresholds fetch failed: timed out
2026-09-29T19:53:55Z  WARNING  stats fetch failed: timed out
2026-09-29T19:54:00Z  WARNING  thresholds fetch failed: timed out
2026-09-29T19:54:00Z  WARNING  stats fetch failed: timed out
2026-09-29T19:54:05Z  WARNING  thresholds fetch failed: timed out
2026-09-29T19:54:05Z  WARNING  stats fetch failed: timed out
2026-09-29T19:54:10Z  WARNING  thresholds fetch failed: timed out
2026-09-29T19:54:10Z  WARNING  stats fetch failed: timed out
2026-09-29T19:54:15Z  WARNING  thresholds fetch failed: timed out
2026-09-29T19:54:15Z  WARNING  stats fetch failed: timed out
2026-09-29T19:54:20Z  WARNING  thresholds fetch failed: timed out
2026-09-29T19:54:20Z  WARNING  stats fetch failed: timed out
2026-09-29T19:54:25Z  WARNING  thresholds fetch failed: timed out
2026-09-29T19:54:25Z  WARNING  stats fetch failed: timed out
2026-09-29T19:54:30Z  WARNING  thresholds fetch failed: timed out
2026-09-29T19:54:30Z  WARNING  stats fetch failed: <urlopen error timed out>
2026-09-29T19:54:35Z  WARNING  thresholds fetch failed: timed out
2026-09-29T19:54:35Z  WARNING  stats fetch failed: timed out
2026-09-29T19:54:40Z  WARNING  thresholds fetch failed: timed out
2026-09-29T19:54:40Z  WARNING  stats fetch failed: timed out
2026-09-29T19:54:45Z  WARNING  thresholds fetch failed: timed out
2026-09-29T19:54:45Z  WARNING  stats fetch failed: timed out
2026-09-29T19:54:50Z  WARNING  thresholds fetch failed: timed out
2026-09-29T19:54:50Z  WARNING  stats fetch failed: timed out
2026-09-29T19:54:55Z  WARNING  thresholds fetch failed: timed out
2026-09-29T19:54:55Z  WARNING  stats fetch failed: timed out
2026-09-29T19:55:00Z  WARNING  thresholds fetch failed: timed out
2026-09-29T19:55:00Z  WARNING  stats fetch failed: timed out
2026-09-29T19:55:05Z  WARNING  thresholds fetch failed: timed out
2026-09-29T19:55:05Z  WARNING  stats fetch failed: timed out
2026-09-29T19:55:10Z  WARNING  thresholds fetch failed: timed out
2026-09-29T19:55:10Z  WARNING  stats fetch failed: timed out
2026-09-29T19:55:15Z  WARNING  thresholds fetch failed: timed out
2026-09-29T19:55:15Z  WARNING  stats fetch failed: timed out
2026-09-29T19:55:20Z  WARNING  thresholds fetch failed: timed out
2026-09-29T19:55:20Z  WARNING  stats fetch failed: timed out
2026-09-29T19:55:25Z  WARNING  thresholds fetch failed: timed out
2026-09-29T19:55:25Z  WARNING  stats fetch failed: timed out
2026-09-29T19:55:30Z  WARNING  thresholds fetch failed: timed out
2026-09-29T19:55:30Z  WARNING  stats fetch failed: timed out
2026-09-29T19:55:35Z  WARNING  thresholds fetch failed: timed out
2026-09-29T19:55:35Z  WARNING  stats fetch failed: timed out
2026-09-29T19:55:40Z  WARNING  thresholds fetch failed: timed out
2026-09-29T19:55:40Z  WARNING  stats fetch failed: timed out
2026-09-29T19:55:45Z  WARNING  thresholds fetch failed: timed out
2026-09-29T19:55:45Z  WARNING  stats fetch failed: timed out
2026-09-29T19:55:50Z  WARNING  thresholds fetch failed: timed out
2026-09-29T19:55:50Z  WARNING  stats fetch failed: timed out
2026-09-29T19:55:55Z  WARNING  thresholds fetch failed: timed out
2026-09-29T19:55:55Z  WARNING  stats fetch failed: timed out
2026-09-29T19:56:00Z  WARNING  thresholds fetch failed: timed out
2026-09-29T19:56:00Z  WARNING  stats fetch failed: timed out
2026-09-29T19:56:05Z  WARNING  thresholds fetch failed: timed out
2026-09-29T19:56:05Z  WARNING  stats fetch failed: timed out
2026-09-29T19:56:10Z  WARNING  thresholds fetch failed: timed out
2026-09-29T19:56:10Z  WARNING  stats fetch failed: timed out
2026-09-29T19:56:15Z  WARNING  thresholds fetch failed: timed out
2026-09-29T19:56:15Z  WARNING  stats fetch failed: timed out
2026-09-29T19:56:20Z  WARNING  thresholds fetch failed: timed out
2026-09-29T19:56:20Z  WARNING  stats fetch failed: timed out
2026-09-29T19:56:25Z  WARNING  thresholds fetch failed: timed out
2026-09-29T19:56:25Z  WARNING  stats fetch failed: timed out
2026-09-29T19:56:30Z  WARNING  thresholds fetch failed: timed out
2026-09-29T19:56:30Z  WARNING  stats fetch failed: timed out
2026-09-29T19:56:35Z  WARNING  thresholds fetch failed: timed out
2026-09-29T19:56:35Z  WARNING  stats fetch failed: timed out
2026-09-29T19:56:40Z  WARNING  thresholds fetch failed: timed out
2026-09-29T19:56:40Z  WARNING  stats fetch failed: timed out
2026-09-29T19:56:45Z  WARNING  thresholds fetch failed: timed out
2026-09-29T19:56:45Z  WARNING  stats fetch failed: timed out
2026-09-29T19:56:50Z  WARNING  thresholds fetch failed: timed out
2026-09-29T19:56:50Z  WARNING  stats fetch failed: timed out
2026-09-29T19:56:55Z  WARNING  thresholds fetch failed: timed out
2026-09-29T19:56:55Z  WARNING  stats fetch failed: timed out
2026-09-29T19:57:00Z  WARNING  thresholds fetch failed: timed out
2026-09-29T19:57:00Z  WARNING  stats fetch failed: timed out
2026-09-29T19:57:05Z  WARNING  thresholds fetch failed: timed out
2026-09-29T19:57:05Z  WARNING  stats fetch failed: timed out
2026-09-29T19:57:10Z  WARNING  thresholds fetch failed: timed out
2026-09-29T19:57:10Z  WARNING  stats fetch failed: timed out
2026-09-29T19:57:15Z  WARNING  thresholds fetch failed: timed out
2026-09-29T19:57:15Z  WARNING  stats fetch failed: timed out
2026-09-29T19:57:20Z  WARNING  thresholds fetch failed: timed out
2026-09-29T19:57:20Z  WARNING  stats fetch failed: timed out
2026-09-29T19:57:25Z  WARNING  thresholds fetch failed: timed out
2026-09-29T19:57:25Z  WARNING  stats fetch failed: timed out
2026-09-29T19:57:30Z  WARNING  thresholds fetch failed: timed out
2026-09-29T19:57:30Z  WARNING  stats fetch failed: timed out
2026-09-29T19:57:35Z  WARNING  thresholds fetch failed: timed out
2026-09-29T19:57:35Z  WARNING  stats fetch failed: timed out
2026-09-29T19:57:40Z  WARNING  thresholds fetch failed: timed out
2026-09-29T19:57:40Z  WARNING  stats fetch failed: timed out
2026-09-29T19:57:45Z  WARNING  thresholds fetch failed: timed out
2026-09-29T19:57:45Z  WARNING  stats fetch failed: timed out
2026-09-29T19:57:50Z  WARNING  thresholds fetch failed: timed out
2026-09-29T19:57:50Z  WARNING  stats fetch failed: timed out
2026-09-29T19:57:55Z  WARNING  thresholds fetch failed: timed out
2026-09-29T19:57:55Z  WARNING  stats fetch failed: timed out
2026-09-29T19:58:00Z  WARNING  thresholds fetch failed: timed out
2026-09-29T19:58:00Z  WARNING  stats fetch failed: timed out
2026-09-29T19:58:05Z  WARNING  thresholds fetch failed: timed out
2026-09-29T19:58:05Z  WARNING  stats fetch failed: timed out
2026-09-29T19:58:10Z  WARNING  thresholds fetch failed: timed out
2026-09-29T19:58:10Z  WARNING  stats fetch failed: timed out
2026-09-29T19:58:15Z  WARNING  thresholds fetch failed: timed out
2026-09-29T19:58:15Z  WARNING  stats fetch failed: timed out
2026-09-29T19:58:20Z  WARNING  thresholds fetch failed: timed out
2026-09-29T19:58:20Z  WARNING  stats fetch failed: timed out
2026-09-29T19:58:25Z  WARNING  thresholds fetch failed: timed out
2026-09-29T19:58:25Z  WARNING  stats fetch failed: timed out
2026-09-29T19:58:30Z  WARNING  thresholds fetch failed: timed out
2026-09-29T19:58:30Z  WARNING  stats fetch failed: timed out
2026-09-29T19:58:35Z  WARNING  thresholds fetch failed: timed out
2026-09-29T19:58:35Z  WARNING  stats fetch failed: timed out
2026-09-29T19:58:40Z  WARNING  thresholds fetch failed: timed out
2026-09-29T19:58:40Z  WARNING  stats fetch failed: timed out
2026-09-29T19:58:45Z  WARNING  thresholds fetch failed: timed out
2026-09-29T19:58:45Z  WARNING  stats fetch failed: timed out
2026-09-29T19:58:50Z  WARNING  thresholds fetch failed: timed out
2026-09-29T19:58:50Z  WARNING  stats fetch failed: timed out
2026-09-29T19:58:55Z  WARNING  thresholds fetch failed: timed out
2026-09-29T19:58:55Z  WARNING  stats fetch failed: timed out
2026-09-29T19:59:00Z  WARNING  thresholds fetch failed: timed out
2026-09-29T19:59:00Z  WARNING  stats fetch failed: timed out
2026-09-29T19:59:05Z  WARNING  thresholds fetch failed: timed out
2026-09-29T19:59:05Z  WARNING  stats fetch failed: timed out
2026-09-29T19:59:10Z  WARNING  thresholds fetch failed: timed out
2026-09-29T19:59:10Z  WARNING  stats fetch failed: timed out
2026-09-29T19:59:15Z  WARNING  thresholds fetch failed: timed out
2026-09-29T19:59:15Z  WARNING  stats fetch failed: timed out
2026-09-29T19:59:20Z  WARNING  thresholds fetch failed: timed out
2026-09-29T19:59:20Z  WARNING  stats fetch failed: timed out
2026-09-29T19:59:25Z  WARNING  thresholds fetch failed: timed out
2026-09-29T19:59:25Z  WARNING  stats fetch failed: timed out
2026-09-29T19:59:30Z  WARNING  thresholds fetch failed: timed out
2026-09-29T19:59:30Z  WARNING  stats fetch failed: timed out
2026-09-29T19:59:35Z  WARNING  thresholds fetch failed: timed out
2026-09-29T19:59:35Z  WARNING  stats fetch failed: timed out
2026-09-29T19:59:40Z  WARNING  thresholds fetch failed: timed out
2026-09-29T19:59:40Z  WARNING  stats fetch failed: timed out
2026-09-29T19:59:45Z  WARNING  thresholds fetch failed: timed out
2026-09-29T19:59:45Z  WARNING  stats fetch failed: timed out
2026-09-29T19:59:50Z  WARNING  thresholds fetch failed: timed out
2026-09-29T19:59:50Z  WARNING  stats fetch failed: timed out
2026-09-29T19:59:55Z  WARNING  thresholds fetch failed: timed out
2026-09-29T19:59:55Z  WARNING  stats fetch failed: timed out
2026-09-29T20:00:00Z  WARNING  thresholds fetch failed: timed out
2026-09-29T20:00:00Z  WARNING  stats fetch failed: timed out
2026-09-29T20:00:05Z  WARNING  thresholds fetch failed: timed out
2026-09-29T20:00:05Z  WARNING  stats fetch failed: timed out
2026-09-29T20:00:10Z  WARNING  thresholds fetch failed: timed out
2026-09-29T20:00:10Z  WARNING  stats fetch failed: timed out
2026-09-29T20:00:15Z  WARNING  thresholds fetch failed: timed out
2026-09-29T20:00:15Z  WARNING  stats fetch failed: timed out
2026-09-29T20:00:20Z  WARNING  thresholds fetch failed: timed out
2026-09-29T20:00:20Z  WARNING  stats fetch failed: timed out
2026-09-29T20:00:25Z  WARNING  thresholds fetch failed: timed out
2026-09-29T20:00:25Z  WARNING  stats fetch failed: timed out
2026-09-29T20:00:30Z  WARNING  thresholds fetch failed: timed out
2026-09-29T20:00:30Z  WARNING  stats fetch failed: timed out
2026-09-29T20:00:35Z  WARNING  thresholds fetch failed: timed out
2026-09-29T20:00:35Z  WARNING  stats fetch failed: timed out
2026-09-29T20:00:40Z  WARNING  thresholds fetch failed: timed out
2026-09-29T20:00:40Z  WARNING  stats fetch failed: timed out
2026-09-29T20:00:47Z  SHUTDOWN  signal=15
2026-09-29T20:00:47Z  EXIT
