2026-10-07T12:10:59Z  START  poll_interval=1s layer_a_poll_interval=5s
2026-10-07T12:16:40Z  WARNING  thresholds fetch failed: timed out
2026-10-07T12:16:40Z  WARNING  stats fetch failed: timed out
2026-10-07T12:16:45Z  WARNING  thresholds fetch failed: timed out
2026-10-07T12:16:45Z  WARNING  stats fetch failed: timed out
2026-10-07T12:16:50Z  WARNING  thresholds fetch failed: timed out
2026-10-07T12:16:50Z  WARNING  stats fetch failed: timed out
2026-10-07T12:16:55Z  WARNING  thresholds fetch failed: timed out
2026-10-07T12:16:55Z  WARNING  stats fetch failed: timed out
2026-10-07T12:17:00Z  WARNING  thresholds fetch failed: timed out
2026-10-07T12:17:00Z  WARNING  stats fetch failed: timed out
2026-10-07T12:17:05Z  WARNING  thresholds fetch failed: timed out
2026-10-07T12:17:05Z  WARNING  stats fetch failed: timed out
2026-10-07T12:17:10Z  WARNING  thresholds fetch failed: timed out
2026-10-07T12:17:10Z  WARNING  stats fetch failed: timed out
2026-10-07T12:17:15Z  WARNING  thresholds fetch failed: timed out
2026-10-07T12:17:15Z  WARNING  stats fetch failed: timed out
2026-10-07T12:17:20Z  WARNING  thresholds fetch failed: timed out
2026-10-07T12:17:20Z  WARNING  stats fetch failed: timed out
2026-10-07T12:17:25Z  WARNING  thresholds fetch failed: timed out
2026-10-07T12:17:25Z  WARNING  stats fetch failed: timed out
2026-10-07T12:17:30Z  WARNING  thresholds fetch failed: timed out
2026-10-07T12:17:30Z  WARNING  stats fetch failed: timed out
2026-10-07T12:17:35Z  WARNING  thresholds fetch failed: timed out
2026-10-07T12:17:35Z  WARNING  stats fetch failed: timed out
2026-10-07T12:17:40Z  WARNING  thresholds fetch failed: timed out
2026-10-07T12:17:40Z  WARNING  stats fetch failed: timed out
2026-10-07T12:17:45Z  WARNING  thresholds fetch failed: timed out
2026-10-07T12:17:45Z  WARNING  stats fetch failed: timed out
2026-10-07T12:17:50Z  WARNING  thresholds fetch failed: timed out
2026-10-07T12:17:50Z  WARNING  stats fetch failed: timed out
2026-10-07T12:17:55Z  WARNING  thresholds fetch failed: timed out
2026-10-07T12:17:55Z  WARNING  stats fetch failed: timed out
2026-10-07T12:18:00Z  WARNING  thresholds fetch failed: timed out
2026-10-07T12:18:00Z  WARNING  stats fetch failed: timed out
2026-10-07T12:18:05Z  WARNING  thresholds fetch failed: timed out
2026-10-07T12:18:05Z  WARNING  stats fetch failed: timed out
2026-10-07T12:18:10Z  WARNING  thresholds fetch failed: timed out
2026-10-07T12:18:10Z  WARNING  stats fetch failed: timed out
2026-10-07T12:18:15Z  WARNING  thresholds fetch failed: timed out
2026-10-07T12:18:15Z  WARNING  stats fetch failed: timed out
2026-10-07T12:18:20Z  WARNING  thresholds fetch failed: timed out
2026-10-07T12:18:20Z  WARNING  stats fetch failed: timed out
2026-10-07T12:18:25Z  WARNING  thresholds fetch failed: timed out
2026-10-07T12:18:25Z  WARNING  stats fetch failed: timed out
2026-10-07T12:18:30Z  WARNING  thresholds fetch failed: timed out
2026-10-07T12:18:30Z  WARNING  stats fetch failed: timed out
2026-10-07T12:18:35Z  WARNING  thresholds fetch failed: timed out
2026-10-07T12:18:35Z  WARNING  stats fetch failed: timed out
2026-10-07T12:18:40Z  WARNING  thresholds fetch failed: timed out
2026-10-07T12:18:40Z  WARNING  stats fetch failed: timed out
2026-10-07T12:18:45Z  WARNING  thresholds fetch failed: timed out
2026-10-07T12:18:45Z  WARNING  stats fetch failed: timed out
2026-10-07T12:18:50Z  WARNING  thresholds fetch failed: timed out
2026-10-07T12:18:50Z  WARNING  stats fetch failed: timed out
2026-10-07T12:18:55Z  WARNING  thresholds fetch failed: timed out
2026-10-07T12:18:55Z  WARNING  stats fetch failed: timed out
2026-10-07T12:19:00Z  WARNING  thresholds fetch failed: timed out
2026-10-07T12:19:00Z  WARNING  stats fetch failed: timed out
2026-10-07T12:19:05Z  WARNING  thresholds fetch failed: timed out
2026-10-07T12:19:05Z  WARNING  stats fetch failed: timed out
2026-10-07T12:19:10Z  WARNING  thresholds fetch failed: timed out
2026-10-07T12:19:10Z  WARNING  stats fetch failed: timed out
2026-10-07T12:19:15Z  WARNING  thresholds fetch failed: timed out
2026-10-07T12:19:15Z  WARNING  stats fetch failed: timed out
2026-10-07T12:19:20Z  WARNING  thresholds fetch failed: timed out
2026-10-07T12:19:20Z  WARNING  stats fetch failed: timed out
2026-10-07T12:19:25Z  WARNING  thresholds fetch failed: timed out
2026-10-07T12:19:25Z  WARNING  stats fetch failed: timed out
2026-10-07T12:19:30Z  WARNING  thresholds fetch failed: timed out
2026-10-07T12:19:30Z  WARNING  stats fetch failed: timed out
2026-10-07T12:19:35Z  WARNING  thresholds fetch failed: timed out
2026-10-07T12:19:35Z  WARNING  stats fetch failed: timed out
2026-10-07T12:19:40Z  WARNING  thresholds fetch failed: timed out
2026-10-07T12:19:40Z  WARNING  stats fetch failed: timed out
2026-10-07T12:19:45Z  WARNING  thresholds fetch failed: timed out
2026-10-07T12:19:45Z  WARNING  stats fetch failed: timed out
2026-10-07T12:19:50Z  WARNING  thresholds fetch failed: timed out
2026-10-07T12:19:50Z  WARNING  stats fetch failed: timed out
2026-10-07T12:19:55Z  WARNING  thresholds fetch failed: timed out
2026-10-07T12:19:55Z  WARNING  stats fetch failed: timed out
2026-10-07T12:20:00Z  WARNING  thresholds fetch failed: timed out
2026-10-07T12:20:00Z  WARNING  stats fetch failed: timed out
2026-10-07T12:20:05Z  WARNING  thresholds fetch failed: timed out
2026-10-07T12:20:05Z  WARNING  stats fetch failed: timed out
2026-10-07T12:20:10Z  WARNING  thresholds fetch failed: timed out
2026-10-07T12:20:10Z  WARNING  stats fetch failed: timed out
2026-10-07T12:20:15Z  WARNING  thresholds fetch failed: timed out
2026-10-07T12:20:15Z  WARNING  stats fetch failed: timed out
2026-10-07T12:20:20Z  WARNING  thresholds fetch failed: timed out
2026-10-07T12:20:20Z  WARNING  stats fetch failed: timed out
2026-10-07T12:20:25Z  WARNING  thresholds fetch failed: timed out
2026-10-07T12:20:25Z  WARNING  stats fetch failed: timed out
2026-10-07T12:20:30Z  WARNING  thresholds fetch failed: timed out
2026-10-07T12:20:30Z  WARNING  stats fetch failed: timed out
2026-10-07T12:20:35Z  WARNING  thresholds fetch failed: timed out
2026-10-07T12:20:35Z  WARNING  stats fetch failed: timed out
2026-10-07T12:20:40Z  WARNING  thresholds fetch failed: timed out
2026-10-07T12:20:40Z  WARNING  stats fetch failed: timed out
2026-10-07T12:20:45Z  WARNING  thresholds fetch failed: timed out
2026-10-07T12:20:45Z  WARNING  stats fetch failed: timed out
2026-10-07T12:20:50Z  WARNING  thresholds fetch failed: timed out
2026-10-07T12:20:50Z  WARNING  stats fetch failed: timed out
2026-10-07T12:20:55Z  WARNING  thresholds fetch failed: timed out
2026-10-07T12:20:55Z  WARNING  stats fetch failed: timed out
2026-10-07T12:21:00Z  WARNING  thresholds fetch failed: timed out
2026-10-07T12:21:00Z  WARNING  stats fetch failed: timed out
2026-10-07T12:21:05Z  WARNING  thresholds fetch failed: timed out
2026-10-07T12:21:05Z  WARNING  stats fetch failed: timed out
2026-10-07T12:21:10Z  WARNING  thresholds fetch failed: timed out
2026-10-07T12:21:10Z  WARNING  stats fetch failed: timed out
2026-10-07T12:21:15Z  WARNING  thresholds fetch failed: timed out
2026-10-07T12:21:15Z  WARNING  stats fetch failed: timed out
2026-10-07T12:21:20Z  WARNING  thresholds fetch failed: timed out
2026-10-07T12:21:20Z  WARNING  stats fetch failed: timed out
2026-10-07T12:21:25Z  WARNING  thresholds fetch failed: timed out
2026-10-07T12:21:25Z  WARNING  stats fetch failed: timed out
2026-10-07T12:21:30Z  WARNING  thresholds fetch failed: timed out
2026-10-07T12:21:30Z  WARNING  stats fetch failed: timed out
2026-10-07T12:21:35Z  WARNING  thresholds fetch failed: timed out
2026-10-07T12:21:35Z  WARNING  stats fetch failed: timed out
2026-10-07T12:21:40Z  WARNING  thresholds fetch failed: timed out
2026-10-07T12:21:40Z  WARNING  stats fetch failed: timed out
2026-10-07T12:21:45Z  WARNING  thresholds fetch failed: timed out
2026-10-07T12:21:45Z  WARNING  stats fetch failed: timed out
2026-10-07T12:21:50Z  WARNING  thresholds fetch failed: timed out
2026-10-07T12:21:50Z  WARNING  stats fetch failed: timed out
2026-10-07T12:21:55Z  WARNING  thresholds fetch failed: timed out
2026-10-07T12:21:55Z  WARNING  stats fetch failed: timed out
2026-10-07T12:22:01Z  SHUTDOWN  signal=15
2026-10-07T12:22:02Z  EXIT
