2026-10-07T23:08:30Z  START  poll_interval=1s layer_a_poll_interval=5s
2026-10-07T23:12:25Z  WARNING  thresholds fetch failed: timed out
2026-10-07T23:12:25Z  WARNING  stats fetch failed: timed out
2026-10-07T23:12:30Z  WARNING  thresholds fetch failed: timed out
2026-10-07T23:12:30Z  WARNING  stats fetch failed: timed out
2026-10-07T23:12:35Z  WARNING  thresholds fetch failed: timed out
2026-10-07T23:12:35Z  WARNING  stats fetch failed: timed out
2026-10-07T23:12:40Z  WARNING  thresholds fetch failed: timed out
2026-10-07T23:12:40Z  WARNING  stats fetch failed: timed out
2026-10-07T23:12:45Z  WARNING  thresholds fetch failed: timed out
2026-10-07T23:12:45Z  WARNING  stats fetch failed: timed out
2026-10-07T23:12:50Z  WARNING  thresholds fetch failed: timed out
2026-10-07T23:12:50Z  WARNING  stats fetch failed: timed out
2026-10-07T23:12:55Z  WARNING  thresholds fetch failed: timed out
2026-10-07T23:12:55Z  WARNING  stats fetch failed: timed out
2026-10-07T23:13:00Z  WARNING  thresholds fetch failed: timed out
2026-10-07T23:13:00Z  WARNING  stats fetch failed: timed out
2026-10-07T23:13:05Z  WARNING  thresholds fetch failed: timed out
2026-10-07T23:13:05Z  WARNING  stats fetch failed: timed out
2026-10-07T23:13:10Z  WARNING  thresholds fetch failed: timed out
2026-10-07T23:13:10Z  WARNING  stats fetch failed: timed out
2026-10-07T23:13:15Z  WARNING  thresholds fetch failed: timed out
2026-10-07T23:13:15Z  WARNING  stats fetch failed: timed out
2026-10-07T23:13:20Z  WARNING  thresholds fetch failed: timed out
2026-10-07T23:13:20Z  WARNING  stats fetch failed: timed out
2026-10-07T23:13:25Z  WARNING  thresholds fetch failed: timed out
2026-10-07T23:13:25Z  WARNING  stats fetch failed: timed out
2026-10-07T23:13:30Z  WARNING  thresholds fetch failed: timed out
2026-10-07T23:13:30Z  WARNING  stats fetch failed: timed out
2026-10-07T23:13:35Z  WARNING  thresholds fetch failed: timed out
2026-10-07T23:13:35Z  WARNING  stats fetch failed: timed out
2026-10-07T23:13:40Z  WARNING  thresholds fetch failed: timed out
2026-10-07T23:13:40Z  WARNING  stats fetch failed: timed out
2026-10-07T23:13:45Z  WARNING  thresholds fetch failed: timed out
2026-10-07T23:13:45Z  WARNING  stats fetch failed: timed out
2026-10-07T23:13:50Z  WARNING  thresholds fetch failed: timed out
2026-10-07T23:13:50Z  WARNING  stats fetch failed: timed out
2026-10-07T23:13:55Z  WARNING  thresholds fetch failed: timed out
2026-10-07T23:13:55Z  WARNING  stats fetch failed: timed out
2026-10-07T23:14:00Z  WARNING  thresholds fetch failed: timed out
2026-10-07T23:14:00Z  WARNING  stats fetch failed: timed out
2026-10-07T23:14:05Z  WARNING  thresholds fetch failed: timed out
2026-10-07T23:14:05Z  WARNING  stats fetch failed: timed out
2026-10-07T23:14:10Z  WARNING  thresholds fetch failed: timed out
2026-10-07T23:14:10Z  WARNING  stats fetch failed: timed out
2026-10-07T23:14:15Z  WARNING  thresholds fetch failed: timed out
2026-10-07T23:14:15Z  WARNING  stats fetch failed: timed out
2026-10-07T23:14:20Z  WARNING  thresholds fetch failed: timed out
2026-10-07T23:14:20Z  WARNING  stats fetch failed: timed out
2026-10-07T23:14:25Z  WARNING  thresholds fetch failed: timed out
2026-10-07T23:14:25Z  WARNING  stats fetch failed: timed out
2026-10-07T23:14:30Z  WARNING  thresholds fetch failed: timed out
2026-10-07T23:14:30Z  WARNING  stats fetch failed: timed out
2026-10-07T23:14:35Z  WARNING  thresholds fetch failed: timed out
2026-10-07T23:14:35Z  WARNING  stats fetch failed: timed out
2026-10-07T23:14:40Z  WARNING  thresholds fetch failed: timed out
2026-10-07T23:14:40Z  WARNING  stats fetch failed: timed out
2026-10-07T23:14:45Z  WARNING  thresholds fetch failed: timed out
2026-10-07T23:14:45Z  WARNING  stats fetch failed: timed out
2026-10-07T23:14:50Z  WARNING  thresholds fetch failed: timed out
2026-10-07T23:14:50Z  WARNING  stats fetch failed: timed out
2026-10-07T23:14:55Z  WARNING  thresholds fetch failed: timed out
2026-10-07T23:14:55Z  WARNING  stats fetch failed: timed out
2026-10-07T23:15:00Z  WARNING  thresholds fetch failed: timed out
2026-10-07T23:15:00Z  WARNING  stats fetch failed: timed out
2026-10-07T23:15:05Z  WARNING  thresholds fetch failed: timed out
2026-10-07T23:15:05Z  WARNING  stats fetch failed: timed out
2026-10-07T23:15:10Z  WARNING  thresholds fetch failed: timed out
2026-10-07T23:15:10Z  WARNING  stats fetch failed: timed out
2026-10-07T23:15:15Z  WARNING  thresholds fetch failed: timed out
2026-10-07T23:15:15Z  WARNING  stats fetch failed: timed out
2026-10-07T23:15:20Z  WARNING  thresholds fetch failed: timed out
2026-10-07T23:15:20Z  WARNING  stats fetch failed: timed out
2026-10-07T23:15:25Z  WARNING  thresholds fetch failed: timed out
2026-10-07T23:15:25Z  WARNING  stats fetch failed: timed out
2026-10-07T23:15:30Z  WARNING  thresholds fetch failed: timed out
2026-10-07T23:15:30Z  WARNING  stats fetch failed: timed out
2026-10-07T23:15:35Z  WARNING  thresholds fetch failed: timed out
2026-10-07T23:15:35Z  WARNING  stats fetch failed: timed out
2026-10-07T23:15:40Z  WARNING  thresholds fetch failed: timed out
2026-10-07T23:15:40Z  WARNING  stats fetch failed: timed out
2026-10-07T23:15:45Z  WARNING  thresholds fetch failed: timed out
2026-10-07T23:15:45Z  WARNING  stats fetch failed: timed out
2026-10-07T23:15:50Z  WARNING  thresholds fetch failed: timed out
2026-10-07T23:15:50Z  WARNING  stats fetch failed: timed out
2026-10-07T23:15:55Z  WARNING  thresholds fetch failed: timed out
2026-10-07T23:15:55Z  WARNING  stats fetch failed: timed out
2026-10-07T23:16:00Z  WARNING  thresholds fetch failed: timed out
2026-10-07T23:16:00Z  WARNING  stats fetch failed: timed out
2026-10-07T23:16:05Z  WARNING  thresholds fetch failed: timed out
2026-10-07T23:16:05Z  WARNING  stats fetch failed: timed out
2026-10-07T23:16:10Z  WARNING  thresholds fetch failed: timed out
2026-10-07T23:16:10Z  WARNING  stats fetch failed: timed out
2026-10-07T23:16:15Z  WARNING  thresholds fetch failed: timed out
2026-10-07T23:16:15Z  WARNING  stats fetch failed: timed out
2026-10-07T23:16:20Z  WARNING  thresholds fetch failed: timed out
2026-10-07T23:16:20Z  WARNING  stats fetch failed: timed out
2026-10-07T23:16:25Z  WARNING  thresholds fetch failed: timed out
2026-10-07T23:16:25Z  WARNING  stats fetch failed: timed out
2026-10-07T23:16:30Z  WARNING  thresholds fetch failed: timed out
2026-10-07T23:16:30Z  WARNING  stats fetch failed: timed out
2026-10-07T23:16:35Z  WARNING  thresholds fetch failed: timed out
2026-10-07T23:16:35Z  WARNING  stats fetch failed: timed out
2026-10-07T23:16:40Z  WARNING  thresholds fetch failed: timed out
2026-10-07T23:16:40Z  WARNING  stats fetch failed: timed out
2026-10-07T23:16:45Z  WARNING  thresholds fetch failed: timed out
2026-10-07T23:16:45Z  WARNING  stats fetch failed: timed out
2026-10-07T23:16:50Z  WARNING  thresholds fetch failed: timed out
2026-10-07T23:16:50Z  WARNING  stats fetch failed: timed out
2026-10-07T23:16:55Z  WARNING  thresholds fetch failed: timed out
2026-10-07T23:16:55Z  WARNING  stats fetch failed: timed out
2026-10-07T23:17:00Z  WARNING  thresholds fetch failed: timed out
2026-10-07T23:17:00Z  WARNING  stats fetch failed: timed out
2026-10-07T23:17:05Z  WARNING  thresholds fetch failed: timed out
2026-10-07T23:17:05Z  WARNING  stats fetch failed: timed out
2026-10-07T23:17:10Z  WARNING  thresholds fetch failed: timed out
2026-10-07T23:17:10Z  WARNING  stats fetch failed: timed out
2026-10-07T23:17:15Z  WARNING  thresholds fetch failed: timed out
2026-10-07T23:17:15Z  WARNING  stats fetch failed: timed out
2026-10-07T23:17:20Z  WARNING  thresholds fetch failed: timed out
2026-10-07T23:17:20Z  WARNING  stats fetch failed: timed out
2026-10-07T23:17:25Z  WARNING  thresholds fetch failed: timed out
2026-10-07T23:17:25Z  WARNING  stats fetch failed: timed out
2026-10-07T23:17:30Z  WARNING  thresholds fetch failed: timed out
2026-10-07T23:17:30Z  WARNING  stats fetch failed: timed out
2026-10-07T23:17:35Z  WARNING  thresholds fetch failed: timed out
2026-10-07T23:17:35Z  WARNING  stats fetch failed: timed out
2026-10-07T23:17:40Z  WARNING  thresholds fetch failed: timed out
2026-10-07T23:17:40Z  WARNING  stats fetch failed: timed out
2026-10-07T23:17:45Z  WARNING  thresholds fetch failed: timed out
2026-10-07T23:17:45Z  WARNING  stats fetch failed: timed out
2026-10-07T23:17:50Z  WARNING  thresholds fetch failed: timed out
2026-10-07T23:17:50Z  WARNING  stats fetch failed: timed out
2026-10-07T23:17:55Z  WARNING  thresholds fetch failed: <urlopen error timed out>
2026-10-07T23:17:55Z  WARNING  stats fetch failed: timed out
2026-10-07T23:18:00Z  WARNING  thresholds fetch failed: timed out
2026-10-07T23:18:00Z  WARNING  stats fetch failed: timed out
2026-10-07T23:18:05Z  WARNING  thresholds fetch failed: timed out
2026-10-07T23:18:05Z  WARNING  stats fetch failed: timed out
2026-10-07T23:18:10Z  WARNING  thresholds fetch failed: timed out
2026-10-07T23:18:10Z  WARNING  stats fetch failed: timed out
2026-10-07T23:18:15Z  WARNING  thresholds fetch failed: timed out
2026-10-07T23:18:15Z  WARNING  stats fetch failed: timed out
2026-10-07T23:18:20Z  WARNING  thresholds fetch failed: timed out
2026-10-07T23:18:20Z  WARNING  stats fetch failed: timed out
2026-10-07T23:18:25Z  WARNING  thresholds fetch failed: timed out
2026-10-07T23:18:25Z  WARNING  stats fetch failed: timed out
2026-10-07T23:18:30Z  WARNING  thresholds fetch failed: timed out
2026-10-07T23:18:30Z  WARNING  stats fetch failed: timed out
2026-10-07T23:18:35Z  WARNING  thresholds fetch failed: timed out
2026-10-07T23:18:35Z  WARNING  stats fetch failed: timed out
2026-10-07T23:18:40Z  WARNING  thresholds fetch failed: timed out
2026-10-07T23:18:40Z  WARNING  stats fetch failed: timed out
2026-10-07T23:18:45Z  WARNING  thresholds fetch failed: timed out
2026-10-07T23:18:45Z  WARNING  stats fetch failed: timed out
2026-10-07T23:18:50Z  WARNING  thresholds fetch failed: timed out
2026-10-07T23:18:50Z  WARNING  stats fetch failed: timed out
2026-10-07T23:18:55Z  WARNING  thresholds fetch failed: timed out
2026-10-07T23:18:55Z  WARNING  stats fetch failed: timed out
2026-10-07T23:19:00Z  WARNING  thresholds fetch failed: timed out
2026-10-07T23:19:00Z  WARNING  stats fetch failed: timed out
2026-10-07T23:19:05Z  WARNING  thresholds fetch failed: timed out
2026-10-07T23:19:05Z  WARNING  stats fetch failed: timed out
2026-10-07T23:19:09Z  SHUTDOWN  signal=15
2026-10-07T23:19:09Z  EXIT
