2026-10-07T22:45:41Z  START  poll_interval=1s layer_a_poll_interval=5s
2026-10-07T22:45:45Z  WARNING  thresholds fetch failed: timed out
2026-10-07T22:45:45Z  WARNING  stats fetch failed: timed out
2026-10-07T22:45:50Z  WARNING  thresholds fetch failed: timed out
2026-10-07T22:45:50Z  WARNING  stats fetch failed: timed out
2026-10-07T22:47:10Z  WARNING  thresholds fetch failed: timed out
2026-10-07T22:47:10Z  WARNING  stats fetch failed: timed out
2026-10-07T22:47:15Z  WARNING  thresholds fetch failed: timed out
2026-10-07T22:47:15Z  WARNING  stats fetch failed: timed out
2026-10-07T22:47:20Z  WARNING  thresholds fetch failed: timed out
2026-10-07T22:47:20Z  WARNING  stats fetch failed: timed out
2026-10-07T22:47:25Z  WARNING  thresholds fetch failed: timed out
2026-10-07T22:47:25Z  WARNING  stats fetch failed: timed out
2026-10-07T22:47:30Z  WARNING  thresholds fetch failed: timed out
2026-10-07T22:47:30Z  WARNING  stats fetch failed: timed out
2026-10-07T22:47:35Z  WARNING  thresholds fetch failed: timed out
2026-10-07T22:47:35Z  WARNING  stats fetch failed: timed out
2026-10-07T22:47:40Z  WARNING  thresholds fetch failed: timed out
2026-10-07T22:47:40Z  WARNING  stats fetch failed: timed out
2026-10-07T22:47:45Z  WARNING  thresholds fetch failed: timed out
2026-10-07T22:47:45Z  WARNING  stats fetch failed: timed out
2026-10-07T22:47:50Z  WARNING  thresholds fetch failed: timed out
2026-10-07T22:47:50Z  WARNING  stats fetch failed: timed out
2026-10-07T22:47:55Z  WARNING  thresholds fetch failed: timed out
2026-10-07T22:47:55Z  WARNING  stats fetch failed: timed out
2026-10-07T22:48:00Z  WARNING  thresholds fetch failed: timed out
2026-10-07T22:48:00Z  WARNING  stats fetch failed: timed out
2026-10-07T22:48:05Z  WARNING  thresholds fetch failed: timed out
2026-10-07T22:48:05Z  WARNING  stats fetch failed: timed out
2026-10-07T22:48:10Z  WARNING  thresholds fetch failed: timed out
2026-10-07T22:48:10Z  WARNING  stats fetch failed: timed out
2026-10-07T22:48:15Z  WARNING  thresholds fetch failed: timed out
2026-10-07T22:48:15Z  WARNING  stats fetch failed: timed out
2026-10-07T22:48:20Z  WARNING  thresholds fetch failed: timed out
2026-10-07T22:48:20Z  WARNING  stats fetch failed: timed out
2026-10-07T22:48:25Z  WARNING  thresholds fetch failed: timed out
2026-10-07T22:48:25Z  WARNING  stats fetch failed: timed out
2026-10-07T22:48:30Z  WARNING  thresholds fetch failed: timed out
2026-10-07T22:48:30Z  WARNING  stats fetch failed: timed out
2026-10-07T22:48:35Z  WARNING  thresholds fetch failed: timed out
2026-10-07T22:48:35Z  WARNING  stats fetch failed: timed out
2026-10-07T22:48:40Z  WARNING  thresholds fetch failed: timed out
2026-10-07T22:48:40Z  WARNING  stats fetch failed: timed out
2026-10-07T22:48:45Z  WARNING  thresholds fetch failed: timed out
2026-10-07T22:48:45Z  WARNING  stats fetch failed: timed out
2026-10-07T22:48:50Z  WARNING  thresholds fetch failed: timed out
2026-10-07T22:48:50Z  WARNING  stats fetch failed: timed out
2026-10-07T22:48:55Z  WARNING  thresholds fetch failed: timed out
2026-10-07T22:48:55Z  WARNING  stats fetch failed: timed out
2026-10-07T22:49:00Z  WARNING  thresholds fetch failed: timed out
2026-10-07T22:49:00Z  WARNING  stats fetch failed: timed out
2026-10-07T22:49:05Z  WARNING  thresholds fetch failed: timed out
2026-10-07T22:49:05Z  WARNING  stats fetch failed: timed out
2026-10-07T22:49:10Z  WARNING  thresholds fetch failed: timed out
2026-10-07T22:49:10Z  WARNING  stats fetch failed: timed out
2026-10-07T22:49:15Z  WARNING  thresholds fetch failed: timed out
2026-10-07T22:49:15Z  WARNING  stats fetch failed: timed out
2026-10-07T22:49:20Z  WARNING  thresholds fetch failed: timed out
2026-10-07T22:49:20Z  WARNING  stats fetch failed: timed out
2026-10-07T22:49:25Z  WARNING  thresholds fetch failed: timed out
2026-10-07T22:49:25Z  WARNING  stats fetch failed: timed out
2026-10-07T22:49:30Z  WARNING  thresholds fetch failed: timed out
2026-10-07T22:49:30Z  WARNING  stats fetch failed: timed out
2026-10-07T22:49:35Z  WARNING  thresholds fetch failed: timed out
2026-10-07T22:49:35Z  WARNING  stats fetch failed: timed out
2026-10-07T22:49:40Z  WARNING  thresholds fetch failed: timed out
2026-10-07T22:49:40Z  WARNING  stats fetch failed: timed out
2026-10-07T22:49:45Z  WARNING  thresholds fetch failed: timed out
2026-10-07T22:49:45Z  WARNING  stats fetch failed: timed out
2026-10-07T22:49:50Z  WARNING  thresholds fetch failed: timed out
2026-10-07T22:49:50Z  WARNING  stats fetch failed: timed out
2026-10-07T22:49:55Z  WARNING  thresholds fetch failed: timed out
2026-10-07T22:49:55Z  WARNING  stats fetch failed: timed out
2026-10-07T22:50:00Z  WARNING  thresholds fetch failed: timed out
2026-10-07T22:50:00Z  WARNING  stats fetch failed: timed out
2026-10-07T22:50:05Z  WARNING  thresholds fetch failed: timed out
2026-10-07T22:50:05Z  WARNING  stats fetch failed: timed out
2026-10-07T22:50:10Z  WARNING  thresholds fetch failed: timed out
2026-10-07T22:50:10Z  WARNING  stats fetch failed: timed out
2026-10-07T22:50:15Z  WARNING  thresholds fetch failed: timed out
2026-10-07T22:50:15Z  WARNING  stats fetch failed: timed out
2026-10-07T22:50:20Z  WARNING  thresholds fetch failed: timed out
2026-10-07T22:50:20Z  WARNING  stats fetch failed: timed out
2026-10-07T22:50:25Z  WARNING  thresholds fetch failed: timed out
2026-10-07T22:50:25Z  WARNING  stats fetch failed: timed out
2026-10-07T22:50:30Z  WARNING  thresholds fetch failed: timed out
2026-10-07T22:50:30Z  WARNING  stats fetch failed: timed out
2026-10-07T22:50:35Z  WARNING  thresholds fetch failed: timed out
2026-10-07T22:50:35Z  WARNING  stats fetch failed: timed out
2026-10-07T22:50:40Z  WARNING  thresholds fetch failed: timed out
2026-10-07T22:50:40Z  WARNING  stats fetch failed: timed out
2026-10-07T22:50:45Z  WARNING  thresholds fetch failed: timed out
2026-10-07T22:50:45Z  WARNING  stats fetch failed: timed out
2026-10-07T22:50:50Z  WARNING  thresholds fetch failed: timed out
2026-10-07T22:50:50Z  WARNING  stats fetch failed: timed out
2026-10-07T22:50:55Z  WARNING  thresholds fetch failed: timed out
2026-10-07T22:50:55Z  WARNING  stats fetch failed: timed out
2026-10-07T22:51:00Z  WARNING  thresholds fetch failed: timed out
2026-10-07T22:51:00Z  WARNING  stats fetch failed: timed out
2026-10-07T22:51:05Z  WARNING  thresholds fetch failed: timed out
2026-10-07T22:51:05Z  WARNING  stats fetch failed: timed out
2026-10-07T22:51:10Z  WARNING  thresholds fetch failed: timed out
2026-10-07T22:51:10Z  WARNING  stats fetch failed: timed out
2026-10-07T22:51:15Z  WARNING  thresholds fetch failed: timed out
2026-10-07T22:51:15Z  WARNING  stats fetch failed: timed out
2026-10-07T22:51:20Z  WARNING  thresholds fetch failed: timed out
2026-10-07T22:51:20Z  WARNING  stats fetch failed: timed out
2026-10-07T22:51:25Z  WARNING  thresholds fetch failed: <urlopen error timed out>
2026-10-07T22:51:25Z  WARNING  stats fetch failed: timed out
2026-10-07T22:51:30Z  WARNING  thresholds fetch failed: timed out
2026-10-07T22:51:30Z  WARNING  stats fetch failed: timed out
2026-10-07T22:51:35Z  WARNING  thresholds fetch failed: timed out
2026-10-07T22:51:35Z  WARNING  stats fetch failed: timed out
2026-10-07T22:51:40Z  WARNING  thresholds fetch failed: timed out
2026-10-07T22:51:40Z  WARNING  stats fetch failed: timed out
2026-10-07T22:51:45Z  WARNING  thresholds fetch failed: timed out
2026-10-07T22:51:45Z  WARNING  stats fetch failed: timed out
2026-10-07T22:51:50Z  WARNING  thresholds fetch failed: timed out
2026-10-07T22:51:50Z  WARNING  stats fetch failed: timed out
2026-10-07T22:51:55Z  WARNING  thresholds fetch failed: timed out
2026-10-07T22:51:55Z  WARNING  stats fetch failed: timed out
2026-10-07T22:52:00Z  WARNING  thresholds fetch failed: timed out
2026-10-07T22:52:00Z  WARNING  stats fetch failed: timed out
2026-10-07T22:52:05Z  WARNING  thresholds fetch failed: timed out
2026-10-07T22:52:05Z  WARNING  stats fetch failed: timed out
2026-10-07T22:52:10Z  WARNING  thresholds fetch failed: timed out
2026-10-07T22:52:10Z  WARNING  stats fetch failed: timed out
2026-10-07T22:52:15Z  WARNING  thresholds fetch failed: timed out
2026-10-07T22:52:15Z  WARNING  stats fetch failed: timed out
2026-10-07T22:52:20Z  WARNING  thresholds fetch failed: timed out
2026-10-07T22:52:20Z  WARNING  stats fetch failed: timed out
2026-10-07T22:52:25Z  WARNING  thresholds fetch failed: timed out
2026-10-07T22:52:25Z  WARNING  stats fetch failed: timed out
2026-10-07T22:52:30Z  WARNING  thresholds fetch failed: timed out
2026-10-07T22:52:30Z  WARNING  stats fetch failed: timed out
2026-10-07T22:52:35Z  WARNING  thresholds fetch failed: timed out
2026-10-07T22:52:35Z  WARNING  stats fetch failed: timed out
2026-10-07T22:52:40Z  WARNING  thresholds fetch failed: timed out
2026-10-07T22:52:40Z  WARNING  stats fetch failed: timed out
2026-10-07T22:52:45Z  WARNING  thresholds fetch failed: timed out
2026-10-07T22:52:45Z  WARNING  stats fetch failed: timed out
2026-10-07T22:52:50Z  WARNING  thresholds fetch failed: timed out
2026-10-07T22:52:50Z  WARNING  stats fetch failed: timed out
2026-10-07T22:52:55Z  WARNING  thresholds fetch failed: timed out
2026-10-07T22:52:55Z  WARNING  stats fetch failed: timed out
2026-10-07T22:53:00Z  WARNING  thresholds fetch failed: timed out
2026-10-07T22:53:00Z  WARNING  stats fetch failed: timed out
2026-10-07T22:53:05Z  WARNING  thresholds fetch failed: timed out
2026-10-07T22:53:05Z  WARNING  stats fetch failed: timed out
2026-10-07T22:53:10Z  WARNING  thresholds fetch failed: timed out
2026-10-07T22:53:10Z  WARNING  stats fetch failed: timed out
2026-10-07T22:53:15Z  WARNING  thresholds fetch failed: timed out
2026-10-07T22:53:15Z  WARNING  stats fetch failed: timed out
2026-10-07T22:53:20Z  WARNING  thresholds fetch failed: timed out
2026-10-07T22:53:20Z  WARNING  stats fetch failed: timed out
2026-10-07T22:53:25Z  WARNING  thresholds fetch failed: timed out
2026-10-07T22:53:25Z  WARNING  stats fetch failed: timed out
2026-10-07T22:53:30Z  WARNING  thresholds fetch failed: timed out
2026-10-07T22:53:30Z  WARNING  stats fetch failed: timed out
2026-10-07T22:53:35Z  WARNING  thresholds fetch failed: timed out
2026-10-07T22:53:35Z  WARNING  stats fetch failed: timed out
2026-10-07T22:53:40Z  WARNING  thresholds fetch failed: timed out
2026-10-07T22:53:40Z  WARNING  stats fetch failed: timed out
2026-10-07T22:53:45Z  WARNING  thresholds fetch failed: timed out
2026-10-07T22:53:45Z  WARNING  stats fetch failed: timed out
2026-10-07T22:53:50Z  WARNING  thresholds fetch failed: timed out
2026-10-07T22:53:50Z  WARNING  stats fetch failed: timed out
2026-10-07T22:53:55Z  WARNING  thresholds fetch failed: timed out
2026-10-07T22:53:55Z  WARNING  stats fetch failed: <urlopen error timed out>
2026-10-07T22:54:00Z  WARNING  thresholds fetch failed: timed out
2026-10-07T22:54:00Z  WARNING  stats fetch failed: timed out
2026-10-07T22:54:05Z  WARNING  thresholds fetch failed: timed out
2026-10-07T22:54:05Z  WARNING  stats fetch failed: timed out
2026-10-07T22:54:10Z  WARNING  thresholds fetch failed: timed out
2026-10-07T22:54:10Z  WARNING  stats fetch failed: timed out
2026-10-07T22:54:15Z  WARNING  thresholds fetch failed: timed out
2026-10-07T22:54:15Z  WARNING  stats fetch failed: timed out
2026-10-07T22:54:20Z  WARNING  thresholds fetch failed: timed out
2026-10-07T22:54:20Z  WARNING  stats fetch failed: timed out
2026-10-07T22:54:25Z  WARNING  thresholds fetch failed: timed out
2026-10-07T22:54:25Z  WARNING  stats fetch failed: timed out
2026-10-07T22:54:30Z  WARNING  thresholds fetch failed: timed out
2026-10-07T22:54:30Z  WARNING  stats fetch failed: timed out
2026-10-07T22:54:35Z  WARNING  thresholds fetch failed: timed out
2026-10-07T22:54:35Z  WARNING  stats fetch failed: timed out
2026-10-07T22:54:40Z  WARNING  thresholds fetch failed: timed out
2026-10-07T22:54:40Z  WARNING  stats fetch failed: timed out
2026-10-07T22:54:45Z  WARNING  thresholds fetch failed: timed out
2026-10-07T22:54:45Z  WARNING  stats fetch failed: timed out
2026-10-07T22:54:50Z  WARNING  thresholds fetch failed: timed out
2026-10-07T22:54:50Z  WARNING  stats fetch failed: timed out
2026-10-07T22:54:55Z  WARNING  thresholds fetch failed: timed out
2026-10-07T22:54:55Z  WARNING  stats fetch failed: timed out
2026-10-07T22:55:00Z  WARNING  thresholds fetch failed: timed out
2026-10-07T22:55:00Z  WARNING  stats fetch failed: timed out
2026-10-07T22:55:05Z  WARNING  thresholds fetch failed: timed out
2026-10-07T22:55:05Z  WARNING  stats fetch failed: timed out
2026-10-07T22:55:10Z  WARNING  thresholds fetch failed: timed out
2026-10-07T22:55:10Z  WARNING  stats fetch failed: timed out
2026-10-07T22:55:15Z  WARNING  thresholds fetch failed: timed out
2026-10-07T22:55:15Z  WARNING  stats fetch failed: timed out
2026-10-07T22:55:20Z  WARNING  thresholds fetch failed: timed out
2026-10-07T22:55:20Z  WARNING  stats fetch failed: timed out
2026-10-07T22:55:25Z  WARNING  thresholds fetch failed: timed out
2026-10-07T22:55:25Z  WARNING  stats fetch failed: timed out
2026-10-07T22:55:30Z  WARNING  thresholds fetch failed: timed out
2026-10-07T22:55:30Z  WARNING  stats fetch failed: timed out
2026-10-07T22:55:35Z  WARNING  thresholds fetch failed: timed out
2026-10-07T22:55:35Z  WARNING  stats fetch failed: timed out
2026-10-07T22:55:40Z  WARNING  thresholds fetch failed: timed out
2026-10-07T22:55:40Z  WARNING  stats fetch failed: timed out
2026-10-07T22:55:45Z  WARNING  thresholds fetch failed: timed out
2026-10-07T22:55:45Z  WARNING  stats fetch failed: timed out
2026-10-07T22:55:50Z  WARNING  thresholds fetch failed: timed out
2026-10-07T22:55:50Z  WARNING  stats fetch failed: timed out
2026-10-07T22:55:55Z  WARNING  thresholds fetch failed: timed out
2026-10-07T22:55:55Z  WARNING  stats fetch failed: timed out
2026-10-07T22:56:00Z  WARNING  thresholds fetch failed: timed out
2026-10-07T22:56:00Z  WARNING  stats fetch failed: timed out
2026-10-07T22:56:05Z  WARNING  thresholds fetch failed: timed out
2026-10-07T22:56:05Z  WARNING  stats fetch failed: timed out
2026-10-07T22:56:10Z  WARNING  thresholds fetch failed: timed out
2026-10-07T22:56:10Z  WARNING  stats fetch failed: timed out
2026-10-07T22:56:15Z  WARNING  thresholds fetch failed: timed out
2026-10-07T22:56:15Z  WARNING  stats fetch failed: timed out
2026-10-07T22:56:20Z  SHUTDOWN  signal=15
2026-10-07T22:56:21Z  EXIT
