2026-09-29T21:18:33Z  START  poll_interval=1s layer_a_poll_interval=5s
2026-09-29T21:19:40Z  WARNING  thresholds fetch failed: timed out
2026-09-29T21:19:40Z  WARNING  stats fetch failed: timed out
2026-09-29T21:19:45Z  WARNING  thresholds fetch failed: timed out
2026-09-29T21:19:45Z  WARNING  stats fetch failed: timed out
2026-09-29T21:19:50Z  WARNING  thresholds fetch failed: timed out
2026-09-29T21:19:50Z  WARNING  stats fetch failed: timed out
2026-09-29T21:19:55Z  WARNING  thresholds fetch failed: timed out
2026-09-29T21:19:55Z  WARNING  stats fetch failed: timed out
2026-09-29T21:20:00Z  WARNING  thresholds fetch failed: timed out
2026-09-29T21:20:00Z  WARNING  stats fetch failed: timed out
2026-09-29T21:20:05Z  WARNING  thresholds fetch failed: timed out
2026-09-29T21:20:05Z  WARNING  stats fetch failed: timed out
2026-09-29T21:20:10Z  WARNING  thresholds fetch failed: timed out
2026-09-29T21:20:10Z  WARNING  stats fetch failed: timed out
2026-09-29T21:20:15Z  WARNING  thresholds fetch failed: timed out
2026-09-29T21:20:15Z  WARNING  stats fetch failed: timed out
2026-09-29T21:20:20Z  WARNING  thresholds fetch failed: timed out
2026-09-29T21:20:20Z  WARNING  stats fetch failed: timed out
2026-09-29T21:20:25Z  WARNING  thresholds fetch failed: timed out
2026-09-29T21:20:25Z  WARNING  stats fetch failed: timed out
2026-09-29T21:20:30Z  WARNING  thresholds fetch failed: timed out
2026-09-29T21:20:30Z  WARNING  stats fetch failed: timed out
2026-09-29T21:20:35Z  WARNING  thresholds fetch failed: timed out
2026-09-29T21:20:35Z  WARNING  stats fetch failed: timed out
2026-09-29T21:20:40Z  WARNING  thresholds fetch failed: timed out
2026-09-29T21:20:40Z  WARNING  stats fetch failed: timed out
2026-09-29T21:20:45Z  WARNING  thresholds fetch failed: timed out
2026-09-29T21:20:45Z  WARNING  stats fetch failed: timed out
2026-09-29T21:20:50Z  WARNING  thresholds fetch failed: timed out
2026-09-29T21:20:50Z  WARNING  stats fetch failed: timed out
2026-09-29T21:20:55Z  WARNING  thresholds fetch failed: timed out
2026-09-29T21:20:55Z  WARNING  stats fetch failed: timed out
2026-09-29T21:21:00Z  WARNING  thresholds fetch failed: timed out
2026-09-29T21:21:00Z  WARNING  stats fetch failed: timed out
2026-09-29T21:21:05Z  WARNING  thresholds fetch failed: timed out
2026-09-29T21:21:05Z  WARNING  stats fetch failed: timed out
2026-09-29T21:21:10Z  WARNING  thresholds fetch failed: timed out
2026-09-29T21:21:10Z  WARNING  stats fetch failed: timed out
2026-09-29T21:21:15Z  WARNING  thresholds fetch failed: timed out
2026-09-29T21:21:15Z  WARNING  stats fetch failed: timed out
2026-09-29T21:21:20Z  WARNING  thresholds fetch failed: timed out
2026-09-29T21:21:20Z  WARNING  stats fetch failed: timed out
2026-09-29T21:21:25Z  WARNING  thresholds fetch failed: timed out
2026-09-29T21:21:25Z  WARNING  stats fetch failed: timed out
2026-09-29T21:21:30Z  WARNING  thresholds fetch failed: timed out
2026-09-29T21:21:30Z  WARNING  stats fetch failed: timed out
2026-09-29T21:21:35Z  WARNING  thresholds fetch failed: timed out
2026-09-29T21:21:35Z  WARNING  stats fetch failed: timed out
2026-09-29T21:21:40Z  WARNING  thresholds fetch failed: timed out
2026-09-29T21:21:40Z  WARNING  stats fetch failed: timed out
2026-09-29T21:21:45Z  WARNING  thresholds fetch failed: timed out
2026-09-29T21:21:45Z  WARNING  stats fetch failed: timed out
2026-09-29T21:21:50Z  WARNING  thresholds fetch failed: timed out
2026-09-29T21:21:50Z  WARNING  stats fetch failed: timed out
2026-09-29T21:21:55Z  WARNING  thresholds fetch failed: timed out
2026-09-29T21:21:55Z  WARNING  stats fetch failed: timed out
2026-09-29T21:22:00Z  WARNING  thresholds fetch failed: timed out
2026-09-29T21:22:00Z  WARNING  stats fetch failed: timed out
2026-09-29T21:22:05Z  WARNING  thresholds fetch failed: timed out
2026-09-29T21:22:05Z  WARNING  stats fetch failed: timed out
2026-09-29T21:22:10Z  WARNING  thresholds fetch failed: timed out
2026-09-29T21:22:10Z  WARNING  stats fetch failed: timed out
2026-09-29T21:22:15Z  WARNING  thresholds fetch failed: timed out
2026-09-29T21:22:15Z  WARNING  stats fetch failed: timed out
2026-09-29T21:22:20Z  WARNING  thresholds fetch failed: timed out
2026-09-29T21:22:20Z  WARNING  stats fetch failed: timed out
2026-09-29T21:22:25Z  WARNING  thresholds fetch failed: timed out
2026-09-29T21:22:25Z  WARNING  stats fetch failed: timed out
2026-09-29T21:22:30Z  WARNING  thresholds fetch failed: timed out
2026-09-29T21:22:30Z  WARNING  stats fetch failed: timed out
2026-09-29T21:22:35Z  WARNING  thresholds fetch failed: timed out
2026-09-29T21:22:35Z  WARNING  stats fetch failed: timed out
2026-09-29T21:22:40Z  WARNING  thresholds fetch failed: timed out
2026-09-29T21:22:40Z  WARNING  stats fetch failed: timed out
2026-09-29T21:22:45Z  WARNING  thresholds fetch failed: timed out
2026-09-29T21:22:45Z  WARNING  stats fetch failed: timed out
2026-09-29T21:22:50Z  WARNING  thresholds fetch failed: timed out
2026-09-29T21:22:50Z  WARNING  stats fetch failed: timed out
2026-09-29T21:22:55Z  WARNING  thresholds fetch failed: timed out
2026-09-29T21:22:55Z  WARNING  stats fetch failed: timed out
2026-09-29T21:23:00Z  WARNING  thresholds fetch failed: timed out
2026-09-29T21:23:00Z  WARNING  stats fetch failed: timed out
2026-09-29T21:23:05Z  WARNING  thresholds fetch failed: timed out
2026-09-29T21:23:05Z  WARNING  stats fetch failed: timed out
2026-09-29T21:23:10Z  WARNING  thresholds fetch failed: timed out
2026-09-29T21:23:10Z  WARNING  stats fetch failed: timed out
2026-09-29T21:23:15Z  WARNING  thresholds fetch failed: timed out
2026-09-29T21:23:15Z  WARNING  stats fetch failed: timed out
2026-09-29T21:23:20Z  WARNING  thresholds fetch failed: timed out
2026-09-29T21:23:20Z  WARNING  stats fetch failed: timed out
2026-09-29T21:23:25Z  WARNING  thresholds fetch failed: timed out
2026-09-29T21:23:25Z  WARNING  stats fetch failed: timed out
2026-09-29T21:23:30Z  WARNING  thresholds fetch failed: timed out
2026-09-29T21:23:30Z  WARNING  stats fetch failed: timed out
2026-09-29T21:23:35Z  WARNING  thresholds fetch failed: timed out
2026-09-29T21:23:35Z  WARNING  stats fetch failed: timed out
2026-09-29T21:23:40Z  WARNING  thresholds fetch failed: timed out
2026-09-29T21:23:40Z  WARNING  stats fetch failed: timed out
2026-09-29T21:23:45Z  WARNING  thresholds fetch failed: timed out
2026-09-29T21:23:45Z  WARNING  stats fetch failed: timed out
2026-09-29T21:23:50Z  WARNING  thresholds fetch failed: timed out
2026-09-29T21:23:50Z  WARNING  stats fetch failed: timed out
2026-09-29T21:23:55Z  WARNING  thresholds fetch failed: timed out
2026-09-29T21:23:55Z  WARNING  stats fetch failed: timed out
2026-09-29T21:24:00Z  WARNING  thresholds fetch failed: timed out
2026-09-29T21:24:00Z  WARNING  stats fetch failed: timed out
2026-09-29T21:24:05Z  WARNING  thresholds fetch failed: timed out
2026-09-29T21:24:05Z  WARNING  stats fetch failed: timed out
2026-09-29T21:24:10Z  WARNING  thresholds fetch failed: timed out
2026-09-29T21:24:10Z  WARNING  stats fetch failed: timed out
2026-09-29T21:24:15Z  WARNING  thresholds fetch failed: timed out
2026-09-29T21:24:15Z  WARNING  stats fetch failed: timed out
2026-09-29T21:24:20Z  WARNING  thresholds fetch failed: timed out
2026-09-29T21:24:20Z  WARNING  stats fetch failed: timed out
2026-09-29T21:24:25Z  WARNING  thresholds fetch failed: timed out
2026-09-29T21:24:25Z  WARNING  stats fetch failed: timed out
2026-09-29T21:24:30Z  WARNING  thresholds fetch failed: timed out
2026-09-29T21:24:30Z  WARNING  stats fetch failed: timed out
2026-09-29T21:24:35Z  WARNING  thresholds fetch failed: timed out
2026-09-29T21:24:35Z  WARNING  stats fetch failed: timed out
2026-09-29T21:24:40Z  WARNING  thresholds fetch failed: timed out
2026-09-29T21:24:40Z  WARNING  stats fetch failed: timed out
2026-09-29T21:24:45Z  WARNING  thresholds fetch failed: timed out
2026-09-29T21:24:45Z  WARNING  stats fetch failed: timed out
2026-09-29T21:24:50Z  WARNING  thresholds fetch failed: timed out
2026-09-29T21:24:50Z  WARNING  stats fetch failed: timed out
2026-09-29T21:24:55Z  WARNING  thresholds fetch failed: timed out
2026-09-29T21:24:55Z  WARNING  stats fetch failed: timed out
2026-09-29T21:25:00Z  WARNING  thresholds fetch failed: timed out
2026-09-29T21:25:00Z  WARNING  stats fetch failed: timed out
2026-09-29T21:25:05Z  WARNING  thresholds fetch failed: timed out
2026-09-29T21:25:05Z  WARNING  stats fetch failed: timed out
2026-09-29T21:25:10Z  WARNING  thresholds fetch failed: timed out
2026-09-29T21:25:10Z  WARNING  stats fetch failed: timed out
2026-09-29T21:25:15Z  WARNING  thresholds fetch failed: timed out
2026-09-29T21:25:15Z  WARNING  stats fetch failed: timed out
2026-09-29T21:25:20Z  WARNING  thresholds fetch failed: timed out
2026-09-29T21:25:20Z  WARNING  stats fetch failed: timed out
2026-09-29T21:25:25Z  WARNING  thresholds fetch failed: timed out
2026-09-29T21:25:25Z  WARNING  stats fetch failed: timed out
2026-09-29T21:25:30Z  WARNING  thresholds fetch failed: timed out
2026-09-29T21:25:30Z  WARNING  stats fetch failed: timed out
2026-09-29T21:25:35Z  WARNING  thresholds fetch failed: timed out
2026-09-29T21:25:35Z  WARNING  stats fetch failed: timed out
2026-09-29T21:25:40Z  WARNING  thresholds fetch failed: timed out
2026-09-29T21:25:40Z  WARNING  stats fetch failed: timed out
2026-09-29T21:25:45Z  WARNING  thresholds fetch failed: timed out
2026-09-29T21:25:45Z  WARNING  stats fetch failed: timed out
2026-09-29T21:25:50Z  WARNING  thresholds fetch failed: timed out
2026-09-29T21:25:50Z  WARNING  stats fetch failed: timed out
2026-09-29T21:25:55Z  WARNING  thresholds fetch failed: timed out
2026-09-29T21:25:55Z  WARNING  stats fetch failed: timed out
2026-09-29T21:26:00Z  WARNING  thresholds fetch failed: timed out
2026-09-29T21:26:00Z  WARNING  stats fetch failed: timed out
2026-09-29T21:26:05Z  WARNING  thresholds fetch failed: timed out
2026-09-29T21:26:05Z  WARNING  stats fetch failed: timed out
2026-09-29T21:26:10Z  WARNING  thresholds fetch failed: timed out
2026-09-29T21:26:10Z  WARNING  stats fetch failed: timed out
2026-09-29T21:26:15Z  WARNING  thresholds fetch failed: timed out
2026-09-29T21:26:15Z  WARNING  stats fetch failed: timed out
2026-09-29T21:26:20Z  WARNING  thresholds fetch failed: timed out
2026-09-29T21:26:20Z  WARNING  stats fetch failed: timed out
2026-09-29T21:26:25Z  WARNING  thresholds fetch failed: timed out
2026-09-29T21:26:25Z  WARNING  stats fetch failed: timed out
2026-09-29T21:26:30Z  WARNING  thresholds fetch failed: timed out
2026-09-29T21:26:30Z  WARNING  stats fetch failed: timed out
2026-09-29T21:26:35Z  WARNING  thresholds fetch failed: timed out
2026-09-29T21:26:35Z  WARNING  stats fetch failed: timed out
2026-09-29T21:26:40Z  WARNING  thresholds fetch failed: timed out
2026-09-29T21:26:40Z  WARNING  stats fetch failed: timed out
2026-09-29T21:26:45Z  WARNING  thresholds fetch failed: timed out
2026-09-29T21:26:45Z  WARNING  stats fetch failed: timed out
2026-09-29T21:26:50Z  WARNING  thresholds fetch failed: timed out
2026-09-29T21:26:50Z  WARNING  stats fetch failed: timed out
2026-09-29T21:26:55Z  WARNING  thresholds fetch failed: timed out
2026-09-29T21:26:55Z  WARNING  stats fetch failed: timed out
2026-09-29T21:27:00Z  WARNING  thresholds fetch failed: timed out
2026-09-29T21:27:00Z  WARNING  stats fetch failed: timed out
2026-09-29T21:27:05Z  WARNING  thresholds fetch failed: timed out
2026-09-29T21:27:05Z  WARNING  stats fetch failed: timed out
2026-09-29T21:27:10Z  WARNING  thresholds fetch failed: timed out
2026-09-29T21:27:10Z  WARNING  stats fetch failed: timed out
2026-09-29T21:27:15Z  WARNING  thresholds fetch failed: timed out
2026-09-29T21:27:15Z  WARNING  stats fetch failed: timed out
2026-09-29T21:27:20Z  WARNING  thresholds fetch failed: timed out
2026-09-29T21:27:20Z  WARNING  stats fetch failed: timed out
2026-09-29T21:27:25Z  WARNING  thresholds fetch failed: timed out
2026-09-29T21:27:25Z  WARNING  stats fetch failed: timed out
2026-09-29T21:27:30Z  WARNING  thresholds fetch failed: timed out
2026-09-29T21:27:30Z  WARNING  stats fetch failed: timed out
2026-09-29T21:27:35Z  WARNING  thresholds fetch failed: timed out
2026-09-29T21:27:35Z  WARNING  stats fetch failed: timed out
2026-09-29T21:27:40Z  WARNING  thresholds fetch failed: timed out
2026-09-29T21:27:40Z  WARNING  stats fetch failed: timed out
2026-09-29T21:27:45Z  WARNING  thresholds fetch failed: timed out
2026-09-29T21:27:45Z  WARNING  stats fetch failed: timed out
2026-09-29T21:27:50Z  WARNING  thresholds fetch failed: timed out
2026-09-29T21:27:50Z  WARNING  stats fetch failed: timed out
2026-09-29T21:27:55Z  WARNING  thresholds fetch failed: timed out
2026-09-29T21:27:55Z  WARNING  stats fetch failed: timed out
2026-09-29T21:28:00Z  WARNING  thresholds fetch failed: timed out
2026-09-29T21:28:00Z  WARNING  stats fetch failed: timed out
2026-09-29T21:28:05Z  WARNING  thresholds fetch failed: timed out
2026-09-29T21:28:05Z  WARNING  stats fetch failed: timed out
2026-09-29T21:28:10Z  WARNING  thresholds fetch failed: timed out
2026-09-29T21:28:10Z  WARNING  stats fetch failed: timed out
2026-09-29T21:28:15Z  WARNING  thresholds fetch failed: timed out
2026-09-29T21:28:15Z  WARNING  stats fetch failed: timed out
2026-09-29T21:28:20Z  WARNING  thresholds fetch failed: timed out
2026-09-29T21:28:20Z  WARNING  stats fetch failed: timed out
2026-09-29T21:28:25Z  WARNING  thresholds fetch failed: timed out
2026-09-29T21:28:25Z  WARNING  stats fetch failed: timed out
2026-09-29T21:28:30Z  WARNING  thresholds fetch failed: timed out
2026-09-29T21:28:30Z  WARNING  stats fetch failed: timed out
2026-09-29T21:28:35Z  WARNING  thresholds fetch failed: timed out
2026-09-29T21:28:35Z  WARNING  stats fetch failed: timed out
2026-09-29T21:28:40Z  WARNING  thresholds fetch failed: timed out
2026-09-29T21:28:40Z  WARNING  stats fetch failed: timed out
2026-09-29T21:28:45Z  WARNING  thresholds fetch failed: timed out
2026-09-29T21:28:45Z  WARNING  stats fetch failed: timed out
2026-09-29T21:28:50Z  WARNING  thresholds fetch failed: timed out
2026-09-29T21:28:50Z  WARNING  stats fetch failed: timed out
2026-09-29T21:28:55Z  WARNING  thresholds fetch failed: timed out
2026-09-29T21:28:55Z  WARNING  stats fetch failed: timed out
2026-09-29T21:29:00Z  WARNING  thresholds fetch failed: timed out
2026-09-29T21:29:00Z  WARNING  stats fetch failed: timed out
2026-09-29T21:29:05Z  WARNING  thresholds fetch failed: timed out
2026-09-29T21:29:05Z  WARNING  stats fetch failed: timed out
2026-09-29T21:29:10Z  WARNING  thresholds fetch failed: timed out
2026-09-29T21:29:10Z  WARNING  stats fetch failed: timed out
2026-09-29T21:29:12Z  SHUTDOWN  signal=15
2026-09-29T21:29:13Z  EXIT
