2026-10-09T06:10:34Z  START  poll_interval=1s layer_a_poll_interval=5s
2026-10-09T06:12:20Z  WARNING  thresholds fetch failed: timed out
2026-10-09T06:12:20Z  WARNING  stats fetch failed: timed out
2026-10-09T06:12:25Z  WARNING  thresholds fetch failed: timed out
2026-10-09T06:12:25Z  WARNING  stats fetch failed: timed out
2026-10-09T06:12:30Z  WARNING  thresholds fetch failed: timed out
2026-10-09T06:12:30Z  WARNING  stats fetch failed: timed out
2026-10-09T06:12:35Z  WARNING  thresholds fetch failed: timed out
2026-10-09T06:12:35Z  WARNING  stats fetch failed: timed out
2026-10-09T06:12:40Z  WARNING  thresholds fetch failed: timed out
2026-10-09T06:12:40Z  WARNING  stats fetch failed: timed out
2026-10-09T06:12:45Z  WARNING  thresholds fetch failed: timed out
2026-10-09T06:12:45Z  WARNING  stats fetch failed: timed out
2026-10-09T06:12:50Z  WARNING  thresholds fetch failed: timed out
2026-10-09T06:12:50Z  WARNING  stats fetch failed: timed out
2026-10-09T06:12:55Z  WARNING  thresholds fetch failed: timed out
2026-10-09T06:12:55Z  WARNING  stats fetch failed: timed out
2026-10-09T06:13:00Z  WARNING  thresholds fetch failed: timed out
2026-10-09T06:13:00Z  WARNING  stats fetch failed: timed out
2026-10-09T06:13:05Z  WARNING  thresholds fetch failed: timed out
2026-10-09T06:13:05Z  WARNING  stats fetch failed: timed out
2026-10-09T06:13:10Z  WARNING  thresholds fetch failed: timed out
2026-10-09T06:13:10Z  WARNING  stats fetch failed: timed out
2026-10-09T06:13:15Z  WARNING  thresholds fetch failed: timed out
2026-10-09T06:13:15Z  WARNING  stats fetch failed: timed out
2026-10-09T06:13:20Z  WARNING  thresholds fetch failed: timed out
2026-10-09T06:13:20Z  WARNING  stats fetch failed: timed out
2026-10-09T06:13:25Z  WARNING  thresholds fetch failed: timed out
2026-10-09T06:13:25Z  WARNING  stats fetch failed: timed out
2026-10-09T06:13:30Z  WARNING  thresholds fetch failed: timed out
2026-10-09T06:13:30Z  WARNING  stats fetch failed: timed out
2026-10-09T06:13:35Z  WARNING  thresholds fetch failed: timed out
2026-10-09T06:13:35Z  WARNING  stats fetch failed: timed out
2026-10-09T06:13:40Z  WARNING  thresholds fetch failed: timed out
2026-10-09T06:13:40Z  WARNING  stats fetch failed: timed out
2026-10-09T06:13:45Z  WARNING  thresholds fetch failed: timed out
2026-10-09T06:13:45Z  WARNING  stats fetch failed: timed out
2026-10-09T06:13:50Z  WARNING  thresholds fetch failed: timed out
2026-10-09T06:13:50Z  WARNING  stats fetch failed: timed out
2026-10-09T06:13:55Z  WARNING  thresholds fetch failed: timed out
2026-10-09T06:13:55Z  WARNING  stats fetch failed: timed out
2026-10-09T06:14:00Z  WARNING  thresholds fetch failed: timed out
2026-10-09T06:14:00Z  WARNING  stats fetch failed: timed out
2026-10-09T06:14:05Z  WARNING  thresholds fetch failed: timed out
2026-10-09T06:14:05Z  WARNING  stats fetch failed: timed out
2026-10-09T06:14:10Z  WARNING  thresholds fetch failed: timed out
2026-10-09T06:14:10Z  WARNING  stats fetch failed: timed out
2026-10-09T06:14:15Z  WARNING  thresholds fetch failed: timed out
2026-10-09T06:14:15Z  WARNING  stats fetch failed: timed out
2026-10-09T06:14:20Z  WARNING  thresholds fetch failed: timed out
2026-10-09T06:14:20Z  WARNING  stats fetch failed: timed out
2026-10-09T06:14:25Z  WARNING  thresholds fetch failed: timed out
2026-10-09T06:14:25Z  WARNING  stats fetch failed: timed out
2026-10-09T06:14:30Z  WARNING  thresholds fetch failed: timed out
2026-10-09T06:14:30Z  WARNING  stats fetch failed: timed out
2026-10-09T06:14:35Z  WARNING  thresholds fetch failed: timed out
2026-10-09T06:14:35Z  WARNING  stats fetch failed: timed out
2026-10-09T06:14:40Z  WARNING  thresholds fetch failed: timed out
2026-10-09T06:14:40Z  WARNING  stats fetch failed: timed out
2026-10-09T06:14:45Z  WARNING  thresholds fetch failed: timed out
2026-10-09T06:14:45Z  WARNING  stats fetch failed: timed out
2026-10-09T06:14:50Z  WARNING  thresholds fetch failed: timed out
2026-10-09T06:14:50Z  WARNING  stats fetch failed: timed out
2026-10-09T06:14:55Z  WARNING  thresholds fetch failed: timed out
2026-10-09T06:14:55Z  WARNING  stats fetch failed: timed out
2026-10-09T06:15:00Z  WARNING  thresholds fetch failed: timed out
2026-10-09T06:15:00Z  WARNING  stats fetch failed: timed out
2026-10-09T06:15:05Z  WARNING  thresholds fetch failed: timed out
2026-10-09T06:15:05Z  WARNING  stats fetch failed: timed out
2026-10-09T06:15:10Z  WARNING  thresholds fetch failed: timed out
2026-10-09T06:15:10Z  WARNING  stats fetch failed: timed out
2026-10-09T06:15:15Z  WARNING  thresholds fetch failed: timed out
2026-10-09T06:15:15Z  WARNING  stats fetch failed: timed out
2026-10-09T06:15:20Z  WARNING  thresholds fetch failed: timed out
2026-10-09T06:15:20Z  WARNING  stats fetch failed: timed out
2026-10-09T06:15:25Z  WARNING  thresholds fetch failed: timed out
2026-10-09T06:15:25Z  WARNING  stats fetch failed: timed out
2026-10-09T06:15:30Z  WARNING  thresholds fetch failed: timed out
2026-10-09T06:15:30Z  WARNING  stats fetch failed: timed out
2026-10-09T06:15:35Z  WARNING  thresholds fetch failed: timed out
2026-10-09T06:15:35Z  WARNING  stats fetch failed: timed out
2026-10-09T06:15:40Z  WARNING  thresholds fetch failed: timed out
2026-10-09T06:15:40Z  WARNING  stats fetch failed: timed out
2026-10-09T06:15:45Z  WARNING  thresholds fetch failed: timed out
2026-10-09T06:15:45Z  WARNING  stats fetch failed: timed out
2026-10-09T06:15:50Z  WARNING  thresholds fetch failed: timed out
2026-10-09T06:15:50Z  WARNING  stats fetch failed: timed out
2026-10-09T06:15:55Z  WARNING  thresholds fetch failed: timed out
2026-10-09T06:15:55Z  WARNING  stats fetch failed: timed out
2026-10-09T06:16:00Z  WARNING  thresholds fetch failed: timed out
2026-10-09T06:16:00Z  WARNING  stats fetch failed: timed out
2026-10-09T06:16:05Z  WARNING  thresholds fetch failed: timed out
2026-10-09T06:16:05Z  WARNING  stats fetch failed: timed out
2026-10-09T06:16:10Z  WARNING  thresholds fetch failed: timed out
2026-10-09T06:16:10Z  WARNING  stats fetch failed: timed out
2026-10-09T06:16:15Z  WARNING  thresholds fetch failed: timed out
2026-10-09T06:16:15Z  WARNING  stats fetch failed: timed out
2026-10-09T06:16:20Z  WARNING  thresholds fetch failed: timed out
2026-10-09T06:16:20Z  WARNING  stats fetch failed: timed out
2026-10-09T06:16:25Z  WARNING  thresholds fetch failed: timed out
2026-10-09T06:16:25Z  WARNING  stats fetch failed: timed out
2026-10-09T06:16:30Z  WARNING  thresholds fetch failed: timed out
2026-10-09T06:16:30Z  WARNING  stats fetch failed: timed out
2026-10-09T06:16:35Z  WARNING  thresholds fetch failed: timed out
2026-10-09T06:16:35Z  WARNING  stats fetch failed: timed out
2026-10-09T06:16:40Z  WARNING  thresholds fetch failed: timed out
2026-10-09T06:16:40Z  WARNING  stats fetch failed: timed out
2026-10-09T06:16:45Z  WARNING  thresholds fetch failed: timed out
2026-10-09T06:16:45Z  WARNING  stats fetch failed: timed out
2026-10-09T06:16:50Z  WARNING  thresholds fetch failed: timed out
2026-10-09T06:16:50Z  WARNING  stats fetch failed: timed out
2026-10-09T06:16:55Z  WARNING  thresholds fetch failed: timed out
2026-10-09T06:16:55Z  WARNING  stats fetch failed: timed out
2026-10-09T06:17:00Z  WARNING  thresholds fetch failed: timed out
2026-10-09T06:17:00Z  WARNING  stats fetch failed: timed out
2026-10-09T06:17:05Z  WARNING  thresholds fetch failed: timed out
2026-10-09T06:17:05Z  WARNING  stats fetch failed: timed out
2026-10-09T06:17:10Z  WARNING  thresholds fetch failed: timed out
2026-10-09T06:17:10Z  WARNING  stats fetch failed: timed out
2026-10-09T06:17:15Z  WARNING  thresholds fetch failed: timed out
2026-10-09T06:17:15Z  WARNING  stats fetch failed: timed out
2026-10-09T06:17:20Z  WARNING  thresholds fetch failed: timed out
2026-10-09T06:17:20Z  WARNING  stats fetch failed: timed out
2026-10-09T06:17:25Z  WARNING  thresholds fetch failed: timed out
2026-10-09T06:17:25Z  WARNING  stats fetch failed: timed out
2026-10-09T06:17:30Z  WARNING  thresholds fetch failed: timed out
2026-10-09T06:17:30Z  WARNING  stats fetch failed: timed out
2026-10-09T06:17:35Z  WARNING  thresholds fetch failed: timed out
2026-10-09T06:17:35Z  WARNING  stats fetch failed: timed out
2026-10-09T06:17:40Z  WARNING  thresholds fetch failed: timed out
2026-10-09T06:17:40Z  WARNING  stats fetch failed: timed out
2026-10-09T06:17:45Z  WARNING  thresholds fetch failed: timed out
2026-10-09T06:17:45Z  WARNING  stats fetch failed: timed out
2026-10-09T06:17:50Z  WARNING  thresholds fetch failed: timed out
2026-10-09T06:17:50Z  WARNING  stats fetch failed: timed out
2026-10-09T06:17:55Z  WARNING  thresholds fetch failed: timed out
2026-10-09T06:17:55Z  WARNING  stats fetch failed: timed out
2026-10-09T06:18:00Z  WARNING  thresholds fetch failed: timed out
2026-10-09T06:18:00Z  WARNING  stats fetch failed: timed out
2026-10-09T06:18:05Z  WARNING  thresholds fetch failed: timed out
2026-10-09T06:18:05Z  WARNING  stats fetch failed: timed out
2026-10-09T06:18:10Z  WARNING  thresholds fetch failed: timed out
2026-10-09T06:18:10Z  WARNING  stats fetch failed: timed out
2026-10-09T06:18:15Z  WARNING  thresholds fetch failed: timed out
2026-10-09T06:18:15Z  WARNING  stats fetch failed: timed out
2026-10-09T06:18:20Z  WARNING  thresholds fetch failed: timed out
2026-10-09T06:18:20Z  WARNING  stats fetch failed: timed out
2026-10-09T06:18:25Z  WARNING  thresholds fetch failed: timed out
2026-10-09T06:18:25Z  WARNING  stats fetch failed: timed out
2026-10-09T06:18:30Z  WARNING  thresholds fetch failed: timed out
2026-10-09T06:18:30Z  WARNING  stats fetch failed: timed out
2026-10-09T06:18:35Z  WARNING  thresholds fetch failed: timed out
2026-10-09T06:18:35Z  WARNING  stats fetch failed: timed out
2026-10-09T06:18:40Z  WARNING  thresholds fetch failed: timed out
2026-10-09T06:18:40Z  WARNING  stats fetch failed: timed out
2026-10-09T06:18:45Z  WARNING  thresholds fetch failed: timed out
2026-10-09T06:18:45Z  WARNING  stats fetch failed: timed out
2026-10-09T06:18:50Z  WARNING  thresholds fetch failed: timed out
2026-10-09T06:18:50Z  WARNING  stats fetch failed: timed out
2026-10-09T06:18:55Z  WARNING  thresholds fetch failed: timed out
2026-10-09T06:18:55Z  WARNING  stats fetch failed: timed out
2026-10-09T06:19:00Z  WARNING  thresholds fetch failed: timed out
2026-10-09T06:19:00Z  WARNING  stats fetch failed: timed out
2026-10-09T06:19:05Z  WARNING  thresholds fetch failed: timed out
2026-10-09T06:19:05Z  WARNING  stats fetch failed: timed out
2026-10-09T06:19:10Z  WARNING  thresholds fetch failed: timed out
2026-10-09T06:19:10Z  WARNING  stats fetch failed: timed out
2026-10-09T06:19:15Z  WARNING  thresholds fetch failed: timed out
2026-10-09T06:19:15Z  WARNING  stats fetch failed: timed out
2026-10-09T06:19:20Z  WARNING  thresholds fetch failed: timed out
2026-10-09T06:19:20Z  WARNING  stats fetch failed: timed out
2026-10-09T06:19:25Z  WARNING  thresholds fetch failed: timed out
2026-10-09T06:19:25Z  WARNING  stats fetch failed: <urlopen error timed out>
2026-10-09T06:19:30Z  WARNING  thresholds fetch failed: timed out
2026-10-09T06:19:30Z  WARNING  stats fetch failed: timed out
2026-10-09T06:19:35Z  WARNING  thresholds fetch failed: timed out
2026-10-09T06:19:35Z  WARNING  stats fetch failed: timed out
2026-10-09T06:19:40Z  WARNING  thresholds fetch failed: timed out
2026-10-09T06:19:40Z  WARNING  stats fetch failed: timed out
2026-10-09T06:19:45Z  WARNING  thresholds fetch failed: timed out
2026-10-09T06:19:45Z  WARNING  stats fetch failed: timed out
2026-10-09T06:19:50Z  WARNING  thresholds fetch failed: timed out
2026-10-09T06:19:50Z  WARNING  stats fetch failed: timed out
2026-10-09T06:19:55Z  WARNING  thresholds fetch failed: timed out
2026-10-09T06:19:55Z  WARNING  stats fetch failed: timed out
2026-10-09T06:20:00Z  WARNING  thresholds fetch failed: timed out
2026-10-09T06:20:00Z  WARNING  stats fetch failed: timed out
2026-10-09T06:20:05Z  WARNING  thresholds fetch failed: timed out
2026-10-09T06:20:05Z  WARNING  stats fetch failed: timed out
2026-10-09T06:20:10Z  WARNING  thresholds fetch failed: timed out
2026-10-09T06:20:10Z  WARNING  stats fetch failed: timed out
2026-10-09T06:20:15Z  WARNING  thresholds fetch failed: timed out
2026-10-09T06:20:15Z  WARNING  stats fetch failed: timed out
2026-10-09T06:20:20Z  WARNING  thresholds fetch failed: timed out
2026-10-09T06:20:20Z  WARNING  stats fetch failed: timed out
2026-10-09T06:20:25Z  WARNING  thresholds fetch failed: timed out
2026-10-09T06:20:25Z  WARNING  stats fetch failed: timed out
2026-10-09T06:20:30Z  WARNING  thresholds fetch failed: timed out
2026-10-09T06:20:30Z  WARNING  stats fetch failed: timed out
2026-10-09T06:20:35Z  WARNING  thresholds fetch failed: timed out
2026-10-09T06:20:35Z  WARNING  stats fetch failed: timed out
2026-10-09T06:20:40Z  WARNING  thresholds fetch failed: timed out
2026-10-09T06:20:40Z  WARNING  stats fetch failed: timed out
2026-10-09T06:20:45Z  WARNING  thresholds fetch failed: timed out
2026-10-09T06:20:45Z  WARNING  stats fetch failed: timed out
2026-10-09T06:20:50Z  WARNING  thresholds fetch failed: timed out
2026-10-09T06:20:50Z  WARNING  stats fetch failed: timed out
2026-10-09T06:20:55Z  WARNING  thresholds fetch failed: timed out
2026-10-09T06:20:55Z  WARNING  stats fetch failed: timed out
2026-10-09T06:21:00Z  WARNING  thresholds fetch failed: timed out
2026-10-09T06:21:00Z  WARNING  stats fetch failed: timed out
2026-10-09T06:21:05Z  WARNING  thresholds fetch failed: timed out
2026-10-09T06:21:05Z  WARNING  stats fetch failed: timed out
2026-10-09T06:21:10Z  WARNING  thresholds fetch failed: timed out
2026-10-09T06:21:10Z  WARNING  stats fetch failed: timed out
2026-10-09T06:21:15Z  WARNING  thresholds fetch failed: timed out
2026-10-09T06:21:15Z  WARNING  stats fetch failed: timed out
2026-10-09T06:21:20Z  WARNING  thresholds fetch failed: timed out
2026-10-09T06:21:20Z  WARNING  stats fetch failed: timed out
2026-10-09T06:21:25Z  WARNING  thresholds fetch failed: timed out
2026-10-09T06:21:25Z  WARNING  stats fetch failed: timed out
2026-10-09T06:21:30Z  WARNING  thresholds fetch failed: timed out
2026-10-09T06:21:30Z  WARNING  stats fetch failed: timed out
2026-10-09T06:21:35Z  SHUTDOWN  signal=15
2026-10-09T06:21:36Z  EXIT
