2026-09-05T15:03:34Z  WAITING  for metric_collector CSVs under /home/idozacharia/TopFull/TopFull_master/online_boutique_scripts/src/logs (timeout=60s)
2026-09-05T15:03:34Z  READY  found getproduct.csv
2026-09-05T15:03:34Z  START  threshold=0.20 window=30s disable_windows=2 re_enable_windows=6 services=['cartservice', 'checkoutservice', 'productcatalogservice']
2026-09-05T15:04:04Z  OBSERVE  cartservice  rejection=0.0369  low=1 high=0  state=ON
2026-09-05T15:04:04Z  OBSERVE  checkoutservice  rejection=0.4083  low=0 high=1  state=ON
2026-09-05T15:04:04Z  OBSERVE  productcatalogservice  rejection=0.0154  low=1 high=0  state=ON
2026-09-05T15:04:34Z  OBSERVE  cartservice  rejection=0.0926  low=2 high=0  state=ON
2026-09-05T15:04:34Z  OBSERVE  checkoutservice  rejection=0.9210  low=0 high=2  state=ON
2026-09-05T15:04:34Z  checkoutservice  ON→OFF   rejection=0.92  consecutive_high=2  attempts=0
2026-09-05T15:04:34Z  OBSERVE  productcatalogservice  rejection=0.0823  low=2 high=0  state=ON
2026-09-05T15:05:04Z  OBSERVE  cartservice  rejection=0.3401  low=0 high=1  state=ON
2026-09-05T15:05:04Z  OBSERVE  checkoutservice  rejection=0.9941  low=0 high=3  state=OFF
2026-09-05T15:05:04Z  OBSERVE  productcatalogservice  rejection=0.2639  low=0 high=1  state=ON
2026-09-05T15:05:34Z  OBSERVE  cartservice  rejection=0.2413  low=0 high=2  state=ON
2026-09-05T15:05:34Z  cartservice  ON→OFF   rejection=0.24  consecutive_high=2  attempts=0
2026-09-05T15:05:34Z  OBSERVE  checkoutservice  rejection=0.9965  low=0 high=4  state=OFF
2026-09-05T15:05:34Z  OBSERVE  productcatalogservice  rejection=0.1568  low=1 high=0  state=ON
2026-09-05T15:06:04Z  OBSERVE  cartservice  rejection=0.3647  low=0 high=3  state=OFF
2026-09-05T15:06:04Z  OBSERVE  checkoutservice  rejection=0.9892  low=0 high=5  state=OFF
2026-09-05T15:06:04Z  OBSERVE  productcatalogservice  rejection=0.3551  low=0 high=1  state=ON
2026-09-05T15:06:34Z  OBSERVE  cartservice  rejection=0.5669  low=0 high=4  state=OFF
2026-09-05T15:06:34Z  OBSERVE  checkoutservice  rejection=0.9985  low=0 high=6  state=OFF
2026-09-05T15:06:34Z  OBSERVE  productcatalogservice  rejection=0.5612  low=0 high=2  state=ON
2026-09-05T15:06:34Z  productcatalogservice  ON→OFF   rejection=0.56  consecutive_high=2  attempts=0
2026-09-05T15:07:04Z  OBSERVE  cartservice  rejection=0.4519  low=0 high=5  state=OFF
2026-09-05T15:07:04Z  OBSERVE  checkoutservice  rejection=0.9638  low=0 high=7  state=OFF
2026-09-05T15:07:04Z  OBSERVE  productcatalogservice  rejection=0.3704  low=0 high=3  state=OFF
2026-09-05T15:07:34Z  OBSERVE  cartservice  rejection=0.3212  low=0 high=6  state=OFF
2026-09-05T15:07:34Z  OBSERVE  checkoutservice  rejection=0.9972  low=0 high=8  state=OFF
2026-09-05T15:07:34Z  OBSERVE  productcatalogservice  rejection=0.2064  low=0 high=4  state=OFF
2026-09-05T15:08:04Z  OBSERVE  cartservice  rejection=0.3493  low=0 high=7  state=OFF
2026-09-05T15:08:04Z  OBSERVE  checkoutservice  rejection=1.0000  low=0 high=9  state=OFF
2026-09-05T15:08:04Z  OBSERVE  productcatalogservice  rejection=0.2847  low=0 high=5  state=OFF
2026-09-05T15:08:34Z  OBSERVE  cartservice  rejection=0.1692  low=1 high=0  state=OFF
2026-09-05T15:08:34Z  OBSERVE  checkoutservice  rejection=0.9908  low=0 high=10  state=OFF
2026-09-05T15:08:34Z  OBSERVE  productcatalogservice  rejection=0.0736  low=1 high=0  state=OFF
2026-09-05T15:09:04Z  OBSERVE  cartservice  rejection=0.2893  low=0 high=1  state=OFF
2026-09-05T15:09:04Z  OBSERVE  checkoutservice  rejection=0.9886  low=0 high=11  state=OFF
2026-09-05T15:09:04Z  OBSERVE  productcatalogservice  rejection=0.1988  low=2 high=0  state=OFF
2026-09-05T15:09:34Z  OBSERVE  cartservice  rejection=0.1851  low=1 high=0  state=OFF
2026-09-05T15:09:34Z  OBSERVE  checkoutservice  rejection=0.3915  low=0 high=12  state=OFF
2026-09-05T15:09:34Z  OBSERVE  productcatalogservice  rejection=0.1659  low=3 high=0  state=OFF
2026-09-05T15:10:04Z  OBSERVE  cartservice  rejection=0.0000  low=2 high=0  state=OFF
2026-09-05T15:10:04Z  OBSERVE  checkoutservice  rejection=0.0000  low=1 high=0  state=OFF
2026-09-05T15:10:04Z  OBSERVE  productcatalogservice  rejection=0.0000  low=4 high=0  state=OFF
2026-09-05T15:10:34Z  OBSERVE  cartservice  rejection=0.0000  low=3 high=0  state=OFF
2026-09-05T15:10:34Z  OBSERVE  checkoutservice  rejection=0.0000  low=2 high=0  state=OFF
2026-09-05T15:10:34Z  OBSERVE  productcatalogservice  rejection=0.0000  low=5 high=0  state=OFF
2026-09-05T15:11:04Z  OBSERVE  cartservice  rejection=0.0000  low=4 high=0  state=OFF
2026-09-05T15:11:04Z  OBSERVE  checkoutservice  rejection=0.0000  low=3 high=0  state=OFF
2026-09-05T15:11:04Z  OBSERVE  productcatalogservice  rejection=0.0000  low=6 high=0  state=OFF
2026-09-05T15:11:04Z  productcatalogservice  OFF→ON   rejection=0.00  consecutive_low=6  attempts=3
2026-09-05T15:11:34Z  OBSERVE  cartservice  rejection=0.0000  low=5 high=0  state=OFF
2026-09-05T15:11:34Z  OBSERVE  checkoutservice  rejection=0.0000  low=4 high=0  state=OFF
2026-09-05T15:11:34Z  OBSERVE  productcatalogservice  rejection=0.0000  low=7 high=0  state=ON
2026-09-05T15:12:04Z  OBSERVE  cartservice  rejection=0.0000  low=6 high=0  state=OFF
2026-09-05T15:12:04Z  cartservice  OFF→ON   rejection=0.00  consecutive_low=6  attempts=3
2026-09-05T15:12:04Z  OBSERVE  checkoutservice  rejection=0.0000  low=5 high=0  state=OFF
2026-09-05T15:12:04Z  OBSERVE  productcatalogservice  rejection=0.0000  low=8 high=0  state=ON
2026-09-05T15:12:34Z  OBSERVE  cartservice  rejection=0.0000  low=7 high=0  state=ON
2026-09-05T15:12:34Z  OBSERVE  checkoutservice  rejection=0.0000  low=6 high=0  state=OFF
2026-09-05T15:12:34Z  checkoutservice  OFF→ON   rejection=0.00  consecutive_low=6  attempts=3
2026-09-05T15:12:34Z  OBSERVE  productcatalogservice  rejection=0.0000  low=9 high=0  state=ON
2026-09-05T15:13:05Z  OBSERVE  cartservice  rejection=0.0000  low=8 high=0  state=ON
2026-09-05T15:13:05Z  OBSERVE  checkoutservice  rejection=0.0000  low=7 high=0  state=ON
2026-09-05T15:13:05Z  OBSERVE  productcatalogservice  rejection=0.0000  low=10 high=0  state=ON
2026-09-05T15:13:35Z  OBSERVE  cartservice  rejection=0.0000  low=9 high=0  state=ON
2026-09-05T15:13:35Z  OBSERVE  checkoutservice  rejection=0.0000  low=8 high=0  state=ON
2026-09-05T15:13:35Z  OBSERVE  productcatalogservice  rejection=0.0000  low=11 high=0  state=ON
2026-09-05T15:14:05Z  OBSERVE  cartservice  rejection=0.0000  low=10 high=0  state=ON
2026-09-05T15:14:05Z  OBSERVE  checkoutservice  rejection=0.0000  low=9 high=0  state=ON
2026-09-05T15:14:05Z  OBSERVE  productcatalogservice  rejection=0.0000  low=12 high=0  state=ON
2026-09-05T15:14:35Z  OBSERVE  cartservice  rejection=0.0000  low=11 high=0  state=ON
2026-09-05T15:14:35Z  OBSERVE  checkoutservice  rejection=0.0000  low=10 high=0  state=ON
2026-09-05T15:14:35Z  OBSERVE  productcatalogservice  rejection=0.0000  low=13 high=0  state=ON
2026-09-05T15:15:05Z  OBSERVE  cartservice  rejection=0.0000  low=12 high=0  state=ON
2026-09-05T15:15:05Z  OBSERVE  checkoutservice  rejection=0.0000  low=11 high=0  state=ON
2026-09-05T15:15:05Z  OBSERVE  productcatalogservice  rejection=0.0000  low=14 high=0  state=ON
2026-09-05T15:15:35Z  OBSERVE  cartservice  rejection=0.0000  low=13 high=0  state=ON
2026-09-05T15:15:35Z  OBSERVE  checkoutservice  rejection=0.0278  low=12 high=0  state=ON
2026-09-05T15:15:35Z  OBSERVE  productcatalogservice  rejection=0.0000  low=15 high=0  state=ON
2026-09-05T15:16:05Z  OBSERVE  cartservice  rejection=0.0000  low=14 high=0  state=ON
2026-09-05T15:16:05Z  OBSERVE  checkoutservice  rejection=0.0100  low=13 high=0  state=ON
2026-09-05T15:16:05Z  OBSERVE  productcatalogservice  rejection=0.0000  low=16 high=0  state=ON
2026-09-05T15:16:35Z  OBSERVE  cartservice  rejection=0.0000  low=15 high=0  state=ON
2026-09-05T15:16:35Z  OBSERVE  checkoutservice  rejection=0.0000  low=14 high=0  state=ON
2026-09-05T15:16:35Z  OBSERVE  productcatalogservice  rejection=0.0000  low=17 high=0  state=ON
2026-09-05T15:17:05Z  OBSERVE  cartservice  rejection=0.0000  low=16 high=0  state=ON
2026-09-05T15:17:05Z  OBSERVE  checkoutservice  rejection=0.0000  low=15 high=0  state=ON
2026-09-05T15:17:05Z  OBSERVE  productcatalogservice  rejection=0.0000  low=18 high=0  state=ON
2026-09-05T15:17:35Z  OBSERVE  cartservice  rejection=0.0000  low=17 high=0  state=ON
2026-09-05T15:17:35Z  OBSERVE  checkoutservice  rejection=0.0078  low=16 high=0  state=ON
2026-09-05T15:17:35Z  OBSERVE  productcatalogservice  rejection=0.0000  low=19 high=0  state=ON
2026-09-05T15:18:05Z  OBSERVE  cartservice  rejection=0.0000  low=18 high=0  state=ON
2026-09-05T15:18:05Z  OBSERVE  checkoutservice  rejection=0.0197  low=17 high=0  state=ON
2026-09-05T15:18:05Z  OBSERVE  productcatalogservice  rejection=0.0000  low=20 high=0  state=ON
2026-09-05T15:18:35Z  OBSERVE  cartservice  rejection=0.0000  low=19 high=0  state=ON
2026-09-05T15:18:35Z  OBSERVE  checkoutservice  rejection=0.0000  low=18 high=0  state=ON
2026-09-05T15:18:35Z  OBSERVE  productcatalogservice  rejection=0.0000  low=21 high=0  state=ON
2026-09-05T15:19:05Z  OBSERVE  cartservice  rejection=0.0000  low=20 high=0  state=ON
2026-09-05T15:19:05Z  OBSERVE  checkoutservice  rejection=0.0000  low=19 high=0  state=ON
2026-09-05T15:19:05Z  OBSERVE  productcatalogservice  rejection=0.0000  low=22 high=0  state=ON
2026-09-05T15:19:26Z  SHUTDOWN  signal=15
