2026-09-26T19:32:23Z  START  poll_interval=1s layer_a_poll_interval=5s
2026-09-26T19:33:25Z  WARNING  thresholds fetch failed: timed out
2026-09-26T19:33:25Z  WARNING  stats fetch failed: timed out
2026-09-26T19:33:30Z  WARNING  thresholds fetch failed: timed out
2026-09-26T19:33:30Z  WARNING  stats fetch failed: timed out
2026-09-26T19:33:35Z  WARNING  thresholds fetch failed: timed out
2026-09-26T19:33:35Z  WARNING  stats fetch failed: timed out
2026-09-26T19:33:40Z  WARNING  thresholds fetch failed: timed out
2026-09-26T19:33:40Z  WARNING  stats fetch failed: timed out
2026-09-26T19:33:45Z  WARNING  thresholds fetch failed: timed out
2026-09-26T19:33:45Z  WARNING  stats fetch failed: timed out
2026-09-26T19:33:50Z  WARNING  thresholds fetch failed: timed out
2026-09-26T19:33:50Z  WARNING  stats fetch failed: timed out
2026-09-26T19:33:55Z  WARNING  thresholds fetch failed: timed out
2026-09-26T19:33:55Z  WARNING  stats fetch failed: timed out
2026-09-26T19:34:00Z  WARNING  thresholds fetch failed: timed out
2026-09-26T19:34:00Z  WARNING  stats fetch failed: timed out
2026-09-26T19:34:05Z  WARNING  thresholds fetch failed: timed out
2026-09-26T19:34:05Z  WARNING  stats fetch failed: timed out
2026-09-26T19:34:10Z  WARNING  thresholds fetch failed: timed out
2026-09-26T19:34:10Z  WARNING  stats fetch failed: timed out
2026-09-26T19:34:15Z  WARNING  thresholds fetch failed: timed out
2026-09-26T19:34:15Z  WARNING  stats fetch failed: timed out
2026-09-26T19:34:20Z  WARNING  thresholds fetch failed: timed out
2026-09-26T19:34:20Z  WARNING  stats fetch failed: timed out
2026-09-26T19:34:25Z  WARNING  thresholds fetch failed: timed out
2026-09-26T19:34:25Z  WARNING  stats fetch failed: timed out
2026-09-26T19:34:30Z  WARNING  thresholds fetch failed: timed out
2026-09-26T19:34:30Z  WARNING  stats fetch failed: timed out
2026-09-26T19:34:35Z  WARNING  thresholds fetch failed: timed out
2026-09-26T19:34:35Z  WARNING  stats fetch failed: timed out
2026-09-26T19:34:40Z  WARNING  thresholds fetch failed: timed out
2026-09-26T19:34:40Z  WARNING  stats fetch failed: timed out
2026-09-26T19:34:45Z  WARNING  thresholds fetch failed: timed out
2026-09-26T19:34:45Z  WARNING  stats fetch failed: timed out
2026-09-26T19:34:50Z  WARNING  thresholds fetch failed: timed out
2026-09-26T19:34:50Z  WARNING  stats fetch failed: timed out
2026-09-26T19:34:55Z  WARNING  thresholds fetch failed: timed out
2026-09-26T19:34:55Z  WARNING  stats fetch failed: timed out
2026-09-26T19:35:00Z  WARNING  thresholds fetch failed: timed out
2026-09-26T19:35:00Z  WARNING  stats fetch failed: timed out
2026-09-26T19:35:05Z  WARNING  thresholds fetch failed: timed out
2026-09-26T19:35:05Z  WARNING  stats fetch failed: timed out
2026-09-26T19:35:10Z  WARNING  thresholds fetch failed: timed out
2026-09-26T19:35:10Z  WARNING  stats fetch failed: timed out
2026-09-26T19:35:15Z  WARNING  thresholds fetch failed: timed out
2026-09-26T19:35:15Z  WARNING  stats fetch failed: timed out
2026-09-26T19:35:20Z  WARNING  thresholds fetch failed: timed out
2026-09-26T19:35:20Z  WARNING  stats fetch failed: timed out
2026-09-26T19:35:25Z  WARNING  thresholds fetch failed: timed out
2026-09-26T19:35:25Z  WARNING  stats fetch failed: timed out
2026-09-26T19:35:30Z  WARNING  thresholds fetch failed: timed out
2026-09-26T19:35:30Z  WARNING  stats fetch failed: timed out
2026-09-26T19:35:35Z  WARNING  thresholds fetch failed: timed out
2026-09-26T19:35:35Z  WARNING  stats fetch failed: timed out
2026-09-26T19:35:40Z  WARNING  thresholds fetch failed: timed out
2026-09-26T19:35:40Z  WARNING  stats fetch failed: timed out
2026-09-26T19:35:45Z  WARNING  thresholds fetch failed: timed out
2026-09-26T19:35:45Z  WARNING  stats fetch failed: timed out
2026-09-26T19:35:50Z  WARNING  thresholds fetch failed: timed out
2026-09-26T19:35:50Z  WARNING  stats fetch failed: timed out
2026-09-26T19:35:55Z  WARNING  thresholds fetch failed: timed out
2026-09-26T19:35:55Z  WARNING  stats fetch failed: timed out
2026-09-26T19:36:00Z  WARNING  thresholds fetch failed: timed out
2026-09-26T19:36:00Z  WARNING  stats fetch failed: timed out
2026-09-26T19:36:05Z  WARNING  thresholds fetch failed: timed out
2026-09-26T19:36:05Z  WARNING  stats fetch failed: timed out
2026-09-26T19:36:10Z  WARNING  thresholds fetch failed: timed out
2026-09-26T19:36:10Z  WARNING  stats fetch failed: timed out
2026-09-26T19:36:15Z  WARNING  thresholds fetch failed: timed out
2026-09-26T19:36:15Z  WARNING  stats fetch failed: timed out
2026-09-26T19:36:20Z  WARNING  thresholds fetch failed: timed out
2026-09-26T19:36:20Z  WARNING  stats fetch failed: timed out
2026-09-26T19:36:25Z  WARNING  thresholds fetch failed: timed out
2026-09-26T19:36:25Z  WARNING  stats fetch failed: timed out
2026-09-26T19:36:30Z  WARNING  thresholds fetch failed: timed out
2026-09-26T19:36:30Z  WARNING  stats fetch failed: timed out
2026-09-26T19:36:35Z  WARNING  thresholds fetch failed: timed out
2026-09-26T19:36:35Z  WARNING  stats fetch failed: timed out
2026-09-26T19:36:40Z  WARNING  thresholds fetch failed: timed out
2026-09-26T19:36:40Z  WARNING  stats fetch failed: timed out
2026-09-26T19:36:45Z  WARNING  thresholds fetch failed: timed out
2026-09-26T19:36:45Z  WARNING  stats fetch failed: timed out
2026-09-26T19:36:50Z  WARNING  thresholds fetch failed: timed out
2026-09-26T19:36:50Z  WARNING  stats fetch failed: timed out
2026-09-26T19:36:55Z  WARNING  thresholds fetch failed: timed out
2026-09-26T19:36:55Z  WARNING  stats fetch failed: timed out
2026-09-26T19:37:00Z  WARNING  thresholds fetch failed: timed out
2026-09-26T19:37:00Z  WARNING  stats fetch failed: timed out
2026-09-26T19:37:05Z  WARNING  thresholds fetch failed: timed out
2026-09-26T19:37:05Z  WARNING  stats fetch failed: timed out
2026-09-26T19:37:10Z  WARNING  thresholds fetch failed: timed out
2026-09-26T19:37:10Z  WARNING  stats fetch failed: timed out
2026-09-26T19:37:15Z  WARNING  thresholds fetch failed: timed out
2026-09-26T19:37:15Z  WARNING  stats fetch failed: timed out
2026-09-26T19:37:20Z  WARNING  thresholds fetch failed: timed out
2026-09-26T19:37:20Z  WARNING  stats fetch failed: timed out
2026-09-26T19:37:25Z  WARNING  thresholds fetch failed: timed out
2026-09-26T19:37:25Z  WARNING  stats fetch failed: timed out
2026-09-26T19:37:30Z  WARNING  thresholds fetch failed: timed out
2026-09-26T19:37:30Z  WARNING  stats fetch failed: timed out
2026-09-26T19:37:35Z  WARNING  thresholds fetch failed: timed out
2026-09-26T19:37:35Z  WARNING  stats fetch failed: timed out
2026-09-26T19:37:40Z  WARNING  thresholds fetch failed: timed out
2026-09-26T19:37:40Z  WARNING  stats fetch failed: timed out
2026-09-26T19:37:45Z  WARNING  thresholds fetch failed: timed out
2026-09-26T19:37:45Z  WARNING  stats fetch failed: timed out
2026-09-26T19:37:50Z  WARNING  thresholds fetch failed: timed out
2026-09-26T19:37:50Z  WARNING  stats fetch failed: timed out
2026-09-26T19:37:55Z  WARNING  thresholds fetch failed: timed out
2026-09-26T19:37:55Z  WARNING  stats fetch failed: timed out
2026-09-26T19:38:00Z  WARNING  thresholds fetch failed: timed out
2026-09-26T19:38:00Z  WARNING  stats fetch failed: timed out
2026-09-26T19:38:05Z  WARNING  thresholds fetch failed: timed out
2026-09-26T19:38:05Z  WARNING  stats fetch failed: timed out
2026-09-26T19:38:10Z  WARNING  thresholds fetch failed: timed out
2026-09-26T19:38:10Z  WARNING  stats fetch failed: timed out
2026-09-26T19:38:15Z  WARNING  thresholds fetch failed: timed out
2026-09-26T19:38:15Z  WARNING  stats fetch failed: timed out
2026-09-26T19:38:20Z  WARNING  thresholds fetch failed: timed out
2026-09-26T19:38:20Z  WARNING  stats fetch failed: timed out
2026-09-26T19:38:25Z  WARNING  thresholds fetch failed: timed out
2026-09-26T19:38:25Z  WARNING  stats fetch failed: timed out
2026-09-26T19:38:30Z  WARNING  thresholds fetch failed: timed out
2026-09-26T19:38:30Z  WARNING  stats fetch failed: timed out
2026-09-26T19:38:35Z  WARNING  thresholds fetch failed: timed out
2026-09-26T19:38:35Z  WARNING  stats fetch failed: timed out
2026-09-26T19:38:40Z  WARNING  thresholds fetch failed: timed out
2026-09-26T19:38:40Z  WARNING  stats fetch failed: timed out
2026-09-26T19:38:45Z  WARNING  thresholds fetch failed: timed out
2026-09-26T19:38:45Z  WARNING  stats fetch failed: timed out
2026-09-26T19:38:50Z  WARNING  thresholds fetch failed: timed out
2026-09-26T19:38:50Z  WARNING  stats fetch failed: timed out
2026-09-26T19:38:55Z  WARNING  thresholds fetch failed: timed out
2026-09-26T19:38:55Z  WARNING  stats fetch failed: timed out
2026-09-26T19:39:00Z  WARNING  thresholds fetch failed: timed out
2026-09-26T19:39:00Z  WARNING  stats fetch failed: timed out
2026-09-26T19:39:05Z  WARNING  thresholds fetch failed: timed out
2026-09-26T19:39:05Z  WARNING  stats fetch failed: timed out
2026-09-26T19:39:10Z  WARNING  thresholds fetch failed: timed out
2026-09-26T19:39:10Z  WARNING  stats fetch failed: timed out
2026-09-26T19:39:15Z  WARNING  thresholds fetch failed: timed out
2026-09-26T19:39:15Z  WARNING  stats fetch failed: timed out
2026-09-26T19:39:20Z  WARNING  thresholds fetch failed: timed out
2026-09-26T19:39:20Z  WARNING  stats fetch failed: timed out
2026-09-26T19:39:25Z  WARNING  thresholds fetch failed: timed out
2026-09-26T19:39:25Z  WARNING  stats fetch failed: timed out
2026-09-26T19:39:30Z  WARNING  thresholds fetch failed: timed out
2026-09-26T19:39:30Z  WARNING  stats fetch failed: timed out
2026-09-26T19:39:35Z  WARNING  thresholds fetch failed: timed out
2026-09-26T19:39:35Z  WARNING  stats fetch failed: timed out
2026-09-26T19:39:40Z  WARNING  thresholds fetch failed: timed out
2026-09-26T19:39:40Z  WARNING  stats fetch failed: timed out
2026-09-26T19:39:45Z  WARNING  thresholds fetch failed: timed out
2026-09-26T19:39:45Z  WARNING  stats fetch failed: timed out
2026-09-26T19:39:50Z  WARNING  thresholds fetch failed: timed out
2026-09-26T19:39:50Z  WARNING  stats fetch failed: timed out
2026-09-26T19:39:55Z  WARNING  thresholds fetch failed: timed out
2026-09-26T19:39:55Z  WARNING  stats fetch failed: timed out
2026-09-26T19:40:00Z  WARNING  thresholds fetch failed: timed out
2026-09-26T19:40:00Z  WARNING  stats fetch failed: timed out
2026-09-26T19:40:05Z  WARNING  thresholds fetch failed: timed out
2026-09-26T19:40:05Z  WARNING  stats fetch failed: timed out
2026-09-26T19:40:10Z  WARNING  thresholds fetch failed: timed out
2026-09-26T19:40:10Z  WARNING  stats fetch failed: timed out
2026-09-26T19:40:15Z  WARNING  thresholds fetch failed: timed out
2026-09-26T19:40:15Z  WARNING  stats fetch failed: timed out
2026-09-26T19:40:20Z  WARNING  thresholds fetch failed: timed out
2026-09-26T19:40:20Z  WARNING  stats fetch failed: timed out
2026-09-26T19:40:25Z  WARNING  thresholds fetch failed: timed out
2026-09-26T19:40:25Z  WARNING  stats fetch failed: timed out
2026-09-26T19:40:30Z  WARNING  thresholds fetch failed: timed out
2026-09-26T19:40:30Z  WARNING  stats fetch failed: timed out
2026-09-26T19:40:35Z  WARNING  thresholds fetch failed: timed out
2026-09-26T19:40:35Z  WARNING  stats fetch failed: timed out
2026-09-26T19:40:40Z  WARNING  thresholds fetch failed: timed out
2026-09-26T19:40:40Z  WARNING  stats fetch failed: timed out
2026-09-26T19:40:45Z  WARNING  thresholds fetch failed: timed out
2026-09-26T19:40:45Z  WARNING  stats fetch failed: timed out
2026-09-26T19:40:50Z  WARNING  thresholds fetch failed: timed out
2026-09-26T19:40:50Z  WARNING  stats fetch failed: timed out
2026-09-26T19:40:55Z  WARNING  thresholds fetch failed: timed out
2026-09-26T19:40:55Z  WARNING  stats fetch failed: timed out
2026-09-26T19:41:00Z  WARNING  thresholds fetch failed: timed out
2026-09-26T19:41:00Z  WARNING  stats fetch failed: timed out
2026-09-26T19:41:05Z  WARNING  thresholds fetch failed: timed out
2026-09-26T19:41:05Z  WARNING  stats fetch failed: timed out
2026-09-26T19:41:10Z  WARNING  thresholds fetch failed: timed out
2026-09-26T19:41:10Z  WARNING  stats fetch failed: timed out
2026-09-26T19:41:15Z  WARNING  thresholds fetch failed: timed out
2026-09-26T19:41:15Z  WARNING  stats fetch failed: timed out
2026-09-26T19:41:20Z  WARNING  thresholds fetch failed: timed out
2026-09-26T19:41:20Z  WARNING  stats fetch failed: timed out
2026-09-26T19:41:25Z  WARNING  thresholds fetch failed: timed out
2026-09-26T19:41:25Z  WARNING  stats fetch failed: timed out
2026-09-26T19:41:30Z  WARNING  thresholds fetch failed: timed out
2026-09-26T19:41:30Z  WARNING  stats fetch failed: timed out
2026-09-26T19:41:35Z  WARNING  thresholds fetch failed: timed out
2026-09-26T19:41:35Z  WARNING  stats fetch failed: timed out
2026-09-26T19:41:40Z  WARNING  thresholds fetch failed: timed out
2026-09-26T19:41:40Z  WARNING  stats fetch failed: timed out
2026-09-26T19:41:45Z  WARNING  thresholds fetch failed: timed out
2026-09-26T19:41:45Z  WARNING  stats fetch failed: timed out
2026-09-26T19:41:50Z  WARNING  thresholds fetch failed: timed out
2026-09-26T19:41:50Z  WARNING  stats fetch failed: timed out
2026-09-26T19:41:55Z  WARNING  thresholds fetch failed: timed out
2026-09-26T19:41:55Z  WARNING  stats fetch failed: timed out
2026-09-26T19:42:00Z  WARNING  thresholds fetch failed: timed out
2026-09-26T19:42:00Z  WARNING  stats fetch failed: timed out
2026-09-26T19:42:05Z  WARNING  thresholds fetch failed: timed out
2026-09-26T19:42:05Z  WARNING  stats fetch failed: timed out
2026-09-26T19:42:10Z  WARNING  thresholds fetch failed: timed out
2026-09-26T19:42:10Z  WARNING  stats fetch failed: timed out
2026-09-26T19:42:15Z  WARNING  thresholds fetch failed: timed out
2026-09-26T19:42:15Z  WARNING  stats fetch failed: timed out
2026-09-26T19:42:20Z  WARNING  thresholds fetch failed: timed out
2026-09-26T19:42:20Z  WARNING  stats fetch failed: timed out
2026-09-26T19:42:25Z  WARNING  thresholds fetch failed: timed out
2026-09-26T19:42:25Z  WARNING  stats fetch failed: timed out
2026-09-26T19:42:30Z  WARNING  thresholds fetch failed: timed out
2026-09-26T19:42:30Z  WARNING  stats fetch failed: timed out
2026-09-26T19:42:35Z  WARNING  thresholds fetch failed: timed out
2026-09-26T19:42:35Z  WARNING  stats fetch failed: timed out
2026-09-26T19:42:40Z  WARNING  thresholds fetch failed: timed out
2026-09-26T19:42:40Z  WARNING  stats fetch failed: timed out
2026-09-26T19:42:45Z  WARNING  thresholds fetch failed: timed out
2026-09-26T19:42:45Z  WARNING  stats fetch failed: timed out
2026-09-26T19:42:50Z  WARNING  thresholds fetch failed: timed out
2026-09-26T19:42:50Z  WARNING  stats fetch failed: timed out
2026-09-26T19:42:55Z  WARNING  thresholds fetch failed: timed out
2026-09-26T19:42:55Z  WARNING  stats fetch failed: timed out
2026-09-26T19:43:00Z  SHUTDOWN  signal=15
2026-09-26T19:43:01Z  EXIT
