2026-09-14T20:08:03Z  START  poll_interval=1s layer_a_poll_interval=5s
2026-09-14T20:09:00Z  WARNING  thresholds fetch failed: timed out
2026-09-14T20:09:00Z  WARNING  stats fetch failed: timed out
2026-09-14T20:09:05Z  WARNING  thresholds fetch failed: timed out
2026-09-14T20:09:05Z  WARNING  stats fetch failed: timed out
2026-09-14T20:09:10Z  WARNING  thresholds fetch failed: timed out
2026-09-14T20:09:10Z  WARNING  stats fetch failed: timed out
2026-09-14T20:09:15Z  WARNING  thresholds fetch failed: timed out
2026-09-14T20:09:15Z  WARNING  stats fetch failed: timed out
2026-09-14T20:09:20Z  WARNING  thresholds fetch failed: timed out
2026-09-14T20:09:20Z  WARNING  stats fetch failed: timed out
2026-09-14T20:09:25Z  WARNING  thresholds fetch failed: timed out
2026-09-14T20:09:25Z  WARNING  stats fetch failed: timed out
2026-09-14T20:09:30Z  WARNING  thresholds fetch failed: timed out
2026-09-14T20:09:30Z  WARNING  stats fetch failed: timed out
2026-09-14T20:09:35Z  WARNING  thresholds fetch failed: timed out
2026-09-14T20:09:35Z  WARNING  stats fetch failed: timed out
2026-09-14T20:09:40Z  WARNING  thresholds fetch failed: timed out
2026-09-14T20:09:40Z  WARNING  stats fetch failed: timed out
2026-09-14T20:09:45Z  WARNING  thresholds fetch failed: timed out
2026-09-14T20:09:45Z  WARNING  stats fetch failed: timed out
2026-09-14T20:09:50Z  WARNING  thresholds fetch failed: timed out
2026-09-14T20:09:50Z  WARNING  stats fetch failed: timed out
2026-09-14T20:09:55Z  WARNING  thresholds fetch failed: timed out
2026-09-14T20:09:55Z  WARNING  stats fetch failed: timed out
2026-09-14T20:10:00Z  WARNING  thresholds fetch failed: timed out
2026-09-14T20:10:00Z  WARNING  stats fetch failed: timed out
2026-09-14T20:10:05Z  WARNING  thresholds fetch failed: timed out
2026-09-14T20:10:05Z  WARNING  stats fetch failed: timed out
2026-09-14T20:10:10Z  WARNING  thresholds fetch failed: timed out
2026-09-14T20:10:10Z  WARNING  stats fetch failed: timed out
2026-09-14T20:10:15Z  WARNING  thresholds fetch failed: timed out
2026-09-14T20:10:15Z  WARNING  stats fetch failed: timed out
2026-09-14T20:10:20Z  WARNING  thresholds fetch failed: timed out
2026-09-14T20:10:20Z  WARNING  stats fetch failed: timed out
2026-09-14T20:10:25Z  WARNING  thresholds fetch failed: timed out
2026-09-14T20:10:25Z  WARNING  stats fetch failed: timed out
2026-09-14T20:10:30Z  WARNING  thresholds fetch failed: timed out
2026-09-14T20:10:30Z  WARNING  stats fetch failed: timed out
2026-09-14T20:10:35Z  WARNING  thresholds fetch failed: timed out
2026-09-14T20:10:35Z  WARNING  stats fetch failed: timed out
2026-09-14T20:10:40Z  WARNING  thresholds fetch failed: timed out
2026-09-14T20:10:40Z  WARNING  stats fetch failed: timed out
2026-09-14T20:10:45Z  WARNING  thresholds fetch failed: timed out
2026-09-14T20:10:45Z  WARNING  stats fetch failed: timed out
2026-09-14T20:10:50Z  WARNING  thresholds fetch failed: timed out
2026-09-14T20:10:50Z  WARNING  stats fetch failed: timed out
2026-09-14T20:10:55Z  WARNING  thresholds fetch failed: timed out
2026-09-14T20:10:55Z  WARNING  stats fetch failed: timed out
2026-09-14T20:11:00Z  WARNING  thresholds fetch failed: timed out
2026-09-14T20:11:00Z  WARNING  stats fetch failed: timed out
2026-09-14T20:11:05Z  WARNING  thresholds fetch failed: timed out
2026-09-14T20:11:05Z  WARNING  stats fetch failed: timed out
2026-09-14T20:11:10Z  WARNING  thresholds fetch failed: timed out
2026-09-14T20:11:10Z  WARNING  stats fetch failed: timed out
2026-09-14T20:11:15Z  WARNING  thresholds fetch failed: timed out
2026-09-14T20:11:15Z  WARNING  stats fetch failed: timed out
2026-09-14T20:11:20Z  WARNING  thresholds fetch failed: timed out
2026-09-14T20:11:20Z  WARNING  stats fetch failed: timed out
2026-09-14T20:11:25Z  WARNING  thresholds fetch failed: timed out
2026-09-14T20:11:25Z  WARNING  stats fetch failed: timed out
2026-09-14T20:11:30Z  WARNING  thresholds fetch failed: timed out
2026-09-14T20:11:30Z  WARNING  stats fetch failed: timed out
2026-09-14T20:11:35Z  WARNING  thresholds fetch failed: timed out
2026-09-14T20:11:35Z  WARNING  stats fetch failed: timed out
2026-09-14T20:11:40Z  WARNING  thresholds fetch failed: timed out
2026-09-14T20:11:40Z  WARNING  stats fetch failed: timed out
2026-09-14T20:11:45Z  WARNING  thresholds fetch failed: timed out
2026-09-14T20:11:45Z  WARNING  stats fetch failed: timed out
2026-09-14T20:11:50Z  WARNING  thresholds fetch failed: timed out
2026-09-14T20:11:50Z  WARNING  stats fetch failed: timed out
2026-09-14T20:11:55Z  WARNING  thresholds fetch failed: timed out
2026-09-14T20:11:55Z  WARNING  stats fetch failed: timed out
2026-09-14T20:12:00Z  WARNING  thresholds fetch failed: timed out
2026-09-14T20:12:00Z  WARNING  stats fetch failed: timed out
2026-09-14T20:12:05Z  WARNING  thresholds fetch failed: timed out
2026-09-14T20:12:05Z  WARNING  stats fetch failed: timed out
2026-09-14T20:12:10Z  WARNING  thresholds fetch failed: timed out
2026-09-14T20:12:10Z  WARNING  stats fetch failed: timed out
2026-09-14T20:12:15Z  WARNING  thresholds fetch failed: timed out
2026-09-14T20:12:15Z  WARNING  stats fetch failed: timed out
2026-09-14T20:12:20Z  WARNING  thresholds fetch failed: timed out
2026-09-14T20:12:20Z  WARNING  stats fetch failed: timed out
2026-09-14T20:12:25Z  WARNING  thresholds fetch failed: timed out
2026-09-14T20:12:25Z  WARNING  stats fetch failed: timed out
2026-09-14T20:12:30Z  WARNING  thresholds fetch failed: timed out
2026-09-14T20:12:30Z  WARNING  stats fetch failed: timed out
2026-09-14T20:12:35Z  WARNING  thresholds fetch failed: timed out
2026-09-14T20:12:35Z  WARNING  stats fetch failed: timed out
2026-09-14T20:12:40Z  WARNING  thresholds fetch failed: timed out
2026-09-14T20:12:40Z  WARNING  stats fetch failed: timed out
2026-09-14T20:12:45Z  WARNING  thresholds fetch failed: timed out
2026-09-14T20:12:45Z  WARNING  stats fetch failed: timed out
2026-09-14T20:12:50Z  WARNING  thresholds fetch failed: timed out
2026-09-14T20:12:50Z  WARNING  stats fetch failed: timed out
2026-09-14T20:12:55Z  WARNING  thresholds fetch failed: timed out
2026-09-14T20:12:55Z  WARNING  stats fetch failed: timed out
2026-09-14T20:13:00Z  WARNING  thresholds fetch failed: timed out
2026-09-14T20:13:00Z  WARNING  stats fetch failed: timed out
2026-09-14T20:13:05Z  WARNING  thresholds fetch failed: timed out
2026-09-14T20:13:05Z  WARNING  stats fetch failed: timed out
2026-09-14T20:13:10Z  WARNING  thresholds fetch failed: timed out
2026-09-14T20:13:10Z  WARNING  stats fetch failed: timed out
2026-09-14T20:13:15Z  WARNING  thresholds fetch failed: timed out
2026-09-14T20:13:15Z  WARNING  stats fetch failed: timed out
2026-09-14T20:13:20Z  WARNING  thresholds fetch failed: timed out
2026-09-14T20:13:20Z  WARNING  stats fetch failed: timed out
2026-09-14T20:13:25Z  WARNING  thresholds fetch failed: timed out
2026-09-14T20:13:25Z  WARNING  stats fetch failed: timed out
2026-09-14T20:13:30Z  WARNING  thresholds fetch failed: timed out
2026-09-14T20:13:30Z  WARNING  stats fetch failed: timed out
2026-09-14T20:13:35Z  WARNING  thresholds fetch failed: timed out
2026-09-14T20:13:35Z  WARNING  stats fetch failed: timed out
2026-09-14T20:13:40Z  WARNING  thresholds fetch failed: timed out
2026-09-14T20:13:40Z  WARNING  stats fetch failed: timed out
2026-09-14T20:13:45Z  WARNING  thresholds fetch failed: timed out
2026-09-14T20:13:45Z  WARNING  stats fetch failed: timed out
2026-09-14T20:13:50Z  WARNING  thresholds fetch failed: timed out
2026-09-14T20:13:50Z  WARNING  stats fetch failed: timed out
2026-09-14T20:13:55Z  WARNING  thresholds fetch failed: timed out
2026-09-14T20:13:55Z  WARNING  stats fetch failed: timed out
2026-09-14T20:14:00Z  WARNING  thresholds fetch failed: timed out
2026-09-14T20:14:00Z  WARNING  stats fetch failed: timed out
2026-09-14T20:14:05Z  WARNING  thresholds fetch failed: timed out
2026-09-14T20:14:05Z  WARNING  stats fetch failed: timed out
2026-09-14T20:14:10Z  WARNING  thresholds fetch failed: timed out
2026-09-14T20:14:10Z  WARNING  stats fetch failed: timed out
2026-09-14T20:14:15Z  WARNING  thresholds fetch failed: timed out
2026-09-14T20:14:15Z  WARNING  stats fetch failed: timed out
2026-09-14T20:14:20Z  WARNING  thresholds fetch failed: timed out
2026-09-14T20:14:20Z  WARNING  stats fetch failed: timed out
2026-09-14T20:14:25Z  WARNING  thresholds fetch failed: timed out
2026-09-14T20:14:25Z  WARNING  stats fetch failed: timed out
2026-09-14T20:14:30Z  WARNING  thresholds fetch failed: timed out
2026-09-14T20:14:30Z  WARNING  stats fetch failed: timed out
2026-09-14T20:14:35Z  WARNING  thresholds fetch failed: <urlopen error timed out>
2026-09-14T20:14:35Z  WARNING  stats fetch failed: timed out
2026-09-14T20:14:40Z  WARNING  thresholds fetch failed: timed out
2026-09-14T20:14:40Z  WARNING  stats fetch failed: timed out
2026-09-14T20:14:45Z  WARNING  thresholds fetch failed: timed out
2026-09-14T20:14:45Z  WARNING  stats fetch failed: timed out
2026-09-14T20:14:50Z  WARNING  thresholds fetch failed: timed out
2026-09-14T20:14:50Z  WARNING  stats fetch failed: timed out
2026-09-14T20:14:55Z  WARNING  thresholds fetch failed: timed out
2026-09-14T20:14:55Z  WARNING  stats fetch failed: timed out
2026-09-14T20:15:00Z  WARNING  thresholds fetch failed: timed out
2026-09-14T20:15:00Z  WARNING  stats fetch failed: timed out
2026-09-14T20:15:05Z  WARNING  thresholds fetch failed: timed out
2026-09-14T20:15:05Z  WARNING  stats fetch failed: timed out
2026-09-14T20:15:10Z  WARNING  thresholds fetch failed: timed out
2026-09-14T20:15:10Z  WARNING  stats fetch failed: timed out
2026-09-14T20:15:15Z  WARNING  thresholds fetch failed: timed out
2026-09-14T20:15:15Z  WARNING  stats fetch failed: timed out
2026-09-14T20:15:20Z  WARNING  thresholds fetch failed: timed out
2026-09-14T20:15:20Z  WARNING  stats fetch failed: timed out
2026-09-14T20:15:25Z  WARNING  thresholds fetch failed: timed out
2026-09-14T20:15:25Z  WARNING  stats fetch failed: timed out
2026-09-14T20:15:30Z  WARNING  thresholds fetch failed: timed out
2026-09-14T20:15:30Z  WARNING  stats fetch failed: timed out
2026-09-14T20:15:35Z  WARNING  thresholds fetch failed: timed out
2026-09-14T20:15:35Z  WARNING  stats fetch failed: timed out
2026-09-14T20:15:40Z  WARNING  thresholds fetch failed: timed out
2026-09-14T20:15:40Z  WARNING  stats fetch failed: timed out
2026-09-14T20:15:45Z  WARNING  thresholds fetch failed: timed out
2026-09-14T20:15:45Z  WARNING  stats fetch failed: timed out
2026-09-14T20:15:50Z  WARNING  thresholds fetch failed: timed out
2026-09-14T20:15:50Z  WARNING  stats fetch failed: timed out
2026-09-14T20:15:55Z  WARNING  thresholds fetch failed: timed out
2026-09-14T20:15:55Z  WARNING  stats fetch failed: timed out
2026-09-14T20:16:00Z  WARNING  thresholds fetch failed: timed out
2026-09-14T20:16:00Z  WARNING  stats fetch failed: timed out
2026-09-14T20:16:05Z  WARNING  thresholds fetch failed: timed out
2026-09-14T20:16:05Z  WARNING  stats fetch failed: timed out
2026-09-14T20:16:10Z  WARNING  thresholds fetch failed: timed out
2026-09-14T20:16:10Z  WARNING  stats fetch failed: timed out
2026-09-14T20:16:15Z  WARNING  thresholds fetch failed: timed out
2026-09-14T20:16:15Z  WARNING  stats fetch failed: timed out
2026-09-14T20:16:20Z  WARNING  thresholds fetch failed: timed out
2026-09-14T20:16:20Z  WARNING  stats fetch failed: timed out
2026-09-14T20:16:25Z  WARNING  thresholds fetch failed: timed out
2026-09-14T20:16:25Z  WARNING  stats fetch failed: timed out
2026-09-14T20:16:30Z  WARNING  thresholds fetch failed: timed out
2026-09-14T20:16:30Z  WARNING  stats fetch failed: timed out
2026-09-14T20:16:35Z  WARNING  thresholds fetch failed: timed out
2026-09-14T20:16:35Z  WARNING  stats fetch failed: timed out
2026-09-14T20:16:40Z  WARNING  thresholds fetch failed: timed out
2026-09-14T20:16:40Z  WARNING  stats fetch failed: timed out
2026-09-14T20:16:45Z  WARNING  thresholds fetch failed: timed out
2026-09-14T20:16:45Z  WARNING  stats fetch failed: timed out
2026-09-14T20:16:50Z  WARNING  thresholds fetch failed: timed out
2026-09-14T20:16:50Z  WARNING  stats fetch failed: timed out
2026-09-14T20:16:55Z  WARNING  thresholds fetch failed: timed out
2026-09-14T20:16:55Z  WARNING  stats fetch failed: timed out
2026-09-14T20:17:00Z  WARNING  thresholds fetch failed: timed out
2026-09-14T20:17:00Z  WARNING  stats fetch failed: timed out
2026-09-14T20:17:05Z  WARNING  thresholds fetch failed: timed out
2026-09-14T20:17:05Z  WARNING  stats fetch failed: timed out
2026-09-14T20:17:10Z  WARNING  thresholds fetch failed: timed out
2026-09-14T20:17:10Z  WARNING  stats fetch failed: timed out
2026-09-14T20:17:15Z  WARNING  thresholds fetch failed: timed out
2026-09-14T20:17:15Z  WARNING  stats fetch failed: timed out
2026-09-14T20:17:20Z  WARNING  thresholds fetch failed: timed out
2026-09-14T20:17:20Z  WARNING  stats fetch failed: timed out
2026-09-14T20:17:25Z  WARNING  thresholds fetch failed: timed out
2026-09-14T20:17:25Z  WARNING  stats fetch failed: timed out
2026-09-14T20:17:30Z  WARNING  thresholds fetch failed: timed out
2026-09-14T20:17:30Z  WARNING  stats fetch failed: timed out
2026-09-14T20:17:35Z  WARNING  thresholds fetch failed: timed out
2026-09-14T20:17:35Z  WARNING  stats fetch failed: timed out
2026-09-14T20:17:40Z  WARNING  thresholds fetch failed: timed out
2026-09-14T20:17:40Z  WARNING  stats fetch failed: timed out
2026-09-14T20:17:45Z  WARNING  thresholds fetch failed: timed out
2026-09-14T20:17:45Z  WARNING  stats fetch failed: timed out
2026-09-14T20:17:50Z  WARNING  thresholds fetch failed: <urlopen error timed out>
2026-09-14T20:17:50Z  WARNING  stats fetch failed: timed out
2026-09-14T20:17:55Z  WARNING  thresholds fetch failed: timed out
2026-09-14T20:17:55Z  WARNING  stats fetch failed: timed out
2026-09-14T20:18:00Z  WARNING  thresholds fetch failed: timed out
2026-09-14T20:18:00Z  WARNING  stats fetch failed: timed out
2026-09-14T20:18:05Z  WARNING  thresholds fetch failed: timed out
2026-09-14T20:18:05Z  WARNING  stats fetch failed: timed out
2026-09-14T20:18:10Z  WARNING  thresholds fetch failed: timed out
2026-09-14T20:18:10Z  WARNING  stats fetch failed: timed out
2026-09-14T20:18:15Z  WARNING  thresholds fetch failed: timed out
2026-09-14T20:18:15Z  WARNING  stats fetch failed: timed out
2026-09-14T20:18:20Z  WARNING  thresholds fetch failed: timed out
2026-09-14T20:18:20Z  WARNING  stats fetch failed: timed out
2026-09-14T20:18:25Z  WARNING  thresholds fetch failed: timed out
2026-09-14T20:18:25Z  WARNING  stats fetch failed: timed out
2026-09-14T20:18:30Z  WARNING  thresholds fetch failed: timed out
2026-09-14T20:18:30Z  WARNING  stats fetch failed: timed out
2026-09-14T20:18:33Z  SHUTDOWN  signal=15
2026-09-14T20:18:33Z  EXIT
