2026-09-24T09:15:56Z  START  poll_interval=1s layer_a_poll_interval=5s
2026-09-24T09:16:55Z  WARNING  thresholds fetch failed: timed out
2026-09-24T09:16:55Z  WARNING  stats fetch failed: timed out
2026-09-24T09:17:00Z  WARNING  thresholds fetch failed: timed out
2026-09-24T09:17:00Z  WARNING  stats fetch failed: timed out
2026-09-24T09:17:05Z  WARNING  thresholds fetch failed: timed out
2026-09-24T09:17:05Z  WARNING  stats fetch failed: timed out
2026-09-24T09:17:10Z  WARNING  thresholds fetch failed: timed out
2026-09-24T09:17:10Z  WARNING  stats fetch failed: timed out
2026-09-24T09:17:15Z  WARNING  thresholds fetch failed: timed out
2026-09-24T09:17:15Z  WARNING  stats fetch failed: timed out
2026-09-24T09:17:20Z  WARNING  thresholds fetch failed: timed out
2026-09-24T09:17:20Z  WARNING  stats fetch failed: timed out
2026-09-24T09:17:25Z  WARNING  thresholds fetch failed: timed out
2026-09-24T09:17:25Z  WARNING  stats fetch failed: timed out
2026-09-24T09:17:30Z  WARNING  thresholds fetch failed: timed out
2026-09-24T09:17:30Z  WARNING  stats fetch failed: timed out
2026-09-24T09:17:35Z  WARNING  thresholds fetch failed: timed out
2026-09-24T09:17:35Z  WARNING  stats fetch failed: timed out
2026-09-24T09:17:40Z  WARNING  thresholds fetch failed: timed out
2026-09-24T09:17:40Z  WARNING  stats fetch failed: timed out
2026-09-24T09:17:45Z  WARNING  thresholds fetch failed: timed out
2026-09-24T09:17:45Z  WARNING  stats fetch failed: timed out
2026-09-24T09:17:50Z  WARNING  thresholds fetch failed: timed out
2026-09-24T09:17:50Z  WARNING  stats fetch failed: timed out
2026-09-24T09:17:55Z  WARNING  thresholds fetch failed: timed out
2026-09-24T09:17:55Z  WARNING  stats fetch failed: timed out
2026-09-24T09:18:00Z  WARNING  thresholds fetch failed: timed out
2026-09-24T09:18:00Z  WARNING  stats fetch failed: timed out
2026-09-24T09:18:05Z  WARNING  thresholds fetch failed: timed out
2026-09-24T09:18:05Z  WARNING  stats fetch failed: timed out
2026-09-24T09:18:10Z  WARNING  thresholds fetch failed: timed out
2026-09-24T09:18:10Z  WARNING  stats fetch failed: timed out
2026-09-24T09:18:15Z  WARNING  thresholds fetch failed: timed out
2026-09-24T09:18:15Z  WARNING  stats fetch failed: timed out
2026-09-24T09:18:20Z  WARNING  thresholds fetch failed: timed out
2026-09-24T09:18:20Z  WARNING  stats fetch failed: timed out
2026-09-24T09:18:25Z  WARNING  thresholds fetch failed: timed out
2026-09-24T09:18:25Z  WARNING  stats fetch failed: timed out
2026-09-24T09:18:30Z  WARNING  thresholds fetch failed: timed out
2026-09-24T09:18:30Z  WARNING  stats fetch failed: timed out
2026-09-24T09:18:35Z  WARNING  thresholds fetch failed: timed out
2026-09-24T09:18:35Z  WARNING  stats fetch failed: timed out
2026-09-24T09:18:40Z  WARNING  thresholds fetch failed: timed out
2026-09-24T09:18:40Z  WARNING  stats fetch failed: timed out
2026-09-24T09:18:45Z  WARNING  thresholds fetch failed: timed out
2026-09-24T09:18:45Z  WARNING  stats fetch failed: timed out
2026-09-24T09:18:50Z  WARNING  thresholds fetch failed: <urlopen error timed out>
2026-09-24T09:18:50Z  WARNING  stats fetch failed: timed out
2026-09-24T09:18:55Z  WARNING  thresholds fetch failed: timed out
2026-09-24T09:18:55Z  WARNING  stats fetch failed: timed out
2026-09-24T09:19:00Z  WARNING  thresholds fetch failed: timed out
2026-09-24T09:19:00Z  WARNING  stats fetch failed: timed out
2026-09-24T09:19:05Z  WARNING  thresholds fetch failed: timed out
2026-09-24T09:19:05Z  WARNING  stats fetch failed: timed out
2026-09-24T09:19:10Z  WARNING  thresholds fetch failed: timed out
2026-09-24T09:19:10Z  WARNING  stats fetch failed: timed out
2026-09-24T09:19:15Z  WARNING  thresholds fetch failed: timed out
2026-09-24T09:19:15Z  WARNING  stats fetch failed: timed out
2026-09-24T09:19:20Z  WARNING  thresholds fetch failed: timed out
2026-09-24T09:19:20Z  WARNING  stats fetch failed: timed out
2026-09-24T09:19:25Z  WARNING  thresholds fetch failed: timed out
2026-09-24T09:19:25Z  WARNING  stats fetch failed: timed out
2026-09-24T09:19:30Z  WARNING  thresholds fetch failed: timed out
2026-09-24T09:19:30Z  WARNING  stats fetch failed: timed out
2026-09-24T09:19:35Z  WARNING  thresholds fetch failed: timed out
2026-09-24T09:19:35Z  WARNING  stats fetch failed: timed out
2026-09-24T09:19:40Z  WARNING  thresholds fetch failed: timed out
2026-09-24T09:19:40Z  WARNING  stats fetch failed: timed out
2026-09-24T09:19:45Z  WARNING  thresholds fetch failed: timed out
2026-09-24T09:19:45Z  WARNING  stats fetch failed: timed out
2026-09-24T09:19:50Z  WARNING  thresholds fetch failed: timed out
2026-09-24T09:19:50Z  WARNING  stats fetch failed: timed out
2026-09-24T09:19:55Z  WARNING  thresholds fetch failed: timed out
2026-09-24T09:19:55Z  WARNING  stats fetch failed: timed out
2026-09-24T09:20:00Z  WARNING  thresholds fetch failed: timed out
2026-09-24T09:20:00Z  WARNING  stats fetch failed: timed out
2026-09-24T09:20:05Z  WARNING  thresholds fetch failed: timed out
2026-09-24T09:20:05Z  WARNING  stats fetch failed: timed out
2026-09-24T09:20:10Z  WARNING  thresholds fetch failed: timed out
2026-09-24T09:20:10Z  WARNING  stats fetch failed: timed out
2026-09-24T09:20:15Z  WARNING  thresholds fetch failed: timed out
2026-09-24T09:20:15Z  WARNING  stats fetch failed: timed out
2026-09-24T09:20:20Z  WARNING  thresholds fetch failed: timed out
2026-09-24T09:20:20Z  WARNING  stats fetch failed: timed out
2026-09-24T09:20:25Z  WARNING  thresholds fetch failed: timed out
2026-09-24T09:20:25Z  WARNING  stats fetch failed: timed out
2026-09-24T09:20:30Z  WARNING  thresholds fetch failed: timed out
2026-09-24T09:20:30Z  WARNING  stats fetch failed: timed out
2026-09-24T09:20:35Z  WARNING  thresholds fetch failed: timed out
2026-09-24T09:20:35Z  WARNING  stats fetch failed: timed out
2026-09-24T09:20:40Z  WARNING  thresholds fetch failed: timed out
2026-09-24T09:20:40Z  WARNING  stats fetch failed: timed out
2026-09-24T09:20:45Z  WARNING  thresholds fetch failed: timed out
2026-09-24T09:20:45Z  WARNING  stats fetch failed: timed out
2026-09-24T09:20:50Z  WARNING  thresholds fetch failed: timed out
2026-09-24T09:20:50Z  WARNING  stats fetch failed: timed out
2026-09-24T09:20:55Z  WARNING  thresholds fetch failed: timed out
2026-09-24T09:20:55Z  WARNING  stats fetch failed: timed out
2026-09-24T09:21:00Z  WARNING  thresholds fetch failed: timed out
2026-09-24T09:21:00Z  WARNING  stats fetch failed: timed out
2026-09-24T09:21:05Z  WARNING  thresholds fetch failed: timed out
2026-09-24T09:21:05Z  WARNING  stats fetch failed: timed out
2026-09-24T09:21:10Z  WARNING  thresholds fetch failed: timed out
2026-09-24T09:21:10Z  WARNING  stats fetch failed: timed out
2026-09-24T09:21:15Z  WARNING  thresholds fetch failed: timed out
2026-09-24T09:21:15Z  WARNING  stats fetch failed: timed out
2026-09-24T09:21:20Z  WARNING  thresholds fetch failed: timed out
2026-09-24T09:21:20Z  WARNING  stats fetch failed: timed out
2026-09-24T09:21:25Z  WARNING  thresholds fetch failed: timed out
2026-09-24T09:21:25Z  WARNING  stats fetch failed: timed out
2026-09-24T09:21:30Z  WARNING  thresholds fetch failed: timed out
2026-09-24T09:21:30Z  WARNING  stats fetch failed: timed out
2026-09-24T09:21:35Z  WARNING  thresholds fetch failed: timed out
2026-09-24T09:21:35Z  WARNING  stats fetch failed: timed out
2026-09-24T09:21:40Z  WARNING  thresholds fetch failed: timed out
2026-09-24T09:21:40Z  WARNING  stats fetch failed: timed out
2026-09-24T09:21:45Z  WARNING  thresholds fetch failed: timed out
2026-09-24T09:21:45Z  WARNING  stats fetch failed: timed out
2026-09-24T09:21:50Z  WARNING  thresholds fetch failed: timed out
2026-09-24T09:21:50Z  WARNING  stats fetch failed: timed out
2026-09-24T09:21:55Z  WARNING  thresholds fetch failed: timed out
2026-09-24T09:21:55Z  WARNING  stats fetch failed: timed out
2026-09-24T09:22:00Z  WARNING  thresholds fetch failed: timed out
2026-09-24T09:22:00Z  WARNING  stats fetch failed: timed out
2026-09-24T09:22:05Z  WARNING  thresholds fetch failed: timed out
2026-09-24T09:22:05Z  WARNING  stats fetch failed: timed out
2026-09-24T09:22:10Z  WARNING  thresholds fetch failed: timed out
2026-09-24T09:22:10Z  WARNING  stats fetch failed: timed out
2026-09-24T09:22:15Z  WARNING  thresholds fetch failed: timed out
2026-09-24T09:22:15Z  WARNING  stats fetch failed: timed out
2026-09-24T09:22:20Z  WARNING  thresholds fetch failed: timed out
2026-09-24T09:22:20Z  WARNING  stats fetch failed: timed out
2026-09-24T09:22:25Z  WARNING  thresholds fetch failed: timed out
2026-09-24T09:22:25Z  WARNING  stats fetch failed: timed out
2026-09-24T09:22:30Z  WARNING  thresholds fetch failed: timed out
2026-09-24T09:22:30Z  WARNING  stats fetch failed: timed out
2026-09-24T09:22:35Z  WARNING  thresholds fetch failed: timed out
2026-09-24T09:22:35Z  WARNING  stats fetch failed: timed out
2026-09-24T09:22:40Z  WARNING  thresholds fetch failed: timed out
2026-09-24T09:22:40Z  WARNING  stats fetch failed: timed out
2026-09-24T09:22:45Z  WARNING  thresholds fetch failed: timed out
2026-09-24T09:22:45Z  WARNING  stats fetch failed: timed out
2026-09-24T09:22:50Z  WARNING  thresholds fetch failed: timed out
2026-09-24T09:22:50Z  WARNING  stats fetch failed: timed out
2026-09-24T09:22:55Z  WARNING  thresholds fetch failed: timed out
2026-09-24T09:22:55Z  WARNING  stats fetch failed: timed out
2026-09-24T09:23:00Z  WARNING  thresholds fetch failed: timed out
2026-09-24T09:23:00Z  WARNING  stats fetch failed: timed out
2026-09-24T09:23:05Z  WARNING  thresholds fetch failed: timed out
2026-09-24T09:23:05Z  WARNING  stats fetch failed: timed out
2026-09-24T09:23:10Z  WARNING  thresholds fetch failed: timed out
2026-09-24T09:23:10Z  WARNING  stats fetch failed: timed out
2026-09-24T09:23:15Z  WARNING  thresholds fetch failed: timed out
2026-09-24T09:23:15Z  WARNING  stats fetch failed: timed out
2026-09-24T09:23:20Z  WARNING  thresholds fetch failed: timed out
2026-09-24T09:23:20Z  WARNING  stats fetch failed: timed out
2026-09-24T09:23:25Z  WARNING  thresholds fetch failed: timed out
2026-09-24T09:23:25Z  WARNING  stats fetch failed: timed out
2026-09-24T09:23:30Z  WARNING  thresholds fetch failed: timed out
2026-09-24T09:23:30Z  WARNING  stats fetch failed: timed out
2026-09-24T09:23:35Z  WARNING  thresholds fetch failed: timed out
2026-09-24T09:23:35Z  WARNING  stats fetch failed: timed out
2026-09-24T09:23:40Z  WARNING  thresholds fetch failed: timed out
2026-09-24T09:23:40Z  WARNING  stats fetch failed: timed out
2026-09-24T09:23:45Z  WARNING  thresholds fetch failed: timed out
2026-09-24T09:23:45Z  WARNING  stats fetch failed: timed out
2026-09-24T09:23:50Z  WARNING  thresholds fetch failed: timed out
2026-09-24T09:23:50Z  WARNING  stats fetch failed: timed out
2026-09-24T09:23:55Z  WARNING  thresholds fetch failed: timed out
2026-09-24T09:23:55Z  WARNING  stats fetch failed: timed out
2026-09-24T09:24:00Z  WARNING  thresholds fetch failed: timed out
2026-09-24T09:24:00Z  WARNING  stats fetch failed: timed out
2026-09-24T09:24:05Z  WARNING  thresholds fetch failed: timed out
2026-09-24T09:24:05Z  WARNING  stats fetch failed: timed out
2026-09-24T09:24:10Z  WARNING  thresholds fetch failed: timed out
2026-09-24T09:24:10Z  WARNING  stats fetch failed: timed out
2026-09-24T09:24:15Z  WARNING  thresholds fetch failed: timed out
2026-09-24T09:24:15Z  WARNING  stats fetch failed: timed out
2026-09-24T09:24:20Z  WARNING  thresholds fetch failed: timed out
2026-09-24T09:24:20Z  WARNING  stats fetch failed: timed out
2026-09-24T09:24:25Z  WARNING  thresholds fetch failed: timed out
2026-09-24T09:24:25Z  WARNING  stats fetch failed: timed out
2026-09-24T09:24:30Z  WARNING  thresholds fetch failed: timed out
2026-09-24T09:24:30Z  WARNING  stats fetch failed: timed out
2026-09-24T09:24:35Z  WARNING  thresholds fetch failed: timed out
2026-09-24T09:24:35Z  WARNING  stats fetch failed: timed out
2026-09-24T09:24:40Z  WARNING  thresholds fetch failed: timed out
2026-09-24T09:24:40Z  WARNING  stats fetch failed: timed out
2026-09-24T09:24:45Z  WARNING  thresholds fetch failed: timed out
2026-09-24T09:24:45Z  WARNING  stats fetch failed: timed out
2026-09-24T09:24:50Z  WARNING  thresholds fetch failed: timed out
2026-09-24T09:24:50Z  WARNING  stats fetch failed: timed out
2026-09-24T09:24:55Z  WARNING  thresholds fetch failed: timed out
2026-09-24T09:24:55Z  WARNING  stats fetch failed: timed out
2026-09-24T09:25:00Z  WARNING  thresholds fetch failed: timed out
2026-09-24T09:25:00Z  WARNING  stats fetch failed: timed out
2026-09-24T09:25:05Z  WARNING  thresholds fetch failed: timed out
2026-09-24T09:25:05Z  WARNING  stats fetch failed: timed out
2026-09-24T09:25:10Z  WARNING  thresholds fetch failed: timed out
2026-09-24T09:25:10Z  WARNING  stats fetch failed: timed out
2026-09-24T09:25:15Z  WARNING  thresholds fetch failed: timed out
2026-09-24T09:25:15Z  WARNING  stats fetch failed: timed out
2026-09-24T09:25:20Z  WARNING  thresholds fetch failed: timed out
2026-09-24T09:25:20Z  WARNING  stats fetch failed: timed out
2026-09-24T09:25:25Z  WARNING  thresholds fetch failed: timed out
2026-09-24T09:25:25Z  WARNING  stats fetch failed: timed out
2026-09-24T09:25:30Z  WARNING  thresholds fetch failed: timed out
2026-09-24T09:25:30Z  WARNING  stats fetch failed: timed out
2026-09-24T09:25:35Z  WARNING  thresholds fetch failed: timed out
2026-09-24T09:25:35Z  WARNING  stats fetch failed: timed out
2026-09-24T09:25:40Z  WARNING  thresholds fetch failed: timed out
2026-09-24T09:25:40Z  WARNING  stats fetch failed: timed out
2026-09-24T09:25:45Z  WARNING  thresholds fetch failed: timed out
2026-09-24T09:25:45Z  WARNING  stats fetch failed: timed out
2026-09-24T09:25:50Z  WARNING  thresholds fetch failed: timed out
2026-09-24T09:25:50Z  WARNING  stats fetch failed: timed out
2026-09-24T09:25:55Z  WARNING  thresholds fetch failed: timed out
2026-09-24T09:25:55Z  WARNING  stats fetch failed: timed out
2026-09-24T09:26:00Z  WARNING  thresholds fetch failed: timed out
2026-09-24T09:26:00Z  WARNING  stats fetch failed: timed out
2026-09-24T09:26:05Z  WARNING  thresholds fetch failed: timed out
2026-09-24T09:26:05Z  WARNING  stats fetch failed: timed out
2026-09-24T09:26:10Z  WARNING  thresholds fetch failed: timed out
2026-09-24T09:26:10Z  WARNING  stats fetch failed: timed out
2026-09-24T09:26:15Z  WARNING  thresholds fetch failed: timed out
2026-09-24T09:26:15Z  WARNING  stats fetch failed: timed out
2026-09-24T09:26:20Z  WARNING  thresholds fetch failed: timed out
2026-09-24T09:26:20Z  WARNING  stats fetch failed: timed out
2026-09-24T09:26:25Z  WARNING  thresholds fetch failed: timed out
2026-09-24T09:26:25Z  WARNING  stats fetch failed: timed out
2026-09-24T09:26:30Z  WARNING  thresholds fetch failed: timed out
2026-09-24T09:26:30Z  WARNING  stats fetch failed: timed out
2026-09-24T09:26:32Z  SHUTDOWN  signal=15
2026-09-24T09:26:33Z  EXIT
