2026-10-04T19:24:29Z  START  poll_interval=1s layer_a_poll_interval=5s
2026-10-04T19:25:05Z  WARNING  thresholds fetch failed: timed out
2026-10-04T19:25:05Z  WARNING  stats fetch failed: timed out
2026-10-04T19:25:10Z  WARNING  thresholds fetch failed: timed out
2026-10-04T19:25:10Z  WARNING  stats fetch failed: timed out
2026-10-04T19:25:15Z  WARNING  thresholds fetch failed: timed out
2026-10-04T19:25:15Z  WARNING  stats fetch failed: timed out
2026-10-04T19:25:20Z  WARNING  thresholds fetch failed: timed out
2026-10-04T19:25:20Z  WARNING  stats fetch failed: timed out
2026-10-04T19:25:25Z  WARNING  thresholds fetch failed: timed out
2026-10-04T19:25:25Z  WARNING  stats fetch failed: timed out
2026-10-04T19:25:30Z  WARNING  thresholds fetch failed: timed out
2026-10-04T19:25:30Z  WARNING  stats fetch failed: timed out
2026-10-04T19:25:35Z  WARNING  thresholds fetch failed: timed out
2026-10-04T19:25:35Z  WARNING  stats fetch failed: timed out
2026-10-04T19:25:40Z  WARNING  thresholds fetch failed: timed out
2026-10-04T19:25:40Z  WARNING  stats fetch failed: timed out
2026-10-04T19:25:45Z  WARNING  thresholds fetch failed: timed out
2026-10-04T19:25:45Z  WARNING  stats fetch failed: timed out
2026-10-04T19:25:50Z  WARNING  thresholds fetch failed: timed out
2026-10-04T19:25:50Z  WARNING  stats fetch failed: timed out
2026-10-04T19:25:55Z  WARNING  thresholds fetch failed: timed out
2026-10-04T19:25:55Z  WARNING  stats fetch failed: timed out
2026-10-04T19:26:00Z  WARNING  thresholds fetch failed: timed out
2026-10-04T19:26:00Z  WARNING  stats fetch failed: timed out
2026-10-04T19:26:05Z  WARNING  thresholds fetch failed: timed out
2026-10-04T19:26:05Z  WARNING  stats fetch failed: timed out
2026-10-04T19:26:10Z  WARNING  thresholds fetch failed: timed out
2026-10-04T19:26:10Z  WARNING  stats fetch failed: timed out
2026-10-04T19:26:15Z  WARNING  thresholds fetch failed: timed out
2026-10-04T19:26:15Z  WARNING  stats fetch failed: timed out
2026-10-04T19:26:20Z  WARNING  thresholds fetch failed: timed out
2026-10-04T19:26:20Z  WARNING  stats fetch failed: timed out
2026-10-04T19:26:25Z  WARNING  thresholds fetch failed: timed out
2026-10-04T19:26:25Z  WARNING  stats fetch failed: timed out
2026-10-04T19:26:30Z  WARNING  thresholds fetch failed: timed out
2026-10-04T19:26:30Z  WARNING  stats fetch failed: timed out
2026-10-04T19:26:35Z  WARNING  thresholds fetch failed: timed out
2026-10-04T19:26:35Z  WARNING  stats fetch failed: timed out
2026-10-04T19:26:40Z  WARNING  thresholds fetch failed: timed out
2026-10-04T19:26:40Z  WARNING  stats fetch failed: timed out
2026-10-04T19:26:45Z  WARNING  thresholds fetch failed: timed out
2026-10-04T19:26:45Z  WARNING  stats fetch failed: timed out
2026-10-04T19:26:50Z  WARNING  thresholds fetch failed: timed out
2026-10-04T19:26:50Z  WARNING  stats fetch failed: timed out
2026-10-04T19:26:55Z  WARNING  thresholds fetch failed: timed out
2026-10-04T19:26:55Z  WARNING  stats fetch failed: timed out
2026-10-04T19:27:00Z  WARNING  thresholds fetch failed: timed out
2026-10-04T19:27:00Z  WARNING  stats fetch failed: timed out
2026-10-04T19:27:05Z  WARNING  thresholds fetch failed: timed out
2026-10-04T19:27:05Z  WARNING  stats fetch failed: timed out
2026-10-04T19:27:10Z  WARNING  thresholds fetch failed: timed out
2026-10-04T19:27:10Z  WARNING  stats fetch failed: timed out
2026-10-04T19:27:15Z  WARNING  thresholds fetch failed: timed out
2026-10-04T19:27:15Z  WARNING  stats fetch failed: timed out
2026-10-04T19:27:20Z  WARNING  thresholds fetch failed: timed out
2026-10-04T19:27:20Z  WARNING  stats fetch failed: timed out
2026-10-04T19:27:25Z  WARNING  thresholds fetch failed: timed out
2026-10-04T19:27:25Z  WARNING  stats fetch failed: timed out
2026-10-04T19:27:30Z  WARNING  thresholds fetch failed: timed out
2026-10-04T19:27:30Z  WARNING  stats fetch failed: timed out
2026-10-04T19:27:35Z  WARNING  thresholds fetch failed: timed out
2026-10-04T19:27:35Z  WARNING  stats fetch failed: timed out
2026-10-04T19:27:40Z  WARNING  thresholds fetch failed: timed out
2026-10-04T19:27:40Z  WARNING  stats fetch failed: timed out
2026-10-04T19:27:45Z  WARNING  thresholds fetch failed: timed out
2026-10-04T19:27:45Z  WARNING  stats fetch failed: timed out
2026-10-04T19:27:50Z  WARNING  thresholds fetch failed: timed out
2026-10-04T19:27:50Z  WARNING  stats fetch failed: timed out
2026-10-04T19:27:55Z  WARNING  thresholds fetch failed: timed out
2026-10-04T19:27:55Z  WARNING  stats fetch failed: timed out
2026-10-04T19:28:00Z  WARNING  thresholds fetch failed: timed out
2026-10-04T19:28:00Z  WARNING  stats fetch failed: timed out
2026-10-04T19:28:05Z  WARNING  thresholds fetch failed: timed out
2026-10-04T19:28:05Z  WARNING  stats fetch failed: timed out
2026-10-04T19:28:10Z  WARNING  thresholds fetch failed: timed out
2026-10-04T19:28:10Z  WARNING  stats fetch failed: timed out
2026-10-04T19:28:15Z  WARNING  thresholds fetch failed: timed out
2026-10-04T19:28:15Z  WARNING  stats fetch failed: timed out
2026-10-04T19:28:20Z  WARNING  thresholds fetch failed: timed out
2026-10-04T19:28:20Z  WARNING  stats fetch failed: timed out
2026-10-04T19:28:25Z  WARNING  thresholds fetch failed: timed out
2026-10-04T19:28:25Z  WARNING  stats fetch failed: timed out
2026-10-04T19:28:30Z  WARNING  thresholds fetch failed: timed out
2026-10-04T19:28:30Z  WARNING  stats fetch failed: timed out
2026-10-04T19:28:35Z  WARNING  thresholds fetch failed: timed out
2026-10-04T19:28:35Z  WARNING  stats fetch failed: timed out
2026-10-04T19:28:40Z  WARNING  thresholds fetch failed: timed out
2026-10-04T19:28:40Z  WARNING  stats fetch failed: timed out
2026-10-04T19:28:45Z  WARNING  thresholds fetch failed: timed out
2026-10-04T19:28:45Z  WARNING  stats fetch failed: timed out
2026-10-04T19:28:50Z  WARNING  thresholds fetch failed: timed out
2026-10-04T19:28:50Z  WARNING  stats fetch failed: timed out
2026-10-04T19:28:55Z  WARNING  thresholds fetch failed: timed out
2026-10-04T19:28:55Z  WARNING  stats fetch failed: timed out
2026-10-04T19:29:00Z  WARNING  thresholds fetch failed: timed out
2026-10-04T19:29:00Z  WARNING  stats fetch failed: timed out
2026-10-04T19:29:05Z  WARNING  thresholds fetch failed: timed out
2026-10-04T19:29:05Z  WARNING  stats fetch failed: timed out
2026-10-04T19:29:10Z  WARNING  thresholds fetch failed: timed out
2026-10-04T19:29:10Z  WARNING  stats fetch failed: timed out
2026-10-04T19:29:15Z  WARNING  thresholds fetch failed: timed out
2026-10-04T19:29:15Z  WARNING  stats fetch failed: timed out
2026-10-04T19:29:20Z  WARNING  thresholds fetch failed: timed out
2026-10-04T19:29:20Z  WARNING  stats fetch failed: timed out
2026-10-04T19:29:25Z  WARNING  thresholds fetch failed: timed out
2026-10-04T19:29:25Z  WARNING  stats fetch failed: timed out
2026-10-04T19:29:30Z  WARNING  thresholds fetch failed: timed out
2026-10-04T19:29:30Z  WARNING  stats fetch failed: timed out
2026-10-04T19:29:35Z  WARNING  thresholds fetch failed: timed out
2026-10-04T19:29:35Z  WARNING  stats fetch failed: timed out
2026-10-04T19:29:40Z  WARNING  thresholds fetch failed: timed out
2026-10-04T19:29:40Z  WARNING  stats fetch failed: timed out
2026-10-04T19:29:45Z  WARNING  thresholds fetch failed: timed out
2026-10-04T19:29:45Z  WARNING  stats fetch failed: timed out
2026-10-04T19:29:50Z  WARNING  thresholds fetch failed: timed out
2026-10-04T19:29:50Z  WARNING  stats fetch failed: timed out
2026-10-04T19:29:55Z  WARNING  thresholds fetch failed: timed out
2026-10-04T19:29:55Z  WARNING  stats fetch failed: timed out
2026-10-04T19:30:00Z  WARNING  thresholds fetch failed: timed out
2026-10-04T19:30:00Z  WARNING  stats fetch failed: timed out
2026-10-04T19:30:05Z  WARNING  thresholds fetch failed: timed out
2026-10-04T19:30:05Z  WARNING  stats fetch failed: timed out
2026-10-04T19:30:10Z  WARNING  thresholds fetch failed: timed out
2026-10-04T19:30:10Z  WARNING  stats fetch failed: timed out
2026-10-04T19:30:15Z  WARNING  thresholds fetch failed: timed out
2026-10-04T19:30:15Z  WARNING  stats fetch failed: timed out
2026-10-04T19:30:20Z  WARNING  thresholds fetch failed: timed out
2026-10-04T19:30:20Z  WARNING  stats fetch failed: timed out
2026-10-04T19:30:25Z  WARNING  thresholds fetch failed: timed out
2026-10-04T19:30:25Z  WARNING  stats fetch failed: timed out
2026-10-04T19:30:30Z  WARNING  thresholds fetch failed: timed out
2026-10-04T19:30:30Z  WARNING  stats fetch failed: timed out
2026-10-04T19:30:35Z  WARNING  thresholds fetch failed: timed out
2026-10-04T19:30:35Z  WARNING  stats fetch failed: timed out
2026-10-04T19:30:40Z  WARNING  thresholds fetch failed: timed out
2026-10-04T19:30:40Z  WARNING  stats fetch failed: timed out
2026-10-04T19:30:45Z  WARNING  thresholds fetch failed: timed out
2026-10-04T19:30:45Z  WARNING  stats fetch failed: timed out
2026-10-04T19:30:50Z  WARNING  thresholds fetch failed: timed out
2026-10-04T19:30:50Z  WARNING  stats fetch failed: timed out
2026-10-04T19:30:55Z  WARNING  thresholds fetch failed: timed out
2026-10-04T19:30:55Z  WARNING  stats fetch failed: timed out
2026-10-04T19:31:00Z  WARNING  thresholds fetch failed: timed out
2026-10-04T19:31:00Z  WARNING  stats fetch failed: timed out
2026-10-04T19:31:05Z  WARNING  thresholds fetch failed: timed out
2026-10-04T19:31:05Z  WARNING  stats fetch failed: timed out
2026-10-04T19:31:10Z  WARNING  thresholds fetch failed: timed out
2026-10-04T19:31:10Z  WARNING  stats fetch failed: timed out
2026-10-04T19:31:15Z  WARNING  thresholds fetch failed: timed out
2026-10-04T19:31:15Z  WARNING  stats fetch failed: timed out
2026-10-04T19:31:20Z  WARNING  thresholds fetch failed: timed out
2026-10-04T19:31:20Z  WARNING  stats fetch failed: timed out
2026-10-04T19:31:25Z  WARNING  thresholds fetch failed: timed out
2026-10-04T19:31:25Z  WARNING  stats fetch failed: timed out
2026-10-04T19:31:30Z  WARNING  thresholds fetch failed: timed out
2026-10-04T19:31:30Z  WARNING  stats fetch failed: timed out
2026-10-04T19:31:35Z  WARNING  thresholds fetch failed: timed out
2026-10-04T19:31:35Z  WARNING  stats fetch failed: timed out
2026-10-04T19:31:40Z  WARNING  thresholds fetch failed: timed out
2026-10-04T19:31:40Z  WARNING  stats fetch failed: timed out
2026-10-04T19:31:45Z  WARNING  thresholds fetch failed: timed out
2026-10-04T19:31:45Z  WARNING  stats fetch failed: timed out
2026-10-04T19:31:50Z  WARNING  thresholds fetch failed: timed out
2026-10-04T19:31:50Z  WARNING  stats fetch failed: timed out
2026-10-04T19:31:55Z  WARNING  thresholds fetch failed: timed out
2026-10-04T19:31:55Z  WARNING  stats fetch failed: timed out
2026-10-04T19:32:00Z  WARNING  thresholds fetch failed: timed out
2026-10-04T19:32:00Z  WARNING  stats fetch failed: timed out
2026-10-04T19:32:05Z  WARNING  thresholds fetch failed: timed out
2026-10-04T19:32:05Z  WARNING  stats fetch failed: timed out
2026-10-04T19:32:10Z  WARNING  thresholds fetch failed: timed out
2026-10-04T19:32:10Z  WARNING  stats fetch failed: timed out
2026-10-04T19:32:15Z  WARNING  thresholds fetch failed: timed out
2026-10-04T19:32:15Z  WARNING  stats fetch failed: timed out
2026-10-04T19:32:20Z  WARNING  thresholds fetch failed: timed out
2026-10-04T19:32:20Z  WARNING  stats fetch failed: timed out
2026-10-04T19:32:25Z  WARNING  thresholds fetch failed: timed out
2026-10-04T19:32:25Z  WARNING  stats fetch failed: timed out
2026-10-04T19:32:30Z  WARNING  thresholds fetch failed: timed out
2026-10-04T19:32:30Z  WARNING  stats fetch failed: timed out
2026-10-04T19:32:35Z  WARNING  thresholds fetch failed: timed out
2026-10-04T19:32:35Z  WARNING  stats fetch failed: timed out
2026-10-04T19:32:40Z  WARNING  thresholds fetch failed: timed out
2026-10-04T19:32:40Z  WARNING  stats fetch failed: timed out
2026-10-04T19:32:45Z  WARNING  thresholds fetch failed: timed out
2026-10-04T19:32:45Z  WARNING  stats fetch failed: timed out
2026-10-04T19:32:50Z  WARNING  thresholds fetch failed: timed out
2026-10-04T19:32:50Z  WARNING  stats fetch failed: timed out
2026-10-04T19:32:55Z  WARNING  thresholds fetch failed: timed out
2026-10-04T19:32:55Z  WARNING  stats fetch failed: timed out
2026-10-04T19:33:00Z  WARNING  thresholds fetch failed: timed out
2026-10-04T19:33:00Z  WARNING  stats fetch failed: timed out
2026-10-04T19:33:05Z  WARNING  thresholds fetch failed: timed out
2026-10-04T19:33:05Z  WARNING  stats fetch failed: timed out
2026-10-04T19:33:10Z  WARNING  thresholds fetch failed: timed out
2026-10-04T19:33:10Z  WARNING  stats fetch failed: timed out
2026-10-04T19:33:15Z  WARNING  thresholds fetch failed: timed out
2026-10-04T19:33:15Z  WARNING  stats fetch failed: timed out
2026-10-04T19:33:20Z  WARNING  thresholds fetch failed: timed out
2026-10-04T19:33:20Z  WARNING  stats fetch failed: timed out
2026-10-04T19:33:25Z  WARNING  thresholds fetch failed: timed out
2026-10-04T19:33:25Z  WARNING  stats fetch failed: timed out
2026-10-04T19:33:30Z  WARNING  thresholds fetch failed: timed out
2026-10-04T19:33:30Z  WARNING  stats fetch failed: timed out
2026-10-04T19:33:35Z  WARNING  thresholds fetch failed: timed out
2026-10-04T19:33:35Z  WARNING  stats fetch failed: timed out
2026-10-04T19:33:40Z  WARNING  thresholds fetch failed: timed out
2026-10-04T19:33:40Z  WARNING  stats fetch failed: timed out
2026-10-04T19:33:45Z  WARNING  thresholds fetch failed: timed out
2026-10-04T19:33:45Z  WARNING  stats fetch failed: timed out
2026-10-04T19:33:50Z  WARNING  thresholds fetch failed: timed out
2026-10-04T19:33:50Z  WARNING  stats fetch failed: timed out
2026-10-04T19:33:55Z  WARNING  thresholds fetch failed: timed out
2026-10-04T19:33:55Z  WARNING  stats fetch failed: timed out
2026-10-04T19:34:00Z  WARNING  thresholds fetch failed: timed out
2026-10-04T19:34:00Z  WARNING  stats fetch failed: timed out
2026-10-04T19:34:05Z  WARNING  thresholds fetch failed: timed out
2026-10-04T19:34:05Z  WARNING  stats fetch failed: timed out
2026-10-04T19:34:10Z  WARNING  thresholds fetch failed: timed out
2026-10-04T19:34:10Z  WARNING  stats fetch failed: timed out
2026-10-04T19:34:15Z  WARNING  thresholds fetch failed: timed out
2026-10-04T19:34:15Z  WARNING  stats fetch failed: timed out
2026-10-04T19:34:20Z  WARNING  thresholds fetch failed: timed out
2026-10-04T19:34:20Z  WARNING  stats fetch failed: timed out
2026-10-04T19:34:25Z  WARNING  thresholds fetch failed: timed out
2026-10-04T19:34:25Z  WARNING  stats fetch failed: timed out
2026-10-04T19:34:30Z  WARNING  thresholds fetch failed: timed out
2026-10-04T19:34:30Z  WARNING  stats fetch failed: timed out
2026-10-04T19:34:35Z  WARNING  thresholds fetch failed: timed out
2026-10-04T19:34:35Z  WARNING  stats fetch failed: timed out
2026-10-04T19:34:40Z  WARNING  thresholds fetch failed: timed out
2026-10-04T19:34:40Z  WARNING  stats fetch failed: timed out
2026-10-04T19:34:45Z  WARNING  thresholds fetch failed: timed out
2026-10-04T19:34:45Z  WARNING  stats fetch failed: timed out
2026-10-04T19:34:50Z  WARNING  thresholds fetch failed: timed out
2026-10-04T19:34:50Z  WARNING  stats fetch failed: timed out
2026-10-04T19:34:55Z  WARNING  thresholds fetch failed: timed out
2026-10-04T19:34:55Z  WARNING  stats fetch failed: timed out
2026-10-04T19:35:00Z  WARNING  thresholds fetch failed: timed out
2026-10-04T19:35:00Z  WARNING  stats fetch failed: timed out
2026-10-04T19:35:05Z  WARNING  thresholds fetch failed: timed out
2026-10-04T19:35:05Z  WARNING  stats fetch failed: timed out
2026-10-04T19:35:08Z  SHUTDOWN  signal=15
2026-10-04T19:35:09Z  EXIT
