2026-10-06T07:34:14Z  START  poll_interval=1s layer_a_poll_interval=5s
2026-10-06T07:35:30Z  WARNING  thresholds fetch failed: timed out
2026-10-06T07:35:30Z  WARNING  stats fetch failed: timed out
2026-10-06T07:35:35Z  WARNING  thresholds fetch failed: timed out
2026-10-06T07:35:35Z  WARNING  stats fetch failed: timed out
2026-10-06T07:35:40Z  WARNING  thresholds fetch failed: timed out
2026-10-06T07:35:40Z  WARNING  stats fetch failed: timed out
2026-10-06T07:35:45Z  WARNING  thresholds fetch failed: timed out
2026-10-06T07:35:45Z  WARNING  stats fetch failed: timed out
2026-10-06T07:35:50Z  WARNING  thresholds fetch failed: timed out
2026-10-06T07:35:50Z  WARNING  stats fetch failed: timed out
2026-10-06T07:35:55Z  WARNING  thresholds fetch failed: timed out
2026-10-06T07:35:55Z  WARNING  stats fetch failed: timed out
2026-10-06T07:36:00Z  WARNING  thresholds fetch failed: timed out
2026-10-06T07:36:00Z  WARNING  stats fetch failed: timed out
2026-10-06T07:36:05Z  WARNING  thresholds fetch failed: timed out
2026-10-06T07:36:05Z  WARNING  stats fetch failed: timed out
2026-10-06T07:36:10Z  WARNING  thresholds fetch failed: timed out
2026-10-06T07:36:10Z  WARNING  stats fetch failed: timed out
2026-10-06T07:36:15Z  WARNING  thresholds fetch failed: timed out
2026-10-06T07:36:15Z  WARNING  stats fetch failed: timed out
2026-10-06T07:36:20Z  WARNING  thresholds fetch failed: timed out
2026-10-06T07:36:20Z  WARNING  stats fetch failed: timed out
2026-10-06T07:36:25Z  WARNING  thresholds fetch failed: timed out
2026-10-06T07:36:25Z  WARNING  stats fetch failed: timed out
2026-10-06T07:36:30Z  WARNING  thresholds fetch failed: timed out
2026-10-06T07:36:30Z  WARNING  stats fetch failed: timed out
2026-10-06T07:36:35Z  WARNING  thresholds fetch failed: timed out
2026-10-06T07:36:35Z  WARNING  stats fetch failed: timed out
2026-10-06T07:36:40Z  WARNING  thresholds fetch failed: timed out
2026-10-06T07:36:40Z  WARNING  stats fetch failed: timed out
2026-10-06T07:36:45Z  WARNING  thresholds fetch failed: timed out
2026-10-06T07:36:45Z  WARNING  stats fetch failed: timed out
2026-10-06T07:36:50Z  WARNING  thresholds fetch failed: timed out
2026-10-06T07:36:50Z  WARNING  stats fetch failed: timed out
2026-10-06T07:36:55Z  WARNING  thresholds fetch failed: timed out
2026-10-06T07:36:55Z  WARNING  stats fetch failed: timed out
2026-10-06T07:37:00Z  WARNING  thresholds fetch failed: timed out
2026-10-06T07:37:00Z  WARNING  stats fetch failed: timed out
2026-10-06T07:37:05Z  WARNING  thresholds fetch failed: timed out
2026-10-06T07:37:05Z  WARNING  stats fetch failed: timed out
2026-10-06T07:37:10Z  WARNING  thresholds fetch failed: timed out
2026-10-06T07:37:10Z  WARNING  stats fetch failed: timed out
2026-10-06T07:37:15Z  WARNING  thresholds fetch failed: timed out
2026-10-06T07:37:15Z  WARNING  stats fetch failed: timed out
2026-10-06T07:37:20Z  WARNING  thresholds fetch failed: timed out
2026-10-06T07:37:20Z  WARNING  stats fetch failed: timed out
2026-10-06T07:37:25Z  WARNING  thresholds fetch failed: timed out
2026-10-06T07:37:25Z  WARNING  stats fetch failed: timed out
2026-10-06T07:37:30Z  WARNING  thresholds fetch failed: timed out
2026-10-06T07:37:30Z  WARNING  stats fetch failed: timed out
2026-10-06T07:37:35Z  WARNING  thresholds fetch failed: timed out
2026-10-06T07:37:35Z  WARNING  stats fetch failed: timed out
2026-10-06T07:37:40Z  WARNING  thresholds fetch failed: timed out
2026-10-06T07:37:40Z  WARNING  stats fetch failed: timed out
2026-10-06T07:37:45Z  WARNING  thresholds fetch failed: timed out
2026-10-06T07:37:45Z  WARNING  stats fetch failed: timed out
2026-10-06T07:37:50Z  WARNING  thresholds fetch failed: timed out
2026-10-06T07:37:50Z  WARNING  stats fetch failed: timed out
2026-10-06T07:37:55Z  WARNING  thresholds fetch failed: timed out
2026-10-06T07:37:55Z  WARNING  stats fetch failed: timed out
2026-10-06T07:38:00Z  WARNING  thresholds fetch failed: timed out
2026-10-06T07:38:00Z  WARNING  stats fetch failed: timed out
2026-10-06T07:38:05Z  WARNING  thresholds fetch failed: timed out
2026-10-06T07:38:05Z  WARNING  stats fetch failed: timed out
2026-10-06T07:38:10Z  WARNING  thresholds fetch failed: timed out
2026-10-06T07:38:10Z  WARNING  stats fetch failed: timed out
2026-10-06T07:38:15Z  WARNING  thresholds fetch failed: timed out
2026-10-06T07:38:15Z  WARNING  stats fetch failed: timed out
2026-10-06T07:38:20Z  WARNING  thresholds fetch failed: timed out
2026-10-06T07:38:20Z  WARNING  stats fetch failed: timed out
2026-10-06T07:38:25Z  WARNING  thresholds fetch failed: timed out
2026-10-06T07:38:25Z  WARNING  stats fetch failed: timed out
2026-10-06T07:38:30Z  WARNING  thresholds fetch failed: timed out
2026-10-06T07:38:30Z  WARNING  stats fetch failed: timed out
2026-10-06T07:38:35Z  WARNING  thresholds fetch failed: timed out
2026-10-06T07:38:35Z  WARNING  stats fetch failed: timed out
2026-10-06T07:38:40Z  WARNING  thresholds fetch failed: timed out
2026-10-06T07:38:40Z  WARNING  stats fetch failed: timed out
2026-10-06T07:38:45Z  WARNING  thresholds fetch failed: timed out
2026-10-06T07:38:45Z  WARNING  stats fetch failed: timed out
2026-10-06T07:38:50Z  WARNING  thresholds fetch failed: timed out
2026-10-06T07:38:50Z  WARNING  stats fetch failed: timed out
2026-10-06T07:38:55Z  WARNING  thresholds fetch failed: timed out
2026-10-06T07:38:55Z  WARNING  stats fetch failed: timed out
2026-10-06T07:39:00Z  WARNING  thresholds fetch failed: timed out
2026-10-06T07:39:00Z  WARNING  stats fetch failed: timed out
2026-10-06T07:39:05Z  WARNING  thresholds fetch failed: timed out
2026-10-06T07:39:05Z  WARNING  stats fetch failed: timed out
2026-10-06T07:39:10Z  WARNING  thresholds fetch failed: timed out
2026-10-06T07:39:10Z  WARNING  stats fetch failed: timed out
2026-10-06T07:39:15Z  WARNING  thresholds fetch failed: timed out
2026-10-06T07:39:15Z  WARNING  stats fetch failed: timed out
2026-10-06T07:39:20Z  WARNING  thresholds fetch failed: timed out
2026-10-06T07:39:20Z  WARNING  stats fetch failed: timed out
2026-10-06T07:39:25Z  WARNING  thresholds fetch failed: timed out
2026-10-06T07:39:25Z  WARNING  stats fetch failed: timed out
2026-10-06T07:39:30Z  WARNING  thresholds fetch failed: timed out
2026-10-06T07:39:30Z  WARNING  stats fetch failed: timed out
2026-10-06T07:39:35Z  WARNING  thresholds fetch failed: timed out
2026-10-06T07:39:35Z  WARNING  stats fetch failed: timed out
2026-10-06T07:39:40Z  WARNING  thresholds fetch failed: <urlopen error timed out>
2026-10-06T07:39:40Z  WARNING  stats fetch failed: timed out
2026-10-06T07:39:45Z  WARNING  thresholds fetch failed: timed out
2026-10-06T07:39:45Z  WARNING  stats fetch failed: timed out
2026-10-06T07:39:50Z  WARNING  thresholds fetch failed: timed out
2026-10-06T07:39:50Z  WARNING  stats fetch failed: timed out
2026-10-06T07:39:55Z  WARNING  thresholds fetch failed: timed out
2026-10-06T07:39:55Z  WARNING  stats fetch failed: timed out
2026-10-06T07:40:00Z  WARNING  thresholds fetch failed: timed out
2026-10-06T07:40:00Z  WARNING  stats fetch failed: timed out
2026-10-06T07:40:05Z  WARNING  thresholds fetch failed: timed out
2026-10-06T07:40:05Z  WARNING  stats fetch failed: timed out
2026-10-06T07:40:10Z  WARNING  thresholds fetch failed: timed out
2026-10-06T07:40:10Z  WARNING  stats fetch failed: timed out
2026-10-06T07:40:15Z  WARNING  thresholds fetch failed: timed out
2026-10-06T07:40:15Z  WARNING  stats fetch failed: timed out
2026-10-06T07:40:20Z  WARNING  thresholds fetch failed: timed out
2026-10-06T07:40:20Z  WARNING  stats fetch failed: timed out
2026-10-06T07:40:25Z  WARNING  thresholds fetch failed: timed out
2026-10-06T07:40:25Z  WARNING  stats fetch failed: timed out
2026-10-06T07:40:30Z  WARNING  thresholds fetch failed: timed out
2026-10-06T07:40:30Z  WARNING  stats fetch failed: timed out
2026-10-06T07:40:35Z  WARNING  thresholds fetch failed: timed out
2026-10-06T07:40:35Z  WARNING  stats fetch failed: timed out
2026-10-06T07:40:40Z  WARNING  thresholds fetch failed: timed out
2026-10-06T07:40:40Z  WARNING  stats fetch failed: timed out
2026-10-06T07:40:45Z  WARNING  thresholds fetch failed: timed out
2026-10-06T07:40:45Z  WARNING  stats fetch failed: timed out
2026-10-06T07:40:50Z  WARNING  thresholds fetch failed: timed out
2026-10-06T07:40:50Z  WARNING  stats fetch failed: timed out
2026-10-06T07:40:55Z  WARNING  thresholds fetch failed: timed out
2026-10-06T07:40:55Z  WARNING  stats fetch failed: timed out
2026-10-06T07:41:00Z  WARNING  thresholds fetch failed: timed out
2026-10-06T07:41:00Z  WARNING  stats fetch failed: timed out
2026-10-06T07:41:05Z  WARNING  thresholds fetch failed: timed out
2026-10-06T07:41:05Z  WARNING  stats fetch failed: timed out
2026-10-06T07:41:10Z  WARNING  thresholds fetch failed: timed out
2026-10-06T07:41:10Z  WARNING  stats fetch failed: timed out
2026-10-06T07:41:15Z  WARNING  thresholds fetch failed: timed out
2026-10-06T07:41:15Z  WARNING  stats fetch failed: timed out
2026-10-06T07:41:20Z  WARNING  thresholds fetch failed: timed out
2026-10-06T07:41:20Z  WARNING  stats fetch failed: timed out
2026-10-06T07:41:25Z  WARNING  thresholds fetch failed: timed out
2026-10-06T07:41:25Z  WARNING  stats fetch failed: timed out
2026-10-06T07:41:30Z  WARNING  thresholds fetch failed: timed out
2026-10-06T07:41:30Z  WARNING  stats fetch failed: timed out
2026-10-06T07:41:35Z  WARNING  thresholds fetch failed: timed out
2026-10-06T07:41:35Z  WARNING  stats fetch failed: timed out
2026-10-06T07:41:40Z  WARNING  thresholds fetch failed: timed out
2026-10-06T07:41:40Z  WARNING  stats fetch failed: timed out
2026-10-06T07:41:45Z  WARNING  thresholds fetch failed: timed out
2026-10-06T07:41:45Z  WARNING  stats fetch failed: timed out
2026-10-06T07:41:50Z  WARNING  thresholds fetch failed: timed out
2026-10-06T07:41:50Z  WARNING  stats fetch failed: timed out
2026-10-06T07:41:55Z  WARNING  thresholds fetch failed: timed out
2026-10-06T07:41:55Z  WARNING  stats fetch failed: timed out
2026-10-06T07:42:00Z  WARNING  thresholds fetch failed: timed out
2026-10-06T07:42:00Z  WARNING  stats fetch failed: timed out
2026-10-06T07:42:05Z  WARNING  thresholds fetch failed: timed out
2026-10-06T07:42:05Z  WARNING  stats fetch failed: timed out
2026-10-06T07:42:10Z  WARNING  thresholds fetch failed: timed out
2026-10-06T07:42:10Z  WARNING  stats fetch failed: timed out
2026-10-06T07:42:15Z  WARNING  thresholds fetch failed: timed out
2026-10-06T07:42:15Z  WARNING  stats fetch failed: timed out
2026-10-06T07:42:20Z  WARNING  thresholds fetch failed: timed out
2026-10-06T07:42:20Z  WARNING  stats fetch failed: timed out
2026-10-06T07:42:25Z  WARNING  thresholds fetch failed: timed out
2026-10-06T07:42:25Z  WARNING  stats fetch failed: timed out
2026-10-06T07:42:30Z  WARNING  thresholds fetch failed: timed out
2026-10-06T07:42:30Z  WARNING  stats fetch failed: timed out
2026-10-06T07:42:35Z  WARNING  thresholds fetch failed: timed out
2026-10-06T07:42:35Z  WARNING  stats fetch failed: timed out
2026-10-06T07:42:40Z  WARNING  thresholds fetch failed: timed out
2026-10-06T07:42:40Z  WARNING  stats fetch failed: timed out
2026-10-06T07:42:45Z  WARNING  thresholds fetch failed: timed out
2026-10-06T07:42:45Z  WARNING  stats fetch failed: timed out
2026-10-06T07:42:50Z  WARNING  thresholds fetch failed: timed out
2026-10-06T07:42:50Z  WARNING  stats fetch failed: timed out
2026-10-06T07:42:55Z  WARNING  thresholds fetch failed: timed out
2026-10-06T07:42:55Z  WARNING  stats fetch failed: timed out
2026-10-06T07:43:00Z  WARNING  thresholds fetch failed: timed out
2026-10-06T07:43:00Z  WARNING  stats fetch failed: timed out
2026-10-06T07:43:05Z  WARNING  thresholds fetch failed: timed out
2026-10-06T07:43:05Z  WARNING  stats fetch failed: timed out
2026-10-06T07:43:10Z  WARNING  thresholds fetch failed: timed out
2026-10-06T07:43:10Z  WARNING  stats fetch failed: timed out
2026-10-06T07:43:15Z  WARNING  thresholds fetch failed: timed out
2026-10-06T07:43:15Z  WARNING  stats fetch failed: timed out
2026-10-06T07:43:20Z  WARNING  thresholds fetch failed: timed out
2026-10-06T07:43:20Z  WARNING  stats fetch failed: timed out
2026-10-06T07:43:25Z  WARNING  thresholds fetch failed: timed out
2026-10-06T07:43:25Z  WARNING  stats fetch failed: timed out
2026-10-06T07:43:30Z  WARNING  thresholds fetch failed: timed out
2026-10-06T07:43:30Z  WARNING  stats fetch failed: timed out
2026-10-06T07:43:35Z  WARNING  thresholds fetch failed: timed out
2026-10-06T07:43:35Z  WARNING  stats fetch failed: timed out
2026-10-06T07:43:40Z  WARNING  thresholds fetch failed: timed out
2026-10-06T07:43:40Z  WARNING  stats fetch failed: timed out
2026-10-06T07:43:45Z  WARNING  thresholds fetch failed: timed out
2026-10-06T07:43:45Z  WARNING  stats fetch failed: timed out
2026-10-06T07:43:50Z  WARNING  thresholds fetch failed: timed out
2026-10-06T07:43:50Z  WARNING  stats fetch failed: timed out
2026-10-06T07:43:55Z  WARNING  thresholds fetch failed: timed out
2026-10-06T07:43:55Z  WARNING  stats fetch failed: timed out
2026-10-06T07:44:00Z  WARNING  thresholds fetch failed: timed out
2026-10-06T07:44:00Z  WARNING  stats fetch failed: timed out
2026-10-06T07:44:05Z  WARNING  thresholds fetch failed: timed out
2026-10-06T07:44:05Z  WARNING  stats fetch failed: timed out
2026-10-06T07:44:10Z  WARNING  thresholds fetch failed: timed out
2026-10-06T07:44:10Z  WARNING  stats fetch failed: timed out
2026-10-06T07:44:15Z  WARNING  thresholds fetch failed: timed out
2026-10-06T07:44:15Z  WARNING  stats fetch failed: timed out
2026-10-06T07:44:20Z  WARNING  thresholds fetch failed: timed out
2026-10-06T07:44:20Z  WARNING  stats fetch failed: timed out
2026-10-06T07:44:25Z  WARNING  thresholds fetch failed: timed out
2026-10-06T07:44:25Z  WARNING  stats fetch failed: timed out
2026-10-06T07:44:30Z  WARNING  thresholds fetch failed: timed out
2026-10-06T07:44:30Z  WARNING  stats fetch failed: timed out
2026-10-06T07:44:35Z  WARNING  thresholds fetch failed: timed out
2026-10-06T07:44:35Z  WARNING  stats fetch failed: timed out
2026-10-06T07:44:40Z  WARNING  thresholds fetch failed: timed out
2026-10-06T07:44:40Z  WARNING  stats fetch failed: timed out
2026-10-06T07:44:45Z  WARNING  thresholds fetch failed: timed out
2026-10-06T07:44:45Z  WARNING  stats fetch failed: timed out
2026-10-06T07:44:51Z  SHUTDOWN  signal=15
2026-10-06T07:44:52Z  EXIT
