2026-10-06T07:09:45Z  START  poll_interval=1s layer_a_poll_interval=5s
2026-10-06T07:11:25Z  WARNING  thresholds fetch failed: timed out
2026-10-06T07:11:25Z  WARNING  stats fetch failed: timed out
2026-10-06T07:11:30Z  WARNING  thresholds fetch failed: timed out
2026-10-06T07:11:30Z  WARNING  stats fetch failed: timed out
2026-10-06T07:11:35Z  WARNING  thresholds fetch failed: timed out
2026-10-06T07:11:35Z  WARNING  stats fetch failed: timed out
2026-10-06T07:11:40Z  WARNING  thresholds fetch failed: timed out
2026-10-06T07:11:40Z  WARNING  stats fetch failed: timed out
2026-10-06T07:11:45Z  WARNING  thresholds fetch failed: timed out
2026-10-06T07:11:45Z  WARNING  stats fetch failed: timed out
2026-10-06T07:11:50Z  WARNING  thresholds fetch failed: timed out
2026-10-06T07:11:50Z  WARNING  stats fetch failed: timed out
2026-10-06T07:11:55Z  WARNING  thresholds fetch failed: timed out
2026-10-06T07:11:55Z  WARNING  stats fetch failed: timed out
2026-10-06T07:12:00Z  WARNING  thresholds fetch failed: timed out
2026-10-06T07:12:00Z  WARNING  stats fetch failed: timed out
2026-10-06T07:12:05Z  WARNING  thresholds fetch failed: timed out
2026-10-06T07:12:05Z  WARNING  stats fetch failed: timed out
2026-10-06T07:12:10Z  WARNING  thresholds fetch failed: timed out
2026-10-06T07:12:10Z  WARNING  stats fetch failed: timed out
2026-10-06T07:12:15Z  WARNING  thresholds fetch failed: timed out
2026-10-06T07:12:15Z  WARNING  stats fetch failed: timed out
2026-10-06T07:12:20Z  WARNING  thresholds fetch failed: timed out
2026-10-06T07:12:20Z  WARNING  stats fetch failed: timed out
2026-10-06T07:12:25Z  WARNING  thresholds fetch failed: timed out
2026-10-06T07:12:25Z  WARNING  stats fetch failed: timed out
2026-10-06T07:12:30Z  WARNING  thresholds fetch failed: timed out
2026-10-06T07:12:30Z  WARNING  stats fetch failed: timed out
2026-10-06T07:12:35Z  WARNING  thresholds fetch failed: timed out
2026-10-06T07:12:35Z  WARNING  stats fetch failed: timed out
2026-10-06T07:12:40Z  WARNING  thresholds fetch failed: timed out
2026-10-06T07:12:40Z  WARNING  stats fetch failed: timed out
2026-10-06T07:12:45Z  WARNING  thresholds fetch failed: timed out
2026-10-06T07:12:45Z  WARNING  stats fetch failed: timed out
2026-10-06T07:12:50Z  WARNING  thresholds fetch failed: timed out
2026-10-06T07:12:50Z  WARNING  stats fetch failed: timed out
2026-10-06T07:12:55Z  WARNING  thresholds fetch failed: timed out
2026-10-06T07:12:55Z  WARNING  stats fetch failed: timed out
2026-10-06T07:13:00Z  WARNING  thresholds fetch failed: timed out
2026-10-06T07:13:00Z  WARNING  stats fetch failed: timed out
2026-10-06T07:13:05Z  WARNING  thresholds fetch failed: timed out
2026-10-06T07:13:05Z  WARNING  stats fetch failed: timed out
2026-10-06T07:13:10Z  WARNING  thresholds fetch failed: timed out
2026-10-06T07:13:10Z  WARNING  stats fetch failed: timed out
2026-10-06T07:13:15Z  WARNING  thresholds fetch failed: timed out
2026-10-06T07:13:15Z  WARNING  stats fetch failed: timed out
2026-10-06T07:13:20Z  WARNING  thresholds fetch failed: timed out
2026-10-06T07:13:20Z  WARNING  stats fetch failed: timed out
2026-10-06T07:13:25Z  WARNING  thresholds fetch failed: timed out
2026-10-06T07:13:25Z  WARNING  stats fetch failed: timed out
2026-10-06T07:13:30Z  WARNING  thresholds fetch failed: timed out
2026-10-06T07:13:30Z  WARNING  stats fetch failed: timed out
2026-10-06T07:13:35Z  WARNING  thresholds fetch failed: timed out
2026-10-06T07:13:35Z  WARNING  stats fetch failed: timed out
2026-10-06T07:13:40Z  WARNING  thresholds fetch failed: timed out
2026-10-06T07:13:40Z  WARNING  stats fetch failed: timed out
2026-10-06T07:13:45Z  WARNING  thresholds fetch failed: timed out
2026-10-06T07:13:45Z  WARNING  stats fetch failed: timed out
2026-10-06T07:13:50Z  WARNING  thresholds fetch failed: timed out
2026-10-06T07:13:50Z  WARNING  stats fetch failed: timed out
2026-10-06T07:13:55Z  WARNING  thresholds fetch failed: timed out
2026-10-06T07:13:55Z  WARNING  stats fetch failed: timed out
2026-10-06T07:14:00Z  WARNING  thresholds fetch failed: timed out
2026-10-06T07:14:00Z  WARNING  stats fetch failed: timed out
2026-10-06T07:14:05Z  WARNING  thresholds fetch failed: timed out
2026-10-06T07:14:05Z  WARNING  stats fetch failed: timed out
2026-10-06T07:14:10Z  WARNING  thresholds fetch failed: timed out
2026-10-06T07:14:10Z  WARNING  stats fetch failed: timed out
2026-10-06T07:14:15Z  WARNING  thresholds fetch failed: timed out
2026-10-06T07:14:15Z  WARNING  stats fetch failed: timed out
2026-10-06T07:14:20Z  WARNING  thresholds fetch failed: timed out
2026-10-06T07:14:20Z  WARNING  stats fetch failed: timed out
2026-10-06T07:14:25Z  WARNING  thresholds fetch failed: timed out
2026-10-06T07:14:25Z  WARNING  stats fetch failed: timed out
2026-10-06T07:14:30Z  WARNING  thresholds fetch failed: timed out
2026-10-06T07:14:30Z  WARNING  stats fetch failed: timed out
2026-10-06T07:14:35Z  WARNING  thresholds fetch failed: timed out
2026-10-06T07:14:35Z  WARNING  stats fetch failed: timed out
2026-10-06T07:14:40Z  WARNING  thresholds fetch failed: timed out
2026-10-06T07:14:40Z  WARNING  stats fetch failed: timed out
2026-10-06T07:14:45Z  WARNING  thresholds fetch failed: timed out
2026-10-06T07:14:45Z  WARNING  stats fetch failed: timed out
2026-10-06T07:14:50Z  WARNING  thresholds fetch failed: timed out
2026-10-06T07:14:50Z  WARNING  stats fetch failed: timed out
2026-10-06T07:14:55Z  WARNING  thresholds fetch failed: timed out
2026-10-06T07:14:55Z  WARNING  stats fetch failed: timed out
2026-10-06T07:15:00Z  WARNING  thresholds fetch failed: timed out
2026-10-06T07:15:00Z  WARNING  stats fetch failed: timed out
2026-10-06T07:15:05Z  WARNING  thresholds fetch failed: timed out
2026-10-06T07:15:05Z  WARNING  stats fetch failed: timed out
2026-10-06T07:15:10Z  WARNING  thresholds fetch failed: timed out
2026-10-06T07:15:10Z  WARNING  stats fetch failed: timed out
2026-10-06T07:15:15Z  WARNING  thresholds fetch failed: timed out
2026-10-06T07:15:15Z  WARNING  stats fetch failed: timed out
2026-10-06T07:15:20Z  WARNING  thresholds fetch failed: timed out
2026-10-06T07:15:20Z  WARNING  stats fetch failed: timed out
2026-10-06T07:15:25Z  WARNING  thresholds fetch failed: timed out
2026-10-06T07:15:25Z  WARNING  stats fetch failed: timed out
2026-10-06T07:15:30Z  WARNING  thresholds fetch failed: timed out
2026-10-06T07:15:30Z  WARNING  stats fetch failed: timed out
2026-10-06T07:15:35Z  WARNING  thresholds fetch failed: timed out
2026-10-06T07:15:35Z  WARNING  stats fetch failed: timed out
2026-10-06T07:15:40Z  WARNING  thresholds fetch failed: timed out
2026-10-06T07:15:40Z  WARNING  stats fetch failed: timed out
2026-10-06T07:15:45Z  WARNING  thresholds fetch failed: timed out
2026-10-06T07:15:45Z  WARNING  stats fetch failed: timed out
2026-10-06T07:15:50Z  WARNING  thresholds fetch failed: timed out
2026-10-06T07:15:50Z  WARNING  stats fetch failed: timed out
2026-10-06T07:15:55Z  WARNING  thresholds fetch failed: timed out
2026-10-06T07:15:55Z  WARNING  stats fetch failed: timed out
2026-10-06T07:16:00Z  WARNING  thresholds fetch failed: timed out
2026-10-06T07:16:00Z  WARNING  stats fetch failed: timed out
2026-10-06T07:16:05Z  WARNING  thresholds fetch failed: timed out
2026-10-06T07:16:05Z  WARNING  stats fetch failed: timed out
2026-10-06T07:16:10Z  WARNING  thresholds fetch failed: timed out
2026-10-06T07:16:10Z  WARNING  stats fetch failed: timed out
2026-10-06T07:16:15Z  WARNING  thresholds fetch failed: timed out
2026-10-06T07:16:15Z  WARNING  stats fetch failed: timed out
2026-10-06T07:16:20Z  WARNING  thresholds fetch failed: timed out
2026-10-06T07:16:20Z  WARNING  stats fetch failed: timed out
2026-10-06T07:16:25Z  WARNING  thresholds fetch failed: timed out
2026-10-06T07:16:25Z  WARNING  stats fetch failed: timed out
2026-10-06T07:16:30Z  WARNING  thresholds fetch failed: timed out
2026-10-06T07:16:30Z  WARNING  stats fetch failed: timed out
2026-10-06T07:16:35Z  WARNING  thresholds fetch failed: timed out
2026-10-06T07:16:35Z  WARNING  stats fetch failed: timed out
2026-10-06T07:16:40Z  WARNING  thresholds fetch failed: timed out
2026-10-06T07:16:40Z  WARNING  stats fetch failed: timed out
2026-10-06T07:16:45Z  WARNING  thresholds fetch failed: timed out
2026-10-06T07:16:45Z  WARNING  stats fetch failed: timed out
2026-10-06T07:16:50Z  WARNING  thresholds fetch failed: timed out
2026-10-06T07:16:50Z  WARNING  stats fetch failed: timed out
2026-10-06T07:16:55Z  WARNING  thresholds fetch failed: timed out
2026-10-06T07:16:55Z  WARNING  stats fetch failed: timed out
2026-10-06T07:17:00Z  WARNING  thresholds fetch failed: timed out
2026-10-06T07:17:00Z  WARNING  stats fetch failed: timed out
2026-10-06T07:17:05Z  WARNING  thresholds fetch failed: timed out
2026-10-06T07:17:05Z  WARNING  stats fetch failed: timed out
2026-10-06T07:17:10Z  WARNING  thresholds fetch failed: timed out
2026-10-06T07:17:10Z  WARNING  stats fetch failed: timed out
2026-10-06T07:17:15Z  WARNING  thresholds fetch failed: timed out
2026-10-06T07:17:15Z  WARNING  stats fetch failed: timed out
2026-10-06T07:17:20Z  WARNING  thresholds fetch failed: timed out
2026-10-06T07:17:20Z  WARNING  stats fetch failed: timed out
2026-10-06T07:17:25Z  WARNING  thresholds fetch failed: timed out
2026-10-06T07:17:25Z  WARNING  stats fetch failed: timed out
2026-10-06T07:17:30Z  WARNING  thresholds fetch failed: timed out
2026-10-06T07:17:30Z  WARNING  stats fetch failed: timed out
2026-10-06T07:17:35Z  WARNING  thresholds fetch failed: timed out
2026-10-06T07:17:35Z  WARNING  stats fetch failed: timed out
2026-10-06T07:17:40Z  WARNING  thresholds fetch failed: timed out
2026-10-06T07:17:40Z  WARNING  stats fetch failed: timed out
2026-10-06T07:17:45Z  WARNING  thresholds fetch failed: timed out
2026-10-06T07:17:45Z  WARNING  stats fetch failed: timed out
2026-10-06T07:17:50Z  WARNING  thresholds fetch failed: timed out
2026-10-06T07:17:50Z  WARNING  stats fetch failed: timed out
2026-10-06T07:17:55Z  WARNING  thresholds fetch failed: timed out
2026-10-06T07:17:55Z  WARNING  stats fetch failed: timed out
2026-10-06T07:18:00Z  WARNING  thresholds fetch failed: timed out
2026-10-06T07:18:00Z  WARNING  stats fetch failed: timed out
2026-10-06T07:18:05Z  WARNING  thresholds fetch failed: timed out
2026-10-06T07:18:05Z  WARNING  stats fetch failed: timed out
2026-10-06T07:18:10Z  WARNING  thresholds fetch failed: timed out
2026-10-06T07:18:10Z  WARNING  stats fetch failed: timed out
2026-10-06T07:18:15Z  WARNING  thresholds fetch failed: timed out
2026-10-06T07:18:15Z  WARNING  stats fetch failed: timed out
2026-10-06T07:18:20Z  WARNING  thresholds fetch failed: timed out
2026-10-06T07:18:20Z  WARNING  stats fetch failed: timed out
2026-10-06T07:18:25Z  WARNING  thresholds fetch failed: timed out
2026-10-06T07:18:25Z  WARNING  stats fetch failed: timed out
2026-10-06T07:18:30Z  WARNING  thresholds fetch failed: timed out
2026-10-06T07:18:30Z  WARNING  stats fetch failed: timed out
2026-10-06T07:18:35Z  WARNING  thresholds fetch failed: timed out
2026-10-06T07:18:35Z  WARNING  stats fetch failed: timed out
2026-10-06T07:18:40Z  WARNING  thresholds fetch failed: timed out
2026-10-06T07:18:40Z  WARNING  stats fetch failed: timed out
2026-10-06T07:18:45Z  WARNING  thresholds fetch failed: timed out
2026-10-06T07:18:45Z  WARNING  stats fetch failed: timed out
2026-10-06T07:18:50Z  WARNING  thresholds fetch failed: timed out
2026-10-06T07:18:50Z  WARNING  stats fetch failed: timed out
2026-10-06T07:18:55Z  WARNING  thresholds fetch failed: timed out
2026-10-06T07:18:55Z  WARNING  stats fetch failed: timed out
2026-10-06T07:19:00Z  WARNING  thresholds fetch failed: timed out
2026-10-06T07:19:00Z  WARNING  stats fetch failed: timed out
2026-10-06T07:19:05Z  WARNING  thresholds fetch failed: timed out
2026-10-06T07:19:05Z  WARNING  stats fetch failed: timed out
2026-10-06T07:19:10Z  WARNING  thresholds fetch failed: timed out
2026-10-06T07:19:10Z  WARNING  stats fetch failed: timed out
2026-10-06T07:19:15Z  WARNING  thresholds fetch failed: timed out
2026-10-06T07:19:15Z  WARNING  stats fetch failed: timed out
2026-10-06T07:19:20Z  WARNING  thresholds fetch failed: timed out
2026-10-06T07:19:20Z  WARNING  stats fetch failed: timed out
2026-10-06T07:19:25Z  WARNING  thresholds fetch failed: timed out
2026-10-06T07:19:25Z  WARNING  stats fetch failed: timed out
2026-10-06T07:19:30Z  WARNING  thresholds fetch failed: timed out
2026-10-06T07:19:30Z  WARNING  stats fetch failed: timed out
2026-10-06T07:19:35Z  WARNING  thresholds fetch failed: timed out
2026-10-06T07:19:35Z  WARNING  stats fetch failed: timed out
2026-10-06T07:19:40Z  WARNING  thresholds fetch failed: timed out
2026-10-06T07:19:40Z  WARNING  stats fetch failed: timed out
2026-10-06T07:19:45Z  WARNING  thresholds fetch failed: timed out
2026-10-06T07:19:45Z  WARNING  stats fetch failed: timed out
2026-10-06T07:19:50Z  WARNING  thresholds fetch failed: timed out
2026-10-06T07:19:50Z  WARNING  stats fetch failed: timed out
2026-10-06T07:19:55Z  WARNING  thresholds fetch failed: timed out
2026-10-06T07:19:55Z  WARNING  stats fetch failed: timed out
2026-10-06T07:20:00Z  WARNING  thresholds fetch failed: timed out
2026-10-06T07:20:00Z  WARNING  stats fetch failed: timed out
2026-10-06T07:20:05Z  WARNING  thresholds fetch failed: timed out
2026-10-06T07:20:05Z  WARNING  stats fetch failed: timed out
2026-10-06T07:20:10Z  WARNING  thresholds fetch failed: timed out
2026-10-06T07:20:10Z  WARNING  stats fetch failed: timed out
2026-10-06T07:20:15Z  WARNING  thresholds fetch failed: timed out
2026-10-06T07:20:15Z  WARNING  stats fetch failed: timed out
2026-10-06T07:20:20Z  WARNING  thresholds fetch failed: timed out
2026-10-06T07:20:20Z  WARNING  stats fetch failed: timed out
2026-10-06T07:20:25Z  WARNING  thresholds fetch failed: timed out
2026-10-06T07:20:25Z  WARNING  stats fetch failed: timed out
2026-10-06T07:20:30Z  WARNING  thresholds fetch failed: timed out
2026-10-06T07:20:30Z  WARNING  stats fetch failed: timed out
2026-10-06T07:20:35Z  WARNING  thresholds fetch failed: timed out
2026-10-06T07:20:35Z  WARNING  stats fetch failed: timed out
2026-10-06T07:20:40Z  WARNING  thresholds fetch failed: timed out
2026-10-06T07:20:40Z  WARNING  stats fetch failed: timed out
2026-10-06T07:20:45Z  WARNING  thresholds fetch failed: timed out
2026-10-06T07:20:45Z  WARNING  stats fetch failed: timed out
2026-10-06T07:20:47Z  SHUTDOWN  signal=15
2026-10-06T07:20:48Z  EXIT
