2026-09-05T12:19:47Z  WAITING  for metric_collector CSVs under /home/idozacharia/TopFull/TopFull_master/online_boutique_scripts/src/logs (timeout=60s)
2026-09-05T12:19:47Z  READY  found getproduct.csv
2026-09-05T12:19:47Z  START  threshold=0.20 window=30s disable_windows=2 re_enable_windows=3 services=['cartservice', 'checkoutservice', 'productcatalogservice']
2026-09-05T12:20:17Z  OBSERVE  cartservice  rejection=0.0034  low=1 high=0  state=ON
2026-09-05T12:20:17Z  OBSERVE  checkoutservice  rejection=0.1125  low=1 high=0  state=ON
2026-09-05T12:20:17Z  OBSERVE  productcatalogservice  rejection=0.0000  low=1 high=0  state=ON
2026-09-05T12:20:47Z  OBSERVE  cartservice  rejection=0.1669  low=2 high=0  state=ON
2026-09-05T12:20:47Z  OBSERVE  checkoutservice  rejection=0.8473  low=0 high=1  state=ON
2026-09-05T12:20:47Z  OBSERVE  productcatalogservice  rejection=0.1599  low=2 high=0  state=ON
2026-09-05T12:21:17Z  OBSERVE  cartservice  rejection=0.7594  low=0 high=1  state=ON
2026-09-05T12:21:17Z  OBSERVE  checkoutservice  rejection=0.9885  low=0 high=2  state=ON
2026-09-05T12:21:17Z  checkoutservice  ON→OFF   rejection=0.99  consecutive_high=2  attempts=0
2026-09-05T12:21:17Z  OBSERVE  productcatalogservice  rejection=0.8085  low=0 high=1  state=ON
2026-09-05T12:21:47Z  OBSERVE  cartservice  rejection=0.9123  low=0 high=2  state=ON
2026-09-05T12:21:47Z  cartservice  ON→OFF   rejection=0.91  consecutive_high=2  attempts=0
2026-09-05T12:21:47Z  OBSERVE  checkoutservice  rejection=0.9958  low=0 high=3  state=OFF
2026-09-05T12:21:47Z  OBSERVE  productcatalogservice  rejection=0.9492  low=0 high=2  state=ON
2026-09-05T12:21:48Z  productcatalogservice  ON→OFF   rejection=0.95  consecutive_high=2  attempts=0
2026-09-05T12:22:18Z  OBSERVE  cartservice  rejection=0.8097  low=0 high=3  state=OFF
2026-09-05T12:22:18Z  OBSERVE  checkoutservice  rejection=0.9648  low=0 high=4  state=OFF
2026-09-05T12:22:18Z  OBSERVE  productcatalogservice  rejection=0.8519  low=0 high=3  state=OFF
2026-09-05T12:22:48Z  OBSERVE  cartservice  rejection=0.9072  low=0 high=4  state=OFF
2026-09-05T12:22:48Z  OBSERVE  checkoutservice  rejection=0.9667  low=0 high=5  state=OFF
2026-09-05T12:22:48Z  OBSERVE  productcatalogservice  rejection=0.9551  low=0 high=4  state=OFF
2026-09-05T12:23:18Z  OBSERVE  cartservice  rejection=0.8326  low=0 high=5  state=OFF
2026-09-05T12:23:18Z  OBSERVE  checkoutservice  rejection=1.0000  low=0 high=6  state=OFF
2026-09-05T12:23:18Z  OBSERVE  productcatalogservice  rejection=0.8891  low=0 high=5  state=OFF
2026-09-05T12:23:48Z  OBSERVE  cartservice  rejection=0.8602  low=0 high=6  state=OFF
2026-09-05T12:23:48Z  OBSERVE  checkoutservice  rejection=1.0000  low=0 high=7  state=OFF
2026-09-05T12:23:48Z  OBSERVE  productcatalogservice  rejection=0.9136  low=0 high=6  state=OFF
2026-09-05T12:24:18Z  OBSERVE  cartservice  rejection=0.8029  low=0 high=7  state=OFF
2026-09-05T12:24:18Z  OBSERVE  checkoutservice  rejection=0.9976  low=0 high=8  state=OFF
2026-09-05T12:24:18Z  OBSERVE  productcatalogservice  rejection=0.8679  low=0 high=7  state=OFF
2026-09-05T12:24:48Z  OBSERVE  cartservice  rejection=0.7655  low=0 high=8  state=OFF
2026-09-05T12:24:48Z  OBSERVE  checkoutservice  rejection=0.9967  low=0 high=9  state=OFF
2026-09-05T12:24:48Z  OBSERVE  productcatalogservice  rejection=0.8236  low=0 high=8  state=OFF
2026-09-05T12:25:18Z  OBSERVE  cartservice  rejection=0.7452  low=0 high=9  state=OFF
2026-09-05T12:25:18Z  OBSERVE  checkoutservice  rejection=1.0000  low=0 high=10  state=OFF
2026-09-05T12:25:18Z  OBSERVE  productcatalogservice  rejection=0.8005  low=0 high=9  state=OFF
2026-09-05T12:25:48Z  OBSERVE  cartservice  rejection=0.7569  low=0 high=10  state=OFF
2026-09-05T12:25:48Z  OBSERVE  checkoutservice  rejection=0.8667  low=0 high=11  state=OFF
2026-09-05T12:25:48Z  OBSERVE  productcatalogservice  rejection=0.8160  low=0 high=10  state=OFF
2026-09-05T12:26:18Z  OBSERVE  cartservice  rejection=0.0000  low=1 high=0  state=OFF
2026-09-05T12:26:18Z  OBSERVE  checkoutservice  rejection=0.0000  low=1 high=0  state=OFF
2026-09-05T12:26:18Z  OBSERVE  productcatalogservice  rejection=0.0000  low=1 high=0  state=OFF
2026-09-05T12:26:48Z  OBSERVE  cartservice  rejection=0.0000  low=2 high=0  state=OFF
2026-09-05T12:26:48Z  OBSERVE  checkoutservice  rejection=0.0000  low=2 high=0  state=OFF
2026-09-05T12:26:48Z  OBSERVE  productcatalogservice  rejection=0.0000  low=2 high=0  state=OFF
2026-09-05T12:27:18Z  OBSERVE  cartservice  rejection=0.0000  low=3 high=0  state=OFF
2026-09-05T12:27:18Z  cartservice  OFF→ON   rejection=0.00  consecutive_low=3  attempts=3
2026-09-05T12:27:18Z  OBSERVE  checkoutservice  rejection=0.0000  low=3 high=0  state=OFF
2026-09-05T12:27:18Z  checkoutservice  OFF→ON   rejection=0.00  consecutive_low=3  attempts=3
2026-09-05T12:27:18Z  OBSERVE  productcatalogservice  rejection=0.0000  low=3 high=0  state=OFF
2026-09-05T12:27:18Z  productcatalogservice  OFF→ON   rejection=0.00  consecutive_low=3  attempts=3
2026-09-05T12:27:48Z  OBSERVE  cartservice  rejection=0.0000  low=4 high=0  state=ON
2026-09-05T12:27:48Z  OBSERVE  checkoutservice  rejection=0.0000  low=4 high=0  state=ON
2026-09-05T12:27:48Z  OBSERVE  productcatalogservice  rejection=0.0000  low=4 high=0  state=ON
2026-09-05T12:28:18Z  OBSERVE  cartservice  rejection=0.0000  low=5 high=0  state=ON
2026-09-05T12:28:18Z  OBSERVE  checkoutservice  rejection=0.0000  low=5 high=0  state=ON
2026-09-05T12:28:18Z  OBSERVE  productcatalogservice  rejection=0.0000  low=5 high=0  state=ON
2026-09-05T12:28:48Z  OBSERVE  cartservice  rejection=0.0000  low=6 high=0  state=ON
2026-09-05T12:28:48Z  OBSERVE  checkoutservice  rejection=0.0000  low=6 high=0  state=ON
2026-09-05T12:28:48Z  OBSERVE  productcatalogservice  rejection=0.0000  low=6 high=0  state=ON
2026-09-05T12:29:18Z  OBSERVE  cartservice  rejection=0.0000  low=7 high=0  state=ON
2026-09-05T12:29:18Z  OBSERVE  checkoutservice  rejection=0.0243  low=7 high=0  state=ON
2026-09-05T12:29:18Z  OBSERVE  productcatalogservice  rejection=0.0000  low=7 high=0  state=ON
2026-09-05T12:29:48Z  OBSERVE  cartservice  rejection=0.0000  low=8 high=0  state=ON
2026-09-05T12:29:48Z  OBSERVE  checkoutservice  rejection=0.0000  low=8 high=0  state=ON
2026-09-05T12:29:48Z  OBSERVE  productcatalogservice  rejection=0.0000  low=8 high=0  state=ON
2026-09-05T12:30:18Z  OBSERVE  cartservice  rejection=0.0000  low=9 high=0  state=ON
2026-09-05T12:30:18Z  OBSERVE  checkoutservice  rejection=0.0000  low=9 high=0  state=ON
2026-09-05T12:30:18Z  OBSERVE  productcatalogservice  rejection=0.0000  low=9 high=0  state=ON
2026-09-05T12:30:48Z  OBSERVE  cartservice  rejection=0.0000  low=10 high=0  state=ON
2026-09-05T12:30:48Z  OBSERVE  checkoutservice  rejection=0.0000  low=10 high=0  state=ON
2026-09-05T12:30:48Z  OBSERVE  productcatalogservice  rejection=0.0000  low=10 high=0  state=ON
2026-09-05T12:31:18Z  OBSERVE  cartservice  rejection=0.0000  low=11 high=0  state=ON
2026-09-05T12:31:18Z  OBSERVE  checkoutservice  rejection=0.0000  low=11 high=0  state=ON
2026-09-05T12:31:18Z  OBSERVE  productcatalogservice  rejection=0.0000  low=11 high=0  state=ON
2026-09-05T12:31:48Z  OBSERVE  cartservice  rejection=0.0000  low=12 high=0  state=ON
2026-09-05T12:31:48Z  OBSERVE  checkoutservice  rejection=0.0000  low=12 high=0  state=ON
2026-09-05T12:31:48Z  OBSERVE  productcatalogservice  rejection=0.0000  low=12 high=0  state=ON
2026-09-05T12:32:18Z  OBSERVE  cartservice  rejection=0.0000  low=13 high=0  state=ON
2026-09-05T12:32:18Z  OBSERVE  checkoutservice  rejection=0.0000  low=13 high=0  state=ON
2026-09-05T12:32:18Z  OBSERVE  productcatalogservice  rejection=0.0000  low=13 high=0  state=ON
2026-09-05T12:32:48Z  OBSERVE  cartservice  rejection=0.0000  low=14 high=0  state=ON
2026-09-05T12:32:48Z  OBSERVE  checkoutservice  rejection=0.0000  low=14 high=0  state=ON
2026-09-05T12:32:48Z  OBSERVE  productcatalogservice  rejection=0.0000  low=14 high=0  state=ON
2026-09-05T12:33:18Z  OBSERVE  cartservice  rejection=0.0000  low=15 high=0  state=ON
2026-09-05T12:33:18Z  OBSERVE  checkoutservice  rejection=0.0000  low=15 high=0  state=ON
2026-09-05T12:33:18Z  OBSERVE  productcatalogservice  rejection=0.0000  low=15 high=0  state=ON
2026-09-05T12:33:48Z  OBSERVE  cartservice  rejection=0.0000  low=16 high=0  state=ON
2026-09-05T12:33:48Z  OBSERVE  checkoutservice  rejection=0.0000  low=16 high=0  state=ON
2026-09-05T12:33:48Z  OBSERVE  productcatalogservice  rejection=0.0000  low=16 high=0  state=ON
2026-09-05T12:34:18Z  OBSERVE  cartservice  rejection=0.0000  low=17 high=0  state=ON
2026-09-05T12:34:18Z  OBSERVE  checkoutservice  rejection=0.0000  low=17 high=0  state=ON
2026-09-05T12:34:18Z  OBSERVE  productcatalogservice  rejection=0.0000  low=17 high=0  state=ON
2026-09-05T12:34:48Z  OBSERVE  cartservice  rejection=0.0000  low=18 high=0  state=ON
2026-09-05T12:34:48Z  OBSERVE  checkoutservice  rejection=0.0000  low=18 high=0  state=ON
2026-09-05T12:34:48Z  OBSERVE  productcatalogservice  rejection=0.0000  low=18 high=0  state=ON
2026-09-05T12:35:18Z  OBSERVE  cartservice  rejection=0.0000  low=19 high=0  state=ON
2026-09-05T12:35:18Z  OBSERVE  checkoutservice  rejection=0.0000  low=19 high=0  state=ON
2026-09-05T12:35:18Z  OBSERVE  productcatalogservice  rejection=0.0000  low=19 high=0  state=ON
2026-09-05T12:35:48Z  OBSERVE  cartservice  rejection=0.0000  low=20 high=0  state=ON
2026-09-05T12:35:48Z  OBSERVE  checkoutservice  rejection=0.0000  low=20 high=0  state=ON
2026-09-05T12:35:48Z  OBSERVE  productcatalogservice  rejection=0.0000  low=20 high=0  state=ON
2026-09-05T12:36:02Z  SHUTDOWN  signal=15
