2026-10-06T09:49:37Z  START  poll_interval=1s layer_a_poll_interval=5s
2026-10-06T09:51:20Z  WARNING  thresholds fetch failed: timed out
2026-10-06T09:51:20Z  WARNING  stats fetch failed: timed out
2026-10-06T09:51:25Z  WARNING  thresholds fetch failed: timed out
2026-10-06T09:51:25Z  WARNING  stats fetch failed: timed out
2026-10-06T09:51:30Z  WARNING  thresholds fetch failed: timed out
2026-10-06T09:51:30Z  WARNING  stats fetch failed: timed out
2026-10-06T09:51:35Z  WARNING  thresholds fetch failed: timed out
2026-10-06T09:51:35Z  WARNING  stats fetch failed: timed out
2026-10-06T09:51:40Z  WARNING  thresholds fetch failed: timed out
2026-10-06T09:51:40Z  WARNING  stats fetch failed: timed out
2026-10-06T09:51:45Z  WARNING  thresholds fetch failed: timed out
2026-10-06T09:51:45Z  WARNING  stats fetch failed: timed out
2026-10-06T09:51:50Z  WARNING  thresholds fetch failed: timed out
2026-10-06T09:51:50Z  WARNING  stats fetch failed: timed out
2026-10-06T09:51:55Z  WARNING  thresholds fetch failed: timed out
2026-10-06T09:51:55Z  WARNING  stats fetch failed: timed out
2026-10-06T09:52:00Z  WARNING  thresholds fetch failed: timed out
2026-10-06T09:52:00Z  WARNING  stats fetch failed: timed out
2026-10-06T09:52:05Z  WARNING  thresholds fetch failed: timed out
2026-10-06T09:52:05Z  WARNING  stats fetch failed: timed out
2026-10-06T09:52:10Z  WARNING  thresholds fetch failed: timed out
2026-10-06T09:52:10Z  WARNING  stats fetch failed: timed out
2026-10-06T09:52:15Z  WARNING  thresholds fetch failed: timed out
2026-10-06T09:52:15Z  WARNING  stats fetch failed: timed out
2026-10-06T09:52:20Z  WARNING  thresholds fetch failed: timed out
2026-10-06T09:52:20Z  WARNING  stats fetch failed: timed out
2026-10-06T09:52:25Z  WARNING  thresholds fetch failed: timed out
2026-10-06T09:52:25Z  WARNING  stats fetch failed: timed out
2026-10-06T09:52:30Z  WARNING  thresholds fetch failed: timed out
2026-10-06T09:52:30Z  WARNING  stats fetch failed: timed out
2026-10-06T09:52:35Z  WARNING  thresholds fetch failed: timed out
2026-10-06T09:52:35Z  WARNING  stats fetch failed: timed out
2026-10-06T09:52:40Z  WARNING  thresholds fetch failed: timed out
2026-10-06T09:52:40Z  WARNING  stats fetch failed: timed out
2026-10-06T09:52:45Z  WARNING  thresholds fetch failed: timed out
2026-10-06T09:52:45Z  WARNING  stats fetch failed: timed out
2026-10-06T09:52:50Z  WARNING  thresholds fetch failed: timed out
2026-10-06T09:52:50Z  WARNING  stats fetch failed: timed out
2026-10-06T09:52:55Z  WARNING  thresholds fetch failed: timed out
2026-10-06T09:52:55Z  WARNING  stats fetch failed: timed out
2026-10-06T09:53:00Z  WARNING  thresholds fetch failed: timed out
2026-10-06T09:53:00Z  WARNING  stats fetch failed: timed out
2026-10-06T09:53:05Z  WARNING  thresholds fetch failed: timed out
2026-10-06T09:53:05Z  WARNING  stats fetch failed: timed out
2026-10-06T09:53:10Z  WARNING  thresholds fetch failed: timed out
2026-10-06T09:53:10Z  WARNING  stats fetch failed: timed out
2026-10-06T09:53:15Z  WARNING  thresholds fetch failed: timed out
2026-10-06T09:53:15Z  WARNING  stats fetch failed: timed out
2026-10-06T09:53:20Z  WARNING  thresholds fetch failed: timed out
2026-10-06T09:53:20Z  WARNING  stats fetch failed: timed out
2026-10-06T09:53:25Z  WARNING  thresholds fetch failed: timed out
2026-10-06T09:53:25Z  WARNING  stats fetch failed: timed out
2026-10-06T09:53:30Z  WARNING  thresholds fetch failed: timed out
2026-10-06T09:53:30Z  WARNING  stats fetch failed: timed out
2026-10-06T09:53:35Z  WARNING  thresholds fetch failed: timed out
2026-10-06T09:53:35Z  WARNING  stats fetch failed: timed out
2026-10-06T09:53:40Z  WARNING  thresholds fetch failed: timed out
2026-10-06T09:53:40Z  WARNING  stats fetch failed: timed out
2026-10-06T09:53:45Z  WARNING  thresholds fetch failed: timed out
2026-10-06T09:53:45Z  WARNING  stats fetch failed: timed out
2026-10-06T09:53:50Z  WARNING  thresholds fetch failed: timed out
2026-10-06T09:53:50Z  WARNING  stats fetch failed: timed out
2026-10-06T09:53:55Z  WARNING  thresholds fetch failed: timed out
2026-10-06T09:53:55Z  WARNING  stats fetch failed: timed out
2026-10-06T09:54:00Z  WARNING  thresholds fetch failed: timed out
2026-10-06T09:54:00Z  WARNING  stats fetch failed: timed out
2026-10-06T09:54:05Z  WARNING  thresholds fetch failed: timed out
2026-10-06T09:54:05Z  WARNING  stats fetch failed: timed out
2026-10-06T09:54:10Z  WARNING  thresholds fetch failed: timed out
2026-10-06T09:54:10Z  WARNING  stats fetch failed: timed out
2026-10-06T09:54:15Z  WARNING  thresholds fetch failed: timed out
2026-10-06T09:54:15Z  WARNING  stats fetch failed: timed out
2026-10-06T09:54:20Z  WARNING  thresholds fetch failed: timed out
2026-10-06T09:54:20Z  WARNING  stats fetch failed: timed out
2026-10-06T09:54:25Z  WARNING  thresholds fetch failed: timed out
2026-10-06T09:54:25Z  WARNING  stats fetch failed: timed out
2026-10-06T09:54:30Z  WARNING  thresholds fetch failed: timed out
2026-10-06T09:54:30Z  WARNING  stats fetch failed: timed out
2026-10-06T09:54:35Z  WARNING  thresholds fetch failed: timed out
2026-10-06T09:54:35Z  WARNING  stats fetch failed: timed out
2026-10-06T09:54:40Z  WARNING  thresholds fetch failed: timed out
2026-10-06T09:54:40Z  WARNING  stats fetch failed: timed out
2026-10-06T09:54:45Z  WARNING  thresholds fetch failed: timed out
2026-10-06T09:54:45Z  WARNING  stats fetch failed: timed out
2026-10-06T09:54:50Z  WARNING  thresholds fetch failed: timed out
2026-10-06T09:54:50Z  WARNING  stats fetch failed: timed out
2026-10-06T09:54:55Z  WARNING  thresholds fetch failed: timed out
2026-10-06T09:54:55Z  WARNING  stats fetch failed: timed out
2026-10-06T09:55:00Z  WARNING  thresholds fetch failed: timed out
2026-10-06T09:55:00Z  WARNING  stats fetch failed: timed out
2026-10-06T09:55:05Z  WARNING  thresholds fetch failed: timed out
2026-10-06T09:55:05Z  WARNING  stats fetch failed: timed out
2026-10-06T09:55:10Z  WARNING  thresholds fetch failed: timed out
2026-10-06T09:55:10Z  WARNING  stats fetch failed: timed out
2026-10-06T09:55:15Z  WARNING  thresholds fetch failed: timed out
2026-10-06T09:55:15Z  WARNING  stats fetch failed: timed out
2026-10-06T09:55:20Z  WARNING  thresholds fetch failed: timed out
2026-10-06T09:55:20Z  WARNING  stats fetch failed: timed out
2026-10-06T09:55:25Z  WARNING  thresholds fetch failed: timed out
2026-10-06T09:55:25Z  WARNING  stats fetch failed: timed out
2026-10-06T09:55:30Z  WARNING  thresholds fetch failed: timed out
2026-10-06T09:55:30Z  WARNING  stats fetch failed: timed out
2026-10-06T09:55:35Z  WARNING  thresholds fetch failed: timed out
2026-10-06T09:55:35Z  WARNING  stats fetch failed: timed out
2026-10-06T09:55:40Z  WARNING  thresholds fetch failed: timed out
2026-10-06T09:55:40Z  WARNING  stats fetch failed: timed out
2026-10-06T09:55:45Z  WARNING  thresholds fetch failed: timed out
2026-10-06T09:55:45Z  WARNING  stats fetch failed: timed out
2026-10-06T09:55:50Z  WARNING  thresholds fetch failed: timed out
2026-10-06T09:55:50Z  WARNING  stats fetch failed: timed out
2026-10-06T09:55:55Z  WARNING  thresholds fetch failed: timed out
2026-10-06T09:55:55Z  WARNING  stats fetch failed: timed out
2026-10-06T09:56:00Z  WARNING  thresholds fetch failed: timed out
2026-10-06T09:56:00Z  WARNING  stats fetch failed: timed out
2026-10-06T09:56:05Z  WARNING  thresholds fetch failed: timed out
2026-10-06T09:56:05Z  WARNING  stats fetch failed: timed out
2026-10-06T09:56:10Z  WARNING  thresholds fetch failed: timed out
2026-10-06T09:56:10Z  WARNING  stats fetch failed: timed out
2026-10-06T09:56:15Z  WARNING  thresholds fetch failed: timed out
2026-10-06T09:56:15Z  WARNING  stats fetch failed: timed out
2026-10-06T09:56:20Z  WARNING  thresholds fetch failed: timed out
2026-10-06T09:56:20Z  WARNING  stats fetch failed: timed out
2026-10-06T09:56:25Z  WARNING  thresholds fetch failed: timed out
2026-10-06T09:56:25Z  WARNING  stats fetch failed: timed out
2026-10-06T09:56:30Z  WARNING  thresholds fetch failed: timed out
2026-10-06T09:56:30Z  WARNING  stats fetch failed: timed out
2026-10-06T09:56:35Z  WARNING  thresholds fetch failed: timed out
2026-10-06T09:56:35Z  WARNING  stats fetch failed: timed out
2026-10-06T09:56:40Z  WARNING  thresholds fetch failed: timed out
2026-10-06T09:56:40Z  WARNING  stats fetch failed: timed out
2026-10-06T09:56:45Z  WARNING  thresholds fetch failed: timed out
2026-10-06T09:56:45Z  WARNING  stats fetch failed: timed out
2026-10-06T09:56:50Z  WARNING  thresholds fetch failed: timed out
2026-10-06T09:56:50Z  WARNING  stats fetch failed: timed out
2026-10-06T09:56:55Z  WARNING  thresholds fetch failed: timed out
2026-10-06T09:56:55Z  WARNING  stats fetch failed: timed out
2026-10-06T09:57:00Z  WARNING  thresholds fetch failed: timed out
2026-10-06T09:57:00Z  WARNING  stats fetch failed: timed out
2026-10-06T09:57:05Z  WARNING  thresholds fetch failed: timed out
2026-10-06T09:57:05Z  WARNING  stats fetch failed: timed out
2026-10-06T09:57:10Z  WARNING  thresholds fetch failed: timed out
2026-10-06T09:57:10Z  WARNING  stats fetch failed: timed out
2026-10-06T09:57:15Z  WARNING  thresholds fetch failed: timed out
2026-10-06T09:57:15Z  WARNING  stats fetch failed: timed out
2026-10-06T09:57:20Z  WARNING  thresholds fetch failed: timed out
2026-10-06T09:57:20Z  WARNING  stats fetch failed: timed out
2026-10-06T09:57:25Z  WARNING  thresholds fetch failed: timed out
2026-10-06T09:57:25Z  WARNING  stats fetch failed: timed out
2026-10-06T09:57:30Z  WARNING  thresholds fetch failed: timed out
2026-10-06T09:57:30Z  WARNING  stats fetch failed: timed out
2026-10-06T09:57:35Z  WARNING  thresholds fetch failed: timed out
2026-10-06T09:57:35Z  WARNING  stats fetch failed: timed out
2026-10-06T09:57:40Z  WARNING  thresholds fetch failed: timed out
2026-10-06T09:57:40Z  WARNING  stats fetch failed: timed out
2026-10-06T09:57:45Z  WARNING  thresholds fetch failed: timed out
2026-10-06T09:57:45Z  WARNING  stats fetch failed: timed out
2026-10-06T09:57:50Z  WARNING  thresholds fetch failed: timed out
2026-10-06T09:57:50Z  WARNING  stats fetch failed: timed out
2026-10-06T09:57:55Z  WARNING  thresholds fetch failed: timed out
2026-10-06T09:57:55Z  WARNING  stats fetch failed: timed out
2026-10-06T09:58:00Z  WARNING  thresholds fetch failed: timed out
2026-10-06T09:58:00Z  WARNING  stats fetch failed: timed out
2026-10-06T09:58:05Z  WARNING  thresholds fetch failed: timed out
2026-10-06T09:58:05Z  WARNING  stats fetch failed: timed out
2026-10-06T09:58:10Z  WARNING  thresholds fetch failed: timed out
2026-10-06T09:58:10Z  WARNING  stats fetch failed: timed out
2026-10-06T09:58:15Z  WARNING  thresholds fetch failed: timed out
2026-10-06T09:58:15Z  WARNING  stats fetch failed: timed out
2026-10-06T09:58:20Z  WARNING  thresholds fetch failed: timed out
2026-10-06T09:58:20Z  WARNING  stats fetch failed: timed out
2026-10-06T09:58:25Z  WARNING  thresholds fetch failed: timed out
2026-10-06T09:58:25Z  WARNING  stats fetch failed: timed out
2026-10-06T09:58:30Z  WARNING  thresholds fetch failed: timed out
2026-10-06T09:58:30Z  WARNING  stats fetch failed: <urlopen error timed out>
2026-10-06T09:58:35Z  WARNING  thresholds fetch failed: timed out
2026-10-06T09:58:35Z  WARNING  stats fetch failed: timed out
2026-10-06T09:58:40Z  WARNING  thresholds fetch failed: timed out
2026-10-06T09:58:40Z  WARNING  stats fetch failed: timed out
2026-10-06T09:58:45Z  WARNING  thresholds fetch failed: timed out
2026-10-06T09:58:45Z  WARNING  stats fetch failed: timed out
2026-10-06T09:58:50Z  WARNING  thresholds fetch failed: <urlopen error timed out>
2026-10-06T09:58:50Z  WARNING  stats fetch failed: <urlopen error timed out>
2026-10-06T09:58:55Z  WARNING  thresholds fetch failed: timed out
2026-10-06T09:58:55Z  WARNING  stats fetch failed: timed out
2026-10-06T09:59:00Z  WARNING  thresholds fetch failed: timed out
2026-10-06T09:59:00Z  WARNING  stats fetch failed: timed out
2026-10-06T09:59:05Z  WARNING  thresholds fetch failed: timed out
2026-10-06T09:59:05Z  WARNING  stats fetch failed: timed out
2026-10-06T09:59:10Z  WARNING  thresholds fetch failed: timed out
2026-10-06T09:59:10Z  WARNING  stats fetch failed: timed out
2026-10-06T09:59:15Z  WARNING  thresholds fetch failed: timed out
2026-10-06T09:59:15Z  WARNING  stats fetch failed: timed out
2026-10-06T09:59:20Z  WARNING  thresholds fetch failed: timed out
2026-10-06T09:59:20Z  WARNING  stats fetch failed: timed out
2026-10-06T09:59:25Z  WARNING  thresholds fetch failed: timed out
2026-10-06T09:59:25Z  WARNING  stats fetch failed: timed out
2026-10-06T09:59:30Z  WARNING  thresholds fetch failed: timed out
2026-10-06T09:59:30Z  WARNING  stats fetch failed: timed out
2026-10-06T09:59:35Z  WARNING  thresholds fetch failed: timed out
2026-10-06T09:59:35Z  WARNING  stats fetch failed: timed out
2026-10-06T09:59:40Z  WARNING  thresholds fetch failed: timed out
2026-10-06T09:59:40Z  WARNING  stats fetch failed: timed out
2026-10-06T09:59:45Z  WARNING  thresholds fetch failed: timed out
2026-10-06T09:59:45Z  WARNING  stats fetch failed: timed out
2026-10-06T09:59:50Z  WARNING  thresholds fetch failed: timed out
2026-10-06T09:59:50Z  WARNING  stats fetch failed: timed out
2026-10-06T09:59:55Z  WARNING  thresholds fetch failed: timed out
2026-10-06T09:59:55Z  WARNING  stats fetch failed: timed out
2026-10-06T10:00:00Z  WARNING  thresholds fetch failed: timed out
2026-10-06T10:00:00Z  WARNING  stats fetch failed: timed out
2026-10-06T10:00:05Z  WARNING  thresholds fetch failed: timed out
2026-10-06T10:00:05Z  WARNING  stats fetch failed: timed out
2026-10-06T10:00:10Z  WARNING  thresholds fetch failed: timed out
2026-10-06T10:00:10Z  WARNING  stats fetch failed: timed out
2026-10-06T10:00:15Z  WARNING  thresholds fetch failed: timed out
2026-10-06T10:00:15Z  WARNING  stats fetch failed: timed out
2026-10-06T10:00:20Z  WARNING  thresholds fetch failed: timed out
2026-10-06T10:00:20Z  WARNING  stats fetch failed: timed out
2026-10-06T10:00:25Z  WARNING  thresholds fetch failed: timed out
2026-10-06T10:00:25Z  WARNING  stats fetch failed: timed out
2026-10-06T10:00:30Z  WARNING  thresholds fetch failed: timed out
2026-10-06T10:00:30Z  WARNING  stats fetch failed: timed out
2026-10-06T10:00:35Z  WARNING  thresholds fetch failed: timed out
2026-10-06T10:00:35Z  WARNING  stats fetch failed: timed out
2026-10-06T10:00:39Z  SHUTDOWN  signal=15
2026-10-06T10:00:39Z  EXIT
