2026-09-21T19:15:57Z  START  poll_interval=1s layer_a_poll_interval=5s
2026-09-21T19:17:30Z  WARNING  thresholds fetch failed: timed out
2026-09-21T19:17:30Z  WARNING  stats fetch failed: timed out
2026-09-21T19:17:35Z  WARNING  thresholds fetch failed: timed out
2026-09-21T19:17:35Z  WARNING  stats fetch failed: timed out
2026-09-21T19:17:40Z  WARNING  thresholds fetch failed: timed out
2026-09-21T19:17:40Z  WARNING  stats fetch failed: timed out
2026-09-21T19:17:45Z  WARNING  thresholds fetch failed: timed out
2026-09-21T19:17:45Z  WARNING  stats fetch failed: timed out
2026-09-21T19:17:50Z  WARNING  thresholds fetch failed: timed out
2026-09-21T19:17:50Z  WARNING  stats fetch failed: timed out
2026-09-21T19:17:55Z  WARNING  thresholds fetch failed: timed out
2026-09-21T19:17:55Z  WARNING  stats fetch failed: timed out
2026-09-21T19:18:00Z  WARNING  thresholds fetch failed: timed out
2026-09-21T19:18:00Z  WARNING  stats fetch failed: timed out
2026-09-21T19:18:05Z  WARNING  thresholds fetch failed: timed out
2026-09-21T19:18:05Z  WARNING  stats fetch failed: timed out
2026-09-21T19:18:10Z  WARNING  thresholds fetch failed: timed out
2026-09-21T19:18:10Z  WARNING  stats fetch failed: timed out
2026-09-21T19:18:15Z  WARNING  thresholds fetch failed: timed out
2026-09-21T19:18:15Z  WARNING  stats fetch failed: timed out
2026-09-21T19:18:20Z  WARNING  thresholds fetch failed: timed out
2026-09-21T19:18:20Z  WARNING  stats fetch failed: timed out
2026-09-21T19:18:25Z  WARNING  thresholds fetch failed: timed out
2026-09-21T19:18:25Z  WARNING  stats fetch failed: timed out
2026-09-21T19:18:30Z  WARNING  thresholds fetch failed: timed out
2026-09-21T19:18:30Z  WARNING  stats fetch failed: timed out
2026-09-21T19:18:35Z  WARNING  thresholds fetch failed: timed out
2026-09-21T19:18:35Z  WARNING  stats fetch failed: timed out
2026-09-21T19:18:40Z  WARNING  thresholds fetch failed: timed out
2026-09-21T19:18:40Z  WARNING  stats fetch failed: timed out
2026-09-21T19:18:45Z  WARNING  thresholds fetch failed: timed out
2026-09-21T19:18:45Z  WARNING  stats fetch failed: timed out
2026-09-21T19:18:50Z  WARNING  thresholds fetch failed: timed out
2026-09-21T19:18:50Z  WARNING  stats fetch failed: timed out
2026-09-21T19:18:55Z  WARNING  thresholds fetch failed: timed out
2026-09-21T19:18:55Z  WARNING  stats fetch failed: timed out
2026-09-21T19:19:00Z  WARNING  thresholds fetch failed: timed out
2026-09-21T19:19:00Z  WARNING  stats fetch failed: timed out
2026-09-21T19:19:05Z  WARNING  thresholds fetch failed: timed out
2026-09-21T19:19:05Z  WARNING  stats fetch failed: timed out
2026-09-21T19:19:10Z  WARNING  thresholds fetch failed: timed out
2026-09-21T19:19:10Z  WARNING  stats fetch failed: timed out
2026-09-21T19:19:15Z  WARNING  thresholds fetch failed: timed out
2026-09-21T19:19:15Z  WARNING  stats fetch failed: timed out
2026-09-21T19:19:20Z  WARNING  thresholds fetch failed: timed out
2026-09-21T19:19:20Z  WARNING  stats fetch failed: timed out
2026-09-21T19:19:25Z  WARNING  thresholds fetch failed: timed out
2026-09-21T19:19:25Z  WARNING  stats fetch failed: timed out
2026-09-21T19:19:30Z  WARNING  thresholds fetch failed: timed out
2026-09-21T19:19:30Z  WARNING  stats fetch failed: timed out
2026-09-21T19:19:35Z  WARNING  thresholds fetch failed: timed out
2026-09-21T19:19:35Z  WARNING  stats fetch failed: timed out
2026-09-21T19:19:40Z  WARNING  thresholds fetch failed: timed out
2026-09-21T19:19:40Z  WARNING  stats fetch failed: timed out
2026-09-21T19:19:45Z  WARNING  thresholds fetch failed: timed out
2026-09-21T19:19:45Z  WARNING  stats fetch failed: timed out
2026-09-21T19:19:50Z  WARNING  thresholds fetch failed: timed out
2026-09-21T19:19:50Z  WARNING  stats fetch failed: timed out
2026-09-21T19:19:55Z  WARNING  thresholds fetch failed: timed out
2026-09-21T19:19:55Z  WARNING  stats fetch failed: timed out
2026-09-21T19:20:00Z  WARNING  thresholds fetch failed: timed out
2026-09-21T19:20:00Z  WARNING  stats fetch failed: timed out
2026-09-21T19:20:05Z  WARNING  thresholds fetch failed: timed out
2026-09-21T19:20:05Z  WARNING  stats fetch failed: timed out
2026-09-21T19:20:10Z  WARNING  thresholds fetch failed: timed out
2026-09-21T19:20:10Z  WARNING  stats fetch failed: timed out
2026-09-21T19:20:15Z  WARNING  thresholds fetch failed: timed out
2026-09-21T19:20:15Z  WARNING  stats fetch failed: timed out
2026-09-21T19:20:20Z  WARNING  thresholds fetch failed: timed out
2026-09-21T19:20:20Z  WARNING  stats fetch failed: timed out
2026-09-21T19:20:25Z  WARNING  thresholds fetch failed: timed out
2026-09-21T19:20:25Z  WARNING  stats fetch failed: timed out
2026-09-21T19:20:30Z  WARNING  thresholds fetch failed: timed out
2026-09-21T19:20:30Z  WARNING  stats fetch failed: timed out
2026-09-21T19:20:35Z  WARNING  thresholds fetch failed: timed out
2026-09-21T19:20:35Z  WARNING  stats fetch failed: timed out
2026-09-21T19:20:40Z  WARNING  thresholds fetch failed: timed out
2026-09-21T19:20:40Z  WARNING  stats fetch failed: timed out
2026-09-21T19:20:45Z  WARNING  thresholds fetch failed: timed out
2026-09-21T19:20:45Z  WARNING  stats fetch failed: timed out
2026-09-21T19:20:50Z  WARNING  thresholds fetch failed: timed out
2026-09-21T19:20:50Z  WARNING  stats fetch failed: timed out
2026-09-21T19:20:55Z  WARNING  thresholds fetch failed: timed out
2026-09-21T19:20:55Z  WARNING  stats fetch failed: timed out
2026-09-21T19:21:00Z  WARNING  thresholds fetch failed: timed out
2026-09-21T19:21:00Z  WARNING  stats fetch failed: timed out
2026-09-21T19:21:05Z  WARNING  thresholds fetch failed: timed out
2026-09-21T19:21:05Z  WARNING  stats fetch failed: timed out
2026-09-21T19:21:10Z  WARNING  thresholds fetch failed: timed out
2026-09-21T19:21:10Z  WARNING  stats fetch failed: timed out
2026-09-21T19:21:15Z  WARNING  thresholds fetch failed: timed out
2026-09-21T19:21:15Z  WARNING  stats fetch failed: timed out
2026-09-21T19:21:20Z  WARNING  thresholds fetch failed: timed out
2026-09-21T19:21:20Z  WARNING  stats fetch failed: timed out
2026-09-21T19:21:25Z  WARNING  thresholds fetch failed: timed out
2026-09-21T19:21:25Z  WARNING  stats fetch failed: timed out
2026-09-21T19:21:30Z  WARNING  thresholds fetch failed: timed out
2026-09-21T19:21:30Z  WARNING  stats fetch failed: timed out
2026-09-21T19:21:35Z  WARNING  thresholds fetch failed: timed out
2026-09-21T19:21:35Z  WARNING  stats fetch failed: timed out
2026-09-21T19:21:40Z  WARNING  thresholds fetch failed: timed out
2026-09-21T19:21:40Z  WARNING  stats fetch failed: timed out
2026-09-21T19:21:45Z  WARNING  thresholds fetch failed: timed out
2026-09-21T19:21:45Z  WARNING  stats fetch failed: timed out
2026-09-21T19:21:50Z  WARNING  thresholds fetch failed: timed out
2026-09-21T19:21:50Z  WARNING  stats fetch failed: timed out
2026-09-21T19:21:55Z  WARNING  thresholds fetch failed: timed out
2026-09-21T19:21:55Z  WARNING  stats fetch failed: timed out
2026-09-21T19:22:00Z  WARNING  thresholds fetch failed: timed out
2026-09-21T19:22:00Z  WARNING  stats fetch failed: timed out
2026-09-21T19:22:05Z  WARNING  thresholds fetch failed: timed out
2026-09-21T19:22:05Z  WARNING  stats fetch failed: timed out
2026-09-21T19:22:10Z  WARNING  thresholds fetch failed: timed out
2026-09-21T19:22:10Z  WARNING  stats fetch failed: timed out
2026-09-21T19:22:15Z  WARNING  thresholds fetch failed: timed out
2026-09-21T19:22:15Z  WARNING  stats fetch failed: timed out
2026-09-21T19:22:20Z  WARNING  thresholds fetch failed: timed out
2026-09-21T19:22:20Z  WARNING  stats fetch failed: timed out
2026-09-21T19:22:25Z  WARNING  thresholds fetch failed: timed out
2026-09-21T19:22:25Z  WARNING  stats fetch failed: timed out
2026-09-21T19:22:30Z  WARNING  thresholds fetch failed: timed out
2026-09-21T19:22:30Z  WARNING  stats fetch failed: timed out
2026-09-21T19:22:35Z  WARNING  thresholds fetch failed: timed out
2026-09-21T19:22:35Z  WARNING  stats fetch failed: timed out
2026-09-21T19:22:40Z  WARNING  thresholds fetch failed: timed out
2026-09-21T19:22:40Z  WARNING  stats fetch failed: timed out
2026-09-21T19:22:45Z  WARNING  thresholds fetch failed: timed out
2026-09-21T19:22:45Z  WARNING  stats fetch failed: timed out
2026-09-21T19:22:50Z  WARNING  thresholds fetch failed: timed out
2026-09-21T19:22:50Z  WARNING  stats fetch failed: timed out
2026-09-21T19:22:55Z  WARNING  thresholds fetch failed: timed out
2026-09-21T19:22:55Z  WARNING  stats fetch failed: timed out
2026-09-21T19:23:00Z  WARNING  thresholds fetch failed: timed out
2026-09-21T19:23:00Z  WARNING  stats fetch failed: timed out
2026-09-21T19:23:05Z  WARNING  thresholds fetch failed: timed out
2026-09-21T19:23:05Z  WARNING  stats fetch failed: timed out
2026-09-21T19:23:10Z  WARNING  thresholds fetch failed: timed out
2026-09-21T19:23:10Z  WARNING  stats fetch failed: timed out
2026-09-21T19:23:15Z  WARNING  thresholds fetch failed: timed out
2026-09-21T19:23:15Z  WARNING  stats fetch failed: timed out
2026-09-21T19:23:20Z  WARNING  thresholds fetch failed: timed out
2026-09-21T19:23:20Z  WARNING  stats fetch failed: timed out
2026-09-21T19:23:25Z  WARNING  thresholds fetch failed: timed out
2026-09-21T19:23:25Z  WARNING  stats fetch failed: timed out
2026-09-21T19:23:30Z  WARNING  thresholds fetch failed: timed out
2026-09-21T19:23:30Z  WARNING  stats fetch failed: timed out
2026-09-21T19:23:35Z  WARNING  thresholds fetch failed: timed out
2026-09-21T19:23:35Z  WARNING  stats fetch failed: timed out
2026-09-21T19:23:40Z  WARNING  thresholds fetch failed: <urlopen error timed out>
2026-09-21T19:23:40Z  WARNING  stats fetch failed: timed out
2026-09-21T19:23:45Z  WARNING  thresholds fetch failed: timed out
2026-09-21T19:23:45Z  WARNING  stats fetch failed: timed out
2026-09-21T19:23:50Z  WARNING  thresholds fetch failed: timed out
2026-09-21T19:23:50Z  WARNING  stats fetch failed: timed out
2026-09-21T19:23:55Z  WARNING  thresholds fetch failed: <urlopen error timed out>
2026-09-21T19:23:55Z  WARNING  stats fetch failed: timed out
2026-09-21T19:24:00Z  WARNING  thresholds fetch failed: timed out
2026-09-21T19:24:00Z  WARNING  stats fetch failed: timed out
2026-09-21T19:24:05Z  WARNING  thresholds fetch failed: timed out
2026-09-21T19:24:05Z  WARNING  stats fetch failed: timed out
2026-09-21T19:24:10Z  WARNING  thresholds fetch failed: timed out
2026-09-21T19:24:10Z  WARNING  stats fetch failed: timed out
2026-09-21T19:24:15Z  WARNING  thresholds fetch failed: timed out
2026-09-21T19:24:15Z  WARNING  stats fetch failed: timed out
2026-09-21T19:24:20Z  WARNING  thresholds fetch failed: timed out
2026-09-21T19:24:20Z  WARNING  stats fetch failed: timed out
2026-09-21T19:24:25Z  WARNING  thresholds fetch failed: timed out
2026-09-21T19:24:25Z  WARNING  stats fetch failed: timed out
2026-09-21T19:24:30Z  WARNING  thresholds fetch failed: timed out
2026-09-21T19:24:30Z  WARNING  stats fetch failed: timed out
2026-09-21T19:24:35Z  WARNING  thresholds fetch failed: timed out
2026-09-21T19:24:35Z  WARNING  stats fetch failed: timed out
2026-09-21T19:24:40Z  WARNING  thresholds fetch failed: timed out
2026-09-21T19:24:40Z  WARNING  stats fetch failed: timed out
2026-09-21T19:24:45Z  WARNING  thresholds fetch failed: timed out
2026-09-21T19:24:45Z  WARNING  stats fetch failed: timed out
2026-09-21T19:24:50Z  WARNING  thresholds fetch failed: timed out
2026-09-21T19:24:50Z  WARNING  stats fetch failed: timed out
2026-09-21T19:24:55Z  WARNING  thresholds fetch failed: timed out
2026-09-21T19:24:55Z  WARNING  stats fetch failed: timed out
2026-09-21T19:25:00Z  WARNING  thresholds fetch failed: timed out
2026-09-21T19:25:00Z  WARNING  stats fetch failed: timed out
2026-09-21T19:25:05Z  WARNING  thresholds fetch failed: timed out
2026-09-21T19:25:05Z  WARNING  stats fetch failed: timed out
2026-09-21T19:25:10Z  WARNING  thresholds fetch failed: timed out
2026-09-21T19:25:10Z  WARNING  stats fetch failed: timed out
2026-09-21T19:25:15Z  WARNING  thresholds fetch failed: timed out
2026-09-21T19:25:15Z  WARNING  stats fetch failed: timed out
2026-09-21T19:25:20Z  WARNING  thresholds fetch failed: timed out
2026-09-21T19:25:20Z  WARNING  stats fetch failed: timed out
2026-09-21T19:25:25Z  WARNING  thresholds fetch failed: timed out
2026-09-21T19:25:25Z  WARNING  stats fetch failed: timed out
2026-09-21T19:25:30Z  WARNING  thresholds fetch failed: timed out
2026-09-21T19:25:30Z  WARNING  stats fetch failed: timed out
2026-09-21T19:25:35Z  WARNING  thresholds fetch failed: timed out
2026-09-21T19:25:35Z  WARNING  stats fetch failed: timed out
2026-09-21T19:25:40Z  WARNING  thresholds fetch failed: timed out
2026-09-21T19:25:40Z  WARNING  stats fetch failed: timed out
2026-09-21T19:25:45Z  WARNING  thresholds fetch failed: timed out
2026-09-21T19:25:45Z  WARNING  stats fetch failed: timed out
2026-09-21T19:25:50Z  WARNING  thresholds fetch failed: timed out
2026-09-21T19:25:50Z  WARNING  stats fetch failed: timed out
2026-09-21T19:25:55Z  WARNING  thresholds fetch failed: timed out
2026-09-21T19:25:55Z  WARNING  stats fetch failed: timed out
2026-09-21T19:26:00Z  WARNING  thresholds fetch failed: timed out
2026-09-21T19:26:00Z  WARNING  stats fetch failed: timed out
2026-09-21T19:26:05Z  WARNING  thresholds fetch failed: timed out
2026-09-21T19:26:05Z  WARNING  stats fetch failed: timed out
2026-09-21T19:26:10Z  WARNING  thresholds fetch failed: timed out
2026-09-21T19:26:10Z  WARNING  stats fetch failed: timed out
2026-09-21T19:26:15Z  WARNING  thresholds fetch failed: timed out
2026-09-21T19:26:15Z  WARNING  stats fetch failed: timed out
2026-09-21T19:26:20Z  WARNING  thresholds fetch failed: timed out
2026-09-21T19:26:20Z  WARNING  stats fetch failed: timed out
2026-09-21T19:26:27Z  SHUTDOWN  signal=15
2026-09-21T19:26:28Z  EXIT
