2026-09-29T15:49:47Z  START  poll_interval=1s layer_a_poll_interval=5s
2026-09-29T15:50:40Z  WARNING  thresholds fetch failed: timed out
2026-09-29T15:50:40Z  WARNING  stats fetch failed: timed out
2026-09-29T15:50:45Z  WARNING  thresholds fetch failed: timed out
2026-09-29T15:50:45Z  WARNING  stats fetch failed: timed out
2026-09-29T15:50:50Z  WARNING  thresholds fetch failed: timed out
2026-09-29T15:50:50Z  WARNING  stats fetch failed: timed out
2026-09-29T15:50:55Z  WARNING  thresholds fetch failed: timed out
2026-09-29T15:50:55Z  WARNING  stats fetch failed: timed out
2026-09-29T15:51:00Z  WARNING  thresholds fetch failed: timed out
2026-09-29T15:51:00Z  WARNING  stats fetch failed: timed out
2026-09-29T15:51:05Z  WARNING  thresholds fetch failed: timed out
2026-09-29T15:51:05Z  WARNING  stats fetch failed: timed out
2026-09-29T15:51:10Z  WARNING  thresholds fetch failed: timed out
2026-09-29T15:51:10Z  WARNING  stats fetch failed: timed out
2026-09-29T15:51:15Z  WARNING  thresholds fetch failed: timed out
2026-09-29T15:51:15Z  WARNING  stats fetch failed: timed out
2026-09-29T15:51:20Z  WARNING  thresholds fetch failed: timed out
2026-09-29T15:51:20Z  WARNING  stats fetch failed: timed out
2026-09-29T15:51:25Z  WARNING  thresholds fetch failed: timed out
2026-09-29T15:51:25Z  WARNING  stats fetch failed: timed out
2026-09-29T15:51:30Z  WARNING  thresholds fetch failed: timed out
2026-09-29T15:51:30Z  WARNING  stats fetch failed: timed out
2026-09-29T15:51:35Z  WARNING  thresholds fetch failed: timed out
2026-09-29T15:51:35Z  WARNING  stats fetch failed: timed out
2026-09-29T15:51:40Z  WARNING  thresholds fetch failed: timed out
2026-09-29T15:51:40Z  WARNING  stats fetch failed: timed out
2026-09-29T15:51:45Z  WARNING  thresholds fetch failed: timed out
2026-09-29T15:51:45Z  WARNING  stats fetch failed: timed out
2026-09-29T15:51:50Z  WARNING  thresholds fetch failed: timed out
2026-09-29T15:51:50Z  WARNING  stats fetch failed: timed out
2026-09-29T15:51:55Z  WARNING  thresholds fetch failed: timed out
2026-09-29T15:51:55Z  WARNING  stats fetch failed: timed out
2026-09-29T15:52:00Z  WARNING  thresholds fetch failed: timed out
2026-09-29T15:52:00Z  WARNING  stats fetch failed: timed out
2026-09-29T15:52:05Z  WARNING  thresholds fetch failed: timed out
2026-09-29T15:52:05Z  WARNING  stats fetch failed: timed out
2026-09-29T15:52:10Z  WARNING  thresholds fetch failed: timed out
2026-09-29T15:52:10Z  WARNING  stats fetch failed: timed out
2026-09-29T15:52:15Z  WARNING  thresholds fetch failed: timed out
2026-09-29T15:52:15Z  WARNING  stats fetch failed: timed out
2026-09-29T15:52:20Z  WARNING  thresholds fetch failed: timed out
2026-09-29T15:52:20Z  WARNING  stats fetch failed: timed out
2026-09-29T15:52:25Z  WARNING  thresholds fetch failed: timed out
2026-09-29T15:52:25Z  WARNING  stats fetch failed: timed out
2026-09-29T15:52:30Z  WARNING  thresholds fetch failed: timed out
2026-09-29T15:52:30Z  WARNING  stats fetch failed: timed out
2026-09-29T15:52:35Z  WARNING  thresholds fetch failed: timed out
2026-09-29T15:52:35Z  WARNING  stats fetch failed: timed out
2026-09-29T15:52:40Z  WARNING  thresholds fetch failed: timed out
2026-09-29T15:52:40Z  WARNING  stats fetch failed: timed out
2026-09-29T15:52:45Z  WARNING  thresholds fetch failed: timed out
2026-09-29T15:52:45Z  WARNING  stats fetch failed: timed out
2026-09-29T15:52:50Z  WARNING  thresholds fetch failed: timed out
2026-09-29T15:52:50Z  WARNING  stats fetch failed: timed out
2026-09-29T15:52:55Z  WARNING  thresholds fetch failed: timed out
2026-09-29T15:52:55Z  WARNING  stats fetch failed: timed out
2026-09-29T15:53:00Z  WARNING  thresholds fetch failed: timed out
2026-09-29T15:53:00Z  WARNING  stats fetch failed: timed out
2026-09-29T15:53:05Z  WARNING  thresholds fetch failed: timed out
2026-09-29T15:53:05Z  WARNING  stats fetch failed: timed out
2026-09-29T15:53:10Z  WARNING  thresholds fetch failed: timed out
2026-09-29T15:53:10Z  WARNING  stats fetch failed: timed out
2026-09-29T15:53:15Z  WARNING  thresholds fetch failed: timed out
2026-09-29T15:53:15Z  WARNING  stats fetch failed: timed out
2026-09-29T15:53:20Z  WARNING  thresholds fetch failed: timed out
2026-09-29T15:53:20Z  WARNING  stats fetch failed: timed out
2026-09-29T15:53:25Z  WARNING  thresholds fetch failed: timed out
2026-09-29T15:53:25Z  WARNING  stats fetch failed: timed out
2026-09-29T15:53:30Z  WARNING  thresholds fetch failed: timed out
2026-09-29T15:53:30Z  WARNING  stats fetch failed: timed out
2026-09-29T15:53:35Z  WARNING  thresholds fetch failed: timed out
2026-09-29T15:53:35Z  WARNING  stats fetch failed: timed out
2026-09-29T15:53:40Z  WARNING  thresholds fetch failed: timed out
2026-09-29T15:53:40Z  WARNING  stats fetch failed: timed out
2026-09-29T15:53:45Z  WARNING  thresholds fetch failed: timed out
2026-09-29T15:53:45Z  WARNING  stats fetch failed: timed out
2026-09-29T15:53:50Z  WARNING  thresholds fetch failed: timed out
2026-09-29T15:53:50Z  WARNING  stats fetch failed: timed out
2026-09-29T15:53:55Z  WARNING  thresholds fetch failed: timed out
2026-09-29T15:53:55Z  WARNING  stats fetch failed: timed out
2026-09-29T15:54:00Z  WARNING  thresholds fetch failed: timed out
2026-09-29T15:54:00Z  WARNING  stats fetch failed: timed out
2026-09-29T15:54:05Z  WARNING  thresholds fetch failed: timed out
2026-09-29T15:54:05Z  WARNING  stats fetch failed: timed out
2026-09-29T15:54:10Z  WARNING  thresholds fetch failed: timed out
2026-09-29T15:54:10Z  WARNING  stats fetch failed: timed out
2026-09-29T15:54:15Z  WARNING  thresholds fetch failed: timed out
2026-09-29T15:54:15Z  WARNING  stats fetch failed: timed out
2026-09-29T15:54:20Z  WARNING  thresholds fetch failed: timed out
2026-09-29T15:54:20Z  WARNING  stats fetch failed: timed out
2026-09-29T15:54:25Z  WARNING  thresholds fetch failed: timed out
2026-09-29T15:54:25Z  WARNING  stats fetch failed: timed out
2026-09-29T15:54:30Z  WARNING  thresholds fetch failed: timed out
2026-09-29T15:54:30Z  WARNING  stats fetch failed: timed out
2026-09-29T15:54:35Z  WARNING  thresholds fetch failed: timed out
2026-09-29T15:54:35Z  WARNING  stats fetch failed: timed out
2026-09-29T15:54:40Z  WARNING  thresholds fetch failed: timed out
2026-09-29T15:54:40Z  WARNING  stats fetch failed: timed out
2026-09-29T15:54:45Z  WARNING  thresholds fetch failed: timed out
2026-09-29T15:54:45Z  WARNING  stats fetch failed: timed out
2026-09-29T15:54:50Z  WARNING  thresholds fetch failed: timed out
2026-09-29T15:54:50Z  WARNING  stats fetch failed: timed out
2026-09-29T15:54:55Z  WARNING  thresholds fetch failed: timed out
2026-09-29T15:54:55Z  WARNING  stats fetch failed: timed out
2026-09-29T15:55:00Z  WARNING  thresholds fetch failed: timed out
2026-09-29T15:55:00Z  WARNING  stats fetch failed: timed out
2026-09-29T15:55:05Z  WARNING  thresholds fetch failed: timed out
2026-09-29T15:55:05Z  WARNING  stats fetch failed: timed out
2026-09-29T15:55:10Z  WARNING  thresholds fetch failed: timed out
2026-09-29T15:55:10Z  WARNING  stats fetch failed: timed out
2026-09-29T15:55:15Z  WARNING  thresholds fetch failed: timed out
2026-09-29T15:55:15Z  WARNING  stats fetch failed: timed out
2026-09-29T15:55:20Z  WARNING  thresholds fetch failed: timed out
2026-09-29T15:55:20Z  WARNING  stats fetch failed: timed out
2026-09-29T15:55:25Z  WARNING  thresholds fetch failed: timed out
2026-09-29T15:55:25Z  WARNING  stats fetch failed: timed out
2026-09-29T15:55:30Z  WARNING  thresholds fetch failed: timed out
2026-09-29T15:55:30Z  WARNING  stats fetch failed: timed out
2026-09-29T15:55:35Z  WARNING  thresholds fetch failed: timed out
2026-09-29T15:55:35Z  WARNING  stats fetch failed: timed out
2026-09-29T15:55:40Z  WARNING  thresholds fetch failed: timed out
2026-09-29T15:55:40Z  WARNING  stats fetch failed: timed out
2026-09-29T15:55:45Z  WARNING  thresholds fetch failed: timed out
2026-09-29T15:55:45Z  WARNING  stats fetch failed: timed out
2026-09-29T15:55:50Z  WARNING  thresholds fetch failed: timed out
2026-09-29T15:55:50Z  WARNING  stats fetch failed: timed out
2026-09-29T15:55:55Z  WARNING  thresholds fetch failed: timed out
2026-09-29T15:55:55Z  WARNING  stats fetch failed: timed out
2026-09-29T15:56:00Z  WARNING  thresholds fetch failed: timed out
2026-09-29T15:56:00Z  WARNING  stats fetch failed: timed out
2026-09-29T15:56:05Z  WARNING  thresholds fetch failed: timed out
2026-09-29T15:56:05Z  WARNING  stats fetch failed: timed out
2026-09-29T15:56:10Z  WARNING  thresholds fetch failed: timed out
2026-09-29T15:56:10Z  WARNING  stats fetch failed: timed out
2026-09-29T15:56:15Z  WARNING  thresholds fetch failed: timed out
2026-09-29T15:56:15Z  WARNING  stats fetch failed: timed out
2026-09-29T15:56:20Z  WARNING  thresholds fetch failed: timed out
2026-09-29T15:56:20Z  WARNING  stats fetch failed: timed out
2026-09-29T15:56:25Z  WARNING  thresholds fetch failed: timed out
2026-09-29T15:56:25Z  WARNING  stats fetch failed: timed out
2026-09-29T15:56:30Z  WARNING  thresholds fetch failed: timed out
2026-09-29T15:56:30Z  WARNING  stats fetch failed: timed out
2026-09-29T15:56:35Z  WARNING  thresholds fetch failed: timed out
2026-09-29T15:56:35Z  WARNING  stats fetch failed: timed out
2026-09-29T15:56:40Z  WARNING  thresholds fetch failed: timed out
2026-09-29T15:56:40Z  WARNING  stats fetch failed: timed out
2026-09-29T15:56:45Z  WARNING  thresholds fetch failed: timed out
2026-09-29T15:56:45Z  WARNING  stats fetch failed: timed out
2026-09-29T15:56:50Z  WARNING  thresholds fetch failed: timed out
2026-09-29T15:56:50Z  WARNING  stats fetch failed: timed out
2026-09-29T15:56:55Z  WARNING  thresholds fetch failed: timed out
2026-09-29T15:56:55Z  WARNING  stats fetch failed: timed out
2026-09-29T15:57:00Z  WARNING  thresholds fetch failed: timed out
2026-09-29T15:57:00Z  WARNING  stats fetch failed: timed out
2026-09-29T15:57:05Z  WARNING  thresholds fetch failed: timed out
2026-09-29T15:57:05Z  WARNING  stats fetch failed: timed out
2026-09-29T15:57:10Z  WARNING  thresholds fetch failed: timed out
2026-09-29T15:57:10Z  WARNING  stats fetch failed: timed out
2026-09-29T15:57:15Z  WARNING  thresholds fetch failed: timed out
2026-09-29T15:57:15Z  WARNING  stats fetch failed: timed out
2026-09-29T15:57:20Z  WARNING  thresholds fetch failed: timed out
2026-09-29T15:57:20Z  WARNING  stats fetch failed: timed out
2026-09-29T15:57:25Z  WARNING  thresholds fetch failed: timed out
2026-09-29T15:57:25Z  WARNING  stats fetch failed: timed out
2026-09-29T15:57:30Z  WARNING  thresholds fetch failed: timed out
2026-09-29T15:57:30Z  WARNING  stats fetch failed: timed out
2026-09-29T15:57:35Z  WARNING  thresholds fetch failed: timed out
2026-09-29T15:57:35Z  WARNING  stats fetch failed: timed out
2026-09-29T15:57:40Z  WARNING  thresholds fetch failed: timed out
2026-09-29T15:57:40Z  WARNING  stats fetch failed: timed out
2026-09-29T15:57:45Z  WARNING  thresholds fetch failed: timed out
2026-09-29T15:57:45Z  WARNING  stats fetch failed: timed out
2026-09-29T15:57:50Z  WARNING  thresholds fetch failed: timed out
2026-09-29T15:57:50Z  WARNING  stats fetch failed: timed out
2026-09-29T15:57:55Z  WARNING  thresholds fetch failed: timed out
2026-09-29T15:57:55Z  WARNING  stats fetch failed: timed out
2026-09-29T15:58:00Z  WARNING  thresholds fetch failed: timed out
2026-09-29T15:58:00Z  WARNING  stats fetch failed: timed out
2026-09-29T15:58:05Z  WARNING  thresholds fetch failed: timed out
2026-09-29T15:58:05Z  WARNING  stats fetch failed: timed out
2026-09-29T15:58:10Z  WARNING  thresholds fetch failed: timed out
2026-09-29T15:58:10Z  WARNING  stats fetch failed: timed out
2026-09-29T15:58:15Z  WARNING  thresholds fetch failed: timed out
2026-09-29T15:58:15Z  WARNING  stats fetch failed: timed out
2026-09-29T15:58:20Z  WARNING  thresholds fetch failed: <urlopen error timed out>
2026-09-29T15:58:20Z  WARNING  stats fetch failed: timed out
2026-09-29T15:58:25Z  WARNING  thresholds fetch failed: timed out
2026-09-29T15:58:25Z  WARNING  stats fetch failed: timed out
2026-09-29T15:58:30Z  WARNING  thresholds fetch failed: timed out
2026-09-29T15:58:30Z  WARNING  stats fetch failed: timed out
2026-09-29T15:58:35Z  WARNING  thresholds fetch failed: timed out
2026-09-29T15:58:35Z  WARNING  stats fetch failed: timed out
2026-09-29T15:58:40Z  WARNING  thresholds fetch failed: timed out
2026-09-29T15:58:40Z  WARNING  stats fetch failed: timed out
2026-09-29T15:58:45Z  WARNING  thresholds fetch failed: timed out
2026-09-29T15:58:45Z  WARNING  stats fetch failed: timed out
2026-09-29T15:58:50Z  WARNING  thresholds fetch failed: timed out
2026-09-29T15:58:50Z  WARNING  stats fetch failed: timed out
2026-09-29T15:58:55Z  WARNING  thresholds fetch failed: timed out
2026-09-29T15:58:55Z  WARNING  stats fetch failed: timed out
2026-09-29T15:59:00Z  WARNING  thresholds fetch failed: timed out
2026-09-29T15:59:00Z  WARNING  stats fetch failed: timed out
2026-09-29T15:59:05Z  WARNING  thresholds fetch failed: timed out
2026-09-29T15:59:05Z  WARNING  stats fetch failed: timed out
2026-09-29T15:59:10Z  WARNING  thresholds fetch failed: timed out
2026-09-29T15:59:10Z  WARNING  stats fetch failed: timed out
2026-09-29T15:59:15Z  WARNING  thresholds fetch failed: timed out
2026-09-29T15:59:15Z  WARNING  stats fetch failed: timed out
2026-09-29T15:59:20Z  WARNING  thresholds fetch failed: timed out
2026-09-29T15:59:20Z  WARNING  stats fetch failed: timed out
2026-09-29T15:59:25Z  WARNING  thresholds fetch failed: timed out
2026-09-29T15:59:25Z  WARNING  stats fetch failed: timed out
2026-09-29T15:59:30Z  WARNING  thresholds fetch failed: timed out
2026-09-29T15:59:30Z  WARNING  stats fetch failed: timed out
2026-09-29T15:59:35Z  WARNING  thresholds fetch failed: timed out
2026-09-29T15:59:35Z  WARNING  stats fetch failed: timed out
2026-09-29T15:59:40Z  WARNING  thresholds fetch failed: timed out
2026-09-29T15:59:40Z  WARNING  stats fetch failed: timed out
2026-09-29T15:59:45Z  WARNING  thresholds fetch failed: timed out
2026-09-29T15:59:45Z  WARNING  stats fetch failed: timed out
2026-09-29T15:59:50Z  WARNING  thresholds fetch failed: timed out
2026-09-29T15:59:50Z  WARNING  stats fetch failed: timed out
2026-09-29T15:59:55Z  WARNING  thresholds fetch failed: timed out
2026-09-29T15:59:55Z  WARNING  stats fetch failed: timed out
2026-09-29T16:00:00Z  WARNING  thresholds fetch failed: timed out
2026-09-29T16:00:00Z  WARNING  stats fetch failed: timed out
2026-09-29T16:00:05Z  WARNING  thresholds fetch failed: timed out
2026-09-29T16:00:05Z  WARNING  stats fetch failed: timed out
2026-09-29T16:00:10Z  WARNING  thresholds fetch failed: timed out
2026-09-29T16:00:10Z  WARNING  stats fetch failed: timed out
2026-09-29T16:00:15Z  WARNING  thresholds fetch failed: timed out
2026-09-29T16:00:15Z  WARNING  stats fetch failed: timed out
2026-09-29T16:00:20Z  WARNING  thresholds fetch failed: timed out
2026-09-29T16:00:20Z  WARNING  stats fetch failed: timed out
2026-09-29T16:00:24Z  SHUTDOWN  signal=15
2026-09-29T16:00:25Z  EXIT
