2026-10-01T16:25:31Z  START  poll_interval=1s layer_a_poll_interval=5s
2026-10-01T16:26:40Z  WARNING  thresholds fetch failed: timed out
2026-10-01T16:26:40Z  WARNING  stats fetch failed: timed out
2026-10-01T16:26:45Z  WARNING  thresholds fetch failed: timed out
2026-10-01T16:26:45Z  WARNING  stats fetch failed: timed out
2026-10-01T16:26:50Z  WARNING  thresholds fetch failed: timed out
2026-10-01T16:26:50Z  WARNING  stats fetch failed: timed out
2026-10-01T16:26:55Z  WARNING  thresholds fetch failed: timed out
2026-10-01T16:26:55Z  WARNING  stats fetch failed: timed out
2026-10-01T16:27:00Z  WARNING  thresholds fetch failed: timed out
2026-10-01T16:27:00Z  WARNING  stats fetch failed: timed out
2026-10-01T16:27:05Z  WARNING  thresholds fetch failed: timed out
2026-10-01T16:27:05Z  WARNING  stats fetch failed: timed out
2026-10-01T16:27:10Z  WARNING  thresholds fetch failed: timed out
2026-10-01T16:27:10Z  WARNING  stats fetch failed: timed out
2026-10-01T16:27:15Z  WARNING  thresholds fetch failed: timed out
2026-10-01T16:27:15Z  WARNING  stats fetch failed: timed out
2026-10-01T16:27:20Z  WARNING  thresholds fetch failed: timed out
2026-10-01T16:27:20Z  WARNING  stats fetch failed: timed out
2026-10-01T16:27:25Z  WARNING  thresholds fetch failed: timed out
2026-10-01T16:27:25Z  WARNING  stats fetch failed: timed out
2026-10-01T16:27:30Z  WARNING  thresholds fetch failed: timed out
2026-10-01T16:27:30Z  WARNING  stats fetch failed: timed out
2026-10-01T16:27:35Z  WARNING  thresholds fetch failed: timed out
2026-10-01T16:27:35Z  WARNING  stats fetch failed: timed out
2026-10-01T16:27:40Z  WARNING  thresholds fetch failed: timed out
2026-10-01T16:27:40Z  WARNING  stats fetch failed: timed out
2026-10-01T16:27:45Z  WARNING  thresholds fetch failed: timed out
2026-10-01T16:27:45Z  WARNING  stats fetch failed: timed out
2026-10-01T16:27:50Z  WARNING  thresholds fetch failed: timed out
2026-10-01T16:27:50Z  WARNING  stats fetch failed: timed out
2026-10-01T16:27:55Z  WARNING  thresholds fetch failed: timed out
2026-10-01T16:27:55Z  WARNING  stats fetch failed: timed out
2026-10-01T16:28:00Z  WARNING  thresholds fetch failed: timed out
2026-10-01T16:28:00Z  WARNING  stats fetch failed: timed out
2026-10-01T16:28:05Z  WARNING  thresholds fetch failed: timed out
2026-10-01T16:28:05Z  WARNING  stats fetch failed: timed out
2026-10-01T16:28:10Z  WARNING  thresholds fetch failed: timed out
2026-10-01T16:28:10Z  WARNING  stats fetch failed: timed out
2026-10-01T16:28:15Z  WARNING  thresholds fetch failed: timed out
2026-10-01T16:28:15Z  WARNING  stats fetch failed: timed out
2026-10-01T16:28:20Z  WARNING  thresholds fetch failed: timed out
2026-10-01T16:28:20Z  WARNING  stats fetch failed: timed out
2026-10-01T16:28:25Z  WARNING  thresholds fetch failed: timed out
2026-10-01T16:28:25Z  WARNING  stats fetch failed: timed out
2026-10-01T16:28:30Z  WARNING  thresholds fetch failed: timed out
2026-10-01T16:28:30Z  WARNING  stats fetch failed: timed out
2026-10-01T16:28:35Z  WARNING  thresholds fetch failed: timed out
2026-10-01T16:28:35Z  WARNING  stats fetch failed: timed out
2026-10-01T16:28:40Z  WARNING  thresholds fetch failed: timed out
2026-10-01T16:28:40Z  WARNING  stats fetch failed: timed out
2026-10-01T16:28:45Z  WARNING  thresholds fetch failed: timed out
2026-10-01T16:28:45Z  WARNING  stats fetch failed: timed out
2026-10-01T16:28:50Z  WARNING  thresholds fetch failed: timed out
2026-10-01T16:28:50Z  WARNING  stats fetch failed: timed out
2026-10-01T16:28:55Z  WARNING  thresholds fetch failed: timed out
2026-10-01T16:28:55Z  WARNING  stats fetch failed: timed out
2026-10-01T16:29:00Z  WARNING  thresholds fetch failed: timed out
2026-10-01T16:29:00Z  WARNING  stats fetch failed: timed out
2026-10-01T16:29:05Z  WARNING  thresholds fetch failed: timed out
2026-10-01T16:29:05Z  WARNING  stats fetch failed: timed out
2026-10-01T16:29:10Z  WARNING  thresholds fetch failed: timed out
2026-10-01T16:29:10Z  WARNING  stats fetch failed: timed out
2026-10-01T16:29:15Z  WARNING  thresholds fetch failed: timed out
2026-10-01T16:29:15Z  WARNING  stats fetch failed: timed out
2026-10-01T16:29:20Z  WARNING  thresholds fetch failed: timed out
2026-10-01T16:29:20Z  WARNING  stats fetch failed: timed out
2026-10-01T16:29:25Z  WARNING  thresholds fetch failed: timed out
2026-10-01T16:29:25Z  WARNING  stats fetch failed: timed out
2026-10-01T16:29:30Z  WARNING  thresholds fetch failed: timed out
2026-10-01T16:29:30Z  WARNING  stats fetch failed: timed out
2026-10-01T16:29:35Z  WARNING  thresholds fetch failed: timed out
2026-10-01T16:29:35Z  WARNING  stats fetch failed: timed out
2026-10-01T16:29:40Z  WARNING  thresholds fetch failed: timed out
2026-10-01T16:29:40Z  WARNING  stats fetch failed: timed out
2026-10-01T16:29:45Z  WARNING  thresholds fetch failed: timed out
2026-10-01T16:29:45Z  WARNING  stats fetch failed: timed out
2026-10-01T16:29:50Z  WARNING  thresholds fetch failed: timed out
2026-10-01T16:29:50Z  WARNING  stats fetch failed: timed out
2026-10-01T16:29:55Z  WARNING  thresholds fetch failed: timed out
2026-10-01T16:29:55Z  WARNING  stats fetch failed: timed out
2026-10-01T16:30:00Z  WARNING  thresholds fetch failed: timed out
2026-10-01T16:30:00Z  WARNING  stats fetch failed: timed out
2026-10-01T16:30:05Z  WARNING  thresholds fetch failed: timed out
2026-10-01T16:30:05Z  WARNING  stats fetch failed: timed out
2026-10-01T16:30:10Z  WARNING  thresholds fetch failed: timed out
2026-10-01T16:30:10Z  WARNING  stats fetch failed: timed out
2026-10-01T16:30:15Z  WARNING  thresholds fetch failed: timed out
2026-10-01T16:30:15Z  WARNING  stats fetch failed: timed out
2026-10-01T16:30:20Z  WARNING  thresholds fetch failed: timed out
2026-10-01T16:30:20Z  WARNING  stats fetch failed: timed out
2026-10-01T16:30:25Z  WARNING  thresholds fetch failed: timed out
2026-10-01T16:30:25Z  WARNING  stats fetch failed: timed out
2026-10-01T16:30:30Z  WARNING  thresholds fetch failed: timed out
2026-10-01T16:30:30Z  WARNING  stats fetch failed: timed out
2026-10-01T16:30:35Z  WARNING  thresholds fetch failed: timed out
2026-10-01T16:30:35Z  WARNING  stats fetch failed: timed out
2026-10-01T16:30:40Z  WARNING  thresholds fetch failed: timed out
2026-10-01T16:30:40Z  WARNING  stats fetch failed: timed out
2026-10-01T16:30:45Z  WARNING  thresholds fetch failed: timed out
2026-10-01T16:30:45Z  WARNING  stats fetch failed: timed out
2026-10-01T16:30:50Z  WARNING  thresholds fetch failed: timed out
2026-10-01T16:30:50Z  WARNING  stats fetch failed: timed out
2026-10-01T16:30:55Z  WARNING  thresholds fetch failed: timed out
2026-10-01T16:30:55Z  WARNING  stats fetch failed: timed out
2026-10-01T16:31:00Z  WARNING  thresholds fetch failed: timed out
2026-10-01T16:31:00Z  WARNING  stats fetch failed: timed out
2026-10-01T16:31:05Z  WARNING  thresholds fetch failed: timed out
2026-10-01T16:31:05Z  WARNING  stats fetch failed: timed out
2026-10-01T16:31:10Z  WARNING  thresholds fetch failed: timed out
2026-10-01T16:31:10Z  WARNING  stats fetch failed: timed out
2026-10-01T16:31:15Z  WARNING  thresholds fetch failed: timed out
2026-10-01T16:31:15Z  WARNING  stats fetch failed: timed out
2026-10-01T16:31:20Z  WARNING  thresholds fetch failed: timed out
2026-10-01T16:31:20Z  WARNING  stats fetch failed: timed out
2026-10-01T16:31:25Z  WARNING  thresholds fetch failed: timed out
2026-10-01T16:31:25Z  WARNING  stats fetch failed: timed out
2026-10-01T16:31:30Z  WARNING  thresholds fetch failed: timed out
2026-10-01T16:31:30Z  WARNING  stats fetch failed: timed out
2026-10-01T16:31:35Z  WARNING  thresholds fetch failed: timed out
2026-10-01T16:31:35Z  WARNING  stats fetch failed: timed out
2026-10-01T16:31:40Z  WARNING  thresholds fetch failed: timed out
2026-10-01T16:31:40Z  WARNING  stats fetch failed: timed out
2026-10-01T16:31:45Z  WARNING  thresholds fetch failed: timed out
2026-10-01T16:31:45Z  WARNING  stats fetch failed: timed out
2026-10-01T16:31:50Z  WARNING  thresholds fetch failed: timed out
2026-10-01T16:31:50Z  WARNING  stats fetch failed: timed out
2026-10-01T16:31:55Z  WARNING  thresholds fetch failed: timed out
2026-10-01T16:31:55Z  WARNING  stats fetch failed: timed out
2026-10-01T16:32:00Z  WARNING  thresholds fetch failed: timed out
2026-10-01T16:32:00Z  WARNING  stats fetch failed: timed out
2026-10-01T16:32:05Z  WARNING  thresholds fetch failed: timed out
2026-10-01T16:32:05Z  WARNING  stats fetch failed: timed out
2026-10-01T16:32:10Z  WARNING  thresholds fetch failed: timed out
2026-10-01T16:32:10Z  WARNING  stats fetch failed: timed out
2026-10-01T16:32:15Z  WARNING  thresholds fetch failed: timed out
2026-10-01T16:32:15Z  WARNING  stats fetch failed: timed out
2026-10-01T16:32:20Z  WARNING  thresholds fetch failed: timed out
2026-10-01T16:32:20Z  WARNING  stats fetch failed: timed out
2026-10-01T16:32:25Z  WARNING  thresholds fetch failed: timed out
2026-10-01T16:32:25Z  WARNING  stats fetch failed: timed out
2026-10-01T16:32:30Z  WARNING  thresholds fetch failed: <urlopen error timed out>
2026-10-01T16:32:30Z  WARNING  stats fetch failed: timed out
2026-10-01T16:32:35Z  WARNING  thresholds fetch failed: timed out
2026-10-01T16:32:35Z  WARNING  stats fetch failed: timed out
2026-10-01T16:32:40Z  WARNING  thresholds fetch failed: timed out
2026-10-01T16:32:40Z  WARNING  stats fetch failed: timed out
2026-10-01T16:32:45Z  WARNING  thresholds fetch failed: timed out
2026-10-01T16:32:45Z  WARNING  stats fetch failed: timed out
2026-10-01T16:32:50Z  WARNING  thresholds fetch failed: timed out
2026-10-01T16:32:50Z  WARNING  stats fetch failed: timed out
2026-10-01T16:32:55Z  WARNING  thresholds fetch failed: timed out
2026-10-01T16:32:55Z  WARNING  stats fetch failed: timed out
2026-10-01T16:33:00Z  WARNING  thresholds fetch failed: timed out
2026-10-01T16:33:00Z  WARNING  stats fetch failed: timed out
2026-10-01T16:33:05Z  WARNING  thresholds fetch failed: timed out
2026-10-01T16:33:05Z  WARNING  stats fetch failed: timed out
2026-10-01T16:33:10Z  WARNING  thresholds fetch failed: timed out
2026-10-01T16:33:10Z  WARNING  stats fetch failed: timed out
2026-10-01T16:33:15Z  WARNING  thresholds fetch failed: timed out
2026-10-01T16:33:15Z  WARNING  stats fetch failed: timed out
2026-10-01T16:33:20Z  WARNING  thresholds fetch failed: timed out
2026-10-01T16:33:20Z  WARNING  stats fetch failed: timed out
2026-10-01T16:33:25Z  WARNING  thresholds fetch failed: timed out
2026-10-01T16:33:25Z  WARNING  stats fetch failed: timed out
2026-10-01T16:33:30Z  WARNING  thresholds fetch failed: timed out
2026-10-01T16:33:30Z  WARNING  stats fetch failed: timed out
2026-10-01T16:33:35Z  WARNING  thresholds fetch failed: timed out
2026-10-01T16:33:35Z  WARNING  stats fetch failed: timed out
2026-10-01T16:33:40Z  WARNING  thresholds fetch failed: timed out
2026-10-01T16:33:40Z  WARNING  stats fetch failed: timed out
2026-10-01T16:33:45Z  WARNING  thresholds fetch failed: timed out
2026-10-01T16:33:45Z  WARNING  stats fetch failed: timed out
2026-10-01T16:33:50Z  WARNING  thresholds fetch failed: timed out
2026-10-01T16:33:50Z  WARNING  stats fetch failed: timed out
2026-10-01T16:33:55Z  WARNING  thresholds fetch failed: timed out
2026-10-01T16:33:55Z  WARNING  stats fetch failed: timed out
2026-10-01T16:34:00Z  WARNING  thresholds fetch failed: timed out
2026-10-01T16:34:00Z  WARNING  stats fetch failed: timed out
2026-10-01T16:34:05Z  WARNING  thresholds fetch failed: timed out
2026-10-01T16:34:05Z  WARNING  stats fetch failed: timed out
2026-10-01T16:34:10Z  WARNING  thresholds fetch failed: timed out
2026-10-01T16:34:10Z  WARNING  stats fetch failed: timed out
2026-10-01T16:34:15Z  WARNING  thresholds fetch failed: timed out
2026-10-01T16:34:15Z  WARNING  stats fetch failed: timed out
2026-10-01T16:34:20Z  WARNING  thresholds fetch failed: timed out
2026-10-01T16:34:20Z  WARNING  stats fetch failed: timed out
2026-10-01T16:34:25Z  WARNING  thresholds fetch failed: timed out
2026-10-01T16:34:25Z  WARNING  stats fetch failed: timed out
2026-10-01T16:34:30Z  WARNING  thresholds fetch failed: timed out
2026-10-01T16:34:30Z  WARNING  stats fetch failed: timed out
2026-10-01T16:34:35Z  WARNING  thresholds fetch failed: timed out
2026-10-01T16:34:35Z  WARNING  stats fetch failed: timed out
2026-10-01T16:34:40Z  WARNING  thresholds fetch failed: timed out
2026-10-01T16:34:40Z  WARNING  stats fetch failed: timed out
2026-10-01T16:34:45Z  WARNING  thresholds fetch failed: timed out
2026-10-01T16:34:45Z  WARNING  stats fetch failed: timed out
2026-10-01T16:34:50Z  WARNING  thresholds fetch failed: timed out
2026-10-01T16:34:50Z  WARNING  stats fetch failed: timed out
2026-10-01T16:34:55Z  WARNING  thresholds fetch failed: timed out
2026-10-01T16:34:55Z  WARNING  stats fetch failed: timed out
2026-10-01T16:35:00Z  WARNING  thresholds fetch failed: timed out
2026-10-01T16:35:00Z  WARNING  stats fetch failed: timed out
2026-10-01T16:35:05Z  WARNING  thresholds fetch failed: timed out
2026-10-01T16:35:05Z  WARNING  stats fetch failed: timed out
2026-10-01T16:35:10Z  WARNING  thresholds fetch failed: timed out
2026-10-01T16:35:10Z  WARNING  stats fetch failed: timed out
2026-10-01T16:35:15Z  WARNING  thresholds fetch failed: timed out
2026-10-01T16:35:15Z  WARNING  stats fetch failed: timed out
2026-10-01T16:35:20Z  WARNING  thresholds fetch failed: timed out
2026-10-01T16:35:20Z  WARNING  stats fetch failed: timed out
2026-10-01T16:35:25Z  WARNING  thresholds fetch failed: timed out
2026-10-01T16:35:25Z  WARNING  stats fetch failed: timed out
2026-10-01T16:35:30Z  WARNING  thresholds fetch failed: timed out
2026-10-01T16:35:30Z  WARNING  stats fetch failed: timed out
2026-10-01T16:35:35Z  WARNING  thresholds fetch failed: timed out
2026-10-01T16:35:35Z  WARNING  stats fetch failed: timed out
2026-10-01T16:35:40Z  WARNING  thresholds fetch failed: timed out
2026-10-01T16:35:40Z  WARNING  stats fetch failed: timed out
2026-10-01T16:35:45Z  WARNING  thresholds fetch failed: timed out
2026-10-01T16:35:45Z  WARNING  stats fetch failed: timed out
2026-10-01T16:35:50Z  WARNING  thresholds fetch failed: timed out
2026-10-01T16:35:50Z  WARNING  stats fetch failed: timed out
2026-10-01T16:35:55Z  WARNING  thresholds fetch failed: timed out
2026-10-01T16:35:55Z  WARNING  stats fetch failed: timed out
2026-10-01T16:36:00Z  WARNING  thresholds fetch failed: timed out
2026-10-01T16:36:00Z  WARNING  stats fetch failed: timed out
2026-10-01T16:36:06Z  SHUTDOWN  signal=15
2026-10-01T16:36:07Z  EXIT
