2026-09-19T19:38:34Z  START  poll_interval=1s layer_a_poll_interval=5s
2026-09-19T19:40:05Z  WARNING  thresholds fetch failed: timed out
2026-09-19T19:40:05Z  WARNING  stats fetch failed: timed out
2026-09-19T19:40:10Z  WARNING  thresholds fetch failed: timed out
2026-09-19T19:40:10Z  WARNING  stats fetch failed: timed out
2026-09-19T19:40:15Z  WARNING  thresholds fetch failed: timed out
2026-09-19T19:40:15Z  WARNING  stats fetch failed: timed out
2026-09-19T19:40:20Z  WARNING  thresholds fetch failed: timed out
2026-09-19T19:40:20Z  WARNING  stats fetch failed: timed out
2026-09-19T19:40:25Z  WARNING  thresholds fetch failed: timed out
2026-09-19T19:40:25Z  WARNING  stats fetch failed: timed out
2026-09-19T19:40:30Z  WARNING  thresholds fetch failed: timed out
2026-09-19T19:40:30Z  WARNING  stats fetch failed: timed out
2026-09-19T19:40:35Z  WARNING  thresholds fetch failed: timed out
2026-09-19T19:40:35Z  WARNING  stats fetch failed: timed out
2026-09-19T19:40:40Z  WARNING  thresholds fetch failed: timed out
2026-09-19T19:40:40Z  WARNING  stats fetch failed: timed out
2026-09-19T19:40:45Z  WARNING  thresholds fetch failed: timed out
2026-09-19T19:40:45Z  WARNING  stats fetch failed: timed out
2026-09-19T19:40:50Z  WARNING  thresholds fetch failed: timed out
2026-09-19T19:40:50Z  WARNING  stats fetch failed: timed out
2026-09-19T19:40:55Z  WARNING  thresholds fetch failed: timed out
2026-09-19T19:40:55Z  WARNING  stats fetch failed: timed out
2026-09-19T19:41:00Z  WARNING  thresholds fetch failed: timed out
2026-09-19T19:41:00Z  WARNING  stats fetch failed: timed out
2026-09-19T19:41:05Z  WARNING  thresholds fetch failed: timed out
2026-09-19T19:41:05Z  WARNING  stats fetch failed: timed out
2026-09-19T19:41:10Z  WARNING  thresholds fetch failed: timed out
2026-09-19T19:41:10Z  WARNING  stats fetch failed: timed out
2026-09-19T19:41:15Z  WARNING  thresholds fetch failed: timed out
2026-09-19T19:41:15Z  WARNING  stats fetch failed: timed out
2026-09-19T19:41:20Z  WARNING  thresholds fetch failed: timed out
2026-09-19T19:41:20Z  WARNING  stats fetch failed: timed out
2026-09-19T19:41:25Z  WARNING  thresholds fetch failed: timed out
2026-09-19T19:41:25Z  WARNING  stats fetch failed: timed out
2026-09-19T19:41:30Z  WARNING  thresholds fetch failed: timed out
2026-09-19T19:41:30Z  WARNING  stats fetch failed: timed out
2026-09-19T19:41:35Z  WARNING  thresholds fetch failed: timed out
2026-09-19T19:41:35Z  WARNING  stats fetch failed: timed out
2026-09-19T19:41:40Z  WARNING  thresholds fetch failed: timed out
2026-09-19T19:41:40Z  WARNING  stats fetch failed: timed out
2026-09-19T19:41:45Z  WARNING  thresholds fetch failed: timed out
2026-09-19T19:41:45Z  WARNING  stats fetch failed: timed out
2026-09-19T19:41:50Z  WARNING  thresholds fetch failed: timed out
2026-09-19T19:41:50Z  WARNING  stats fetch failed: timed out
2026-09-19T19:41:55Z  WARNING  thresholds fetch failed: timed out
2026-09-19T19:41:55Z  WARNING  stats fetch failed: timed out
2026-09-19T19:42:00Z  WARNING  thresholds fetch failed: timed out
2026-09-19T19:42:00Z  WARNING  stats fetch failed: timed out
2026-09-19T19:42:05Z  WARNING  thresholds fetch failed: timed out
2026-09-19T19:42:05Z  WARNING  stats fetch failed: timed out
2026-09-19T19:42:10Z  WARNING  thresholds fetch failed: timed out
2026-09-19T19:42:10Z  WARNING  stats fetch failed: timed out
2026-09-19T19:42:15Z  WARNING  thresholds fetch failed: timed out
2026-09-19T19:42:15Z  WARNING  stats fetch failed: timed out
2026-09-19T19:42:20Z  WARNING  thresholds fetch failed: timed out
2026-09-19T19:42:20Z  WARNING  stats fetch failed: timed out
2026-09-19T19:42:25Z  WARNING  thresholds fetch failed: timed out
2026-09-19T19:42:25Z  WARNING  stats fetch failed: timed out
2026-09-19T19:42:30Z  WARNING  thresholds fetch failed: timed out
2026-09-19T19:42:30Z  WARNING  stats fetch failed: timed out
2026-09-19T19:42:35Z  WARNING  thresholds fetch failed: timed out
2026-09-19T19:42:35Z  WARNING  stats fetch failed: timed out
2026-09-19T19:42:40Z  WARNING  thresholds fetch failed: timed out
2026-09-19T19:42:40Z  WARNING  stats fetch failed: timed out
2026-09-19T19:42:45Z  WARNING  thresholds fetch failed: timed out
2026-09-19T19:42:45Z  WARNING  stats fetch failed: timed out
2026-09-19T19:42:50Z  WARNING  thresholds fetch failed: timed out
2026-09-19T19:42:50Z  WARNING  stats fetch failed: timed out
2026-09-19T19:42:55Z  WARNING  thresholds fetch failed: timed out
2026-09-19T19:42:55Z  WARNING  stats fetch failed: timed out
2026-09-19T19:43:00Z  WARNING  thresholds fetch failed: timed out
2026-09-19T19:43:00Z  WARNING  stats fetch failed: timed out
2026-09-19T19:43:05Z  WARNING  thresholds fetch failed: timed out
2026-09-19T19:43:05Z  WARNING  stats fetch failed: timed out
2026-09-19T19:43:10Z  WARNING  thresholds fetch failed: timed out
2026-09-19T19:43:10Z  WARNING  stats fetch failed: timed out
2026-09-19T19:43:15Z  WARNING  thresholds fetch failed: timed out
2026-09-19T19:43:15Z  WARNING  stats fetch failed: timed out
2026-09-19T19:43:20Z  WARNING  thresholds fetch failed: timed out
2026-09-19T19:43:20Z  WARNING  stats fetch failed: timed out
2026-09-19T19:43:25Z  WARNING  thresholds fetch failed: timed out
2026-09-19T19:43:25Z  WARNING  stats fetch failed: timed out
2026-09-19T19:43:30Z  WARNING  thresholds fetch failed: timed out
2026-09-19T19:43:30Z  WARNING  stats fetch failed: timed out
2026-09-19T19:43:35Z  WARNING  thresholds fetch failed: timed out
2026-09-19T19:43:35Z  WARNING  stats fetch failed: timed out
2026-09-19T19:43:40Z  WARNING  thresholds fetch failed: timed out
2026-09-19T19:43:40Z  WARNING  stats fetch failed: timed out
2026-09-19T19:43:45Z  WARNING  thresholds fetch failed: timed out
2026-09-19T19:43:45Z  WARNING  stats fetch failed: timed out
2026-09-19T19:43:50Z  WARNING  thresholds fetch failed: timed out
2026-09-19T19:43:50Z  WARNING  stats fetch failed: timed out
2026-09-19T19:43:55Z  WARNING  thresholds fetch failed: timed out
2026-09-19T19:43:55Z  WARNING  stats fetch failed: timed out
2026-09-19T19:44:00Z  WARNING  thresholds fetch failed: timed out
2026-09-19T19:44:00Z  WARNING  stats fetch failed: timed out
2026-09-19T19:44:05Z  WARNING  thresholds fetch failed: timed out
2026-09-19T19:44:05Z  WARNING  stats fetch failed: timed out
2026-09-19T19:44:10Z  WARNING  thresholds fetch failed: timed out
2026-09-19T19:44:10Z  WARNING  stats fetch failed: timed out
2026-09-19T19:44:15Z  WARNING  thresholds fetch failed: timed out
2026-09-19T19:44:15Z  WARNING  stats fetch failed: timed out
2026-09-19T19:44:20Z  WARNING  thresholds fetch failed: timed out
2026-09-19T19:44:20Z  WARNING  stats fetch failed: timed out
2026-09-19T19:44:25Z  WARNING  thresholds fetch failed: timed out
2026-09-19T19:44:25Z  WARNING  stats fetch failed: timed out
2026-09-19T19:44:30Z  WARNING  thresholds fetch failed: timed out
2026-09-19T19:44:30Z  WARNING  stats fetch failed: timed out
2026-09-19T19:44:35Z  WARNING  thresholds fetch failed: timed out
2026-09-19T19:44:35Z  WARNING  stats fetch failed: timed out
2026-09-19T19:44:40Z  WARNING  thresholds fetch failed: timed out
2026-09-19T19:44:40Z  WARNING  stats fetch failed: timed out
2026-09-19T19:44:45Z  WARNING  thresholds fetch failed: timed out
2026-09-19T19:44:45Z  WARNING  stats fetch failed: timed out
2026-09-19T19:44:50Z  WARNING  thresholds fetch failed: timed out
2026-09-19T19:44:50Z  WARNING  stats fetch failed: timed out
2026-09-19T19:44:55Z  WARNING  thresholds fetch failed: timed out
2026-09-19T19:44:55Z  WARNING  stats fetch failed: timed out
2026-09-19T19:45:00Z  WARNING  thresholds fetch failed: timed out
2026-09-19T19:45:00Z  WARNING  stats fetch failed: timed out
2026-09-19T19:45:05Z  WARNING  thresholds fetch failed: timed out
2026-09-19T19:45:05Z  WARNING  stats fetch failed: timed out
2026-09-19T19:45:10Z  WARNING  thresholds fetch failed: timed out
2026-09-19T19:45:10Z  WARNING  stats fetch failed: timed out
2026-09-19T19:45:15Z  WARNING  thresholds fetch failed: timed out
2026-09-19T19:45:15Z  WARNING  stats fetch failed: timed out
2026-09-19T19:45:20Z  WARNING  thresholds fetch failed: timed out
2026-09-19T19:45:20Z  WARNING  stats fetch failed: timed out
2026-09-19T19:45:25Z  WARNING  thresholds fetch failed: timed out
2026-09-19T19:45:25Z  WARNING  stats fetch failed: timed out
2026-09-19T19:45:30Z  WARNING  thresholds fetch failed: timed out
2026-09-19T19:45:30Z  WARNING  stats fetch failed: timed out
2026-09-19T19:45:35Z  WARNING  thresholds fetch failed: timed out
2026-09-19T19:45:35Z  WARNING  stats fetch failed: timed out
2026-09-19T19:45:40Z  WARNING  thresholds fetch failed: timed out
2026-09-19T19:45:40Z  WARNING  stats fetch failed: timed out
2026-09-19T19:45:45Z  WARNING  thresholds fetch failed: timed out
2026-09-19T19:45:45Z  WARNING  stats fetch failed: timed out
2026-09-19T19:45:50Z  WARNING  thresholds fetch failed: timed out
2026-09-19T19:45:50Z  WARNING  stats fetch failed: timed out
2026-09-19T19:45:55Z  WARNING  thresholds fetch failed: timed out
2026-09-19T19:45:55Z  WARNING  stats fetch failed: timed out
2026-09-19T19:46:00Z  WARNING  thresholds fetch failed: timed out
2026-09-19T19:46:00Z  WARNING  stats fetch failed: timed out
2026-09-19T19:46:05Z  WARNING  thresholds fetch failed: timed out
2026-09-19T19:46:05Z  WARNING  stats fetch failed: timed out
2026-09-19T19:46:10Z  WARNING  thresholds fetch failed: timed out
2026-09-19T19:46:10Z  WARNING  stats fetch failed: timed out
2026-09-19T19:46:15Z  WARNING  thresholds fetch failed: timed out
2026-09-19T19:46:15Z  WARNING  stats fetch failed: timed out
2026-09-19T19:46:20Z  WARNING  thresholds fetch failed: timed out
2026-09-19T19:46:20Z  WARNING  stats fetch failed: timed out
2026-09-19T19:46:25Z  WARNING  thresholds fetch failed: timed out
2026-09-19T19:46:25Z  WARNING  stats fetch failed: timed out
2026-09-19T19:46:30Z  WARNING  thresholds fetch failed: timed out
2026-09-19T19:46:30Z  WARNING  stats fetch failed: timed out
2026-09-19T19:46:35Z  WARNING  thresholds fetch failed: timed out
2026-09-19T19:46:35Z  WARNING  stats fetch failed: timed out
2026-09-19T19:46:40Z  WARNING  thresholds fetch failed: timed out
2026-09-19T19:46:40Z  WARNING  stats fetch failed: timed out
2026-09-19T19:46:45Z  WARNING  thresholds fetch failed: timed out
2026-09-19T19:46:45Z  WARNING  stats fetch failed: timed out
2026-09-19T19:46:50Z  WARNING  thresholds fetch failed: timed out
2026-09-19T19:46:50Z  WARNING  stats fetch failed: timed out
2026-09-19T19:46:55Z  WARNING  thresholds fetch failed: timed out
2026-09-19T19:46:55Z  WARNING  stats fetch failed: timed out
2026-09-19T19:47:00Z  WARNING  thresholds fetch failed: timed out
2026-09-19T19:47:00Z  WARNING  stats fetch failed: timed out
2026-09-19T19:47:05Z  WARNING  thresholds fetch failed: timed out
2026-09-19T19:47:05Z  WARNING  stats fetch failed: timed out
2026-09-19T19:47:10Z  WARNING  thresholds fetch failed: timed out
2026-09-19T19:47:10Z  WARNING  stats fetch failed: timed out
2026-09-19T19:47:15Z  WARNING  thresholds fetch failed: timed out
2026-09-19T19:47:15Z  WARNING  stats fetch failed: timed out
2026-09-19T19:47:20Z  WARNING  thresholds fetch failed: timed out
2026-09-19T19:47:20Z  WARNING  stats fetch failed: timed out
2026-09-19T19:47:25Z  WARNING  thresholds fetch failed: timed out
2026-09-19T19:47:25Z  WARNING  stats fetch failed: timed out
2026-09-19T19:47:30Z  WARNING  thresholds fetch failed: timed out
2026-09-19T19:47:30Z  WARNING  stats fetch failed: timed out
2026-09-19T19:47:35Z  WARNING  thresholds fetch failed: timed out
2026-09-19T19:47:35Z  WARNING  stats fetch failed: timed out
2026-09-19T19:47:40Z  WARNING  thresholds fetch failed: timed out
2026-09-19T19:47:40Z  WARNING  stats fetch failed: timed out
2026-09-19T19:47:45Z  WARNING  thresholds fetch failed: timed out
2026-09-19T19:47:45Z  WARNING  stats fetch failed: timed out
2026-09-19T19:47:50Z  WARNING  thresholds fetch failed: timed out
2026-09-19T19:47:50Z  WARNING  stats fetch failed: timed out
2026-09-19T19:47:55Z  WARNING  thresholds fetch failed: timed out
2026-09-19T19:47:55Z  WARNING  stats fetch failed: timed out
2026-09-19T19:48:00Z  WARNING  thresholds fetch failed: timed out
2026-09-19T19:48:00Z  WARNING  stats fetch failed: timed out
2026-09-19T19:48:05Z  WARNING  thresholds fetch failed: timed out
2026-09-19T19:48:05Z  WARNING  stats fetch failed: timed out
2026-09-19T19:48:10Z  WARNING  thresholds fetch failed: timed out
2026-09-19T19:48:10Z  WARNING  stats fetch failed: timed out
2026-09-19T19:48:15Z  WARNING  thresholds fetch failed: timed out
2026-09-19T19:48:15Z  WARNING  stats fetch failed: timed out
2026-09-19T19:48:20Z  WARNING  thresholds fetch failed: timed out
2026-09-19T19:48:20Z  WARNING  stats fetch failed: timed out
2026-09-19T19:48:25Z  WARNING  thresholds fetch failed: timed out
2026-09-19T19:48:25Z  WARNING  stats fetch failed: timed out
2026-09-19T19:48:30Z  WARNING  thresholds fetch failed: timed out
2026-09-19T19:48:30Z  WARNING  stats fetch failed: timed out
2026-09-19T19:48:35Z  WARNING  thresholds fetch failed: timed out
2026-09-19T19:48:35Z  WARNING  stats fetch failed: timed out
2026-09-19T19:48:40Z  WARNING  thresholds fetch failed: timed out
2026-09-19T19:48:40Z  WARNING  stats fetch failed: timed out
2026-09-19T19:48:45Z  WARNING  thresholds fetch failed: timed out
2026-09-19T19:48:45Z  WARNING  stats fetch failed: timed out
2026-09-19T19:48:50Z  WARNING  thresholds fetch failed: timed out
2026-09-19T19:48:50Z  WARNING  stats fetch failed: timed out
2026-09-19T19:48:55Z  WARNING  thresholds fetch failed: timed out
2026-09-19T19:48:55Z  WARNING  stats fetch failed: timed out
2026-09-19T19:49:00Z  WARNING  thresholds fetch failed: timed out
2026-09-19T19:49:00Z  WARNING  stats fetch failed: timed out
2026-09-19T19:49:03Z  SHUTDOWN  signal=15
2026-09-19T19:49:04Z  EXIT
