2026-09-19T16:00:42Z  START  poll_interval=1s layer_a_poll_interval=5s
2026-09-19T16:01:05Z  WARNING  thresholds fetch failed: timed out
2026-09-19T16:01:05Z  WARNING  stats fetch failed: timed out
2026-09-19T16:01:10Z  WARNING  thresholds fetch failed: timed out
2026-09-19T16:01:10Z  WARNING  stats fetch failed: timed out
2026-09-19T16:01:15Z  WARNING  thresholds fetch failed: timed out
2026-09-19T16:01:15Z  WARNING  stats fetch failed: timed out
2026-09-19T16:01:20Z  WARNING  thresholds fetch failed: timed out
2026-09-19T16:01:20Z  WARNING  stats fetch failed: timed out
2026-09-19T16:01:25Z  WARNING  thresholds fetch failed: timed out
2026-09-19T16:01:25Z  WARNING  stats fetch failed: timed out
2026-09-19T16:01:30Z  WARNING  thresholds fetch failed: timed out
2026-09-19T16:01:30Z  WARNING  stats fetch failed: timed out
2026-09-19T16:01:35Z  WARNING  thresholds fetch failed: timed out
2026-09-19T16:01:35Z  WARNING  stats fetch failed: timed out
2026-09-19T16:01:40Z  WARNING  thresholds fetch failed: timed out
2026-09-19T16:01:40Z  WARNING  stats fetch failed: timed out
2026-09-19T16:01:45Z  WARNING  thresholds fetch failed: timed out
2026-09-19T16:01:45Z  WARNING  stats fetch failed: timed out
2026-09-19T16:01:50Z  WARNING  thresholds fetch failed: timed out
2026-09-19T16:01:50Z  WARNING  stats fetch failed: timed out
2026-09-19T16:01:55Z  WARNING  thresholds fetch failed: timed out
2026-09-19T16:01:55Z  WARNING  stats fetch failed: timed out
2026-09-19T16:02:00Z  WARNING  thresholds fetch failed: timed out
2026-09-19T16:02:00Z  WARNING  stats fetch failed: timed out
2026-09-19T16:02:05Z  WARNING  thresholds fetch failed: timed out
2026-09-19T16:02:05Z  WARNING  stats fetch failed: timed out
2026-09-19T16:02:10Z  WARNING  thresholds fetch failed: timed out
2026-09-19T16:02:10Z  WARNING  stats fetch failed: timed out
2026-09-19T16:02:15Z  WARNING  thresholds fetch failed: timed out
2026-09-19T16:02:15Z  WARNING  stats fetch failed: timed out
2026-09-19T16:02:20Z  WARNING  thresholds fetch failed: timed out
2026-09-19T16:02:20Z  WARNING  stats fetch failed: timed out
2026-09-19T16:02:25Z  WARNING  thresholds fetch failed: timed out
2026-09-19T16:02:25Z  WARNING  stats fetch failed: timed out
2026-09-19T16:02:30Z  WARNING  thresholds fetch failed: timed out
2026-09-19T16:02:30Z  WARNING  stats fetch failed: timed out
2026-09-19T16:02:35Z  WARNING  thresholds fetch failed: timed out
2026-09-19T16:02:35Z  WARNING  stats fetch failed: timed out
2026-09-19T16:02:40Z  WARNING  thresholds fetch failed: timed out
2026-09-19T16:02:40Z  WARNING  stats fetch failed: timed out
2026-09-19T16:02:45Z  WARNING  thresholds fetch failed: timed out
2026-09-19T16:02:45Z  WARNING  stats fetch failed: timed out
2026-09-19T16:02:50Z  WARNING  thresholds fetch failed: timed out
2026-09-19T16:02:50Z  WARNING  stats fetch failed: timed out
2026-09-19T16:02:55Z  WARNING  thresholds fetch failed: timed out
2026-09-19T16:02:55Z  WARNING  stats fetch failed: timed out
2026-09-19T16:03:00Z  WARNING  thresholds fetch failed: timed out
2026-09-19T16:03:00Z  WARNING  stats fetch failed: timed out
2026-09-19T16:03:05Z  WARNING  thresholds fetch failed: timed out
2026-09-19T16:03:05Z  WARNING  stats fetch failed: timed out
2026-09-19T16:03:10Z  WARNING  thresholds fetch failed: timed out
2026-09-19T16:03:10Z  WARNING  stats fetch failed: timed out
2026-09-19T16:03:15Z  WARNING  thresholds fetch failed: timed out
2026-09-19T16:03:15Z  WARNING  stats fetch failed: timed out
2026-09-19T16:03:20Z  WARNING  thresholds fetch failed: timed out
2026-09-19T16:03:20Z  WARNING  stats fetch failed: timed out
2026-09-19T16:03:25Z  WARNING  thresholds fetch failed: timed out
2026-09-19T16:03:25Z  WARNING  stats fetch failed: timed out
2026-09-19T16:03:30Z  WARNING  thresholds fetch failed: timed out
2026-09-19T16:03:30Z  WARNING  stats fetch failed: timed out
2026-09-19T16:03:35Z  WARNING  thresholds fetch failed: timed out
2026-09-19T16:03:35Z  WARNING  stats fetch failed: timed out
2026-09-19T16:03:40Z  WARNING  thresholds fetch failed: timed out
2026-09-19T16:03:40Z  WARNING  stats fetch failed: timed out
2026-09-19T16:03:45Z  WARNING  thresholds fetch failed: timed out
2026-09-19T16:03:45Z  WARNING  stats fetch failed: timed out
2026-09-19T16:03:50Z  WARNING  thresholds fetch failed: timed out
2026-09-19T16:03:50Z  WARNING  stats fetch failed: timed out
2026-09-19T16:03:55Z  WARNING  thresholds fetch failed: timed out
2026-09-19T16:03:55Z  WARNING  stats fetch failed: timed out
2026-09-19T16:04:00Z  WARNING  thresholds fetch failed: timed out
2026-09-19T16:04:00Z  WARNING  stats fetch failed: timed out
2026-09-19T16:04:05Z  WARNING  thresholds fetch failed: timed out
2026-09-19T16:04:05Z  WARNING  stats fetch failed: timed out
2026-09-19T16:04:10Z  WARNING  thresholds fetch failed: timed out
2026-09-19T16:04:10Z  WARNING  stats fetch failed: timed out
2026-09-19T16:04:15Z  WARNING  thresholds fetch failed: timed out
2026-09-19T16:04:15Z  WARNING  stats fetch failed: timed out
2026-09-19T16:04:20Z  WARNING  thresholds fetch failed: timed out
2026-09-19T16:04:20Z  WARNING  stats fetch failed: timed out
2026-09-19T16:04:25Z  WARNING  thresholds fetch failed: timed out
2026-09-19T16:04:25Z  WARNING  stats fetch failed: timed out
2026-09-19T16:04:30Z  WARNING  thresholds fetch failed: timed out
2026-09-19T16:04:30Z  WARNING  stats fetch failed: timed out
2026-09-19T16:04:35Z  WARNING  thresholds fetch failed: timed out
2026-09-19T16:04:35Z  WARNING  stats fetch failed: timed out
2026-09-19T16:04:40Z  WARNING  thresholds fetch failed: timed out
2026-09-19T16:04:40Z  WARNING  stats fetch failed: timed out
2026-09-19T16:04:45Z  WARNING  thresholds fetch failed: timed out
2026-09-19T16:04:45Z  WARNING  stats fetch failed: timed out
2026-09-19T16:04:50Z  WARNING  thresholds fetch failed: timed out
2026-09-19T16:04:50Z  WARNING  stats fetch failed: timed out
2026-09-19T16:04:55Z  WARNING  thresholds fetch failed: timed out
2026-09-19T16:04:55Z  WARNING  stats fetch failed: timed out
2026-09-19T16:05:00Z  WARNING  thresholds fetch failed: timed out
2026-09-19T16:05:00Z  WARNING  stats fetch failed: timed out
2026-09-19T16:05:05Z  WARNING  thresholds fetch failed: timed out
2026-09-19T16:05:05Z  WARNING  stats fetch failed: timed out
2026-09-19T16:05:10Z  WARNING  thresholds fetch failed: timed out
2026-09-19T16:05:10Z  WARNING  stats fetch failed: timed out
2026-09-19T16:05:15Z  WARNING  thresholds fetch failed: timed out
2026-09-19T16:05:15Z  WARNING  stats fetch failed: timed out
2026-09-19T16:05:20Z  WARNING  thresholds fetch failed: timed out
2026-09-19T16:05:20Z  WARNING  stats fetch failed: timed out
2026-09-19T16:05:25Z  WARNING  thresholds fetch failed: timed out
2026-09-19T16:05:25Z  WARNING  stats fetch failed: timed out
2026-09-19T16:05:30Z  WARNING  thresholds fetch failed: timed out
2026-09-19T16:05:30Z  WARNING  stats fetch failed: timed out
2026-09-19T16:05:35Z  WARNING  thresholds fetch failed: timed out
2026-09-19T16:05:35Z  WARNING  stats fetch failed: <urlopen error timed out>
2026-09-19T16:05:40Z  WARNING  thresholds fetch failed: <urlopen error timed out>
2026-09-19T16:05:40Z  WARNING  stats fetch failed: <urlopen error timed out>
2026-09-19T16:05:45Z  WARNING  thresholds fetch failed: timed out
2026-09-19T16:05:45Z  WARNING  stats fetch failed: timed out
2026-09-19T16:05:50Z  WARNING  thresholds fetch failed: timed out
2026-09-19T16:05:50Z  WARNING  stats fetch failed: timed out
2026-09-19T16:05:55Z  WARNING  thresholds fetch failed: timed out
2026-09-19T16:05:55Z  WARNING  stats fetch failed: timed out
2026-09-19T16:06:00Z  WARNING  thresholds fetch failed: timed out
2026-09-19T16:06:00Z  WARNING  stats fetch failed: timed out
2026-09-19T16:06:05Z  WARNING  thresholds fetch failed: timed out
2026-09-19T16:06:05Z  WARNING  stats fetch failed: timed out
2026-09-19T16:06:10Z  WARNING  thresholds fetch failed: timed out
2026-09-19T16:06:10Z  WARNING  stats fetch failed: timed out
2026-09-19T16:06:15Z  WARNING  thresholds fetch failed: timed out
2026-09-19T16:06:15Z  WARNING  stats fetch failed: timed out
2026-09-19T16:06:20Z  WARNING  thresholds fetch failed: timed out
2026-09-19T16:06:20Z  WARNING  stats fetch failed: timed out
2026-09-19T16:06:25Z  WARNING  thresholds fetch failed: timed out
2026-09-19T16:06:25Z  WARNING  stats fetch failed: timed out
2026-09-19T16:06:30Z  WARNING  thresholds fetch failed: timed out
2026-09-19T16:06:30Z  WARNING  stats fetch failed: timed out
2026-09-19T16:06:35Z  WARNING  thresholds fetch failed: timed out
2026-09-19T16:06:35Z  WARNING  stats fetch failed: timed out
2026-09-19T16:06:40Z  WARNING  thresholds fetch failed: timed out
2026-09-19T16:06:40Z  WARNING  stats fetch failed: timed out
2026-09-19T16:06:45Z  WARNING  thresholds fetch failed: timed out
2026-09-19T16:06:45Z  WARNING  stats fetch failed: timed out
2026-09-19T16:06:50Z  WARNING  thresholds fetch failed: timed out
2026-09-19T16:06:50Z  WARNING  stats fetch failed: timed out
2026-09-19T16:06:55Z  WARNING  thresholds fetch failed: timed out
2026-09-19T16:06:55Z  WARNING  stats fetch failed: timed out
2026-09-19T16:07:00Z  WARNING  thresholds fetch failed: timed out
2026-09-19T16:07:00Z  WARNING  stats fetch failed: timed out
2026-09-19T16:07:05Z  WARNING  thresholds fetch failed: timed out
2026-09-19T16:07:05Z  WARNING  stats fetch failed: timed out
2026-09-19T16:07:10Z  WARNING  thresholds fetch failed: timed out
2026-09-19T16:07:10Z  WARNING  stats fetch failed: timed out
2026-09-19T16:07:15Z  WARNING  thresholds fetch failed: timed out
2026-09-19T16:07:15Z  WARNING  stats fetch failed: timed out
2026-09-19T16:07:20Z  WARNING  thresholds fetch failed: timed out
2026-09-19T16:07:20Z  WARNING  stats fetch failed: timed out
2026-09-19T16:07:25Z  WARNING  thresholds fetch failed: timed out
2026-09-19T16:07:25Z  WARNING  stats fetch failed: timed out
2026-09-19T16:07:30Z  WARNING  thresholds fetch failed: timed out
2026-09-19T16:07:30Z  WARNING  stats fetch failed: timed out
2026-09-19T16:07:35Z  WARNING  thresholds fetch failed: timed out
2026-09-19T16:07:35Z  WARNING  stats fetch failed: timed out
2026-09-19T16:07:40Z  WARNING  thresholds fetch failed: timed out
2026-09-19T16:07:40Z  WARNING  stats fetch failed: timed out
2026-09-19T16:07:45Z  WARNING  thresholds fetch failed: timed out
2026-09-19T16:07:45Z  WARNING  stats fetch failed: timed out
2026-09-19T16:07:50Z  WARNING  thresholds fetch failed: timed out
2026-09-19T16:07:50Z  WARNING  stats fetch failed: timed out
2026-09-19T16:07:55Z  WARNING  thresholds fetch failed: timed out
2026-09-19T16:07:55Z  WARNING  stats fetch failed: timed out
2026-09-19T16:08:00Z  WARNING  thresholds fetch failed: timed out
2026-09-19T16:08:00Z  WARNING  stats fetch failed: timed out
2026-09-19T16:08:05Z  WARNING  thresholds fetch failed: timed out
2026-09-19T16:08:05Z  WARNING  stats fetch failed: timed out
2026-09-19T16:08:10Z  WARNING  thresholds fetch failed: timed out
2026-09-19T16:08:10Z  WARNING  stats fetch failed: timed out
2026-09-19T16:08:15Z  WARNING  thresholds fetch failed: timed out
2026-09-19T16:08:15Z  WARNING  stats fetch failed: timed out
2026-09-19T16:08:20Z  WARNING  thresholds fetch failed: timed out
2026-09-19T16:08:20Z  WARNING  stats fetch failed: timed out
2026-09-19T16:08:25Z  WARNING  thresholds fetch failed: timed out
2026-09-19T16:08:25Z  WARNING  stats fetch failed: timed out
2026-09-19T16:08:30Z  WARNING  thresholds fetch failed: timed out
2026-09-19T16:08:30Z  WARNING  stats fetch failed: timed out
2026-09-19T16:08:35Z  WARNING  thresholds fetch failed: timed out
2026-09-19T16:08:35Z  WARNING  stats fetch failed: timed out
2026-09-19T16:08:40Z  WARNING  thresholds fetch failed: timed out
2026-09-19T16:08:40Z  WARNING  stats fetch failed: timed out
2026-09-19T16:08:45Z  WARNING  thresholds fetch failed: timed out
2026-09-19T16:08:45Z  WARNING  stats fetch failed: timed out
2026-09-19T16:08:50Z  WARNING  thresholds fetch failed: timed out
2026-09-19T16:08:50Z  WARNING  stats fetch failed: timed out
2026-09-19T16:08:55Z  WARNING  thresholds fetch failed: timed out
2026-09-19T16:08:55Z  WARNING  stats fetch failed: timed out
2026-09-19T16:09:00Z  WARNING  thresholds fetch failed: timed out
2026-09-19T16:09:00Z  WARNING  stats fetch failed: timed out
2026-09-19T16:09:05Z  WARNING  thresholds fetch failed: timed out
2026-09-19T16:09:05Z  WARNING  stats fetch failed: timed out
2026-09-19T16:09:10Z  WARNING  thresholds fetch failed: timed out
2026-09-19T16:09:10Z  WARNING  stats fetch failed: timed out
2026-09-19T16:09:15Z  WARNING  thresholds fetch failed: timed out
2026-09-19T16:09:15Z  WARNING  stats fetch failed: timed out
2026-09-19T16:09:20Z  WARNING  thresholds fetch failed: timed out
2026-09-19T16:09:20Z  WARNING  stats fetch failed: timed out
2026-09-19T16:09:25Z  WARNING  thresholds fetch failed: timed out
2026-09-19T16:09:25Z  WARNING  stats fetch failed: timed out
2026-09-19T16:09:30Z  WARNING  thresholds fetch failed: timed out
2026-09-19T16:09:30Z  WARNING  stats fetch failed: timed out
2026-09-19T16:09:35Z  WARNING  thresholds fetch failed: timed out
2026-09-19T16:09:35Z  WARNING  stats fetch failed: timed out
2026-09-19T16:09:40Z  WARNING  thresholds fetch failed: timed out
2026-09-19T16:09:40Z  WARNING  stats fetch failed: timed out
2026-09-19T16:09:45Z  WARNING  thresholds fetch failed: timed out
2026-09-19T16:09:45Z  WARNING  stats fetch failed: timed out
2026-09-19T16:09:50Z  WARNING  thresholds fetch failed: timed out
2026-09-19T16:09:50Z  WARNING  stats fetch failed: timed out
2026-09-19T16:09:55Z  WARNING  thresholds fetch failed: timed out
2026-09-19T16:09:55Z  WARNING  stats fetch failed: timed out
2026-09-19T16:10:00Z  WARNING  thresholds fetch failed: timed out
2026-09-19T16:10:00Z  WARNING  stats fetch failed: timed out
2026-09-19T16:10:05Z  WARNING  thresholds fetch failed: timed out
2026-09-19T16:10:05Z  WARNING  stats fetch failed: timed out
2026-09-19T16:10:10Z  WARNING  thresholds fetch failed: timed out
2026-09-19T16:10:10Z  WARNING  stats fetch failed: timed out
2026-09-19T16:10:15Z  WARNING  thresholds fetch failed: timed out
2026-09-19T16:10:15Z  WARNING  stats fetch failed: timed out
2026-09-19T16:10:20Z  WARNING  thresholds fetch failed: timed out
2026-09-19T16:10:20Z  WARNING  stats fetch failed: timed out
2026-09-19T16:10:25Z  WARNING  thresholds fetch failed: timed out
2026-09-19T16:10:25Z  WARNING  stats fetch failed: timed out
2026-09-19T16:10:30Z  WARNING  thresholds fetch failed: timed out
2026-09-19T16:10:30Z  WARNING  stats fetch failed: <urlopen error timed out>
2026-09-19T16:10:35Z  WARNING  thresholds fetch failed: timed out
2026-09-19T16:10:35Z  WARNING  stats fetch failed: timed out
2026-09-19T16:10:40Z  WARNING  thresholds fetch failed: timed out
2026-09-19T16:10:40Z  WARNING  stats fetch failed: timed out
2026-09-19T16:10:45Z  WARNING  thresholds fetch failed: timed out
2026-09-19T16:10:45Z  WARNING  stats fetch failed: timed out
2026-09-19T16:10:50Z  WARNING  thresholds fetch failed: timed out
2026-09-19T16:10:50Z  WARNING  stats fetch failed: timed out
2026-09-19T16:10:55Z  WARNING  thresholds fetch failed: timed out
2026-09-19T16:10:55Z  WARNING  stats fetch failed: timed out
2026-09-19T16:11:00Z  WARNING  thresholds fetch failed: timed out
2026-09-19T16:11:00Z  WARNING  stats fetch failed: timed out
2026-09-19T16:11:05Z  WARNING  thresholds fetch failed: timed out
2026-09-19T16:11:05Z  WARNING  stats fetch failed: timed out
2026-09-19T16:11:10Z  WARNING  thresholds fetch failed: timed out
2026-09-19T16:11:10Z  WARNING  stats fetch failed: timed out
2026-09-19T16:11:15Z  WARNING  thresholds fetch failed: timed out
2026-09-19T16:11:15Z  WARNING  stats fetch failed: timed out
2026-09-19T16:11:20Z  WARNING  thresholds fetch failed: timed out
2026-09-19T16:11:20Z  WARNING  stats fetch failed: timed out
2026-09-19T16:11:25Z  WARNING  thresholds fetch failed: timed out
2026-09-19T16:11:25Z  WARNING  stats fetch failed: timed out
2026-09-19T16:11:30Z  WARNING  thresholds fetch failed: timed out
2026-09-19T16:11:30Z  WARNING  stats fetch failed: timed out
2026-09-19T16:11:35Z  WARNING  thresholds fetch failed: timed out
2026-09-19T16:11:35Z  WARNING  stats fetch failed: timed out
2026-09-19T16:11:40Z  WARNING  thresholds fetch failed: timed out
2026-09-19T16:11:40Z  WARNING  stats fetch failed: <urlopen error timed out>
2026-09-19T16:11:45Z  WARNING  thresholds fetch failed: timed out
2026-09-19T16:11:45Z  WARNING  stats fetch failed: timed out
2026-09-19T16:11:50Z  WARNING  thresholds fetch failed: timed out
2026-09-19T16:11:50Z  WARNING  stats fetch failed: timed out
2026-09-19T16:11:55Z  WARNING  thresholds fetch failed: timed out
2026-09-19T16:11:55Z  WARNING  stats fetch failed: timed out
2026-09-19T16:12:00Z  WARNING  thresholds fetch failed: timed out
2026-09-19T16:12:00Z  WARNING  stats fetch failed: timed out
2026-09-19T16:12:05Z  WARNING  thresholds fetch failed: timed out
2026-09-19T16:12:05Z  WARNING  stats fetch failed: timed out
2026-09-19T16:12:10Z  WARNING  thresholds fetch failed: <urlopen error timed out>
2026-09-19T16:12:10Z  WARNING  stats fetch failed: <urlopen error timed out>
2026-09-19T16:12:15Z  WARNING  thresholds fetch failed: timed out
2026-09-19T16:12:15Z  WARNING  stats fetch failed: timed out
2026-09-19T16:12:20Z  WARNING  thresholds fetch failed: timed out
2026-09-19T16:12:20Z  WARNING  stats fetch failed: timed out
2026-09-19T16:12:25Z  WARNING  thresholds fetch failed: timed out
2026-09-19T16:12:25Z  WARNING  stats fetch failed: timed out
2026-09-19T16:12:30Z  WARNING  thresholds fetch failed: timed out
2026-09-19T16:12:30Z  WARNING  stats fetch failed: timed out
2026-09-19T16:12:35Z  WARNING  thresholds fetch failed: timed out
2026-09-19T16:12:35Z  WARNING  stats fetch failed: timed out
2026-09-19T16:12:40Z  WARNING  thresholds fetch failed: timed out
2026-09-19T16:12:40Z  WARNING  stats fetch failed: timed out
2026-09-19T16:12:45Z  WARNING  thresholds fetch failed: timed out
2026-09-19T16:12:45Z  WARNING  stats fetch failed: timed out
2026-09-19T16:12:50Z  WARNING  thresholds fetch failed: timed out
2026-09-19T16:12:50Z  WARNING  stats fetch failed: timed out
2026-09-19T16:12:55Z  WARNING  thresholds fetch failed: timed out
2026-09-19T16:12:55Z  WARNING  stats fetch failed: timed out
2026-09-19T16:13:00Z  WARNING  thresholds fetch failed: timed out
2026-09-19T16:13:00Z  WARNING  stats fetch failed: timed out
2026-09-19T16:13:05Z  WARNING  thresholds fetch failed: timed out
2026-09-19T16:13:05Z  WARNING  stats fetch failed: timed out
2026-09-19T16:13:10Z  WARNING  thresholds fetch failed: timed out
2026-09-19T16:13:10Z  WARNING  stats fetch failed: timed out
2026-09-19T16:13:15Z  WARNING  thresholds fetch failed: timed out
2026-09-19T16:13:15Z  WARNING  stats fetch failed: timed out
2026-09-19T16:13:20Z  WARNING  thresholds fetch failed: timed out
2026-09-19T16:13:20Z  WARNING  stats fetch failed: timed out
2026-09-19T16:13:25Z  WARNING  thresholds fetch failed: timed out
2026-09-19T16:13:25Z  WARNING  stats fetch failed: timed out
2026-09-19T16:13:30Z  WARNING  thresholds fetch failed: timed out
2026-09-19T16:13:30Z  WARNING  stats fetch failed: timed out
2026-09-19T16:13:35Z  WARNING  thresholds fetch failed: timed out
2026-09-19T16:13:35Z  WARNING  stats fetch failed: timed out
2026-09-19T16:13:40Z  WARNING  thresholds fetch failed: timed out
2026-09-19T16:13:40Z  WARNING  stats fetch failed: timed out
2026-09-19T16:13:45Z  WARNING  thresholds fetch failed: timed out
2026-09-19T16:13:45Z  WARNING  stats fetch failed: timed out
2026-09-19T16:13:50Z  WARNING  thresholds fetch failed: <urlopen error timed out>
2026-09-19T16:13:50Z  WARNING  stats fetch failed: timed out
2026-09-19T16:13:55Z  WARNING  thresholds fetch failed: timed out
2026-09-19T16:13:55Z  WARNING  stats fetch failed: timed out
2026-09-19T16:14:00Z  WARNING  thresholds fetch failed: timed out
2026-09-19T16:14:00Z  WARNING  stats fetch failed: timed out
2026-09-19T16:14:05Z  WARNING  thresholds fetch failed: timed out
2026-09-19T16:14:05Z  WARNING  stats fetch failed: timed out
2026-09-19T16:14:10Z  WARNING  thresholds fetch failed: timed out
2026-09-19T16:14:10Z  WARNING  stats fetch failed: timed out
2026-09-19T16:14:15Z  WARNING  thresholds fetch failed: timed out
2026-09-19T16:14:15Z  WARNING  stats fetch failed: timed out
2026-09-19T16:14:20Z  WARNING  thresholds fetch failed: timed out
2026-09-19T16:14:20Z  WARNING  stats fetch failed: timed out
2026-09-19T16:14:25Z  WARNING  thresholds fetch failed: timed out
2026-09-19T16:14:25Z  WARNING  stats fetch failed: timed out
2026-09-19T16:14:30Z  WARNING  thresholds fetch failed: timed out
2026-09-19T16:14:30Z  WARNING  stats fetch failed: timed out
2026-09-19T16:14:35Z  WARNING  thresholds fetch failed: timed out
2026-09-19T16:14:35Z  WARNING  stats fetch failed: timed out
2026-09-19T16:14:40Z  WARNING  thresholds fetch failed: timed out
2026-09-19T16:14:40Z  WARNING  stats fetch failed: timed out
2026-09-19T16:14:45Z  WARNING  thresholds fetch failed: timed out
2026-09-19T16:14:45Z  WARNING  stats fetch failed: timed out
2026-09-19T16:14:50Z  WARNING  thresholds fetch failed: timed out
2026-09-19T16:14:50Z  WARNING  stats fetch failed: timed out
2026-09-19T16:14:55Z  WARNING  thresholds fetch failed: timed out
2026-09-19T16:14:55Z  WARNING  stats fetch failed: timed out
2026-09-19T16:15:00Z  WARNING  thresholds fetch failed: timed out
2026-09-19T16:15:00Z  WARNING  stats fetch failed: timed out
2026-09-19T16:15:05Z  WARNING  thresholds fetch failed: <urlopen error timed out>
2026-09-19T16:15:05Z  WARNING  stats fetch failed: timed out
2026-09-19T16:15:10Z  WARNING  thresholds fetch failed: timed out
2026-09-19T16:15:10Z  WARNING  stats fetch failed: timed out
2026-09-19T16:15:15Z  WARNING  thresholds fetch failed: timed out
2026-09-19T16:15:15Z  WARNING  stats fetch failed: timed out
2026-09-19T16:15:20Z  WARNING  thresholds fetch failed: timed out
2026-09-19T16:15:20Z  WARNING  stats fetch failed: timed out
2026-09-19T16:15:25Z  WARNING  thresholds fetch failed: timed out
2026-09-19T16:15:25Z  WARNING  stats fetch failed: timed out
2026-09-19T16:15:30Z  WARNING  thresholds fetch failed: timed out
2026-09-19T16:15:30Z  WARNING  stats fetch failed: timed out
2026-09-19T16:15:35Z  WARNING  thresholds fetch failed: timed out
2026-09-19T16:15:35Z  WARNING  stats fetch failed: timed out
2026-09-19T16:15:40Z  WARNING  thresholds fetch failed: timed out
2026-09-19T16:15:40Z  WARNING  stats fetch failed: timed out
2026-09-19T16:15:45Z  WARNING  thresholds fetch failed: timed out
2026-09-19T16:15:45Z  WARNING  stats fetch failed: timed out
2026-09-19T16:15:50Z  WARNING  thresholds fetch failed: timed out
2026-09-19T16:15:50Z  WARNING  stats fetch failed: timed out
2026-09-19T16:15:55Z  WARNING  thresholds fetch failed: timed out
2026-09-19T16:15:55Z  WARNING  stats fetch failed: timed out
2026-09-19T16:16:00Z  WARNING  thresholds fetch failed: timed out
2026-09-19T16:16:00Z  WARNING  stats fetch failed: timed out
2026-09-19T16:16:05Z  WARNING  thresholds fetch failed: timed out
2026-09-19T16:16:05Z  WARNING  stats fetch failed: timed out
2026-09-19T16:16:12Z  SHUTDOWN  signal=15
2026-09-19T16:16:12Z  EXIT
