2026-09-26T22:29:30Z  START  poll_interval=1s layer_a_poll_interval=5s
2026-09-26T22:30:35Z  WARNING  thresholds fetch failed: timed out
2026-09-26T22:30:35Z  WARNING  stats fetch failed: timed out
2026-09-26T22:30:40Z  WARNING  thresholds fetch failed: timed out
2026-09-26T22:30:40Z  WARNING  stats fetch failed: timed out
2026-09-26T22:30:45Z  WARNING  thresholds fetch failed: timed out
2026-09-26T22:30:45Z  WARNING  stats fetch failed: timed out
2026-09-26T22:30:50Z  WARNING  thresholds fetch failed: timed out
2026-09-26T22:30:50Z  WARNING  stats fetch failed: timed out
2026-09-26T22:30:55Z  WARNING  thresholds fetch failed: timed out
2026-09-26T22:30:55Z  WARNING  stats fetch failed: timed out
2026-09-26T22:31:00Z  WARNING  thresholds fetch failed: timed out
2026-09-26T22:31:00Z  WARNING  stats fetch failed: timed out
2026-09-26T22:31:05Z  WARNING  thresholds fetch failed: timed out
2026-09-26T22:31:05Z  WARNING  stats fetch failed: timed out
2026-09-26T22:31:10Z  WARNING  thresholds fetch failed: timed out
2026-09-26T22:31:10Z  WARNING  stats fetch failed: timed out
2026-09-26T22:31:15Z  WARNING  thresholds fetch failed: timed out
2026-09-26T22:31:15Z  WARNING  stats fetch failed: timed out
2026-09-26T22:31:20Z  WARNING  thresholds fetch failed: timed out
2026-09-26T22:31:20Z  WARNING  stats fetch failed: timed out
2026-09-26T22:31:25Z  WARNING  thresholds fetch failed: timed out
2026-09-26T22:31:25Z  WARNING  stats fetch failed: timed out
2026-09-26T22:31:30Z  WARNING  thresholds fetch failed: timed out
2026-09-26T22:31:30Z  WARNING  stats fetch failed: timed out
2026-09-26T22:31:35Z  WARNING  thresholds fetch failed: timed out
2026-09-26T22:31:35Z  WARNING  stats fetch failed: timed out
2026-09-26T22:31:40Z  WARNING  thresholds fetch failed: timed out
2026-09-26T22:31:40Z  WARNING  stats fetch failed: timed out
2026-09-26T22:31:45Z  WARNING  thresholds fetch failed: timed out
2026-09-26T22:31:45Z  WARNING  stats fetch failed: timed out
2026-09-26T22:31:50Z  WARNING  thresholds fetch failed: timed out
2026-09-26T22:31:50Z  WARNING  stats fetch failed: timed out
2026-09-26T22:31:55Z  WARNING  thresholds fetch failed: timed out
2026-09-26T22:31:55Z  WARNING  stats fetch failed: timed out
2026-09-26T22:32:00Z  WARNING  thresholds fetch failed: timed out
2026-09-26T22:32:00Z  WARNING  stats fetch failed: timed out
2026-09-26T22:32:05Z  WARNING  thresholds fetch failed: timed out
2026-09-26T22:32:05Z  WARNING  stats fetch failed: timed out
2026-09-26T22:32:10Z  WARNING  thresholds fetch failed: timed out
2026-09-26T22:32:10Z  WARNING  stats fetch failed: timed out
2026-09-26T22:32:15Z  WARNING  thresholds fetch failed: timed out
2026-09-26T22:32:15Z  WARNING  stats fetch failed: timed out
2026-09-26T22:32:20Z  WARNING  thresholds fetch failed: timed out
2026-09-26T22:32:20Z  WARNING  stats fetch failed: timed out
2026-09-26T22:32:25Z  WARNING  thresholds fetch failed: timed out
2026-09-26T22:32:25Z  WARNING  stats fetch failed: timed out
2026-09-26T22:32:30Z  WARNING  thresholds fetch failed: timed out
2026-09-26T22:32:30Z  WARNING  stats fetch failed: timed out
2026-09-26T22:32:35Z  WARNING  thresholds fetch failed: timed out
2026-09-26T22:32:35Z  WARNING  stats fetch failed: timed out
2026-09-26T22:32:40Z  WARNING  thresholds fetch failed: timed out
2026-09-26T22:32:40Z  WARNING  stats fetch failed: timed out
2026-09-26T22:32:45Z  WARNING  thresholds fetch failed: timed out
2026-09-26T22:32:45Z  WARNING  stats fetch failed: timed out
2026-09-26T22:32:50Z  WARNING  thresholds fetch failed: timed out
2026-09-26T22:32:50Z  WARNING  stats fetch failed: timed out
2026-09-26T22:32:55Z  WARNING  thresholds fetch failed: timed out
2026-09-26T22:32:55Z  WARNING  stats fetch failed: timed out
2026-09-26T22:33:00Z  WARNING  thresholds fetch failed: timed out
2026-09-26T22:33:00Z  WARNING  stats fetch failed: timed out
2026-09-26T22:33:05Z  WARNING  thresholds fetch failed: timed out
2026-09-26T22:33:05Z  WARNING  stats fetch failed: timed out
2026-09-26T22:33:10Z  WARNING  thresholds fetch failed: timed out
2026-09-26T22:33:10Z  WARNING  stats fetch failed: timed out
2026-09-26T22:33:15Z  WARNING  thresholds fetch failed: timed out
2026-09-26T22:33:15Z  WARNING  stats fetch failed: timed out
2026-09-26T22:33:20Z  WARNING  thresholds fetch failed: timed out
2026-09-26T22:33:20Z  WARNING  stats fetch failed: timed out
2026-09-26T22:33:25Z  WARNING  thresholds fetch failed: timed out
2026-09-26T22:33:25Z  WARNING  stats fetch failed: timed out
2026-09-26T22:33:30Z  WARNING  thresholds fetch failed: timed out
2026-09-26T22:33:30Z  WARNING  stats fetch failed: timed out
2026-09-26T22:33:35Z  WARNING  thresholds fetch failed: timed out
2026-09-26T22:33:35Z  WARNING  stats fetch failed: timed out
2026-09-26T22:33:40Z  WARNING  thresholds fetch failed: timed out
2026-09-26T22:33:40Z  WARNING  stats fetch failed: timed out
2026-09-26T22:33:45Z  WARNING  thresholds fetch failed: timed out
2026-09-26T22:33:45Z  WARNING  stats fetch failed: timed out
2026-09-26T22:33:50Z  WARNING  thresholds fetch failed: timed out
2026-09-26T22:33:50Z  WARNING  stats fetch failed: timed out
2026-09-26T22:33:55Z  WARNING  thresholds fetch failed: timed out
2026-09-26T22:33:55Z  WARNING  stats fetch failed: timed out
2026-09-26T22:34:00Z  WARNING  thresholds fetch failed: timed out
2026-09-26T22:34:00Z  WARNING  stats fetch failed: <urlopen error timed out>
2026-09-26T22:34:05Z  WARNING  thresholds fetch failed: timed out
2026-09-26T22:34:05Z  WARNING  stats fetch failed: timed out
2026-09-26T22:34:10Z  WARNING  thresholds fetch failed: timed out
2026-09-26T22:34:10Z  WARNING  stats fetch failed: timed out
2026-09-26T22:34:15Z  WARNING  thresholds fetch failed: timed out
2026-09-26T22:34:15Z  WARNING  stats fetch failed: timed out
2026-09-26T22:34:20Z  WARNING  thresholds fetch failed: timed out
2026-09-26T22:34:20Z  WARNING  stats fetch failed: timed out
2026-09-26T22:34:25Z  WARNING  thresholds fetch failed: timed out
2026-09-26T22:34:25Z  WARNING  stats fetch failed: timed out
2026-09-26T22:34:30Z  WARNING  thresholds fetch failed: timed out
2026-09-26T22:34:30Z  WARNING  stats fetch failed: timed out
2026-09-26T22:34:35Z  WARNING  thresholds fetch failed: timed out
2026-09-26T22:34:35Z  WARNING  stats fetch failed: timed out
2026-09-26T22:34:40Z  WARNING  thresholds fetch failed: timed out
2026-09-26T22:34:40Z  WARNING  stats fetch failed: timed out
2026-09-26T22:34:45Z  WARNING  thresholds fetch failed: timed out
2026-09-26T22:34:45Z  WARNING  stats fetch failed: timed out
2026-09-26T22:34:50Z  WARNING  thresholds fetch failed: timed out
2026-09-26T22:34:50Z  WARNING  stats fetch failed: timed out
2026-09-26T22:34:55Z  WARNING  thresholds fetch failed: timed out
2026-09-26T22:34:55Z  WARNING  stats fetch failed: timed out
2026-09-26T22:35:00Z  WARNING  thresholds fetch failed: timed out
2026-09-26T22:35:00Z  WARNING  stats fetch failed: timed out
2026-09-26T22:35:05Z  WARNING  thresholds fetch failed: timed out
2026-09-26T22:35:05Z  WARNING  stats fetch failed: timed out
2026-09-26T22:35:10Z  WARNING  thresholds fetch failed: timed out
2026-09-26T22:35:10Z  WARNING  stats fetch failed: timed out
2026-09-26T22:35:15Z  WARNING  thresholds fetch failed: timed out
2026-09-26T22:35:15Z  WARNING  stats fetch failed: timed out
2026-09-26T22:35:20Z  WARNING  thresholds fetch failed: timed out
2026-09-26T22:35:20Z  WARNING  stats fetch failed: timed out
2026-09-26T22:35:25Z  WARNING  thresholds fetch failed: timed out
2026-09-26T22:35:25Z  WARNING  stats fetch failed: timed out
2026-09-26T22:35:30Z  WARNING  thresholds fetch failed: timed out
2026-09-26T22:35:30Z  WARNING  stats fetch failed: timed out
2026-09-26T22:35:35Z  WARNING  thresholds fetch failed: timed out
2026-09-26T22:35:35Z  WARNING  stats fetch failed: timed out
2026-09-26T22:35:40Z  WARNING  thresholds fetch failed: timed out
2026-09-26T22:35:40Z  WARNING  stats fetch failed: timed out
2026-09-26T22:35:45Z  WARNING  thresholds fetch failed: timed out
2026-09-26T22:35:45Z  WARNING  stats fetch failed: timed out
2026-09-26T22:35:50Z  WARNING  thresholds fetch failed: timed out
2026-09-26T22:35:50Z  WARNING  stats fetch failed: timed out
2026-09-26T22:35:55Z  WARNING  thresholds fetch failed: timed out
2026-09-26T22:35:55Z  WARNING  stats fetch failed: timed out
2026-09-26T22:36:00Z  WARNING  thresholds fetch failed: timed out
2026-09-26T22:36:00Z  WARNING  stats fetch failed: timed out
2026-09-26T22:36:05Z  WARNING  thresholds fetch failed: timed out
2026-09-26T22:36:05Z  WARNING  stats fetch failed: timed out
2026-09-26T22:36:10Z  WARNING  thresholds fetch failed: <urlopen error timed out>
2026-09-26T22:36:10Z  WARNING  stats fetch failed: timed out
2026-09-26T22:36:15Z  WARNING  thresholds fetch failed: timed out
2026-09-26T22:36:15Z  WARNING  stats fetch failed: timed out
2026-09-26T22:36:20Z  WARNING  thresholds fetch failed: timed out
2026-09-26T22:36:20Z  WARNING  stats fetch failed: timed out
2026-09-26T22:36:25Z  WARNING  thresholds fetch failed: timed out
2026-09-26T22:36:25Z  WARNING  stats fetch failed: timed out
2026-09-26T22:36:30Z  WARNING  thresholds fetch failed: timed out
2026-09-26T22:36:30Z  WARNING  stats fetch failed: timed out
2026-09-26T22:36:35Z  WARNING  thresholds fetch failed: timed out
2026-09-26T22:36:35Z  WARNING  stats fetch failed: timed out
2026-09-26T22:36:40Z  WARNING  thresholds fetch failed: timed out
2026-09-26T22:36:40Z  WARNING  stats fetch failed: timed out
2026-09-26T22:36:45Z  WARNING  thresholds fetch failed: timed out
2026-09-26T22:36:45Z  WARNING  stats fetch failed: timed out
2026-09-26T22:36:50Z  WARNING  thresholds fetch failed: timed out
2026-09-26T22:36:50Z  WARNING  stats fetch failed: timed out
2026-09-26T22:36:55Z  WARNING  thresholds fetch failed: timed out
2026-09-26T22:36:55Z  WARNING  stats fetch failed: timed out
2026-09-26T22:37:00Z  WARNING  thresholds fetch failed: timed out
2026-09-26T22:37:00Z  WARNING  stats fetch failed: timed out
2026-09-26T22:37:05Z  WARNING  thresholds fetch failed: timed out
2026-09-26T22:37:05Z  WARNING  stats fetch failed: timed out
2026-09-26T22:37:10Z  WARNING  thresholds fetch failed: timed out
2026-09-26T22:37:10Z  WARNING  stats fetch failed: timed out
2026-09-26T22:37:15Z  WARNING  thresholds fetch failed: timed out
2026-09-26T22:37:15Z  WARNING  stats fetch failed: timed out
2026-09-26T22:37:20Z  WARNING  thresholds fetch failed: timed out
2026-09-26T22:37:20Z  WARNING  stats fetch failed: timed out
2026-09-26T22:37:25Z  WARNING  thresholds fetch failed: timed out
2026-09-26T22:37:25Z  WARNING  stats fetch failed: timed out
2026-09-26T22:37:30Z  WARNING  thresholds fetch failed: timed out
2026-09-26T22:37:30Z  WARNING  stats fetch failed: timed out
2026-09-26T22:37:35Z  WARNING  thresholds fetch failed: timed out
2026-09-26T22:37:35Z  WARNING  stats fetch failed: timed out
2026-09-26T22:37:40Z  WARNING  thresholds fetch failed: timed out
2026-09-26T22:37:40Z  WARNING  stats fetch failed: timed out
2026-09-26T22:37:45Z  WARNING  thresholds fetch failed: timed out
2026-09-26T22:37:45Z  WARNING  stats fetch failed: timed out
2026-09-26T22:37:50Z  WARNING  thresholds fetch failed: timed out
2026-09-26T22:37:50Z  WARNING  stats fetch failed: timed out
2026-09-26T22:37:55Z  WARNING  thresholds fetch failed: timed out
2026-09-26T22:37:55Z  WARNING  stats fetch failed: timed out
2026-09-26T22:38:00Z  WARNING  thresholds fetch failed: timed out
2026-09-26T22:38:00Z  WARNING  stats fetch failed: timed out
2026-09-26T22:38:05Z  WARNING  thresholds fetch failed: timed out
2026-09-26T22:38:05Z  WARNING  stats fetch failed: timed out
2026-09-26T22:38:10Z  WARNING  thresholds fetch failed: timed out
2026-09-26T22:38:10Z  WARNING  stats fetch failed: timed out
2026-09-26T22:38:15Z  WARNING  thresholds fetch failed: timed out
2026-09-26T22:38:15Z  WARNING  stats fetch failed: timed out
2026-09-26T22:38:20Z  WARNING  thresholds fetch failed: timed out
2026-09-26T22:38:20Z  WARNING  stats fetch failed: timed out
2026-09-26T22:38:25Z  WARNING  thresholds fetch failed: timed out
2026-09-26T22:38:25Z  WARNING  stats fetch failed: timed out
2026-09-26T22:38:30Z  WARNING  thresholds fetch failed: timed out
2026-09-26T22:38:30Z  WARNING  stats fetch failed: timed out
2026-09-26T22:38:35Z  WARNING  thresholds fetch failed: timed out
2026-09-26T22:38:35Z  WARNING  stats fetch failed: timed out
2026-09-26T22:38:40Z  WARNING  thresholds fetch failed: timed out
2026-09-26T22:38:40Z  WARNING  stats fetch failed: timed out
2026-09-26T22:38:45Z  WARNING  thresholds fetch failed: timed out
2026-09-26T22:38:45Z  WARNING  stats fetch failed: timed out
2026-09-26T22:38:50Z  WARNING  thresholds fetch failed: timed out
2026-09-26T22:38:50Z  WARNING  stats fetch failed: timed out
2026-09-26T22:38:55Z  WARNING  thresholds fetch failed: timed out
2026-09-26T22:38:55Z  WARNING  stats fetch failed: timed out
2026-09-26T22:39:00Z  WARNING  thresholds fetch failed: timed out
2026-09-26T22:39:00Z  WARNING  stats fetch failed: timed out
2026-09-26T22:39:05Z  WARNING  thresholds fetch failed: timed out
2026-09-26T22:39:05Z  WARNING  stats fetch failed: timed out
2026-09-26T22:39:10Z  WARNING  thresholds fetch failed: timed out
2026-09-26T22:39:10Z  WARNING  stats fetch failed: timed out
2026-09-26T22:39:15Z  WARNING  thresholds fetch failed: timed out
2026-09-26T22:39:15Z  WARNING  stats fetch failed: timed out
2026-09-26T22:39:20Z  WARNING  thresholds fetch failed: timed out
2026-09-26T22:39:20Z  WARNING  stats fetch failed: timed out
2026-09-26T22:39:25Z  WARNING  thresholds fetch failed: timed out
2026-09-26T22:39:25Z  WARNING  stats fetch failed: timed out
2026-09-26T22:39:30Z  WARNING  thresholds fetch failed: timed out
2026-09-26T22:39:30Z  WARNING  stats fetch failed: timed out
2026-09-26T22:39:35Z  WARNING  thresholds fetch failed: timed out
2026-09-26T22:39:35Z  WARNING  stats fetch failed: timed out
2026-09-26T22:39:40Z  WARNING  thresholds fetch failed: timed out
2026-09-26T22:39:40Z  WARNING  stats fetch failed: timed out
2026-09-26T22:39:45Z  WARNING  thresholds fetch failed: timed out
2026-09-26T22:39:45Z  WARNING  stats fetch failed: timed out
2026-09-26T22:39:50Z  WARNING  thresholds fetch failed: timed out
2026-09-26T22:39:50Z  WARNING  stats fetch failed: timed out
2026-09-26T22:39:55Z  WARNING  thresholds fetch failed: timed out
2026-09-26T22:39:55Z  WARNING  stats fetch failed: timed out
2026-09-26T22:40:00Z  WARNING  thresholds fetch failed: timed out
2026-09-26T22:40:00Z  WARNING  stats fetch failed: timed out
2026-09-26T22:40:07Z  SHUTDOWN  signal=15
2026-09-26T22:40:08Z  EXIT
