2026-09-28T19:28:03Z  START  poll_interval=1s layer_a_poll_interval=5s
2026-09-28T19:32:05Z  START  poll_interval=1s layer_a_poll_interval=5s
2026-09-28T19:32:10Z  WARNING  thresholds fetch failed: timed out
2026-09-28T19:32:10Z  WARNING  stats fetch failed: timed out
2026-09-28T19:32:15Z  WARNING  thresholds fetch failed: timed out
2026-09-28T19:32:15Z  WARNING  stats fetch failed: timed out
2026-09-28T19:33:20Z  WARNING  thresholds fetch failed: timed out
2026-09-28T19:33:20Z  WARNING  stats fetch failed: timed out
2026-09-28T19:33:25Z  WARNING  thresholds fetch failed: timed out
2026-09-28T19:33:25Z  WARNING  stats fetch failed: timed out
2026-09-28T19:33:30Z  WARNING  thresholds fetch failed: timed out
2026-09-28T19:33:30Z  WARNING  stats fetch failed: timed out
2026-09-28T19:33:35Z  WARNING  thresholds fetch failed: timed out
2026-09-28T19:33:35Z  WARNING  stats fetch failed: timed out
2026-09-28T19:33:40Z  WARNING  thresholds fetch failed: timed out
2026-09-28T19:33:40Z  WARNING  stats fetch failed: timed out
2026-09-28T19:33:45Z  WARNING  thresholds fetch failed: timed out
2026-09-28T19:33:45Z  WARNING  stats fetch failed: timed out
2026-09-28T19:33:50Z  WARNING  thresholds fetch failed: timed out
2026-09-28T19:33:50Z  WARNING  stats fetch failed: timed out
2026-09-28T19:33:55Z  WARNING  thresholds fetch failed: timed out
2026-09-28T19:33:55Z  WARNING  stats fetch failed: timed out
2026-09-28T19:34:00Z  WARNING  thresholds fetch failed: timed out
2026-09-28T19:34:00Z  WARNING  stats fetch failed: timed out
2026-09-28T19:34:05Z  WARNING  thresholds fetch failed: timed out
2026-09-28T19:34:05Z  WARNING  stats fetch failed: timed out
2026-09-28T19:34:10Z  WARNING  thresholds fetch failed: timed out
2026-09-28T19:34:10Z  WARNING  stats fetch failed: timed out
2026-09-28T19:34:15Z  WARNING  thresholds fetch failed: timed out
2026-09-28T19:34:15Z  WARNING  stats fetch failed: timed out
2026-09-28T19:34:20Z  WARNING  thresholds fetch failed: timed out
2026-09-28T19:34:20Z  WARNING  stats fetch failed: timed out
2026-09-28T19:34:25Z  WARNING  thresholds fetch failed: timed out
2026-09-28T19:34:25Z  WARNING  stats fetch failed: timed out
2026-09-28T19:34:30Z  WARNING  thresholds fetch failed: timed out
2026-09-28T19:34:30Z  WARNING  stats fetch failed: timed out
2026-09-28T19:34:35Z  WARNING  thresholds fetch failed: timed out
2026-09-28T19:34:35Z  WARNING  stats fetch failed: timed out
2026-09-28T19:34:40Z  WARNING  thresholds fetch failed: timed out
2026-09-28T19:34:40Z  WARNING  stats fetch failed: timed out
2026-09-28T19:34:45Z  WARNING  thresholds fetch failed: timed out
2026-09-28T19:34:45Z  WARNING  stats fetch failed: timed out
2026-09-28T19:34:50Z  WARNING  thresholds fetch failed: timed out
2026-09-28T19:34:50Z  WARNING  stats fetch failed: timed out
2026-09-28T19:34:55Z  WARNING  thresholds fetch failed: timed out
2026-09-28T19:34:55Z  WARNING  stats fetch failed: timed out
2026-09-28T19:35:00Z  WARNING  thresholds fetch failed: timed out
2026-09-28T19:35:00Z  WARNING  stats fetch failed: timed out
2026-09-28T19:35:05Z  WARNING  thresholds fetch failed: timed out
2026-09-28T19:35:05Z  WARNING  stats fetch failed: timed out
2026-09-28T19:35:10Z  WARNING  thresholds fetch failed: timed out
2026-09-28T19:35:10Z  WARNING  stats fetch failed: timed out
2026-09-28T19:35:15Z  WARNING  thresholds fetch failed: timed out
2026-09-28T19:35:15Z  WARNING  stats fetch failed: timed out
2026-09-28T19:35:20Z  WARNING  thresholds fetch failed: timed out
2026-09-28T19:35:20Z  WARNING  stats fetch failed: timed out
2026-09-28T19:35:25Z  WARNING  thresholds fetch failed: timed out
2026-09-28T19:35:25Z  WARNING  stats fetch failed: timed out
2026-09-28T19:35:30Z  WARNING  thresholds fetch failed: timed out
2026-09-28T19:35:30Z  WARNING  stats fetch failed: timed out
2026-09-28T19:35:35Z  WARNING  thresholds fetch failed: timed out
2026-09-28T19:35:35Z  WARNING  stats fetch failed: timed out
2026-09-28T19:35:40Z  WARNING  thresholds fetch failed: timed out
2026-09-28T19:35:40Z  WARNING  stats fetch failed: timed out
2026-09-28T19:35:45Z  WARNING  thresholds fetch failed: timed out
2026-09-28T19:35:45Z  WARNING  stats fetch failed: timed out
2026-09-28T19:35:50Z  WARNING  thresholds fetch failed: timed out
2026-09-28T19:35:50Z  WARNING  stats fetch failed: timed out
2026-09-28T19:35:55Z  WARNING  thresholds fetch failed: timed out
2026-09-28T19:35:55Z  WARNING  stats fetch failed: timed out
2026-09-28T19:36:00Z  WARNING  thresholds fetch failed: timed out
2026-09-28T19:36:00Z  WARNING  stats fetch failed: timed out
2026-09-28T19:36:05Z  WARNING  thresholds fetch failed: timed out
2026-09-28T19:36:05Z  WARNING  stats fetch failed: timed out
2026-09-28T19:36:10Z  WARNING  thresholds fetch failed: timed out
2026-09-28T19:36:10Z  WARNING  stats fetch failed: timed out
2026-09-28T19:36:15Z  WARNING  thresholds fetch failed: timed out
2026-09-28T19:36:15Z  WARNING  stats fetch failed: timed out
2026-09-28T19:36:20Z  WARNING  thresholds fetch failed: timed out
2026-09-28T19:36:20Z  WARNING  stats fetch failed: timed out
2026-09-28T19:36:25Z  WARNING  thresholds fetch failed: timed out
2026-09-28T19:36:25Z  WARNING  stats fetch failed: timed out
2026-09-28T19:36:30Z  WARNING  thresholds fetch failed: timed out
2026-09-28T19:36:30Z  WARNING  stats fetch failed: timed out
2026-09-28T19:36:35Z  WARNING  thresholds fetch failed: timed out
2026-09-28T19:36:35Z  WARNING  stats fetch failed: timed out
2026-09-28T19:36:40Z  WARNING  thresholds fetch failed: timed out
2026-09-28T19:36:40Z  WARNING  stats fetch failed: timed out
2026-09-28T19:36:45Z  WARNING  thresholds fetch failed: timed out
2026-09-28T19:36:45Z  WARNING  stats fetch failed: timed out
2026-09-28T19:36:50Z  WARNING  thresholds fetch failed: timed out
2026-09-28T19:36:50Z  WARNING  stats fetch failed: timed out
2026-09-28T19:36:55Z  WARNING  thresholds fetch failed: timed out
2026-09-28T19:36:55Z  WARNING  stats fetch failed: timed out
2026-09-28T19:37:00Z  WARNING  thresholds fetch failed: timed out
2026-09-28T19:37:00Z  WARNING  stats fetch failed: timed out
2026-09-28T19:37:05Z  WARNING  thresholds fetch failed: timed out
2026-09-28T19:37:05Z  WARNING  stats fetch failed: timed out
2026-09-28T19:37:10Z  WARNING  thresholds fetch failed: timed out
2026-09-28T19:37:10Z  WARNING  stats fetch failed: timed out
2026-09-28T19:37:15Z  WARNING  thresholds fetch failed: timed out
2026-09-28T19:37:15Z  WARNING  stats fetch failed: timed out
2026-09-28T19:37:20Z  WARNING  thresholds fetch failed: timed out
2026-09-28T19:37:20Z  WARNING  stats fetch failed: timed out
2026-09-28T19:37:25Z  WARNING  thresholds fetch failed: timed out
2026-09-28T19:37:25Z  WARNING  stats fetch failed: timed out
2026-09-28T19:37:30Z  WARNING  thresholds fetch failed: timed out
2026-09-28T19:37:30Z  WARNING  stats fetch failed: timed out
2026-09-28T19:37:35Z  WARNING  thresholds fetch failed: timed out
2026-09-28T19:37:35Z  WARNING  stats fetch failed: timed out
2026-09-28T19:37:40Z  WARNING  thresholds fetch failed: timed out
2026-09-28T19:37:40Z  WARNING  stats fetch failed: timed out
2026-09-28T19:37:45Z  WARNING  thresholds fetch failed: timed out
2026-09-28T19:37:45Z  WARNING  stats fetch failed: timed out
2026-09-28T19:37:50Z  WARNING  thresholds fetch failed: timed out
2026-09-28T19:37:50Z  WARNING  stats fetch failed: timed out
2026-09-28T19:37:55Z  WARNING  thresholds fetch failed: timed out
2026-09-28T19:37:55Z  WARNING  stats fetch failed: timed out
2026-09-28T19:38:00Z  WARNING  thresholds fetch failed: timed out
2026-09-28T19:38:00Z  WARNING  stats fetch failed: timed out
2026-09-28T19:38:05Z  WARNING  thresholds fetch failed: timed out
2026-09-28T19:38:05Z  WARNING  stats fetch failed: timed out
2026-09-28T19:38:10Z  WARNING  thresholds fetch failed: timed out
2026-09-28T19:38:10Z  WARNING  stats fetch failed: timed out
2026-09-28T19:38:15Z  WARNING  thresholds fetch failed: timed out
2026-09-28T19:38:15Z  WARNING  stats fetch failed: timed out
2026-09-28T19:38:20Z  WARNING  thresholds fetch failed: timed out
2026-09-28T19:38:20Z  WARNING  stats fetch failed: timed out
2026-09-28T19:38:25Z  WARNING  thresholds fetch failed: timed out
2026-09-28T19:38:25Z  WARNING  stats fetch failed: timed out
2026-09-28T19:38:30Z  WARNING  thresholds fetch failed: timed out
2026-09-28T19:38:30Z  WARNING  stats fetch failed: timed out
2026-09-28T19:38:35Z  WARNING  thresholds fetch failed: timed out
2026-09-28T19:38:35Z  WARNING  stats fetch failed: timed out
2026-09-28T19:38:42Z  SHUTDOWN  signal=15
2026-09-28T19:38:43Z  EXIT
