2026-09-24T18:24:08Z  START  poll_interval=1s layer_a_poll_interval=5s
2026-09-24T18:25:20Z  WARNING  thresholds fetch failed: timed out
2026-09-24T18:25:20Z  WARNING  stats fetch failed: timed out
2026-09-24T18:25:25Z  WARNING  thresholds fetch failed: timed out
2026-09-24T18:25:25Z  WARNING  stats fetch failed: timed out
2026-09-24T18:25:30Z  WARNING  thresholds fetch failed: timed out
2026-09-24T18:25:30Z  WARNING  stats fetch failed: timed out
2026-09-24T18:25:35Z  WARNING  thresholds fetch failed: timed out
2026-09-24T18:25:35Z  WARNING  stats fetch failed: timed out
2026-09-24T18:25:40Z  WARNING  thresholds fetch failed: timed out
2026-09-24T18:25:40Z  WARNING  stats fetch failed: timed out
2026-09-24T18:25:45Z  WARNING  thresholds fetch failed: timed out
2026-09-24T18:25:45Z  WARNING  stats fetch failed: timed out
2026-09-24T18:25:50Z  WARNING  thresholds fetch failed: timed out
2026-09-24T18:25:50Z  WARNING  stats fetch failed: timed out
2026-09-24T18:25:55Z  WARNING  thresholds fetch failed: timed out
2026-09-24T18:25:55Z  WARNING  stats fetch failed: timed out
2026-09-24T18:26:00Z  WARNING  thresholds fetch failed: timed out
2026-09-24T18:26:00Z  WARNING  stats fetch failed: timed out
2026-09-24T18:26:05Z  WARNING  thresholds fetch failed: timed out
2026-09-24T18:26:05Z  WARNING  stats fetch failed: timed out
2026-09-24T18:26:10Z  WARNING  thresholds fetch failed: timed out
2026-09-24T18:26:10Z  WARNING  stats fetch failed: timed out
2026-09-24T18:26:15Z  WARNING  thresholds fetch failed: timed out
2026-09-24T18:26:15Z  WARNING  stats fetch failed: timed out
2026-09-24T18:26:20Z  WARNING  thresholds fetch failed: timed out
2026-09-24T18:26:20Z  WARNING  stats fetch failed: timed out
2026-09-24T18:26:25Z  WARNING  thresholds fetch failed: timed out
2026-09-24T18:26:25Z  WARNING  stats fetch failed: timed out
2026-09-24T18:26:30Z  WARNING  thresholds fetch failed: timed out
2026-09-24T18:26:30Z  WARNING  stats fetch failed: timed out
2026-09-24T18:26:35Z  WARNING  thresholds fetch failed: timed out
2026-09-24T18:26:35Z  WARNING  stats fetch failed: timed out
2026-09-24T18:26:40Z  WARNING  thresholds fetch failed: timed out
2026-09-24T18:26:40Z  WARNING  stats fetch failed: timed out
2026-09-24T18:26:45Z  WARNING  thresholds fetch failed: timed out
2026-09-24T18:26:45Z  WARNING  stats fetch failed: timed out
2026-09-24T18:26:50Z  WARNING  thresholds fetch failed: timed out
2026-09-24T18:26:50Z  WARNING  stats fetch failed: timed out
2026-09-24T18:26:55Z  WARNING  thresholds fetch failed: timed out
2026-09-24T18:26:55Z  WARNING  stats fetch failed: timed out
2026-09-24T18:27:00Z  WARNING  thresholds fetch failed: timed out
2026-09-24T18:27:00Z  WARNING  stats fetch failed: timed out
2026-09-24T18:27:05Z  WARNING  thresholds fetch failed: timed out
2026-09-24T18:27:05Z  WARNING  stats fetch failed: timed out
2026-09-24T18:27:10Z  WARNING  thresholds fetch failed: timed out
2026-09-24T18:27:10Z  WARNING  stats fetch failed: timed out
2026-09-24T18:27:15Z  WARNING  thresholds fetch failed: timed out
2026-09-24T18:27:15Z  WARNING  stats fetch failed: timed out
2026-09-24T18:27:20Z  WARNING  thresholds fetch failed: timed out
2026-09-24T18:27:20Z  WARNING  stats fetch failed: timed out
2026-09-24T18:27:25Z  WARNING  thresholds fetch failed: timed out
2026-09-24T18:27:25Z  WARNING  stats fetch failed: timed out
2026-09-24T18:27:30Z  WARNING  thresholds fetch failed: timed out
2026-09-24T18:27:30Z  WARNING  stats fetch failed: timed out
2026-09-24T18:27:35Z  WARNING  thresholds fetch failed: timed out
2026-09-24T18:27:35Z  WARNING  stats fetch failed: timed out
2026-09-24T18:27:40Z  WARNING  thresholds fetch failed: timed out
2026-09-24T18:27:40Z  WARNING  stats fetch failed: timed out
2026-09-24T18:27:45Z  WARNING  thresholds fetch failed: timed out
2026-09-24T18:27:45Z  WARNING  stats fetch failed: timed out
2026-09-24T18:27:50Z  WARNING  thresholds fetch failed: timed out
2026-09-24T18:27:50Z  WARNING  stats fetch failed: timed out
2026-09-24T18:27:55Z  WARNING  thresholds fetch failed: timed out
2026-09-24T18:27:55Z  WARNING  stats fetch failed: timed out
2026-09-24T18:28:00Z  WARNING  thresholds fetch failed: timed out
2026-09-24T18:28:00Z  WARNING  stats fetch failed: timed out
2026-09-24T18:28:05Z  WARNING  thresholds fetch failed: timed out
2026-09-24T18:28:05Z  WARNING  stats fetch failed: timed out
2026-09-24T18:28:10Z  WARNING  thresholds fetch failed: timed out
2026-09-24T18:28:10Z  WARNING  stats fetch failed: timed out
2026-09-24T18:28:15Z  WARNING  thresholds fetch failed: timed out
2026-09-24T18:28:15Z  WARNING  stats fetch failed: timed out
2026-09-24T18:28:20Z  WARNING  thresholds fetch failed: timed out
2026-09-24T18:28:20Z  WARNING  stats fetch failed: timed out
2026-09-24T18:28:25Z  WARNING  thresholds fetch failed: timed out
2026-09-24T18:28:25Z  WARNING  stats fetch failed: timed out
2026-09-24T18:28:30Z  WARNING  thresholds fetch failed: timed out
2026-09-24T18:28:30Z  WARNING  stats fetch failed: timed out
2026-09-24T18:28:35Z  WARNING  thresholds fetch failed: timed out
2026-09-24T18:28:35Z  WARNING  stats fetch failed: timed out
2026-09-24T18:28:40Z  WARNING  thresholds fetch failed: timed out
2026-09-24T18:28:40Z  WARNING  stats fetch failed: timed out
2026-09-24T18:28:45Z  WARNING  thresholds fetch failed: timed out
2026-09-24T18:28:45Z  WARNING  stats fetch failed: timed out
2026-09-24T18:28:50Z  WARNING  thresholds fetch failed: timed out
2026-09-24T18:28:50Z  WARNING  stats fetch failed: timed out
2026-09-24T18:28:55Z  WARNING  thresholds fetch failed: timed out
2026-09-24T18:28:55Z  WARNING  stats fetch failed: timed out
2026-09-24T18:29:00Z  WARNING  thresholds fetch failed: timed out
2026-09-24T18:29:00Z  WARNING  stats fetch failed: timed out
2026-09-24T18:29:05Z  WARNING  thresholds fetch failed: timed out
2026-09-24T18:29:05Z  WARNING  stats fetch failed: timed out
2026-09-24T18:29:10Z  WARNING  thresholds fetch failed: timed out
2026-09-24T18:29:10Z  WARNING  stats fetch failed: timed out
2026-09-24T18:29:15Z  WARNING  thresholds fetch failed: timed out
2026-09-24T18:29:15Z  WARNING  stats fetch failed: timed out
2026-09-24T18:29:20Z  WARNING  thresholds fetch failed: timed out
2026-09-24T18:29:20Z  WARNING  stats fetch failed: timed out
2026-09-24T18:29:25Z  WARNING  thresholds fetch failed: timed out
2026-09-24T18:29:25Z  WARNING  stats fetch failed: timed out
2026-09-24T18:29:30Z  WARNING  thresholds fetch failed: timed out
2026-09-24T18:29:30Z  WARNING  stats fetch failed: timed out
2026-09-24T18:29:35Z  WARNING  thresholds fetch failed: timed out
2026-09-24T18:29:35Z  WARNING  stats fetch failed: timed out
2026-09-24T18:29:40Z  WARNING  thresholds fetch failed: timed out
2026-09-24T18:29:40Z  WARNING  stats fetch failed: timed out
2026-09-24T18:29:45Z  WARNING  thresholds fetch failed: timed out
2026-09-24T18:29:45Z  WARNING  stats fetch failed: timed out
2026-09-24T18:29:50Z  WARNING  thresholds fetch failed: timed out
2026-09-24T18:29:50Z  WARNING  stats fetch failed: timed out
2026-09-24T18:29:55Z  WARNING  thresholds fetch failed: timed out
2026-09-24T18:29:55Z  WARNING  stats fetch failed: timed out
2026-09-24T18:30:00Z  WARNING  thresholds fetch failed: timed out
2026-09-24T18:30:00Z  WARNING  stats fetch failed: timed out
2026-09-24T18:30:05Z  WARNING  thresholds fetch failed: timed out
2026-09-24T18:30:05Z  WARNING  stats fetch failed: timed out
2026-09-24T18:30:10Z  WARNING  thresholds fetch failed: timed out
2026-09-24T18:30:10Z  WARNING  stats fetch failed: timed out
2026-09-24T18:30:15Z  WARNING  thresholds fetch failed: timed out
2026-09-24T18:30:15Z  WARNING  stats fetch failed: timed out
2026-09-24T18:30:20Z  WARNING  thresholds fetch failed: timed out
2026-09-24T18:30:20Z  WARNING  stats fetch failed: timed out
2026-09-24T18:30:25Z  WARNING  thresholds fetch failed: timed out
2026-09-24T18:30:25Z  WARNING  stats fetch failed: timed out
2026-09-24T18:30:30Z  WARNING  thresholds fetch failed: timed out
2026-09-24T18:30:30Z  WARNING  stats fetch failed: timed out
2026-09-24T18:30:35Z  WARNING  thresholds fetch failed: timed out
2026-09-24T18:30:35Z  WARNING  stats fetch failed: timed out
2026-09-24T18:30:40Z  WARNING  thresholds fetch failed: timed out
2026-09-24T18:30:40Z  WARNING  stats fetch failed: timed out
2026-09-24T18:30:45Z  WARNING  thresholds fetch failed: timed out
2026-09-24T18:30:45Z  WARNING  stats fetch failed: timed out
2026-09-24T18:30:50Z  WARNING  thresholds fetch failed: timed out
2026-09-24T18:30:50Z  WARNING  stats fetch failed: timed out
2026-09-24T18:30:55Z  WARNING  thresholds fetch failed: timed out
2026-09-24T18:30:55Z  WARNING  stats fetch failed: timed out
2026-09-24T18:31:00Z  WARNING  thresholds fetch failed: timed out
2026-09-24T18:31:00Z  WARNING  stats fetch failed: timed out
2026-09-24T18:31:05Z  WARNING  thresholds fetch failed: timed out
2026-09-24T18:31:05Z  WARNING  stats fetch failed: timed out
2026-09-24T18:31:10Z  WARNING  thresholds fetch failed: timed out
2026-09-24T18:31:10Z  WARNING  stats fetch failed: timed out
2026-09-24T18:31:15Z  WARNING  thresholds fetch failed: timed out
2026-09-24T18:31:15Z  WARNING  stats fetch failed: timed out
2026-09-24T18:31:20Z  WARNING  thresholds fetch failed: timed out
2026-09-24T18:31:20Z  WARNING  stats fetch failed: timed out
2026-09-24T18:31:25Z  WARNING  thresholds fetch failed: timed out
2026-09-24T18:31:25Z  WARNING  stats fetch failed: timed out
2026-09-24T18:31:30Z  WARNING  thresholds fetch failed: timed out
2026-09-24T18:31:30Z  WARNING  stats fetch failed: timed out
2026-09-24T18:31:35Z  WARNING  thresholds fetch failed: timed out
2026-09-24T18:31:35Z  WARNING  stats fetch failed: timed out
2026-09-24T18:31:40Z  WARNING  thresholds fetch failed: timed out
2026-09-24T18:31:40Z  WARNING  stats fetch failed: timed out
2026-09-24T18:31:45Z  WARNING  thresholds fetch failed: timed out
2026-09-24T18:31:45Z  WARNING  stats fetch failed: timed out
2026-09-24T18:31:50Z  WARNING  thresholds fetch failed: timed out
2026-09-24T18:31:50Z  WARNING  stats fetch failed: timed out
2026-09-24T18:31:55Z  WARNING  thresholds fetch failed: timed out
2026-09-24T18:31:55Z  WARNING  stats fetch failed: timed out
2026-09-24T18:32:00Z  WARNING  thresholds fetch failed: timed out
2026-09-24T18:32:00Z  WARNING  stats fetch failed: timed out
2026-09-24T18:32:05Z  WARNING  thresholds fetch failed: timed out
2026-09-24T18:32:05Z  WARNING  stats fetch failed: timed out
2026-09-24T18:32:10Z  WARNING  thresholds fetch failed: timed out
2026-09-24T18:32:10Z  WARNING  stats fetch failed: timed out
2026-09-24T18:32:15Z  WARNING  thresholds fetch failed: timed out
2026-09-24T18:32:15Z  WARNING  stats fetch failed: timed out
2026-09-24T18:32:20Z  WARNING  thresholds fetch failed: timed out
2026-09-24T18:32:20Z  WARNING  stats fetch failed: timed out
2026-09-24T18:32:25Z  WARNING  thresholds fetch failed: timed out
2026-09-24T18:32:25Z  WARNING  stats fetch failed: timed out
2026-09-24T18:32:30Z  WARNING  thresholds fetch failed: timed out
2026-09-24T18:32:30Z  WARNING  stats fetch failed: timed out
2026-09-24T18:32:35Z  WARNING  thresholds fetch failed: timed out
2026-09-24T18:32:35Z  WARNING  stats fetch failed: timed out
2026-09-24T18:32:40Z  WARNING  thresholds fetch failed: timed out
2026-09-24T18:32:40Z  WARNING  stats fetch failed: timed out
2026-09-24T18:32:45Z  WARNING  thresholds fetch failed: <urlopen error timed out>
2026-09-24T18:32:45Z  WARNING  stats fetch failed: timed out
2026-09-24T18:32:50Z  WARNING  thresholds fetch failed: timed out
2026-09-24T18:32:50Z  WARNING  stats fetch failed: timed out
2026-09-24T18:32:55Z  WARNING  thresholds fetch failed: timed out
2026-09-24T18:32:55Z  WARNING  stats fetch failed: timed out
2026-09-24T18:33:00Z  WARNING  thresholds fetch failed: timed out
2026-09-24T18:33:00Z  WARNING  stats fetch failed: timed out
2026-09-24T18:33:05Z  WARNING  thresholds fetch failed: timed out
2026-09-24T18:33:05Z  WARNING  stats fetch failed: timed out
2026-09-24T18:33:10Z  WARNING  thresholds fetch failed: timed out
2026-09-24T18:33:10Z  WARNING  stats fetch failed: timed out
2026-09-24T18:33:15Z  WARNING  thresholds fetch failed: timed out
2026-09-24T18:33:15Z  WARNING  stats fetch failed: timed out
2026-09-24T18:33:20Z  WARNING  thresholds fetch failed: <urlopen error timed out>
2026-09-24T18:33:20Z  WARNING  stats fetch failed: timed out
2026-09-24T18:33:25Z  WARNING  thresholds fetch failed: timed out
2026-09-24T18:33:25Z  WARNING  stats fetch failed: timed out
2026-09-24T18:33:30Z  WARNING  thresholds fetch failed: timed out
2026-09-24T18:33:30Z  WARNING  stats fetch failed: timed out
2026-09-24T18:33:35Z  WARNING  thresholds fetch failed: timed out
2026-09-24T18:33:35Z  WARNING  stats fetch failed: timed out
2026-09-24T18:33:40Z  WARNING  thresholds fetch failed: timed out
2026-09-24T18:33:40Z  WARNING  stats fetch failed: timed out
2026-09-24T18:33:45Z  WARNING  thresholds fetch failed: timed out
2026-09-24T18:33:45Z  WARNING  stats fetch failed: timed out
2026-09-24T18:33:50Z  WARNING  thresholds fetch failed: timed out
2026-09-24T18:33:50Z  WARNING  stats fetch failed: timed out
2026-09-24T18:33:55Z  WARNING  thresholds fetch failed: timed out
2026-09-24T18:33:55Z  WARNING  stats fetch failed: timed out
2026-09-24T18:34:00Z  WARNING  thresholds fetch failed: timed out
2026-09-24T18:34:00Z  WARNING  stats fetch failed: timed out
2026-09-24T18:34:05Z  WARNING  thresholds fetch failed: timed out
2026-09-24T18:34:05Z  WARNING  stats fetch failed: timed out
2026-09-24T18:34:10Z  WARNING  thresholds fetch failed: timed out
2026-09-24T18:34:10Z  WARNING  stats fetch failed: timed out
2026-09-24T18:34:15Z  WARNING  thresholds fetch failed: timed out
2026-09-24T18:34:15Z  WARNING  stats fetch failed: timed out
2026-09-24T18:34:20Z  WARNING  thresholds fetch failed: timed out
2026-09-24T18:34:20Z  WARNING  stats fetch failed: timed out
2026-09-24T18:34:25Z  WARNING  thresholds fetch failed: timed out
2026-09-24T18:34:25Z  WARNING  stats fetch failed: timed out
2026-09-24T18:34:30Z  WARNING  thresholds fetch failed: timed out
2026-09-24T18:34:30Z  WARNING  stats fetch failed: timed out
2026-09-24T18:34:35Z  WARNING  thresholds fetch failed: timed out
2026-09-24T18:34:35Z  WARNING  stats fetch failed: timed out
2026-09-24T18:34:40Z  WARNING  thresholds fetch failed: timed out
2026-09-24T18:34:40Z  WARNING  stats fetch failed: timed out
2026-09-24T18:34:45Z  SHUTDOWN  signal=15
2026-09-24T18:34:46Z  EXIT
