2026-09-21T18:53:54Z  START  poll_interval=1s layer_a_poll_interval=5s
2026-09-21T18:55:25Z  WARNING  thresholds fetch failed: timed out
2026-09-21T18:55:25Z  WARNING  stats fetch failed: timed out
2026-09-21T18:55:30Z  WARNING  thresholds fetch failed: timed out
2026-09-21T18:55:30Z  WARNING  stats fetch failed: timed out
2026-09-21T18:55:35Z  WARNING  thresholds fetch failed: timed out
2026-09-21T18:55:35Z  WARNING  stats fetch failed: timed out
2026-09-21T18:55:40Z  WARNING  thresholds fetch failed: timed out
2026-09-21T18:55:40Z  WARNING  stats fetch failed: timed out
2026-09-21T18:55:45Z  WARNING  thresholds fetch failed: timed out
2026-09-21T18:55:45Z  WARNING  stats fetch failed: timed out
2026-09-21T18:55:50Z  WARNING  thresholds fetch failed: timed out
2026-09-21T18:55:50Z  WARNING  stats fetch failed: timed out
2026-09-21T18:55:55Z  WARNING  thresholds fetch failed: timed out
2026-09-21T18:55:55Z  WARNING  stats fetch failed: timed out
2026-09-21T18:56:00Z  WARNING  thresholds fetch failed: timed out
2026-09-21T18:56:00Z  WARNING  stats fetch failed: timed out
2026-09-21T18:56:05Z  WARNING  thresholds fetch failed: timed out
2026-09-21T18:56:05Z  WARNING  stats fetch failed: timed out
2026-09-21T18:56:10Z  WARNING  thresholds fetch failed: timed out
2026-09-21T18:56:10Z  WARNING  stats fetch failed: timed out
2026-09-21T18:56:15Z  WARNING  thresholds fetch failed: timed out
2026-09-21T18:56:15Z  WARNING  stats fetch failed: timed out
2026-09-21T18:56:20Z  WARNING  thresholds fetch failed: timed out
2026-09-21T18:56:20Z  WARNING  stats fetch failed: timed out
2026-09-21T18:56:25Z  WARNING  thresholds fetch failed: timed out
2026-09-21T18:56:25Z  WARNING  stats fetch failed: timed out
2026-09-21T18:56:30Z  WARNING  thresholds fetch failed: timed out
2026-09-21T18:56:30Z  WARNING  stats fetch failed: timed out
2026-09-21T18:56:35Z  WARNING  thresholds fetch failed: timed out
2026-09-21T18:56:35Z  WARNING  stats fetch failed: timed out
2026-09-21T18:56:40Z  WARNING  thresholds fetch failed: timed out
2026-09-21T18:56:40Z  WARNING  stats fetch failed: timed out
2026-09-21T18:56:45Z  WARNING  thresholds fetch failed: timed out
2026-09-21T18:56:45Z  WARNING  stats fetch failed: timed out
2026-09-21T18:56:50Z  WARNING  thresholds fetch failed: timed out
2026-09-21T18:56:50Z  WARNING  stats fetch failed: timed out
2026-09-21T18:56:55Z  WARNING  thresholds fetch failed: timed out
2026-09-21T18:56:55Z  WARNING  stats fetch failed: timed out
2026-09-21T18:57:00Z  WARNING  thresholds fetch failed: timed out
2026-09-21T18:57:00Z  WARNING  stats fetch failed: timed out
2026-09-21T18:57:05Z  WARNING  thresholds fetch failed: timed out
2026-09-21T18:57:05Z  WARNING  stats fetch failed: timed out
2026-09-21T18:57:10Z  WARNING  thresholds fetch failed: timed out
2026-09-21T18:57:10Z  WARNING  stats fetch failed: timed out
2026-09-21T18:57:15Z  WARNING  thresholds fetch failed: timed out
2026-09-21T18:57:15Z  WARNING  stats fetch failed: timed out
2026-09-21T18:57:20Z  WARNING  thresholds fetch failed: timed out
2026-09-21T18:57:20Z  WARNING  stats fetch failed: timed out
2026-09-21T18:57:25Z  WARNING  thresholds fetch failed: timed out
2026-09-21T18:57:25Z  WARNING  stats fetch failed: timed out
2026-09-21T18:57:30Z  WARNING  thresholds fetch failed: timed out
2026-09-21T18:57:30Z  WARNING  stats fetch failed: timed out
2026-09-21T18:57:35Z  WARNING  thresholds fetch failed: timed out
2026-09-21T18:57:35Z  WARNING  stats fetch failed: timed out
2026-09-21T18:57:40Z  WARNING  thresholds fetch failed: timed out
2026-09-21T18:57:40Z  WARNING  stats fetch failed: timed out
2026-09-21T18:57:45Z  WARNING  thresholds fetch failed: timed out
2026-09-21T18:57:45Z  WARNING  stats fetch failed: timed out
2026-09-21T18:57:50Z  WARNING  thresholds fetch failed: timed out
2026-09-21T18:57:50Z  WARNING  stats fetch failed: timed out
2026-09-21T18:57:55Z  WARNING  thresholds fetch failed: timed out
2026-09-21T18:57:55Z  WARNING  stats fetch failed: timed out
2026-09-21T18:58:00Z  WARNING  thresholds fetch failed: timed out
2026-09-21T18:58:00Z  WARNING  stats fetch failed: timed out
2026-09-21T18:58:05Z  WARNING  thresholds fetch failed: timed out
2026-09-21T18:58:05Z  WARNING  stats fetch failed: timed out
2026-09-21T18:58:10Z  WARNING  thresholds fetch failed: timed out
2026-09-21T18:58:10Z  WARNING  stats fetch failed: timed out
2026-09-21T18:58:15Z  WARNING  thresholds fetch failed: timed out
2026-09-21T18:58:15Z  WARNING  stats fetch failed: timed out
2026-09-21T18:58:20Z  WARNING  thresholds fetch failed: timed out
2026-09-21T18:58:20Z  WARNING  stats fetch failed: timed out
2026-09-21T18:58:25Z  WARNING  thresholds fetch failed: timed out
2026-09-21T18:58:25Z  WARNING  stats fetch failed: timed out
2026-09-21T18:58:30Z  WARNING  thresholds fetch failed: timed out
2026-09-21T18:58:30Z  WARNING  stats fetch failed: timed out
2026-09-21T18:58:35Z  WARNING  thresholds fetch failed: timed out
2026-09-21T18:58:35Z  WARNING  stats fetch failed: timed out
2026-09-21T18:58:40Z  WARNING  thresholds fetch failed: timed out
2026-09-21T18:58:40Z  WARNING  stats fetch failed: timed out
2026-09-21T18:58:45Z  WARNING  thresholds fetch failed: timed out
2026-09-21T18:58:45Z  WARNING  stats fetch failed: timed out
2026-09-21T18:58:50Z  WARNING  thresholds fetch failed: timed out
2026-09-21T18:58:50Z  WARNING  stats fetch failed: timed out
2026-09-21T18:58:55Z  WARNING  thresholds fetch failed: timed out
2026-09-21T18:58:55Z  WARNING  stats fetch failed: timed out
2026-09-21T18:59:00Z  WARNING  thresholds fetch failed: timed out
2026-09-21T18:59:00Z  WARNING  stats fetch failed: timed out
2026-09-21T18:59:05Z  WARNING  thresholds fetch failed: timed out
2026-09-21T18:59:05Z  WARNING  stats fetch failed: timed out
2026-09-21T18:59:10Z  WARNING  thresholds fetch failed: timed out
2026-09-21T18:59:10Z  WARNING  stats fetch failed: timed out
2026-09-21T18:59:15Z  WARNING  thresholds fetch failed: timed out
2026-09-21T18:59:15Z  WARNING  stats fetch failed: timed out
2026-09-21T18:59:20Z  WARNING  thresholds fetch failed: timed out
2026-09-21T18:59:20Z  WARNING  stats fetch failed: timed out
2026-09-21T18:59:25Z  WARNING  thresholds fetch failed: timed out
2026-09-21T18:59:25Z  WARNING  stats fetch failed: timed out
2026-09-21T18:59:30Z  WARNING  thresholds fetch failed: timed out
2026-09-21T18:59:30Z  WARNING  stats fetch failed: timed out
2026-09-21T18:59:35Z  WARNING  thresholds fetch failed: timed out
2026-09-21T18:59:35Z  WARNING  stats fetch failed: timed out
2026-09-21T18:59:40Z  WARNING  thresholds fetch failed: timed out
2026-09-21T18:59:40Z  WARNING  stats fetch failed: timed out
2026-09-21T18:59:45Z  WARNING  thresholds fetch failed: timed out
2026-09-21T18:59:45Z  WARNING  stats fetch failed: timed out
2026-09-21T18:59:50Z  WARNING  thresholds fetch failed: timed out
2026-09-21T18:59:50Z  WARNING  stats fetch failed: timed out
2026-09-21T18:59:55Z  WARNING  thresholds fetch failed: timed out
2026-09-21T18:59:55Z  WARNING  stats fetch failed: timed out
2026-09-21T19:00:00Z  WARNING  thresholds fetch failed: timed out
2026-09-21T19:00:00Z  WARNING  stats fetch failed: timed out
2026-09-21T19:00:05Z  WARNING  thresholds fetch failed: timed out
2026-09-21T19:00:05Z  WARNING  stats fetch failed: timed out
2026-09-21T19:00:10Z  WARNING  thresholds fetch failed: timed out
2026-09-21T19:00:10Z  WARNING  stats fetch failed: timed out
2026-09-21T19:00:15Z  WARNING  thresholds fetch failed: timed out
2026-09-21T19:00:15Z  WARNING  stats fetch failed: timed out
2026-09-21T19:00:20Z  WARNING  thresholds fetch failed: timed out
2026-09-21T19:00:20Z  WARNING  stats fetch failed: timed out
2026-09-21T19:00:25Z  WARNING  thresholds fetch failed: timed out
2026-09-21T19:00:25Z  WARNING  stats fetch failed: timed out
2026-09-21T19:00:30Z  WARNING  thresholds fetch failed: timed out
2026-09-21T19:00:30Z  WARNING  stats fetch failed: timed out
2026-09-21T19:00:35Z  WARNING  thresholds fetch failed: timed out
2026-09-21T19:00:35Z  WARNING  stats fetch failed: timed out
2026-09-21T19:00:40Z  WARNING  thresholds fetch failed: timed out
2026-09-21T19:00:40Z  WARNING  stats fetch failed: timed out
2026-09-21T19:00:45Z  WARNING  thresholds fetch failed: timed out
2026-09-21T19:00:45Z  WARNING  stats fetch failed: timed out
2026-09-21T19:00:50Z  WARNING  thresholds fetch failed: timed out
2026-09-21T19:00:50Z  WARNING  stats fetch failed: timed out
2026-09-21T19:00:55Z  WARNING  thresholds fetch failed: timed out
2026-09-21T19:00:55Z  WARNING  stats fetch failed: timed out
2026-09-21T19:01:00Z  WARNING  thresholds fetch failed: timed out
2026-09-21T19:01:00Z  WARNING  stats fetch failed: timed out
2026-09-21T19:01:05Z  WARNING  thresholds fetch failed: timed out
2026-09-21T19:01:05Z  WARNING  stats fetch failed: timed out
2026-09-21T19:01:10Z  WARNING  thresholds fetch failed: timed out
2026-09-21T19:01:10Z  WARNING  stats fetch failed: timed out
2026-09-21T19:01:15Z  WARNING  thresholds fetch failed: timed out
2026-09-21T19:01:15Z  WARNING  stats fetch failed: timed out
2026-09-21T19:01:20Z  WARNING  thresholds fetch failed: timed out
2026-09-21T19:01:20Z  WARNING  stats fetch failed: timed out
2026-09-21T19:01:25Z  WARNING  thresholds fetch failed: timed out
2026-09-21T19:01:25Z  WARNING  stats fetch failed: timed out
2026-09-21T19:01:30Z  WARNING  thresholds fetch failed: timed out
2026-09-21T19:01:30Z  WARNING  stats fetch failed: timed out
2026-09-21T19:01:35Z  WARNING  thresholds fetch failed: timed out
2026-09-21T19:01:35Z  WARNING  stats fetch failed: timed out
2026-09-21T19:01:40Z  WARNING  thresholds fetch failed: timed out
2026-09-21T19:01:40Z  WARNING  stats fetch failed: timed out
2026-09-21T19:01:45Z  WARNING  thresholds fetch failed: timed out
2026-09-21T19:01:45Z  WARNING  stats fetch failed: timed out
2026-09-21T19:01:50Z  WARNING  thresholds fetch failed: timed out
2026-09-21T19:01:50Z  WARNING  stats fetch failed: timed out
2026-09-21T19:01:55Z  WARNING  thresholds fetch failed: timed out
2026-09-21T19:01:55Z  WARNING  stats fetch failed: timed out
2026-09-21T19:02:00Z  WARNING  thresholds fetch failed: timed out
2026-09-21T19:02:00Z  WARNING  stats fetch failed: timed out
2026-09-21T19:02:05Z  WARNING  thresholds fetch failed: timed out
2026-09-21T19:02:05Z  WARNING  stats fetch failed: timed out
2026-09-21T19:02:10Z  WARNING  thresholds fetch failed: timed out
2026-09-21T19:02:10Z  WARNING  stats fetch failed: timed out
2026-09-21T19:02:15Z  WARNING  thresholds fetch failed: timed out
2026-09-21T19:02:15Z  WARNING  stats fetch failed: timed out
2026-09-21T19:02:20Z  WARNING  thresholds fetch failed: timed out
2026-09-21T19:02:20Z  WARNING  stats fetch failed: timed out
2026-09-21T19:02:25Z  WARNING  thresholds fetch failed: timed out
2026-09-21T19:02:25Z  WARNING  stats fetch failed: timed out
2026-09-21T19:02:30Z  WARNING  thresholds fetch failed: timed out
2026-09-21T19:02:30Z  WARNING  stats fetch failed: timed out
2026-09-21T19:02:35Z  WARNING  thresholds fetch failed: timed out
2026-09-21T19:02:35Z  WARNING  stats fetch failed: timed out
2026-09-21T19:02:40Z  WARNING  thresholds fetch failed: timed out
2026-09-21T19:02:40Z  WARNING  stats fetch failed: timed out
2026-09-21T19:02:45Z  WARNING  thresholds fetch failed: timed out
2026-09-21T19:02:45Z  WARNING  stats fetch failed: timed out
2026-09-21T19:02:50Z  WARNING  thresholds fetch failed: timed out
2026-09-21T19:02:50Z  WARNING  stats fetch failed: timed out
2026-09-21T19:02:55Z  WARNING  thresholds fetch failed: timed out
2026-09-21T19:02:55Z  WARNING  stats fetch failed: timed out
2026-09-21T19:03:00Z  WARNING  thresholds fetch failed: timed out
2026-09-21T19:03:00Z  WARNING  stats fetch failed: timed out
2026-09-21T19:03:05Z  WARNING  thresholds fetch failed: timed out
2026-09-21T19:03:05Z  WARNING  stats fetch failed: timed out
2026-09-21T19:03:10Z  WARNING  thresholds fetch failed: timed out
2026-09-21T19:03:10Z  WARNING  stats fetch failed: timed out
2026-09-21T19:03:15Z  WARNING  thresholds fetch failed: timed out
2026-09-21T19:03:15Z  WARNING  stats fetch failed: timed out
2026-09-21T19:03:20Z  WARNING  thresholds fetch failed: timed out
2026-09-21T19:03:20Z  WARNING  stats fetch failed: timed out
2026-09-21T19:03:25Z  WARNING  thresholds fetch failed: timed out
2026-09-21T19:03:25Z  WARNING  stats fetch failed: timed out
2026-09-21T19:03:30Z  WARNING  thresholds fetch failed: timed out
2026-09-21T19:03:30Z  WARNING  stats fetch failed: timed out
2026-09-21T19:03:35Z  WARNING  thresholds fetch failed: timed out
2026-09-21T19:03:35Z  WARNING  stats fetch failed: timed out
2026-09-21T19:03:40Z  WARNING  thresholds fetch failed: timed out
2026-09-21T19:03:40Z  WARNING  stats fetch failed: timed out
2026-09-21T19:03:45Z  WARNING  thresholds fetch failed: timed out
2026-09-21T19:03:45Z  WARNING  stats fetch failed: timed out
2026-09-21T19:03:50Z  WARNING  thresholds fetch failed: timed out
2026-09-21T19:03:50Z  WARNING  stats fetch failed: timed out
2026-09-21T19:03:55Z  WARNING  thresholds fetch failed: timed out
2026-09-21T19:03:55Z  WARNING  stats fetch failed: timed out
2026-09-21T19:04:00Z  WARNING  thresholds fetch failed: timed out
2026-09-21T19:04:00Z  WARNING  stats fetch failed: timed out
2026-09-21T19:04:05Z  WARNING  thresholds fetch failed: <urlopen error timed out>
2026-09-21T19:04:05Z  WARNING  stats fetch failed: <urlopen error timed out>
2026-09-21T19:04:10Z  WARNING  thresholds fetch failed: timed out
2026-09-21T19:04:10Z  WARNING  stats fetch failed: timed out
2026-09-21T19:04:15Z  WARNING  thresholds fetch failed: timed out
2026-09-21T19:04:15Z  WARNING  stats fetch failed: timed out
2026-09-21T19:04:20Z  WARNING  thresholds fetch failed: timed out
2026-09-21T19:04:20Z  WARNING  stats fetch failed: timed out
2026-09-21T19:04:24Z  SHUTDOWN  signal=15
2026-09-21T19:04:24Z  EXIT
