2026-10-06T07:57:53Z  START  poll_interval=1s layer_a_poll_interval=5s
2026-10-06T07:59:40Z  WARNING  thresholds fetch failed: timed out
2026-10-06T07:59:40Z  WARNING  stats fetch failed: timed out
2026-10-06T07:59:45Z  WARNING  thresholds fetch failed: timed out
2026-10-06T07:59:45Z  WARNING  stats fetch failed: timed out
2026-10-06T07:59:50Z  WARNING  thresholds fetch failed: timed out
2026-10-06T07:59:50Z  WARNING  stats fetch failed: timed out
2026-10-06T07:59:55Z  WARNING  thresholds fetch failed: timed out
2026-10-06T07:59:55Z  WARNING  stats fetch failed: timed out
2026-10-06T08:00:00Z  WARNING  thresholds fetch failed: timed out
2026-10-06T08:00:00Z  WARNING  stats fetch failed: timed out
2026-10-06T08:00:05Z  WARNING  thresholds fetch failed: timed out
2026-10-06T08:00:05Z  WARNING  stats fetch failed: timed out
2026-10-06T08:00:10Z  WARNING  thresholds fetch failed: timed out
2026-10-06T08:00:10Z  WARNING  stats fetch failed: timed out
2026-10-06T08:00:15Z  WARNING  thresholds fetch failed: timed out
2026-10-06T08:00:15Z  WARNING  stats fetch failed: timed out
2026-10-06T08:00:20Z  WARNING  thresholds fetch failed: timed out
2026-10-06T08:00:20Z  WARNING  stats fetch failed: timed out
2026-10-06T08:00:25Z  WARNING  thresholds fetch failed: timed out
2026-10-06T08:00:25Z  WARNING  stats fetch failed: timed out
2026-10-06T08:00:30Z  WARNING  thresholds fetch failed: timed out
2026-10-06T08:00:30Z  WARNING  stats fetch failed: timed out
2026-10-06T08:00:35Z  WARNING  thresholds fetch failed: timed out
2026-10-06T08:00:35Z  WARNING  stats fetch failed: timed out
2026-10-06T08:00:40Z  WARNING  thresholds fetch failed: timed out
2026-10-06T08:00:40Z  WARNING  stats fetch failed: timed out
2026-10-06T08:00:45Z  WARNING  thresholds fetch failed: timed out
2026-10-06T08:00:45Z  WARNING  stats fetch failed: timed out
2026-10-06T08:00:50Z  WARNING  thresholds fetch failed: timed out
2026-10-06T08:00:50Z  WARNING  stats fetch failed: timed out
2026-10-06T08:00:55Z  WARNING  thresholds fetch failed: timed out
2026-10-06T08:00:55Z  WARNING  stats fetch failed: timed out
2026-10-06T08:01:00Z  WARNING  thresholds fetch failed: timed out
2026-10-06T08:01:00Z  WARNING  stats fetch failed: timed out
2026-10-06T08:01:05Z  WARNING  thresholds fetch failed: timed out
2026-10-06T08:01:05Z  WARNING  stats fetch failed: timed out
2026-10-06T08:01:10Z  WARNING  thresholds fetch failed: timed out
2026-10-06T08:01:10Z  WARNING  stats fetch failed: timed out
2026-10-06T08:01:15Z  WARNING  thresholds fetch failed: timed out
2026-10-06T08:01:15Z  WARNING  stats fetch failed: timed out
2026-10-06T08:01:20Z  WARNING  thresholds fetch failed: timed out
2026-10-06T08:01:20Z  WARNING  stats fetch failed: timed out
2026-10-06T08:01:25Z  WARNING  thresholds fetch failed: timed out
2026-10-06T08:01:25Z  WARNING  stats fetch failed: timed out
2026-10-06T08:01:30Z  WARNING  thresholds fetch failed: timed out
2026-10-06T08:01:30Z  WARNING  stats fetch failed: timed out
2026-10-06T08:01:35Z  WARNING  thresholds fetch failed: timed out
2026-10-06T08:01:35Z  WARNING  stats fetch failed: timed out
2026-10-06T08:01:40Z  WARNING  thresholds fetch failed: timed out
2026-10-06T08:01:40Z  WARNING  stats fetch failed: timed out
2026-10-06T08:01:45Z  WARNING  thresholds fetch failed: timed out
2026-10-06T08:01:45Z  WARNING  stats fetch failed: timed out
2026-10-06T08:01:50Z  WARNING  thresholds fetch failed: timed out
2026-10-06T08:01:50Z  WARNING  stats fetch failed: timed out
2026-10-06T08:01:55Z  WARNING  thresholds fetch failed: timed out
2026-10-06T08:01:55Z  WARNING  stats fetch failed: timed out
2026-10-06T08:02:00Z  WARNING  thresholds fetch failed: timed out
2026-10-06T08:02:00Z  WARNING  stats fetch failed: timed out
2026-10-06T08:02:05Z  WARNING  thresholds fetch failed: timed out
2026-10-06T08:02:05Z  WARNING  stats fetch failed: timed out
2026-10-06T08:02:10Z  WARNING  thresholds fetch failed: timed out
2026-10-06T08:02:10Z  WARNING  stats fetch failed: timed out
2026-10-06T08:02:15Z  WARNING  thresholds fetch failed: timed out
2026-10-06T08:02:15Z  WARNING  stats fetch failed: timed out
2026-10-06T08:02:20Z  WARNING  thresholds fetch failed: timed out
2026-10-06T08:02:20Z  WARNING  stats fetch failed: timed out
2026-10-06T08:02:25Z  WARNING  thresholds fetch failed: timed out
2026-10-06T08:02:25Z  WARNING  stats fetch failed: timed out
2026-10-06T08:02:30Z  WARNING  thresholds fetch failed: timed out
2026-10-06T08:02:30Z  WARNING  stats fetch failed: timed out
2026-10-06T08:02:35Z  WARNING  thresholds fetch failed: timed out
2026-10-06T08:02:35Z  WARNING  stats fetch failed: timed out
2026-10-06T08:02:40Z  WARNING  thresholds fetch failed: timed out
2026-10-06T08:02:40Z  WARNING  stats fetch failed: timed out
2026-10-06T08:02:45Z  WARNING  thresholds fetch failed: timed out
2026-10-06T08:02:45Z  WARNING  stats fetch failed: timed out
2026-10-06T08:02:50Z  WARNING  thresholds fetch failed: timed out
2026-10-06T08:02:50Z  WARNING  stats fetch failed: timed out
2026-10-06T08:02:55Z  WARNING  thresholds fetch failed: timed out
2026-10-06T08:02:55Z  WARNING  stats fetch failed: timed out
2026-10-06T08:03:00Z  WARNING  thresholds fetch failed: timed out
2026-10-06T08:03:00Z  WARNING  stats fetch failed: timed out
2026-10-06T08:03:05Z  WARNING  thresholds fetch failed: timed out
2026-10-06T08:03:05Z  WARNING  stats fetch failed: timed out
2026-10-06T08:03:10Z  WARNING  thresholds fetch failed: timed out
2026-10-06T08:03:10Z  WARNING  stats fetch failed: timed out
2026-10-06T08:03:15Z  WARNING  thresholds fetch failed: timed out
2026-10-06T08:03:15Z  WARNING  stats fetch failed: timed out
2026-10-06T08:03:20Z  WARNING  thresholds fetch failed: timed out
2026-10-06T08:03:20Z  WARNING  stats fetch failed: timed out
2026-10-06T08:03:25Z  WARNING  thresholds fetch failed: timed out
2026-10-06T08:03:25Z  WARNING  stats fetch failed: timed out
2026-10-06T08:03:30Z  WARNING  thresholds fetch failed: timed out
2026-10-06T08:03:30Z  WARNING  stats fetch failed: timed out
2026-10-06T08:03:35Z  WARNING  thresholds fetch failed: timed out
2026-10-06T08:03:35Z  WARNING  stats fetch failed: timed out
2026-10-06T08:03:40Z  WARNING  thresholds fetch failed: timed out
2026-10-06T08:03:40Z  WARNING  stats fetch failed: timed out
2026-10-06T08:03:45Z  WARNING  thresholds fetch failed: timed out
2026-10-06T08:03:45Z  WARNING  stats fetch failed: timed out
2026-10-06T08:03:50Z  WARNING  thresholds fetch failed: timed out
2026-10-06T08:03:50Z  WARNING  stats fetch failed: timed out
2026-10-06T08:03:55Z  WARNING  thresholds fetch failed: timed out
2026-10-06T08:03:55Z  WARNING  stats fetch failed: timed out
2026-10-06T08:04:00Z  WARNING  thresholds fetch failed: timed out
2026-10-06T08:04:00Z  WARNING  stats fetch failed: timed out
2026-10-06T08:04:05Z  WARNING  thresholds fetch failed: timed out
2026-10-06T08:04:05Z  WARNING  stats fetch failed: timed out
2026-10-06T08:04:10Z  WARNING  thresholds fetch failed: timed out
2026-10-06T08:04:10Z  WARNING  stats fetch failed: timed out
2026-10-06T08:04:15Z  WARNING  thresholds fetch failed: timed out
2026-10-06T08:04:15Z  WARNING  stats fetch failed: timed out
2026-10-06T08:04:20Z  WARNING  thresholds fetch failed: timed out
2026-10-06T08:04:20Z  WARNING  stats fetch failed: timed out
2026-10-06T08:04:25Z  WARNING  thresholds fetch failed: timed out
2026-10-06T08:04:25Z  WARNING  stats fetch failed: timed out
2026-10-06T08:04:30Z  WARNING  thresholds fetch failed: timed out
2026-10-06T08:04:30Z  WARNING  stats fetch failed: timed out
2026-10-06T08:04:35Z  WARNING  thresholds fetch failed: timed out
2026-10-06T08:04:35Z  WARNING  stats fetch failed: timed out
2026-10-06T08:04:40Z  WARNING  thresholds fetch failed: timed out
2026-10-06T08:04:40Z  WARNING  stats fetch failed: timed out
2026-10-06T08:04:45Z  WARNING  thresholds fetch failed: timed out
2026-10-06T08:04:45Z  WARNING  stats fetch failed: timed out
2026-10-06T08:04:50Z  WARNING  thresholds fetch failed: timed out
2026-10-06T08:04:50Z  WARNING  stats fetch failed: timed out
2026-10-06T08:04:55Z  WARNING  thresholds fetch failed: timed out
2026-10-06T08:04:55Z  WARNING  stats fetch failed: timed out
2026-10-06T08:05:00Z  WARNING  thresholds fetch failed: timed out
2026-10-06T08:05:00Z  WARNING  stats fetch failed: timed out
2026-10-06T08:05:05Z  WARNING  thresholds fetch failed: timed out
2026-10-06T08:05:05Z  WARNING  stats fetch failed: timed out
2026-10-06T08:05:10Z  WARNING  thresholds fetch failed: timed out
2026-10-06T08:05:10Z  WARNING  stats fetch failed: timed out
2026-10-06T08:05:15Z  WARNING  thresholds fetch failed: timed out
2026-10-06T08:05:15Z  WARNING  stats fetch failed: timed out
2026-10-06T08:05:20Z  WARNING  thresholds fetch failed: timed out
2026-10-06T08:05:20Z  WARNING  stats fetch failed: timed out
2026-10-06T08:05:25Z  WARNING  thresholds fetch failed: timed out
2026-10-06T08:05:25Z  WARNING  stats fetch failed: timed out
2026-10-06T08:05:30Z  WARNING  thresholds fetch failed: timed out
2026-10-06T08:05:30Z  WARNING  stats fetch failed: timed out
2026-10-06T08:05:35Z  WARNING  thresholds fetch failed: timed out
2026-10-06T08:05:35Z  WARNING  stats fetch failed: timed out
2026-10-06T08:05:40Z  WARNING  thresholds fetch failed: timed out
2026-10-06T08:05:40Z  WARNING  stats fetch failed: timed out
2026-10-06T08:05:45Z  WARNING  thresholds fetch failed: timed out
2026-10-06T08:05:45Z  WARNING  stats fetch failed: timed out
2026-10-06T08:05:50Z  WARNING  thresholds fetch failed: timed out
2026-10-06T08:05:50Z  WARNING  stats fetch failed: timed out
2026-10-06T08:05:55Z  WARNING  thresholds fetch failed: timed out
2026-10-06T08:05:55Z  WARNING  stats fetch failed: timed out
2026-10-06T08:06:00Z  WARNING  thresholds fetch failed: timed out
2026-10-06T08:06:00Z  WARNING  stats fetch failed: timed out
2026-10-06T08:06:05Z  WARNING  thresholds fetch failed: timed out
2026-10-06T08:06:05Z  WARNING  stats fetch failed: timed out
2026-10-06T08:06:10Z  WARNING  thresholds fetch failed: timed out
2026-10-06T08:06:10Z  WARNING  stats fetch failed: timed out
2026-10-06T08:06:15Z  WARNING  thresholds fetch failed: timed out
2026-10-06T08:06:15Z  WARNING  stats fetch failed: timed out
2026-10-06T08:06:20Z  WARNING  thresholds fetch failed: timed out
2026-10-06T08:06:20Z  WARNING  stats fetch failed: timed out
2026-10-06T08:06:25Z  WARNING  thresholds fetch failed: timed out
2026-10-06T08:06:25Z  WARNING  stats fetch failed: timed out
2026-10-06T08:06:30Z  WARNING  thresholds fetch failed: timed out
2026-10-06T08:06:30Z  WARNING  stats fetch failed: timed out
2026-10-06T08:06:35Z  WARNING  thresholds fetch failed: timed out
2026-10-06T08:06:35Z  WARNING  stats fetch failed: timed out
2026-10-06T08:06:40Z  WARNING  thresholds fetch failed: timed out
2026-10-06T08:06:40Z  WARNING  stats fetch failed: timed out
2026-10-06T08:06:45Z  WARNING  thresholds fetch failed: timed out
2026-10-06T08:06:45Z  WARNING  stats fetch failed: timed out
2026-10-06T08:06:50Z  WARNING  thresholds fetch failed: timed out
2026-10-06T08:06:50Z  WARNING  stats fetch failed: timed out
2026-10-06T08:06:55Z  WARNING  thresholds fetch failed: timed out
2026-10-06T08:06:55Z  WARNING  stats fetch failed: timed out
2026-10-06T08:07:00Z  WARNING  thresholds fetch failed: timed out
2026-10-06T08:07:00Z  WARNING  stats fetch failed: timed out
2026-10-06T08:07:05Z  WARNING  thresholds fetch failed: timed out
2026-10-06T08:07:05Z  WARNING  stats fetch failed: timed out
2026-10-06T08:07:10Z  WARNING  thresholds fetch failed: timed out
2026-10-06T08:07:10Z  WARNING  stats fetch failed: timed out
2026-10-06T08:07:15Z  WARNING  thresholds fetch failed: timed out
2026-10-06T08:07:15Z  WARNING  stats fetch failed: timed out
2026-10-06T08:07:20Z  WARNING  thresholds fetch failed: timed out
2026-10-06T08:07:20Z  WARNING  stats fetch failed: timed out
2026-10-06T08:07:25Z  WARNING  thresholds fetch failed: timed out
2026-10-06T08:07:25Z  WARNING  stats fetch failed: timed out
2026-10-06T08:07:30Z  WARNING  thresholds fetch failed: timed out
2026-10-06T08:07:30Z  WARNING  stats fetch failed: timed out
2026-10-06T08:07:35Z  WARNING  thresholds fetch failed: timed out
2026-10-06T08:07:35Z  WARNING  stats fetch failed: timed out
2026-10-06T08:07:40Z  WARNING  thresholds fetch failed: timed out
2026-10-06T08:07:40Z  WARNING  stats fetch failed: timed out
2026-10-06T08:07:45Z  WARNING  thresholds fetch failed: timed out
2026-10-06T08:07:45Z  WARNING  stats fetch failed: timed out
2026-10-06T08:07:50Z  WARNING  thresholds fetch failed: timed out
2026-10-06T08:07:50Z  WARNING  stats fetch failed: timed out
2026-10-06T08:07:55Z  WARNING  thresholds fetch failed: timed out
2026-10-06T08:07:55Z  WARNING  stats fetch failed: timed out
2026-10-06T08:08:00Z  WARNING  thresholds fetch failed: timed out
2026-10-06T08:08:00Z  WARNING  stats fetch failed: timed out
2026-10-06T08:08:05Z  WARNING  thresholds fetch failed: timed out
2026-10-06T08:08:05Z  WARNING  stats fetch failed: timed out
2026-10-06T08:08:10Z  WARNING  thresholds fetch failed: timed out
2026-10-06T08:08:10Z  WARNING  stats fetch failed: timed out
2026-10-06T08:08:15Z  WARNING  thresholds fetch failed: timed out
2026-10-06T08:08:15Z  WARNING  stats fetch failed: timed out
2026-10-06T08:08:20Z  WARNING  thresholds fetch failed: timed out
2026-10-06T08:08:20Z  WARNING  stats fetch failed: timed out
2026-10-06T08:08:25Z  WARNING  thresholds fetch failed: timed out
2026-10-06T08:08:25Z  WARNING  stats fetch failed: timed out
2026-10-06T08:08:30Z  WARNING  thresholds fetch failed: timed out
2026-10-06T08:08:30Z  WARNING  stats fetch failed: timed out
2026-10-06T08:08:35Z  WARNING  thresholds fetch failed: timed out
2026-10-06T08:08:35Z  WARNING  stats fetch failed: timed out
2026-10-06T08:08:40Z  WARNING  thresholds fetch failed: timed out
2026-10-06T08:08:40Z  WARNING  stats fetch failed: timed out
2026-10-06T08:08:45Z  WARNING  thresholds fetch failed: timed out
2026-10-06T08:08:45Z  WARNING  stats fetch failed: timed out
2026-10-06T08:08:50Z  WARNING  thresholds fetch failed: timed out
2026-10-06T08:08:50Z  WARNING  stats fetch failed: timed out
2026-10-06T08:08:56Z  SHUTDOWN  signal=15
2026-10-06T08:08:57Z  EXIT
