2026-09-29T21:47:03Z  START  poll_interval=1s layer_a_poll_interval=5s
2026-09-29T21:48:05Z  WARNING  thresholds fetch failed: timed out
2026-09-29T21:48:05Z  WARNING  stats fetch failed: timed out
2026-09-29T21:48:10Z  WARNING  thresholds fetch failed: timed out
2026-09-29T21:48:10Z  WARNING  stats fetch failed: timed out
2026-09-29T21:48:15Z  WARNING  thresholds fetch failed: timed out
2026-09-29T21:48:15Z  WARNING  stats fetch failed: timed out
2026-09-29T21:48:20Z  WARNING  thresholds fetch failed: timed out
2026-09-29T21:48:20Z  WARNING  stats fetch failed: timed out
2026-09-29T21:48:25Z  WARNING  thresholds fetch failed: timed out
2026-09-29T21:48:25Z  WARNING  stats fetch failed: timed out
2026-09-29T21:48:30Z  WARNING  thresholds fetch failed: timed out
2026-09-29T21:48:30Z  WARNING  stats fetch failed: timed out
2026-09-29T21:48:35Z  WARNING  thresholds fetch failed: timed out
2026-09-29T21:48:35Z  WARNING  stats fetch failed: timed out
2026-09-29T21:48:40Z  WARNING  thresholds fetch failed: timed out
2026-09-29T21:48:40Z  WARNING  stats fetch failed: timed out
2026-09-29T21:48:45Z  WARNING  thresholds fetch failed: timed out
2026-09-29T21:48:45Z  WARNING  stats fetch failed: timed out
2026-09-29T21:48:50Z  WARNING  thresholds fetch failed: timed out
2026-09-29T21:48:50Z  WARNING  stats fetch failed: timed out
2026-09-29T21:48:55Z  WARNING  thresholds fetch failed: timed out
2026-09-29T21:48:55Z  WARNING  stats fetch failed: timed out
2026-09-29T21:49:00Z  WARNING  thresholds fetch failed: timed out
2026-09-29T21:49:00Z  WARNING  stats fetch failed: timed out
2026-09-29T21:49:05Z  WARNING  thresholds fetch failed: timed out
2026-09-29T21:49:05Z  WARNING  stats fetch failed: timed out
2026-09-29T21:49:10Z  WARNING  thresholds fetch failed: timed out
2026-09-29T21:49:10Z  WARNING  stats fetch failed: timed out
2026-09-29T21:49:15Z  WARNING  thresholds fetch failed: timed out
2026-09-29T21:49:15Z  WARNING  stats fetch failed: timed out
2026-09-29T21:49:20Z  WARNING  thresholds fetch failed: timed out
2026-09-29T21:49:20Z  WARNING  stats fetch failed: timed out
2026-09-29T21:49:25Z  WARNING  thresholds fetch failed: timed out
2026-09-29T21:49:25Z  WARNING  stats fetch failed: timed out
2026-09-29T21:49:30Z  WARNING  thresholds fetch failed: timed out
2026-09-29T21:49:30Z  WARNING  stats fetch failed: timed out
2026-09-29T21:49:35Z  WARNING  thresholds fetch failed: timed out
2026-09-29T21:49:35Z  WARNING  stats fetch failed: timed out
2026-09-29T21:49:40Z  WARNING  thresholds fetch failed: timed out
2026-09-29T21:49:40Z  WARNING  stats fetch failed: timed out
2026-09-29T21:49:45Z  WARNING  thresholds fetch failed: timed out
2026-09-29T21:49:45Z  WARNING  stats fetch failed: timed out
2026-09-29T21:49:50Z  WARNING  thresholds fetch failed: timed out
2026-09-29T21:49:50Z  WARNING  stats fetch failed: timed out
2026-09-29T21:49:55Z  WARNING  thresholds fetch failed: timed out
2026-09-29T21:49:55Z  WARNING  stats fetch failed: timed out
2026-09-29T21:50:00Z  WARNING  thresholds fetch failed: timed out
2026-09-29T21:50:00Z  WARNING  stats fetch failed: timed out
2026-09-29T21:50:05Z  WARNING  thresholds fetch failed: timed out
2026-09-29T21:50:05Z  WARNING  stats fetch failed: timed out
2026-09-29T21:50:10Z  WARNING  thresholds fetch failed: timed out
2026-09-29T21:50:10Z  WARNING  stats fetch failed: timed out
2026-09-29T21:50:15Z  WARNING  thresholds fetch failed: timed out
2026-09-29T21:50:15Z  WARNING  stats fetch failed: timed out
2026-09-29T21:50:20Z  WARNING  thresholds fetch failed: timed out
2026-09-29T21:50:20Z  WARNING  stats fetch failed: timed out
2026-09-29T21:50:25Z  WARNING  thresholds fetch failed: timed out
2026-09-29T21:50:25Z  WARNING  stats fetch failed: timed out
2026-09-29T21:50:30Z  WARNING  thresholds fetch failed: timed out
2026-09-29T21:50:30Z  WARNING  stats fetch failed: timed out
2026-09-29T21:50:35Z  WARNING  thresholds fetch failed: timed out
2026-09-29T21:50:35Z  WARNING  stats fetch failed: timed out
2026-09-29T21:50:40Z  WARNING  thresholds fetch failed: timed out
2026-09-29T21:50:40Z  WARNING  stats fetch failed: timed out
2026-09-29T21:50:45Z  WARNING  thresholds fetch failed: timed out
2026-09-29T21:50:45Z  WARNING  stats fetch failed: timed out
2026-09-29T21:50:50Z  WARNING  thresholds fetch failed: timed out
2026-09-29T21:50:50Z  WARNING  stats fetch failed: timed out
2026-09-29T21:50:55Z  WARNING  thresholds fetch failed: timed out
2026-09-29T21:50:55Z  WARNING  stats fetch failed: timed out
2026-09-29T21:51:00Z  WARNING  thresholds fetch failed: timed out
2026-09-29T21:51:00Z  WARNING  stats fetch failed: timed out
2026-09-29T21:51:05Z  WARNING  thresholds fetch failed: timed out
2026-09-29T21:51:05Z  WARNING  stats fetch failed: timed out
2026-09-29T21:51:10Z  WARNING  thresholds fetch failed: timed out
2026-09-29T21:51:10Z  WARNING  stats fetch failed: timed out
2026-09-29T21:51:15Z  WARNING  thresholds fetch failed: timed out
2026-09-29T21:51:15Z  WARNING  stats fetch failed: timed out
2026-09-29T21:51:20Z  WARNING  thresholds fetch failed: timed out
2026-09-29T21:51:20Z  WARNING  stats fetch failed: timed out
2026-09-29T21:51:25Z  WARNING  thresholds fetch failed: timed out
2026-09-29T21:51:25Z  WARNING  stats fetch failed: timed out
2026-09-29T21:51:30Z  WARNING  thresholds fetch failed: timed out
2026-09-29T21:51:30Z  WARNING  stats fetch failed: timed out
2026-09-29T21:51:35Z  WARNING  thresholds fetch failed: timed out
2026-09-29T21:51:35Z  WARNING  stats fetch failed: timed out
2026-09-29T21:51:40Z  WARNING  thresholds fetch failed: timed out
2026-09-29T21:51:40Z  WARNING  stats fetch failed: timed out
2026-09-29T21:51:45Z  WARNING  thresholds fetch failed: timed out
2026-09-29T21:51:45Z  WARNING  stats fetch failed: timed out
2026-09-29T21:51:50Z  WARNING  thresholds fetch failed: timed out
2026-09-29T21:51:50Z  WARNING  stats fetch failed: timed out
2026-09-29T21:51:55Z  WARNING  thresholds fetch failed: timed out
2026-09-29T21:51:55Z  WARNING  stats fetch failed: timed out
2026-09-29T21:52:00Z  WARNING  thresholds fetch failed: <urlopen error timed out>
2026-09-29T21:52:00Z  WARNING  stats fetch failed: <urlopen error timed out>
2026-09-29T21:52:05Z  WARNING  thresholds fetch failed: timed out
2026-09-29T21:52:05Z  WARNING  stats fetch failed: timed out
2026-09-29T21:52:10Z  WARNING  thresholds fetch failed: timed out
2026-09-29T21:52:10Z  WARNING  stats fetch failed: timed out
2026-09-29T21:52:15Z  WARNING  thresholds fetch failed: timed out
2026-09-29T21:52:15Z  WARNING  stats fetch failed: timed out
2026-09-29T21:52:20Z  WARNING  thresholds fetch failed: timed out
2026-09-29T21:52:20Z  WARNING  stats fetch failed: timed out
2026-09-29T21:52:25Z  WARNING  thresholds fetch failed: timed out
2026-09-29T21:52:25Z  WARNING  stats fetch failed: timed out
2026-09-29T21:52:30Z  WARNING  thresholds fetch failed: timed out
2026-09-29T21:52:30Z  WARNING  stats fetch failed: timed out
2026-09-29T21:52:35Z  WARNING  thresholds fetch failed: timed out
2026-09-29T21:52:35Z  WARNING  stats fetch failed: timed out
2026-09-29T21:52:40Z  WARNING  thresholds fetch failed: timed out
2026-09-29T21:52:40Z  WARNING  stats fetch failed: timed out
2026-09-29T21:52:45Z  WARNING  thresholds fetch failed: timed out
2026-09-29T21:52:45Z  WARNING  stats fetch failed: timed out
2026-09-29T21:52:50Z  WARNING  thresholds fetch failed: timed out
2026-09-29T21:52:50Z  WARNING  stats fetch failed: timed out
2026-09-29T21:52:55Z  WARNING  thresholds fetch failed: timed out
2026-09-29T21:52:55Z  WARNING  stats fetch failed: timed out
2026-09-29T21:53:00Z  WARNING  thresholds fetch failed: timed out
2026-09-29T21:53:00Z  WARNING  stats fetch failed: timed out
2026-09-29T21:53:05Z  WARNING  thresholds fetch failed: timed out
2026-09-29T21:53:05Z  WARNING  stats fetch failed: timed out
2026-09-29T21:53:10Z  WARNING  thresholds fetch failed: timed out
2026-09-29T21:53:10Z  WARNING  stats fetch failed: timed out
2026-09-29T21:53:15Z  WARNING  thresholds fetch failed: timed out
2026-09-29T21:53:15Z  WARNING  stats fetch failed: timed out
2026-09-29T21:53:20Z  WARNING  thresholds fetch failed: timed out
2026-09-29T21:53:20Z  WARNING  stats fetch failed: timed out
2026-09-29T21:53:25Z  WARNING  thresholds fetch failed: timed out
2026-09-29T21:53:25Z  WARNING  stats fetch failed: timed out
2026-09-29T21:53:30Z  WARNING  thresholds fetch failed: timed out
2026-09-29T21:53:30Z  WARNING  stats fetch failed: timed out
2026-09-29T21:53:35Z  WARNING  thresholds fetch failed: timed out
2026-09-29T21:53:35Z  WARNING  stats fetch failed: timed out
2026-09-29T21:53:40Z  WARNING  thresholds fetch failed: timed out
2026-09-29T21:53:40Z  WARNING  stats fetch failed: timed out
2026-09-29T21:53:45Z  WARNING  thresholds fetch failed: timed out
2026-09-29T21:53:45Z  WARNING  stats fetch failed: timed out
2026-09-29T21:53:50Z  WARNING  thresholds fetch failed: timed out
2026-09-29T21:53:50Z  WARNING  stats fetch failed: timed out
2026-09-29T21:53:55Z  WARNING  thresholds fetch failed: timed out
2026-09-29T21:53:55Z  WARNING  stats fetch failed: timed out
2026-09-29T21:54:00Z  WARNING  thresholds fetch failed: timed out
2026-09-29T21:54:00Z  WARNING  stats fetch failed: timed out
2026-09-29T21:54:05Z  WARNING  thresholds fetch failed: timed out
2026-09-29T21:54:05Z  WARNING  stats fetch failed: timed out
2026-09-29T21:54:10Z  WARNING  thresholds fetch failed: timed out
2026-09-29T21:54:10Z  WARNING  stats fetch failed: timed out
2026-09-29T21:54:15Z  WARNING  thresholds fetch failed: timed out
2026-09-29T21:54:15Z  WARNING  stats fetch failed: timed out
2026-09-29T21:54:20Z  WARNING  thresholds fetch failed: timed out
2026-09-29T21:54:20Z  WARNING  stats fetch failed: timed out
2026-09-29T21:54:25Z  WARNING  thresholds fetch failed: timed out
2026-09-29T21:54:25Z  WARNING  stats fetch failed: timed out
2026-09-29T21:54:30Z  WARNING  thresholds fetch failed: timed out
2026-09-29T21:54:30Z  WARNING  stats fetch failed: timed out
2026-09-29T21:54:35Z  WARNING  thresholds fetch failed: timed out
2026-09-29T21:54:35Z  WARNING  stats fetch failed: timed out
2026-09-29T21:54:40Z  WARNING  thresholds fetch failed: timed out
2026-09-29T21:54:40Z  WARNING  stats fetch failed: timed out
2026-09-29T21:54:45Z  WARNING  thresholds fetch failed: timed out
2026-09-29T21:54:45Z  WARNING  stats fetch failed: timed out
2026-09-29T21:54:50Z  WARNING  thresholds fetch failed: timed out
2026-09-29T21:54:50Z  WARNING  stats fetch failed: timed out
2026-09-29T21:54:55Z  WARNING  thresholds fetch failed: timed out
2026-09-29T21:54:55Z  WARNING  stats fetch failed: timed out
2026-09-29T21:55:00Z  WARNING  thresholds fetch failed: timed out
2026-09-29T21:55:00Z  WARNING  stats fetch failed: timed out
2026-09-29T21:55:05Z  WARNING  thresholds fetch failed: timed out
2026-09-29T21:55:05Z  WARNING  stats fetch failed: timed out
2026-09-29T21:55:10Z  WARNING  thresholds fetch failed: timed out
2026-09-29T21:55:10Z  WARNING  stats fetch failed: timed out
2026-09-29T21:55:15Z  WARNING  thresholds fetch failed: timed out
2026-09-29T21:55:15Z  WARNING  stats fetch failed: timed out
2026-09-29T21:55:20Z  WARNING  thresholds fetch failed: timed out
2026-09-29T21:55:20Z  WARNING  stats fetch failed: timed out
2026-09-29T21:55:25Z  WARNING  thresholds fetch failed: timed out
2026-09-29T21:55:25Z  WARNING  stats fetch failed: timed out
2026-09-29T21:55:30Z  WARNING  thresholds fetch failed: timed out
2026-09-29T21:55:30Z  WARNING  stats fetch failed: timed out
2026-09-29T21:55:35Z  WARNING  thresholds fetch failed: timed out
2026-09-29T21:55:35Z  WARNING  stats fetch failed: timed out
2026-09-29T21:55:40Z  WARNING  thresholds fetch failed: timed out
2026-09-29T21:55:40Z  WARNING  stats fetch failed: timed out
2026-09-29T21:55:45Z  WARNING  thresholds fetch failed: timed out
2026-09-29T21:55:45Z  WARNING  stats fetch failed: timed out
2026-09-29T21:55:50Z  WARNING  thresholds fetch failed: timed out
2026-09-29T21:55:50Z  WARNING  stats fetch failed: timed out
2026-09-29T21:55:55Z  WARNING  thresholds fetch failed: timed out
2026-09-29T21:55:55Z  WARNING  stats fetch failed: timed out
2026-09-29T21:56:00Z  WARNING  thresholds fetch failed: timed out
2026-09-29T21:56:00Z  WARNING  stats fetch failed: timed out
2026-09-29T21:56:05Z  WARNING  thresholds fetch failed: timed out
2026-09-29T21:56:05Z  WARNING  stats fetch failed: timed out
2026-09-29T21:56:10Z  WARNING  thresholds fetch failed: timed out
2026-09-29T21:56:10Z  WARNING  stats fetch failed: timed out
2026-09-29T21:56:15Z  WARNING  thresholds fetch failed: timed out
2026-09-29T21:56:15Z  WARNING  stats fetch failed: timed out
2026-09-29T21:56:20Z  WARNING  thresholds fetch failed: timed out
2026-09-29T21:56:20Z  WARNING  stats fetch failed: timed out
2026-09-29T21:56:25Z  WARNING  thresholds fetch failed: timed out
2026-09-29T21:56:25Z  WARNING  stats fetch failed: timed out
2026-09-29T21:56:30Z  WARNING  thresholds fetch failed: timed out
2026-09-29T21:56:30Z  WARNING  stats fetch failed: timed out
2026-09-29T21:56:35Z  WARNING  thresholds fetch failed: timed out
2026-09-29T21:56:35Z  WARNING  stats fetch failed: timed out
2026-09-29T21:56:40Z  WARNING  thresholds fetch failed: timed out
2026-09-29T21:56:40Z  WARNING  stats fetch failed: timed out
2026-09-29T21:56:45Z  WARNING  thresholds fetch failed: timed out
2026-09-29T21:56:45Z  WARNING  stats fetch failed: timed out
2026-09-29T21:56:50Z  WARNING  thresholds fetch failed: timed out
2026-09-29T21:56:50Z  WARNING  stats fetch failed: timed out
2026-09-29T21:56:55Z  WARNING  thresholds fetch failed: timed out
2026-09-29T21:56:55Z  WARNING  stats fetch failed: timed out
2026-09-29T21:57:00Z  WARNING  thresholds fetch failed: timed out
2026-09-29T21:57:00Z  WARNING  stats fetch failed: timed out
2026-09-29T21:57:05Z  WARNING  thresholds fetch failed: timed out
2026-09-29T21:57:05Z  WARNING  stats fetch failed: timed out
2026-09-29T21:57:10Z  WARNING  thresholds fetch failed: timed out
2026-09-29T21:57:10Z  WARNING  stats fetch failed: timed out
2026-09-29T21:57:15Z  WARNING  thresholds fetch failed: timed out
2026-09-29T21:57:15Z  WARNING  stats fetch failed: timed out
2026-09-29T21:57:20Z  WARNING  thresholds fetch failed: timed out
2026-09-29T21:57:20Z  WARNING  stats fetch failed: timed out
2026-09-29T21:57:25Z  WARNING  thresholds fetch failed: timed out
2026-09-29T21:57:25Z  WARNING  stats fetch failed: timed out
2026-09-29T21:57:30Z  WARNING  thresholds fetch failed: timed out
2026-09-29T21:57:30Z  WARNING  stats fetch failed: timed out
2026-09-29T21:57:35Z  WARNING  thresholds fetch failed: timed out
2026-09-29T21:57:35Z  WARNING  stats fetch failed: timed out
2026-09-29T21:57:42Z  SHUTDOWN  signal=15
2026-09-29T21:57:42Z  EXIT
