2026-09-23T20:13:40Z  START  poll_interval=1s layer_a_poll_interval=5s
2026-09-23T20:15:20Z  WARNING  thresholds fetch failed: timed out
2026-09-23T20:15:20Z  WARNING  stats fetch failed: timed out
2026-09-23T20:15:25Z  WARNING  thresholds fetch failed: timed out
2026-09-23T20:15:25Z  WARNING  stats fetch failed: timed out
2026-09-23T20:15:30Z  WARNING  thresholds fetch failed: timed out
2026-09-23T20:15:30Z  WARNING  stats fetch failed: timed out
2026-09-23T20:15:35Z  WARNING  thresholds fetch failed: timed out
2026-09-23T20:15:35Z  WARNING  stats fetch failed: timed out
2026-09-23T20:15:40Z  WARNING  thresholds fetch failed: timed out
2026-09-23T20:15:40Z  WARNING  stats fetch failed: timed out
2026-09-23T20:15:45Z  WARNING  thresholds fetch failed: timed out
2026-09-23T20:15:45Z  WARNING  stats fetch failed: timed out
2026-09-23T20:15:50Z  WARNING  thresholds fetch failed: timed out
2026-09-23T20:15:50Z  WARNING  stats fetch failed: timed out
2026-09-23T20:15:55Z  WARNING  thresholds fetch failed: timed out
2026-09-23T20:15:55Z  WARNING  stats fetch failed: timed out
2026-09-23T20:16:00Z  WARNING  thresholds fetch failed: timed out
2026-09-23T20:16:00Z  WARNING  stats fetch failed: timed out
2026-09-23T20:16:05Z  WARNING  thresholds fetch failed: timed out
2026-09-23T20:16:05Z  WARNING  stats fetch failed: timed out
2026-09-23T20:16:10Z  WARNING  thresholds fetch failed: timed out
2026-09-23T20:16:10Z  WARNING  stats fetch failed: timed out
2026-09-23T20:16:15Z  WARNING  thresholds fetch failed: timed out
2026-09-23T20:16:15Z  WARNING  stats fetch failed: timed out
2026-09-23T20:16:20Z  WARNING  thresholds fetch failed: timed out
2026-09-23T20:16:20Z  WARNING  stats fetch failed: timed out
2026-09-23T20:16:25Z  WARNING  thresholds fetch failed: timed out
2026-09-23T20:16:25Z  WARNING  stats fetch failed: timed out
2026-09-23T20:16:30Z  WARNING  thresholds fetch failed: timed out
2026-09-23T20:16:30Z  WARNING  stats fetch failed: timed out
2026-09-23T20:16:35Z  WARNING  thresholds fetch failed: timed out
2026-09-23T20:16:35Z  WARNING  stats fetch failed: timed out
2026-09-23T20:16:40Z  WARNING  thresholds fetch failed: timed out
2026-09-23T20:16:40Z  WARNING  stats fetch failed: timed out
2026-09-23T20:16:45Z  WARNING  thresholds fetch failed: timed out
2026-09-23T20:16:45Z  WARNING  stats fetch failed: timed out
2026-09-23T20:16:50Z  WARNING  thresholds fetch failed: timed out
2026-09-23T20:16:50Z  WARNING  stats fetch failed: timed out
2026-09-23T20:16:55Z  WARNING  thresholds fetch failed: timed out
2026-09-23T20:16:55Z  WARNING  stats fetch failed: timed out
2026-09-23T20:17:00Z  WARNING  thresholds fetch failed: timed out
2026-09-23T20:17:00Z  WARNING  stats fetch failed: timed out
2026-09-23T20:17:05Z  WARNING  thresholds fetch failed: timed out
2026-09-23T20:17:05Z  WARNING  stats fetch failed: timed out
2026-09-23T20:17:10Z  WARNING  thresholds fetch failed: timed out
2026-09-23T20:17:10Z  WARNING  stats fetch failed: timed out
2026-09-23T20:17:15Z  WARNING  thresholds fetch failed: timed out
2026-09-23T20:17:15Z  WARNING  stats fetch failed: timed out
2026-09-23T20:17:20Z  WARNING  thresholds fetch failed: timed out
2026-09-23T20:17:20Z  WARNING  stats fetch failed: timed out
2026-09-23T20:17:25Z  WARNING  thresholds fetch failed: timed out
2026-09-23T20:17:25Z  WARNING  stats fetch failed: timed out
2026-09-23T20:17:30Z  WARNING  thresholds fetch failed: timed out
2026-09-23T20:17:30Z  WARNING  stats fetch failed: timed out
2026-09-23T20:17:35Z  WARNING  thresholds fetch failed: timed out
2026-09-23T20:17:35Z  WARNING  stats fetch failed: timed out
2026-09-23T20:17:40Z  WARNING  thresholds fetch failed: timed out
2026-09-23T20:17:40Z  WARNING  stats fetch failed: timed out
2026-09-23T20:17:45Z  WARNING  thresholds fetch failed: timed out
2026-09-23T20:17:45Z  WARNING  stats fetch failed: timed out
2026-09-23T20:17:50Z  WARNING  thresholds fetch failed: timed out
2026-09-23T20:17:50Z  WARNING  stats fetch failed: timed out
2026-09-23T20:17:55Z  WARNING  thresholds fetch failed: timed out
2026-09-23T20:17:55Z  WARNING  stats fetch failed: timed out
2026-09-23T20:18:00Z  WARNING  thresholds fetch failed: timed out
2026-09-23T20:18:00Z  WARNING  stats fetch failed: timed out
2026-09-23T20:18:05Z  WARNING  thresholds fetch failed: timed out
2026-09-23T20:18:05Z  WARNING  stats fetch failed: timed out
2026-09-23T20:18:10Z  WARNING  thresholds fetch failed: timed out
2026-09-23T20:18:10Z  WARNING  stats fetch failed: timed out
2026-09-23T20:18:15Z  WARNING  thresholds fetch failed: timed out
2026-09-23T20:18:15Z  WARNING  stats fetch failed: timed out
2026-09-23T20:18:20Z  WARNING  thresholds fetch failed: timed out
2026-09-23T20:18:20Z  WARNING  stats fetch failed: timed out
2026-09-23T20:18:25Z  WARNING  thresholds fetch failed: timed out
2026-09-23T20:18:25Z  WARNING  stats fetch failed: timed out
2026-09-23T20:18:30Z  WARNING  thresholds fetch failed: timed out
2026-09-23T20:18:30Z  WARNING  stats fetch failed: timed out
2026-09-23T20:18:35Z  WARNING  thresholds fetch failed: timed out
2026-09-23T20:18:35Z  WARNING  stats fetch failed: timed out
2026-09-23T20:18:40Z  WARNING  thresholds fetch failed: timed out
2026-09-23T20:18:40Z  WARNING  stats fetch failed: timed out
2026-09-23T20:18:45Z  WARNING  thresholds fetch failed: timed out
2026-09-23T20:18:45Z  WARNING  stats fetch failed: timed out
2026-09-23T20:18:50Z  WARNING  thresholds fetch failed: timed out
2026-09-23T20:18:50Z  WARNING  stats fetch failed: timed out
2026-09-23T20:18:55Z  WARNING  thresholds fetch failed: timed out
2026-09-23T20:18:55Z  WARNING  stats fetch failed: timed out
2026-09-23T20:19:00Z  WARNING  thresholds fetch failed: timed out
2026-09-23T20:19:00Z  WARNING  stats fetch failed: timed out
2026-09-23T20:19:05Z  WARNING  thresholds fetch failed: timed out
2026-09-23T20:19:05Z  WARNING  stats fetch failed: timed out
2026-09-23T20:19:10Z  WARNING  thresholds fetch failed: timed out
2026-09-23T20:19:10Z  WARNING  stats fetch failed: timed out
2026-09-23T20:19:15Z  WARNING  thresholds fetch failed: timed out
2026-09-23T20:19:15Z  WARNING  stats fetch failed: timed out
2026-09-23T20:19:20Z  WARNING  thresholds fetch failed: timed out
2026-09-23T20:19:20Z  WARNING  stats fetch failed: timed out
2026-09-23T20:19:25Z  WARNING  thresholds fetch failed: timed out
2026-09-23T20:19:25Z  WARNING  stats fetch failed: timed out
2026-09-23T20:19:30Z  WARNING  thresholds fetch failed: timed out
2026-09-23T20:19:30Z  WARNING  stats fetch failed: timed out
2026-09-23T20:19:35Z  WARNING  thresholds fetch failed: timed out
2026-09-23T20:19:35Z  WARNING  stats fetch failed: timed out
2026-09-23T20:19:40Z  WARNING  thresholds fetch failed: timed out
2026-09-23T20:19:40Z  WARNING  stats fetch failed: timed out
2026-09-23T20:19:45Z  WARNING  thresholds fetch failed: timed out
2026-09-23T20:19:45Z  WARNING  stats fetch failed: timed out
2026-09-23T20:19:50Z  WARNING  thresholds fetch failed: timed out
2026-09-23T20:19:50Z  WARNING  stats fetch failed: timed out
2026-09-23T20:19:55Z  WARNING  thresholds fetch failed: timed out
2026-09-23T20:19:55Z  WARNING  stats fetch failed: timed out
2026-09-23T20:20:00Z  WARNING  thresholds fetch failed: timed out
2026-09-23T20:20:00Z  WARNING  stats fetch failed: timed out
2026-09-23T20:20:05Z  WARNING  thresholds fetch failed: timed out
2026-09-23T20:20:05Z  WARNING  stats fetch failed: timed out
2026-09-23T20:20:10Z  WARNING  thresholds fetch failed: timed out
2026-09-23T20:20:10Z  WARNING  stats fetch failed: timed out
2026-09-23T20:20:15Z  WARNING  thresholds fetch failed: timed out
2026-09-23T20:20:15Z  WARNING  stats fetch failed: timed out
2026-09-23T20:20:20Z  WARNING  thresholds fetch failed: timed out
2026-09-23T20:20:20Z  WARNING  stats fetch failed: timed out
2026-09-23T20:20:25Z  WARNING  thresholds fetch failed: timed out
2026-09-23T20:20:25Z  WARNING  stats fetch failed: timed out
2026-09-23T20:20:30Z  WARNING  thresholds fetch failed: <urlopen error timed out>
2026-09-23T20:20:30Z  WARNING  stats fetch failed: <urlopen error timed out>
2026-09-23T20:20:35Z  WARNING  thresholds fetch failed: timed out
2026-09-23T20:20:35Z  WARNING  stats fetch failed: timed out
2026-09-23T20:20:40Z  WARNING  thresholds fetch failed: timed out
2026-09-23T20:20:40Z  WARNING  stats fetch failed: timed out
2026-09-23T20:20:45Z  WARNING  thresholds fetch failed: timed out
2026-09-23T20:20:45Z  WARNING  stats fetch failed: timed out
2026-09-23T20:20:50Z  WARNING  thresholds fetch failed: timed out
2026-09-23T20:20:50Z  WARNING  stats fetch failed: timed out
2026-09-23T20:20:55Z  WARNING  thresholds fetch failed: timed out
2026-09-23T20:20:55Z  WARNING  stats fetch failed: timed out
2026-09-23T20:21:00Z  WARNING  thresholds fetch failed: timed out
2026-09-23T20:21:00Z  WARNING  stats fetch failed: timed out
2026-09-23T20:21:05Z  WARNING  thresholds fetch failed: timed out
2026-09-23T20:21:05Z  WARNING  stats fetch failed: timed out
2026-09-23T20:21:10Z  WARNING  thresholds fetch failed: timed out
2026-09-23T20:21:10Z  WARNING  stats fetch failed: timed out
2026-09-23T20:21:15Z  WARNING  thresholds fetch failed: timed out
2026-09-23T20:21:15Z  WARNING  stats fetch failed: timed out
2026-09-23T20:21:20Z  WARNING  thresholds fetch failed: timed out
2026-09-23T20:21:20Z  WARNING  stats fetch failed: timed out
2026-09-23T20:21:25Z  WARNING  thresholds fetch failed: timed out
2026-09-23T20:21:25Z  WARNING  stats fetch failed: timed out
2026-09-23T20:21:30Z  WARNING  thresholds fetch failed: timed out
2026-09-23T20:21:30Z  WARNING  stats fetch failed: timed out
2026-09-23T20:21:35Z  WARNING  thresholds fetch failed: timed out
2026-09-23T20:21:35Z  WARNING  stats fetch failed: timed out
2026-09-23T20:21:40Z  WARNING  thresholds fetch failed: timed out
2026-09-23T20:21:40Z  WARNING  stats fetch failed: timed out
2026-09-23T20:21:45Z  WARNING  thresholds fetch failed: timed out
2026-09-23T20:21:45Z  WARNING  stats fetch failed: timed out
2026-09-23T20:21:50Z  WARNING  thresholds fetch failed: timed out
2026-09-23T20:21:50Z  WARNING  stats fetch failed: timed out
2026-09-23T20:21:55Z  WARNING  thresholds fetch failed: timed out
2026-09-23T20:21:55Z  WARNING  stats fetch failed: timed out
2026-09-23T20:22:00Z  WARNING  thresholds fetch failed: timed out
2026-09-23T20:22:00Z  WARNING  stats fetch failed: timed out
2026-09-23T20:22:05Z  WARNING  thresholds fetch failed: timed out
2026-09-23T20:22:05Z  WARNING  stats fetch failed: timed out
2026-09-23T20:22:10Z  WARNING  thresholds fetch failed: timed out
2026-09-23T20:22:10Z  WARNING  stats fetch failed: timed out
2026-09-23T20:22:15Z  WARNING  thresholds fetch failed: timed out
2026-09-23T20:22:15Z  WARNING  stats fetch failed: timed out
2026-09-23T20:22:20Z  WARNING  thresholds fetch failed: timed out
2026-09-23T20:22:20Z  WARNING  stats fetch failed: timed out
2026-09-23T20:22:25Z  WARNING  thresholds fetch failed: timed out
2026-09-23T20:22:25Z  WARNING  stats fetch failed: timed out
2026-09-23T20:22:30Z  WARNING  thresholds fetch failed: timed out
2026-09-23T20:22:30Z  WARNING  stats fetch failed: timed out
2026-09-23T20:22:35Z  WARNING  thresholds fetch failed: timed out
2026-09-23T20:22:35Z  WARNING  stats fetch failed: timed out
2026-09-23T20:22:40Z  WARNING  thresholds fetch failed: timed out
2026-09-23T20:22:40Z  WARNING  stats fetch failed: timed out
2026-09-23T20:22:45Z  WARNING  thresholds fetch failed: timed out
2026-09-23T20:22:45Z  WARNING  stats fetch failed: timed out
2026-09-23T20:22:50Z  WARNING  thresholds fetch failed: timed out
2026-09-23T20:22:50Z  WARNING  stats fetch failed: timed out
2026-09-23T20:22:55Z  WARNING  thresholds fetch failed: timed out
2026-09-23T20:22:55Z  WARNING  stats fetch failed: timed out
2026-09-23T20:23:00Z  WARNING  thresholds fetch failed: timed out
2026-09-23T20:23:00Z  WARNING  stats fetch failed: timed out
2026-09-23T20:23:05Z  WARNING  thresholds fetch failed: timed out
2026-09-23T20:23:05Z  WARNING  stats fetch failed: timed out
2026-09-23T20:23:10Z  WARNING  thresholds fetch failed: timed out
2026-09-23T20:23:10Z  WARNING  stats fetch failed: timed out
2026-09-23T20:23:15Z  WARNING  thresholds fetch failed: timed out
2026-09-23T20:23:15Z  WARNING  stats fetch failed: timed out
2026-09-23T20:23:20Z  WARNING  thresholds fetch failed: timed out
2026-09-23T20:23:20Z  WARNING  stats fetch failed: timed out
2026-09-23T20:23:25Z  WARNING  thresholds fetch failed: timed out
2026-09-23T20:23:25Z  WARNING  stats fetch failed: timed out
2026-09-23T20:23:30Z  WARNING  thresholds fetch failed: timed out
2026-09-23T20:23:30Z  WARNING  stats fetch failed: timed out
2026-09-23T20:23:35Z  WARNING  thresholds fetch failed: timed out
2026-09-23T20:23:35Z  WARNING  stats fetch failed: timed out
2026-09-23T20:23:40Z  WARNING  thresholds fetch failed: timed out
2026-09-23T20:23:40Z  WARNING  stats fetch failed: timed out
2026-09-23T20:23:45Z  WARNING  thresholds fetch failed: timed out
2026-09-23T20:23:45Z  WARNING  stats fetch failed: timed out
2026-09-23T20:23:50Z  WARNING  thresholds fetch failed: timed out
2026-09-23T20:23:50Z  WARNING  stats fetch failed: timed out
2026-09-23T20:23:55Z  WARNING  thresholds fetch failed: timed out
2026-09-23T20:23:55Z  WARNING  stats fetch failed: timed out
2026-09-23T20:24:00Z  WARNING  thresholds fetch failed: timed out
2026-09-23T20:24:00Z  WARNING  stats fetch failed: timed out
2026-09-23T20:24:05Z  WARNING  thresholds fetch failed: timed out
2026-09-23T20:24:05Z  WARNING  stats fetch failed: timed out
2026-09-23T20:24:10Z  WARNING  thresholds fetch failed: timed out
2026-09-23T20:24:10Z  WARNING  stats fetch failed: timed out
2026-09-23T20:24:15Z  WARNING  thresholds fetch failed: timed out
2026-09-23T20:24:15Z  WARNING  stats fetch failed: timed out
2026-09-23T20:24:20Z  WARNING  thresholds fetch failed: timed out
2026-09-23T20:24:20Z  WARNING  stats fetch failed: timed out
2026-09-23T20:24:25Z  WARNING  thresholds fetch failed: <urlopen error timed out>
2026-09-23T20:24:25Z  WARNING  stats fetch failed: timed out
2026-09-23T20:24:30Z  WARNING  thresholds fetch failed: timed out
2026-09-23T20:24:30Z  WARNING  stats fetch failed: timed out
2026-09-23T20:24:35Z  WARNING  thresholds fetch failed: timed out
2026-09-23T20:24:35Z  WARNING  stats fetch failed: timed out
2026-09-23T20:24:40Z  WARNING  thresholds fetch failed: timed out
2026-09-23T20:24:40Z  WARNING  stats fetch failed: timed out
2026-09-23T20:24:46Z  SHUTDOWN  signal=15
2026-09-23T20:24:47Z  EXIT
