2026-09-23T17:08:22Z  START  poll_interval=1s layer_a_poll_interval=5s
2026-09-23T17:09:35Z  WARNING  thresholds fetch failed: timed out
2026-09-23T17:09:35Z  WARNING  stats fetch failed: timed out
2026-09-23T17:09:40Z  WARNING  thresholds fetch failed: timed out
2026-09-23T17:09:40Z  WARNING  stats fetch failed: timed out
2026-09-23T17:09:45Z  WARNING  thresholds fetch failed: timed out
2026-09-23T17:09:45Z  WARNING  stats fetch failed: timed out
2026-09-23T17:09:50Z  WARNING  thresholds fetch failed: timed out
2026-09-23T17:09:50Z  WARNING  stats fetch failed: timed out
2026-09-23T17:09:55Z  WARNING  thresholds fetch failed: timed out
2026-09-23T17:09:55Z  WARNING  stats fetch failed: timed out
2026-09-23T17:10:00Z  WARNING  thresholds fetch failed: timed out
2026-09-23T17:10:00Z  WARNING  stats fetch failed: timed out
2026-09-23T17:10:05Z  WARNING  thresholds fetch failed: timed out
2026-09-23T17:10:05Z  WARNING  stats fetch failed: timed out
2026-09-23T17:10:10Z  WARNING  thresholds fetch failed: timed out
2026-09-23T17:10:10Z  WARNING  stats fetch failed: timed out
2026-09-23T17:10:15Z  WARNING  thresholds fetch failed: timed out
2026-09-23T17:10:15Z  WARNING  stats fetch failed: timed out
2026-09-23T17:10:20Z  WARNING  thresholds fetch failed: timed out
2026-09-23T17:10:20Z  WARNING  stats fetch failed: timed out
2026-09-23T17:10:25Z  WARNING  thresholds fetch failed: timed out
2026-09-23T17:10:25Z  WARNING  stats fetch failed: timed out
2026-09-23T17:10:30Z  WARNING  thresholds fetch failed: timed out
2026-09-23T17:10:30Z  WARNING  stats fetch failed: timed out
2026-09-23T17:10:35Z  WARNING  thresholds fetch failed: timed out
2026-09-23T17:10:35Z  WARNING  stats fetch failed: timed out
2026-09-23T17:10:40Z  WARNING  thresholds fetch failed: timed out
2026-09-23T17:10:40Z  WARNING  stats fetch failed: timed out
2026-09-23T17:10:45Z  WARNING  thresholds fetch failed: timed out
2026-09-23T17:10:45Z  WARNING  stats fetch failed: timed out
2026-09-23T17:10:50Z  WARNING  thresholds fetch failed: timed out
2026-09-23T17:10:50Z  WARNING  stats fetch failed: timed out
2026-09-23T17:10:55Z  WARNING  thresholds fetch failed: timed out
2026-09-23T17:10:55Z  WARNING  stats fetch failed: timed out
2026-09-23T17:11:00Z  WARNING  thresholds fetch failed: timed out
2026-09-23T17:11:00Z  WARNING  stats fetch failed: timed out
2026-09-23T17:11:05Z  WARNING  thresholds fetch failed: timed out
2026-09-23T17:11:05Z  WARNING  stats fetch failed: timed out
2026-09-23T17:11:10Z  WARNING  thresholds fetch failed: timed out
2026-09-23T17:11:10Z  WARNING  stats fetch failed: timed out
2026-09-23T17:11:15Z  WARNING  thresholds fetch failed: timed out
2026-09-23T17:11:15Z  WARNING  stats fetch failed: timed out
2026-09-23T17:11:20Z  WARNING  thresholds fetch failed: timed out
2026-09-23T17:11:20Z  WARNING  stats fetch failed: timed out
2026-09-23T17:11:25Z  WARNING  thresholds fetch failed: timed out
2026-09-23T17:11:25Z  WARNING  stats fetch failed: timed out
2026-09-23T17:11:30Z  WARNING  thresholds fetch failed: timed out
2026-09-23T17:11:30Z  WARNING  stats fetch failed: timed out
2026-09-23T17:11:35Z  WARNING  thresholds fetch failed: timed out
2026-09-23T17:11:35Z  WARNING  stats fetch failed: timed out
2026-09-23T17:11:40Z  WARNING  thresholds fetch failed: timed out
2026-09-23T17:11:40Z  WARNING  stats fetch failed: timed out
2026-09-23T17:11:45Z  WARNING  thresholds fetch failed: timed out
2026-09-23T17:11:45Z  WARNING  stats fetch failed: timed out
2026-09-23T17:11:50Z  WARNING  thresholds fetch failed: timed out
2026-09-23T17:11:50Z  WARNING  stats fetch failed: timed out
2026-09-23T17:11:55Z  WARNING  thresholds fetch failed: timed out
2026-09-23T17:11:55Z  WARNING  stats fetch failed: timed out
2026-09-23T17:12:00Z  WARNING  thresholds fetch failed: timed out
2026-09-23T17:12:00Z  WARNING  stats fetch failed: timed out
2026-09-23T17:12:05Z  WARNING  thresholds fetch failed: timed out
2026-09-23T17:12:05Z  WARNING  stats fetch failed: timed out
2026-09-23T17:12:10Z  WARNING  thresholds fetch failed: timed out
2026-09-23T17:12:10Z  WARNING  stats fetch failed: timed out
2026-09-23T17:12:15Z  WARNING  thresholds fetch failed: timed out
2026-09-23T17:12:15Z  WARNING  stats fetch failed: timed out
2026-09-23T17:12:20Z  WARNING  thresholds fetch failed: timed out
2026-09-23T17:12:20Z  WARNING  stats fetch failed: timed out
2026-09-23T17:12:25Z  WARNING  thresholds fetch failed: timed out
2026-09-23T17:12:25Z  WARNING  stats fetch failed: timed out
2026-09-23T17:12:30Z  WARNING  thresholds fetch failed: timed out
2026-09-23T17:12:30Z  WARNING  stats fetch failed: timed out
2026-09-23T17:12:35Z  WARNING  thresholds fetch failed: timed out
2026-09-23T17:12:35Z  WARNING  stats fetch failed: timed out
2026-09-23T17:12:40Z  WARNING  thresholds fetch failed: timed out
2026-09-23T17:12:40Z  WARNING  stats fetch failed: timed out
2026-09-23T17:12:45Z  WARNING  thresholds fetch failed: timed out
2026-09-23T17:12:45Z  WARNING  stats fetch failed: timed out
2026-09-23T17:12:50Z  WARNING  thresholds fetch failed: timed out
2026-09-23T17:12:50Z  WARNING  stats fetch failed: timed out
2026-09-23T17:12:55Z  WARNING  thresholds fetch failed: timed out
2026-09-23T17:12:55Z  WARNING  stats fetch failed: timed out
2026-09-23T17:13:00Z  WARNING  thresholds fetch failed: timed out
2026-09-23T17:13:00Z  WARNING  stats fetch failed: timed out
2026-09-23T17:13:05Z  WARNING  thresholds fetch failed: timed out
2026-09-23T17:13:05Z  WARNING  stats fetch failed: timed out
2026-09-23T17:13:10Z  WARNING  thresholds fetch failed: timed out
2026-09-23T17:13:10Z  WARNING  stats fetch failed: timed out
2026-09-23T17:13:15Z  WARNING  thresholds fetch failed: timed out
2026-09-23T17:13:15Z  WARNING  stats fetch failed: timed out
2026-09-23T17:13:20Z  WARNING  thresholds fetch failed: timed out
2026-09-23T17:13:20Z  WARNING  stats fetch failed: timed out
2026-09-23T17:13:25Z  WARNING  thresholds fetch failed: timed out
2026-09-23T17:13:25Z  WARNING  stats fetch failed: timed out
2026-09-23T17:13:30Z  WARNING  thresholds fetch failed: timed out
2026-09-23T17:13:30Z  WARNING  stats fetch failed: timed out
2026-09-23T17:13:35Z  WARNING  thresholds fetch failed: timed out
2026-09-23T17:13:35Z  WARNING  stats fetch failed: timed out
2026-09-23T17:13:40Z  WARNING  thresholds fetch failed: timed out
2026-09-23T17:13:40Z  WARNING  stats fetch failed: timed out
2026-09-23T17:13:45Z  WARNING  thresholds fetch failed: timed out
2026-09-23T17:13:45Z  WARNING  stats fetch failed: timed out
2026-09-23T17:13:50Z  WARNING  thresholds fetch failed: timed out
2026-09-23T17:13:50Z  WARNING  stats fetch failed: timed out
2026-09-23T17:13:55Z  WARNING  thresholds fetch failed: timed out
2026-09-23T17:13:55Z  WARNING  stats fetch failed: timed out
2026-09-23T17:14:00Z  WARNING  thresholds fetch failed: timed out
2026-09-23T17:14:00Z  WARNING  stats fetch failed: timed out
2026-09-23T17:14:05Z  WARNING  thresholds fetch failed: timed out
2026-09-23T17:14:05Z  WARNING  stats fetch failed: timed out
2026-09-23T17:14:10Z  WARNING  thresholds fetch failed: timed out
2026-09-23T17:14:10Z  WARNING  stats fetch failed: timed out
2026-09-23T17:14:15Z  WARNING  thresholds fetch failed: timed out
2026-09-23T17:14:15Z  WARNING  stats fetch failed: timed out
2026-09-23T17:14:20Z  WARNING  thresholds fetch failed: timed out
2026-09-23T17:14:20Z  WARNING  stats fetch failed: timed out
2026-09-23T17:14:25Z  WARNING  thresholds fetch failed: timed out
2026-09-23T17:14:25Z  WARNING  stats fetch failed: timed out
2026-09-23T17:14:30Z  WARNING  thresholds fetch failed: timed out
2026-09-23T17:14:30Z  WARNING  stats fetch failed: timed out
2026-09-23T17:14:35Z  WARNING  thresholds fetch failed: timed out
2026-09-23T17:14:35Z  WARNING  stats fetch failed: timed out
2026-09-23T17:14:40Z  WARNING  thresholds fetch failed: timed out
2026-09-23T17:14:40Z  WARNING  stats fetch failed: timed out
2026-09-23T17:14:45Z  WARNING  thresholds fetch failed: timed out
2026-09-23T17:14:45Z  WARNING  stats fetch failed: timed out
2026-09-23T17:14:50Z  WARNING  thresholds fetch failed: timed out
2026-09-23T17:14:50Z  WARNING  stats fetch failed: timed out
2026-09-23T17:14:55Z  WARNING  thresholds fetch failed: timed out
2026-09-23T17:14:55Z  WARNING  stats fetch failed: timed out
2026-09-23T17:15:00Z  WARNING  thresholds fetch failed: timed out
2026-09-23T17:15:00Z  WARNING  stats fetch failed: timed out
2026-09-23T17:15:05Z  WARNING  thresholds fetch failed: timed out
2026-09-23T17:15:05Z  WARNING  stats fetch failed: timed out
2026-09-23T17:15:10Z  WARNING  thresholds fetch failed: timed out
2026-09-23T17:15:10Z  WARNING  stats fetch failed: timed out
2026-09-23T17:15:15Z  WARNING  thresholds fetch failed: timed out
2026-09-23T17:15:15Z  WARNING  stats fetch failed: timed out
2026-09-23T17:15:20Z  WARNING  thresholds fetch failed: timed out
2026-09-23T17:15:20Z  WARNING  stats fetch failed: timed out
2026-09-23T17:15:25Z  WARNING  thresholds fetch failed: timed out
2026-09-23T17:15:25Z  WARNING  stats fetch failed: timed out
2026-09-23T17:15:30Z  WARNING  thresholds fetch failed: timed out
2026-09-23T17:15:30Z  WARNING  stats fetch failed: timed out
2026-09-23T17:15:35Z  WARNING  thresholds fetch failed: timed out
2026-09-23T17:15:35Z  WARNING  stats fetch failed: timed out
2026-09-23T17:15:40Z  WARNING  thresholds fetch failed: timed out
2026-09-23T17:15:40Z  WARNING  stats fetch failed: timed out
2026-09-23T17:15:45Z  WARNING  thresholds fetch failed: timed out
2026-09-23T17:15:45Z  WARNING  stats fetch failed: timed out
2026-09-23T17:15:50Z  WARNING  thresholds fetch failed: timed out
2026-09-23T17:15:50Z  WARNING  stats fetch failed: timed out
2026-09-23T17:15:55Z  WARNING  thresholds fetch failed: timed out
2026-09-23T17:15:55Z  WARNING  stats fetch failed: timed out
2026-09-23T17:16:00Z  WARNING  thresholds fetch failed: timed out
2026-09-23T17:16:00Z  WARNING  stats fetch failed: timed out
2026-09-23T17:16:05Z  WARNING  thresholds fetch failed: timed out
2026-09-23T17:16:05Z  WARNING  stats fetch failed: timed out
2026-09-23T17:16:10Z  WARNING  thresholds fetch failed: timed out
2026-09-23T17:16:10Z  WARNING  stats fetch failed: timed out
2026-09-23T17:16:15Z  WARNING  thresholds fetch failed: timed out
2026-09-23T17:16:15Z  WARNING  stats fetch failed: timed out
2026-09-23T17:16:20Z  WARNING  thresholds fetch failed: timed out
2026-09-23T17:16:20Z  WARNING  stats fetch failed: timed out
2026-09-23T17:16:25Z  WARNING  thresholds fetch failed: timed out
2026-09-23T17:16:25Z  WARNING  stats fetch failed: timed out
2026-09-23T17:16:30Z  WARNING  thresholds fetch failed: timed out
2026-09-23T17:16:30Z  WARNING  stats fetch failed: timed out
2026-09-23T17:16:35Z  WARNING  thresholds fetch failed: timed out
2026-09-23T17:16:35Z  WARNING  stats fetch failed: timed out
2026-09-23T17:16:40Z  WARNING  thresholds fetch failed: timed out
2026-09-23T17:16:40Z  WARNING  stats fetch failed: timed out
2026-09-23T17:16:45Z  WARNING  thresholds fetch failed: timed out
2026-09-23T17:16:45Z  WARNING  stats fetch failed: timed out
2026-09-23T17:16:50Z  WARNING  thresholds fetch failed: timed out
2026-09-23T17:16:50Z  WARNING  stats fetch failed: timed out
2026-09-23T17:16:55Z  WARNING  thresholds fetch failed: timed out
2026-09-23T17:16:55Z  WARNING  stats fetch failed: timed out
2026-09-23T17:17:00Z  WARNING  thresholds fetch failed: timed out
2026-09-23T17:17:00Z  WARNING  stats fetch failed: timed out
2026-09-23T17:17:05Z  WARNING  thresholds fetch failed: timed out
2026-09-23T17:17:05Z  WARNING  stats fetch failed: timed out
2026-09-23T17:17:10Z  WARNING  thresholds fetch failed: timed out
2026-09-23T17:17:10Z  WARNING  stats fetch failed: timed out
2026-09-23T17:17:15Z  WARNING  thresholds fetch failed: timed out
2026-09-23T17:17:15Z  WARNING  stats fetch failed: timed out
2026-09-23T17:17:20Z  WARNING  thresholds fetch failed: timed out
2026-09-23T17:17:20Z  WARNING  stats fetch failed: timed out
2026-09-23T17:17:25Z  WARNING  thresholds fetch failed: timed out
2026-09-23T17:17:25Z  WARNING  stats fetch failed: timed out
2026-09-23T17:17:30Z  WARNING  thresholds fetch failed: timed out
2026-09-23T17:17:30Z  WARNING  stats fetch failed: timed out
2026-09-23T17:17:35Z  WARNING  thresholds fetch failed: timed out
2026-09-23T17:17:35Z  WARNING  stats fetch failed: timed out
2026-09-23T17:17:40Z  WARNING  thresholds fetch failed: timed out
2026-09-23T17:17:40Z  WARNING  stats fetch failed: timed out
2026-09-23T17:17:45Z  WARNING  thresholds fetch failed: timed out
2026-09-23T17:17:45Z  WARNING  stats fetch failed: timed out
2026-09-23T17:17:50Z  WARNING  thresholds fetch failed: timed out
2026-09-23T17:17:50Z  WARNING  stats fetch failed: timed out
2026-09-23T17:17:55Z  WARNING  thresholds fetch failed: timed out
2026-09-23T17:17:55Z  WARNING  stats fetch failed: timed out
2026-09-23T17:18:00Z  WARNING  thresholds fetch failed: timed out
2026-09-23T17:18:00Z  WARNING  stats fetch failed: timed out
2026-09-23T17:18:05Z  WARNING  thresholds fetch failed: timed out
2026-09-23T17:18:05Z  WARNING  stats fetch failed: timed out
2026-09-23T17:18:10Z  WARNING  thresholds fetch failed: timed out
2026-09-23T17:18:10Z  WARNING  stats fetch failed: timed out
2026-09-23T17:18:15Z  WARNING  thresholds fetch failed: timed out
2026-09-23T17:18:15Z  WARNING  stats fetch failed: timed out
2026-09-23T17:18:20Z  WARNING  thresholds fetch failed: timed out
2026-09-23T17:18:20Z  WARNING  stats fetch failed: timed out
2026-09-23T17:18:25Z  WARNING  thresholds fetch failed: timed out
2026-09-23T17:18:25Z  WARNING  stats fetch failed: timed out
2026-09-23T17:18:30Z  WARNING  thresholds fetch failed: timed out
2026-09-23T17:18:30Z  WARNING  stats fetch failed: timed out
2026-09-23T17:18:35Z  WARNING  thresholds fetch failed: timed out
2026-09-23T17:18:35Z  WARNING  stats fetch failed: timed out
2026-09-23T17:18:40Z  WARNING  thresholds fetch failed: timed out
2026-09-23T17:18:40Z  WARNING  stats fetch failed: timed out
2026-09-23T17:18:45Z  WARNING  thresholds fetch failed: timed out
2026-09-23T17:18:45Z  WARNING  stats fetch failed: timed out
2026-09-23T17:18:50Z  WARNING  thresholds fetch failed: timed out
2026-09-23T17:18:50Z  WARNING  stats fetch failed: timed out
2026-09-23T17:18:55Z  WARNING  thresholds fetch failed: timed out
2026-09-23T17:18:55Z  WARNING  stats fetch failed: timed out
2026-09-23T17:18:59Z  SHUTDOWN  signal=15
2026-09-23T17:19:00Z  EXIT
