2026-09-19T17:12:57Z  START  poll_interval=1s layer_a_poll_interval=5s
2026-09-19T17:13:40Z  WARNING  thresholds fetch failed: timed out
2026-09-19T17:13:40Z  WARNING  stats fetch failed: timed out
2026-09-19T17:13:45Z  WARNING  thresholds fetch failed: timed out
2026-09-19T17:13:45Z  WARNING  stats fetch failed: timed out
2026-09-19T17:13:50Z  WARNING  thresholds fetch failed: timed out
2026-09-19T17:13:50Z  WARNING  stats fetch failed: timed out
2026-09-19T17:13:55Z  WARNING  thresholds fetch failed: timed out
2026-09-19T17:13:55Z  WARNING  stats fetch failed: timed out
2026-09-19T17:14:00Z  WARNING  thresholds fetch failed: timed out
2026-09-19T17:14:00Z  WARNING  stats fetch failed: timed out
2026-09-19T17:14:05Z  WARNING  thresholds fetch failed: timed out
2026-09-19T17:14:05Z  WARNING  stats fetch failed: timed out
2026-09-19T17:14:10Z  WARNING  thresholds fetch failed: timed out
2026-09-19T17:14:10Z  WARNING  stats fetch failed: timed out
2026-09-19T17:14:15Z  WARNING  thresholds fetch failed: timed out
2026-09-19T17:14:15Z  WARNING  stats fetch failed: timed out
2026-09-19T17:14:20Z  WARNING  thresholds fetch failed: timed out
2026-09-19T17:14:20Z  WARNING  stats fetch failed: timed out
2026-09-19T17:14:25Z  WARNING  thresholds fetch failed: timed out
2026-09-19T17:14:25Z  WARNING  stats fetch failed: timed out
2026-09-19T17:14:30Z  WARNING  thresholds fetch failed: timed out
2026-09-19T17:14:30Z  WARNING  stats fetch failed: timed out
2026-09-19T17:14:35Z  WARNING  thresholds fetch failed: timed out
2026-09-19T17:14:35Z  WARNING  stats fetch failed: timed out
2026-09-19T17:14:40Z  WARNING  thresholds fetch failed: timed out
2026-09-19T17:14:40Z  WARNING  stats fetch failed: timed out
2026-09-19T17:14:45Z  WARNING  thresholds fetch failed: timed out
2026-09-19T17:14:45Z  WARNING  stats fetch failed: timed out
2026-09-19T17:14:50Z  WARNING  thresholds fetch failed: timed out
2026-09-19T17:14:50Z  WARNING  stats fetch failed: timed out
2026-09-19T17:14:55Z  WARNING  thresholds fetch failed: timed out
2026-09-19T17:14:55Z  WARNING  stats fetch failed: timed out
2026-09-19T17:15:00Z  WARNING  thresholds fetch failed: timed out
2026-09-19T17:15:00Z  WARNING  stats fetch failed: timed out
2026-09-19T17:15:05Z  WARNING  thresholds fetch failed: timed out
2026-09-19T17:15:05Z  WARNING  stats fetch failed: timed out
2026-09-19T17:15:10Z  WARNING  thresholds fetch failed: timed out
2026-09-19T17:15:10Z  WARNING  stats fetch failed: timed out
2026-09-19T17:15:15Z  WARNING  thresholds fetch failed: timed out
2026-09-19T17:15:15Z  WARNING  stats fetch failed: timed out
2026-09-19T17:15:20Z  WARNING  thresholds fetch failed: timed out
2026-09-19T17:15:20Z  WARNING  stats fetch failed: timed out
2026-09-19T17:15:25Z  WARNING  thresholds fetch failed: timed out
2026-09-19T17:15:25Z  WARNING  stats fetch failed: timed out
2026-09-19T17:15:30Z  WARNING  thresholds fetch failed: timed out
2026-09-19T17:15:30Z  WARNING  stats fetch failed: timed out
2026-09-19T17:15:35Z  WARNING  thresholds fetch failed: timed out
2026-09-19T17:15:35Z  WARNING  stats fetch failed: timed out
2026-09-19T17:15:40Z  WARNING  thresholds fetch failed: timed out
2026-09-19T17:15:40Z  WARNING  stats fetch failed: timed out
2026-09-19T17:15:45Z  WARNING  thresholds fetch failed: timed out
2026-09-19T17:15:45Z  WARNING  stats fetch failed: timed out
2026-09-19T17:15:50Z  WARNING  thresholds fetch failed: timed out
2026-09-19T17:15:50Z  WARNING  stats fetch failed: timed out
2026-09-19T17:15:55Z  WARNING  thresholds fetch failed: timed out
2026-09-19T17:15:55Z  WARNING  stats fetch failed: timed out
2026-09-19T17:16:00Z  WARNING  thresholds fetch failed: timed out
2026-09-19T17:16:00Z  WARNING  stats fetch failed: timed out
2026-09-19T17:16:05Z  WARNING  thresholds fetch failed: timed out
2026-09-19T17:16:05Z  WARNING  stats fetch failed: timed out
2026-09-19T17:16:10Z  WARNING  thresholds fetch failed: timed out
2026-09-19T17:16:10Z  WARNING  stats fetch failed: timed out
2026-09-19T17:16:15Z  WARNING  thresholds fetch failed: timed out
2026-09-19T17:16:15Z  WARNING  stats fetch failed: timed out
2026-09-19T17:16:20Z  WARNING  thresholds fetch failed: timed out
2026-09-19T17:16:20Z  WARNING  stats fetch failed: timed out
2026-09-19T17:16:25Z  WARNING  thresholds fetch failed: timed out
2026-09-19T17:16:25Z  WARNING  stats fetch failed: timed out
2026-09-19T17:16:30Z  WARNING  thresholds fetch failed: timed out
2026-09-19T17:16:30Z  WARNING  stats fetch failed: timed out
2026-09-19T17:16:35Z  WARNING  thresholds fetch failed: timed out
2026-09-19T17:16:35Z  WARNING  stats fetch failed: timed out
2026-09-19T17:16:40Z  WARNING  thresholds fetch failed: timed out
2026-09-19T17:16:40Z  WARNING  stats fetch failed: timed out
2026-09-19T17:16:45Z  WARNING  thresholds fetch failed: timed out
2026-09-19T17:16:45Z  WARNING  stats fetch failed: timed out
2026-09-19T17:16:50Z  WARNING  thresholds fetch failed: timed out
2026-09-19T17:16:50Z  WARNING  stats fetch failed: timed out
2026-09-19T17:16:55Z  WARNING  thresholds fetch failed: timed out
2026-09-19T17:16:55Z  WARNING  stats fetch failed: timed out
2026-09-19T17:17:00Z  WARNING  thresholds fetch failed: timed out
2026-09-19T17:17:00Z  WARNING  stats fetch failed: timed out
2026-09-19T17:17:05Z  WARNING  thresholds fetch failed: timed out
2026-09-19T17:17:05Z  WARNING  stats fetch failed: timed out
2026-09-19T17:17:10Z  WARNING  thresholds fetch failed: timed out
2026-09-19T17:17:10Z  WARNING  stats fetch failed: timed out
2026-09-19T17:17:15Z  WARNING  thresholds fetch failed: timed out
2026-09-19T17:17:15Z  WARNING  stats fetch failed: timed out
2026-09-19T17:17:20Z  WARNING  thresholds fetch failed: timed out
2026-09-19T17:17:20Z  WARNING  stats fetch failed: timed out
2026-09-19T17:17:25Z  WARNING  thresholds fetch failed: timed out
2026-09-19T17:17:25Z  WARNING  stats fetch failed: timed out
2026-09-19T17:17:30Z  WARNING  thresholds fetch failed: timed out
2026-09-19T17:17:30Z  WARNING  stats fetch failed: timed out
2026-09-19T17:17:35Z  WARNING  thresholds fetch failed: timed out
2026-09-19T17:17:35Z  WARNING  stats fetch failed: timed out
2026-09-19T17:17:40Z  WARNING  thresholds fetch failed: timed out
2026-09-19T17:17:40Z  WARNING  stats fetch failed: timed out
2026-09-19T17:17:45Z  WARNING  thresholds fetch failed: timed out
2026-09-19T17:17:45Z  WARNING  stats fetch failed: timed out
2026-09-19T17:17:50Z  WARNING  thresholds fetch failed: timed out
2026-09-19T17:17:50Z  WARNING  stats fetch failed: timed out
2026-09-19T17:17:55Z  WARNING  thresholds fetch failed: timed out
2026-09-19T17:17:55Z  WARNING  stats fetch failed: timed out
2026-09-19T17:18:00Z  WARNING  thresholds fetch failed: timed out
2026-09-19T17:18:00Z  WARNING  stats fetch failed: timed out
2026-09-19T17:18:05Z  WARNING  thresholds fetch failed: timed out
2026-09-19T17:18:05Z  WARNING  stats fetch failed: timed out
2026-09-19T17:18:10Z  WARNING  thresholds fetch failed: timed out
2026-09-19T17:18:10Z  WARNING  stats fetch failed: timed out
2026-09-19T17:18:15Z  WARNING  thresholds fetch failed: timed out
2026-09-19T17:18:15Z  WARNING  stats fetch failed: timed out
2026-09-19T17:18:20Z  WARNING  thresholds fetch failed: timed out
2026-09-19T17:18:20Z  WARNING  stats fetch failed: timed out
2026-09-19T17:18:25Z  WARNING  thresholds fetch failed: timed out
2026-09-19T17:18:25Z  WARNING  stats fetch failed: timed out
2026-09-19T17:18:30Z  WARNING  thresholds fetch failed: timed out
2026-09-19T17:18:30Z  WARNING  stats fetch failed: timed out
2026-09-19T17:18:35Z  WARNING  thresholds fetch failed: timed out
2026-09-19T17:18:35Z  WARNING  stats fetch failed: timed out
2026-09-19T17:18:40Z  WARNING  thresholds fetch failed: timed out
2026-09-19T17:18:40Z  WARNING  stats fetch failed: timed out
2026-09-19T17:18:45Z  WARNING  thresholds fetch failed: timed out
2026-09-19T17:18:45Z  WARNING  stats fetch failed: timed out
2026-09-19T17:18:50Z  WARNING  thresholds fetch failed: timed out
2026-09-19T17:18:50Z  WARNING  stats fetch failed: timed out
2026-09-19T17:18:55Z  WARNING  thresholds fetch failed: timed out
2026-09-19T17:18:55Z  WARNING  stats fetch failed: timed out
2026-09-19T17:19:00Z  WARNING  thresholds fetch failed: timed out
2026-09-19T17:19:00Z  WARNING  stats fetch failed: timed out
2026-09-19T17:19:05Z  WARNING  thresholds fetch failed: timed out
2026-09-19T17:19:05Z  WARNING  stats fetch failed: timed out
2026-09-19T17:19:10Z  WARNING  thresholds fetch failed: timed out
2026-09-19T17:19:10Z  WARNING  stats fetch failed: timed out
2026-09-19T17:19:15Z  WARNING  thresholds fetch failed: timed out
2026-09-19T17:19:15Z  WARNING  stats fetch failed: timed out
2026-09-19T17:19:20Z  WARNING  thresholds fetch failed: timed out
2026-09-19T17:19:20Z  WARNING  stats fetch failed: timed out
2026-09-19T17:19:25Z  WARNING  thresholds fetch failed: timed out
2026-09-19T17:19:25Z  WARNING  stats fetch failed: timed out
2026-09-19T17:19:30Z  WARNING  thresholds fetch failed: timed out
2026-09-19T17:19:30Z  WARNING  stats fetch failed: timed out
2026-09-19T17:19:35Z  WARNING  thresholds fetch failed: timed out
2026-09-19T17:19:35Z  WARNING  stats fetch failed: timed out
2026-09-19T17:19:40Z  WARNING  thresholds fetch failed: timed out
2026-09-19T17:19:40Z  WARNING  stats fetch failed: timed out
2026-09-19T17:19:45Z  WARNING  thresholds fetch failed: timed out
2026-09-19T17:19:45Z  WARNING  stats fetch failed: timed out
2026-09-19T17:19:50Z  WARNING  thresholds fetch failed: timed out
2026-09-19T17:19:50Z  WARNING  stats fetch failed: timed out
2026-09-19T17:19:55Z  WARNING  thresholds fetch failed: timed out
2026-09-19T17:19:55Z  WARNING  stats fetch failed: timed out
2026-09-19T17:20:00Z  WARNING  thresholds fetch failed: timed out
2026-09-19T17:20:00Z  WARNING  stats fetch failed: timed out
2026-09-19T17:20:05Z  WARNING  thresholds fetch failed: timed out
2026-09-19T17:20:05Z  WARNING  stats fetch failed: timed out
2026-09-19T17:20:10Z  WARNING  thresholds fetch failed: timed out
2026-09-19T17:20:10Z  WARNING  stats fetch failed: timed out
2026-09-19T17:20:15Z  WARNING  thresholds fetch failed: timed out
2026-09-19T17:20:15Z  WARNING  stats fetch failed: timed out
2026-09-19T17:20:20Z  WARNING  thresholds fetch failed: timed out
2026-09-19T17:20:20Z  WARNING  stats fetch failed: timed out
2026-09-19T17:20:25Z  WARNING  thresholds fetch failed: timed out
2026-09-19T17:20:25Z  WARNING  stats fetch failed: timed out
2026-09-19T17:20:30Z  WARNING  thresholds fetch failed: timed out
2026-09-19T17:20:30Z  WARNING  stats fetch failed: timed out
2026-09-19T17:20:35Z  WARNING  thresholds fetch failed: timed out
2026-09-19T17:20:35Z  WARNING  stats fetch failed: timed out
2026-09-19T17:20:40Z  WARNING  thresholds fetch failed: timed out
2026-09-19T17:20:40Z  WARNING  stats fetch failed: timed out
2026-09-19T17:20:45Z  WARNING  thresholds fetch failed: timed out
2026-09-19T17:20:45Z  WARNING  stats fetch failed: timed out
2026-09-19T17:20:50Z  WARNING  thresholds fetch failed: timed out
2026-09-19T17:20:50Z  WARNING  stats fetch failed: timed out
2026-09-19T17:20:55Z  WARNING  thresholds fetch failed: timed out
2026-09-19T17:20:55Z  WARNING  stats fetch failed: timed out
2026-09-19T17:21:00Z  WARNING  thresholds fetch failed: timed out
2026-09-19T17:21:00Z  WARNING  stats fetch failed: timed out
2026-09-19T17:21:05Z  WARNING  thresholds fetch failed: timed out
2026-09-19T17:21:05Z  WARNING  stats fetch failed: timed out
2026-09-19T17:21:10Z  WARNING  thresholds fetch failed: timed out
2026-09-19T17:21:10Z  WARNING  stats fetch failed: timed out
2026-09-19T17:21:15Z  WARNING  thresholds fetch failed: timed out
2026-09-19T17:21:15Z  WARNING  stats fetch failed: timed out
2026-09-19T17:21:20Z  WARNING  thresholds fetch failed: timed out
2026-09-19T17:21:20Z  WARNING  stats fetch failed: timed out
2026-09-19T17:21:25Z  WARNING  thresholds fetch failed: timed out
2026-09-19T17:21:25Z  WARNING  stats fetch failed: timed out
2026-09-19T17:21:30Z  WARNING  thresholds fetch failed: timed out
2026-09-19T17:21:30Z  WARNING  stats fetch failed: timed out
2026-09-19T17:21:35Z  WARNING  thresholds fetch failed: timed out
2026-09-19T17:21:35Z  WARNING  stats fetch failed: timed out
2026-09-19T17:21:40Z  WARNING  thresholds fetch failed: timed out
2026-09-19T17:21:40Z  WARNING  stats fetch failed: timed out
2026-09-19T17:21:45Z  WARNING  thresholds fetch failed: timed out
2026-09-19T17:21:45Z  WARNING  stats fetch failed: timed out
2026-09-19T17:21:50Z  WARNING  thresholds fetch failed: timed out
2026-09-19T17:21:50Z  WARNING  stats fetch failed: timed out
2026-09-19T17:21:55Z  WARNING  thresholds fetch failed: timed out
2026-09-19T17:21:55Z  WARNING  stats fetch failed: timed out
2026-09-19T17:22:00Z  WARNING  thresholds fetch failed: timed out
2026-09-19T17:22:00Z  WARNING  stats fetch failed: timed out
2026-09-19T17:22:05Z  WARNING  thresholds fetch failed: timed out
2026-09-19T17:22:05Z  WARNING  stats fetch failed: timed out
2026-09-19T17:22:10Z  WARNING  thresholds fetch failed: timed out
2026-09-19T17:22:10Z  WARNING  stats fetch failed: timed out
2026-09-19T17:22:15Z  WARNING  thresholds fetch failed: timed out
2026-09-19T17:22:15Z  WARNING  stats fetch failed: timed out
2026-09-19T17:22:20Z  WARNING  thresholds fetch failed: timed out
2026-09-19T17:22:20Z  WARNING  stats fetch failed: timed out
2026-09-19T17:22:25Z  WARNING  thresholds fetch failed: timed out
2026-09-19T17:22:25Z  WARNING  stats fetch failed: timed out
2026-09-19T17:22:30Z  WARNING  thresholds fetch failed: timed out
2026-09-19T17:22:30Z  WARNING  stats fetch failed: timed out
2026-09-19T17:22:35Z  WARNING  thresholds fetch failed: timed out
2026-09-19T17:22:35Z  WARNING  stats fetch failed: timed out
2026-09-19T17:22:40Z  WARNING  thresholds fetch failed: timed out
2026-09-19T17:22:40Z  WARNING  stats fetch failed: timed out
2026-09-19T17:22:45Z  WARNING  thresholds fetch failed: timed out
2026-09-19T17:22:45Z  WARNING  stats fetch failed: timed out
2026-09-19T17:22:50Z  WARNING  thresholds fetch failed: timed out
2026-09-19T17:22:50Z  WARNING  stats fetch failed: timed out
2026-09-19T17:22:55Z  WARNING  thresholds fetch failed: timed out
2026-09-19T17:22:55Z  WARNING  stats fetch failed: timed out
2026-09-19T17:23:00Z  WARNING  thresholds fetch failed: timed out
2026-09-19T17:23:00Z  WARNING  stats fetch failed: timed out
2026-09-19T17:23:05Z  WARNING  thresholds fetch failed: timed out
2026-09-19T17:23:05Z  WARNING  stats fetch failed: timed out
2026-09-19T17:23:10Z  WARNING  thresholds fetch failed: timed out
2026-09-19T17:23:10Z  WARNING  stats fetch failed: timed out
2026-09-19T17:23:15Z  WARNING  thresholds fetch failed: timed out
2026-09-19T17:23:15Z  WARNING  stats fetch failed: timed out
2026-09-19T17:23:20Z  WARNING  thresholds fetch failed: timed out
2026-09-19T17:23:20Z  WARNING  stats fetch failed: timed out
2026-09-19T17:23:26Z  SHUTDOWN  signal=15
2026-09-19T17:23:27Z  EXIT
