2026-10-08T01:04:56Z  START  poll_interval=1s layer_a_poll_interval=5s
2026-10-08T01:08:10Z  WARNING  thresholds fetch failed: timed out
2026-10-08T01:08:10Z  WARNING  stats fetch failed: timed out
2026-10-08T01:08:15Z  WARNING  thresholds fetch failed: timed out
2026-10-08T01:08:15Z  WARNING  stats fetch failed: timed out
2026-10-08T01:08:20Z  WARNING  thresholds fetch failed: timed out
2026-10-08T01:08:20Z  WARNING  stats fetch failed: timed out
2026-10-08T01:08:25Z  WARNING  thresholds fetch failed: timed out
2026-10-08T01:08:25Z  WARNING  stats fetch failed: timed out
2026-10-08T01:08:30Z  WARNING  thresholds fetch failed: timed out
2026-10-08T01:08:30Z  WARNING  stats fetch failed: timed out
2026-10-08T01:08:35Z  WARNING  thresholds fetch failed: timed out
2026-10-08T01:08:35Z  WARNING  stats fetch failed: timed out
2026-10-08T01:08:40Z  WARNING  thresholds fetch failed: timed out
2026-10-08T01:08:40Z  WARNING  stats fetch failed: timed out
2026-10-08T01:08:45Z  WARNING  thresholds fetch failed: timed out
2026-10-08T01:08:45Z  WARNING  stats fetch failed: timed out
2026-10-08T01:08:50Z  WARNING  thresholds fetch failed: timed out
2026-10-08T01:08:50Z  WARNING  stats fetch failed: timed out
2026-10-08T01:08:55Z  WARNING  thresholds fetch failed: timed out
2026-10-08T01:08:55Z  WARNING  stats fetch failed: timed out
2026-10-08T01:09:00Z  WARNING  thresholds fetch failed: timed out
2026-10-08T01:09:00Z  WARNING  stats fetch failed: timed out
2026-10-08T01:09:05Z  WARNING  thresholds fetch failed: timed out
2026-10-08T01:09:05Z  WARNING  stats fetch failed: timed out
2026-10-08T01:09:10Z  WARNING  thresholds fetch failed: timed out
2026-10-08T01:09:10Z  WARNING  stats fetch failed: timed out
2026-10-08T01:09:15Z  WARNING  thresholds fetch failed: timed out
2026-10-08T01:09:15Z  WARNING  stats fetch failed: timed out
2026-10-08T01:09:20Z  WARNING  thresholds fetch failed: timed out
2026-10-08T01:09:20Z  WARNING  stats fetch failed: timed out
2026-10-08T01:09:25Z  WARNING  thresholds fetch failed: timed out
2026-10-08T01:09:25Z  WARNING  stats fetch failed: timed out
2026-10-08T01:09:30Z  WARNING  thresholds fetch failed: timed out
2026-10-08T01:09:30Z  WARNING  stats fetch failed: timed out
2026-10-08T01:09:35Z  WARNING  thresholds fetch failed: timed out
2026-10-08T01:09:35Z  WARNING  stats fetch failed: timed out
2026-10-08T01:09:40Z  WARNING  thresholds fetch failed: timed out
2026-10-08T01:09:40Z  WARNING  stats fetch failed: timed out
2026-10-08T01:09:45Z  WARNING  thresholds fetch failed: timed out
2026-10-08T01:09:45Z  WARNING  stats fetch failed: timed out
2026-10-08T01:09:50Z  WARNING  thresholds fetch failed: timed out
2026-10-08T01:09:50Z  WARNING  stats fetch failed: timed out
2026-10-08T01:09:55Z  WARNING  thresholds fetch failed: timed out
2026-10-08T01:09:55Z  WARNING  stats fetch failed: timed out
2026-10-08T01:10:00Z  WARNING  thresholds fetch failed: timed out
2026-10-08T01:10:00Z  WARNING  stats fetch failed: timed out
2026-10-08T01:10:05Z  WARNING  thresholds fetch failed: timed out
2026-10-08T01:10:05Z  WARNING  stats fetch failed: timed out
2026-10-08T01:10:10Z  WARNING  thresholds fetch failed: timed out
2026-10-08T01:10:10Z  WARNING  stats fetch failed: timed out
2026-10-08T01:10:15Z  WARNING  thresholds fetch failed: timed out
2026-10-08T01:10:15Z  WARNING  stats fetch failed: timed out
2026-10-08T01:10:20Z  WARNING  thresholds fetch failed: timed out
2026-10-08T01:10:20Z  WARNING  stats fetch failed: timed out
2026-10-08T01:10:25Z  WARNING  thresholds fetch failed: timed out
2026-10-08T01:10:25Z  WARNING  stats fetch failed: timed out
2026-10-08T01:10:30Z  WARNING  thresholds fetch failed: timed out
2026-10-08T01:10:30Z  WARNING  stats fetch failed: timed out
2026-10-08T01:10:35Z  WARNING  thresholds fetch failed: timed out
2026-10-08T01:10:35Z  WARNING  stats fetch failed: timed out
2026-10-08T01:10:40Z  WARNING  thresholds fetch failed: timed out
2026-10-08T01:10:40Z  WARNING  stats fetch failed: timed out
2026-10-08T01:10:45Z  WARNING  thresholds fetch failed: timed out
2026-10-08T01:10:45Z  WARNING  stats fetch failed: timed out
2026-10-08T01:10:50Z  WARNING  thresholds fetch failed: timed out
2026-10-08T01:10:50Z  WARNING  stats fetch failed: timed out
2026-10-08T01:10:55Z  WARNING  thresholds fetch failed: timed out
2026-10-08T01:10:55Z  WARNING  stats fetch failed: timed out
2026-10-08T01:11:00Z  WARNING  thresholds fetch failed: timed out
2026-10-08T01:11:00Z  WARNING  stats fetch failed: timed out
2026-10-08T01:11:05Z  WARNING  thresholds fetch failed: timed out
2026-10-08T01:11:05Z  WARNING  stats fetch failed: timed out
2026-10-08T01:11:10Z  WARNING  thresholds fetch failed: timed out
2026-10-08T01:11:10Z  WARNING  stats fetch failed: timed out
2026-10-08T01:11:15Z  WARNING  thresholds fetch failed: timed out
2026-10-08T01:11:15Z  WARNING  stats fetch failed: timed out
2026-10-08T01:11:20Z  WARNING  thresholds fetch failed: timed out
2026-10-08T01:11:20Z  WARNING  stats fetch failed: timed out
2026-10-08T01:11:25Z  WARNING  thresholds fetch failed: timed out
2026-10-08T01:11:25Z  WARNING  stats fetch failed: timed out
2026-10-08T01:11:30Z  WARNING  thresholds fetch failed: timed out
2026-10-08T01:11:30Z  WARNING  stats fetch failed: timed out
2026-10-08T01:11:35Z  WARNING  thresholds fetch failed: timed out
2026-10-08T01:11:35Z  WARNING  stats fetch failed: timed out
2026-10-08T01:11:40Z  WARNING  thresholds fetch failed: timed out
2026-10-08T01:11:40Z  WARNING  stats fetch failed: timed out
2026-10-08T01:11:45Z  WARNING  thresholds fetch failed: timed out
2026-10-08T01:11:45Z  WARNING  stats fetch failed: timed out
2026-10-08T01:11:50Z  WARNING  thresholds fetch failed: timed out
2026-10-08T01:11:50Z  WARNING  stats fetch failed: timed out
2026-10-08T01:11:55Z  WARNING  thresholds fetch failed: timed out
2026-10-08T01:11:55Z  WARNING  stats fetch failed: timed out
2026-10-08T01:12:00Z  WARNING  thresholds fetch failed: timed out
2026-10-08T01:12:00Z  WARNING  stats fetch failed: timed out
2026-10-08T01:12:05Z  WARNING  thresholds fetch failed: timed out
2026-10-08T01:12:05Z  WARNING  stats fetch failed: timed out
2026-10-08T01:12:10Z  WARNING  thresholds fetch failed: timed out
2026-10-08T01:12:10Z  WARNING  stats fetch failed: timed out
2026-10-08T01:12:15Z  WARNING  thresholds fetch failed: timed out
2026-10-08T01:12:15Z  WARNING  stats fetch failed: timed out
2026-10-08T01:12:20Z  WARNING  thresholds fetch failed: timed out
2026-10-08T01:12:20Z  WARNING  stats fetch failed: timed out
2026-10-08T01:12:25Z  WARNING  thresholds fetch failed: timed out
2026-10-08T01:12:25Z  WARNING  stats fetch failed: timed out
2026-10-08T01:12:30Z  WARNING  thresholds fetch failed: timed out
2026-10-08T01:12:30Z  WARNING  stats fetch failed: timed out
2026-10-08T01:12:35Z  WARNING  thresholds fetch failed: timed out
2026-10-08T01:12:35Z  WARNING  stats fetch failed: timed out
2026-10-08T01:12:40Z  WARNING  thresholds fetch failed: timed out
2026-10-08T01:12:40Z  WARNING  stats fetch failed: timed out
2026-10-08T01:12:45Z  WARNING  thresholds fetch failed: timed out
2026-10-08T01:12:45Z  WARNING  stats fetch failed: timed out
2026-10-08T01:12:50Z  WARNING  thresholds fetch failed: timed out
2026-10-08T01:12:50Z  WARNING  stats fetch failed: timed out
2026-10-08T01:12:55Z  WARNING  thresholds fetch failed: timed out
2026-10-08T01:12:55Z  WARNING  stats fetch failed: timed out
2026-10-08T01:13:00Z  WARNING  thresholds fetch failed: timed out
2026-10-08T01:13:00Z  WARNING  stats fetch failed: timed out
2026-10-08T01:13:05Z  WARNING  thresholds fetch failed: timed out
2026-10-08T01:13:05Z  WARNING  stats fetch failed: <urlopen error timed out>
2026-10-08T01:13:10Z  WARNING  thresholds fetch failed: timed out
2026-10-08T01:13:10Z  WARNING  stats fetch failed: timed out
2026-10-08T01:13:15Z  WARNING  thresholds fetch failed: timed out
2026-10-08T01:13:15Z  WARNING  stats fetch failed: timed out
2026-10-08T01:13:20Z  WARNING  thresholds fetch failed: timed out
2026-10-08T01:13:20Z  WARNING  stats fetch failed: timed out
2026-10-08T01:13:25Z  WARNING  thresholds fetch failed: timed out
2026-10-08T01:13:25Z  WARNING  stats fetch failed: timed out
2026-10-08T01:13:30Z  WARNING  thresholds fetch failed: timed out
2026-10-08T01:13:30Z  WARNING  stats fetch failed: timed out
2026-10-08T01:13:35Z  WARNING  thresholds fetch failed: timed out
2026-10-08T01:13:35Z  WARNING  stats fetch failed: timed out
2026-10-08T01:13:40Z  WARNING  thresholds fetch failed: timed out
2026-10-08T01:13:40Z  WARNING  stats fetch failed: timed out
2026-10-08T01:13:45Z  WARNING  thresholds fetch failed: timed out
2026-10-08T01:13:45Z  WARNING  stats fetch failed: timed out
2026-10-08T01:13:50Z  WARNING  thresholds fetch failed: timed out
2026-10-08T01:13:50Z  WARNING  stats fetch failed: timed out
2026-10-08T01:13:55Z  WARNING  thresholds fetch failed: timed out
2026-10-08T01:13:55Z  WARNING  stats fetch failed: timed out
2026-10-08T01:14:00Z  WARNING  thresholds fetch failed: timed out
2026-10-08T01:14:00Z  WARNING  stats fetch failed: timed out
2026-10-08T01:14:05Z  WARNING  thresholds fetch failed: timed out
2026-10-08T01:14:05Z  WARNING  stats fetch failed: timed out
2026-10-08T01:14:10Z  WARNING  thresholds fetch failed: timed out
2026-10-08T01:14:10Z  WARNING  stats fetch failed: timed out
2026-10-08T01:14:15Z  WARNING  thresholds fetch failed: timed out
2026-10-08T01:14:15Z  WARNING  stats fetch failed: timed out
2026-10-08T01:14:20Z  WARNING  thresholds fetch failed: timed out
2026-10-08T01:14:20Z  WARNING  stats fetch failed: timed out
2026-10-08T01:14:25Z  WARNING  thresholds fetch failed: timed out
2026-10-08T01:14:25Z  WARNING  stats fetch failed: timed out
2026-10-08T01:14:30Z  WARNING  thresholds fetch failed: timed out
2026-10-08T01:14:30Z  WARNING  stats fetch failed: timed out
2026-10-08T01:14:35Z  WARNING  thresholds fetch failed: timed out
2026-10-08T01:14:35Z  WARNING  stats fetch failed: timed out
2026-10-08T01:14:40Z  WARNING  thresholds fetch failed: timed out
2026-10-08T01:14:40Z  WARNING  stats fetch failed: timed out
2026-10-08T01:14:45Z  WARNING  thresholds fetch failed: timed out
2026-10-08T01:14:45Z  WARNING  stats fetch failed: timed out
2026-10-08T01:14:50Z  WARNING  thresholds fetch failed: timed out
2026-10-08T01:14:50Z  WARNING  stats fetch failed: timed out
2026-10-08T01:14:55Z  WARNING  thresholds fetch failed: timed out
2026-10-08T01:14:55Z  WARNING  stats fetch failed: timed out
2026-10-08T01:15:00Z  WARNING  thresholds fetch failed: timed out
2026-10-08T01:15:00Z  WARNING  stats fetch failed: timed out
2026-10-08T01:15:05Z  WARNING  thresholds fetch failed: timed out
2026-10-08T01:15:05Z  WARNING  stats fetch failed: timed out
2026-10-08T01:15:10Z  WARNING  thresholds fetch failed: timed out
2026-10-08T01:15:10Z  WARNING  stats fetch failed: timed out
2026-10-08T01:15:15Z  WARNING  thresholds fetch failed: timed out
2026-10-08T01:15:15Z  WARNING  stats fetch failed: timed out
2026-10-08T01:15:20Z  WARNING  thresholds fetch failed: timed out
2026-10-08T01:15:20Z  WARNING  stats fetch failed: timed out
2026-10-08T01:15:25Z  WARNING  thresholds fetch failed: timed out
2026-10-08T01:15:25Z  WARNING  stats fetch failed: timed out
2026-10-08T01:15:30Z  WARNING  thresholds fetch failed: timed out
2026-10-08T01:15:30Z  WARNING  stats fetch failed: timed out
2026-10-08T01:15:35Z  WARNING  thresholds fetch failed: timed out
2026-10-08T01:15:35Z  WARNING  stats fetch failed: timed out
2026-10-08T01:15:40Z  WARNING  thresholds fetch failed: timed out
2026-10-08T01:15:40Z  WARNING  stats fetch failed: timed out
2026-10-08T01:15:45Z  WARNING  thresholds fetch failed: timed out
2026-10-08T01:15:45Z  WARNING  stats fetch failed: timed out
2026-10-08T01:15:50Z  WARNING  thresholds fetch failed: timed out
2026-10-08T01:15:50Z  WARNING  stats fetch failed: timed out
2026-10-08T01:15:55Z  WARNING  thresholds fetch failed: timed out
2026-10-08T01:15:55Z  WARNING  stats fetch failed: timed out
2026-10-08T01:16:00Z  WARNING  thresholds fetch failed: timed out
2026-10-08T01:16:00Z  WARNING  stats fetch failed: timed out
2026-10-08T01:16:04Z  SHUTDOWN  signal=15
2026-10-08T01:16:04Z  EXIT
