2026-09-15T17:58:00Z  START  poll_interval=1s layer_a_poll_interval=5s
2026-09-15T17:59:10Z  WARNING  thresholds fetch failed: timed out
2026-09-15T17:59:10Z  WARNING  stats fetch failed: timed out
2026-09-15T17:59:15Z  WARNING  thresholds fetch failed: timed out
2026-09-15T17:59:15Z  WARNING  stats fetch failed: timed out
2026-09-15T17:59:20Z  WARNING  thresholds fetch failed: timed out
2026-09-15T17:59:20Z  WARNING  stats fetch failed: timed out
2026-09-15T17:59:25Z  WARNING  thresholds fetch failed: timed out
2026-09-15T17:59:25Z  WARNING  stats fetch failed: timed out
2026-09-15T17:59:30Z  WARNING  thresholds fetch failed: timed out
2026-09-15T17:59:30Z  WARNING  stats fetch failed: timed out
2026-09-15T17:59:35Z  WARNING  thresholds fetch failed: timed out
2026-09-15T17:59:35Z  WARNING  stats fetch failed: timed out
2026-09-15T17:59:40Z  WARNING  thresholds fetch failed: timed out
2026-09-15T17:59:40Z  WARNING  stats fetch failed: timed out
2026-09-15T17:59:45Z  WARNING  thresholds fetch failed: timed out
2026-09-15T17:59:45Z  WARNING  stats fetch failed: timed out
2026-09-15T17:59:50Z  WARNING  thresholds fetch failed: timed out
2026-09-15T17:59:50Z  WARNING  stats fetch failed: timed out
2026-09-15T17:59:55Z  WARNING  thresholds fetch failed: timed out
2026-09-15T17:59:55Z  WARNING  stats fetch failed: timed out
2026-09-15T18:00:00Z  WARNING  thresholds fetch failed: timed out
2026-09-15T18:00:00Z  WARNING  stats fetch failed: timed out
2026-09-15T18:00:05Z  WARNING  thresholds fetch failed: timed out
2026-09-15T18:00:05Z  WARNING  stats fetch failed: timed out
2026-09-15T18:00:10Z  WARNING  thresholds fetch failed: timed out
2026-09-15T18:00:10Z  WARNING  stats fetch failed: timed out
2026-09-15T18:00:15Z  WARNING  thresholds fetch failed: timed out
2026-09-15T18:00:15Z  WARNING  stats fetch failed: timed out
2026-09-15T18:00:20Z  WARNING  thresholds fetch failed: timed out
2026-09-15T18:00:20Z  WARNING  stats fetch failed: timed out
2026-09-15T18:00:25Z  WARNING  thresholds fetch failed: timed out
2026-09-15T18:00:25Z  WARNING  stats fetch failed: timed out
2026-09-15T18:00:30Z  WARNING  thresholds fetch failed: timed out
2026-09-15T18:00:30Z  WARNING  stats fetch failed: timed out
2026-09-15T18:00:35Z  WARNING  thresholds fetch failed: timed out
2026-09-15T18:00:35Z  WARNING  stats fetch failed: timed out
2026-09-15T18:00:40Z  WARNING  thresholds fetch failed: timed out
2026-09-15T18:00:40Z  WARNING  stats fetch failed: timed out
2026-09-15T18:00:45Z  WARNING  thresholds fetch failed: timed out
2026-09-15T18:00:45Z  WARNING  stats fetch failed: timed out
2026-09-15T18:00:50Z  WARNING  thresholds fetch failed: timed out
2026-09-15T18:00:50Z  WARNING  stats fetch failed: timed out
2026-09-15T18:00:55Z  WARNING  thresholds fetch failed: timed out
2026-09-15T18:00:55Z  WARNING  stats fetch failed: timed out
2026-09-15T18:01:00Z  WARNING  thresholds fetch failed: timed out
2026-09-15T18:01:00Z  WARNING  stats fetch failed: timed out
2026-09-15T18:01:05Z  WARNING  thresholds fetch failed: timed out
2026-09-15T18:01:05Z  WARNING  stats fetch failed: timed out
2026-09-15T18:01:10Z  WARNING  thresholds fetch failed: timed out
2026-09-15T18:01:10Z  WARNING  stats fetch failed: timed out
2026-09-15T18:01:15Z  WARNING  thresholds fetch failed: timed out
2026-09-15T18:01:15Z  WARNING  stats fetch failed: timed out
2026-09-15T18:01:20Z  WARNING  thresholds fetch failed: timed out
2026-09-15T18:01:20Z  WARNING  stats fetch failed: timed out
2026-09-15T18:01:25Z  WARNING  thresholds fetch failed: timed out
2026-09-15T18:01:25Z  WARNING  stats fetch failed: timed out
2026-09-15T18:01:30Z  WARNING  thresholds fetch failed: timed out
2026-09-15T18:01:30Z  WARNING  stats fetch failed: timed out
2026-09-15T18:01:35Z  WARNING  thresholds fetch failed: timed out
2026-09-15T18:01:35Z  WARNING  stats fetch failed: timed out
2026-09-15T18:01:40Z  WARNING  thresholds fetch failed: timed out
2026-09-15T18:01:40Z  WARNING  stats fetch failed: <urlopen error timed out>
2026-09-15T18:01:45Z  WARNING  thresholds fetch failed: timed out
2026-09-15T18:01:45Z  WARNING  stats fetch failed: timed out
2026-09-15T18:01:50Z  WARNING  thresholds fetch failed: timed out
2026-09-15T18:01:50Z  WARNING  stats fetch failed: timed out
2026-09-15T18:01:55Z  WARNING  thresholds fetch failed: timed out
2026-09-15T18:01:55Z  WARNING  stats fetch failed: timed out
2026-09-15T18:02:00Z  WARNING  thresholds fetch failed: timed out
2026-09-15T18:02:00Z  WARNING  stats fetch failed: timed out
2026-09-15T18:02:05Z  WARNING  thresholds fetch failed: timed out
2026-09-15T18:02:05Z  WARNING  stats fetch failed: timed out
2026-09-15T18:02:10Z  WARNING  thresholds fetch failed: timed out
2026-09-15T18:02:10Z  WARNING  stats fetch failed: timed out
2026-09-15T18:02:15Z  WARNING  thresholds fetch failed: timed out
2026-09-15T18:02:15Z  WARNING  stats fetch failed: timed out
2026-09-15T18:02:20Z  WARNING  thresholds fetch failed: timed out
2026-09-15T18:02:20Z  WARNING  stats fetch failed: timed out
2026-09-15T18:02:25Z  WARNING  thresholds fetch failed: timed out
2026-09-15T18:02:25Z  WARNING  stats fetch failed: timed out
2026-09-15T18:02:30Z  WARNING  thresholds fetch failed: timed out
2026-09-15T18:02:30Z  WARNING  stats fetch failed: timed out
2026-09-15T18:02:35Z  WARNING  thresholds fetch failed: timed out
2026-09-15T18:02:35Z  WARNING  stats fetch failed: timed out
2026-09-15T18:02:40Z  WARNING  thresholds fetch failed: timed out
2026-09-15T18:02:40Z  WARNING  stats fetch failed: timed out
2026-09-15T18:02:45Z  WARNING  thresholds fetch failed: timed out
2026-09-15T18:02:45Z  WARNING  stats fetch failed: timed out
2026-09-15T18:02:50Z  WARNING  thresholds fetch failed: timed out
2026-09-15T18:02:50Z  WARNING  stats fetch failed: timed out
2026-09-15T18:02:55Z  WARNING  thresholds fetch failed: timed out
2026-09-15T18:02:55Z  WARNING  stats fetch failed: timed out
2026-09-15T18:03:00Z  WARNING  thresholds fetch failed: timed out
2026-09-15T18:03:00Z  WARNING  stats fetch failed: timed out
2026-09-15T18:03:05Z  WARNING  thresholds fetch failed: timed out
2026-09-15T18:03:05Z  WARNING  stats fetch failed: timed out
2026-09-15T18:03:10Z  WARNING  thresholds fetch failed: timed out
2026-09-15T18:03:10Z  WARNING  stats fetch failed: timed out
2026-09-15T18:03:15Z  WARNING  thresholds fetch failed: timed out
2026-09-15T18:03:15Z  WARNING  stats fetch failed: timed out
2026-09-15T18:03:20Z  WARNING  thresholds fetch failed: timed out
2026-09-15T18:03:20Z  WARNING  stats fetch failed: timed out
2026-09-15T18:03:25Z  WARNING  thresholds fetch failed: timed out
2026-09-15T18:03:25Z  WARNING  stats fetch failed: timed out
2026-09-15T18:03:30Z  WARNING  thresholds fetch failed: timed out
2026-09-15T18:03:30Z  WARNING  stats fetch failed: timed out
2026-09-15T18:03:35Z  WARNING  thresholds fetch failed: timed out
2026-09-15T18:03:35Z  WARNING  stats fetch failed: timed out
2026-09-15T18:03:40Z  WARNING  thresholds fetch failed: timed out
2026-09-15T18:03:40Z  WARNING  stats fetch failed: timed out
2026-09-15T18:03:45Z  WARNING  thresholds fetch failed: timed out
2026-09-15T18:03:45Z  WARNING  stats fetch failed: timed out
2026-09-15T18:03:50Z  WARNING  thresholds fetch failed: timed out
2026-09-15T18:03:50Z  WARNING  stats fetch failed: timed out
2026-09-15T18:03:55Z  WARNING  thresholds fetch failed: timed out
2026-09-15T18:03:55Z  WARNING  stats fetch failed: timed out
2026-09-15T18:04:00Z  WARNING  thresholds fetch failed: timed out
2026-09-15T18:04:00Z  WARNING  stats fetch failed: timed out
2026-09-15T18:04:05Z  WARNING  thresholds fetch failed: timed out
2026-09-15T18:04:05Z  WARNING  stats fetch failed: timed out
2026-09-15T18:04:10Z  WARNING  thresholds fetch failed: timed out
2026-09-15T18:04:10Z  WARNING  stats fetch failed: timed out
2026-09-15T18:04:15Z  WARNING  thresholds fetch failed: <urlopen error timed out>
2026-09-15T18:04:15Z  WARNING  stats fetch failed: timed out
2026-09-15T18:04:20Z  WARNING  thresholds fetch failed: timed out
2026-09-15T18:04:20Z  WARNING  stats fetch failed: timed out
2026-09-15T18:04:25Z  WARNING  thresholds fetch failed: timed out
2026-09-15T18:04:25Z  WARNING  stats fetch failed: timed out
2026-09-15T18:04:30Z  WARNING  thresholds fetch failed: timed out
2026-09-15T18:04:30Z  WARNING  stats fetch failed: timed out
2026-09-15T18:04:35Z  WARNING  thresholds fetch failed: timed out
2026-09-15T18:04:35Z  WARNING  stats fetch failed: timed out
2026-09-15T18:04:40Z  WARNING  thresholds fetch failed: timed out
2026-09-15T18:04:40Z  WARNING  stats fetch failed: timed out
2026-09-15T18:04:45Z  WARNING  thresholds fetch failed: timed out
2026-09-15T18:04:45Z  WARNING  stats fetch failed: timed out
2026-09-15T18:04:50Z  WARNING  thresholds fetch failed: timed out
2026-09-15T18:04:50Z  WARNING  stats fetch failed: timed out
2026-09-15T18:04:55Z  WARNING  thresholds fetch failed: timed out
2026-09-15T18:04:55Z  WARNING  stats fetch failed: timed out
2026-09-15T18:05:00Z  WARNING  thresholds fetch failed: timed out
2026-09-15T18:05:00Z  WARNING  stats fetch failed: timed out
2026-09-15T18:05:05Z  WARNING  thresholds fetch failed: timed out
2026-09-15T18:05:05Z  WARNING  stats fetch failed: timed out
2026-09-15T18:05:10Z  WARNING  thresholds fetch failed: timed out
2026-09-15T18:05:10Z  WARNING  stats fetch failed: timed out
2026-09-15T18:05:15Z  WARNING  thresholds fetch failed: timed out
2026-09-15T18:05:15Z  WARNING  stats fetch failed: timed out
2026-09-15T18:05:20Z  WARNING  thresholds fetch failed: timed out
2026-09-15T18:05:20Z  WARNING  stats fetch failed: timed out
2026-09-15T18:05:25Z  WARNING  thresholds fetch failed: timed out
2026-09-15T18:05:25Z  WARNING  stats fetch failed: timed out
2026-09-15T18:05:30Z  WARNING  thresholds fetch failed: timed out
2026-09-15T18:05:30Z  WARNING  stats fetch failed: timed out
2026-09-15T18:05:35Z  WARNING  thresholds fetch failed: timed out
2026-09-15T18:05:35Z  WARNING  stats fetch failed: timed out
2026-09-15T18:05:40Z  WARNING  thresholds fetch failed: timed out
2026-09-15T18:05:40Z  WARNING  stats fetch failed: timed out
2026-09-15T18:05:45Z  WARNING  thresholds fetch failed: timed out
2026-09-15T18:05:45Z  WARNING  stats fetch failed: timed out
2026-09-15T18:05:50Z  WARNING  thresholds fetch failed: timed out
2026-09-15T18:05:50Z  WARNING  stats fetch failed: timed out
2026-09-15T18:05:55Z  WARNING  thresholds fetch failed: timed out
2026-09-15T18:05:55Z  WARNING  stats fetch failed: timed out
2026-09-15T18:06:00Z  WARNING  thresholds fetch failed: timed out
2026-09-15T18:06:00Z  WARNING  stats fetch failed: timed out
2026-09-15T18:06:05Z  WARNING  thresholds fetch failed: timed out
2026-09-15T18:06:05Z  WARNING  stats fetch failed: timed out
2026-09-15T18:06:10Z  WARNING  thresholds fetch failed: timed out
2026-09-15T18:06:10Z  WARNING  stats fetch failed: timed out
2026-09-15T18:06:15Z  WARNING  thresholds fetch failed: timed out
2026-09-15T18:06:15Z  WARNING  stats fetch failed: timed out
2026-09-15T18:06:20Z  WARNING  thresholds fetch failed: timed out
2026-09-15T18:06:20Z  WARNING  stats fetch failed: timed out
2026-09-15T18:06:25Z  WARNING  thresholds fetch failed: timed out
2026-09-15T18:06:25Z  WARNING  stats fetch failed: timed out
2026-09-15T18:06:30Z  WARNING  thresholds fetch failed: timed out
2026-09-15T18:06:30Z  WARNING  stats fetch failed: timed out
2026-09-15T18:06:35Z  WARNING  thresholds fetch failed: timed out
2026-09-15T18:06:35Z  WARNING  stats fetch failed: timed out
2026-09-15T18:06:40Z  WARNING  thresholds fetch failed: timed out
2026-09-15T18:06:40Z  WARNING  stats fetch failed: timed out
2026-09-15T18:06:45Z  WARNING  thresholds fetch failed: timed out
2026-09-15T18:06:45Z  WARNING  stats fetch failed: timed out
2026-09-15T18:06:50Z  WARNING  thresholds fetch failed: timed out
2026-09-15T18:06:50Z  WARNING  stats fetch failed: timed out
2026-09-15T18:06:55Z  WARNING  thresholds fetch failed: timed out
2026-09-15T18:06:55Z  WARNING  stats fetch failed: timed out
2026-09-15T18:07:00Z  WARNING  thresholds fetch failed: timed out
2026-09-15T18:07:00Z  WARNING  stats fetch failed: timed out
2026-09-15T18:07:05Z  WARNING  thresholds fetch failed: timed out
2026-09-15T18:07:05Z  WARNING  stats fetch failed: timed out
2026-09-15T18:07:10Z  WARNING  thresholds fetch failed: timed out
2026-09-15T18:07:10Z  WARNING  stats fetch failed: timed out
2026-09-15T18:07:15Z  WARNING  thresholds fetch failed: timed out
2026-09-15T18:07:15Z  WARNING  stats fetch failed: timed out
2026-09-15T18:07:20Z  WARNING  thresholds fetch failed: timed out
2026-09-15T18:07:20Z  WARNING  stats fetch failed: timed out
2026-09-15T18:07:25Z  WARNING  thresholds fetch failed: timed out
2026-09-15T18:07:25Z  WARNING  stats fetch failed: timed out
2026-09-15T18:07:30Z  WARNING  thresholds fetch failed: timed out
2026-09-15T18:07:30Z  WARNING  stats fetch failed: timed out
2026-09-15T18:07:35Z  WARNING  thresholds fetch failed: timed out
2026-09-15T18:07:35Z  WARNING  stats fetch failed: timed out
2026-09-15T18:07:40Z  WARNING  thresholds fetch failed: timed out
2026-09-15T18:07:40Z  WARNING  stats fetch failed: timed out
2026-09-15T18:07:45Z  WARNING  thresholds fetch failed: timed out
2026-09-15T18:07:45Z  WARNING  stats fetch failed: timed out
2026-09-15T18:07:50Z  WARNING  thresholds fetch failed: timed out
2026-09-15T18:07:50Z  WARNING  stats fetch failed: timed out
2026-09-15T18:07:55Z  WARNING  thresholds fetch failed: timed out
2026-09-15T18:07:55Z  WARNING  stats fetch failed: timed out
2026-09-15T18:08:00Z  WARNING  thresholds fetch failed: timed out
2026-09-15T18:08:00Z  WARNING  stats fetch failed: timed out
2026-09-15T18:08:05Z  WARNING  thresholds fetch failed: timed out
2026-09-15T18:08:05Z  WARNING  stats fetch failed: timed out
2026-09-15T18:08:10Z  WARNING  thresholds fetch failed: timed out
2026-09-15T18:08:10Z  WARNING  stats fetch failed: timed out
2026-09-15T18:08:15Z  WARNING  thresholds fetch failed: timed out
2026-09-15T18:08:15Z  WARNING  stats fetch failed: timed out
2026-09-15T18:08:20Z  WARNING  thresholds fetch failed: timed out
2026-09-15T18:08:20Z  WARNING  stats fetch failed: timed out
2026-09-15T18:08:25Z  WARNING  thresholds fetch failed: timed out
2026-09-15T18:08:25Z  WARNING  stats fetch failed: timed out
2026-09-15T18:08:30Z  SHUTDOWN  signal=15
2026-09-15T18:08:30Z  EXIT
