2026-09-21T19:38:05Z  START  poll_interval=1s layer_a_poll_interval=5s
2026-09-21T19:38:30Z  WARNING  thresholds fetch failed: timed out
2026-09-21T19:38:30Z  WARNING  stats fetch failed: timed out
2026-09-21T19:38:35Z  WARNING  thresholds fetch failed: timed out
2026-09-21T19:38:35Z  WARNING  stats fetch failed: timed out
2026-09-21T19:38:40Z  WARNING  thresholds fetch failed: timed out
2026-09-21T19:38:40Z  WARNING  stats fetch failed: timed out
2026-09-21T19:38:45Z  WARNING  thresholds fetch failed: timed out
2026-09-21T19:38:45Z  WARNING  stats fetch failed: timed out
2026-09-21T19:38:50Z  WARNING  thresholds fetch failed: timed out
2026-09-21T19:38:50Z  WARNING  stats fetch failed: timed out
2026-09-21T19:38:55Z  WARNING  thresholds fetch failed: timed out
2026-09-21T19:38:55Z  WARNING  stats fetch failed: timed out
2026-09-21T19:39:00Z  WARNING  thresholds fetch failed: timed out
2026-09-21T19:39:00Z  WARNING  stats fetch failed: timed out
2026-09-21T19:39:05Z  WARNING  thresholds fetch failed: timed out
2026-09-21T19:39:05Z  WARNING  stats fetch failed: timed out
2026-09-21T19:39:10Z  WARNING  thresholds fetch failed: timed out
2026-09-21T19:39:10Z  WARNING  stats fetch failed: timed out
2026-09-21T19:39:15Z  WARNING  thresholds fetch failed: timed out
2026-09-21T19:39:15Z  WARNING  stats fetch failed: timed out
2026-09-21T19:39:20Z  WARNING  thresholds fetch failed: timed out
2026-09-21T19:39:20Z  WARNING  stats fetch failed: timed out
2026-09-21T19:39:25Z  WARNING  thresholds fetch failed: timed out
2026-09-21T19:39:25Z  WARNING  stats fetch failed: timed out
2026-09-21T19:39:30Z  WARNING  thresholds fetch failed: timed out
2026-09-21T19:39:30Z  WARNING  stats fetch failed: timed out
2026-09-21T19:39:35Z  WARNING  thresholds fetch failed: timed out
2026-09-21T19:39:35Z  WARNING  stats fetch failed: timed out
2026-09-21T19:39:40Z  WARNING  thresholds fetch failed: timed out
2026-09-21T19:39:40Z  WARNING  stats fetch failed: timed out
2026-09-21T19:39:45Z  WARNING  thresholds fetch failed: timed out
2026-09-21T19:39:45Z  WARNING  stats fetch failed: timed out
2026-09-21T19:39:50Z  WARNING  thresholds fetch failed: timed out
2026-09-21T19:39:50Z  WARNING  stats fetch failed: timed out
2026-09-21T19:39:55Z  WARNING  thresholds fetch failed: timed out
2026-09-21T19:39:55Z  WARNING  stats fetch failed: timed out
2026-09-21T19:40:00Z  WARNING  thresholds fetch failed: timed out
2026-09-21T19:40:00Z  WARNING  stats fetch failed: timed out
2026-09-21T19:40:05Z  WARNING  thresholds fetch failed: timed out
2026-09-21T19:40:05Z  WARNING  stats fetch failed: timed out
2026-09-21T19:40:10Z  WARNING  thresholds fetch failed: timed out
2026-09-21T19:40:10Z  WARNING  stats fetch failed: timed out
2026-09-21T19:40:15Z  WARNING  thresholds fetch failed: timed out
2026-09-21T19:40:15Z  WARNING  stats fetch failed: timed out
2026-09-21T19:40:20Z  WARNING  thresholds fetch failed: timed out
2026-09-21T19:40:20Z  WARNING  stats fetch failed: timed out
2026-09-21T19:40:25Z  WARNING  thresholds fetch failed: timed out
2026-09-21T19:40:25Z  WARNING  stats fetch failed: timed out
2026-09-21T19:40:30Z  WARNING  thresholds fetch failed: timed out
2026-09-21T19:40:30Z  WARNING  stats fetch failed: timed out
2026-09-21T19:40:35Z  WARNING  thresholds fetch failed: timed out
2026-09-21T19:40:35Z  WARNING  stats fetch failed: timed out
2026-09-21T19:40:40Z  WARNING  thresholds fetch failed: timed out
2026-09-21T19:40:40Z  WARNING  stats fetch failed: timed out
2026-09-21T19:40:45Z  WARNING  thresholds fetch failed: timed out
2026-09-21T19:40:45Z  WARNING  stats fetch failed: timed out
2026-09-21T19:40:50Z  WARNING  thresholds fetch failed: timed out
2026-09-21T19:40:50Z  WARNING  stats fetch failed: timed out
2026-09-21T19:40:55Z  WARNING  thresholds fetch failed: timed out
2026-09-21T19:40:55Z  WARNING  stats fetch failed: timed out
2026-09-21T19:41:00Z  WARNING  thresholds fetch failed: timed out
2026-09-21T19:41:00Z  WARNING  stats fetch failed: timed out
2026-09-21T19:41:05Z  WARNING  thresholds fetch failed: timed out
2026-09-21T19:41:05Z  WARNING  stats fetch failed: timed out
2026-09-21T19:41:10Z  WARNING  thresholds fetch failed: timed out
2026-09-21T19:41:10Z  WARNING  stats fetch failed: timed out
2026-09-21T19:41:15Z  WARNING  thresholds fetch failed: timed out
2026-09-21T19:41:15Z  WARNING  stats fetch failed: timed out
2026-09-21T19:41:20Z  WARNING  thresholds fetch failed: timed out
2026-09-21T19:41:20Z  WARNING  stats fetch failed: timed out
2026-09-21T19:41:25Z  WARNING  thresholds fetch failed: timed out
2026-09-21T19:41:25Z  WARNING  stats fetch failed: timed out
2026-09-21T19:41:30Z  WARNING  thresholds fetch failed: timed out
2026-09-21T19:41:30Z  WARNING  stats fetch failed: timed out
2026-09-21T19:41:35Z  WARNING  thresholds fetch failed: timed out
2026-09-21T19:41:35Z  WARNING  stats fetch failed: timed out
2026-09-21T19:41:40Z  WARNING  thresholds fetch failed: timed out
2026-09-21T19:41:40Z  WARNING  stats fetch failed: timed out
2026-09-21T19:41:45Z  WARNING  thresholds fetch failed: timed out
2026-09-21T19:41:45Z  WARNING  stats fetch failed: timed out
2026-09-21T19:41:50Z  WARNING  thresholds fetch failed: timed out
2026-09-21T19:41:50Z  WARNING  stats fetch failed: timed out
2026-09-21T19:41:55Z  WARNING  thresholds fetch failed: timed out
2026-09-21T19:41:55Z  WARNING  stats fetch failed: timed out
2026-09-21T19:42:00Z  WARNING  thresholds fetch failed: timed out
2026-09-21T19:42:00Z  WARNING  stats fetch failed: timed out
2026-09-21T19:42:05Z  WARNING  thresholds fetch failed: timed out
2026-09-21T19:42:05Z  WARNING  stats fetch failed: timed out
2026-09-21T19:42:10Z  WARNING  thresholds fetch failed: timed out
2026-09-21T19:42:10Z  WARNING  stats fetch failed: timed out
2026-09-21T19:42:15Z  WARNING  thresholds fetch failed: timed out
2026-09-21T19:42:15Z  WARNING  stats fetch failed: timed out
2026-09-21T19:42:20Z  WARNING  thresholds fetch failed: timed out
2026-09-21T19:42:20Z  WARNING  stats fetch failed: timed out
2026-09-21T19:42:25Z  WARNING  thresholds fetch failed: timed out
2026-09-21T19:42:25Z  WARNING  stats fetch failed: timed out
2026-09-21T19:42:30Z  WARNING  thresholds fetch failed: timed out
2026-09-21T19:42:30Z  WARNING  stats fetch failed: timed out
2026-09-21T19:42:35Z  WARNING  thresholds fetch failed: timed out
2026-09-21T19:42:35Z  WARNING  stats fetch failed: timed out
2026-09-21T19:42:40Z  WARNING  thresholds fetch failed: timed out
2026-09-21T19:42:40Z  WARNING  stats fetch failed: timed out
2026-09-21T19:42:45Z  WARNING  thresholds fetch failed: timed out
2026-09-21T19:42:45Z  WARNING  stats fetch failed: timed out
2026-09-21T19:42:50Z  WARNING  thresholds fetch failed: timed out
2026-09-21T19:42:50Z  WARNING  stats fetch failed: timed out
2026-09-21T19:42:55Z  WARNING  thresholds fetch failed: timed out
2026-09-21T19:42:55Z  WARNING  stats fetch failed: timed out
2026-09-21T19:43:00Z  WARNING  thresholds fetch failed: timed out
2026-09-21T19:43:00Z  WARNING  stats fetch failed: timed out
2026-09-21T19:43:05Z  WARNING  thresholds fetch failed: timed out
2026-09-21T19:43:05Z  WARNING  stats fetch failed: timed out
2026-09-21T19:43:10Z  WARNING  thresholds fetch failed: timed out
2026-09-21T19:43:10Z  WARNING  stats fetch failed: timed out
2026-09-21T19:43:15Z  WARNING  thresholds fetch failed: timed out
2026-09-21T19:43:15Z  WARNING  stats fetch failed: timed out
2026-09-21T19:43:20Z  WARNING  thresholds fetch failed: timed out
2026-09-21T19:43:20Z  WARNING  stats fetch failed: timed out
2026-09-21T19:43:25Z  WARNING  thresholds fetch failed: timed out
2026-09-21T19:43:25Z  WARNING  stats fetch failed: timed out
2026-09-21T19:43:30Z  WARNING  thresholds fetch failed: timed out
2026-09-21T19:43:30Z  WARNING  stats fetch failed: timed out
2026-09-21T19:43:35Z  WARNING  thresholds fetch failed: timed out
2026-09-21T19:43:35Z  WARNING  stats fetch failed: timed out
2026-09-21T19:43:40Z  WARNING  thresholds fetch failed: timed out
2026-09-21T19:43:40Z  WARNING  stats fetch failed: timed out
2026-09-21T19:43:45Z  WARNING  thresholds fetch failed: timed out
2026-09-21T19:43:45Z  WARNING  stats fetch failed: timed out
2026-09-21T19:43:50Z  WARNING  thresholds fetch failed: timed out
2026-09-21T19:43:50Z  WARNING  stats fetch failed: timed out
2026-09-21T19:43:55Z  WARNING  thresholds fetch failed: timed out
2026-09-21T19:43:55Z  WARNING  stats fetch failed: timed out
2026-09-21T19:44:00Z  WARNING  thresholds fetch failed: timed out
2026-09-21T19:44:00Z  WARNING  stats fetch failed: timed out
2026-09-21T19:44:05Z  WARNING  thresholds fetch failed: timed out
2026-09-21T19:44:05Z  WARNING  stats fetch failed: timed out
2026-09-21T19:44:10Z  WARNING  thresholds fetch failed: timed out
2026-09-21T19:44:10Z  WARNING  stats fetch failed: timed out
2026-09-21T19:44:15Z  WARNING  thresholds fetch failed: timed out
2026-09-21T19:44:15Z  WARNING  stats fetch failed: timed out
2026-09-21T19:44:20Z  WARNING  thresholds fetch failed: timed out
2026-09-21T19:44:20Z  WARNING  stats fetch failed: timed out
2026-09-21T19:44:25Z  WARNING  thresholds fetch failed: timed out
2026-09-21T19:44:25Z  WARNING  stats fetch failed: timed out
2026-09-21T19:44:30Z  WARNING  thresholds fetch failed: timed out
2026-09-21T19:44:30Z  WARNING  stats fetch failed: timed out
2026-09-21T19:44:35Z  WARNING  thresholds fetch failed: timed out
2026-09-21T19:44:35Z  WARNING  stats fetch failed: timed out
2026-09-21T19:44:40Z  WARNING  thresholds fetch failed: timed out
2026-09-21T19:44:40Z  WARNING  stats fetch failed: timed out
2026-09-21T19:44:45Z  WARNING  thresholds fetch failed: timed out
2026-09-21T19:44:45Z  WARNING  stats fetch failed: timed out
2026-09-21T19:44:50Z  WARNING  thresholds fetch failed: timed out
2026-09-21T19:44:50Z  WARNING  stats fetch failed: timed out
2026-09-21T19:44:55Z  WARNING  thresholds fetch failed: timed out
2026-09-21T19:44:55Z  WARNING  stats fetch failed: timed out
2026-09-21T19:45:00Z  WARNING  thresholds fetch failed: timed out
2026-09-21T19:45:00Z  WARNING  stats fetch failed: timed out
2026-09-21T19:45:05Z  WARNING  thresholds fetch failed: timed out
2026-09-21T19:45:05Z  WARNING  stats fetch failed: timed out
2026-09-21T19:45:10Z  WARNING  thresholds fetch failed: timed out
2026-09-21T19:45:10Z  WARNING  stats fetch failed: timed out
2026-09-21T19:45:15Z  WARNING  thresholds fetch failed: timed out
2026-09-21T19:45:15Z  WARNING  stats fetch failed: timed out
2026-09-21T19:45:20Z  WARNING  thresholds fetch failed: timed out
2026-09-21T19:45:20Z  WARNING  stats fetch failed: timed out
2026-09-21T19:45:25Z  WARNING  thresholds fetch failed: timed out
2026-09-21T19:45:25Z  WARNING  stats fetch failed: timed out
2026-09-21T19:45:30Z  WARNING  thresholds fetch failed: timed out
2026-09-21T19:45:30Z  WARNING  stats fetch failed: timed out
2026-09-21T19:45:35Z  WARNING  thresholds fetch failed: timed out
2026-09-21T19:45:35Z  WARNING  stats fetch failed: timed out
2026-09-21T19:45:40Z  WARNING  thresholds fetch failed: timed out
2026-09-21T19:45:40Z  WARNING  stats fetch failed: timed out
2026-09-21T19:45:45Z  WARNING  thresholds fetch failed: timed out
2026-09-21T19:45:45Z  WARNING  stats fetch failed: timed out
2026-09-21T19:45:50Z  WARNING  thresholds fetch failed: timed out
2026-09-21T19:45:50Z  WARNING  stats fetch failed: timed out
2026-09-21T19:45:55Z  WARNING  thresholds fetch failed: timed out
2026-09-21T19:45:55Z  WARNING  stats fetch failed: timed out
2026-09-21T19:46:00Z  WARNING  thresholds fetch failed: timed out
2026-09-21T19:46:00Z  WARNING  stats fetch failed: timed out
2026-09-21T19:46:05Z  WARNING  thresholds fetch failed: timed out
2026-09-21T19:46:05Z  WARNING  stats fetch failed: timed out
2026-09-21T19:46:10Z  WARNING  thresholds fetch failed: timed out
2026-09-21T19:46:10Z  WARNING  stats fetch failed: timed out
2026-09-21T19:46:15Z  WARNING  thresholds fetch failed: timed out
2026-09-21T19:46:15Z  WARNING  stats fetch failed: timed out
2026-09-21T19:46:20Z  WARNING  thresholds fetch failed: timed out
2026-09-21T19:46:20Z  WARNING  stats fetch failed: timed out
2026-09-21T19:46:25Z  WARNING  thresholds fetch failed: timed out
2026-09-21T19:46:25Z  WARNING  stats fetch failed: timed out
2026-09-21T19:46:30Z  WARNING  thresholds fetch failed: timed out
2026-09-21T19:46:30Z  WARNING  stats fetch failed: timed out
2026-09-21T19:46:35Z  WARNING  thresholds fetch failed: timed out
2026-09-21T19:46:35Z  WARNING  stats fetch failed: timed out
2026-09-21T19:46:40Z  WARNING  thresholds fetch failed: <urlopen error timed out>
2026-09-21T19:46:40Z  WARNING  stats fetch failed: timed out
2026-09-21T19:46:45Z  WARNING  thresholds fetch failed: timed out
2026-09-21T19:46:45Z  WARNING  stats fetch failed: timed out
2026-09-21T19:46:50Z  WARNING  thresholds fetch failed: timed out
2026-09-21T19:46:50Z  WARNING  stats fetch failed: timed out
2026-09-21T19:46:55Z  WARNING  thresholds fetch failed: timed out
2026-09-21T19:46:55Z  WARNING  stats fetch failed: timed out
2026-09-21T19:47:00Z  WARNING  thresholds fetch failed: timed out
2026-09-21T19:47:00Z  WARNING  stats fetch failed: timed out
2026-09-21T19:47:05Z  WARNING  thresholds fetch failed: timed out
2026-09-21T19:47:05Z  WARNING  stats fetch failed: timed out
2026-09-21T19:47:10Z  WARNING  thresholds fetch failed: timed out
2026-09-21T19:47:10Z  WARNING  stats fetch failed: timed out
2026-09-21T19:47:15Z  WARNING  thresholds fetch failed: timed out
2026-09-21T19:47:15Z  WARNING  stats fetch failed: timed out
2026-09-21T19:47:20Z  WARNING  thresholds fetch failed: timed out
2026-09-21T19:47:20Z  WARNING  stats fetch failed: timed out
2026-09-21T19:47:25Z  WARNING  thresholds fetch failed: timed out
2026-09-21T19:47:25Z  WARNING  stats fetch failed: timed out
2026-09-21T19:47:30Z  WARNING  thresholds fetch failed: timed out
2026-09-21T19:47:30Z  WARNING  stats fetch failed: timed out
2026-09-21T19:47:35Z  WARNING  thresholds fetch failed: timed out
2026-09-21T19:47:35Z  WARNING  stats fetch failed: timed out
2026-09-21T19:47:40Z  WARNING  thresholds fetch failed: timed out
2026-09-21T19:47:40Z  WARNING  stats fetch failed: timed out
2026-09-21T19:47:45Z  WARNING  thresholds fetch failed: timed out
2026-09-21T19:47:45Z  WARNING  stats fetch failed: timed out
2026-09-21T19:47:50Z  WARNING  thresholds fetch failed: timed out
2026-09-21T19:47:50Z  WARNING  stats fetch failed: timed out
2026-09-21T19:47:55Z  WARNING  thresholds fetch failed: timed out
2026-09-21T19:47:55Z  WARNING  stats fetch failed: timed out
2026-09-21T19:48:00Z  WARNING  thresholds fetch failed: timed out
2026-09-21T19:48:00Z  WARNING  stats fetch failed: timed out
2026-09-21T19:48:05Z  WARNING  thresholds fetch failed: timed out
2026-09-21T19:48:05Z  WARNING  stats fetch failed: timed out
2026-09-21T19:48:10Z  WARNING  thresholds fetch failed: timed out
2026-09-21T19:48:10Z  WARNING  stats fetch failed: timed out
2026-09-21T19:48:15Z  WARNING  thresholds fetch failed: timed out
2026-09-21T19:48:15Z  WARNING  stats fetch failed: timed out
2026-09-21T19:48:20Z  WARNING  thresholds fetch failed: timed out
2026-09-21T19:48:20Z  WARNING  stats fetch failed: timed out
2026-09-21T19:48:25Z  WARNING  thresholds fetch failed: timed out
2026-09-21T19:48:25Z  WARNING  stats fetch failed: timed out
2026-09-21T19:48:30Z  WARNING  thresholds fetch failed: timed out
2026-09-21T19:48:30Z  WARNING  stats fetch failed: timed out
2026-09-21T19:48:35Z  WARNING  thresholds fetch failed: timed out
2026-09-21T19:48:35Z  WARNING  stats fetch failed: timed out
2026-09-21T19:48:40Z  WARNING  thresholds fetch failed: timed out
2026-09-21T19:48:40Z  WARNING  stats fetch failed: timed out
2026-09-21T19:48:45Z  WARNING  thresholds fetch failed: timed out
2026-09-21T19:48:45Z  WARNING  stats fetch failed: timed out
2026-09-21T19:48:50Z  WARNING  thresholds fetch failed: timed out
2026-09-21T19:48:50Z  WARNING  stats fetch failed: timed out
2026-09-21T19:48:55Z  WARNING  thresholds fetch failed: timed out
2026-09-21T19:48:55Z  WARNING  stats fetch failed: timed out
2026-09-21T19:49:00Z  WARNING  thresholds fetch failed: timed out
2026-09-21T19:49:00Z  WARNING  stats fetch failed: timed out
2026-09-21T19:49:05Z  WARNING  thresholds fetch failed: timed out
2026-09-21T19:49:05Z  WARNING  stats fetch failed: timed out
2026-09-21T19:49:10Z  WARNING  thresholds fetch failed: timed out
2026-09-21T19:49:10Z  WARNING  stats fetch failed: timed out
2026-09-21T19:49:15Z  WARNING  thresholds fetch failed: timed out
2026-09-21T19:49:15Z  WARNING  stats fetch failed: timed out
2026-09-21T19:49:20Z  WARNING  thresholds fetch failed: timed out
2026-09-21T19:49:20Z  WARNING  stats fetch failed: timed out
2026-09-21T19:49:25Z  WARNING  thresholds fetch failed: timed out
2026-09-21T19:49:25Z  WARNING  stats fetch failed: timed out
2026-09-21T19:49:30Z  WARNING  thresholds fetch failed: timed out
2026-09-21T19:49:30Z  WARNING  stats fetch failed: timed out
2026-09-21T19:49:35Z  WARNING  thresholds fetch failed: timed out
2026-09-21T19:49:35Z  WARNING  stats fetch failed: timed out
2026-09-21T19:49:40Z  WARNING  thresholds fetch failed: timed out
2026-09-21T19:49:40Z  WARNING  stats fetch failed: timed out
2026-09-21T19:49:45Z  WARNING  thresholds fetch failed: timed out
2026-09-21T19:49:45Z  WARNING  stats fetch failed: timed out
2026-09-21T19:49:50Z  WARNING  thresholds fetch failed: timed out
2026-09-21T19:49:50Z  WARNING  stats fetch failed: timed out
2026-09-21T19:49:55Z  WARNING  thresholds fetch failed: timed out
2026-09-21T19:49:55Z  WARNING  stats fetch failed: timed out
2026-09-21T19:50:00Z  WARNING  thresholds fetch failed: timed out
2026-09-21T19:50:00Z  WARNING  stats fetch failed: timed out
2026-09-21T19:50:05Z  WARNING  thresholds fetch failed: timed out
2026-09-21T19:50:05Z  WARNING  stats fetch failed: timed out
2026-09-21T19:50:10Z  WARNING  thresholds fetch failed: <urlopen error timed out>
2026-09-21T19:50:10Z  WARNING  stats fetch failed: timed out
2026-09-21T19:50:15Z  WARNING  thresholds fetch failed: timed out
2026-09-21T19:50:15Z  WARNING  stats fetch failed: timed out
2026-09-21T19:50:20Z  WARNING  thresholds fetch failed: timed out
2026-09-21T19:50:20Z  WARNING  stats fetch failed: timed out
2026-09-21T19:50:25Z  WARNING  thresholds fetch failed: timed out
2026-09-21T19:50:25Z  WARNING  stats fetch failed: timed out
2026-09-21T19:50:30Z  WARNING  thresholds fetch failed: timed out
2026-09-21T19:50:30Z  WARNING  stats fetch failed: timed out
2026-09-21T19:50:35Z  WARNING  thresholds fetch failed: timed out
2026-09-21T19:50:35Z  WARNING  stats fetch failed: timed out
2026-09-21T19:50:40Z  WARNING  thresholds fetch failed: timed out
2026-09-21T19:50:40Z  WARNING  stats fetch failed: timed out
2026-09-21T19:50:45Z  WARNING  thresholds fetch failed: timed out
2026-09-21T19:50:45Z  WARNING  stats fetch failed: timed out
2026-09-21T19:50:50Z  WARNING  thresholds fetch failed: timed out
2026-09-21T19:50:50Z  WARNING  stats fetch failed: timed out
2026-09-21T19:50:55Z  WARNING  thresholds fetch failed: timed out
2026-09-21T19:50:55Z  WARNING  stats fetch failed: timed out
2026-09-21T19:51:00Z  WARNING  thresholds fetch failed: timed out
2026-09-21T19:51:00Z  WARNING  stats fetch failed: timed out
2026-09-21T19:51:05Z  WARNING  thresholds fetch failed: timed out
2026-09-21T19:51:05Z  WARNING  stats fetch failed: timed out
2026-09-21T19:51:10Z  WARNING  thresholds fetch failed: timed out
2026-09-21T19:51:10Z  WARNING  stats fetch failed: timed out
2026-09-21T19:51:15Z  WARNING  thresholds fetch failed: timed out
2026-09-21T19:51:15Z  WARNING  stats fetch failed: timed out
2026-09-21T19:51:20Z  WARNING  thresholds fetch failed: timed out
2026-09-21T19:51:20Z  WARNING  stats fetch failed: timed out
2026-09-21T19:51:25Z  WARNING  thresholds fetch failed: timed out
2026-09-21T19:51:25Z  WARNING  stats fetch failed: timed out
2026-09-21T19:51:30Z  WARNING  thresholds fetch failed: timed out
2026-09-21T19:51:30Z  WARNING  stats fetch failed: timed out
2026-09-21T19:51:35Z  WARNING  thresholds fetch failed: timed out
2026-09-21T19:51:35Z  WARNING  stats fetch failed: timed out
2026-09-21T19:51:40Z  WARNING  thresholds fetch failed: timed out
2026-09-21T19:51:40Z  WARNING  stats fetch failed: timed out
2026-09-21T19:51:45Z  WARNING  thresholds fetch failed: timed out
2026-09-21T19:51:45Z  WARNING  stats fetch failed: timed out
2026-09-21T19:51:50Z  WARNING  thresholds fetch failed: timed out
2026-09-21T19:51:50Z  WARNING  stats fetch failed: timed out
2026-09-21T19:51:55Z  WARNING  thresholds fetch failed: timed out
2026-09-21T19:51:55Z  WARNING  stats fetch failed: timed out
2026-09-21T19:52:00Z  WARNING  thresholds fetch failed: timed out
2026-09-21T19:52:00Z  WARNING  stats fetch failed: timed out
2026-09-21T19:52:05Z  WARNING  thresholds fetch failed: timed out
2026-09-21T19:52:05Z  WARNING  stats fetch failed: timed out
2026-09-21T19:52:10Z  WARNING  thresholds fetch failed: timed out
2026-09-21T19:52:10Z  WARNING  stats fetch failed: timed out
2026-09-21T19:52:15Z  WARNING  thresholds fetch failed: timed out
2026-09-21T19:52:15Z  WARNING  stats fetch failed: timed out
2026-09-21T19:52:20Z  WARNING  thresholds fetch failed: timed out
2026-09-21T19:52:20Z  WARNING  stats fetch failed: timed out
2026-09-21T19:52:25Z  WARNING  thresholds fetch failed: timed out
2026-09-21T19:52:25Z  WARNING  stats fetch failed: timed out
2026-09-21T19:52:30Z  WARNING  thresholds fetch failed: timed out
2026-09-21T19:52:30Z  WARNING  stats fetch failed: timed out
2026-09-21T19:52:35Z  WARNING  thresholds fetch failed: timed out
2026-09-21T19:52:35Z  WARNING  stats fetch failed: timed out
2026-09-21T19:52:40Z  WARNING  thresholds fetch failed: timed out
2026-09-21T19:52:40Z  WARNING  stats fetch failed: timed out
2026-09-21T19:52:45Z  WARNING  thresholds fetch failed: timed out
2026-09-21T19:52:45Z  WARNING  stats fetch failed: timed out
2026-09-21T19:52:50Z  WARNING  thresholds fetch failed: timed out
2026-09-21T19:52:50Z  WARNING  stats fetch failed: timed out
2026-09-21T19:52:55Z  WARNING  thresholds fetch failed: timed out
2026-09-21T19:52:55Z  WARNING  stats fetch failed: timed out
2026-09-21T19:53:00Z  WARNING  thresholds fetch failed: timed out
2026-09-21T19:53:00Z  WARNING  stats fetch failed: timed out
2026-09-21T19:53:05Z  WARNING  thresholds fetch failed: timed out
2026-09-21T19:53:05Z  WARNING  stats fetch failed: timed out
2026-09-21T19:53:10Z  WARNING  thresholds fetch failed: timed out
2026-09-21T19:53:10Z  WARNING  stats fetch failed: timed out
2026-09-21T19:53:15Z  WARNING  thresholds fetch failed: timed out
2026-09-21T19:53:15Z  WARNING  stats fetch failed: timed out
2026-09-21T19:53:20Z  WARNING  thresholds fetch failed: timed out
2026-09-21T19:53:20Z  WARNING  stats fetch failed: timed out
2026-09-21T19:53:25Z  WARNING  thresholds fetch failed: timed out
2026-09-21T19:53:25Z  WARNING  stats fetch failed: timed out
2026-09-21T19:53:30Z  WARNING  thresholds fetch failed: timed out
2026-09-21T19:53:30Z  WARNING  stats fetch failed: timed out
2026-09-21T19:53:35Z  SHUTDOWN  signal=15
2026-09-21T19:53:35Z  EXIT
