2026-09-26T12:56:17Z  START  poll_interval=1s layer_a_poll_interval=5s
2026-09-26T12:57:20Z  WARNING  thresholds fetch failed: timed out
2026-09-26T12:57:20Z  WARNING  stats fetch failed: timed out
2026-09-26T12:57:25Z  WARNING  thresholds fetch failed: timed out
2026-09-26T12:57:25Z  WARNING  stats fetch failed: timed out
2026-09-26T12:57:30Z  WARNING  thresholds fetch failed: timed out
2026-09-26T12:57:30Z  WARNING  stats fetch failed: timed out
2026-09-26T12:57:35Z  WARNING  thresholds fetch failed: timed out
2026-09-26T12:57:35Z  WARNING  stats fetch failed: timed out
2026-09-26T12:57:40Z  WARNING  thresholds fetch failed: timed out
2026-09-26T12:57:40Z  WARNING  stats fetch failed: timed out
2026-09-26T12:57:45Z  WARNING  thresholds fetch failed: timed out
2026-09-26T12:57:45Z  WARNING  stats fetch failed: timed out
2026-09-26T12:57:50Z  WARNING  thresholds fetch failed: timed out
2026-09-26T12:57:50Z  WARNING  stats fetch failed: timed out
2026-09-26T12:57:55Z  WARNING  thresholds fetch failed: timed out
2026-09-26T12:57:55Z  WARNING  stats fetch failed: timed out
2026-09-26T12:58:00Z  WARNING  thresholds fetch failed: timed out
2026-09-26T12:58:00Z  WARNING  stats fetch failed: timed out
2026-09-26T12:58:05Z  WARNING  thresholds fetch failed: timed out
2026-09-26T12:58:05Z  WARNING  stats fetch failed: timed out
2026-09-26T12:58:10Z  WARNING  thresholds fetch failed: timed out
2026-09-26T12:58:10Z  WARNING  stats fetch failed: timed out
2026-09-26T12:58:15Z  WARNING  thresholds fetch failed: timed out
2026-09-26T12:58:15Z  WARNING  stats fetch failed: timed out
2026-09-26T12:58:20Z  WARNING  thresholds fetch failed: timed out
2026-09-26T12:58:20Z  WARNING  stats fetch failed: timed out
2026-09-26T12:58:25Z  WARNING  thresholds fetch failed: timed out
2026-09-26T12:58:25Z  WARNING  stats fetch failed: timed out
2026-09-26T12:58:30Z  WARNING  thresholds fetch failed: timed out
2026-09-26T12:58:30Z  WARNING  stats fetch failed: timed out
2026-09-26T12:58:35Z  WARNING  thresholds fetch failed: timed out
2026-09-26T12:58:35Z  WARNING  stats fetch failed: timed out
2026-09-26T12:58:40Z  WARNING  thresholds fetch failed: timed out
2026-09-26T12:58:40Z  WARNING  stats fetch failed: timed out
2026-09-26T12:58:45Z  WARNING  thresholds fetch failed: timed out
2026-09-26T12:58:45Z  WARNING  stats fetch failed: timed out
2026-09-26T12:58:50Z  WARNING  thresholds fetch failed: timed out
2026-09-26T12:58:50Z  WARNING  stats fetch failed: timed out
2026-09-26T12:58:55Z  WARNING  thresholds fetch failed: timed out
2026-09-26T12:58:55Z  WARNING  stats fetch failed: timed out
2026-09-26T12:59:00Z  WARNING  thresholds fetch failed: timed out
2026-09-26T12:59:00Z  WARNING  stats fetch failed: timed out
2026-09-26T12:59:05Z  WARNING  thresholds fetch failed: timed out
2026-09-26T12:59:05Z  WARNING  stats fetch failed: timed out
2026-09-26T12:59:10Z  WARNING  thresholds fetch failed: timed out
2026-09-26T12:59:10Z  WARNING  stats fetch failed: timed out
2026-09-26T12:59:15Z  WARNING  thresholds fetch failed: timed out
2026-09-26T12:59:15Z  WARNING  stats fetch failed: timed out
2026-09-26T12:59:20Z  WARNING  thresholds fetch failed: timed out
2026-09-26T12:59:20Z  WARNING  stats fetch failed: timed out
2026-09-26T12:59:25Z  WARNING  thresholds fetch failed: timed out
2026-09-26T12:59:25Z  WARNING  stats fetch failed: timed out
2026-09-26T12:59:30Z  WARNING  thresholds fetch failed: timed out
2026-09-26T12:59:30Z  WARNING  stats fetch failed: timed out
2026-09-26T12:59:35Z  WARNING  thresholds fetch failed: timed out
2026-09-26T12:59:35Z  WARNING  stats fetch failed: timed out
2026-09-26T12:59:40Z  WARNING  thresholds fetch failed: timed out
2026-09-26T12:59:40Z  WARNING  stats fetch failed: timed out
2026-09-26T12:59:45Z  WARNING  thresholds fetch failed: timed out
2026-09-26T12:59:45Z  WARNING  stats fetch failed: timed out
2026-09-26T12:59:50Z  WARNING  thresholds fetch failed: timed out
2026-09-26T12:59:50Z  WARNING  stats fetch failed: timed out
2026-09-26T12:59:55Z  WARNING  thresholds fetch failed: timed out
2026-09-26T12:59:55Z  WARNING  stats fetch failed: timed out
2026-09-26T13:00:00Z  WARNING  thresholds fetch failed: timed out
2026-09-26T13:00:00Z  WARNING  stats fetch failed: timed out
2026-09-26T13:00:05Z  WARNING  thresholds fetch failed: timed out
2026-09-26T13:00:05Z  WARNING  stats fetch failed: timed out
2026-09-26T13:00:10Z  WARNING  thresholds fetch failed: timed out
2026-09-26T13:00:10Z  WARNING  stats fetch failed: timed out
2026-09-26T13:00:15Z  WARNING  thresholds fetch failed: timed out
2026-09-26T13:00:15Z  WARNING  stats fetch failed: timed out
2026-09-26T13:00:20Z  WARNING  thresholds fetch failed: timed out
2026-09-26T13:00:20Z  WARNING  stats fetch failed: timed out
2026-09-26T13:00:25Z  WARNING  thresholds fetch failed: timed out
2026-09-26T13:00:25Z  WARNING  stats fetch failed: timed out
2026-09-26T13:00:30Z  WARNING  thresholds fetch failed: timed out
2026-09-26T13:00:30Z  WARNING  stats fetch failed: timed out
2026-09-26T13:00:35Z  WARNING  thresholds fetch failed: timed out
2026-09-26T13:00:35Z  WARNING  stats fetch failed: timed out
2026-09-26T13:00:40Z  WARNING  thresholds fetch failed: timed out
2026-09-26T13:00:40Z  WARNING  stats fetch failed: timed out
2026-09-26T13:00:45Z  WARNING  thresholds fetch failed: timed out
2026-09-26T13:00:45Z  WARNING  stats fetch failed: timed out
2026-09-26T13:00:50Z  WARNING  thresholds fetch failed: timed out
2026-09-26T13:00:50Z  WARNING  stats fetch failed: timed out
2026-09-26T13:00:55Z  WARNING  thresholds fetch failed: timed out
2026-09-26T13:00:55Z  WARNING  stats fetch failed: timed out
2026-09-26T13:01:00Z  WARNING  thresholds fetch failed: timed out
2026-09-26T13:01:00Z  WARNING  stats fetch failed: timed out
2026-09-26T13:01:05Z  WARNING  thresholds fetch failed: timed out
2026-09-26T13:01:05Z  WARNING  stats fetch failed: timed out
2026-09-26T13:01:10Z  WARNING  thresholds fetch failed: timed out
2026-09-26T13:01:10Z  WARNING  stats fetch failed: timed out
2026-09-26T13:01:15Z  WARNING  thresholds fetch failed: timed out
2026-09-26T13:01:15Z  WARNING  stats fetch failed: timed out
2026-09-26T13:01:20Z  WARNING  thresholds fetch failed: timed out
2026-09-26T13:01:20Z  WARNING  stats fetch failed: timed out
2026-09-26T13:01:25Z  WARNING  thresholds fetch failed: timed out
2026-09-26T13:01:25Z  WARNING  stats fetch failed: timed out
2026-09-26T13:01:30Z  WARNING  thresholds fetch failed: timed out
2026-09-26T13:01:30Z  WARNING  stats fetch failed: timed out
2026-09-26T13:01:35Z  WARNING  thresholds fetch failed: timed out
2026-09-26T13:01:35Z  WARNING  stats fetch failed: timed out
2026-09-26T13:01:40Z  WARNING  thresholds fetch failed: timed out
2026-09-26T13:01:40Z  WARNING  stats fetch failed: timed out
2026-09-26T13:01:45Z  WARNING  thresholds fetch failed: timed out
2026-09-26T13:01:45Z  WARNING  stats fetch failed: timed out
2026-09-26T13:01:50Z  WARNING  thresholds fetch failed: timed out
2026-09-26T13:01:50Z  WARNING  stats fetch failed: timed out
2026-09-26T13:01:55Z  WARNING  thresholds fetch failed: timed out
2026-09-26T13:01:55Z  WARNING  stats fetch failed: timed out
2026-09-26T13:02:00Z  WARNING  thresholds fetch failed: timed out
2026-09-26T13:02:00Z  WARNING  stats fetch failed: timed out
2026-09-26T13:02:05Z  WARNING  thresholds fetch failed: timed out
2026-09-26T13:02:05Z  WARNING  stats fetch failed: timed out
2026-09-26T13:02:10Z  WARNING  thresholds fetch failed: timed out
2026-09-26T13:02:10Z  WARNING  stats fetch failed: timed out
2026-09-26T13:02:15Z  WARNING  thresholds fetch failed: timed out
2026-09-26T13:02:15Z  WARNING  stats fetch failed: timed out
2026-09-26T13:02:20Z  WARNING  thresholds fetch failed: timed out
2026-09-26T13:02:20Z  WARNING  stats fetch failed: timed out
2026-09-26T13:02:25Z  WARNING  thresholds fetch failed: timed out
2026-09-26T13:02:25Z  WARNING  stats fetch failed: timed out
2026-09-26T13:02:30Z  WARNING  thresholds fetch failed: timed out
2026-09-26T13:02:30Z  WARNING  stats fetch failed: timed out
2026-09-26T13:02:35Z  WARNING  thresholds fetch failed: timed out
2026-09-26T13:02:35Z  WARNING  stats fetch failed: timed out
2026-09-26T13:02:40Z  WARNING  thresholds fetch failed: timed out
2026-09-26T13:02:40Z  WARNING  stats fetch failed: timed out
2026-09-26T13:02:45Z  WARNING  thresholds fetch failed: timed out
2026-09-26T13:02:45Z  WARNING  stats fetch failed: timed out
2026-09-26T13:02:50Z  WARNING  thresholds fetch failed: timed out
2026-09-26T13:02:50Z  WARNING  stats fetch failed: timed out
2026-09-26T13:02:55Z  WARNING  thresholds fetch failed: timed out
2026-09-26T13:02:55Z  WARNING  stats fetch failed: timed out
2026-09-26T13:03:00Z  WARNING  thresholds fetch failed: timed out
2026-09-26T13:03:00Z  WARNING  stats fetch failed: <urlopen error timed out>
2026-09-26T13:03:05Z  WARNING  thresholds fetch failed: timed out
2026-09-26T13:03:05Z  WARNING  stats fetch failed: timed out
2026-09-26T13:03:10Z  WARNING  thresholds fetch failed: timed out
2026-09-26T13:03:10Z  WARNING  stats fetch failed: timed out
2026-09-26T13:03:15Z  WARNING  thresholds fetch failed: timed out
2026-09-26T13:03:15Z  WARNING  stats fetch failed: timed out
2026-09-26T13:03:20Z  WARNING  thresholds fetch failed: timed out
2026-09-26T13:03:20Z  WARNING  stats fetch failed: timed out
2026-09-26T13:03:25Z  WARNING  thresholds fetch failed: timed out
2026-09-26T13:03:25Z  WARNING  stats fetch failed: timed out
2026-09-26T13:03:30Z  WARNING  thresholds fetch failed: timed out
2026-09-26T13:03:30Z  WARNING  stats fetch failed: timed out
2026-09-26T13:03:35Z  WARNING  thresholds fetch failed: timed out
2026-09-26T13:03:35Z  WARNING  stats fetch failed: timed out
2026-09-26T13:03:40Z  WARNING  thresholds fetch failed: timed out
2026-09-26T13:03:40Z  WARNING  stats fetch failed: timed out
2026-09-26T13:03:45Z  WARNING  thresholds fetch failed: timed out
2026-09-26T13:03:45Z  WARNING  stats fetch failed: timed out
2026-09-26T13:03:50Z  WARNING  thresholds fetch failed: timed out
2026-09-26T13:03:50Z  WARNING  stats fetch failed: timed out
2026-09-26T13:03:55Z  WARNING  thresholds fetch failed: timed out
2026-09-26T13:03:55Z  WARNING  stats fetch failed: timed out
2026-09-26T13:04:00Z  WARNING  thresholds fetch failed: timed out
2026-09-26T13:04:00Z  WARNING  stats fetch failed: timed out
2026-09-26T13:04:05Z  WARNING  thresholds fetch failed: timed out
2026-09-26T13:04:05Z  WARNING  stats fetch failed: timed out
2026-09-26T13:04:10Z  WARNING  thresholds fetch failed: timed out
2026-09-26T13:04:10Z  WARNING  stats fetch failed: timed out
2026-09-26T13:04:15Z  WARNING  thresholds fetch failed: timed out
2026-09-26T13:04:15Z  WARNING  stats fetch failed: timed out
2026-09-26T13:04:20Z  WARNING  thresholds fetch failed: timed out
2026-09-26T13:04:20Z  WARNING  stats fetch failed: timed out
2026-09-26T13:04:25Z  WARNING  thresholds fetch failed: timed out
2026-09-26T13:04:25Z  WARNING  stats fetch failed: timed out
2026-09-26T13:04:30Z  WARNING  thresholds fetch failed: timed out
2026-09-26T13:04:30Z  WARNING  stats fetch failed: timed out
2026-09-26T13:04:35Z  WARNING  thresholds fetch failed: timed out
2026-09-26T13:04:35Z  WARNING  stats fetch failed: timed out
2026-09-26T13:04:40Z  WARNING  thresholds fetch failed: timed out
2026-09-26T13:04:40Z  WARNING  stats fetch failed: timed out
2026-09-26T13:04:45Z  WARNING  thresholds fetch failed: timed out
2026-09-26T13:04:45Z  WARNING  stats fetch failed: timed out
2026-09-26T13:04:50Z  WARNING  thresholds fetch failed: timed out
2026-09-26T13:04:50Z  WARNING  stats fetch failed: timed out
2026-09-26T13:04:55Z  WARNING  thresholds fetch failed: timed out
2026-09-26T13:04:55Z  WARNING  stats fetch failed: timed out
2026-09-26T13:05:00Z  WARNING  thresholds fetch failed: timed out
2026-09-26T13:05:00Z  WARNING  stats fetch failed: timed out
2026-09-26T13:05:05Z  WARNING  thresholds fetch failed: timed out
2026-09-26T13:05:05Z  WARNING  stats fetch failed: timed out
2026-09-26T13:05:10Z  WARNING  thresholds fetch failed: timed out
2026-09-26T13:05:10Z  WARNING  stats fetch failed: timed out
2026-09-26T13:05:15Z  WARNING  thresholds fetch failed: timed out
2026-09-26T13:05:15Z  WARNING  stats fetch failed: timed out
2026-09-26T13:05:20Z  WARNING  thresholds fetch failed: timed out
2026-09-26T13:05:20Z  WARNING  stats fetch failed: timed out
2026-09-26T13:05:25Z  WARNING  thresholds fetch failed: timed out
2026-09-26T13:05:25Z  WARNING  stats fetch failed: timed out
2026-09-26T13:05:30Z  WARNING  thresholds fetch failed: timed out
2026-09-26T13:05:30Z  WARNING  stats fetch failed: timed out
2026-09-26T13:05:35Z  WARNING  thresholds fetch failed: timed out
2026-09-26T13:05:35Z  WARNING  stats fetch failed: timed out
2026-09-26T13:05:40Z  WARNING  thresholds fetch failed: timed out
2026-09-26T13:05:40Z  WARNING  stats fetch failed: timed out
2026-09-26T13:05:45Z  WARNING  thresholds fetch failed: timed out
2026-09-26T13:05:45Z  WARNING  stats fetch failed: <urlopen error timed out>
2026-09-26T13:05:50Z  WARNING  thresholds fetch failed: timed out
2026-09-26T13:05:50Z  WARNING  stats fetch failed: timed out
2026-09-26T13:05:55Z  WARNING  thresholds fetch failed: timed out
2026-09-26T13:05:55Z  WARNING  stats fetch failed: timed out
2026-09-26T13:06:00Z  WARNING  thresholds fetch failed: timed out
2026-09-26T13:06:00Z  WARNING  stats fetch failed: timed out
2026-09-26T13:06:05Z  WARNING  thresholds fetch failed: timed out
2026-09-26T13:06:05Z  WARNING  stats fetch failed: timed out
2026-09-26T13:06:10Z  WARNING  thresholds fetch failed: timed out
2026-09-26T13:06:10Z  WARNING  stats fetch failed: timed out
2026-09-26T13:06:15Z  WARNING  thresholds fetch failed: timed out
2026-09-26T13:06:15Z  WARNING  stats fetch failed: timed out
2026-09-26T13:06:20Z  WARNING  thresholds fetch failed: timed out
2026-09-26T13:06:20Z  WARNING  stats fetch failed: timed out
2026-09-26T13:06:25Z  WARNING  thresholds fetch failed: timed out
2026-09-26T13:06:25Z  WARNING  stats fetch failed: timed out
2026-09-26T13:06:30Z  WARNING  thresholds fetch failed: timed out
2026-09-26T13:06:30Z  WARNING  stats fetch failed: timed out
2026-09-26T13:06:35Z  WARNING  thresholds fetch failed: timed out
2026-09-26T13:06:35Z  WARNING  stats fetch failed: timed out
2026-09-26T13:06:40Z  WARNING  thresholds fetch failed: timed out
2026-09-26T13:06:40Z  WARNING  stats fetch failed: timed out
2026-09-26T13:06:45Z  WARNING  thresholds fetch failed: timed out
2026-09-26T13:06:45Z  WARNING  stats fetch failed: timed out
2026-09-26T13:06:50Z  WARNING  thresholds fetch failed: timed out
2026-09-26T13:06:50Z  WARNING  stats fetch failed: timed out
2026-09-26T13:06:54Z  SHUTDOWN  signal=15
2026-09-26T13:06:55Z  EXIT
