2026-09-05T14:43:31Z  WAITING  for metric_collector CSVs under /home/idozacharia/TopFull/TopFull_master/online_boutique_scripts/src/logs (timeout=60s)
2026-09-05T14:43:31Z  READY  found getproduct.csv
2026-09-05T14:43:31Z  START  threshold=0.20 window=30s disable_windows=2 re_enable_windows=3 services=['cartservice', 'checkoutservice', 'productcatalogservice']
2026-09-05T14:44:01Z  OBSERVE  cartservice  rejection=0.1320  low=1 high=0  state=ON
2026-09-05T14:44:01Z  OBSERVE  checkoutservice  rejection=0.3744  low=0 high=1  state=ON
2026-09-05T14:44:01Z  OBSERVE  productcatalogservice  rejection=0.0168  low=1 high=0  state=ON
2026-09-05T14:44:31Z  OBSERVE  cartservice  rejection=0.1585  low=2 high=0  state=ON
2026-09-05T14:44:31Z  OBSERVE  checkoutservice  rejection=0.8020  low=0 high=2  state=ON
2026-09-05T14:44:31Z  checkoutservice  ON→OFF   rejection=0.80  consecutive_high=2  attempts=0
2026-09-05T14:44:31Z  OBSERVE  productcatalogservice  rejection=0.0669  low=2 high=0  state=ON
2026-09-05T14:45:01Z  OBSERVE  cartservice  rejection=0.2987  low=0 high=1  state=ON
2026-09-05T14:45:01Z  OBSERVE  checkoutservice  rejection=0.9571  low=0 high=3  state=OFF
2026-09-05T14:45:01Z  OBSERVE  productcatalogservice  rejection=0.1383  low=3 high=0  state=ON
2026-09-05T14:45:31Z  OBSERVE  cartservice  rejection=0.3204  low=0 high=2  state=ON
2026-09-05T14:45:31Z  cartservice  ON→OFF   rejection=0.32  consecutive_high=2  attempts=0
2026-09-05T14:45:31Z  OBSERVE  checkoutservice  rejection=0.9371  low=0 high=4  state=OFF
2026-09-05T14:45:31Z  OBSERVE  productcatalogservice  rejection=0.1260  low=4 high=0  state=ON
2026-09-05T14:46:01Z  OBSERVE  cartservice  rejection=0.2232  low=0 high=3  state=OFF
2026-09-05T14:46:01Z  OBSERVE  checkoutservice  rejection=0.9485  low=0 high=5  state=OFF
2026-09-05T14:46:01Z  OBSERVE  productcatalogservice  rejection=0.1104  low=5 high=0  state=ON
2026-09-05T14:46:31Z  OBSERVE  cartservice  rejection=0.4672  low=0 high=4  state=OFF
2026-09-05T14:46:31Z  OBSERVE  checkoutservice  rejection=0.9652  low=0 high=6  state=OFF
2026-09-05T14:46:31Z  OBSERVE  productcatalogservice  rejection=0.4091  low=0 high=1  state=ON
2026-09-05T14:47:01Z  OBSERVE  cartservice  rejection=0.4184  low=0 high=5  state=OFF
2026-09-05T14:47:01Z  OBSERVE  checkoutservice  rejection=0.9985  low=0 high=7  state=OFF
2026-09-05T14:47:01Z  OBSERVE  productcatalogservice  rejection=0.3481  low=0 high=2  state=ON
2026-09-05T14:47:01Z  productcatalogservice  ON→OFF   rejection=0.35  consecutive_high=2  attempts=0
2026-09-05T14:47:31Z  OBSERVE  cartservice  rejection=0.3413  low=0 high=6  state=OFF
2026-09-05T14:47:31Z  OBSERVE  checkoutservice  rejection=0.9911  low=0 high=8  state=OFF
2026-09-05T14:47:31Z  OBSERVE  productcatalogservice  rejection=0.2762  low=0 high=3  state=OFF
2026-09-05T14:48:01Z  OBSERVE  cartservice  rejection=0.5100  low=0 high=7  state=OFF
2026-09-05T14:48:01Z  OBSERVE  checkoutservice  rejection=1.0000  low=0 high=9  state=OFF
2026-09-05T14:48:01Z  OBSERVE  productcatalogservice  rejection=0.4807  low=0 high=4  state=OFF
2026-09-05T14:48:31Z  OBSERVE  cartservice  rejection=0.4805  low=0 high=8  state=OFF
2026-09-05T14:48:31Z  OBSERVE  checkoutservice  rejection=0.9985  low=0 high=10  state=OFF
2026-09-05T14:48:31Z  OBSERVE  productcatalogservice  rejection=0.4435  low=0 high=5  state=OFF
2026-09-05T14:49:01Z  OBSERVE  cartservice  rejection=0.6619  low=0 high=9  state=OFF
2026-09-05T14:49:01Z  OBSERVE  checkoutservice  rejection=0.9985  low=0 high=11  state=OFF
2026-09-05T14:49:01Z  OBSERVE  productcatalogservice  rejection=0.7097  low=0 high=6  state=OFF
2026-09-05T14:49:31Z  OBSERVE  cartservice  rejection=0.2862  low=0 high=10  state=OFF
2026-09-05T14:49:31Z  OBSERVE  checkoutservice  rejection=0.4124  low=0 high=12  state=OFF
2026-09-05T14:49:31Z  OBSERVE  productcatalogservice  rejection=0.3060  low=0 high=7  state=OFF
2026-09-05T14:50:01Z  OBSERVE  cartservice  rejection=0.0000  low=1 high=0  state=OFF
2026-09-05T14:50:01Z  OBSERVE  checkoutservice  rejection=0.0190  low=1 high=0  state=OFF
2026-09-05T14:50:01Z  OBSERVE  productcatalogservice  rejection=0.0000  low=1 high=0  state=OFF
2026-09-05T14:50:31Z  OBSERVE  cartservice  rejection=0.0000  low=2 high=0  state=OFF
2026-09-05T14:50:31Z  OBSERVE  checkoutservice  rejection=0.0000  low=2 high=0  state=OFF
2026-09-05T14:50:31Z  OBSERVE  productcatalogservice  rejection=0.0000  low=2 high=0  state=OFF
2026-09-05T14:51:01Z  OBSERVE  cartservice  rejection=0.0000  low=3 high=0  state=OFF
2026-09-05T14:51:01Z  cartservice  OFF→ON   rejection=0.00  consecutive_low=3  attempts=3
2026-09-05T14:51:01Z  OBSERVE  checkoutservice  rejection=0.0000  low=3 high=0  state=OFF
2026-09-05T14:51:01Z  checkoutservice  OFF→ON   rejection=0.00  consecutive_low=3  attempts=3
2026-09-05T14:51:01Z  OBSERVE  productcatalogservice  rejection=0.0000  low=3 high=0  state=OFF
2026-09-05T14:51:01Z  productcatalogservice  OFF→ON   rejection=0.00  consecutive_low=3  attempts=3
2026-09-05T14:51:31Z  OBSERVE  cartservice  rejection=0.0000  low=4 high=0  state=ON
2026-09-05T14:51:31Z  OBSERVE  checkoutservice  rejection=0.0000  low=4 high=0  state=ON
2026-09-05T14:51:31Z  OBSERVE  productcatalogservice  rejection=0.0000  low=4 high=0  state=ON
2026-09-05T14:52:01Z  OBSERVE  cartservice  rejection=0.0000  low=5 high=0  state=ON
2026-09-05T14:52:01Z  OBSERVE  checkoutservice  rejection=0.0000  low=5 high=0  state=ON
2026-09-05T14:52:01Z  OBSERVE  productcatalogservice  rejection=0.0000  low=5 high=0  state=ON
2026-09-05T14:52:32Z  OBSERVE  cartservice  rejection=0.0000  low=6 high=0  state=ON
2026-09-05T14:52:32Z  OBSERVE  checkoutservice  rejection=0.0000  low=6 high=0  state=ON
2026-09-05T14:52:32Z  OBSERVE  productcatalogservice  rejection=0.0000  low=6 high=0  state=ON
2026-09-05T14:53:02Z  OBSERVE  cartservice  rejection=0.0000  low=7 high=0  state=ON
2026-09-05T14:53:02Z  OBSERVE  checkoutservice  rejection=0.0000  low=7 high=0  state=ON
2026-09-05T14:53:02Z  OBSERVE  productcatalogservice  rejection=0.0000  low=7 high=0  state=ON
2026-09-05T14:53:32Z  OBSERVE  cartservice  rejection=0.0000  low=8 high=0  state=ON
2026-09-05T14:53:32Z  OBSERVE  checkoutservice  rejection=0.0000  low=8 high=0  state=ON
2026-09-05T14:53:32Z  OBSERVE  productcatalogservice  rejection=0.0000  low=8 high=0  state=ON
2026-09-05T14:54:02Z  OBSERVE  cartservice  rejection=0.0000  low=9 high=0  state=ON
2026-09-05T14:54:02Z  OBSERVE  checkoutservice  rejection=0.0000  low=9 high=0  state=ON
2026-09-05T14:54:02Z  OBSERVE  productcatalogservice  rejection=0.0000  low=9 high=0  state=ON
2026-09-05T14:54:32Z  OBSERVE  cartservice  rejection=0.0000  low=10 high=0  state=ON
2026-09-05T14:54:32Z  OBSERVE  checkoutservice  rejection=0.0000  low=10 high=0  state=ON
2026-09-05T14:54:32Z  OBSERVE  productcatalogservice  rejection=0.0000  low=10 high=0  state=ON
2026-09-05T14:55:02Z  OBSERVE  cartservice  rejection=0.0000  low=11 high=0  state=ON
2026-09-05T14:55:02Z  OBSERVE  checkoutservice  rejection=0.0000  low=11 high=0  state=ON
2026-09-05T14:55:02Z  OBSERVE  productcatalogservice  rejection=0.0000  low=11 high=0  state=ON
2026-09-05T14:55:32Z  OBSERVE  cartservice  rejection=0.0000  low=12 high=0  state=ON
2026-09-05T14:55:32Z  OBSERVE  checkoutservice  rejection=0.0000  low=12 high=0  state=ON
2026-09-05T14:55:32Z  OBSERVE  productcatalogservice  rejection=0.0000  low=12 high=0  state=ON
2026-09-05T14:56:02Z  OBSERVE  cartservice  rejection=0.0000  low=13 high=0  state=ON
2026-09-05T14:56:02Z  OBSERVE  checkoutservice  rejection=0.0000  low=13 high=0  state=ON
2026-09-05T14:56:02Z  OBSERVE  productcatalogservice  rejection=0.0000  low=13 high=0  state=ON
2026-09-05T14:56:32Z  OBSERVE  cartservice  rejection=0.0000  low=14 high=0  state=ON
2026-09-05T14:56:32Z  OBSERVE  checkoutservice  rejection=0.0000  low=14 high=0  state=ON
2026-09-05T14:56:32Z  OBSERVE  productcatalogservice  rejection=0.0000  low=14 high=0  state=ON
2026-09-05T14:57:02Z  OBSERVE  cartservice  rejection=0.0000  low=15 high=0  state=ON
2026-09-05T14:57:02Z  OBSERVE  checkoutservice  rejection=0.0000  low=15 high=0  state=ON
2026-09-05T14:57:02Z  OBSERVE  productcatalogservice  rejection=0.0000  low=15 high=0  state=ON
2026-09-05T14:57:32Z  OBSERVE  cartservice  rejection=0.0000  low=16 high=0  state=ON
2026-09-05T14:57:32Z  OBSERVE  checkoutservice  rejection=0.0000  low=16 high=0  state=ON
2026-09-05T14:57:32Z  OBSERVE  productcatalogservice  rejection=0.0000  low=16 high=0  state=ON
2026-09-05T14:58:02Z  OBSERVE  cartservice  rejection=0.0000  low=17 high=0  state=ON
2026-09-05T14:58:02Z  OBSERVE  checkoutservice  rejection=0.0000  low=17 high=0  state=ON
2026-09-05T14:58:02Z  OBSERVE  productcatalogservice  rejection=0.0000  low=17 high=0  state=ON
2026-09-05T14:58:32Z  OBSERVE  cartservice  rejection=0.0000  low=18 high=0  state=ON
2026-09-05T14:58:32Z  OBSERVE  checkoutservice  rejection=0.0064  low=18 high=0  state=ON
2026-09-05T14:58:32Z  OBSERVE  productcatalogservice  rejection=0.0000  low=18 high=0  state=ON
2026-09-05T14:59:02Z  OBSERVE  cartservice  rejection=0.0000  low=19 high=0  state=ON
2026-09-05T14:59:02Z  OBSERVE  checkoutservice  rejection=0.0000  low=19 high=0  state=ON
2026-09-05T14:59:02Z  OBSERVE  productcatalogservice  rejection=0.0000  low=19 high=0  state=ON
2026-09-05T14:59:23Z  SHUTDOWN  signal=15
