2026-09-10T22:02:18Z  START  poll_interval=1s
2026-09-10T22:03:17Z  WARNING  thresholds fetch failed: timed out
2026-09-10T22:03:17Z  WARNING  stats fetch failed: timed out
2026-09-10T22:03:19Z  WARNING  thresholds fetch failed: timed out
2026-09-10T22:03:19Z  WARNING  stats fetch failed: timed out
2026-09-10T22:03:21Z  WARNING  thresholds fetch failed: timed out
2026-09-10T22:03:21Z  WARNING  stats fetch failed: timed out
2026-09-10T22:03:23Z  WARNING  thresholds fetch failed: timed out
2026-09-10T22:03:23Z  WARNING  stats fetch failed: timed out
2026-09-10T22:03:25Z  WARNING  thresholds fetch failed: timed out
2026-09-10T22:03:25Z  WARNING  stats fetch failed: timed out
2026-09-10T22:03:27Z  WARNING  thresholds fetch failed: timed out
2026-09-10T22:03:27Z  WARNING  stats fetch failed: timed out
2026-09-10T22:03:29Z  WARNING  thresholds fetch failed: timed out
2026-09-10T22:03:29Z  WARNING  stats fetch failed: timed out
2026-09-10T22:03:31Z  WARNING  thresholds fetch failed: timed out
2026-09-10T22:03:31Z  WARNING  stats fetch failed: timed out
2026-09-10T22:03:33Z  WARNING  thresholds fetch failed: timed out
2026-09-10T22:03:33Z  WARNING  stats fetch failed: timed out
2026-09-10T22:03:35Z  WARNING  thresholds fetch failed: timed out
2026-09-10T22:03:35Z  WARNING  stats fetch failed: timed out
2026-09-10T22:03:37Z  WARNING  thresholds fetch failed: timed out
2026-09-10T22:03:37Z  WARNING  stats fetch failed: timed out
2026-09-10T22:03:39Z  WARNING  thresholds fetch failed: timed out
2026-09-10T22:03:39Z  WARNING  stats fetch failed: timed out
2026-09-10T22:03:41Z  WARNING  thresholds fetch failed: timed out
2026-09-10T22:03:41Z  WARNING  stats fetch failed: timed out
2026-09-10T22:03:43Z  WARNING  thresholds fetch failed: timed out
2026-09-10T22:03:43Z  WARNING  stats fetch failed: timed out
2026-09-10T22:03:45Z  WARNING  thresholds fetch failed: timed out
2026-09-10T22:03:45Z  WARNING  stats fetch failed: timed out
2026-09-10T22:03:47Z  WARNING  thresholds fetch failed: timed out
2026-09-10T22:03:47Z  WARNING  stats fetch failed: timed out
2026-09-10T22:03:49Z  WARNING  thresholds fetch failed: timed out
2026-09-10T22:03:49Z  WARNING  stats fetch failed: timed out
2026-09-10T22:03:51Z  WARNING  thresholds fetch failed: timed out
2026-09-10T22:03:51Z  WARNING  stats fetch failed: timed out
2026-09-10T22:03:53Z  WARNING  thresholds fetch failed: timed out
2026-09-10T22:03:53Z  WARNING  stats fetch failed: timed out
2026-09-10T22:03:55Z  WARNING  thresholds fetch failed: timed out
2026-09-10T22:03:55Z  WARNING  stats fetch failed: timed out
2026-09-10T22:03:57Z  WARNING  thresholds fetch failed: timed out
2026-09-10T22:03:57Z  WARNING  stats fetch failed: timed out
2026-09-10T22:03:59Z  WARNING  thresholds fetch failed: timed out
2026-09-10T22:03:59Z  WARNING  stats fetch failed: timed out
2026-09-10T22:04:01Z  WARNING  thresholds fetch failed: timed out
2026-09-10T22:04:01Z  WARNING  stats fetch failed: timed out
2026-09-10T22:04:03Z  WARNING  thresholds fetch failed: timed out
2026-09-10T22:04:03Z  WARNING  stats fetch failed: timed out
2026-09-10T22:04:05Z  WARNING  thresholds fetch failed: timed out
2026-09-10T22:04:05Z  WARNING  stats fetch failed: timed out
2026-09-10T22:04:07Z  WARNING  thresholds fetch failed: timed out
2026-09-10T22:04:07Z  WARNING  stats fetch failed: timed out
2026-09-10T22:04:09Z  WARNING  thresholds fetch failed: timed out
2026-09-10T22:04:09Z  WARNING  stats fetch failed: timed out
2026-09-10T22:04:11Z  WARNING  thresholds fetch failed: timed out
2026-09-10T22:04:11Z  WARNING  stats fetch failed: timed out
2026-09-10T22:04:13Z  WARNING  thresholds fetch failed: timed out
2026-09-10T22:04:13Z  WARNING  stats fetch failed: timed out
2026-09-10T22:04:15Z  WARNING  thresholds fetch failed: timed out
2026-09-10T22:04:15Z  WARNING  stats fetch failed: timed out
2026-09-10T22:04:17Z  WARNING  thresholds fetch failed: timed out
2026-09-10T22:04:17Z  WARNING  stats fetch failed: timed out
2026-09-10T22:04:19Z  WARNING  thresholds fetch failed: timed out
2026-09-10T22:04:19Z  WARNING  stats fetch failed: timed out
2026-09-10T22:04:21Z  WARNING  thresholds fetch failed: timed out
2026-09-10T22:04:21Z  WARNING  stats fetch failed: timed out
2026-09-10T22:04:23Z  WARNING  thresholds fetch failed: timed out
2026-09-10T22:04:23Z  WARNING  stats fetch failed: timed out
2026-09-10T22:04:25Z  WARNING  thresholds fetch failed: timed out
2026-09-10T22:04:25Z  WARNING  stats fetch failed: timed out
2026-09-10T22:04:27Z  WARNING  thresholds fetch failed: timed out
2026-09-10T22:04:27Z  WARNING  stats fetch failed: timed out
2026-09-10T22:04:29Z  WARNING  thresholds fetch failed: timed out
2026-09-10T22:04:29Z  WARNING  stats fetch failed: timed out
2026-09-10T22:04:31Z  WARNING  thresholds fetch failed: timed out
2026-09-10T22:04:31Z  WARNING  stats fetch failed: timed out
2026-09-10T22:04:33Z  WARNING  thresholds fetch failed: timed out
2026-09-10T22:04:33Z  WARNING  stats fetch failed: timed out
2026-09-10T22:04:35Z  WARNING  thresholds fetch failed: timed out
2026-09-10T22:04:35Z  WARNING  stats fetch failed: timed out
2026-09-10T22:04:37Z  WARNING  thresholds fetch failed: timed out
2026-09-10T22:04:37Z  WARNING  stats fetch failed: timed out
2026-09-10T22:04:39Z  WARNING  thresholds fetch failed: timed out
2026-09-10T22:04:39Z  WARNING  stats fetch failed: timed out
2026-09-10T22:04:41Z  WARNING  thresholds fetch failed: timed out
2026-09-10T22:04:41Z  WARNING  stats fetch failed: timed out
2026-09-10T22:04:43Z  WARNING  thresholds fetch failed: timed out
2026-09-10T22:04:43Z  WARNING  stats fetch failed: timed out
2026-09-10T22:04:45Z  WARNING  thresholds fetch failed: timed out
2026-09-10T22:04:45Z  WARNING  stats fetch failed: timed out
2026-09-10T22:04:47Z  WARNING  thresholds fetch failed: timed out
2026-09-10T22:04:47Z  WARNING  stats fetch failed: timed out
2026-09-10T22:04:49Z  WARNING  thresholds fetch failed: timed out
2026-09-10T22:04:49Z  WARNING  stats fetch failed: timed out
2026-09-10T22:04:51Z  WARNING  thresholds fetch failed: timed out
2026-09-10T22:04:51Z  WARNING  stats fetch failed: timed out
2026-09-10T22:04:53Z  WARNING  thresholds fetch failed: timed out
2026-09-10T22:04:53Z  WARNING  stats fetch failed: timed out
2026-09-10T22:04:55Z  WARNING  thresholds fetch failed: timed out
2026-09-10T22:04:55Z  WARNING  stats fetch failed: timed out
2026-09-10T22:04:57Z  WARNING  thresholds fetch failed: timed out
2026-09-10T22:04:57Z  WARNING  stats fetch failed: timed out
2026-09-10T22:04:59Z  WARNING  thresholds fetch failed: timed out
2026-09-10T22:04:59Z  WARNING  stats fetch failed: timed out
2026-09-10T22:05:01Z  WARNING  thresholds fetch failed: timed out
2026-09-10T22:05:01Z  WARNING  stats fetch failed: timed out
2026-09-10T22:05:03Z  WARNING  thresholds fetch failed: timed out
2026-09-10T22:05:03Z  WARNING  stats fetch failed: timed out
2026-09-10T22:05:05Z  WARNING  thresholds fetch failed: timed out
2026-09-10T22:05:05Z  WARNING  stats fetch failed: timed out
2026-09-10T22:05:07Z  WARNING  thresholds fetch failed: timed out
2026-09-10T22:05:07Z  WARNING  stats fetch failed: timed out
2026-09-10T22:05:09Z  WARNING  thresholds fetch failed: timed out
2026-09-10T22:05:09Z  WARNING  stats fetch failed: timed out
2026-09-10T22:05:11Z  WARNING  thresholds fetch failed: timed out
2026-09-10T22:05:11Z  WARNING  stats fetch failed: timed out
2026-09-10T22:05:13Z  WARNING  thresholds fetch failed: timed out
2026-09-10T22:05:13Z  WARNING  stats fetch failed: timed out
2026-09-10T22:05:15Z  WARNING  thresholds fetch failed: timed out
2026-09-10T22:05:15Z  WARNING  stats fetch failed: timed out
2026-09-10T22:05:17Z  WARNING  thresholds fetch failed: timed out
2026-09-10T22:05:17Z  WARNING  stats fetch failed: timed out
2026-09-10T22:05:19Z  WARNING  thresholds fetch failed: timed out
2026-09-10T22:05:19Z  WARNING  stats fetch failed: timed out
2026-09-10T22:05:21Z  WARNING  thresholds fetch failed: timed out
2026-09-10T22:05:21Z  WARNING  stats fetch failed: timed out
2026-09-10T22:05:23Z  WARNING  thresholds fetch failed: timed out
2026-09-10T22:05:23Z  WARNING  stats fetch failed: timed out
2026-09-10T22:05:25Z  WARNING  thresholds fetch failed: timed out
2026-09-10T22:05:25Z  WARNING  stats fetch failed: timed out
2026-09-10T22:05:27Z  WARNING  thresholds fetch failed: timed out
2026-09-10T22:05:27Z  WARNING  stats fetch failed: timed out
2026-09-10T22:05:29Z  WARNING  thresholds fetch failed: timed out
2026-09-10T22:05:29Z  WARNING  stats fetch failed: timed out
2026-09-10T22:05:31Z  WARNING  thresholds fetch failed: timed out
2026-09-10T22:05:31Z  WARNING  stats fetch failed: timed out
2026-09-10T22:05:33Z  WARNING  thresholds fetch failed: timed out
2026-09-10T22:05:33Z  WARNING  stats fetch failed: timed out
2026-09-10T22:05:35Z  WARNING  thresholds fetch failed: timed out
2026-09-10T22:05:35Z  WARNING  stats fetch failed: timed out
2026-09-10T22:05:37Z  WARNING  thresholds fetch failed: timed out
2026-09-10T22:05:37Z  WARNING  stats fetch failed: timed out
2026-09-10T22:05:39Z  WARNING  thresholds fetch failed: timed out
2026-09-10T22:05:39Z  WARNING  stats fetch failed: timed out
2026-09-10T22:05:41Z  WARNING  thresholds fetch failed: timed out
2026-09-10T22:05:41Z  WARNING  stats fetch failed: timed out
2026-09-10T22:05:43Z  WARNING  thresholds fetch failed: timed out
2026-09-10T22:05:43Z  WARNING  stats fetch failed: timed out
2026-09-10T22:05:45Z  WARNING  thresholds fetch failed: timed out
2026-09-10T22:05:45Z  WARNING  stats fetch failed: timed out
2026-09-10T22:05:47Z  WARNING  thresholds fetch failed: timed out
2026-09-10T22:05:47Z  WARNING  stats fetch failed: timed out
2026-09-10T22:05:49Z  WARNING  thresholds fetch failed: timed out
2026-09-10T22:05:49Z  WARNING  stats fetch failed: timed out
2026-09-10T22:05:51Z  WARNING  thresholds fetch failed: timed out
2026-09-10T22:05:51Z  WARNING  stats fetch failed: timed out
2026-09-10T22:05:53Z  WARNING  thresholds fetch failed: timed out
2026-09-10T22:05:53Z  WARNING  stats fetch failed: timed out
2026-09-10T22:05:55Z  WARNING  thresholds fetch failed: timed out
2026-09-10T22:05:55Z  WARNING  stats fetch failed: timed out
2026-09-10T22:05:57Z  WARNING  thresholds fetch failed: timed out
2026-09-10T22:05:57Z  WARNING  stats fetch failed: timed out
2026-09-10T22:05:59Z  WARNING  thresholds fetch failed: timed out
2026-09-10T22:05:59Z  WARNING  stats fetch failed: timed out
2026-09-10T22:06:01Z  WARNING  thresholds fetch failed: timed out
2026-09-10T22:06:01Z  WARNING  stats fetch failed: timed out
2026-09-10T22:06:03Z  WARNING  thresholds fetch failed: timed out
2026-09-10T22:06:03Z  WARNING  stats fetch failed: timed out
2026-09-10T22:06:05Z  WARNING  thresholds fetch failed: timed out
2026-09-10T22:06:05Z  WARNING  stats fetch failed: timed out
2026-09-10T22:06:07Z  WARNING  thresholds fetch failed: timed out
2026-09-10T22:06:07Z  WARNING  stats fetch failed: timed out
2026-09-10T22:06:09Z  WARNING  thresholds fetch failed: timed out
2026-09-10T22:06:09Z  WARNING  stats fetch failed: timed out
2026-09-10T22:06:11Z  WARNING  thresholds fetch failed: timed out
2026-09-10T22:06:11Z  WARNING  stats fetch failed: timed out
2026-09-10T22:06:13Z  WARNING  thresholds fetch failed: timed out
2026-09-10T22:06:13Z  WARNING  stats fetch failed: timed out
2026-09-10T22:06:15Z  WARNING  thresholds fetch failed: timed out
2026-09-10T22:06:15Z  WARNING  stats fetch failed: timed out
2026-09-10T22:06:17Z  WARNING  thresholds fetch failed: timed out
2026-09-10T22:06:17Z  WARNING  stats fetch failed: timed out
2026-09-10T22:06:19Z  WARNING  thresholds fetch failed: timed out
2026-09-10T22:06:19Z  WARNING  stats fetch failed: timed out
2026-09-10T22:06:21Z  WARNING  thresholds fetch failed: timed out
2026-09-10T22:06:21Z  WARNING  stats fetch failed: timed out
2026-09-10T22:06:23Z  WARNING  thresholds fetch failed: timed out
2026-09-10T22:06:23Z  WARNING  stats fetch failed: timed out
2026-09-10T22:06:25Z  WARNING  thresholds fetch failed: timed out
2026-09-10T22:06:25Z  WARNING  stats fetch failed: timed out
2026-09-10T22:06:27Z  WARNING  thresholds fetch failed: timed out
2026-09-10T22:06:27Z  WARNING  stats fetch failed: timed out
2026-09-10T22:06:29Z  WARNING  thresholds fetch failed: timed out
2026-09-10T22:06:29Z  WARNING  stats fetch failed: timed out
2026-09-10T22:06:31Z  WARNING  thresholds fetch failed: timed out
2026-09-10T22:06:31Z  WARNING  stats fetch failed: timed out
2026-09-10T22:06:33Z  WARNING  thresholds fetch failed: timed out
2026-09-10T22:06:33Z  WARNING  stats fetch failed: timed out
2026-09-10T22:06:35Z  WARNING  thresholds fetch failed: timed out
2026-09-10T22:06:35Z  WARNING  stats fetch failed: timed out
2026-09-10T22:06:37Z  WARNING  thresholds fetch failed: timed out
2026-09-10T22:06:37Z  WARNING  stats fetch failed: timed out
2026-09-10T22:06:39Z  WARNING  thresholds fetch failed: timed out
2026-09-10T22:06:39Z  WARNING  stats fetch failed: timed out
2026-09-10T22:06:41Z  WARNING  thresholds fetch failed: timed out
2026-09-10T22:06:41Z  WARNING  stats fetch failed: timed out
2026-09-10T22:06:43Z  WARNING  thresholds fetch failed: timed out
2026-09-10T22:06:43Z  WARNING  stats fetch failed: timed out
2026-09-10T22:06:45Z  WARNING  thresholds fetch failed: timed out
2026-09-10T22:06:45Z  WARNING  stats fetch failed: timed out
2026-09-10T22:06:47Z  WARNING  thresholds fetch failed: timed out
2026-09-10T22:06:47Z  WARNING  stats fetch failed: timed out
2026-09-10T22:06:49Z  WARNING  thresholds fetch failed: timed out
2026-09-10T22:06:49Z  WARNING  stats fetch failed: timed out
2026-09-10T22:06:51Z  WARNING  thresholds fetch failed: timed out
2026-09-10T22:06:51Z  WARNING  stats fetch failed: timed out
2026-09-10T22:06:53Z  WARNING  thresholds fetch failed: timed out
2026-09-10T22:06:53Z  WARNING  stats fetch failed: timed out
2026-09-10T22:06:55Z  WARNING  thresholds fetch failed: timed out
2026-09-10T22:06:55Z  WARNING  stats fetch failed: timed out
2026-09-10T22:06:57Z  WARNING  thresholds fetch failed: timed out
2026-09-10T22:06:57Z  WARNING  stats fetch failed: timed out
2026-09-10T22:06:59Z  WARNING  thresholds fetch failed: timed out
2026-09-10T22:06:59Z  WARNING  stats fetch failed: timed out
2026-09-10T22:07:01Z  WARNING  thresholds fetch failed: timed out
2026-09-10T22:07:01Z  WARNING  stats fetch failed: timed out
2026-09-10T22:07:03Z  WARNING  thresholds fetch failed: <urlopen error timed out>
2026-09-10T22:07:03Z  WARNING  stats fetch failed: timed out
2026-09-10T22:07:05Z  WARNING  thresholds fetch failed: timed out
2026-09-10T22:07:05Z  WARNING  stats fetch failed: timed out
2026-09-10T22:07:07Z  WARNING  thresholds fetch failed: timed out
2026-09-10T22:07:07Z  WARNING  stats fetch failed: timed out
2026-09-10T22:07:09Z  WARNING  thresholds fetch failed: timed out
2026-09-10T22:07:09Z  WARNING  stats fetch failed: timed out
2026-09-10T22:07:11Z  WARNING  thresholds fetch failed: timed out
2026-09-10T22:07:11Z  WARNING  stats fetch failed: timed out
2026-09-10T22:07:13Z  WARNING  thresholds fetch failed: timed out
2026-09-10T22:07:13Z  WARNING  stats fetch failed: timed out
2026-09-10T22:07:15Z  WARNING  thresholds fetch failed: timed out
2026-09-10T22:07:15Z  WARNING  stats fetch failed: timed out
2026-09-10T22:07:17Z  WARNING  thresholds fetch failed: timed out
2026-09-10T22:07:17Z  WARNING  stats fetch failed: timed out
2026-09-10T22:07:19Z  WARNING  thresholds fetch failed: timed out
2026-09-10T22:07:19Z  WARNING  stats fetch failed: timed out
2026-09-10T22:07:21Z  WARNING  thresholds fetch failed: timed out
2026-09-10T22:07:21Z  WARNING  stats fetch failed: timed out
2026-09-10T22:07:23Z  WARNING  thresholds fetch failed: timed out
2026-09-10T22:07:23Z  WARNING  stats fetch failed: timed out
2026-09-10T22:07:25Z  WARNING  thresholds fetch failed: timed out
2026-09-10T22:07:25Z  WARNING  stats fetch failed: timed out
2026-09-10T22:07:27Z  WARNING  thresholds fetch failed: timed out
2026-09-10T22:07:27Z  WARNING  stats fetch failed: timed out
2026-09-10T22:07:29Z  WARNING  thresholds fetch failed: timed out
2026-09-10T22:07:29Z  WARNING  stats fetch failed: timed out
2026-09-10T22:07:31Z  WARNING  thresholds fetch failed: timed out
2026-09-10T22:07:31Z  WARNING  stats fetch failed: timed out
2026-09-10T22:07:33Z  WARNING  thresholds fetch failed: timed out
2026-09-10T22:07:33Z  WARNING  stats fetch failed: timed out
2026-09-10T22:07:35Z  WARNING  thresholds fetch failed: timed out
2026-09-10T22:07:35Z  WARNING  stats fetch failed: timed out
2026-09-10T22:07:37Z  WARNING  thresholds fetch failed: timed out
2026-09-10T22:07:37Z  WARNING  stats fetch failed: timed out
2026-09-10T22:07:39Z  WARNING  thresholds fetch failed: timed out
2026-09-10T22:07:39Z  WARNING  stats fetch failed: timed out
2026-09-10T22:07:41Z  WARNING  thresholds fetch failed: timed out
2026-09-10T22:07:41Z  WARNING  stats fetch failed: timed out
2026-09-10T22:07:43Z  WARNING  thresholds fetch failed: timed out
2026-09-10T22:07:43Z  WARNING  stats fetch failed: timed out
2026-09-10T22:07:45Z  WARNING  thresholds fetch failed: timed out
2026-09-10T22:07:45Z  WARNING  stats fetch failed: timed out
2026-09-10T22:07:47Z  WARNING  thresholds fetch failed: timed out
2026-09-10T22:07:47Z  WARNING  stats fetch failed: timed out
2026-09-10T22:07:49Z  WARNING  thresholds fetch failed: timed out
2026-09-10T22:07:49Z  WARNING  stats fetch failed: timed out
2026-09-10T22:07:51Z  WARNING  thresholds fetch failed: timed out
2026-09-10T22:07:51Z  WARNING  stats fetch failed: timed out
2026-09-10T22:07:53Z  WARNING  thresholds fetch failed: timed out
2026-09-10T22:07:53Z  WARNING  stats fetch failed: timed out
2026-09-10T22:07:55Z  WARNING  thresholds fetch failed: timed out
2026-09-10T22:07:55Z  WARNING  stats fetch failed: timed out
2026-09-10T22:07:57Z  WARNING  thresholds fetch failed: timed out
2026-09-10T22:07:57Z  WARNING  stats fetch failed: timed out
2026-09-10T22:07:59Z  WARNING  thresholds fetch failed: timed out
2026-09-10T22:07:59Z  WARNING  stats fetch failed: timed out
2026-09-10T22:08:01Z  WARNING  thresholds fetch failed: timed out
2026-09-10T22:08:01Z  WARNING  stats fetch failed: timed out
2026-09-10T22:08:03Z  WARNING  thresholds fetch failed: timed out
2026-09-10T22:08:03Z  WARNING  stats fetch failed: timed out
2026-09-10T22:08:05Z  WARNING  thresholds fetch failed: timed out
2026-09-10T22:08:05Z  WARNING  stats fetch failed: timed out
2026-09-10T22:08:07Z  WARNING  thresholds fetch failed: timed out
2026-09-10T22:08:07Z  WARNING  stats fetch failed: timed out
2026-09-10T22:08:09Z  WARNING  thresholds fetch failed: timed out
2026-09-10T22:08:09Z  WARNING  stats fetch failed: timed out
2026-09-10T22:08:11Z  WARNING  thresholds fetch failed: timed out
2026-09-10T22:08:11Z  WARNING  stats fetch failed: timed out
2026-09-10T22:08:13Z  WARNING  thresholds fetch failed: timed out
2026-09-10T22:08:13Z  WARNING  stats fetch failed: timed out
2026-09-10T22:08:15Z  WARNING  thresholds fetch failed: timed out
2026-09-10T22:08:15Z  WARNING  stats fetch failed: timed out
2026-09-10T22:08:17Z  WARNING  thresholds fetch failed: timed out
2026-09-10T22:08:17Z  WARNING  stats fetch failed: timed out
2026-09-10T22:08:19Z  WARNING  thresholds fetch failed: timed out
2026-09-10T22:08:19Z  WARNING  stats fetch failed: timed out
2026-09-10T22:08:21Z  WARNING  thresholds fetch failed: timed out
2026-09-10T22:08:21Z  WARNING  stats fetch failed: timed out
2026-09-10T22:08:23Z  WARNING  thresholds fetch failed: timed out
2026-09-10T22:08:23Z  WARNING  stats fetch failed: timed out
2026-09-10T22:08:25Z  WARNING  thresholds fetch failed: timed out
2026-09-10T22:08:25Z  WARNING  stats fetch failed: timed out
2026-09-10T22:08:27Z  WARNING  thresholds fetch failed: timed out
2026-09-10T22:08:27Z  WARNING  stats fetch failed: timed out
2026-09-10T22:08:29Z  WARNING  thresholds fetch failed: timed out
2026-09-10T22:08:29Z  WARNING  stats fetch failed: timed out
2026-09-10T22:08:31Z  WARNING  thresholds fetch failed: timed out
2026-09-10T22:08:31Z  WARNING  stats fetch failed: timed out
2026-09-10T22:08:33Z  WARNING  thresholds fetch failed: timed out
2026-09-10T22:08:33Z  WARNING  stats fetch failed: timed out
2026-09-10T22:08:35Z  WARNING  thresholds fetch failed: timed out
2026-09-10T22:08:35Z  WARNING  stats fetch failed: timed out
2026-09-10T22:08:37Z  WARNING  thresholds fetch failed: timed out
2026-09-10T22:08:37Z  WARNING  stats fetch failed: timed out
2026-09-10T22:08:39Z  WARNING  thresholds fetch failed: timed out
2026-09-10T22:08:39Z  WARNING  stats fetch failed: timed out
2026-09-10T22:08:41Z  WARNING  thresholds fetch failed: timed out
2026-09-10T22:08:41Z  WARNING  stats fetch failed: timed out
2026-09-10T22:08:43Z  WARNING  thresholds fetch failed: timed out
2026-09-10T22:08:43Z  WARNING  stats fetch failed: timed out
2026-09-10T22:08:45Z  WARNING  thresholds fetch failed: timed out
2026-09-10T22:08:45Z  WARNING  stats fetch failed: timed out
2026-09-10T22:08:47Z  WARNING  thresholds fetch failed: timed out
2026-09-10T22:08:47Z  WARNING  stats fetch failed: timed out
2026-09-10T22:08:49Z  WARNING  thresholds fetch failed: timed out
2026-09-10T22:08:49Z  WARNING  stats fetch failed: timed out
2026-09-10T22:08:51Z  WARNING  thresholds fetch failed: timed out
2026-09-10T22:08:51Z  WARNING  stats fetch failed: timed out
2026-09-10T22:08:53Z  WARNING  thresholds fetch failed: timed out
2026-09-10T22:08:53Z  WARNING  stats fetch failed: timed out
2026-09-10T22:08:55Z  WARNING  thresholds fetch failed: timed out
2026-09-10T22:08:55Z  WARNING  stats fetch failed: timed out
2026-09-10T22:08:58Z  WARNING  thresholds fetch failed: timed out
2026-09-10T22:08:58Z  WARNING  stats fetch failed: timed out
2026-09-10T22:09:01Z  WARNING  thresholds fetch failed: timed out
2026-09-10T22:09:01Z  WARNING  stats fetch failed: timed out
2026-09-10T22:09:03Z  WARNING  thresholds fetch failed: timed out
2026-09-10T22:09:03Z  WARNING  stats fetch failed: timed out
2026-09-10T22:09:05Z  WARNING  thresholds fetch failed: timed out
2026-09-10T22:09:05Z  WARNING  stats fetch failed: timed out
2026-09-10T22:09:07Z  WARNING  thresholds fetch failed: timed out
2026-09-10T22:09:07Z  WARNING  stats fetch failed: timed out
2026-09-10T22:09:09Z  WARNING  thresholds fetch failed: timed out
2026-09-10T22:09:09Z  WARNING  stats fetch failed: timed out
2026-09-10T22:09:11Z  WARNING  thresholds fetch failed: timed out
2026-09-10T22:09:11Z  WARNING  stats fetch failed: timed out
2026-09-10T22:09:13Z  WARNING  thresholds fetch failed: timed out
2026-09-10T22:09:13Z  WARNING  stats fetch failed: timed out
2026-09-10T22:09:15Z  WARNING  thresholds fetch failed: timed out
2026-09-10T22:09:15Z  WARNING  stats fetch failed: timed out
2026-09-10T22:09:17Z  WARNING  thresholds fetch failed: timed out
2026-09-10T22:09:17Z  WARNING  stats fetch failed: timed out
2026-09-10T22:09:19Z  WARNING  thresholds fetch failed: timed out
2026-09-10T22:09:19Z  WARNING  stats fetch failed: timed out
2026-09-10T22:09:21Z  WARNING  thresholds fetch failed: timed out
2026-09-10T22:09:21Z  WARNING  stats fetch failed: timed out
2026-09-10T22:09:23Z  WARNING  thresholds fetch failed: timed out
2026-09-10T22:09:23Z  WARNING  stats fetch failed: timed out
2026-09-10T22:09:25Z  WARNING  thresholds fetch failed: timed out
2026-09-10T22:09:25Z  WARNING  stats fetch failed: timed out
2026-09-10T22:09:27Z  WARNING  thresholds fetch failed: timed out
2026-09-10T22:09:27Z  WARNING  stats fetch failed: timed out
2026-09-10T22:09:29Z  WARNING  thresholds fetch failed: timed out
2026-09-10T22:09:29Z  WARNING  stats fetch failed: timed out
2026-09-10T22:09:31Z  WARNING  thresholds fetch failed: timed out
2026-09-10T22:09:31Z  WARNING  stats fetch failed: timed out
2026-09-10T22:09:33Z  WARNING  thresholds fetch failed: timed out
2026-09-10T22:09:33Z  WARNING  stats fetch failed: timed out
2026-09-10T22:09:35Z  WARNING  thresholds fetch failed: timed out
2026-09-10T22:09:35Z  WARNING  stats fetch failed: timed out
2026-09-10T22:09:37Z  WARNING  thresholds fetch failed: timed out
2026-09-10T22:09:37Z  WARNING  stats fetch failed: timed out
2026-09-10T22:09:39Z  WARNING  thresholds fetch failed: timed out
2026-09-10T22:09:39Z  WARNING  stats fetch failed: timed out
2026-09-10T22:09:41Z  WARNING  thresholds fetch failed: timed out
2026-09-10T22:09:41Z  WARNING  stats fetch failed: timed out
2026-09-10T22:09:43Z  WARNING  thresholds fetch failed: <urlopen error timed out>
2026-09-10T22:09:43Z  WARNING  stats fetch failed: timed out
2026-09-10T22:09:45Z  WARNING  thresholds fetch failed: <urlopen error timed out>
2026-09-10T22:09:45Z  WARNING  stats fetch failed: timed out
2026-09-10T22:09:47Z  WARNING  thresholds fetch failed: timed out
2026-09-10T22:09:47Z  WARNING  stats fetch failed: timed out
2026-09-10T22:09:49Z  WARNING  thresholds fetch failed: timed out
2026-09-10T22:09:49Z  WARNING  stats fetch failed: timed out
2026-09-10T22:09:51Z  WARNING  thresholds fetch failed: timed out
2026-09-10T22:09:51Z  WARNING  stats fetch failed: timed out
2026-09-10T22:09:53Z  WARNING  thresholds fetch failed: timed out
2026-09-10T22:09:53Z  WARNING  stats fetch failed: timed out
2026-09-10T22:09:55Z  WARNING  thresholds fetch failed: timed out
2026-09-10T22:09:55Z  WARNING  stats fetch failed: timed out
2026-09-10T22:09:57Z  WARNING  thresholds fetch failed: timed out
2026-09-10T22:09:57Z  WARNING  stats fetch failed: timed out
2026-09-10T22:09:59Z  WARNING  thresholds fetch failed: timed out
2026-09-10T22:09:59Z  WARNING  stats fetch failed: timed out
2026-09-10T22:10:01Z  WARNING  thresholds fetch failed: timed out
2026-09-10T22:10:01Z  WARNING  stats fetch failed: timed out
2026-09-10T22:10:03Z  WARNING  thresholds fetch failed: timed out
2026-09-10T22:10:03Z  WARNING  stats fetch failed: timed out
2026-09-10T22:10:05Z  WARNING  thresholds fetch failed: timed out
2026-09-10T22:10:05Z  WARNING  stats fetch failed: timed out
2026-09-10T22:10:07Z  WARNING  thresholds fetch failed: timed out
2026-09-10T22:10:07Z  WARNING  stats fetch failed: timed out
2026-09-10T22:10:09Z  WARNING  thresholds fetch failed: timed out
2026-09-10T22:10:09Z  WARNING  stats fetch failed: timed out
2026-09-10T22:10:11Z  WARNING  thresholds fetch failed: timed out
2026-09-10T22:10:11Z  WARNING  stats fetch failed: timed out
2026-09-10T22:10:13Z  WARNING  thresholds fetch failed: timed out
2026-09-10T22:10:13Z  WARNING  stats fetch failed: timed out
2026-09-10T22:10:15Z  WARNING  thresholds fetch failed: timed out
2026-09-10T22:10:15Z  WARNING  stats fetch failed: timed out
2026-09-10T22:10:17Z  WARNING  thresholds fetch failed: timed out
2026-09-10T22:10:17Z  WARNING  stats fetch failed: timed out
2026-09-10T22:10:19Z  WARNING  thresholds fetch failed: timed out
2026-09-10T22:10:19Z  WARNING  stats fetch failed: timed out
2026-09-10T22:10:21Z  WARNING  thresholds fetch failed: timed out
2026-09-10T22:10:21Z  WARNING  stats fetch failed: timed out
2026-09-10T22:10:23Z  WARNING  thresholds fetch failed: timed out
2026-09-10T22:10:23Z  WARNING  stats fetch failed: timed out
2026-09-10T22:10:25Z  WARNING  thresholds fetch failed: timed out
2026-09-10T22:10:25Z  WARNING  stats fetch failed: <urlopen error timed out>
2026-09-10T22:10:27Z  WARNING  thresholds fetch failed: timed out
2026-09-10T22:10:27Z  WARNING  stats fetch failed: timed out
2026-09-10T22:10:29Z  WARNING  thresholds fetch failed: timed out
2026-09-10T22:10:29Z  WARNING  stats fetch failed: timed out
2026-09-10T22:10:31Z  WARNING  thresholds fetch failed: timed out
2026-09-10T22:10:31Z  WARNING  stats fetch failed: timed out
2026-09-10T22:10:33Z  WARNING  thresholds fetch failed: timed out
2026-09-10T22:10:33Z  WARNING  stats fetch failed: timed out
2026-09-10T22:10:35Z  WARNING  thresholds fetch failed: timed out
2026-09-10T22:10:35Z  WARNING  stats fetch failed: timed out
2026-09-10T22:10:37Z  WARNING  thresholds fetch failed: timed out
2026-09-10T22:10:37Z  WARNING  stats fetch failed: timed out
2026-09-10T22:10:39Z  WARNING  thresholds fetch failed: <urlopen error timed out>
2026-09-10T22:10:39Z  WARNING  stats fetch failed: timed out
2026-09-10T22:10:41Z  WARNING  thresholds fetch failed: timed out
2026-09-10T22:10:41Z  WARNING  stats fetch failed: timed out
2026-09-10T22:10:43Z  WARNING  thresholds fetch failed: timed out
2026-09-10T22:10:43Z  WARNING  stats fetch failed: timed out
2026-09-10T22:10:45Z  WARNING  thresholds fetch failed: timed out
2026-09-10T22:10:45Z  WARNING  stats fetch failed: timed out
2026-09-10T22:10:47Z  WARNING  thresholds fetch failed: timed out
2026-09-10T22:10:47Z  WARNING  stats fetch failed: timed out
2026-09-10T22:10:49Z  WARNING  thresholds fetch failed: timed out
2026-09-10T22:10:49Z  WARNING  stats fetch failed: timed out
2026-09-10T22:10:51Z  WARNING  thresholds fetch failed: timed out
2026-09-10T22:10:51Z  WARNING  stats fetch failed: timed out
2026-09-10T22:10:53Z  WARNING  thresholds fetch failed: timed out
2026-09-10T22:10:53Z  WARNING  stats fetch failed: timed out
2026-09-10T22:10:55Z  WARNING  thresholds fetch failed: timed out
2026-09-10T22:10:55Z  WARNING  stats fetch failed: timed out
2026-09-10T22:10:57Z  WARNING  thresholds fetch failed: timed out
2026-09-10T22:10:57Z  WARNING  stats fetch failed: timed out
2026-09-10T22:10:59Z  WARNING  thresholds fetch failed: timed out
2026-09-10T22:10:59Z  WARNING  stats fetch failed: timed out
2026-09-10T22:11:01Z  WARNING  thresholds fetch failed: timed out
2026-09-10T22:11:01Z  WARNING  stats fetch failed: timed out
2026-09-10T22:11:03Z  WARNING  thresholds fetch failed: timed out
2026-09-10T22:11:03Z  WARNING  stats fetch failed: timed out
2026-09-10T22:11:05Z  WARNING  thresholds fetch failed: timed out
2026-09-10T22:11:05Z  WARNING  stats fetch failed: timed out
2026-09-10T22:11:07Z  WARNING  thresholds fetch failed: timed out
2026-09-10T22:11:07Z  WARNING  stats fetch failed: timed out
2026-09-10T22:11:09Z  WARNING  thresholds fetch failed: timed out
2026-09-10T22:11:09Z  WARNING  stats fetch failed: timed out
2026-09-10T22:11:11Z  WARNING  thresholds fetch failed: timed out
2026-09-10T22:11:11Z  WARNING  stats fetch failed: timed out
2026-09-10T22:11:13Z  WARNING  thresholds fetch failed: timed out
2026-09-10T22:11:13Z  WARNING  stats fetch failed: timed out
2026-09-10T22:11:15Z  WARNING  thresholds fetch failed: timed out
2026-09-10T22:11:15Z  WARNING  stats fetch failed: timed out
2026-09-10T22:11:17Z  WARNING  thresholds fetch failed: timed out
2026-09-10T22:11:17Z  WARNING  stats fetch failed: timed out
2026-09-10T22:11:19Z  WARNING  thresholds fetch failed: timed out
2026-09-10T22:11:19Z  WARNING  stats fetch failed: timed out
2026-09-10T22:11:21Z  WARNING  thresholds fetch failed: timed out
2026-09-10T22:11:21Z  WARNING  stats fetch failed: timed out
2026-09-10T22:11:23Z  WARNING  thresholds fetch failed: timed out
2026-09-10T22:11:23Z  WARNING  stats fetch failed: timed out
2026-09-10T22:11:25Z  WARNING  thresholds fetch failed: timed out
2026-09-10T22:11:25Z  WARNING  stats fetch failed: timed out
2026-09-10T22:11:27Z  WARNING  thresholds fetch failed: timed out
2026-09-10T22:11:27Z  WARNING  stats fetch failed: timed out
2026-09-10T22:11:29Z  WARNING  thresholds fetch failed: timed out
2026-09-10T22:11:29Z  WARNING  stats fetch failed: timed out
2026-09-10T22:11:31Z  WARNING  thresholds fetch failed: timed out
2026-09-10T22:11:31Z  WARNING  stats fetch failed: timed out
2026-09-10T22:11:33Z  WARNING  thresholds fetch failed: timed out
2026-09-10T22:11:33Z  WARNING  stats fetch failed: timed out
2026-09-10T22:11:35Z  WARNING  thresholds fetch failed: timed out
2026-09-10T22:11:35Z  WARNING  stats fetch failed: timed out
2026-09-10T22:11:37Z  WARNING  thresholds fetch failed: timed out
2026-09-10T22:11:37Z  WARNING  stats fetch failed: timed out
2026-09-10T22:11:39Z  WARNING  thresholds fetch failed: timed out
2026-09-10T22:11:39Z  WARNING  stats fetch failed: timed out
2026-09-10T22:11:41Z  WARNING  thresholds fetch failed: timed out
2026-09-10T22:11:41Z  WARNING  stats fetch failed: timed out
2026-09-10T22:11:43Z  WARNING  thresholds fetch failed: timed out
2026-09-10T22:11:43Z  WARNING  stats fetch failed: timed out
2026-09-10T22:11:45Z  WARNING  thresholds fetch failed: timed out
2026-09-10T22:11:45Z  WARNING  stats fetch failed: <urlopen error timed out>
2026-09-10T22:11:47Z  WARNING  thresholds fetch failed: timed out
2026-09-10T22:11:47Z  WARNING  stats fetch failed: timed out
2026-09-10T22:11:49Z  WARNING  thresholds fetch failed: timed out
2026-09-10T22:11:49Z  WARNING  stats fetch failed: timed out
2026-09-10T22:11:51Z  WARNING  thresholds fetch failed: <urlopen error timed out>
2026-09-10T22:11:51Z  WARNING  stats fetch failed: timed out
2026-09-10T22:11:53Z  WARNING  thresholds fetch failed: timed out
2026-09-10T22:11:53Z  WARNING  stats fetch failed: timed out
2026-09-10T22:11:55Z  WARNING  thresholds fetch failed: timed out
2026-09-10T22:11:55Z  WARNING  stats fetch failed: timed out
2026-09-10T22:11:57Z  WARNING  thresholds fetch failed: timed out
2026-09-10T22:11:57Z  WARNING  stats fetch failed: timed out
2026-09-10T22:11:59Z  WARNING  thresholds fetch failed: timed out
2026-09-10T22:11:59Z  WARNING  stats fetch failed: timed out
2026-09-10T22:12:01Z  WARNING  thresholds fetch failed: timed out
2026-09-10T22:12:01Z  WARNING  stats fetch failed: timed out
2026-09-10T22:12:03Z  WARNING  thresholds fetch failed: timed out
2026-09-10T22:12:03Z  WARNING  stats fetch failed: timed out
2026-09-10T22:12:05Z  WARNING  thresholds fetch failed: timed out
2026-09-10T22:12:05Z  WARNING  stats fetch failed: timed out
2026-09-10T22:12:07Z  WARNING  thresholds fetch failed: timed out
2026-09-10T22:12:07Z  WARNING  stats fetch failed: timed out
2026-09-10T22:12:09Z  WARNING  thresholds fetch failed: timed out
2026-09-10T22:12:09Z  WARNING  stats fetch failed: timed out
2026-09-10T22:12:11Z  WARNING  thresholds fetch failed: timed out
2026-09-10T22:12:11Z  WARNING  stats fetch failed: timed out
2026-09-10T22:12:13Z  WARNING  thresholds fetch failed: timed out
2026-09-10T22:12:13Z  WARNING  stats fetch failed: timed out
2026-09-10T22:12:15Z  WARNING  thresholds fetch failed: timed out
2026-09-10T22:12:15Z  WARNING  stats fetch failed: timed out
2026-09-10T22:12:17Z  WARNING  thresholds fetch failed: timed out
2026-09-10T22:12:17Z  WARNING  stats fetch failed: timed out
2026-09-10T22:12:19Z  WARNING  thresholds fetch failed: timed out
2026-09-10T22:12:19Z  WARNING  stats fetch failed: timed out
2026-09-10T22:12:21Z  WARNING  thresholds fetch failed: <urlopen error timed out>
2026-09-10T22:12:21Z  WARNING  stats fetch failed: timed out
2026-09-10T22:12:23Z  WARNING  thresholds fetch failed: timed out
2026-09-10T22:12:23Z  WARNING  stats fetch failed: timed out
2026-09-10T22:12:25Z  WARNING  thresholds fetch failed: timed out
2026-09-10T22:12:25Z  WARNING  stats fetch failed: timed out
2026-09-10T22:12:27Z  WARNING  thresholds fetch failed: timed out
2026-09-10T22:12:27Z  WARNING  stats fetch failed: timed out
2026-09-10T22:12:29Z  WARNING  thresholds fetch failed: timed out
2026-09-10T22:12:29Z  WARNING  stats fetch failed: timed out
2026-09-10T22:12:31Z  WARNING  thresholds fetch failed: timed out
2026-09-10T22:12:31Z  WARNING  stats fetch failed: timed out
2026-09-10T22:12:33Z  WARNING  thresholds fetch failed: timed out
2026-09-10T22:12:33Z  WARNING  stats fetch failed: timed out
2026-09-10T22:12:35Z  WARNING  thresholds fetch failed: timed out
2026-09-10T22:12:35Z  WARNING  stats fetch failed: timed out
2026-09-10T22:12:37Z  WARNING  thresholds fetch failed: timed out
2026-09-10T22:12:37Z  WARNING  stats fetch failed: timed out
2026-09-10T22:12:39Z  WARNING  thresholds fetch failed: timed out
2026-09-10T22:12:39Z  WARNING  stats fetch failed: timed out
2026-09-10T22:12:41Z  WARNING  thresholds fetch failed: timed out
2026-09-10T22:12:41Z  WARNING  stats fetch failed: timed out
2026-09-10T22:12:43Z  WARNING  thresholds fetch failed: timed out
2026-09-10T22:12:43Z  WARNING  stats fetch failed: timed out
2026-09-10T22:12:47Z  SHUTDOWN  signal=15
2026-09-10T22:12:48Z  EXIT
