2026-09-11T09:44:31Z  START  poll_interval=1s
2026-09-11T09:45:23Z  WARNING  thresholds fetch failed: timed out
2026-09-11T09:45:23Z  WARNING  stats fetch failed: timed out
2026-09-11T09:45:24Z  WARNING  thresholds fetch failed: timed out
2026-09-11T09:45:24Z  WARNING  stats fetch failed: timed out
2026-09-11T09:45:25Z  WARNING  thresholds fetch failed: timed out
2026-09-11T09:45:25Z  WARNING  stats fetch failed: timed out
2026-09-11T09:45:26Z  WARNING  thresholds fetch failed: timed out
2026-09-11T09:45:26Z  WARNING  stats fetch failed: timed out
2026-09-11T09:45:27Z  WARNING  thresholds fetch failed: timed out
2026-09-11T09:45:27Z  WARNING  stats fetch failed: timed out
2026-09-11T09:45:28Z  WARNING  thresholds fetch failed: timed out
2026-09-11T09:45:28Z  WARNING  stats fetch failed: timed out
2026-09-11T09:45:29Z  WARNING  thresholds fetch failed: timed out
2026-09-11T09:45:29Z  WARNING  stats fetch failed: timed out
2026-09-11T09:45:30Z  WARNING  thresholds fetch failed: timed out
2026-09-11T09:45:30Z  WARNING  stats fetch failed: timed out
2026-09-11T09:45:31Z  WARNING  thresholds fetch failed: timed out
2026-09-11T09:45:31Z  WARNING  stats fetch failed: timed out
2026-09-11T09:45:32Z  WARNING  thresholds fetch failed: timed out
2026-09-11T09:45:32Z  WARNING  stats fetch failed: timed out
2026-09-11T09:45:33Z  WARNING  thresholds fetch failed: timed out
2026-09-11T09:45:33Z  WARNING  stats fetch failed: timed out
2026-09-11T09:45:34Z  WARNING  thresholds fetch failed: timed out
2026-09-11T09:45:34Z  WARNING  stats fetch failed: timed out
2026-09-11T09:45:35Z  WARNING  thresholds fetch failed: timed out
2026-09-11T09:45:35Z  WARNING  stats fetch failed: timed out
2026-09-11T09:45:36Z  WARNING  thresholds fetch failed: timed out
2026-09-11T09:45:36Z  WARNING  stats fetch failed: timed out
2026-09-11T09:45:37Z  WARNING  thresholds fetch failed: timed out
2026-09-11T09:45:37Z  WARNING  stats fetch failed: timed out
2026-09-11T09:45:38Z  WARNING  thresholds fetch failed: timed out
2026-09-11T09:45:38Z  WARNING  stats fetch failed: timed out
2026-09-11T09:45:39Z  WARNING  thresholds fetch failed: timed out
2026-09-11T09:45:39Z  WARNING  stats fetch failed: timed out
2026-09-11T09:45:40Z  WARNING  thresholds fetch failed: timed out
2026-09-11T09:45:40Z  WARNING  stats fetch failed: timed out
2026-09-11T09:45:41Z  WARNING  thresholds fetch failed: timed out
2026-09-11T09:45:41Z  WARNING  stats fetch failed: timed out
2026-09-11T09:45:42Z  WARNING  thresholds fetch failed: timed out
2026-09-11T09:45:42Z  WARNING  stats fetch failed: timed out
2026-09-11T09:45:43Z  WARNING  thresholds fetch failed: timed out
2026-09-11T09:45:43Z  WARNING  stats fetch failed: timed out
2026-09-11T09:45:44Z  WARNING  thresholds fetch failed: timed out
2026-09-11T09:45:44Z  WARNING  stats fetch failed: timed out
2026-09-11T09:45:45Z  WARNING  thresholds fetch failed: timed out
2026-09-11T09:45:45Z  WARNING  stats fetch failed: timed out
2026-09-11T09:45:46Z  WARNING  thresholds fetch failed: timed out
2026-09-11T09:45:46Z  WARNING  stats fetch failed: timed out
2026-09-11T09:45:47Z  WARNING  thresholds fetch failed: timed out
2026-09-11T09:45:47Z  WARNING  stats fetch failed: timed out
2026-09-11T09:45:48Z  WARNING  thresholds fetch failed: timed out
2026-09-11T09:45:48Z  WARNING  stats fetch failed: timed out
2026-09-11T09:45:49Z  WARNING  thresholds fetch failed: timed out
2026-09-11T09:45:49Z  WARNING  stats fetch failed: timed out
2026-09-11T09:45:50Z  WARNING  thresholds fetch failed: timed out
2026-09-11T09:45:50Z  WARNING  stats fetch failed: timed out
2026-09-11T09:45:51Z  WARNING  thresholds fetch failed: timed out
2026-09-11T09:45:51Z  WARNING  stats fetch failed: timed out
2026-09-11T09:45:52Z  WARNING  thresholds fetch failed: timed out
2026-09-11T09:45:52Z  WARNING  stats fetch failed: timed out
2026-09-11T09:45:53Z  WARNING  thresholds fetch failed: timed out
2026-09-11T09:45:53Z  WARNING  stats fetch failed: timed out
2026-09-11T09:45:54Z  WARNING  thresholds fetch failed: timed out
2026-09-11T09:45:54Z  WARNING  stats fetch failed: timed out
2026-09-11T09:45:55Z  WARNING  thresholds fetch failed: timed out
2026-09-11T09:45:55Z  WARNING  stats fetch failed: timed out
2026-09-11T09:45:56Z  WARNING  thresholds fetch failed: timed out
2026-09-11T09:45:56Z  WARNING  stats fetch failed: timed out
2026-09-11T09:45:57Z  WARNING  thresholds fetch failed: timed out
2026-09-11T09:45:57Z  WARNING  stats fetch failed: timed out
2026-09-11T09:45:58Z  WARNING  thresholds fetch failed: timed out
2026-09-11T09:45:58Z  WARNING  stats fetch failed: timed out
2026-09-11T09:45:59Z  WARNING  thresholds fetch failed: timed out
2026-09-11T09:45:59Z  WARNING  stats fetch failed: timed out
2026-09-11T09:46:00Z  WARNING  thresholds fetch failed: timed out
2026-09-11T09:46:00Z  WARNING  stats fetch failed: timed out
2026-09-11T09:46:01Z  WARNING  thresholds fetch failed: timed out
2026-09-11T09:46:01Z  WARNING  stats fetch failed: timed out
2026-09-11T09:46:02Z  WARNING  thresholds fetch failed: timed out
2026-09-11T09:46:02Z  WARNING  stats fetch failed: timed out
2026-09-11T09:46:03Z  WARNING  thresholds fetch failed: timed out
2026-09-11T09:46:03Z  WARNING  stats fetch failed: timed out
2026-09-11T09:46:04Z  WARNING  thresholds fetch failed: timed out
2026-09-11T09:46:04Z  WARNING  stats fetch failed: timed out
2026-09-11T09:46:05Z  WARNING  thresholds fetch failed: timed out
2026-09-11T09:46:05Z  WARNING  stats fetch failed: timed out
2026-09-11T09:46:06Z  WARNING  thresholds fetch failed: timed out
2026-09-11T09:46:06Z  WARNING  stats fetch failed: timed out
2026-09-11T09:46:07Z  WARNING  thresholds fetch failed: timed out
2026-09-11T09:46:07Z  WARNING  stats fetch failed: timed out
2026-09-11T09:46:08Z  WARNING  thresholds fetch failed: timed out
2026-09-11T09:46:08Z  WARNING  stats fetch failed: timed out
2026-09-11T09:46:09Z  WARNING  thresholds fetch failed: timed out
2026-09-11T09:46:09Z  WARNING  stats fetch failed: timed out
2026-09-11T09:46:10Z  WARNING  thresholds fetch failed: timed out
2026-09-11T09:46:10Z  WARNING  stats fetch failed: timed out
2026-09-11T09:46:11Z  WARNING  thresholds fetch failed: timed out
2026-09-11T09:46:11Z  WARNING  stats fetch failed: timed out
2026-09-11T09:46:12Z  WARNING  thresholds fetch failed: timed out
2026-09-11T09:46:12Z  WARNING  stats fetch failed: timed out
2026-09-11T09:46:13Z  WARNING  thresholds fetch failed: timed out
2026-09-11T09:46:13Z  WARNING  stats fetch failed: timed out
2026-09-11T09:46:14Z  WARNING  thresholds fetch failed: timed out
2026-09-11T09:46:14Z  WARNING  stats fetch failed: timed out
2026-09-11T09:46:15Z  WARNING  thresholds fetch failed: timed out
2026-09-11T09:46:15Z  WARNING  stats fetch failed: timed out
2026-09-11T09:46:16Z  WARNING  thresholds fetch failed: timed out
2026-09-11T09:46:16Z  WARNING  stats fetch failed: timed out
2026-09-11T09:46:17Z  WARNING  thresholds fetch failed: timed out
2026-09-11T09:46:17Z  WARNING  stats fetch failed: timed out
2026-09-11T09:46:18Z  WARNING  thresholds fetch failed: timed out
2026-09-11T09:46:18Z  WARNING  stats fetch failed: timed out
2026-09-11T09:46:19Z  WARNING  thresholds fetch failed: timed out
2026-09-11T09:46:19Z  WARNING  stats fetch failed: timed out
2026-09-11T09:46:20Z  WARNING  thresholds fetch failed: timed out
2026-09-11T09:46:20Z  WARNING  stats fetch failed: timed out
2026-09-11T09:46:21Z  WARNING  thresholds fetch failed: timed out
2026-09-11T09:46:21Z  WARNING  stats fetch failed: timed out
2026-09-11T09:46:22Z  WARNING  thresholds fetch failed: timed out
2026-09-11T09:46:22Z  WARNING  stats fetch failed: timed out
2026-09-11T09:46:23Z  WARNING  thresholds fetch failed: timed out
2026-09-11T09:46:23Z  WARNING  stats fetch failed: timed out
2026-09-11T09:46:24Z  WARNING  thresholds fetch failed: timed out
2026-09-11T09:46:24Z  WARNING  stats fetch failed: timed out
2026-09-11T09:46:25Z  WARNING  thresholds fetch failed: timed out
2026-09-11T09:46:25Z  WARNING  stats fetch failed: timed out
2026-09-11T09:46:26Z  WARNING  thresholds fetch failed: timed out
2026-09-11T09:46:26Z  WARNING  stats fetch failed: timed out
2026-09-11T09:46:27Z  WARNING  thresholds fetch failed: timed out
2026-09-11T09:46:27Z  WARNING  stats fetch failed: timed out
2026-09-11T09:46:28Z  WARNING  thresholds fetch failed: timed out
2026-09-11T09:46:28Z  WARNING  stats fetch failed: timed out
2026-09-11T09:46:29Z  WARNING  thresholds fetch failed: timed out
2026-09-11T09:46:29Z  WARNING  stats fetch failed: timed out
2026-09-11T09:46:30Z  WARNING  thresholds fetch failed: timed out
2026-09-11T09:46:30Z  WARNING  stats fetch failed: timed out
2026-09-11T09:46:31Z  WARNING  thresholds fetch failed: timed out
2026-09-11T09:46:31Z  WARNING  stats fetch failed: timed out
2026-09-11T09:46:32Z  WARNING  thresholds fetch failed: timed out
2026-09-11T09:46:32Z  WARNING  stats fetch failed: timed out
2026-09-11T09:46:33Z  WARNING  thresholds fetch failed: timed out
2026-09-11T09:46:33Z  WARNING  stats fetch failed: timed out
2026-09-11T09:46:34Z  WARNING  thresholds fetch failed: timed out
2026-09-11T09:46:34Z  WARNING  stats fetch failed: timed out
2026-09-11T09:46:35Z  WARNING  thresholds fetch failed: timed out
2026-09-11T09:46:35Z  WARNING  stats fetch failed: timed out
2026-09-11T09:46:36Z  WARNING  thresholds fetch failed: timed out
2026-09-11T09:46:36Z  WARNING  stats fetch failed: timed out
2026-09-11T09:46:37Z  WARNING  thresholds fetch failed: timed out
2026-09-11T09:46:37Z  WARNING  stats fetch failed: timed out
2026-09-11T09:46:38Z  WARNING  thresholds fetch failed: timed out
2026-09-11T09:46:38Z  WARNING  stats fetch failed: timed out
2026-09-11T09:46:39Z  WARNING  thresholds fetch failed: timed out
2026-09-11T09:46:39Z  WARNING  stats fetch failed: timed out
2026-09-11T09:46:40Z  WARNING  thresholds fetch failed: timed out
2026-09-11T09:46:40Z  WARNING  stats fetch failed: timed out
2026-09-11T09:46:41Z  WARNING  thresholds fetch failed: timed out
2026-09-11T09:46:41Z  WARNING  stats fetch failed: timed out
2026-09-11T09:46:42Z  WARNING  thresholds fetch failed: timed out
2026-09-11T09:46:42Z  WARNING  stats fetch failed: timed out
2026-09-11T09:46:43Z  WARNING  thresholds fetch failed: timed out
2026-09-11T09:46:43Z  WARNING  stats fetch failed: timed out
2026-09-11T09:46:44Z  WARNING  thresholds fetch failed: timed out
2026-09-11T09:46:44Z  WARNING  stats fetch failed: timed out
2026-09-11T09:46:45Z  WARNING  thresholds fetch failed: timed out
2026-09-11T09:46:45Z  WARNING  stats fetch failed: timed out
2026-09-11T09:46:46Z  WARNING  thresholds fetch failed: timed out
2026-09-11T09:46:46Z  WARNING  stats fetch failed: timed out
2026-09-11T09:46:47Z  WARNING  thresholds fetch failed: timed out
2026-09-11T09:46:47Z  WARNING  stats fetch failed: timed out
2026-09-11T09:46:48Z  WARNING  thresholds fetch failed: timed out
2026-09-11T09:46:48Z  WARNING  stats fetch failed: timed out
2026-09-11T09:46:49Z  WARNING  thresholds fetch failed: timed out
2026-09-11T09:46:49Z  WARNING  stats fetch failed: timed out
2026-09-11T09:46:50Z  WARNING  thresholds fetch failed: timed out
2026-09-11T09:46:50Z  WARNING  stats fetch failed: timed out
2026-09-11T09:46:51Z  WARNING  thresholds fetch failed: timed out
2026-09-11T09:46:51Z  WARNING  stats fetch failed: timed out
2026-09-11T09:46:52Z  WARNING  thresholds fetch failed: timed out
2026-09-11T09:46:52Z  WARNING  stats fetch failed: timed out
2026-09-11T09:46:53Z  WARNING  thresholds fetch failed: timed out
2026-09-11T09:46:53Z  WARNING  stats fetch failed: timed out
2026-09-11T09:46:54Z  WARNING  thresholds fetch failed: timed out
2026-09-11T09:46:54Z  WARNING  stats fetch failed: timed out
2026-09-11T09:46:55Z  WARNING  thresholds fetch failed: timed out
2026-09-11T09:46:55Z  WARNING  stats fetch failed: timed out
2026-09-11T09:46:56Z  WARNING  thresholds fetch failed: timed out
2026-09-11T09:46:56Z  WARNING  stats fetch failed: timed out
2026-09-11T09:46:57Z  WARNING  thresholds fetch failed: timed out
2026-09-11T09:46:57Z  WARNING  stats fetch failed: timed out
2026-09-11T09:46:58Z  WARNING  thresholds fetch failed: timed out
2026-09-11T09:46:58Z  WARNING  stats fetch failed: timed out
2026-09-11T09:46:59Z  WARNING  thresholds fetch failed: timed out
2026-09-11T09:46:59Z  WARNING  stats fetch failed: timed out
2026-09-11T09:47:00Z  WARNING  thresholds fetch failed: timed out
2026-09-11T09:47:00Z  WARNING  stats fetch failed: timed out
2026-09-11T09:47:01Z  WARNING  thresholds fetch failed: timed out
2026-09-11T09:47:01Z  WARNING  stats fetch failed: timed out
2026-09-11T09:47:02Z  WARNING  thresholds fetch failed: timed out
2026-09-11T09:47:02Z  WARNING  stats fetch failed: timed out
2026-09-11T09:47:03Z  WARNING  thresholds fetch failed: timed out
2026-09-11T09:47:03Z  WARNING  stats fetch failed: timed out
2026-09-11T09:47:04Z  WARNING  thresholds fetch failed: timed out
2026-09-11T09:47:04Z  WARNING  stats fetch failed: timed out
2026-09-11T09:47:05Z  WARNING  thresholds fetch failed: timed out
2026-09-11T09:47:05Z  WARNING  stats fetch failed: timed out
2026-09-11T09:47:06Z  WARNING  thresholds fetch failed: timed out
2026-09-11T09:47:06Z  WARNING  stats fetch failed: timed out
2026-09-11T09:47:07Z  WARNING  thresholds fetch failed: timed out
2026-09-11T09:47:07Z  WARNING  stats fetch failed: timed out
2026-09-11T09:47:08Z  WARNING  thresholds fetch failed: timed out
2026-09-11T09:47:08Z  WARNING  stats fetch failed: timed out
2026-09-11T09:47:09Z  WARNING  thresholds fetch failed: timed out
2026-09-11T09:47:09Z  WARNING  stats fetch failed: timed out
2026-09-11T09:47:10Z  WARNING  thresholds fetch failed: timed out
2026-09-11T09:47:10Z  WARNING  stats fetch failed: timed out
2026-09-11T09:47:11Z  WARNING  thresholds fetch failed: timed out
2026-09-11T09:47:11Z  WARNING  stats fetch failed: timed out
2026-09-11T09:47:12Z  WARNING  thresholds fetch failed: timed out
2026-09-11T09:47:12Z  WARNING  stats fetch failed: timed out
2026-09-11T09:47:13Z  WARNING  thresholds fetch failed: timed out
2026-09-11T09:47:13Z  WARNING  stats fetch failed: timed out
2026-09-11T09:47:14Z  WARNING  thresholds fetch failed: timed out
2026-09-11T09:47:14Z  WARNING  stats fetch failed: timed out
2026-09-11T09:47:15Z  WARNING  thresholds fetch failed: timed out
2026-09-11T09:47:15Z  WARNING  stats fetch failed: timed out
2026-09-11T09:47:16Z  WARNING  thresholds fetch failed: timed out
2026-09-11T09:47:16Z  WARNING  stats fetch failed: timed out
2026-09-11T09:47:17Z  WARNING  thresholds fetch failed: timed out
2026-09-11T09:47:17Z  WARNING  stats fetch failed: timed out
2026-09-11T09:47:18Z  WARNING  thresholds fetch failed: timed out
2026-09-11T09:47:18Z  WARNING  stats fetch failed: timed out
2026-09-11T09:47:19Z  WARNING  thresholds fetch failed: timed out
2026-09-11T09:47:19Z  WARNING  stats fetch failed: timed out
2026-09-11T09:47:20Z  WARNING  thresholds fetch failed: timed out
2026-09-11T09:47:20Z  WARNING  stats fetch failed: timed out
2026-09-11T09:47:21Z  WARNING  thresholds fetch failed: timed out
2026-09-11T09:47:21Z  WARNING  stats fetch failed: timed out
2026-09-11T09:47:22Z  WARNING  thresholds fetch failed: timed out
2026-09-11T09:47:22Z  WARNING  stats fetch failed: timed out
2026-09-11T09:47:23Z  WARNING  thresholds fetch failed: timed out
2026-09-11T09:47:23Z  WARNING  stats fetch failed: timed out
2026-09-11T09:47:24Z  WARNING  thresholds fetch failed: timed out
2026-09-11T09:47:24Z  WARNING  stats fetch failed: timed out
2026-09-11T09:47:25Z  WARNING  thresholds fetch failed: timed out
2026-09-11T09:47:25Z  WARNING  stats fetch failed: timed out
2026-09-11T09:47:26Z  WARNING  thresholds fetch failed: timed out
2026-09-11T09:47:26Z  WARNING  stats fetch failed: timed out
2026-09-11T09:47:27Z  WARNING  thresholds fetch failed: timed out
2026-09-11T09:47:27Z  WARNING  stats fetch failed: timed out
2026-09-11T09:47:28Z  WARNING  thresholds fetch failed: timed out
2026-09-11T09:47:28Z  WARNING  stats fetch failed: timed out
2026-09-11T09:47:29Z  WARNING  thresholds fetch failed: timed out
2026-09-11T09:47:29Z  WARNING  stats fetch failed: timed out
2026-09-11T09:47:30Z  WARNING  thresholds fetch failed: timed out
2026-09-11T09:47:30Z  WARNING  stats fetch failed: timed out
2026-09-11T09:47:31Z  WARNING  thresholds fetch failed: timed out
2026-09-11T09:47:31Z  WARNING  stats fetch failed: timed out
2026-09-11T09:47:32Z  WARNING  thresholds fetch failed: timed out
2026-09-11T09:47:32Z  WARNING  stats fetch failed: timed out
2026-09-11T09:47:33Z  WARNING  thresholds fetch failed: timed out
2026-09-11T09:47:33Z  WARNING  stats fetch failed: timed out
2026-09-11T09:47:34Z  WARNING  thresholds fetch failed: timed out
2026-09-11T09:47:34Z  WARNING  stats fetch failed: timed out
2026-09-11T09:47:35Z  WARNING  thresholds fetch failed: timed out
2026-09-11T09:47:35Z  WARNING  stats fetch failed: timed out
2026-09-11T09:47:36Z  WARNING  thresholds fetch failed: timed out
2026-09-11T09:47:36Z  WARNING  stats fetch failed: timed out
2026-09-11T09:47:37Z  WARNING  thresholds fetch failed: timed out
2026-09-11T09:47:37Z  WARNING  stats fetch failed: timed out
2026-09-11T09:47:38Z  WARNING  thresholds fetch failed: timed out
2026-09-11T09:47:38Z  WARNING  stats fetch failed: timed out
2026-09-11T09:47:39Z  WARNING  thresholds fetch failed: timed out
2026-09-11T09:47:39Z  WARNING  stats fetch failed: timed out
2026-09-11T09:47:40Z  WARNING  thresholds fetch failed: timed out
2026-09-11T09:47:40Z  WARNING  stats fetch failed: timed out
2026-09-11T09:47:41Z  WARNING  thresholds fetch failed: timed out
2026-09-11T09:47:41Z  WARNING  stats fetch failed: timed out
2026-09-11T09:47:42Z  WARNING  thresholds fetch failed: timed out
2026-09-11T09:47:42Z  WARNING  stats fetch failed: timed out
2026-09-11T09:47:43Z  WARNING  thresholds fetch failed: timed out
2026-09-11T09:47:43Z  WARNING  stats fetch failed: timed out
2026-09-11T09:47:44Z  WARNING  thresholds fetch failed: timed out
2026-09-11T09:47:44Z  WARNING  stats fetch failed: timed out
2026-09-11T09:47:45Z  WARNING  thresholds fetch failed: timed out
2026-09-11T09:47:45Z  WARNING  stats fetch failed: timed out
2026-09-11T09:47:46Z  WARNING  thresholds fetch failed: timed out
2026-09-11T09:47:46Z  WARNING  stats fetch failed: timed out
2026-09-11T09:47:47Z  WARNING  thresholds fetch failed: timed out
2026-09-11T09:47:47Z  WARNING  stats fetch failed: timed out
2026-09-11T09:47:48Z  WARNING  thresholds fetch failed: timed out
2026-09-11T09:47:48Z  WARNING  stats fetch failed: timed out
2026-09-11T09:47:49Z  WARNING  thresholds fetch failed: timed out
2026-09-11T09:47:49Z  WARNING  stats fetch failed: timed out
2026-09-11T09:47:50Z  WARNING  thresholds fetch failed: timed out
2026-09-11T09:47:50Z  WARNING  stats fetch failed: timed out
2026-09-11T09:47:51Z  WARNING  thresholds fetch failed: timed out
2026-09-11T09:47:51Z  WARNING  stats fetch failed: timed out
2026-09-11T09:47:52Z  WARNING  thresholds fetch failed: timed out
2026-09-11T09:47:52Z  WARNING  stats fetch failed: timed out
2026-09-11T09:47:53Z  WARNING  thresholds fetch failed: timed out
2026-09-11T09:47:53Z  WARNING  stats fetch failed: timed out
2026-09-11T09:47:54Z  WARNING  thresholds fetch failed: timed out
2026-09-11T09:47:54Z  WARNING  stats fetch failed: timed out
2026-09-11T09:47:55Z  WARNING  thresholds fetch failed: timed out
2026-09-11T09:47:55Z  WARNING  stats fetch failed: timed out
2026-09-11T09:47:56Z  WARNING  thresholds fetch failed: timed out
2026-09-11T09:47:56Z  WARNING  stats fetch failed: timed out
2026-09-11T09:47:57Z  WARNING  thresholds fetch failed: timed out
2026-09-11T09:47:57Z  WARNING  stats fetch failed: timed out
2026-09-11T09:47:58Z  WARNING  thresholds fetch failed: timed out
2026-09-11T09:47:58Z  WARNING  stats fetch failed: timed out
2026-09-11T09:47:59Z  WARNING  thresholds fetch failed: timed out
2026-09-11T09:47:59Z  WARNING  stats fetch failed: timed out
2026-09-11T09:48:00Z  WARNING  thresholds fetch failed: timed out
2026-09-11T09:48:00Z  WARNING  stats fetch failed: timed out
2026-09-11T09:48:01Z  WARNING  thresholds fetch failed: timed out
2026-09-11T09:48:01Z  WARNING  stats fetch failed: timed out
2026-09-11T09:48:02Z  WARNING  thresholds fetch failed: timed out
2026-09-11T09:48:02Z  WARNING  stats fetch failed: timed out
2026-09-11T09:48:03Z  WARNING  thresholds fetch failed: timed out
2026-09-11T09:48:03Z  WARNING  stats fetch failed: timed out
2026-09-11T09:48:04Z  WARNING  thresholds fetch failed: timed out
2026-09-11T09:48:04Z  WARNING  stats fetch failed: timed out
2026-09-11T09:48:05Z  WARNING  thresholds fetch failed: timed out
2026-09-11T09:48:05Z  WARNING  stats fetch failed: timed out
2026-09-11T09:48:06Z  WARNING  thresholds fetch failed: timed out
2026-09-11T09:48:06Z  WARNING  stats fetch failed: timed out
2026-09-11T09:48:07Z  WARNING  thresholds fetch failed: timed out
2026-09-11T09:48:07Z  WARNING  stats fetch failed: timed out
2026-09-11T09:48:08Z  WARNING  thresholds fetch failed: timed out
2026-09-11T09:48:08Z  WARNING  stats fetch failed: timed out
2026-09-11T09:48:09Z  WARNING  thresholds fetch failed: timed out
2026-09-11T09:48:09Z  WARNING  stats fetch failed: timed out
2026-09-11T09:48:10Z  WARNING  thresholds fetch failed: timed out
2026-09-11T09:48:10Z  WARNING  stats fetch failed: timed out
2026-09-11T09:48:11Z  WARNING  thresholds fetch failed: timed out
2026-09-11T09:48:11Z  WARNING  stats fetch failed: timed out
2026-09-11T09:48:12Z  WARNING  thresholds fetch failed: timed out
2026-09-11T09:48:12Z  WARNING  stats fetch failed: timed out
2026-09-11T09:48:13Z  WARNING  thresholds fetch failed: timed out
2026-09-11T09:48:13Z  WARNING  stats fetch failed: timed out
2026-09-11T09:48:14Z  WARNING  thresholds fetch failed: timed out
2026-09-11T09:48:14Z  WARNING  stats fetch failed: timed out
2026-09-11T09:48:15Z  WARNING  thresholds fetch failed: timed out
2026-09-11T09:48:15Z  WARNING  stats fetch failed: timed out
2026-09-11T09:48:16Z  WARNING  thresholds fetch failed: timed out
2026-09-11T09:48:16Z  WARNING  stats fetch failed: timed out
2026-09-11T09:48:17Z  WARNING  thresholds fetch failed: timed out
2026-09-11T09:48:17Z  WARNING  stats fetch failed: timed out
2026-09-11T09:48:18Z  WARNING  thresholds fetch failed: timed out
2026-09-11T09:48:18Z  WARNING  stats fetch failed: timed out
2026-09-11T09:48:19Z  WARNING  thresholds fetch failed: timed out
2026-09-11T09:48:19Z  WARNING  stats fetch failed: timed out
2026-09-11T09:48:20Z  WARNING  thresholds fetch failed: timed out
2026-09-11T09:48:20Z  WARNING  stats fetch failed: timed out
2026-09-11T09:48:21Z  WARNING  thresholds fetch failed: timed out
2026-09-11T09:48:21Z  WARNING  stats fetch failed: timed out
2026-09-11T09:48:22Z  WARNING  thresholds fetch failed: timed out
2026-09-11T09:48:22Z  WARNING  stats fetch failed: timed out
2026-09-11T09:48:23Z  WARNING  thresholds fetch failed: timed out
2026-09-11T09:48:23Z  WARNING  stats fetch failed: timed out
2026-09-11T09:48:24Z  WARNING  thresholds fetch failed: timed out
2026-09-11T09:48:24Z  WARNING  stats fetch failed: timed out
2026-09-11T09:48:25Z  WARNING  thresholds fetch failed: timed out
2026-09-11T09:48:25Z  WARNING  stats fetch failed: timed out
2026-09-11T09:48:26Z  WARNING  thresholds fetch failed: timed out
2026-09-11T09:48:26Z  WARNING  stats fetch failed: timed out
2026-09-11T09:48:27Z  WARNING  thresholds fetch failed: timed out
2026-09-11T09:48:27Z  WARNING  stats fetch failed: timed out
2026-09-11T09:48:28Z  WARNING  thresholds fetch failed: timed out
2026-09-11T09:48:28Z  WARNING  stats fetch failed: timed out
2026-09-11T09:48:29Z  WARNING  thresholds fetch failed: timed out
2026-09-11T09:48:29Z  WARNING  stats fetch failed: timed out
2026-09-11T09:48:30Z  WARNING  thresholds fetch failed: timed out
2026-09-11T09:48:30Z  WARNING  stats fetch failed: timed out
2026-09-11T09:48:31Z  WARNING  thresholds fetch failed: timed out
2026-09-11T09:48:31Z  WARNING  stats fetch failed: timed out
2026-09-11T09:48:32Z  WARNING  thresholds fetch failed: timed out
2026-09-11T09:48:32Z  WARNING  stats fetch failed: timed out
2026-09-11T09:48:33Z  WARNING  thresholds fetch failed: timed out
2026-09-11T09:48:33Z  WARNING  stats fetch failed: timed out
2026-09-11T09:48:34Z  WARNING  thresholds fetch failed: timed out
2026-09-11T09:48:34Z  WARNING  stats fetch failed: timed out
2026-09-11T09:48:35Z  WARNING  thresholds fetch failed: timed out
2026-09-11T09:48:35Z  WARNING  stats fetch failed: timed out
2026-09-11T09:48:36Z  WARNING  thresholds fetch failed: timed out
2026-09-11T09:48:36Z  WARNING  stats fetch failed: timed out
2026-09-11T09:48:37Z  WARNING  thresholds fetch failed: timed out
2026-09-11T09:48:37Z  WARNING  stats fetch failed: timed out
2026-09-11T09:48:38Z  WARNING  thresholds fetch failed: timed out
2026-09-11T09:48:38Z  WARNING  stats fetch failed: timed out
2026-09-11T09:48:39Z  WARNING  thresholds fetch failed: timed out
2026-09-11T09:48:39Z  WARNING  stats fetch failed: timed out
2026-09-11T09:48:40Z  WARNING  thresholds fetch failed: timed out
2026-09-11T09:48:40Z  WARNING  stats fetch failed: timed out
2026-09-11T09:48:41Z  WARNING  thresholds fetch failed: timed out
2026-09-11T09:48:41Z  WARNING  stats fetch failed: timed out
2026-09-11T09:48:42Z  WARNING  thresholds fetch failed: timed out
2026-09-11T09:48:42Z  WARNING  stats fetch failed: timed out
2026-09-11T09:48:43Z  WARNING  thresholds fetch failed: timed out
2026-09-11T09:48:43Z  WARNING  stats fetch failed: timed out
2026-09-11T09:48:44Z  WARNING  thresholds fetch failed: timed out
2026-09-11T09:48:44Z  WARNING  stats fetch failed: timed out
2026-09-11T09:48:45Z  WARNING  thresholds fetch failed: timed out
2026-09-11T09:48:45Z  WARNING  stats fetch failed: timed out
2026-09-11T09:48:46Z  WARNING  thresholds fetch failed: timed out
2026-09-11T09:48:46Z  WARNING  stats fetch failed: timed out
2026-09-11T09:48:47Z  WARNING  thresholds fetch failed: timed out
2026-09-11T09:48:47Z  WARNING  stats fetch failed: timed out
2026-09-11T09:48:48Z  WARNING  thresholds fetch failed: timed out
2026-09-11T09:48:48Z  WARNING  stats fetch failed: timed out
2026-09-11T09:48:49Z  WARNING  thresholds fetch failed: timed out
2026-09-11T09:48:49Z  WARNING  stats fetch failed: timed out
2026-09-11T09:48:50Z  WARNING  thresholds fetch failed: timed out
2026-09-11T09:48:50Z  WARNING  stats fetch failed: timed out
2026-09-11T09:48:51Z  WARNING  thresholds fetch failed: timed out
2026-09-11T09:48:51Z  WARNING  stats fetch failed: timed out
2026-09-11T09:48:52Z  WARNING  thresholds fetch failed: timed out
2026-09-11T09:48:52Z  WARNING  stats fetch failed: timed out
2026-09-11T09:48:53Z  WARNING  thresholds fetch failed: timed out
2026-09-11T09:48:53Z  WARNING  stats fetch failed: timed out
2026-09-11T09:48:54Z  WARNING  thresholds fetch failed: timed out
2026-09-11T09:48:54Z  WARNING  stats fetch failed: <urlopen error timed out>
2026-09-11T09:48:55Z  WARNING  thresholds fetch failed: timed out
2026-09-11T09:48:55Z  WARNING  stats fetch failed: timed out
2026-09-11T09:48:56Z  WARNING  thresholds fetch failed: <urlopen error timed out>
2026-09-11T09:48:56Z  WARNING  stats fetch failed: timed out
2026-09-11T09:48:57Z  WARNING  thresholds fetch failed: timed out
2026-09-11T09:48:57Z  WARNING  stats fetch failed: timed out
2026-09-11T09:48:58Z  WARNING  thresholds fetch failed: <urlopen error timed out>
2026-09-11T09:48:58Z  WARNING  stats fetch failed: timed out
2026-09-11T09:48:59Z  WARNING  thresholds fetch failed: timed out
2026-09-11T09:48:59Z  WARNING  stats fetch failed: timed out
2026-09-11T09:49:00Z  WARNING  thresholds fetch failed: timed out
2026-09-11T09:49:00Z  WARNING  stats fetch failed: timed out
2026-09-11T09:49:01Z  WARNING  thresholds fetch failed: timed out
2026-09-11T09:49:01Z  WARNING  stats fetch failed: timed out
2026-09-11T09:49:02Z  WARNING  thresholds fetch failed: timed out
2026-09-11T09:49:02Z  WARNING  stats fetch failed: timed out
2026-09-11T09:49:03Z  WARNING  thresholds fetch failed: timed out
2026-09-11T09:49:03Z  WARNING  stats fetch failed: timed out
2026-09-11T09:49:04Z  WARNING  thresholds fetch failed: timed out
2026-09-11T09:49:04Z  WARNING  stats fetch failed: timed out
2026-09-11T09:49:05Z  WARNING  thresholds fetch failed: timed out
2026-09-11T09:49:05Z  WARNING  stats fetch failed: timed out
2026-09-11T09:49:06Z  WARNING  thresholds fetch failed: timed out
2026-09-11T09:49:06Z  WARNING  stats fetch failed: timed out
2026-09-11T09:49:07Z  WARNING  thresholds fetch failed: timed out
2026-09-11T09:49:07Z  WARNING  stats fetch failed: timed out
2026-09-11T09:49:08Z  WARNING  thresholds fetch failed: timed out
2026-09-11T09:49:08Z  WARNING  stats fetch failed: timed out
2026-09-11T09:49:09Z  WARNING  thresholds fetch failed: timed out
2026-09-11T09:49:09Z  WARNING  stats fetch failed: timed out
2026-09-11T09:49:10Z  WARNING  thresholds fetch failed: <urlopen error timed out>
2026-09-11T09:49:10Z  WARNING  stats fetch failed: timed out
2026-09-11T09:49:11Z  WARNING  thresholds fetch failed: timed out
2026-09-11T09:49:11Z  WARNING  stats fetch failed: timed out
2026-09-11T09:49:12Z  WARNING  thresholds fetch failed: timed out
2026-09-11T09:49:12Z  WARNING  stats fetch failed: timed out
2026-09-11T09:49:13Z  WARNING  thresholds fetch failed: timed out
2026-09-11T09:49:13Z  WARNING  stats fetch failed: timed out
2026-09-11T09:49:14Z  WARNING  thresholds fetch failed: <urlopen error timed out>
2026-09-11T09:49:14Z  WARNING  stats fetch failed: timed out
2026-09-11T09:49:15Z  WARNING  thresholds fetch failed: timed out
2026-09-11T09:49:15Z  WARNING  stats fetch failed: timed out
2026-09-11T09:49:16Z  WARNING  thresholds fetch failed: timed out
2026-09-11T09:49:16Z  WARNING  stats fetch failed: <urlopen error timed out>
2026-09-11T09:49:17Z  WARNING  thresholds fetch failed: timed out
2026-09-11T09:49:17Z  WARNING  stats fetch failed: timed out
2026-09-11T09:49:18Z  WARNING  thresholds fetch failed: timed out
2026-09-11T09:49:18Z  WARNING  stats fetch failed: timed out
2026-09-11T09:49:19Z  WARNING  thresholds fetch failed: timed out
2026-09-11T09:49:19Z  WARNING  stats fetch failed: timed out
2026-09-11T09:49:20Z  WARNING  thresholds fetch failed: timed out
2026-09-11T09:49:20Z  WARNING  stats fetch failed: timed out
2026-09-11T09:49:21Z  WARNING  thresholds fetch failed: timed out
2026-09-11T09:49:21Z  WARNING  stats fetch failed: timed out
2026-09-11T09:49:22Z  WARNING  thresholds fetch failed: <urlopen error timed out>
2026-09-11T09:49:22Z  WARNING  stats fetch failed: <urlopen error timed out>
2026-09-11T09:49:23Z  WARNING  thresholds fetch failed: <urlopen error timed out>
2026-09-11T09:49:23Z  WARNING  stats fetch failed: <urlopen error timed out>
2026-09-11T09:49:24Z  WARNING  thresholds fetch failed: timed out
2026-09-11T09:49:24Z  WARNING  stats fetch failed: timed out
2026-09-11T09:49:25Z  WARNING  thresholds fetch failed: timed out
2026-09-11T09:49:25Z  WARNING  stats fetch failed: timed out
2026-09-11T09:49:26Z  WARNING  thresholds fetch failed: timed out
2026-09-11T09:49:26Z  WARNING  stats fetch failed: timed out
2026-09-11T09:49:27Z  WARNING  thresholds fetch failed: timed out
2026-09-11T09:49:27Z  WARNING  stats fetch failed: timed out
2026-09-11T09:49:28Z  WARNING  thresholds fetch failed: timed out
2026-09-11T09:49:28Z  WARNING  stats fetch failed: timed out
2026-09-11T09:49:29Z  WARNING  thresholds fetch failed: timed out
2026-09-11T09:49:29Z  WARNING  stats fetch failed: timed out
2026-09-11T09:49:30Z  WARNING  thresholds fetch failed: timed out
2026-09-11T09:49:30Z  WARNING  stats fetch failed: timed out
2026-09-11T09:49:31Z  WARNING  thresholds fetch failed: timed out
2026-09-11T09:49:31Z  WARNING  stats fetch failed: timed out
2026-09-11T09:49:32Z  WARNING  thresholds fetch failed: timed out
2026-09-11T09:49:32Z  WARNING  stats fetch failed: timed out
2026-09-11T09:49:33Z  WARNING  thresholds fetch failed: timed out
2026-09-11T09:49:33Z  WARNING  stats fetch failed: timed out
2026-09-11T09:49:34Z  WARNING  thresholds fetch failed: <urlopen error timed out>
2026-09-11T09:49:34Z  WARNING  stats fetch failed: timed out
2026-09-11T09:49:35Z  WARNING  thresholds fetch failed: timed out
2026-09-11T09:49:35Z  WARNING  stats fetch failed: <urlopen error timed out>
2026-09-11T09:49:36Z  WARNING  thresholds fetch failed: timed out
2026-09-11T09:49:36Z  WARNING  stats fetch failed: <urlopen error timed out>
2026-09-11T09:49:37Z  WARNING  thresholds fetch failed: timed out
2026-09-11T09:49:37Z  WARNING  stats fetch failed: timed out
2026-09-11T09:49:38Z  WARNING  thresholds fetch failed: timed out
2026-09-11T09:49:38Z  WARNING  stats fetch failed: <urlopen error timed out>
2026-09-11T09:49:39Z  WARNING  thresholds fetch failed: timed out
2026-09-11T09:49:39Z  WARNING  stats fetch failed: timed out
2026-09-11T09:49:40Z  WARNING  thresholds fetch failed: timed out
2026-09-11T09:49:40Z  WARNING  stats fetch failed: <urlopen error timed out>
2026-09-11T09:49:41Z  WARNING  thresholds fetch failed: timed out
2026-09-11T09:49:41Z  WARNING  stats fetch failed: timed out
2026-09-11T09:49:42Z  WARNING  thresholds fetch failed: timed out
2026-09-11T09:49:42Z  WARNING  stats fetch failed: timed out
2026-09-11T09:49:43Z  WARNING  thresholds fetch failed: timed out
2026-09-11T09:49:43Z  WARNING  stats fetch failed: timed out
2026-09-11T09:49:44Z  WARNING  thresholds fetch failed: <urlopen error timed out>
2026-09-11T09:49:44Z  WARNING  stats fetch failed: timed out
2026-09-11T09:49:45Z  WARNING  thresholds fetch failed: timed out
2026-09-11T09:49:45Z  WARNING  stats fetch failed: timed out
2026-09-11T09:49:46Z  WARNING  thresholds fetch failed: timed out
2026-09-11T09:49:46Z  WARNING  stats fetch failed: timed out
2026-09-11T09:49:47Z  WARNING  thresholds fetch failed: timed out
2026-09-11T09:49:47Z  WARNING  stats fetch failed: timed out
2026-09-11T09:49:48Z  WARNING  thresholds fetch failed: timed out
2026-09-11T09:49:48Z  WARNING  stats fetch failed: timed out
2026-09-11T09:49:49Z  WARNING  thresholds fetch failed: timed out
2026-09-11T09:49:49Z  WARNING  stats fetch failed: timed out
2026-09-11T09:49:50Z  WARNING  thresholds fetch failed: timed out
2026-09-11T09:49:50Z  WARNING  stats fetch failed: timed out
2026-09-11T09:49:51Z  WARNING  thresholds fetch failed: timed out
2026-09-11T09:49:51Z  WARNING  stats fetch failed: timed out
2026-09-11T09:49:52Z  WARNING  thresholds fetch failed: timed out
2026-09-11T09:49:52Z  WARNING  stats fetch failed: timed out
2026-09-11T09:49:53Z  WARNING  thresholds fetch failed: timed out
2026-09-11T09:49:53Z  WARNING  stats fetch failed: timed out
2026-09-11T09:49:54Z  WARNING  thresholds fetch failed: timed out
2026-09-11T09:49:54Z  WARNING  stats fetch failed: timed out
2026-09-11T09:49:55Z  WARNING  thresholds fetch failed: timed out
2026-09-11T09:49:55Z  WARNING  stats fetch failed: timed out
2026-09-11T09:49:56Z  WARNING  thresholds fetch failed: timed out
2026-09-11T09:49:56Z  WARNING  stats fetch failed: timed out
2026-09-11T09:49:57Z  WARNING  thresholds fetch failed: timed out
2026-09-11T09:49:57Z  WARNING  stats fetch failed: timed out
2026-09-11T09:49:58Z  WARNING  thresholds fetch failed: timed out
2026-09-11T09:49:58Z  WARNING  stats fetch failed: timed out
2026-09-11T09:49:59Z  WARNING  thresholds fetch failed: timed out
2026-09-11T09:49:59Z  WARNING  stats fetch failed: timed out
2026-09-11T09:50:00Z  WARNING  thresholds fetch failed: timed out
2026-09-11T09:50:00Z  WARNING  stats fetch failed: timed out
2026-09-11T09:50:01Z  WARNING  thresholds fetch failed: timed out
2026-09-11T09:50:01Z  WARNING  stats fetch failed: timed out
2026-09-11T09:50:02Z  WARNING  thresholds fetch failed: timed out
2026-09-11T09:50:02Z  WARNING  stats fetch failed: timed out
2026-09-11T09:50:03Z  WARNING  thresholds fetch failed: timed out
2026-09-11T09:50:03Z  WARNING  stats fetch failed: timed out
2026-09-11T09:50:04Z  WARNING  thresholds fetch failed: timed out
2026-09-11T09:50:04Z  WARNING  stats fetch failed: timed out
2026-09-11T09:50:05Z  WARNING  thresholds fetch failed: timed out
2026-09-11T09:50:05Z  WARNING  stats fetch failed: timed out
2026-09-11T09:50:06Z  WARNING  thresholds fetch failed: timed out
2026-09-11T09:50:06Z  WARNING  stats fetch failed: timed out
2026-09-11T09:50:07Z  WARNING  thresholds fetch failed: timed out
2026-09-11T09:50:07Z  WARNING  stats fetch failed: timed out
2026-09-11T09:50:08Z  WARNING  thresholds fetch failed: timed out
2026-09-11T09:50:08Z  WARNING  stats fetch failed: timed out
2026-09-11T09:50:09Z  WARNING  thresholds fetch failed: timed out
2026-09-11T09:50:09Z  WARNING  stats fetch failed: timed out
2026-09-11T09:50:10Z  WARNING  thresholds fetch failed: timed out
2026-09-11T09:50:10Z  WARNING  stats fetch failed: timed out
2026-09-11T09:50:11Z  WARNING  thresholds fetch failed: timed out
2026-09-11T09:50:11Z  WARNING  stats fetch failed: timed out
2026-09-11T09:50:12Z  WARNING  thresholds fetch failed: timed out
2026-09-11T09:50:12Z  WARNING  stats fetch failed: timed out
2026-09-11T09:50:13Z  WARNING  thresholds fetch failed: timed out
2026-09-11T09:50:13Z  WARNING  stats fetch failed: timed out
2026-09-11T09:50:14Z  WARNING  thresholds fetch failed: timed out
2026-09-11T09:50:14Z  WARNING  stats fetch failed: timed out
2026-09-11T09:50:15Z  WARNING  thresholds fetch failed: timed out
2026-09-11T09:50:15Z  WARNING  stats fetch failed: timed out
2026-09-11T09:50:16Z  WARNING  thresholds fetch failed: timed out
2026-09-11T09:50:16Z  WARNING  stats fetch failed: timed out
2026-09-11T09:50:17Z  WARNING  thresholds fetch failed: timed out
2026-09-11T09:50:17Z  WARNING  stats fetch failed: timed out
2026-09-11T09:50:18Z  WARNING  thresholds fetch failed: timed out
2026-09-11T09:50:18Z  WARNING  stats fetch failed: timed out
2026-09-11T09:50:19Z  WARNING  thresholds fetch failed: timed out
2026-09-11T09:50:19Z  WARNING  stats fetch failed: timed out
2026-09-11T09:50:20Z  WARNING  thresholds fetch failed: timed out
2026-09-11T09:50:20Z  WARNING  stats fetch failed: timed out
2026-09-11T09:50:21Z  WARNING  thresholds fetch failed: timed out
2026-09-11T09:50:21Z  WARNING  stats fetch failed: timed out
2026-09-11T09:50:22Z  WARNING  thresholds fetch failed: timed out
2026-09-11T09:50:22Z  WARNING  stats fetch failed: timed out
2026-09-11T09:50:23Z  WARNING  thresholds fetch failed: timed out
2026-09-11T09:50:23Z  WARNING  stats fetch failed: timed out
2026-09-11T09:50:24Z  WARNING  thresholds fetch failed: timed out
2026-09-11T09:50:24Z  WARNING  stats fetch failed: timed out
2026-09-11T09:50:25Z  WARNING  thresholds fetch failed: timed out
2026-09-11T09:50:25Z  WARNING  stats fetch failed: timed out
2026-09-11T09:50:26Z  WARNING  thresholds fetch failed: timed out
2026-09-11T09:50:26Z  WARNING  stats fetch failed: timed out
2026-09-11T09:50:27Z  WARNING  thresholds fetch failed: timed out
2026-09-11T09:50:27Z  WARNING  stats fetch failed: timed out
2026-09-11T09:50:28Z  WARNING  thresholds fetch failed: timed out
2026-09-11T09:50:28Z  WARNING  stats fetch failed: timed out
2026-09-11T09:50:29Z  WARNING  thresholds fetch failed: timed out
2026-09-11T09:50:29Z  WARNING  stats fetch failed: timed out
2026-09-11T09:50:30Z  WARNING  thresholds fetch failed: timed out
2026-09-11T09:50:30Z  WARNING  stats fetch failed: timed out
2026-09-11T09:50:31Z  WARNING  thresholds fetch failed: timed out
2026-09-11T09:50:31Z  WARNING  stats fetch failed: timed out
2026-09-11T09:50:32Z  WARNING  thresholds fetch failed: timed out
2026-09-11T09:50:32Z  WARNING  stats fetch failed: timed out
2026-09-11T09:50:33Z  WARNING  thresholds fetch failed: timed out
2026-09-11T09:50:33Z  WARNING  stats fetch failed: timed out
2026-09-11T09:50:34Z  WARNING  thresholds fetch failed: timed out
2026-09-11T09:50:34Z  WARNING  stats fetch failed: timed out
2026-09-11T09:50:35Z  WARNING  thresholds fetch failed: timed out
2026-09-11T09:50:35Z  WARNING  stats fetch failed: timed out
2026-09-11T09:50:36Z  WARNING  thresholds fetch failed: timed out
2026-09-11T09:50:36Z  WARNING  stats fetch failed: timed out
2026-09-11T09:50:37Z  WARNING  thresholds fetch failed: timed out
2026-09-11T09:50:37Z  WARNING  stats fetch failed: timed out
2026-09-11T09:50:38Z  WARNING  thresholds fetch failed: timed out
2026-09-11T09:50:38Z  WARNING  stats fetch failed: timed out
2026-09-11T09:50:39Z  WARNING  thresholds fetch failed: timed out
2026-09-11T09:50:39Z  WARNING  stats fetch failed: timed out
2026-09-11T09:50:40Z  WARNING  thresholds fetch failed: timed out
2026-09-11T09:50:40Z  WARNING  stats fetch failed: timed out
2026-09-11T09:50:41Z  WARNING  thresholds fetch failed: timed out
2026-09-11T09:50:41Z  WARNING  stats fetch failed: timed out
2026-09-11T09:50:42Z  WARNING  thresholds fetch failed: timed out
2026-09-11T09:50:42Z  WARNING  stats fetch failed: timed out
2026-09-11T09:50:43Z  WARNING  thresholds fetch failed: timed out
2026-09-11T09:50:43Z  WARNING  stats fetch failed: timed out
2026-09-11T09:50:44Z  WARNING  thresholds fetch failed: timed out
2026-09-11T09:50:44Z  WARNING  stats fetch failed: timed out
2026-09-11T09:50:45Z  WARNING  thresholds fetch failed: timed out
2026-09-11T09:50:45Z  WARNING  stats fetch failed: timed out
2026-09-11T09:50:46Z  WARNING  thresholds fetch failed: timed out
2026-09-11T09:50:46Z  WARNING  stats fetch failed: timed out
2026-09-11T09:50:47Z  WARNING  thresholds fetch failed: timed out
2026-09-11T09:50:47Z  WARNING  stats fetch failed: timed out
2026-09-11T09:50:48Z  WARNING  thresholds fetch failed: timed out
2026-09-11T09:50:48Z  WARNING  stats fetch failed: timed out
2026-09-11T09:50:49Z  WARNING  thresholds fetch failed: timed out
2026-09-11T09:50:49Z  WARNING  stats fetch failed: timed out
2026-09-11T09:50:50Z  WARNING  thresholds fetch failed: timed out
2026-09-11T09:50:50Z  WARNING  stats fetch failed: timed out
2026-09-11T09:50:51Z  WARNING  thresholds fetch failed: timed out
2026-09-11T09:50:51Z  WARNING  stats fetch failed: timed out
2026-09-11T09:50:52Z  WARNING  thresholds fetch failed: timed out
2026-09-11T09:50:52Z  WARNING  stats fetch failed: timed out
2026-09-11T09:50:53Z  WARNING  thresholds fetch failed: timed out
2026-09-11T09:50:53Z  WARNING  stats fetch failed: timed out
2026-09-11T09:50:54Z  WARNING  thresholds fetch failed: timed out
2026-09-11T09:50:54Z  WARNING  stats fetch failed: timed out
2026-09-11T09:50:55Z  WARNING  thresholds fetch failed: timed out
2026-09-11T09:50:55Z  WARNING  stats fetch failed: timed out
2026-09-11T09:50:56Z  WARNING  thresholds fetch failed: timed out
2026-09-11T09:50:56Z  WARNING  stats fetch failed: timed out
2026-09-11T09:50:57Z  WARNING  thresholds fetch failed: timed out
2026-09-11T09:50:57Z  WARNING  stats fetch failed: timed out
2026-09-11T09:50:58Z  WARNING  thresholds fetch failed: timed out
2026-09-11T09:50:58Z  WARNING  stats fetch failed: timed out
2026-09-11T09:50:59Z  WARNING  thresholds fetch failed: timed out
2026-09-11T09:50:59Z  WARNING  stats fetch failed: timed out
2026-09-11T09:51:00Z  WARNING  thresholds fetch failed: timed out
2026-09-11T09:51:00Z  WARNING  stats fetch failed: timed out
2026-09-11T09:51:01Z  WARNING  thresholds fetch failed: timed out
2026-09-11T09:51:01Z  WARNING  stats fetch failed: timed out
2026-09-11T09:51:02Z  WARNING  thresholds fetch failed: timed out
2026-09-11T09:51:02Z  WARNING  stats fetch failed: timed out
2026-09-11T09:51:03Z  WARNING  thresholds fetch failed: timed out
2026-09-11T09:51:03Z  WARNING  stats fetch failed: timed out
2026-09-11T09:51:04Z  WARNING  thresholds fetch failed: timed out
2026-09-11T09:51:04Z  WARNING  stats fetch failed: timed out
2026-09-11T09:51:05Z  WARNING  thresholds fetch failed: timed out
2026-09-11T09:51:05Z  WARNING  stats fetch failed: timed out
2026-09-11T09:51:06Z  WARNING  thresholds fetch failed: timed out
2026-09-11T09:51:06Z  WARNING  stats fetch failed: timed out
2026-09-11T09:51:07Z  WARNING  thresholds fetch failed: timed out
2026-09-11T09:51:07Z  WARNING  stats fetch failed: timed out
2026-09-11T09:51:08Z  WARNING  thresholds fetch failed: timed out
2026-09-11T09:51:08Z  WARNING  stats fetch failed: timed out
2026-09-11T09:51:09Z  WARNING  thresholds fetch failed: timed out
2026-09-11T09:51:09Z  WARNING  stats fetch failed: timed out
2026-09-11T09:51:10Z  WARNING  thresholds fetch failed: timed out
2026-09-11T09:51:10Z  WARNING  stats fetch failed: timed out
2026-09-11T09:51:11Z  WARNING  thresholds fetch failed: timed out
2026-09-11T09:51:11Z  WARNING  stats fetch failed: timed out
2026-09-11T09:51:12Z  WARNING  thresholds fetch failed: timed out
2026-09-11T09:51:12Z  WARNING  stats fetch failed: timed out
2026-09-11T09:51:13Z  WARNING  thresholds fetch failed: timed out
2026-09-11T09:51:13Z  WARNING  stats fetch failed: timed out
2026-09-11T09:51:14Z  WARNING  thresholds fetch failed: timed out
2026-09-11T09:51:14Z  WARNING  stats fetch failed: timed out
2026-09-11T09:51:15Z  WARNING  thresholds fetch failed: timed out
2026-09-11T09:51:15Z  WARNING  stats fetch failed: timed out
2026-09-11T09:51:16Z  WARNING  thresholds fetch failed: timed out
2026-09-11T09:51:16Z  WARNING  stats fetch failed: timed out
2026-09-11T09:51:17Z  WARNING  thresholds fetch failed: timed out
2026-09-11T09:51:17Z  WARNING  stats fetch failed: timed out
2026-09-11T09:51:18Z  WARNING  thresholds fetch failed: <urlopen error timed out>
2026-09-11T09:51:18Z  WARNING  stats fetch failed: <urlopen error timed out>
2026-09-11T09:51:19Z  WARNING  thresholds fetch failed: timed out
2026-09-11T09:51:19Z  WARNING  stats fetch failed: timed out
2026-09-11T09:51:20Z  WARNING  thresholds fetch failed: timed out
2026-09-11T09:51:20Z  WARNING  stats fetch failed: timed out
2026-09-11T09:51:21Z  WARNING  thresholds fetch failed: timed out
2026-09-11T09:51:21Z  WARNING  stats fetch failed: timed out
2026-09-11T09:51:22Z  WARNING  thresholds fetch failed: timed out
2026-09-11T09:51:22Z  WARNING  stats fetch failed: timed out
2026-09-11T09:51:23Z  WARNING  thresholds fetch failed: timed out
2026-09-11T09:51:23Z  WARNING  stats fetch failed: timed out
2026-09-11T09:51:24Z  WARNING  thresholds fetch failed: timed out
2026-09-11T09:51:24Z  WARNING  stats fetch failed: timed out
2026-09-11T09:51:25Z  WARNING  thresholds fetch failed: timed out
2026-09-11T09:51:25Z  WARNING  stats fetch failed: timed out
2026-09-11T09:51:26Z  WARNING  thresholds fetch failed: timed out
2026-09-11T09:51:26Z  WARNING  stats fetch failed: timed out
2026-09-11T09:51:27Z  WARNING  thresholds fetch failed: timed out
2026-09-11T09:51:27Z  WARNING  stats fetch failed: timed out
2026-09-11T09:51:28Z  WARNING  thresholds fetch failed: timed out
2026-09-11T09:51:28Z  WARNING  stats fetch failed: timed out
2026-09-11T09:51:29Z  WARNING  thresholds fetch failed: timed out
2026-09-11T09:51:29Z  WARNING  stats fetch failed: timed out
2026-09-11T09:51:30Z  WARNING  thresholds fetch failed: timed out
2026-09-11T09:51:30Z  WARNING  stats fetch failed: timed out
2026-09-11T09:51:31Z  WARNING  thresholds fetch failed: timed out
2026-09-11T09:51:31Z  WARNING  stats fetch failed: timed out
2026-09-11T09:51:32Z  WARNING  thresholds fetch failed: timed out
2026-09-11T09:51:32Z  WARNING  stats fetch failed: timed out
2026-09-11T09:51:33Z  WARNING  thresholds fetch failed: timed out
2026-09-11T09:51:33Z  WARNING  stats fetch failed: timed out
2026-09-11T09:51:34Z  WARNING  thresholds fetch failed: timed out
2026-09-11T09:51:34Z  WARNING  stats fetch failed: timed out
2026-09-11T09:51:35Z  WARNING  thresholds fetch failed: timed out
2026-09-11T09:51:35Z  WARNING  stats fetch failed: timed out
2026-09-11T09:51:36Z  WARNING  thresholds fetch failed: timed out
2026-09-11T09:51:36Z  WARNING  stats fetch failed: timed out
2026-09-11T09:51:37Z  WARNING  thresholds fetch failed: timed out
2026-09-11T09:51:37Z  WARNING  stats fetch failed: timed out
2026-09-11T09:51:38Z  WARNING  thresholds fetch failed: timed out
2026-09-11T09:51:38Z  WARNING  stats fetch failed: timed out
2026-09-11T09:51:39Z  WARNING  thresholds fetch failed: timed out
2026-09-11T09:51:39Z  WARNING  stats fetch failed: timed out
2026-09-11T09:51:40Z  WARNING  thresholds fetch failed: <urlopen error timed out>
2026-09-11T09:51:40Z  WARNING  stats fetch failed: timed out
2026-09-11T09:51:41Z  WARNING  thresholds fetch failed: <urlopen error timed out>
2026-09-11T09:51:41Z  WARNING  stats fetch failed: timed out
2026-09-11T09:51:42Z  WARNING  thresholds fetch failed: <urlopen error timed out>
2026-09-11T09:51:42Z  WARNING  stats fetch failed: timed out
2026-09-11T09:51:43Z  WARNING  thresholds fetch failed: timed out
2026-09-11T09:51:43Z  WARNING  stats fetch failed: timed out
2026-09-11T09:51:44Z  WARNING  thresholds fetch failed: <urlopen error timed out>
2026-09-11T09:51:44Z  WARNING  stats fetch failed: <urlopen error timed out>
2026-09-11T09:51:45Z  WARNING  thresholds fetch failed: timed out
2026-09-11T09:51:45Z  WARNING  stats fetch failed: timed out
2026-09-11T09:51:46Z  WARNING  thresholds fetch failed: timed out
2026-09-11T09:51:46Z  WARNING  stats fetch failed: timed out
2026-09-11T09:51:47Z  WARNING  thresholds fetch failed: timed out
2026-09-11T09:51:47Z  WARNING  stats fetch failed: timed out
2026-09-11T09:51:48Z  WARNING  thresholds fetch failed: timed out
2026-09-11T09:51:48Z  WARNING  stats fetch failed: timed out
2026-09-11T09:51:49Z  WARNING  thresholds fetch failed: timed out
2026-09-11T09:51:49Z  WARNING  stats fetch failed: timed out
2026-09-11T09:51:50Z  WARNING  thresholds fetch failed: timed out
2026-09-11T09:51:50Z  WARNING  stats fetch failed: timed out
2026-09-11T09:51:51Z  WARNING  thresholds fetch failed: timed out
2026-09-11T09:51:51Z  WARNING  stats fetch failed: timed out
2026-09-11T09:51:52Z  WARNING  thresholds fetch failed: timed out
2026-09-11T09:51:52Z  WARNING  stats fetch failed: timed out
2026-09-11T09:51:53Z  WARNING  thresholds fetch failed: timed out
2026-09-11T09:51:53Z  WARNING  stats fetch failed: timed out
2026-09-11T09:51:54Z  WARNING  thresholds fetch failed: timed out
2026-09-11T09:51:54Z  WARNING  stats fetch failed: timed out
2026-09-11T09:51:55Z  WARNING  thresholds fetch failed: timed out
2026-09-11T09:51:55Z  WARNING  stats fetch failed: timed out
2026-09-11T09:51:56Z  WARNING  thresholds fetch failed: timed out
2026-09-11T09:51:56Z  WARNING  stats fetch failed: timed out
2026-09-11T09:51:57Z  WARNING  thresholds fetch failed: timed out
2026-09-11T09:51:57Z  WARNING  stats fetch failed: timed out
2026-09-11T09:51:58Z  WARNING  thresholds fetch failed: timed out
2026-09-11T09:51:58Z  WARNING  stats fetch failed: timed out
2026-09-11T09:51:59Z  WARNING  thresholds fetch failed: timed out
2026-09-11T09:51:59Z  WARNING  stats fetch failed: timed out
2026-09-11T09:52:00Z  WARNING  thresholds fetch failed: timed out
2026-09-11T09:52:00Z  WARNING  stats fetch failed: timed out
2026-09-11T09:52:01Z  WARNING  thresholds fetch failed: timed out
2026-09-11T09:52:01Z  WARNING  stats fetch failed: timed out
2026-09-11T09:52:02Z  WARNING  thresholds fetch failed: timed out
2026-09-11T09:52:02Z  WARNING  stats fetch failed: timed out
2026-09-11T09:52:03Z  WARNING  thresholds fetch failed: timed out
2026-09-11T09:52:03Z  WARNING  stats fetch failed: timed out
2026-09-11T09:52:04Z  WARNING  thresholds fetch failed: timed out
2026-09-11T09:52:04Z  WARNING  stats fetch failed: timed out
2026-09-11T09:52:05Z  WARNING  thresholds fetch failed: timed out
2026-09-11T09:52:05Z  WARNING  stats fetch failed: timed out
2026-09-11T09:52:06Z  WARNING  thresholds fetch failed: timed out
2026-09-11T09:52:06Z  WARNING  stats fetch failed: timed out
2026-09-11T09:52:07Z  WARNING  thresholds fetch failed: timed out
2026-09-11T09:52:07Z  WARNING  stats fetch failed: timed out
2026-09-11T09:52:08Z  WARNING  thresholds fetch failed: timed out
2026-09-11T09:52:08Z  WARNING  stats fetch failed: timed out
2026-09-11T09:52:09Z  WARNING  thresholds fetch failed: timed out
2026-09-11T09:52:09Z  WARNING  stats fetch failed: timed out
2026-09-11T09:52:10Z  WARNING  thresholds fetch failed: timed out
2026-09-11T09:52:10Z  WARNING  stats fetch failed: timed out
2026-09-11T09:52:11Z  WARNING  thresholds fetch failed: timed out
2026-09-11T09:52:11Z  WARNING  stats fetch failed: timed out
2026-09-11T09:52:12Z  WARNING  thresholds fetch failed: timed out
2026-09-11T09:52:12Z  WARNING  stats fetch failed: timed out
2026-09-11T09:52:13Z  WARNING  thresholds fetch failed: timed out
2026-09-11T09:52:13Z  WARNING  stats fetch failed: timed out
2026-09-11T09:52:14Z  WARNING  thresholds fetch failed: timed out
2026-09-11T09:52:14Z  WARNING  stats fetch failed: timed out
2026-09-11T09:52:15Z  WARNING  thresholds fetch failed: timed out
2026-09-11T09:52:15Z  WARNING  stats fetch failed: timed out
2026-09-11T09:52:16Z  WARNING  thresholds fetch failed: timed out
2026-09-11T09:52:16Z  WARNING  stats fetch failed: timed out
2026-09-11T09:52:17Z  WARNING  thresholds fetch failed: timed out
2026-09-11T09:52:17Z  WARNING  stats fetch failed: timed out
2026-09-11T09:52:18Z  WARNING  thresholds fetch failed: timed out
2026-09-11T09:52:18Z  WARNING  stats fetch failed: <urlopen error timed out>
2026-09-11T09:52:19Z  WARNING  thresholds fetch failed: <urlopen error timed out>
2026-09-11T09:52:19Z  WARNING  stats fetch failed: timed out
2026-09-11T09:52:20Z  WARNING  thresholds fetch failed: timed out
2026-09-11T09:52:20Z  WARNING  stats fetch failed: timed out
2026-09-11T09:52:21Z  WARNING  thresholds fetch failed: timed out
2026-09-11T09:52:21Z  WARNING  stats fetch failed: timed out
2026-09-11T09:52:22Z  WARNING  thresholds fetch failed: timed out
2026-09-11T09:52:22Z  WARNING  stats fetch failed: timed out
2026-09-11T09:52:23Z  WARNING  thresholds fetch failed: timed out
2026-09-11T09:52:23Z  WARNING  stats fetch failed: timed out
2026-09-11T09:52:24Z  WARNING  thresholds fetch failed: <urlopen error timed out>
2026-09-11T09:52:24Z  WARNING  stats fetch failed: timed out
2026-09-11T09:52:25Z  WARNING  thresholds fetch failed: timed out
2026-09-11T09:52:25Z  WARNING  stats fetch failed: timed out
2026-09-11T09:52:26Z  WARNING  thresholds fetch failed: timed out
2026-09-11T09:52:26Z  WARNING  stats fetch failed: timed out
2026-09-11T09:52:27Z  WARNING  thresholds fetch failed: <urlopen error timed out>
2026-09-11T09:52:27Z  WARNING  stats fetch failed: timed out
2026-09-11T09:52:28Z  WARNING  thresholds fetch failed: timed out
2026-09-11T09:52:28Z  WARNING  stats fetch failed: timed out
2026-09-11T09:52:29Z  WARNING  thresholds fetch failed: timed out
2026-09-11T09:52:29Z  WARNING  stats fetch failed: timed out
2026-09-11T09:52:30Z  WARNING  thresholds fetch failed: timed out
2026-09-11T09:52:30Z  WARNING  stats fetch failed: timed out
2026-09-11T09:52:31Z  WARNING  thresholds fetch failed: timed out
2026-09-11T09:52:31Z  WARNING  stats fetch failed: timed out
2026-09-11T09:52:32Z  WARNING  thresholds fetch failed: timed out
2026-09-11T09:52:32Z  WARNING  stats fetch failed: timed out
2026-09-11T09:52:33Z  WARNING  thresholds fetch failed: timed out
2026-09-11T09:52:33Z  WARNING  stats fetch failed: timed out
2026-09-11T09:52:34Z  WARNING  thresholds fetch failed: timed out
2026-09-11T09:52:34Z  WARNING  stats fetch failed: timed out
2026-09-11T09:52:35Z  WARNING  thresholds fetch failed: timed out
2026-09-11T09:52:35Z  WARNING  stats fetch failed: timed out
2026-09-11T09:52:36Z  WARNING  thresholds fetch failed: timed out
2026-09-11T09:52:36Z  WARNING  stats fetch failed: timed out
2026-09-11T09:52:37Z  WARNING  thresholds fetch failed: timed out
2026-09-11T09:52:37Z  WARNING  stats fetch failed: timed out
2026-09-11T09:52:38Z  WARNING  thresholds fetch failed: timed out
2026-09-11T09:52:38Z  WARNING  stats fetch failed: timed out
2026-09-11T09:52:39Z  WARNING  thresholds fetch failed: timed out
2026-09-11T09:52:39Z  WARNING  stats fetch failed: timed out
2026-09-11T09:52:40Z  WARNING  thresholds fetch failed: timed out
2026-09-11T09:52:40Z  WARNING  stats fetch failed: timed out
2026-09-11T09:52:41Z  WARNING  thresholds fetch failed: timed out
2026-09-11T09:52:41Z  WARNING  stats fetch failed: timed out
2026-09-11T09:52:42Z  WARNING  thresholds fetch failed: timed out
2026-09-11T09:52:42Z  WARNING  stats fetch failed: <urlopen error timed out>
2026-09-11T09:52:43Z  WARNING  thresholds fetch failed: <urlopen error timed out>
2026-09-11T09:52:43Z  WARNING  stats fetch failed: timed out
2026-09-11T09:52:44Z  WARNING  thresholds fetch failed: timed out
2026-09-11T09:52:44Z  WARNING  stats fetch failed: timed out
2026-09-11T09:52:45Z  WARNING  thresholds fetch failed: <urlopen error timed out>
2026-09-11T09:52:45Z  WARNING  stats fetch failed: timed out
2026-09-11T09:52:46Z  WARNING  thresholds fetch failed: timed out
2026-09-11T09:52:46Z  WARNING  stats fetch failed: <urlopen error timed out>
2026-09-11T09:52:47Z  WARNING  thresholds fetch failed: timed out
2026-09-11T09:52:47Z  WARNING  stats fetch failed: timed out
2026-09-11T09:52:48Z  WARNING  thresholds fetch failed: timed out
2026-09-11T09:52:48Z  WARNING  stats fetch failed: timed out
2026-09-11T09:52:49Z  WARNING  thresholds fetch failed: timed out
2026-09-11T09:52:49Z  WARNING  stats fetch failed: timed out
2026-09-11T09:52:50Z  WARNING  thresholds fetch failed: timed out
2026-09-11T09:52:50Z  WARNING  stats fetch failed: <urlopen error timed out>
2026-09-11T09:52:51Z  WARNING  thresholds fetch failed: <urlopen error timed out>
2026-09-11T09:52:51Z  WARNING  stats fetch failed: <urlopen error timed out>
2026-09-11T09:52:52Z  WARNING  thresholds fetch failed: timed out
2026-09-11T09:52:52Z  WARNING  stats fetch failed: <urlopen error timed out>
2026-09-11T09:52:53Z  WARNING  thresholds fetch failed: timed out
2026-09-11T09:52:53Z  WARNING  stats fetch failed: timed out
2026-09-11T09:52:54Z  WARNING  thresholds fetch failed: <urlopen error timed out>
2026-09-11T09:52:54Z  WARNING  stats fetch failed: timed out
2026-09-11T09:52:55Z  WARNING  thresholds fetch failed: <urlopen error timed out>
2026-09-11T09:52:55Z  WARNING  stats fetch failed: timed out
2026-09-11T09:52:56Z  WARNING  thresholds fetch failed: timed out
2026-09-11T09:52:56Z  WARNING  stats fetch failed: timed out
2026-09-11T09:52:57Z  WARNING  thresholds fetch failed: timed out
2026-09-11T09:52:57Z  WARNING  stats fetch failed: timed out
2026-09-11T09:52:58Z  WARNING  thresholds fetch failed: timed out
2026-09-11T09:52:58Z  WARNING  stats fetch failed: timed out
2026-09-11T09:52:59Z  WARNING  thresholds fetch failed: timed out
2026-09-11T09:52:59Z  WARNING  stats fetch failed: timed out
2026-09-11T09:53:00Z  WARNING  thresholds fetch failed: timed out
2026-09-11T09:53:00Z  WARNING  stats fetch failed: timed out
2026-09-11T09:53:01Z  WARNING  thresholds fetch failed: timed out
2026-09-11T09:53:01Z  WARNING  stats fetch failed: timed out
2026-09-11T09:53:02Z  WARNING  thresholds fetch failed: timed out
2026-09-11T09:53:02Z  WARNING  stats fetch failed: timed out
2026-09-11T09:53:03Z  WARNING  thresholds fetch failed: timed out
2026-09-11T09:53:03Z  WARNING  stats fetch failed: timed out
2026-09-11T09:53:04Z  WARNING  thresholds fetch failed: timed out
2026-09-11T09:53:04Z  WARNING  stats fetch failed: timed out
2026-09-11T09:53:05Z  WARNING  thresholds fetch failed: timed out
2026-09-11T09:53:05Z  WARNING  stats fetch failed: timed out
2026-09-11T09:53:06Z  WARNING  thresholds fetch failed: timed out
2026-09-11T09:53:06Z  WARNING  stats fetch failed: timed out
2026-09-11T09:53:07Z  WARNING  thresholds fetch failed: <urlopen error timed out>
2026-09-11T09:53:07Z  WARNING  stats fetch failed: timed out
2026-09-11T09:53:08Z  WARNING  thresholds fetch failed: timed out
2026-09-11T09:53:08Z  WARNING  stats fetch failed: <urlopen error timed out>
2026-09-11T09:53:09Z  WARNING  thresholds fetch failed: <urlopen error timed out>
2026-09-11T09:53:09Z  WARNING  stats fetch failed: <urlopen error timed out>
2026-09-11T09:53:10Z  WARNING  thresholds fetch failed: timed out
2026-09-11T09:53:10Z  WARNING  stats fetch failed: timed out
2026-09-11T09:53:11Z  WARNING  thresholds fetch failed: timed out
2026-09-11T09:53:11Z  WARNING  stats fetch failed: timed out
2026-09-11T09:53:12Z  WARNING  thresholds fetch failed: timed out
2026-09-11T09:53:12Z  WARNING  stats fetch failed: timed out
2026-09-11T09:53:13Z  WARNING  thresholds fetch failed: timed out
2026-09-11T09:53:13Z  WARNING  stats fetch failed: <urlopen error timed out>
2026-09-11T09:53:14Z  WARNING  thresholds fetch failed: <urlopen error timed out>
2026-09-11T09:53:14Z  WARNING  stats fetch failed: timed out
2026-09-11T09:53:15Z  WARNING  thresholds fetch failed: timed out
2026-09-11T09:53:15Z  WARNING  stats fetch failed: timed out
2026-09-11T09:53:16Z  WARNING  thresholds fetch failed: <urlopen error timed out>
2026-09-11T09:53:16Z  WARNING  stats fetch failed: timed out
2026-09-11T09:53:17Z  WARNING  thresholds fetch failed: <urlopen error timed out>
2026-09-11T09:53:17Z  WARNING  stats fetch failed: timed out
2026-09-11T09:53:18Z  WARNING  thresholds fetch failed: timed out
2026-09-11T09:53:18Z  WARNING  stats fetch failed: timed out
2026-09-11T09:53:19Z  WARNING  thresholds fetch failed: timed out
2026-09-11T09:53:19Z  WARNING  stats fetch failed: <urlopen error timed out>
2026-09-11T09:53:20Z  WARNING  thresholds fetch failed: <urlopen error timed out>
2026-09-11T09:53:20Z  WARNING  stats fetch failed: timed out
2026-09-11T09:53:21Z  WARNING  thresholds fetch failed: timed out
2026-09-11T09:53:21Z  WARNING  stats fetch failed: timed out
2026-09-11T09:53:22Z  WARNING  thresholds fetch failed: timed out
2026-09-11T09:53:22Z  WARNING  stats fetch failed: timed out
2026-09-11T09:53:23Z  WARNING  thresholds fetch failed: timed out
2026-09-11T09:53:23Z  WARNING  stats fetch failed: <urlopen error timed out>
2026-09-11T09:53:24Z  WARNING  thresholds fetch failed: timed out
2026-09-11T09:53:24Z  WARNING  stats fetch failed: timed out
2026-09-11T09:53:25Z  WARNING  thresholds fetch failed: <urlopen error timed out>
2026-09-11T09:53:25Z  WARNING  stats fetch failed: timed out
2026-09-11T09:53:26Z  WARNING  thresholds fetch failed: <urlopen error timed out>
2026-09-11T09:53:26Z  WARNING  stats fetch failed: timed out
2026-09-11T09:53:27Z  WARNING  thresholds fetch failed: <urlopen error timed out>
2026-09-11T09:53:27Z  WARNING  stats fetch failed: timed out
2026-09-11T09:53:28Z  WARNING  thresholds fetch failed: timed out
2026-09-11T09:53:28Z  WARNING  stats fetch failed: timed out
2026-09-11T09:53:29Z  WARNING  thresholds fetch failed: timed out
2026-09-11T09:53:29Z  WARNING  stats fetch failed: timed out
2026-09-11T09:53:30Z  WARNING  thresholds fetch failed: timed out
2026-09-11T09:53:30Z  WARNING  stats fetch failed: <urlopen error timed out>
2026-09-11T09:53:31Z  WARNING  thresholds fetch failed: timed out
2026-09-11T09:53:31Z  WARNING  stats fetch failed: timed out
2026-09-11T09:53:32Z  WARNING  thresholds fetch failed: timed out
2026-09-11T09:53:32Z  WARNING  stats fetch failed: timed out
2026-09-11T09:53:33Z  WARNING  thresholds fetch failed: <urlopen error timed out>
2026-09-11T09:53:33Z  WARNING  stats fetch failed: timed out
2026-09-11T09:53:34Z  WARNING  thresholds fetch failed: <urlopen error timed out>
2026-09-11T09:53:34Z  WARNING  stats fetch failed: <urlopen error timed out>
2026-09-11T09:53:35Z  WARNING  thresholds fetch failed: timed out
2026-09-11T09:53:35Z  WARNING  stats fetch failed: timed out
2026-09-11T09:53:36Z  WARNING  thresholds fetch failed: timed out
2026-09-11T09:53:36Z  WARNING  stats fetch failed: timed out
2026-09-11T09:53:37Z  WARNING  thresholds fetch failed: timed out
2026-09-11T09:53:37Z  WARNING  stats fetch failed: timed out
2026-09-11T09:53:38Z  WARNING  thresholds fetch failed: timed out
2026-09-11T09:53:38Z  WARNING  stats fetch failed: timed out
2026-09-11T09:53:39Z  WARNING  thresholds fetch failed: timed out
2026-09-11T09:53:39Z  WARNING  stats fetch failed: timed out
2026-09-11T09:53:40Z  WARNING  thresholds fetch failed: timed out
2026-09-11T09:53:40Z  WARNING  stats fetch failed: timed out
2026-09-11T09:53:41Z  WARNING  thresholds fetch failed: timed out
2026-09-11T09:53:41Z  WARNING  stats fetch failed: <urlopen error timed out>
2026-09-11T09:53:42Z  WARNING  thresholds fetch failed: timed out
2026-09-11T09:53:42Z  WARNING  stats fetch failed: timed out
2026-09-11T09:53:43Z  WARNING  thresholds fetch failed: timed out
2026-09-11T09:53:43Z  WARNING  stats fetch failed: timed out
2026-09-11T09:53:44Z  WARNING  thresholds fetch failed: <urlopen error timed out>
2026-09-11T09:53:44Z  WARNING  stats fetch failed: <urlopen error timed out>
2026-09-11T09:53:45Z  WARNING  thresholds fetch failed: <urlopen error timed out>
2026-09-11T09:53:45Z  WARNING  stats fetch failed: timed out
2026-09-11T09:53:46Z  WARNING  thresholds fetch failed: timed out
2026-09-11T09:53:46Z  WARNING  stats fetch failed: timed out
2026-09-11T09:53:47Z  WARNING  thresholds fetch failed: timed out
2026-09-11T09:53:47Z  WARNING  stats fetch failed: timed out
2026-09-11T09:53:48Z  WARNING  thresholds fetch failed: timed out
2026-09-11T09:53:48Z  WARNING  stats fetch failed: timed out
2026-09-11T09:53:49Z  WARNING  thresholds fetch failed: timed out
2026-09-11T09:53:49Z  WARNING  stats fetch failed: timed out
2026-09-11T09:53:50Z  WARNING  thresholds fetch failed: timed out
2026-09-11T09:53:50Z  WARNING  stats fetch failed: timed out
2026-09-11T09:53:51Z  WARNING  thresholds fetch failed: timed out
2026-09-11T09:53:51Z  WARNING  stats fetch failed: timed out
2026-09-11T09:53:52Z  WARNING  thresholds fetch failed: timed out
2026-09-11T09:53:52Z  WARNING  stats fetch failed: timed out
2026-09-11T09:53:53Z  WARNING  thresholds fetch failed: timed out
2026-09-11T09:53:53Z  WARNING  stats fetch failed: timed out
2026-09-11T09:53:54Z  WARNING  thresholds fetch failed: timed out
2026-09-11T09:53:54Z  WARNING  stats fetch failed: timed out
2026-09-11T09:53:55Z  WARNING  thresholds fetch failed: timed out
2026-09-11T09:53:55Z  WARNING  stats fetch failed: timed out
2026-09-11T09:53:56Z  WARNING  thresholds fetch failed: timed out
2026-09-11T09:53:56Z  WARNING  stats fetch failed: timed out
2026-09-11T09:53:57Z  WARNING  thresholds fetch failed: timed out
2026-09-11T09:53:57Z  WARNING  stats fetch failed: timed out
2026-09-11T09:53:58Z  WARNING  thresholds fetch failed: timed out
2026-09-11T09:53:58Z  WARNING  stats fetch failed: timed out
2026-09-11T09:53:59Z  WARNING  thresholds fetch failed: timed out
2026-09-11T09:53:59Z  WARNING  stats fetch failed: timed out
2026-09-11T09:54:00Z  WARNING  thresholds fetch failed: timed out
2026-09-11T09:54:00Z  WARNING  stats fetch failed: timed out
2026-09-11T09:54:01Z  WARNING  thresholds fetch failed: timed out
2026-09-11T09:54:01Z  WARNING  stats fetch failed: timed out
2026-09-11T09:54:02Z  WARNING  thresholds fetch failed: timed out
2026-09-11T09:54:02Z  WARNING  stats fetch failed: timed out
2026-09-11T09:54:03Z  WARNING  thresholds fetch failed: timed out
2026-09-11T09:54:03Z  WARNING  stats fetch failed: timed out
2026-09-11T09:54:04Z  WARNING  thresholds fetch failed: timed out
2026-09-11T09:54:04Z  WARNING  stats fetch failed: timed out
2026-09-11T09:54:05Z  WARNING  thresholds fetch failed: timed out
2026-09-11T09:54:05Z  WARNING  stats fetch failed: timed out
2026-09-11T09:54:06Z  WARNING  thresholds fetch failed: timed out
2026-09-11T09:54:06Z  WARNING  stats fetch failed: timed out
2026-09-11T09:54:07Z  WARNING  thresholds fetch failed: timed out
2026-09-11T09:54:07Z  WARNING  stats fetch failed: timed out
2026-09-11T09:54:08Z  WARNING  thresholds fetch failed: timed out
2026-09-11T09:54:08Z  WARNING  stats fetch failed: timed out
2026-09-11T09:54:09Z  WARNING  thresholds fetch failed: timed out
2026-09-11T09:54:09Z  WARNING  stats fetch failed: timed out
2026-09-11T09:54:10Z  WARNING  thresholds fetch failed: timed out
2026-09-11T09:54:10Z  WARNING  stats fetch failed: timed out
2026-09-11T09:54:11Z  WARNING  thresholds fetch failed: timed out
2026-09-11T09:54:11Z  WARNING  stats fetch failed: timed out
2026-09-11T09:54:12Z  WARNING  thresholds fetch failed: timed out
2026-09-11T09:54:12Z  WARNING  stats fetch failed: timed out
2026-09-11T09:54:13Z  WARNING  thresholds fetch failed: <urlopen error timed out>
2026-09-11T09:54:13Z  WARNING  stats fetch failed: timed out
2026-09-11T09:54:14Z  WARNING  thresholds fetch failed: <urlopen error timed out>
2026-09-11T09:54:14Z  WARNING  stats fetch failed: timed out
2026-09-11T09:54:15Z  WARNING  thresholds fetch failed: <urlopen error timed out>
2026-09-11T09:54:15Z  WARNING  stats fetch failed: timed out
2026-09-11T09:54:16Z  WARNING  thresholds fetch failed: timed out
2026-09-11T09:54:16Z  WARNING  stats fetch failed: <urlopen error timed out>
2026-09-11T09:54:17Z  WARNING  thresholds fetch failed: timed out
2026-09-11T09:54:17Z  WARNING  stats fetch failed: timed out
2026-09-11T09:54:18Z  WARNING  thresholds fetch failed: timed out
2026-09-11T09:54:18Z  WARNING  stats fetch failed: timed out
2026-09-11T09:54:19Z  WARNING  thresholds fetch failed: <urlopen error timed out>
2026-09-11T09:54:19Z  WARNING  stats fetch failed: timed out
2026-09-11T09:54:20Z  WARNING  thresholds fetch failed: timed out
2026-09-11T09:54:20Z  WARNING  stats fetch failed: timed out
2026-09-11T09:54:21Z  WARNING  thresholds fetch failed: timed out
2026-09-11T09:54:21Z  WARNING  stats fetch failed: timed out
2026-09-11T09:54:22Z  WARNING  thresholds fetch failed: timed out
2026-09-11T09:54:22Z  WARNING  stats fetch failed: timed out
2026-09-11T09:54:23Z  WARNING  thresholds fetch failed: timed out
2026-09-11T09:54:23Z  WARNING  stats fetch failed: timed out
2026-09-11T09:54:24Z  WARNING  thresholds fetch failed: timed out
2026-09-11T09:54:24Z  WARNING  stats fetch failed: timed out
2026-09-11T09:54:25Z  WARNING  thresholds fetch failed: timed out
2026-09-11T09:54:25Z  WARNING  stats fetch failed: timed out
2026-09-11T09:54:26Z  WARNING  thresholds fetch failed: timed out
2026-09-11T09:54:26Z  WARNING  stats fetch failed: timed out
2026-09-11T09:54:27Z  WARNING  thresholds fetch failed: timed out
2026-09-11T09:54:27Z  WARNING  stats fetch failed: timed out
2026-09-11T09:54:28Z  WARNING  thresholds fetch failed: timed out
2026-09-11T09:54:28Z  WARNING  stats fetch failed: timed out
2026-09-11T09:54:29Z  WARNING  thresholds fetch failed: timed out
2026-09-11T09:54:29Z  WARNING  stats fetch failed: timed out
2026-09-11T09:54:30Z  WARNING  thresholds fetch failed: timed out
2026-09-11T09:54:30Z  WARNING  stats fetch failed: timed out
2026-09-11T09:54:31Z  WARNING  thresholds fetch failed: timed out
2026-09-11T09:54:31Z  WARNING  stats fetch failed: timed out
2026-09-11T09:54:32Z  WARNING  thresholds fetch failed: timed out
2026-09-11T09:54:32Z  WARNING  stats fetch failed: timed out
2026-09-11T09:54:33Z  WARNING  thresholds fetch failed: timed out
2026-09-11T09:54:33Z  WARNING  stats fetch failed: timed out
2026-09-11T09:54:34Z  WARNING  thresholds fetch failed: timed out
2026-09-11T09:54:34Z  WARNING  stats fetch failed: timed out
2026-09-11T09:54:35Z  WARNING  thresholds fetch failed: timed out
2026-09-11T09:54:35Z  WARNING  stats fetch failed: timed out
2026-09-11T09:54:36Z  WARNING  thresholds fetch failed: timed out
2026-09-11T09:54:36Z  WARNING  stats fetch failed: timed out
2026-09-11T09:54:37Z  WARNING  thresholds fetch failed: timed out
2026-09-11T09:54:37Z  WARNING  stats fetch failed: timed out
2026-09-11T09:54:38Z  WARNING  thresholds fetch failed: timed out
2026-09-11T09:54:38Z  WARNING  stats fetch failed: timed out
2026-09-11T09:54:39Z  WARNING  thresholds fetch failed: timed out
2026-09-11T09:54:39Z  WARNING  stats fetch failed: timed out
2026-09-11T09:54:40Z  WARNING  thresholds fetch failed: timed out
2026-09-11T09:54:40Z  WARNING  stats fetch failed: timed out
2026-09-11T09:54:41Z  WARNING  thresholds fetch failed: <urlopen error timed out>
2026-09-11T09:54:41Z  WARNING  stats fetch failed: timed out
2026-09-11T09:54:42Z  WARNING  thresholds fetch failed: timed out
2026-09-11T09:54:42Z  WARNING  stats fetch failed: <urlopen error timed out>
2026-09-11T09:54:43Z  WARNING  thresholds fetch failed: timed out
2026-09-11T09:54:43Z  WARNING  stats fetch failed: timed out
2026-09-11T09:54:44Z  WARNING  thresholds fetch failed: timed out
2026-09-11T09:54:44Z  WARNING  stats fetch failed: timed out
2026-09-11T09:54:45Z  WARNING  thresholds fetch failed: <urlopen error timed out>
2026-09-11T09:54:45Z  WARNING  stats fetch failed: timed out
2026-09-11T09:54:46Z  WARNING  thresholds fetch failed: timed out
2026-09-11T09:54:46Z  WARNING  stats fetch failed: <urlopen error timed out>
2026-09-11T09:54:47Z  WARNING  thresholds fetch failed: timed out
2026-09-11T09:54:47Z  WARNING  stats fetch failed: timed out
2026-09-11T09:54:48Z  WARNING  thresholds fetch failed: timed out
2026-09-11T09:54:48Z  WARNING  stats fetch failed: timed out
2026-09-11T09:54:49Z  WARNING  thresholds fetch failed: timed out
2026-09-11T09:54:49Z  WARNING  stats fetch failed: timed out
2026-09-11T09:54:50Z  WARNING  thresholds fetch failed: timed out
2026-09-11T09:54:50Z  WARNING  stats fetch failed: timed out
2026-09-11T09:54:51Z  WARNING  thresholds fetch failed: timed out
2026-09-11T09:54:51Z  WARNING  stats fetch failed: timed out
2026-09-11T09:54:52Z  WARNING  thresholds fetch failed: timed out
2026-09-11T09:54:52Z  WARNING  stats fetch failed: timed out
2026-09-11T09:54:53Z  WARNING  thresholds fetch failed: timed out
2026-09-11T09:54:53Z  WARNING  stats fetch failed: timed out
2026-09-11T09:54:54Z  WARNING  thresholds fetch failed: timed out
2026-09-11T09:54:54Z  WARNING  stats fetch failed: timed out
2026-09-11T09:54:55Z  WARNING  thresholds fetch failed: timed out
2026-09-11T09:54:55Z  WARNING  stats fetch failed: timed out
2026-09-11T09:54:56Z  WARNING  thresholds fetch failed: timed out
2026-09-11T09:54:56Z  WARNING  stats fetch failed: timed out
2026-09-11T09:54:57Z  WARNING  thresholds fetch failed: timed out
2026-09-11T09:54:57Z  WARNING  stats fetch failed: timed out
2026-09-11T09:54:58Z  WARNING  thresholds fetch failed: timed out
2026-09-11T09:54:58Z  WARNING  stats fetch failed: timed out
2026-09-11T09:54:59Z  WARNING  thresholds fetch failed: timed out
2026-09-11T09:54:59Z  WARNING  stats fetch failed: timed out
2026-09-11T09:55:02Z  SHUTDOWN  signal=15
2026-09-11T09:55:03Z  EXIT
