2026-09-05T18:20:42Z  WAITING  for metric_collector CSVs under /home/idozacharia/TopFull/TopFull_master/online_boutique_scripts/src/logs (timeout=60s)
2026-09-05T18:20:42Z  READY  found getproduct.csv
2026-09-05T18:20:42Z  START  threshold=0.20 window=30s disable_windows=2 re_enable_windows=3 services=['cartservice', 'checkoutservice', 'productcatalogservice']
2026-09-05T18:21:12Z  OBSERVE  cartservice  rejection=0.0415  low=1 high=0  state=ON
2026-09-05T18:21:12Z  OBSERVE  checkoutservice  rejection=0.5710  low=0 high=1  state=ON
2026-09-05T18:21:12Z  OBSERVE  productcatalogservice  rejection=0.0242  low=1 high=0  state=ON
2026-09-05T18:21:42Z  OBSERVE  cartservice  rejection=0.1790  low=2 high=0  state=ON
2026-09-05T18:21:42Z  OBSERVE  checkoutservice  rejection=0.9829  low=0 high=2  state=ON
2026-09-05T18:21:42Z  checkoutservice  ON→OFF   rejection=0.98  consecutive_high=2  attempts=0
2026-09-05T18:21:42Z  OBSERVE  productcatalogservice  rejection=0.1522  low=2 high=0  state=ON
2026-09-05T18:22:12Z  OBSERVE  cartservice  rejection=0.3864  low=0 high=1  state=ON
2026-09-05T18:22:12Z  OBSERVE  checkoutservice  rejection=0.9845  low=0 high=3  state=OFF
2026-09-05T18:22:12Z  OBSERVE  productcatalogservice  rejection=0.3010  low=0 high=1  state=ON
2026-09-05T18:22:42Z  OBSERVE  cartservice  rejection=0.5167  low=0 high=2  state=ON
2026-09-05T18:22:42Z  cartservice  ON→OFF   rejection=0.52  consecutive_high=2  attempts=0
2026-09-05T18:22:42Z  OBSERVE  checkoutservice  rejection=1.0000  low=0 high=4  state=OFF
2026-09-05T18:22:42Z  OBSERVE  productcatalogservice  rejection=0.4935  low=0 high=2  state=ON
2026-09-05T18:22:42Z  productcatalogservice  ON→OFF   rejection=0.49  consecutive_high=2  attempts=0
2026-09-05T18:23:12Z  OBSERVE  cartservice  rejection=0.6972  low=0 high=3  state=OFF
2026-09-05T18:23:12Z  OBSERVE  checkoutservice  rejection=1.0000  low=0 high=5  state=OFF
2026-09-05T18:23:12Z  OBSERVE  productcatalogservice  rejection=0.7636  low=0 high=3  state=OFF
2026-09-05T18:23:42Z  OBSERVE  cartservice  rejection=0.5969  low=0 high=4  state=OFF
2026-09-05T18:23:42Z  OBSERVE  checkoutservice  rejection=0.9266  low=0 high=6  state=OFF
2026-09-05T18:23:42Z  OBSERVE  productcatalogservice  rejection=0.6188  low=0 high=4  state=OFF
2026-09-05T18:24:12Z  OBSERVE  cartservice  rejection=0.6284  low=0 high=5  state=OFF
2026-09-05T18:24:12Z  OBSERVE  checkoutservice  rejection=0.9774  low=0 high=7  state=OFF
2026-09-05T18:24:12Z  OBSERVE  productcatalogservice  rejection=0.6456  low=0 high=5  state=OFF
2026-09-05T18:24:42Z  OBSERVE  cartservice  rejection=0.5388  low=0 high=6  state=OFF
2026-09-05T18:24:42Z  OBSERVE  checkoutservice  rejection=0.9972  low=0 high=8  state=OFF
2026-09-05T18:24:42Z  OBSERVE  productcatalogservice  rejection=0.5583  low=0 high=6  state=OFF
2026-09-05T18:25:12Z  OBSERVE  cartservice  rejection=0.7106  low=0 high=7  state=OFF
2026-09-05T18:25:12Z  OBSERVE  checkoutservice  rejection=0.9984  low=0 high=9  state=OFF
2026-09-05T18:25:12Z  OBSERVE  productcatalogservice  rejection=0.7400  low=0 high=7  state=OFF
2026-09-05T18:25:42Z  OBSERVE  cartservice  rejection=0.9054  low=0 high=8  state=OFF
2026-09-05T18:25:42Z  OBSERVE  checkoutservice  rejection=1.0000  low=0 high=10  state=OFF
2026-09-05T18:25:42Z  OBSERVE  productcatalogservice  rejection=0.9497  low=0 high=8  state=OFF
2026-09-05T18:26:12Z  OBSERVE  cartservice  rejection=0.9336  low=0 high=9  state=OFF
2026-09-05T18:26:12Z  OBSERVE  checkoutservice  rejection=0.9667  low=0 high=11  state=OFF
2026-09-05T18:26:12Z  OBSERVE  productcatalogservice  rejection=0.9643  low=0 high=9  state=OFF
2026-09-05T18:26:42Z  OBSERVE  cartservice  rejection=0.9305  low=0 high=10  state=OFF
2026-09-05T18:26:42Z  OBSERVE  checkoutservice  rejection=1.0000  low=0 high=12  state=OFF
2026-09-05T18:26:42Z  OBSERVE  productcatalogservice  rejection=0.9771  low=0 high=10  state=OFF
2026-09-05T18:27:12Z  OBSERVE  cartservice  rejection=0.9423  low=0 high=11  state=OFF
2026-09-05T18:27:12Z  OBSERVE  checkoutservice  rejection=1.0000  low=0 high=13  state=OFF
2026-09-05T18:27:12Z  OBSERVE  productcatalogservice  rejection=0.9666  low=0 high=11  state=OFF
2026-09-05T18:27:42Z  OBSERVE  cartservice  rejection=0.8608  low=0 high=12  state=OFF
2026-09-05T18:27:42Z  OBSERVE  checkoutservice  rejection=0.9667  low=0 high=14  state=OFF
2026-09-05T18:27:42Z  OBSERVE  productcatalogservice  rejection=0.9252  low=0 high=12  state=OFF
2026-09-05T18:28:13Z  OBSERVE  cartservice  rejection=0.9240  low=0 high=13  state=OFF
2026-09-05T18:28:13Z  OBSERVE  checkoutservice  rejection=0.9667  low=0 high=15  state=OFF
2026-09-05T18:28:13Z  OBSERVE  productcatalogservice  rejection=0.9534  low=0 high=13  state=OFF
2026-09-05T18:28:43Z  OBSERVE  cartservice  rejection=0.9126  low=0 high=14  state=OFF
2026-09-05T18:28:43Z  OBSERVE  checkoutservice  rejection=0.9667  low=0 high=16  state=OFF
2026-09-05T18:28:43Z  OBSERVE  productcatalogservice  rejection=0.9518  low=0 high=14  state=OFF
2026-09-05T18:29:13Z  OBSERVE  cartservice  rejection=0.9143  low=0 high=15  state=OFF
2026-09-05T18:29:13Z  OBSERVE  checkoutservice  rejection=1.0000  low=0 high=17  state=OFF
2026-09-05T18:29:13Z  OBSERVE  productcatalogservice  rejection=0.9387  low=0 high=15  state=OFF
2026-09-05T18:29:43Z  OBSERVE  cartservice  rejection=0.9049  low=0 high=16  state=OFF
2026-09-05T18:29:43Z  OBSERVE  checkoutservice  rejection=1.0000  low=0 high=18  state=OFF
2026-09-05T18:29:43Z  OBSERVE  productcatalogservice  rejection=0.9451  low=0 high=16  state=OFF
2026-09-05T18:30:13Z  OBSERVE  cartservice  rejection=0.9004  low=0 high=17  state=OFF
2026-09-05T18:30:13Z  OBSERVE  checkoutservice  rejection=1.0000  low=0 high=19  state=OFF
2026-09-05T18:30:13Z  OBSERVE  productcatalogservice  rejection=0.9348  low=0 high=17  state=OFF
2026-09-05T18:30:43Z  OBSERVE  cartservice  rejection=0.9503  low=0 high=18  state=OFF
2026-09-05T18:30:43Z  OBSERVE  checkoutservice  rejection=1.0000  low=0 high=20  state=OFF
2026-09-05T18:30:43Z  OBSERVE  productcatalogservice  rejection=0.9799  low=0 high=18  state=OFF
2026-09-05T18:31:11Z  SHUTDOWN  signal=15
2026-09-05T18:31:13Z  EXIT
