2026-09-24T08:55:03Z  START  poll_interval=1s layer_a_poll_interval=5s
2026-09-24T08:56:15Z  WARNING  thresholds fetch failed: timed out
2026-09-24T08:56:15Z  WARNING  stats fetch failed: timed out
2026-09-24T08:56:20Z  WARNING  thresholds fetch failed: timed out
2026-09-24T08:56:20Z  WARNING  stats fetch failed: timed out
2026-09-24T08:56:25Z  WARNING  thresholds fetch failed: timed out
2026-09-24T08:56:25Z  WARNING  stats fetch failed: timed out
2026-09-24T08:56:30Z  WARNING  thresholds fetch failed: timed out
2026-09-24T08:56:30Z  WARNING  stats fetch failed: timed out
2026-09-24T08:56:35Z  WARNING  thresholds fetch failed: timed out
2026-09-24T08:56:35Z  WARNING  stats fetch failed: timed out
2026-09-24T08:56:40Z  WARNING  thresholds fetch failed: timed out
2026-09-24T08:56:40Z  WARNING  stats fetch failed: timed out
2026-09-24T08:56:45Z  WARNING  thresholds fetch failed: timed out
2026-09-24T08:56:45Z  WARNING  stats fetch failed: timed out
2026-09-24T08:56:50Z  WARNING  thresholds fetch failed: timed out
2026-09-24T08:56:50Z  WARNING  stats fetch failed: timed out
2026-09-24T08:56:55Z  WARNING  thresholds fetch failed: timed out
2026-09-24T08:56:55Z  WARNING  stats fetch failed: timed out
2026-09-24T08:57:00Z  WARNING  thresholds fetch failed: timed out
2026-09-24T08:57:00Z  WARNING  stats fetch failed: timed out
2026-09-24T08:57:05Z  WARNING  thresholds fetch failed: timed out
2026-09-24T08:57:05Z  WARNING  stats fetch failed: timed out
2026-09-24T08:57:10Z  WARNING  thresholds fetch failed: timed out
2026-09-24T08:57:10Z  WARNING  stats fetch failed: timed out
2026-09-24T08:57:15Z  WARNING  thresholds fetch failed: timed out
2026-09-24T08:57:15Z  WARNING  stats fetch failed: timed out
2026-09-24T08:57:20Z  WARNING  thresholds fetch failed: timed out
2026-09-24T08:57:20Z  WARNING  stats fetch failed: timed out
2026-09-24T08:57:25Z  WARNING  thresholds fetch failed: timed out
2026-09-24T08:57:25Z  WARNING  stats fetch failed: timed out
2026-09-24T08:57:30Z  WARNING  thresholds fetch failed: timed out
2026-09-24T08:57:30Z  WARNING  stats fetch failed: timed out
2026-09-24T08:57:35Z  WARNING  thresholds fetch failed: timed out
2026-09-24T08:57:35Z  WARNING  stats fetch failed: timed out
2026-09-24T08:57:40Z  WARNING  thresholds fetch failed: timed out
2026-09-24T08:57:40Z  WARNING  stats fetch failed: timed out
2026-09-24T08:57:45Z  WARNING  thresholds fetch failed: timed out
2026-09-24T08:57:45Z  WARNING  stats fetch failed: timed out
2026-09-24T08:57:50Z  WARNING  thresholds fetch failed: timed out
2026-09-24T08:57:50Z  WARNING  stats fetch failed: timed out
2026-09-24T08:57:55Z  WARNING  thresholds fetch failed: timed out
2026-09-24T08:57:55Z  WARNING  stats fetch failed: timed out
2026-09-24T08:58:00Z  WARNING  thresholds fetch failed: timed out
2026-09-24T08:58:00Z  WARNING  stats fetch failed: timed out
2026-09-24T08:58:05Z  WARNING  thresholds fetch failed: timed out
2026-09-24T08:58:05Z  WARNING  stats fetch failed: timed out
2026-09-24T08:58:10Z  WARNING  thresholds fetch failed: timed out
2026-09-24T08:58:10Z  WARNING  stats fetch failed: timed out
2026-09-24T08:58:15Z  WARNING  thresholds fetch failed: timed out
2026-09-24T08:58:15Z  WARNING  stats fetch failed: timed out
2026-09-24T08:58:20Z  WARNING  thresholds fetch failed: timed out
2026-09-24T08:58:20Z  WARNING  stats fetch failed: timed out
2026-09-24T08:58:25Z  WARNING  thresholds fetch failed: timed out
2026-09-24T08:58:25Z  WARNING  stats fetch failed: timed out
2026-09-24T08:58:30Z  WARNING  thresholds fetch failed: timed out
2026-09-24T08:58:30Z  WARNING  stats fetch failed: timed out
2026-09-24T08:58:35Z  WARNING  thresholds fetch failed: timed out
2026-09-24T08:58:35Z  WARNING  stats fetch failed: timed out
2026-09-24T08:58:40Z  WARNING  thresholds fetch failed: timed out
2026-09-24T08:58:40Z  WARNING  stats fetch failed: timed out
2026-09-24T08:58:45Z  WARNING  thresholds fetch failed: timed out
2026-09-24T08:58:45Z  WARNING  stats fetch failed: timed out
2026-09-24T08:58:50Z  WARNING  thresholds fetch failed: timed out
2026-09-24T08:58:50Z  WARNING  stats fetch failed: timed out
2026-09-24T08:58:55Z  WARNING  thresholds fetch failed: timed out
2026-09-24T08:58:55Z  WARNING  stats fetch failed: timed out
2026-09-24T08:59:00Z  WARNING  thresholds fetch failed: timed out
2026-09-24T08:59:00Z  WARNING  stats fetch failed: timed out
2026-09-24T08:59:05Z  WARNING  thresholds fetch failed: timed out
2026-09-24T08:59:05Z  WARNING  stats fetch failed: timed out
2026-09-24T08:59:10Z  WARNING  thresholds fetch failed: timed out
2026-09-24T08:59:10Z  WARNING  stats fetch failed: timed out
2026-09-24T08:59:15Z  WARNING  thresholds fetch failed: timed out
2026-09-24T08:59:15Z  WARNING  stats fetch failed: timed out
2026-09-24T08:59:20Z  WARNING  thresholds fetch failed: timed out
2026-09-24T08:59:20Z  WARNING  stats fetch failed: timed out
2026-09-24T08:59:25Z  WARNING  thresholds fetch failed: <urlopen error timed out>
2026-09-24T08:59:25Z  WARNING  stats fetch failed: timed out
2026-09-24T08:59:30Z  WARNING  thresholds fetch failed: timed out
2026-09-24T08:59:30Z  WARNING  stats fetch failed: timed out
2026-09-24T08:59:35Z  WARNING  thresholds fetch failed: timed out
2026-09-24T08:59:35Z  WARNING  stats fetch failed: timed out
2026-09-24T08:59:40Z  WARNING  thresholds fetch failed: timed out
2026-09-24T08:59:40Z  WARNING  stats fetch failed: timed out
2026-09-24T08:59:45Z  WARNING  thresholds fetch failed: timed out
2026-09-24T08:59:45Z  WARNING  stats fetch failed: timed out
2026-09-24T08:59:50Z  WARNING  thresholds fetch failed: timed out
2026-09-24T08:59:50Z  WARNING  stats fetch failed: timed out
2026-09-24T08:59:55Z  WARNING  thresholds fetch failed: timed out
2026-09-24T08:59:55Z  WARNING  stats fetch failed: <urlopen error timed out>
2026-09-24T09:00:00Z  WARNING  thresholds fetch failed: timed out
2026-09-24T09:00:00Z  WARNING  stats fetch failed: <urlopen error timed out>
2026-09-24T09:00:05Z  WARNING  thresholds fetch failed: timed out
2026-09-24T09:00:05Z  WARNING  stats fetch failed: timed out
2026-09-24T09:00:10Z  WARNING  thresholds fetch failed: timed out
2026-09-24T09:00:10Z  WARNING  stats fetch failed: timed out
2026-09-24T09:00:15Z  WARNING  thresholds fetch failed: timed out
2026-09-24T09:00:15Z  WARNING  stats fetch failed: timed out
2026-09-24T09:00:20Z  WARNING  thresholds fetch failed: timed out
2026-09-24T09:00:20Z  WARNING  stats fetch failed: timed out
2026-09-24T09:00:25Z  WARNING  thresholds fetch failed: timed out
2026-09-24T09:00:25Z  WARNING  stats fetch failed: timed out
2026-09-24T09:00:30Z  WARNING  thresholds fetch failed: timed out
2026-09-24T09:00:30Z  WARNING  stats fetch failed: timed out
2026-09-24T09:00:35Z  WARNING  thresholds fetch failed: timed out
2026-09-24T09:00:35Z  WARNING  stats fetch failed: timed out
2026-09-24T09:00:40Z  WARNING  thresholds fetch failed: timed out
2026-09-24T09:00:40Z  WARNING  stats fetch failed: timed out
2026-09-24T09:00:45Z  WARNING  thresholds fetch failed: timed out
2026-09-24T09:00:45Z  WARNING  stats fetch failed: timed out
2026-09-24T09:00:50Z  WARNING  thresholds fetch failed: timed out
2026-09-24T09:00:50Z  WARNING  stats fetch failed: timed out
2026-09-24T09:00:55Z  WARNING  thresholds fetch failed: timed out
2026-09-24T09:00:55Z  WARNING  stats fetch failed: timed out
2026-09-24T09:01:00Z  WARNING  thresholds fetch failed: timed out
2026-09-24T09:01:00Z  WARNING  stats fetch failed: timed out
2026-09-24T09:01:05Z  WARNING  thresholds fetch failed: timed out
2026-09-24T09:01:05Z  WARNING  stats fetch failed: timed out
2026-09-24T09:01:10Z  WARNING  thresholds fetch failed: timed out
2026-09-24T09:01:10Z  WARNING  stats fetch failed: timed out
2026-09-24T09:01:15Z  WARNING  thresholds fetch failed: timed out
2026-09-24T09:01:15Z  WARNING  stats fetch failed: timed out
2026-09-24T09:01:20Z  WARNING  thresholds fetch failed: timed out
2026-09-24T09:01:20Z  WARNING  stats fetch failed: timed out
2026-09-24T09:01:25Z  WARNING  thresholds fetch failed: timed out
2026-09-24T09:01:25Z  WARNING  stats fetch failed: timed out
2026-09-24T09:01:30Z  WARNING  thresholds fetch failed: timed out
2026-09-24T09:01:30Z  WARNING  stats fetch failed: timed out
2026-09-24T09:01:35Z  WARNING  thresholds fetch failed: timed out
2026-09-24T09:01:35Z  WARNING  stats fetch failed: timed out
2026-09-24T09:01:40Z  WARNING  thresholds fetch failed: <urlopen error timed out>
2026-09-24T09:01:40Z  WARNING  stats fetch failed: timed out
2026-09-24T09:01:45Z  WARNING  thresholds fetch failed: timed out
2026-09-24T09:01:45Z  WARNING  stats fetch failed: timed out
2026-09-24T09:01:50Z  WARNING  thresholds fetch failed: timed out
2026-09-24T09:01:50Z  WARNING  stats fetch failed: timed out
2026-09-24T09:01:55Z  WARNING  thresholds fetch failed: timed out
2026-09-24T09:01:55Z  WARNING  stats fetch failed: timed out
2026-09-24T09:02:00Z  WARNING  thresholds fetch failed: timed out
2026-09-24T09:02:00Z  WARNING  stats fetch failed: timed out
2026-09-24T09:02:05Z  WARNING  thresholds fetch failed: timed out
2026-09-24T09:02:05Z  WARNING  stats fetch failed: timed out
2026-09-24T09:02:10Z  WARNING  thresholds fetch failed: timed out
2026-09-24T09:02:10Z  WARNING  stats fetch failed: timed out
2026-09-24T09:02:15Z  WARNING  thresholds fetch failed: timed out
2026-09-24T09:02:15Z  WARNING  stats fetch failed: timed out
2026-09-24T09:02:20Z  WARNING  thresholds fetch failed: timed out
2026-09-24T09:02:20Z  WARNING  stats fetch failed: timed out
2026-09-24T09:02:25Z  WARNING  thresholds fetch failed: timed out
2026-09-24T09:02:25Z  WARNING  stats fetch failed: timed out
2026-09-24T09:02:30Z  WARNING  thresholds fetch failed: timed out
2026-09-24T09:02:30Z  WARNING  stats fetch failed: timed out
2026-09-24T09:02:35Z  WARNING  thresholds fetch failed: timed out
2026-09-24T09:02:35Z  WARNING  stats fetch failed: timed out
2026-09-24T09:02:40Z  WARNING  thresholds fetch failed: timed out
2026-09-24T09:02:40Z  WARNING  stats fetch failed: timed out
2026-09-24T09:02:45Z  WARNING  thresholds fetch failed: timed out
2026-09-24T09:02:45Z  WARNING  stats fetch failed: timed out
2026-09-24T09:02:50Z  WARNING  thresholds fetch failed: timed out
2026-09-24T09:02:50Z  WARNING  stats fetch failed: timed out
2026-09-24T09:02:55Z  WARNING  thresholds fetch failed: timed out
2026-09-24T09:02:55Z  WARNING  stats fetch failed: timed out
2026-09-24T09:03:00Z  WARNING  thresholds fetch failed: timed out
2026-09-24T09:03:00Z  WARNING  stats fetch failed: timed out
2026-09-24T09:03:05Z  WARNING  thresholds fetch failed: timed out
2026-09-24T09:03:05Z  WARNING  stats fetch failed: timed out
2026-09-24T09:03:10Z  WARNING  thresholds fetch failed: timed out
2026-09-24T09:03:10Z  WARNING  stats fetch failed: timed out
2026-09-24T09:03:15Z  WARNING  thresholds fetch failed: timed out
2026-09-24T09:03:15Z  WARNING  stats fetch failed: timed out
2026-09-24T09:03:20Z  WARNING  thresholds fetch failed: timed out
2026-09-24T09:03:20Z  WARNING  stats fetch failed: timed out
2026-09-24T09:03:25Z  WARNING  thresholds fetch failed: timed out
2026-09-24T09:03:25Z  WARNING  stats fetch failed: timed out
2026-09-24T09:03:30Z  WARNING  thresholds fetch failed: timed out
2026-09-24T09:03:30Z  WARNING  stats fetch failed: timed out
2026-09-24T09:03:35Z  WARNING  thresholds fetch failed: timed out
2026-09-24T09:03:35Z  WARNING  stats fetch failed: timed out
2026-09-24T09:03:40Z  WARNING  thresholds fetch failed: timed out
2026-09-24T09:03:40Z  WARNING  stats fetch failed: timed out
2026-09-24T09:03:45Z  WARNING  thresholds fetch failed: timed out
2026-09-24T09:03:45Z  WARNING  stats fetch failed: <urlopen error timed out>
2026-09-24T09:03:50Z  WARNING  thresholds fetch failed: timed out
2026-09-24T09:03:50Z  WARNING  stats fetch failed: <urlopen error timed out>
2026-09-24T09:03:55Z  WARNING  thresholds fetch failed: timed out
2026-09-24T09:03:55Z  WARNING  stats fetch failed: timed out
2026-09-24T09:04:00Z  WARNING  thresholds fetch failed: timed out
2026-09-24T09:04:00Z  WARNING  stats fetch failed: timed out
2026-09-24T09:04:05Z  WARNING  thresholds fetch failed: timed out
2026-09-24T09:04:05Z  WARNING  stats fetch failed: timed out
2026-09-24T09:04:10Z  WARNING  thresholds fetch failed: timed out
2026-09-24T09:04:10Z  WARNING  stats fetch failed: timed out
2026-09-24T09:04:15Z  WARNING  thresholds fetch failed: timed out
2026-09-24T09:04:15Z  WARNING  stats fetch failed: timed out
2026-09-24T09:04:20Z  WARNING  thresholds fetch failed: timed out
2026-09-24T09:04:20Z  WARNING  stats fetch failed: timed out
2026-09-24T09:04:25Z  WARNING  thresholds fetch failed: timed out
2026-09-24T09:04:25Z  WARNING  stats fetch failed: timed out
2026-09-24T09:04:30Z  WARNING  thresholds fetch failed: timed out
2026-09-24T09:04:30Z  WARNING  stats fetch failed: timed out
2026-09-24T09:04:35Z  WARNING  thresholds fetch failed: timed out
2026-09-24T09:04:35Z  WARNING  stats fetch failed: timed out
2026-09-24T09:04:40Z  WARNING  thresholds fetch failed: timed out
2026-09-24T09:04:40Z  WARNING  stats fetch failed: timed out
2026-09-24T09:04:45Z  WARNING  thresholds fetch failed: timed out
2026-09-24T09:04:45Z  WARNING  stats fetch failed: timed out
2026-09-24T09:04:50Z  WARNING  thresholds fetch failed: timed out
2026-09-24T09:04:50Z  WARNING  stats fetch failed: timed out
2026-09-24T09:04:55Z  WARNING  thresholds fetch failed: timed out
2026-09-24T09:04:55Z  WARNING  stats fetch failed: timed out
2026-09-24T09:05:00Z  WARNING  thresholds fetch failed: timed out
2026-09-24T09:05:00Z  WARNING  stats fetch failed: timed out
2026-09-24T09:05:05Z  WARNING  thresholds fetch failed: timed out
2026-09-24T09:05:05Z  WARNING  stats fetch failed: timed out
2026-09-24T09:05:10Z  WARNING  thresholds fetch failed: timed out
2026-09-24T09:05:10Z  WARNING  stats fetch failed: timed out
2026-09-24T09:05:15Z  WARNING  thresholds fetch failed: timed out
2026-09-24T09:05:15Z  WARNING  stats fetch failed: timed out
2026-09-24T09:05:20Z  WARNING  thresholds fetch failed: timed out
2026-09-24T09:05:20Z  WARNING  stats fetch failed: timed out
2026-09-24T09:05:25Z  WARNING  thresholds fetch failed: timed out
2026-09-24T09:05:25Z  WARNING  stats fetch failed: timed out
2026-09-24T09:05:30Z  WARNING  thresholds fetch failed: timed out
2026-09-24T09:05:30Z  WARNING  stats fetch failed: timed out
2026-09-24T09:05:35Z  WARNING  thresholds fetch failed: timed out
2026-09-24T09:05:35Z  WARNING  stats fetch failed: timed out
2026-09-24T09:05:40Z  WARNING  thresholds fetch failed: timed out
2026-09-24T09:05:40Z  WARNING  stats fetch failed: timed out
2026-09-24T09:05:43Z  SHUTDOWN  signal=15
2026-09-24T09:05:43Z  EXIT
