2026-10-05T21:57:47Z  START  poll_interval=1s layer_a_poll_interval=5s
2026-10-05T21:59:30Z  WARNING  thresholds fetch failed: timed out
2026-10-05T21:59:30Z  WARNING  stats fetch failed: timed out
2026-10-05T21:59:35Z  WARNING  thresholds fetch failed: timed out
2026-10-05T21:59:35Z  WARNING  stats fetch failed: timed out
2026-10-05T21:59:40Z  WARNING  thresholds fetch failed: timed out
2026-10-05T21:59:40Z  WARNING  stats fetch failed: timed out
2026-10-05T21:59:45Z  WARNING  thresholds fetch failed: timed out
2026-10-05T21:59:45Z  WARNING  stats fetch failed: timed out
2026-10-05T21:59:50Z  WARNING  thresholds fetch failed: timed out
2026-10-05T21:59:50Z  WARNING  stats fetch failed: timed out
2026-10-05T21:59:55Z  WARNING  thresholds fetch failed: timed out
2026-10-05T21:59:55Z  WARNING  stats fetch failed: timed out
2026-10-05T22:00:00Z  WARNING  thresholds fetch failed: timed out
2026-10-05T22:00:00Z  WARNING  stats fetch failed: timed out
2026-10-05T22:00:05Z  WARNING  thresholds fetch failed: timed out
2026-10-05T22:00:05Z  WARNING  stats fetch failed: timed out
2026-10-05T22:00:10Z  WARNING  thresholds fetch failed: timed out
2026-10-05T22:00:10Z  WARNING  stats fetch failed: timed out
2026-10-05T22:00:15Z  WARNING  thresholds fetch failed: timed out
2026-10-05T22:00:15Z  WARNING  stats fetch failed: timed out
2026-10-05T22:00:20Z  WARNING  thresholds fetch failed: timed out
2026-10-05T22:00:20Z  WARNING  stats fetch failed: timed out
2026-10-05T22:00:25Z  WARNING  thresholds fetch failed: timed out
2026-10-05T22:00:25Z  WARNING  stats fetch failed: timed out
2026-10-05T22:00:30Z  WARNING  thresholds fetch failed: timed out
2026-10-05T22:00:30Z  WARNING  stats fetch failed: timed out
2026-10-05T22:00:35Z  WARNING  thresholds fetch failed: timed out
2026-10-05T22:00:35Z  WARNING  stats fetch failed: timed out
2026-10-05T22:00:40Z  WARNING  thresholds fetch failed: timed out
2026-10-05T22:00:40Z  WARNING  stats fetch failed: timed out
2026-10-05T22:00:45Z  WARNING  thresholds fetch failed: timed out
2026-10-05T22:00:45Z  WARNING  stats fetch failed: timed out
2026-10-05T22:00:50Z  WARNING  thresholds fetch failed: timed out
2026-10-05T22:00:50Z  WARNING  stats fetch failed: timed out
2026-10-05T22:00:55Z  WARNING  thresholds fetch failed: timed out
2026-10-05T22:00:55Z  WARNING  stats fetch failed: timed out
2026-10-05T22:01:00Z  WARNING  thresholds fetch failed: timed out
2026-10-05T22:01:00Z  WARNING  stats fetch failed: timed out
2026-10-05T22:01:05Z  WARNING  thresholds fetch failed: timed out
2026-10-05T22:01:05Z  WARNING  stats fetch failed: timed out
2026-10-05T22:01:10Z  WARNING  thresholds fetch failed: timed out
2026-10-05T22:01:10Z  WARNING  stats fetch failed: timed out
2026-10-05T22:01:15Z  WARNING  thresholds fetch failed: timed out
2026-10-05T22:01:15Z  WARNING  stats fetch failed: timed out
2026-10-05T22:01:20Z  WARNING  thresholds fetch failed: timed out
2026-10-05T22:01:20Z  WARNING  stats fetch failed: timed out
2026-10-05T22:01:25Z  WARNING  thresholds fetch failed: timed out
2026-10-05T22:01:25Z  WARNING  stats fetch failed: timed out
2026-10-05T22:01:30Z  WARNING  thresholds fetch failed: timed out
2026-10-05T22:01:30Z  WARNING  stats fetch failed: timed out
2026-10-05T22:01:35Z  WARNING  thresholds fetch failed: timed out
2026-10-05T22:01:35Z  WARNING  stats fetch failed: timed out
2026-10-05T22:01:40Z  WARNING  thresholds fetch failed: timed out
2026-10-05T22:01:40Z  WARNING  stats fetch failed: timed out
2026-10-05T22:01:45Z  WARNING  thresholds fetch failed: timed out
2026-10-05T22:01:45Z  WARNING  stats fetch failed: timed out
2026-10-05T22:01:50Z  WARNING  thresholds fetch failed: timed out
2026-10-05T22:01:50Z  WARNING  stats fetch failed: timed out
2026-10-05T22:01:55Z  WARNING  thresholds fetch failed: timed out
2026-10-05T22:01:55Z  WARNING  stats fetch failed: timed out
2026-10-05T22:02:00Z  WARNING  thresholds fetch failed: timed out
2026-10-05T22:02:00Z  WARNING  stats fetch failed: timed out
2026-10-05T22:02:05Z  WARNING  thresholds fetch failed: timed out
2026-10-05T22:02:05Z  WARNING  stats fetch failed: timed out
2026-10-05T22:02:10Z  WARNING  thresholds fetch failed: timed out
2026-10-05T22:02:10Z  WARNING  stats fetch failed: timed out
2026-10-05T22:02:15Z  WARNING  thresholds fetch failed: timed out
2026-10-05T22:02:15Z  WARNING  stats fetch failed: timed out
2026-10-05T22:02:20Z  WARNING  thresholds fetch failed: timed out
2026-10-05T22:02:20Z  WARNING  stats fetch failed: timed out
2026-10-05T22:02:25Z  WARNING  thresholds fetch failed: timed out
2026-10-05T22:02:25Z  WARNING  stats fetch failed: timed out
2026-10-05T22:02:30Z  WARNING  thresholds fetch failed: timed out
2026-10-05T22:02:30Z  WARNING  stats fetch failed: <urlopen error timed out>
2026-10-05T22:02:35Z  WARNING  thresholds fetch failed: timed out
2026-10-05T22:02:35Z  WARNING  stats fetch failed: timed out
2026-10-05T22:02:40Z  WARNING  thresholds fetch failed: timed out
2026-10-05T22:02:40Z  WARNING  stats fetch failed: timed out
2026-10-05T22:02:45Z  WARNING  thresholds fetch failed: timed out
2026-10-05T22:02:45Z  WARNING  stats fetch failed: timed out
2026-10-05T22:02:50Z  WARNING  thresholds fetch failed: timed out
2026-10-05T22:02:50Z  WARNING  stats fetch failed: timed out
2026-10-05T22:02:55Z  WARNING  thresholds fetch failed: timed out
2026-10-05T22:02:55Z  WARNING  stats fetch failed: timed out
2026-10-05T22:03:00Z  WARNING  thresholds fetch failed: timed out
2026-10-05T22:03:00Z  WARNING  stats fetch failed: timed out
2026-10-05T22:03:05Z  WARNING  thresholds fetch failed: timed out
2026-10-05T22:03:05Z  WARNING  stats fetch failed: timed out
2026-10-05T22:03:10Z  WARNING  thresholds fetch failed: timed out
2026-10-05T22:03:10Z  WARNING  stats fetch failed: timed out
2026-10-05T22:03:15Z  WARNING  thresholds fetch failed: timed out
2026-10-05T22:03:15Z  WARNING  stats fetch failed: timed out
2026-10-05T22:03:20Z  WARNING  thresholds fetch failed: timed out
2026-10-05T22:03:20Z  WARNING  stats fetch failed: timed out
2026-10-05T22:03:25Z  WARNING  thresholds fetch failed: timed out
2026-10-05T22:03:25Z  WARNING  stats fetch failed: timed out
2026-10-05T22:03:30Z  WARNING  thresholds fetch failed: timed out
2026-10-05T22:03:30Z  WARNING  stats fetch failed: timed out
2026-10-05T22:03:35Z  WARNING  thresholds fetch failed: timed out
2026-10-05T22:03:35Z  WARNING  stats fetch failed: timed out
2026-10-05T22:03:40Z  WARNING  thresholds fetch failed: timed out
2026-10-05T22:03:40Z  WARNING  stats fetch failed: timed out
2026-10-05T22:03:45Z  WARNING  thresholds fetch failed: timed out
2026-10-05T22:03:45Z  WARNING  stats fetch failed: timed out
2026-10-05T22:03:50Z  WARNING  thresholds fetch failed: timed out
2026-10-05T22:03:50Z  WARNING  stats fetch failed: timed out
2026-10-05T22:03:55Z  WARNING  thresholds fetch failed: timed out
2026-10-05T22:03:55Z  WARNING  stats fetch failed: timed out
2026-10-05T22:04:00Z  WARNING  thresholds fetch failed: timed out
2026-10-05T22:04:00Z  WARNING  stats fetch failed: timed out
2026-10-05T22:04:05Z  WARNING  thresholds fetch failed: timed out
2026-10-05T22:04:05Z  WARNING  stats fetch failed: timed out
2026-10-05T22:04:10Z  WARNING  thresholds fetch failed: timed out
2026-10-05T22:04:10Z  WARNING  stats fetch failed: timed out
2026-10-05T22:04:15Z  WARNING  thresholds fetch failed: timed out
2026-10-05T22:04:15Z  WARNING  stats fetch failed: timed out
2026-10-05T22:04:20Z  WARNING  thresholds fetch failed: timed out
2026-10-05T22:04:20Z  WARNING  stats fetch failed: timed out
2026-10-05T22:04:25Z  WARNING  thresholds fetch failed: timed out
2026-10-05T22:04:25Z  WARNING  stats fetch failed: timed out
2026-10-05T22:04:30Z  WARNING  thresholds fetch failed: timed out
2026-10-05T22:04:30Z  WARNING  stats fetch failed: timed out
2026-10-05T22:04:35Z  WARNING  thresholds fetch failed: timed out
2026-10-05T22:04:35Z  WARNING  stats fetch failed: timed out
2026-10-05T22:04:40Z  WARNING  thresholds fetch failed: timed out
2026-10-05T22:04:40Z  WARNING  stats fetch failed: timed out
2026-10-05T22:04:45Z  WARNING  thresholds fetch failed: timed out
2026-10-05T22:04:45Z  WARNING  stats fetch failed: timed out
2026-10-05T22:04:50Z  WARNING  thresholds fetch failed: timed out
2026-10-05T22:04:50Z  WARNING  stats fetch failed: timed out
2026-10-05T22:04:55Z  WARNING  thresholds fetch failed: timed out
2026-10-05T22:04:55Z  WARNING  stats fetch failed: timed out
2026-10-05T22:05:00Z  WARNING  thresholds fetch failed: timed out
2026-10-05T22:05:00Z  WARNING  stats fetch failed: timed out
2026-10-05T22:05:05Z  WARNING  thresholds fetch failed: timed out
2026-10-05T22:05:05Z  WARNING  stats fetch failed: timed out
2026-10-05T22:05:10Z  WARNING  thresholds fetch failed: timed out
2026-10-05T22:05:10Z  WARNING  stats fetch failed: timed out
2026-10-05T22:05:15Z  WARNING  thresholds fetch failed: timed out
2026-10-05T22:05:15Z  WARNING  stats fetch failed: timed out
2026-10-05T22:05:20Z  WARNING  thresholds fetch failed: timed out
2026-10-05T22:05:20Z  WARNING  stats fetch failed: timed out
2026-10-05T22:05:25Z  WARNING  thresholds fetch failed: timed out
2026-10-05T22:05:25Z  WARNING  stats fetch failed: timed out
2026-10-05T22:05:30Z  WARNING  thresholds fetch failed: timed out
2026-10-05T22:05:30Z  WARNING  stats fetch failed: timed out
2026-10-05T22:05:35Z  WARNING  thresholds fetch failed: timed out
2026-10-05T22:05:35Z  WARNING  stats fetch failed: timed out
2026-10-05T22:05:40Z  WARNING  thresholds fetch failed: timed out
2026-10-05T22:05:40Z  WARNING  stats fetch failed: timed out
2026-10-05T22:05:45Z  WARNING  thresholds fetch failed: timed out
2026-10-05T22:05:45Z  WARNING  stats fetch failed: timed out
2026-10-05T22:05:50Z  WARNING  thresholds fetch failed: timed out
2026-10-05T22:05:50Z  WARNING  stats fetch failed: timed out
2026-10-05T22:05:55Z  WARNING  thresholds fetch failed: timed out
2026-10-05T22:05:55Z  WARNING  stats fetch failed: timed out
2026-10-05T22:06:00Z  WARNING  thresholds fetch failed: timed out
2026-10-05T22:06:00Z  WARNING  stats fetch failed: timed out
2026-10-05T22:06:05Z  WARNING  thresholds fetch failed: timed out
2026-10-05T22:06:05Z  WARNING  stats fetch failed: timed out
2026-10-05T22:06:10Z  WARNING  thresholds fetch failed: timed out
2026-10-05T22:06:10Z  WARNING  stats fetch failed: timed out
2026-10-05T22:06:15Z  WARNING  thresholds fetch failed: timed out
2026-10-05T22:06:15Z  WARNING  stats fetch failed: timed out
2026-10-05T22:06:20Z  WARNING  thresholds fetch failed: timed out
2026-10-05T22:06:20Z  WARNING  stats fetch failed: timed out
2026-10-05T22:06:25Z  WARNING  thresholds fetch failed: timed out
2026-10-05T22:06:25Z  WARNING  stats fetch failed: timed out
2026-10-05T22:06:30Z  WARNING  thresholds fetch failed: timed out
2026-10-05T22:06:30Z  WARNING  stats fetch failed: timed out
2026-10-05T22:06:35Z  WARNING  thresholds fetch failed: timed out
2026-10-05T22:06:35Z  WARNING  stats fetch failed: timed out
2026-10-05T22:06:40Z  WARNING  thresholds fetch failed: timed out
2026-10-05T22:06:40Z  WARNING  stats fetch failed: timed out
2026-10-05T22:06:45Z  WARNING  thresholds fetch failed: timed out
2026-10-05T22:06:45Z  WARNING  stats fetch failed: timed out
2026-10-05T22:06:50Z  WARNING  thresholds fetch failed: timed out
2026-10-05T22:06:50Z  WARNING  stats fetch failed: timed out
2026-10-05T22:06:55Z  WARNING  thresholds fetch failed: timed out
2026-10-05T22:06:55Z  WARNING  stats fetch failed: timed out
2026-10-05T22:07:00Z  WARNING  thresholds fetch failed: timed out
2026-10-05T22:07:00Z  WARNING  stats fetch failed: timed out
2026-10-05T22:07:05Z  WARNING  thresholds fetch failed: timed out
2026-10-05T22:07:05Z  WARNING  stats fetch failed: timed out
2026-10-05T22:07:10Z  WARNING  thresholds fetch failed: timed out
2026-10-05T22:07:10Z  WARNING  stats fetch failed: timed out
2026-10-05T22:07:15Z  WARNING  thresholds fetch failed: timed out
2026-10-05T22:07:15Z  WARNING  stats fetch failed: timed out
2026-10-05T22:07:20Z  WARNING  thresholds fetch failed: timed out
2026-10-05T22:07:20Z  WARNING  stats fetch failed: timed out
2026-10-05T22:07:25Z  WARNING  thresholds fetch failed: timed out
2026-10-05T22:07:25Z  WARNING  stats fetch failed: timed out
2026-10-05T22:07:30Z  WARNING  thresholds fetch failed: timed out
2026-10-05T22:07:30Z  WARNING  stats fetch failed: timed out
2026-10-05T22:07:35Z  WARNING  thresholds fetch failed: timed out
2026-10-05T22:07:35Z  WARNING  stats fetch failed: timed out
2026-10-05T22:07:40Z  WARNING  thresholds fetch failed: timed out
2026-10-05T22:07:40Z  WARNING  stats fetch failed: timed out
2026-10-05T22:07:45Z  WARNING  thresholds fetch failed: timed out
2026-10-05T22:07:45Z  WARNING  stats fetch failed: timed out
2026-10-05T22:07:50Z  WARNING  thresholds fetch failed: timed out
2026-10-05T22:07:50Z  WARNING  stats fetch failed: timed out
2026-10-05T22:07:55Z  WARNING  thresholds fetch failed: timed out
2026-10-05T22:07:55Z  WARNING  stats fetch failed: timed out
2026-10-05T22:08:00Z  WARNING  thresholds fetch failed: timed out
2026-10-05T22:08:00Z  WARNING  stats fetch failed: timed out
2026-10-05T22:08:05Z  WARNING  thresholds fetch failed: timed out
2026-10-05T22:08:05Z  WARNING  stats fetch failed: timed out
2026-10-05T22:08:10Z  WARNING  thresholds fetch failed: timed out
2026-10-05T22:08:10Z  WARNING  stats fetch failed: timed out
2026-10-05T22:08:15Z  WARNING  thresholds fetch failed: timed out
2026-10-05T22:08:15Z  WARNING  stats fetch failed: timed out
2026-10-05T22:08:20Z  WARNING  thresholds fetch failed: timed out
2026-10-05T22:08:20Z  WARNING  stats fetch failed: timed out
2026-10-05T22:08:25Z  WARNING  thresholds fetch failed: timed out
2026-10-05T22:08:25Z  WARNING  stats fetch failed: timed out
2026-10-05T22:08:30Z  WARNING  thresholds fetch failed: timed out
2026-10-05T22:08:30Z  WARNING  stats fetch failed: timed out
2026-10-05T22:08:35Z  WARNING  thresholds fetch failed: timed out
2026-10-05T22:08:35Z  WARNING  stats fetch failed: timed out
2026-10-05T22:08:40Z  WARNING  thresholds fetch failed: timed out
2026-10-05T22:08:40Z  WARNING  stats fetch failed: timed out
2026-10-05T22:08:45Z  WARNING  thresholds fetch failed: timed out
2026-10-05T22:08:45Z  WARNING  stats fetch failed: timed out
2026-10-05T22:08:50Z  WARNING  thresholds fetch failed: timed out
2026-10-05T22:08:50Z  WARNING  stats fetch failed: timed out
2026-10-05T22:08:53Z  SHUTDOWN  signal=15
2026-10-05T22:08:54Z  EXIT
