2026-10-05T21:33:48Z  START  poll_interval=1s layer_a_poll_interval=5s
2026-10-05T21:35:00Z  WARNING  thresholds fetch failed: timed out
2026-10-05T21:35:00Z  WARNING  stats fetch failed: timed out
2026-10-05T21:35:05Z  WARNING  thresholds fetch failed: timed out
2026-10-05T21:35:05Z  WARNING  stats fetch failed: timed out
2026-10-05T21:35:10Z  WARNING  thresholds fetch failed: timed out
2026-10-05T21:35:10Z  WARNING  stats fetch failed: timed out
2026-10-05T21:35:15Z  WARNING  thresholds fetch failed: timed out
2026-10-05T21:35:15Z  WARNING  stats fetch failed: timed out
2026-10-05T21:35:20Z  WARNING  thresholds fetch failed: timed out
2026-10-05T21:35:20Z  WARNING  stats fetch failed: timed out
2026-10-05T21:35:25Z  WARNING  thresholds fetch failed: timed out
2026-10-05T21:35:25Z  WARNING  stats fetch failed: timed out
2026-10-05T21:35:30Z  WARNING  thresholds fetch failed: timed out
2026-10-05T21:35:30Z  WARNING  stats fetch failed: timed out
2026-10-05T21:35:35Z  WARNING  thresholds fetch failed: timed out
2026-10-05T21:35:35Z  WARNING  stats fetch failed: timed out
2026-10-05T21:35:40Z  WARNING  thresholds fetch failed: timed out
2026-10-05T21:35:40Z  WARNING  stats fetch failed: timed out
2026-10-05T21:35:45Z  WARNING  thresholds fetch failed: timed out
2026-10-05T21:35:45Z  WARNING  stats fetch failed: timed out
2026-10-05T21:35:50Z  WARNING  thresholds fetch failed: timed out
2026-10-05T21:35:50Z  WARNING  stats fetch failed: timed out
2026-10-05T21:35:55Z  WARNING  thresholds fetch failed: timed out
2026-10-05T21:35:55Z  WARNING  stats fetch failed: timed out
2026-10-05T21:36:00Z  WARNING  thresholds fetch failed: timed out
2026-10-05T21:36:00Z  WARNING  stats fetch failed: timed out
2026-10-05T21:36:05Z  WARNING  thresholds fetch failed: timed out
2026-10-05T21:36:05Z  WARNING  stats fetch failed: timed out
2026-10-05T21:36:10Z  WARNING  thresholds fetch failed: timed out
2026-10-05T21:36:10Z  WARNING  stats fetch failed: timed out
2026-10-05T21:36:15Z  WARNING  thresholds fetch failed: timed out
2026-10-05T21:36:15Z  WARNING  stats fetch failed: timed out
2026-10-05T21:36:20Z  WARNING  thresholds fetch failed: timed out
2026-10-05T21:36:20Z  WARNING  stats fetch failed: timed out
2026-10-05T21:36:25Z  WARNING  thresholds fetch failed: timed out
2026-10-05T21:36:25Z  WARNING  stats fetch failed: timed out
2026-10-05T21:36:30Z  WARNING  thresholds fetch failed: timed out
2026-10-05T21:36:30Z  WARNING  stats fetch failed: timed out
2026-10-05T21:36:35Z  WARNING  thresholds fetch failed: timed out
2026-10-05T21:36:35Z  WARNING  stats fetch failed: timed out
2026-10-05T21:36:40Z  WARNING  thresholds fetch failed: timed out
2026-10-05T21:36:40Z  WARNING  stats fetch failed: timed out
2026-10-05T21:36:45Z  WARNING  thresholds fetch failed: timed out
2026-10-05T21:36:45Z  WARNING  stats fetch failed: timed out
2026-10-05T21:36:50Z  WARNING  thresholds fetch failed: timed out
2026-10-05T21:36:50Z  WARNING  stats fetch failed: timed out
2026-10-05T21:36:55Z  WARNING  thresholds fetch failed: timed out
2026-10-05T21:36:55Z  WARNING  stats fetch failed: timed out
2026-10-05T21:37:00Z  WARNING  thresholds fetch failed: timed out
2026-10-05T21:37:00Z  WARNING  stats fetch failed: timed out
2026-10-05T21:37:05Z  WARNING  thresholds fetch failed: timed out
2026-10-05T21:37:05Z  WARNING  stats fetch failed: timed out
2026-10-05T21:37:10Z  WARNING  thresholds fetch failed: timed out
2026-10-05T21:37:10Z  WARNING  stats fetch failed: timed out
2026-10-05T21:37:15Z  WARNING  thresholds fetch failed: timed out
2026-10-05T21:37:15Z  WARNING  stats fetch failed: timed out
2026-10-05T21:37:20Z  WARNING  thresholds fetch failed: timed out
2026-10-05T21:37:20Z  WARNING  stats fetch failed: timed out
2026-10-05T21:37:25Z  WARNING  thresholds fetch failed: timed out
2026-10-05T21:37:25Z  WARNING  stats fetch failed: timed out
2026-10-05T21:37:30Z  WARNING  thresholds fetch failed: timed out
2026-10-05T21:37:30Z  WARNING  stats fetch failed: timed out
2026-10-05T21:37:35Z  WARNING  thresholds fetch failed: timed out
2026-10-05T21:37:35Z  WARNING  stats fetch failed: timed out
2026-10-05T21:37:40Z  WARNING  thresholds fetch failed: timed out
2026-10-05T21:37:40Z  WARNING  stats fetch failed: timed out
2026-10-05T21:37:45Z  WARNING  thresholds fetch failed: timed out
2026-10-05T21:37:45Z  WARNING  stats fetch failed: timed out
2026-10-05T21:37:50Z  WARNING  thresholds fetch failed: timed out
2026-10-05T21:37:50Z  WARNING  stats fetch failed: timed out
2026-10-05T21:37:55Z  WARNING  thresholds fetch failed: timed out
2026-10-05T21:37:55Z  WARNING  stats fetch failed: timed out
2026-10-05T21:38:00Z  WARNING  thresholds fetch failed: timed out
2026-10-05T21:38:00Z  WARNING  stats fetch failed: timed out
2026-10-05T21:38:05Z  WARNING  thresholds fetch failed: timed out
2026-10-05T21:38:05Z  WARNING  stats fetch failed: timed out
2026-10-05T21:38:10Z  WARNING  thresholds fetch failed: timed out
2026-10-05T21:38:10Z  WARNING  stats fetch failed: timed out
2026-10-05T21:38:15Z  WARNING  thresholds fetch failed: timed out
2026-10-05T21:38:15Z  WARNING  stats fetch failed: timed out
2026-10-05T21:38:20Z  WARNING  thresholds fetch failed: timed out
2026-10-05T21:38:20Z  WARNING  stats fetch failed: timed out
2026-10-05T21:38:25Z  WARNING  thresholds fetch failed: timed out
2026-10-05T21:38:25Z  WARNING  stats fetch failed: timed out
2026-10-05T21:38:30Z  WARNING  thresholds fetch failed: timed out
2026-10-05T21:38:30Z  WARNING  stats fetch failed: timed out
2026-10-05T21:38:35Z  WARNING  thresholds fetch failed: timed out
2026-10-05T21:38:35Z  WARNING  stats fetch failed: timed out
2026-10-05T21:38:40Z  WARNING  thresholds fetch failed: timed out
2026-10-05T21:38:40Z  WARNING  stats fetch failed: timed out
2026-10-05T21:38:45Z  WARNING  thresholds fetch failed: timed out
2026-10-05T21:38:45Z  WARNING  stats fetch failed: timed out
2026-10-05T21:38:50Z  WARNING  thresholds fetch failed: timed out
2026-10-05T21:38:50Z  WARNING  stats fetch failed: timed out
2026-10-05T21:38:55Z  WARNING  thresholds fetch failed: timed out
2026-10-05T21:38:55Z  WARNING  stats fetch failed: timed out
2026-10-05T21:39:00Z  WARNING  thresholds fetch failed: timed out
2026-10-05T21:39:00Z  WARNING  stats fetch failed: timed out
2026-10-05T21:39:05Z  WARNING  thresholds fetch failed: timed out
2026-10-05T21:39:05Z  WARNING  stats fetch failed: timed out
2026-10-05T21:39:10Z  WARNING  thresholds fetch failed: timed out
2026-10-05T21:39:10Z  WARNING  stats fetch failed: timed out
2026-10-05T21:39:15Z  WARNING  thresholds fetch failed: timed out
2026-10-05T21:39:15Z  WARNING  stats fetch failed: timed out
2026-10-05T21:39:20Z  WARNING  thresholds fetch failed: timed out
2026-10-05T21:39:20Z  WARNING  stats fetch failed: timed out
2026-10-05T21:39:25Z  WARNING  thresholds fetch failed: timed out
2026-10-05T21:39:25Z  WARNING  stats fetch failed: timed out
2026-10-05T21:39:30Z  WARNING  thresholds fetch failed: timed out
2026-10-05T21:39:30Z  WARNING  stats fetch failed: timed out
2026-10-05T21:39:35Z  WARNING  thresholds fetch failed: timed out
2026-10-05T21:39:35Z  WARNING  stats fetch failed: timed out
2026-10-05T21:39:40Z  WARNING  thresholds fetch failed: timed out
2026-10-05T21:39:40Z  WARNING  stats fetch failed: timed out
2026-10-05T21:39:45Z  WARNING  thresholds fetch failed: timed out
2026-10-05T21:39:45Z  WARNING  stats fetch failed: timed out
2026-10-05T21:39:50Z  WARNING  thresholds fetch failed: timed out
2026-10-05T21:39:50Z  WARNING  stats fetch failed: timed out
2026-10-05T21:39:55Z  WARNING  thresholds fetch failed: timed out
2026-10-05T21:39:55Z  WARNING  stats fetch failed: timed out
2026-10-05T21:40:00Z  WARNING  thresholds fetch failed: timed out
2026-10-05T21:40:00Z  WARNING  stats fetch failed: timed out
2026-10-05T21:40:05Z  WARNING  thresholds fetch failed: timed out
2026-10-05T21:40:05Z  WARNING  stats fetch failed: timed out
2026-10-05T21:40:10Z  WARNING  thresholds fetch failed: timed out
2026-10-05T21:40:10Z  WARNING  stats fetch failed: timed out
2026-10-05T21:40:15Z  WARNING  thresholds fetch failed: timed out
2026-10-05T21:40:15Z  WARNING  stats fetch failed: timed out
2026-10-05T21:40:20Z  WARNING  thresholds fetch failed: timed out
2026-10-05T21:40:20Z  WARNING  stats fetch failed: timed out
2026-10-05T21:40:25Z  WARNING  thresholds fetch failed: timed out
2026-10-05T21:40:25Z  WARNING  stats fetch failed: timed out
2026-10-05T21:40:30Z  WARNING  thresholds fetch failed: timed out
2026-10-05T21:40:30Z  WARNING  stats fetch failed: timed out
2026-10-05T21:40:35Z  WARNING  thresholds fetch failed: timed out
2026-10-05T21:40:35Z  WARNING  stats fetch failed: timed out
2026-10-05T21:40:40Z  WARNING  thresholds fetch failed: timed out
2026-10-05T21:40:40Z  WARNING  stats fetch failed: timed out
2026-10-05T21:40:45Z  WARNING  thresholds fetch failed: timed out
2026-10-05T21:40:45Z  WARNING  stats fetch failed: timed out
2026-10-05T21:40:50Z  WARNING  thresholds fetch failed: timed out
2026-10-05T21:40:50Z  WARNING  stats fetch failed: timed out
2026-10-05T21:40:55Z  WARNING  thresholds fetch failed: timed out
2026-10-05T21:40:55Z  WARNING  stats fetch failed: timed out
2026-10-05T21:41:00Z  WARNING  thresholds fetch failed: timed out
2026-10-05T21:41:00Z  WARNING  stats fetch failed: timed out
2026-10-05T21:41:05Z  WARNING  thresholds fetch failed: timed out
2026-10-05T21:41:05Z  WARNING  stats fetch failed: timed out
2026-10-05T21:41:10Z  WARNING  thresholds fetch failed: timed out
2026-10-05T21:41:10Z  WARNING  stats fetch failed: timed out
2026-10-05T21:41:15Z  WARNING  thresholds fetch failed: timed out
2026-10-05T21:41:15Z  WARNING  stats fetch failed: timed out
2026-10-05T21:41:20Z  WARNING  thresholds fetch failed: timed out
2026-10-05T21:41:20Z  WARNING  stats fetch failed: timed out
2026-10-05T21:41:25Z  WARNING  thresholds fetch failed: timed out
2026-10-05T21:41:25Z  WARNING  stats fetch failed: timed out
2026-10-05T21:41:30Z  WARNING  thresholds fetch failed: timed out
2026-10-05T21:41:30Z  WARNING  stats fetch failed: timed out
2026-10-05T21:41:35Z  WARNING  thresholds fetch failed: timed out
2026-10-05T21:41:35Z  WARNING  stats fetch failed: timed out
2026-10-05T21:41:40Z  WARNING  thresholds fetch failed: <urlopen error timed out>
2026-10-05T21:41:40Z  WARNING  stats fetch failed: timed out
2026-10-05T21:41:45Z  WARNING  thresholds fetch failed: timed out
2026-10-05T21:41:45Z  WARNING  stats fetch failed: timed out
2026-10-05T21:41:50Z  WARNING  thresholds fetch failed: timed out
2026-10-05T21:41:50Z  WARNING  stats fetch failed: timed out
2026-10-05T21:41:55Z  WARNING  thresholds fetch failed: timed out
2026-10-05T21:41:55Z  WARNING  stats fetch failed: timed out
2026-10-05T21:42:00Z  WARNING  thresholds fetch failed: timed out
2026-10-05T21:42:00Z  WARNING  stats fetch failed: timed out
2026-10-05T21:42:05Z  WARNING  thresholds fetch failed: timed out
2026-10-05T21:42:05Z  WARNING  stats fetch failed: timed out
2026-10-05T21:42:10Z  WARNING  thresholds fetch failed: timed out
2026-10-05T21:42:10Z  WARNING  stats fetch failed: timed out
2026-10-05T21:42:15Z  WARNING  thresholds fetch failed: timed out
2026-10-05T21:42:15Z  WARNING  stats fetch failed: timed out
2026-10-05T21:42:20Z  WARNING  thresholds fetch failed: timed out
2026-10-05T21:42:20Z  WARNING  stats fetch failed: timed out
2026-10-05T21:42:25Z  WARNING  thresholds fetch failed: timed out
2026-10-05T21:42:25Z  WARNING  stats fetch failed: timed out
2026-10-05T21:42:30Z  WARNING  thresholds fetch failed: timed out
2026-10-05T21:42:30Z  WARNING  stats fetch failed: timed out
2026-10-05T21:42:35Z  WARNING  thresholds fetch failed: timed out
2026-10-05T21:42:35Z  WARNING  stats fetch failed: timed out
2026-10-05T21:42:40Z  WARNING  thresholds fetch failed: timed out
2026-10-05T21:42:40Z  WARNING  stats fetch failed: timed out
2026-10-05T21:42:45Z  WARNING  thresholds fetch failed: timed out
2026-10-05T21:42:45Z  WARNING  stats fetch failed: timed out
2026-10-05T21:42:50Z  WARNING  thresholds fetch failed: timed out
2026-10-05T21:42:50Z  WARNING  stats fetch failed: timed out
2026-10-05T21:42:55Z  WARNING  thresholds fetch failed: timed out
2026-10-05T21:42:55Z  WARNING  stats fetch failed: timed out
2026-10-05T21:43:00Z  WARNING  thresholds fetch failed: timed out
2026-10-05T21:43:00Z  WARNING  stats fetch failed: timed out
2026-10-05T21:43:05Z  WARNING  thresholds fetch failed: timed out
2026-10-05T21:43:05Z  WARNING  stats fetch failed: timed out
2026-10-05T21:43:10Z  WARNING  thresholds fetch failed: timed out
2026-10-05T21:43:10Z  WARNING  stats fetch failed: timed out
2026-10-05T21:43:15Z  WARNING  thresholds fetch failed: timed out
2026-10-05T21:43:15Z  WARNING  stats fetch failed: timed out
2026-10-05T21:43:20Z  WARNING  thresholds fetch failed: timed out
2026-10-05T21:43:20Z  WARNING  stats fetch failed: timed out
2026-10-05T21:43:25Z  WARNING  thresholds fetch failed: timed out
2026-10-05T21:43:25Z  WARNING  stats fetch failed: timed out
2026-10-05T21:43:30Z  WARNING  thresholds fetch failed: timed out
2026-10-05T21:43:30Z  WARNING  stats fetch failed: timed out
2026-10-05T21:43:35Z  WARNING  thresholds fetch failed: timed out
2026-10-05T21:43:35Z  WARNING  stats fetch failed: timed out
2026-10-05T21:43:40Z  WARNING  thresholds fetch failed: timed out
2026-10-05T21:43:40Z  WARNING  stats fetch failed: timed out
2026-10-05T21:43:45Z  WARNING  thresholds fetch failed: timed out
2026-10-05T21:43:45Z  WARNING  stats fetch failed: timed out
2026-10-05T21:43:50Z  WARNING  thresholds fetch failed: timed out
2026-10-05T21:43:50Z  WARNING  stats fetch failed: timed out
2026-10-05T21:43:55Z  WARNING  thresholds fetch failed: timed out
2026-10-05T21:43:55Z  WARNING  stats fetch failed: timed out
2026-10-05T21:44:00Z  WARNING  thresholds fetch failed: timed out
2026-10-05T21:44:00Z  WARNING  stats fetch failed: timed out
2026-10-05T21:44:05Z  WARNING  thresholds fetch failed: timed out
2026-10-05T21:44:05Z  WARNING  stats fetch failed: timed out
2026-10-05T21:44:10Z  WARNING  thresholds fetch failed: timed out
2026-10-05T21:44:10Z  WARNING  stats fetch failed: timed out
2026-10-05T21:44:15Z  WARNING  thresholds fetch failed: timed out
2026-10-05T21:44:15Z  WARNING  stats fetch failed: timed out
2026-10-05T21:44:20Z  WARNING  thresholds fetch failed: timed out
2026-10-05T21:44:20Z  WARNING  stats fetch failed: timed out
2026-10-05T21:44:27Z  SHUTDOWN  signal=15
2026-10-05T21:44:28Z  EXIT
