2026-10-03T21:28:41Z  START  poll_interval=1s layer_a_poll_interval=5s
2026-10-03T21:30:00Z  WARNING  thresholds fetch failed: timed out
2026-10-03T21:30:00Z  WARNING  stats fetch failed: timed out
2026-10-03T21:30:05Z  WARNING  thresholds fetch failed: timed out
2026-10-03T21:30:05Z  WARNING  stats fetch failed: timed out
2026-10-03T21:30:10Z  WARNING  thresholds fetch failed: timed out
2026-10-03T21:30:10Z  WARNING  stats fetch failed: timed out
2026-10-03T21:30:15Z  WARNING  thresholds fetch failed: timed out
2026-10-03T21:30:15Z  WARNING  stats fetch failed: timed out
2026-10-03T21:30:20Z  WARNING  thresholds fetch failed: timed out
2026-10-03T21:30:20Z  WARNING  stats fetch failed: timed out
2026-10-03T21:30:25Z  WARNING  thresholds fetch failed: timed out
2026-10-03T21:30:25Z  WARNING  stats fetch failed: timed out
2026-10-03T21:30:30Z  WARNING  thresholds fetch failed: timed out
2026-10-03T21:30:30Z  WARNING  stats fetch failed: timed out
2026-10-03T21:30:35Z  WARNING  thresholds fetch failed: timed out
2026-10-03T21:30:35Z  WARNING  stats fetch failed: timed out
2026-10-03T21:30:40Z  WARNING  thresholds fetch failed: timed out
2026-10-03T21:30:40Z  WARNING  stats fetch failed: timed out
2026-10-03T21:30:45Z  WARNING  thresholds fetch failed: timed out
2026-10-03T21:30:45Z  WARNING  stats fetch failed: timed out
2026-10-03T21:30:50Z  WARNING  thresholds fetch failed: timed out
2026-10-03T21:30:50Z  WARNING  stats fetch failed: timed out
2026-10-03T21:30:55Z  WARNING  thresholds fetch failed: timed out
2026-10-03T21:30:55Z  WARNING  stats fetch failed: timed out
2026-10-03T21:31:00Z  WARNING  thresholds fetch failed: timed out
2026-10-03T21:31:00Z  WARNING  stats fetch failed: timed out
2026-10-03T21:31:05Z  WARNING  thresholds fetch failed: timed out
2026-10-03T21:31:05Z  WARNING  stats fetch failed: timed out
2026-10-03T21:31:10Z  WARNING  thresholds fetch failed: timed out
2026-10-03T21:31:10Z  WARNING  stats fetch failed: timed out
2026-10-03T21:31:15Z  WARNING  thresholds fetch failed: timed out
2026-10-03T21:31:15Z  WARNING  stats fetch failed: timed out
2026-10-03T21:31:20Z  WARNING  thresholds fetch failed: timed out
2026-10-03T21:31:20Z  WARNING  stats fetch failed: timed out
2026-10-03T21:31:25Z  WARNING  thresholds fetch failed: timed out
2026-10-03T21:31:25Z  WARNING  stats fetch failed: timed out
2026-10-03T21:31:30Z  WARNING  thresholds fetch failed: timed out
2026-10-03T21:31:30Z  WARNING  stats fetch failed: timed out
2026-10-03T21:31:35Z  WARNING  thresholds fetch failed: timed out
2026-10-03T21:31:35Z  WARNING  stats fetch failed: timed out
2026-10-03T21:31:40Z  WARNING  thresholds fetch failed: timed out
2026-10-03T21:31:40Z  WARNING  stats fetch failed: timed out
2026-10-03T21:31:45Z  WARNING  thresholds fetch failed: timed out
2026-10-03T21:31:45Z  WARNING  stats fetch failed: timed out
2026-10-03T21:31:50Z  WARNING  thresholds fetch failed: timed out
2026-10-03T21:31:50Z  WARNING  stats fetch failed: timed out
2026-10-03T21:31:55Z  WARNING  thresholds fetch failed: timed out
2026-10-03T21:31:55Z  WARNING  stats fetch failed: timed out
2026-10-03T21:32:00Z  WARNING  thresholds fetch failed: timed out
2026-10-03T21:32:00Z  WARNING  stats fetch failed: timed out
2026-10-03T21:32:05Z  WARNING  thresholds fetch failed: timed out
2026-10-03T21:32:05Z  WARNING  stats fetch failed: timed out
2026-10-03T21:32:10Z  WARNING  thresholds fetch failed: timed out
2026-10-03T21:32:10Z  WARNING  stats fetch failed: timed out
2026-10-03T21:32:15Z  WARNING  thresholds fetch failed: timed out
2026-10-03T21:32:15Z  WARNING  stats fetch failed: timed out
2026-10-03T21:32:20Z  WARNING  thresholds fetch failed: timed out
2026-10-03T21:32:20Z  WARNING  stats fetch failed: timed out
2026-10-03T21:32:25Z  WARNING  thresholds fetch failed: timed out
2026-10-03T21:32:25Z  WARNING  stats fetch failed: timed out
2026-10-03T21:32:30Z  WARNING  thresholds fetch failed: timed out
2026-10-03T21:32:30Z  WARNING  stats fetch failed: timed out
2026-10-03T21:32:35Z  WARNING  thresholds fetch failed: timed out
2026-10-03T21:32:35Z  WARNING  stats fetch failed: timed out
2026-10-03T21:32:40Z  WARNING  thresholds fetch failed: timed out
2026-10-03T21:32:40Z  WARNING  stats fetch failed: timed out
2026-10-03T21:32:45Z  WARNING  thresholds fetch failed: timed out
2026-10-03T21:32:45Z  WARNING  stats fetch failed: timed out
2026-10-03T21:32:50Z  WARNING  thresholds fetch failed: timed out
2026-10-03T21:32:50Z  WARNING  stats fetch failed: timed out
2026-10-03T21:32:55Z  WARNING  thresholds fetch failed: timed out
2026-10-03T21:32:55Z  WARNING  stats fetch failed: timed out
2026-10-03T21:33:00Z  WARNING  thresholds fetch failed: timed out
2026-10-03T21:33:00Z  WARNING  stats fetch failed: timed out
2026-10-03T21:33:05Z  WARNING  thresholds fetch failed: timed out
2026-10-03T21:33:05Z  WARNING  stats fetch failed: timed out
2026-10-03T21:33:10Z  WARNING  thresholds fetch failed: timed out
2026-10-03T21:33:10Z  WARNING  stats fetch failed: timed out
2026-10-03T21:33:15Z  WARNING  thresholds fetch failed: timed out
2026-10-03T21:33:15Z  WARNING  stats fetch failed: timed out
2026-10-03T21:33:20Z  WARNING  thresholds fetch failed: timed out
2026-10-03T21:33:20Z  WARNING  stats fetch failed: timed out
2026-10-03T21:33:25Z  WARNING  thresholds fetch failed: timed out
2026-10-03T21:33:25Z  WARNING  stats fetch failed: timed out
2026-10-03T21:33:30Z  WARNING  thresholds fetch failed: timed out
2026-10-03T21:33:30Z  WARNING  stats fetch failed: timed out
2026-10-03T21:33:35Z  WARNING  thresholds fetch failed: timed out
2026-10-03T21:33:35Z  WARNING  stats fetch failed: timed out
2026-10-03T21:33:40Z  WARNING  thresholds fetch failed: timed out
2026-10-03T21:33:40Z  WARNING  stats fetch failed: timed out
2026-10-03T21:33:45Z  WARNING  thresholds fetch failed: timed out
2026-10-03T21:33:45Z  WARNING  stats fetch failed: timed out
2026-10-03T21:33:50Z  WARNING  thresholds fetch failed: timed out
2026-10-03T21:33:50Z  WARNING  stats fetch failed: timed out
2026-10-03T21:33:55Z  WARNING  thresholds fetch failed: timed out
2026-10-03T21:33:55Z  WARNING  stats fetch failed: timed out
2026-10-03T21:34:00Z  WARNING  thresholds fetch failed: timed out
2026-10-03T21:34:00Z  WARNING  stats fetch failed: timed out
2026-10-03T21:34:05Z  WARNING  thresholds fetch failed: timed out
2026-10-03T21:34:05Z  WARNING  stats fetch failed: timed out
2026-10-03T21:34:10Z  WARNING  thresholds fetch failed: timed out
2026-10-03T21:34:10Z  WARNING  stats fetch failed: timed out
2026-10-03T21:34:15Z  WARNING  thresholds fetch failed: timed out
2026-10-03T21:34:15Z  WARNING  stats fetch failed: timed out
2026-10-03T21:34:20Z  WARNING  thresholds fetch failed: timed out
2026-10-03T21:34:20Z  WARNING  stats fetch failed: timed out
2026-10-03T21:34:25Z  WARNING  thresholds fetch failed: timed out
2026-10-03T21:34:25Z  WARNING  stats fetch failed: timed out
2026-10-03T21:34:30Z  WARNING  thresholds fetch failed: timed out
2026-10-03T21:34:30Z  WARNING  stats fetch failed: timed out
2026-10-03T21:34:35Z  WARNING  thresholds fetch failed: timed out
2026-10-03T21:34:35Z  WARNING  stats fetch failed: timed out
2026-10-03T21:34:40Z  WARNING  thresholds fetch failed: timed out
2026-10-03T21:34:40Z  WARNING  stats fetch failed: timed out
2026-10-03T21:34:45Z  WARNING  thresholds fetch failed: timed out
2026-10-03T21:34:45Z  WARNING  stats fetch failed: timed out
2026-10-03T21:34:50Z  WARNING  thresholds fetch failed: timed out
2026-10-03T21:34:50Z  WARNING  stats fetch failed: timed out
2026-10-03T21:34:55Z  WARNING  thresholds fetch failed: timed out
2026-10-03T21:34:55Z  WARNING  stats fetch failed: timed out
2026-10-03T21:35:00Z  WARNING  thresholds fetch failed: timed out
2026-10-03T21:35:00Z  WARNING  stats fetch failed: timed out
2026-10-03T21:35:05Z  WARNING  thresholds fetch failed: timed out
2026-10-03T21:35:05Z  WARNING  stats fetch failed: timed out
2026-10-03T21:35:10Z  WARNING  thresholds fetch failed: timed out
2026-10-03T21:35:10Z  WARNING  stats fetch failed: timed out
2026-10-03T21:35:15Z  WARNING  thresholds fetch failed: timed out
2026-10-03T21:35:15Z  WARNING  stats fetch failed: timed out
2026-10-03T21:35:20Z  WARNING  thresholds fetch failed: timed out
2026-10-03T21:35:20Z  WARNING  stats fetch failed: timed out
2026-10-03T21:35:25Z  WARNING  thresholds fetch failed: timed out
2026-10-03T21:35:25Z  WARNING  stats fetch failed: timed out
2026-10-03T21:35:30Z  WARNING  thresholds fetch failed: timed out
2026-10-03T21:35:30Z  WARNING  stats fetch failed: timed out
2026-10-03T21:35:35Z  WARNING  thresholds fetch failed: timed out
2026-10-03T21:35:35Z  WARNING  stats fetch failed: timed out
2026-10-03T21:35:40Z  WARNING  thresholds fetch failed: timed out
2026-10-03T21:35:40Z  WARNING  stats fetch failed: timed out
2026-10-03T21:35:45Z  WARNING  thresholds fetch failed: <urlopen error timed out>
2026-10-03T21:35:45Z  WARNING  stats fetch failed: timed out
2026-10-03T21:35:50Z  WARNING  thresholds fetch failed: timed out
2026-10-03T21:35:50Z  WARNING  stats fetch failed: timed out
2026-10-03T21:35:55Z  WARNING  thresholds fetch failed: timed out
2026-10-03T21:35:55Z  WARNING  stats fetch failed: timed out
2026-10-03T21:36:00Z  WARNING  thresholds fetch failed: timed out
2026-10-03T21:36:00Z  WARNING  stats fetch failed: timed out
2026-10-03T21:36:05Z  WARNING  thresholds fetch failed: <urlopen error timed out>
2026-10-03T21:36:05Z  WARNING  stats fetch failed: timed out
2026-10-03T21:36:10Z  WARNING  thresholds fetch failed: timed out
2026-10-03T21:36:10Z  WARNING  stats fetch failed: timed out
2026-10-03T21:36:15Z  WARNING  thresholds fetch failed: timed out
2026-10-03T21:36:15Z  WARNING  stats fetch failed: timed out
2026-10-03T21:36:20Z  WARNING  thresholds fetch failed: timed out
2026-10-03T21:36:20Z  WARNING  stats fetch failed: timed out
2026-10-03T21:36:25Z  WARNING  thresholds fetch failed: timed out
2026-10-03T21:36:25Z  WARNING  stats fetch failed: timed out
2026-10-03T21:36:30Z  WARNING  thresholds fetch failed: timed out
2026-10-03T21:36:30Z  WARNING  stats fetch failed: timed out
2026-10-03T21:36:35Z  WARNING  thresholds fetch failed: timed out
2026-10-03T21:36:35Z  WARNING  stats fetch failed: timed out
2026-10-03T21:36:40Z  WARNING  thresholds fetch failed: timed out
2026-10-03T21:36:40Z  WARNING  stats fetch failed: timed out
2026-10-03T21:36:45Z  WARNING  thresholds fetch failed: timed out
2026-10-03T21:36:45Z  WARNING  stats fetch failed: timed out
2026-10-03T21:36:50Z  WARNING  thresholds fetch failed: timed out
2026-10-03T21:36:50Z  WARNING  stats fetch failed: timed out
2026-10-03T21:36:55Z  WARNING  thresholds fetch failed: timed out
2026-10-03T21:36:55Z  WARNING  stats fetch failed: timed out
2026-10-03T21:37:00Z  WARNING  thresholds fetch failed: timed out
2026-10-03T21:37:00Z  WARNING  stats fetch failed: timed out
2026-10-03T21:37:05Z  WARNING  thresholds fetch failed: timed out
2026-10-03T21:37:05Z  WARNING  stats fetch failed: timed out
2026-10-03T21:37:15Z  WARNING  thresholds fetch failed: timed out
2026-10-03T21:37:15Z  WARNING  stats fetch failed: timed out
2026-10-03T21:37:20Z  WARNING  thresholds fetch failed: timed out
2026-10-03T21:37:20Z  WARNING  stats fetch failed: timed out
2026-10-03T21:37:25Z  WARNING  thresholds fetch failed: timed out
2026-10-03T21:37:25Z  WARNING  stats fetch failed: timed out
2026-10-03T21:37:30Z  WARNING  thresholds fetch failed: timed out
2026-10-03T21:37:30Z  WARNING  stats fetch failed: timed out
2026-10-03T21:37:35Z  WARNING  thresholds fetch failed: timed out
2026-10-03T21:37:35Z  WARNING  stats fetch failed: timed out
2026-10-03T21:37:40Z  WARNING  thresholds fetch failed: timed out
2026-10-03T21:37:40Z  WARNING  stats fetch failed: timed out
2026-10-03T21:37:45Z  WARNING  thresholds fetch failed: timed out
2026-10-03T21:37:45Z  WARNING  stats fetch failed: timed out
2026-10-03T21:37:50Z  WARNING  thresholds fetch failed: timed out
2026-10-03T21:37:50Z  WARNING  stats fetch failed: timed out
2026-10-03T21:37:55Z  WARNING  thresholds fetch failed: timed out
2026-10-03T21:37:55Z  WARNING  stats fetch failed: timed out
2026-10-03T21:38:00Z  WARNING  thresholds fetch failed: timed out
2026-10-03T21:38:00Z  WARNING  stats fetch failed: timed out
2026-10-03T21:38:05Z  WARNING  thresholds fetch failed: timed out
2026-10-03T21:38:05Z  WARNING  stats fetch failed: timed out
2026-10-03T21:38:10Z  WARNING  thresholds fetch failed: timed out
2026-10-03T21:38:10Z  WARNING  stats fetch failed: timed out
2026-10-03T21:38:15Z  WARNING  thresholds fetch failed: timed out
2026-10-03T21:38:15Z  WARNING  stats fetch failed: timed out
2026-10-03T21:38:20Z  WARNING  thresholds fetch failed: timed out
2026-10-03T21:38:20Z  WARNING  stats fetch failed: timed out
2026-10-03T21:38:25Z  WARNING  thresholds fetch failed: timed out
2026-10-03T21:38:25Z  WARNING  stats fetch failed: timed out
2026-10-03T21:38:30Z  WARNING  thresholds fetch failed: timed out
2026-10-03T21:38:30Z  WARNING  stats fetch failed: timed out
2026-10-03T21:38:35Z  WARNING  thresholds fetch failed: timed out
2026-10-03T21:38:35Z  WARNING  stats fetch failed: timed out
2026-10-03T21:38:40Z  WARNING  thresholds fetch failed: timed out
2026-10-03T21:38:40Z  WARNING  stats fetch failed: timed out
2026-10-03T21:38:45Z  WARNING  thresholds fetch failed: timed out
2026-10-03T21:38:45Z  WARNING  stats fetch failed: timed out
2026-10-03T21:38:50Z  WARNING  thresholds fetch failed: timed out
2026-10-03T21:38:50Z  WARNING  stats fetch failed: timed out
2026-10-03T21:38:55Z  WARNING  thresholds fetch failed: timed out
2026-10-03T21:38:55Z  WARNING  stats fetch failed: timed out
2026-10-03T21:39:00Z  WARNING  thresholds fetch failed: <urlopen error timed out>
2026-10-03T21:39:00Z  WARNING  stats fetch failed: <urlopen error timed out>
2026-10-03T21:39:05Z  WARNING  thresholds fetch failed: timed out
2026-10-03T21:39:05Z  WARNING  stats fetch failed: timed out
2026-10-03T21:39:10Z  WARNING  thresholds fetch failed: timed out
2026-10-03T21:39:10Z  WARNING  stats fetch failed: timed out
2026-10-03T21:39:15Z  WARNING  thresholds fetch failed: timed out
2026-10-03T21:39:15Z  WARNING  stats fetch failed: timed out
2026-10-03T21:39:21Z  SHUTDOWN  signal=15
2026-10-03T21:39:22Z  EXIT
