2026-09-29T09:42:24Z  START  poll_interval=1s layer_a_poll_interval=5s
2026-09-29T09:43:35Z  WARNING  thresholds fetch failed: timed out
2026-09-29T09:43:35Z  WARNING  stats fetch failed: timed out
2026-09-29T09:43:40Z  WARNING  thresholds fetch failed: timed out
2026-09-29T09:43:40Z  WARNING  stats fetch failed: timed out
2026-09-29T09:43:45Z  WARNING  thresholds fetch failed: timed out
2026-09-29T09:43:45Z  WARNING  stats fetch failed: timed out
2026-09-29T09:43:50Z  WARNING  thresholds fetch failed: timed out
2026-09-29T09:43:50Z  WARNING  stats fetch failed: timed out
2026-09-29T09:43:55Z  WARNING  thresholds fetch failed: timed out
2026-09-29T09:43:55Z  WARNING  stats fetch failed: timed out
2026-09-29T09:44:00Z  WARNING  thresholds fetch failed: timed out
2026-09-29T09:44:00Z  WARNING  stats fetch failed: timed out
2026-09-29T09:44:05Z  WARNING  thresholds fetch failed: timed out
2026-09-29T09:44:05Z  WARNING  stats fetch failed: timed out
2026-09-29T09:44:10Z  WARNING  thresholds fetch failed: timed out
2026-09-29T09:44:10Z  WARNING  stats fetch failed: timed out
2026-09-29T09:44:15Z  WARNING  thresholds fetch failed: timed out
2026-09-29T09:44:15Z  WARNING  stats fetch failed: timed out
2026-09-29T09:44:20Z  WARNING  thresholds fetch failed: timed out
2026-09-29T09:44:20Z  WARNING  stats fetch failed: timed out
2026-09-29T09:44:25Z  WARNING  thresholds fetch failed: timed out
2026-09-29T09:44:25Z  WARNING  stats fetch failed: timed out
2026-09-29T09:44:30Z  WARNING  thresholds fetch failed: timed out
2026-09-29T09:44:30Z  WARNING  stats fetch failed: timed out
2026-09-29T09:44:35Z  WARNING  thresholds fetch failed: timed out
2026-09-29T09:44:35Z  WARNING  stats fetch failed: timed out
2026-09-29T09:44:40Z  WARNING  thresholds fetch failed: timed out
2026-09-29T09:44:40Z  WARNING  stats fetch failed: timed out
2026-09-29T09:44:45Z  WARNING  thresholds fetch failed: timed out
2026-09-29T09:44:45Z  WARNING  stats fetch failed: timed out
2026-09-29T09:44:50Z  WARNING  thresholds fetch failed: timed out
2026-09-29T09:44:50Z  WARNING  stats fetch failed: timed out
2026-09-29T09:44:55Z  WARNING  thresholds fetch failed: timed out
2026-09-29T09:44:55Z  WARNING  stats fetch failed: timed out
2026-09-29T09:45:00Z  WARNING  thresholds fetch failed: timed out
2026-09-29T09:45:00Z  WARNING  stats fetch failed: timed out
2026-09-29T09:45:05Z  WARNING  thresholds fetch failed: timed out
2026-09-29T09:45:05Z  WARNING  stats fetch failed: timed out
2026-09-29T09:45:10Z  WARNING  thresholds fetch failed: timed out
2026-09-29T09:45:10Z  WARNING  stats fetch failed: timed out
2026-09-29T09:45:15Z  WARNING  thresholds fetch failed: timed out
2026-09-29T09:45:15Z  WARNING  stats fetch failed: timed out
2026-09-29T09:45:20Z  WARNING  thresholds fetch failed: timed out
2026-09-29T09:45:20Z  WARNING  stats fetch failed: timed out
2026-09-29T09:45:25Z  WARNING  thresholds fetch failed: timed out
2026-09-29T09:45:25Z  WARNING  stats fetch failed: timed out
2026-09-29T09:45:30Z  WARNING  thresholds fetch failed: timed out
2026-09-29T09:45:30Z  WARNING  stats fetch failed: timed out
2026-09-29T09:45:35Z  WARNING  thresholds fetch failed: timed out
2026-09-29T09:45:35Z  WARNING  stats fetch failed: timed out
2026-09-29T09:45:40Z  WARNING  thresholds fetch failed: timed out
2026-09-29T09:45:40Z  WARNING  stats fetch failed: timed out
2026-09-29T09:45:45Z  WARNING  thresholds fetch failed: timed out
2026-09-29T09:45:45Z  WARNING  stats fetch failed: timed out
2026-09-29T09:45:50Z  WARNING  thresholds fetch failed: timed out
2026-09-29T09:45:50Z  WARNING  stats fetch failed: timed out
2026-09-29T09:45:55Z  WARNING  thresholds fetch failed: timed out
2026-09-29T09:45:55Z  WARNING  stats fetch failed: timed out
2026-09-29T09:46:00Z  WARNING  thresholds fetch failed: timed out
2026-09-29T09:46:00Z  WARNING  stats fetch failed: timed out
2026-09-29T09:46:05Z  WARNING  thresholds fetch failed: timed out
2026-09-29T09:46:05Z  WARNING  stats fetch failed: timed out
2026-09-29T09:46:10Z  WARNING  thresholds fetch failed: timed out
2026-09-29T09:46:10Z  WARNING  stats fetch failed: timed out
2026-09-29T09:46:15Z  WARNING  thresholds fetch failed: timed out
2026-09-29T09:46:15Z  WARNING  stats fetch failed: timed out
2026-09-29T09:46:20Z  WARNING  thresholds fetch failed: timed out
2026-09-29T09:46:20Z  WARNING  stats fetch failed: timed out
2026-09-29T09:46:25Z  WARNING  thresholds fetch failed: timed out
2026-09-29T09:46:25Z  WARNING  stats fetch failed: timed out
2026-09-29T09:46:30Z  WARNING  thresholds fetch failed: timed out
2026-09-29T09:46:30Z  WARNING  stats fetch failed: timed out
2026-09-29T09:46:35Z  WARNING  thresholds fetch failed: timed out
2026-09-29T09:46:35Z  WARNING  stats fetch failed: timed out
2026-09-29T09:46:40Z  WARNING  thresholds fetch failed: timed out
2026-09-29T09:46:40Z  WARNING  stats fetch failed: timed out
2026-09-29T09:46:45Z  WARNING  thresholds fetch failed: timed out
2026-09-29T09:46:45Z  WARNING  stats fetch failed: timed out
2026-09-29T09:46:50Z  WARNING  thresholds fetch failed: timed out
2026-09-29T09:46:50Z  WARNING  stats fetch failed: timed out
2026-09-29T09:46:55Z  WARNING  thresholds fetch failed: timed out
2026-09-29T09:46:55Z  WARNING  stats fetch failed: timed out
2026-09-29T09:47:00Z  WARNING  thresholds fetch failed: timed out
2026-09-29T09:47:00Z  WARNING  stats fetch failed: timed out
2026-09-29T09:47:05Z  WARNING  thresholds fetch failed: timed out
2026-09-29T09:47:05Z  WARNING  stats fetch failed: timed out
2026-09-29T09:47:10Z  WARNING  thresholds fetch failed: timed out
2026-09-29T09:47:10Z  WARNING  stats fetch failed: timed out
2026-09-29T09:47:15Z  WARNING  thresholds fetch failed: timed out
2026-09-29T09:47:15Z  WARNING  stats fetch failed: timed out
2026-09-29T09:47:20Z  WARNING  thresholds fetch failed: timed out
2026-09-29T09:47:20Z  WARNING  stats fetch failed: timed out
2026-09-29T09:47:25Z  WARNING  thresholds fetch failed: timed out
2026-09-29T09:47:25Z  WARNING  stats fetch failed: timed out
2026-09-29T09:47:30Z  WARNING  thresholds fetch failed: timed out
2026-09-29T09:47:30Z  WARNING  stats fetch failed: timed out
2026-09-29T09:47:35Z  WARNING  thresholds fetch failed: timed out
2026-09-29T09:47:35Z  WARNING  stats fetch failed: timed out
2026-09-29T09:47:40Z  WARNING  thresholds fetch failed: timed out
2026-09-29T09:47:40Z  WARNING  stats fetch failed: timed out
2026-09-29T09:47:45Z  WARNING  thresholds fetch failed: timed out
2026-09-29T09:47:45Z  WARNING  stats fetch failed: timed out
2026-09-29T09:47:50Z  WARNING  thresholds fetch failed: timed out
2026-09-29T09:47:50Z  WARNING  stats fetch failed: timed out
2026-09-29T09:47:55Z  WARNING  thresholds fetch failed: timed out
2026-09-29T09:47:55Z  WARNING  stats fetch failed: timed out
2026-09-29T09:48:00Z  WARNING  thresholds fetch failed: timed out
2026-09-29T09:48:00Z  WARNING  stats fetch failed: timed out
2026-09-29T09:48:05Z  WARNING  thresholds fetch failed: timed out
2026-09-29T09:48:05Z  WARNING  stats fetch failed: timed out
2026-09-29T09:48:10Z  WARNING  thresholds fetch failed: timed out
2026-09-29T09:48:10Z  WARNING  stats fetch failed: timed out
2026-09-29T09:48:15Z  WARNING  thresholds fetch failed: timed out
2026-09-29T09:48:15Z  WARNING  stats fetch failed: timed out
2026-09-29T09:48:20Z  WARNING  thresholds fetch failed: timed out
2026-09-29T09:48:20Z  WARNING  stats fetch failed: timed out
2026-09-29T09:48:25Z  WARNING  thresholds fetch failed: timed out
2026-09-29T09:48:25Z  WARNING  stats fetch failed: timed out
2026-09-29T09:48:30Z  WARNING  thresholds fetch failed: timed out
2026-09-29T09:48:30Z  WARNING  stats fetch failed: timed out
2026-09-29T09:48:35Z  WARNING  thresholds fetch failed: timed out
2026-09-29T09:48:35Z  WARNING  stats fetch failed: timed out
2026-09-29T09:48:40Z  WARNING  thresholds fetch failed: timed out
2026-09-29T09:48:40Z  WARNING  stats fetch failed: timed out
2026-09-29T09:48:45Z  WARNING  thresholds fetch failed: timed out
2026-09-29T09:48:45Z  WARNING  stats fetch failed: timed out
2026-09-29T09:48:50Z  WARNING  thresholds fetch failed: timed out
2026-09-29T09:48:50Z  WARNING  stats fetch failed: timed out
2026-09-29T09:48:55Z  WARNING  thresholds fetch failed: timed out
2026-09-29T09:48:55Z  WARNING  stats fetch failed: timed out
2026-09-29T09:49:00Z  WARNING  thresholds fetch failed: timed out
2026-09-29T09:49:00Z  WARNING  stats fetch failed: timed out
2026-09-29T09:49:05Z  WARNING  thresholds fetch failed: timed out
2026-09-29T09:49:05Z  WARNING  stats fetch failed: timed out
2026-09-29T09:49:10Z  WARNING  thresholds fetch failed: timed out
2026-09-29T09:49:10Z  WARNING  stats fetch failed: timed out
2026-09-29T09:49:15Z  WARNING  thresholds fetch failed: timed out
2026-09-29T09:49:15Z  WARNING  stats fetch failed: timed out
2026-09-29T09:49:20Z  WARNING  thresholds fetch failed: timed out
2026-09-29T09:49:20Z  WARNING  stats fetch failed: timed out
2026-09-29T09:49:25Z  WARNING  thresholds fetch failed: timed out
2026-09-29T09:49:25Z  WARNING  stats fetch failed: timed out
2026-09-29T09:49:30Z  WARNING  thresholds fetch failed: timed out
2026-09-29T09:49:30Z  WARNING  stats fetch failed: timed out
2026-09-29T09:49:35Z  WARNING  thresholds fetch failed: timed out
2026-09-29T09:49:35Z  WARNING  stats fetch failed: timed out
2026-09-29T09:49:40Z  WARNING  thresholds fetch failed: timed out
2026-09-29T09:49:40Z  WARNING  stats fetch failed: timed out
2026-09-29T09:49:45Z  WARNING  thresholds fetch failed: timed out
2026-09-29T09:49:45Z  WARNING  stats fetch failed: timed out
2026-09-29T09:49:50Z  WARNING  thresholds fetch failed: timed out
2026-09-29T09:49:50Z  WARNING  stats fetch failed: timed out
2026-09-29T09:49:55Z  WARNING  thresholds fetch failed: timed out
2026-09-29T09:49:55Z  WARNING  stats fetch failed: timed out
2026-09-29T09:50:00Z  WARNING  thresholds fetch failed: timed out
2026-09-29T09:50:00Z  WARNING  stats fetch failed: timed out
2026-09-29T09:50:05Z  WARNING  thresholds fetch failed: timed out
2026-09-29T09:50:05Z  WARNING  stats fetch failed: timed out
2026-09-29T09:50:10Z  WARNING  thresholds fetch failed: timed out
2026-09-29T09:50:10Z  WARNING  stats fetch failed: timed out
2026-09-29T09:50:15Z  WARNING  thresholds fetch failed: timed out
2026-09-29T09:50:15Z  WARNING  stats fetch failed: timed out
2026-09-29T09:50:20Z  WARNING  thresholds fetch failed: timed out
2026-09-29T09:50:20Z  WARNING  stats fetch failed: timed out
2026-09-29T09:50:25Z  WARNING  thresholds fetch failed: timed out
2026-09-29T09:50:25Z  WARNING  stats fetch failed: timed out
2026-09-29T09:50:30Z  WARNING  thresholds fetch failed: timed out
2026-09-29T09:50:30Z  WARNING  stats fetch failed: timed out
2026-09-29T09:50:35Z  WARNING  thresholds fetch failed: timed out
2026-09-29T09:50:35Z  WARNING  stats fetch failed: timed out
2026-09-29T09:50:40Z  WARNING  thresholds fetch failed: timed out
2026-09-29T09:50:40Z  WARNING  stats fetch failed: timed out
2026-09-29T09:50:45Z  WARNING  thresholds fetch failed: timed out
2026-09-29T09:50:45Z  WARNING  stats fetch failed: timed out
2026-09-29T09:50:50Z  WARNING  thresholds fetch failed: timed out
2026-09-29T09:50:50Z  WARNING  stats fetch failed: timed out
2026-09-29T09:50:55Z  WARNING  thresholds fetch failed: timed out
2026-09-29T09:50:55Z  WARNING  stats fetch failed: timed out
2026-09-29T09:51:00Z  WARNING  thresholds fetch failed: timed out
2026-09-29T09:51:00Z  WARNING  stats fetch failed: timed out
2026-09-29T09:51:05Z  WARNING  thresholds fetch failed: timed out
2026-09-29T09:51:05Z  WARNING  stats fetch failed: timed out
2026-09-29T09:51:10Z  WARNING  thresholds fetch failed: timed out
2026-09-29T09:51:10Z  WARNING  stats fetch failed: timed out
2026-09-29T09:51:15Z  WARNING  thresholds fetch failed: timed out
2026-09-29T09:51:15Z  WARNING  stats fetch failed: timed out
2026-09-29T09:51:20Z  WARNING  thresholds fetch failed: timed out
2026-09-29T09:51:20Z  WARNING  stats fetch failed: timed out
2026-09-29T09:51:25Z  WARNING  thresholds fetch failed: timed out
2026-09-29T09:51:25Z  WARNING  stats fetch failed: timed out
2026-09-29T09:51:30Z  WARNING  thresholds fetch failed: timed out
2026-09-29T09:51:30Z  WARNING  stats fetch failed: timed out
2026-09-29T09:51:35Z  WARNING  thresholds fetch failed: timed out
2026-09-29T09:51:35Z  WARNING  stats fetch failed: timed out
2026-09-29T09:51:40Z  WARNING  thresholds fetch failed: timed out
2026-09-29T09:51:40Z  WARNING  stats fetch failed: timed out
2026-09-29T09:51:45Z  WARNING  thresholds fetch failed: timed out
2026-09-29T09:51:45Z  WARNING  stats fetch failed: <urlopen error timed out>
2026-09-29T09:51:50Z  WARNING  thresholds fetch failed: timed out
2026-09-29T09:51:50Z  WARNING  stats fetch failed: timed out
2026-09-29T09:51:55Z  WARNING  thresholds fetch failed: timed out
2026-09-29T09:51:55Z  WARNING  stats fetch failed: timed out
2026-09-29T09:52:00Z  WARNING  thresholds fetch failed: timed out
2026-09-29T09:52:00Z  WARNING  stats fetch failed: timed out
2026-09-29T09:52:05Z  WARNING  thresholds fetch failed: timed out
2026-09-29T09:52:05Z  WARNING  stats fetch failed: timed out
2026-09-29T09:52:10Z  WARNING  thresholds fetch failed: timed out
2026-09-29T09:52:10Z  WARNING  stats fetch failed: timed out
2026-09-29T09:52:15Z  WARNING  thresholds fetch failed: timed out
2026-09-29T09:52:15Z  WARNING  stats fetch failed: timed out
2026-09-29T09:52:20Z  WARNING  thresholds fetch failed: timed out
2026-09-29T09:52:20Z  WARNING  stats fetch failed: timed out
2026-09-29T09:52:25Z  WARNING  thresholds fetch failed: timed out
2026-09-29T09:52:25Z  WARNING  stats fetch failed: timed out
2026-09-29T09:52:30Z  WARNING  thresholds fetch failed: timed out
2026-09-29T09:52:30Z  WARNING  stats fetch failed: timed out
2026-09-29T09:52:35Z  WARNING  thresholds fetch failed: timed out
2026-09-29T09:52:35Z  WARNING  stats fetch failed: timed out
2026-09-29T09:52:40Z  WARNING  thresholds fetch failed: timed out
2026-09-29T09:52:40Z  WARNING  stats fetch failed: timed out
2026-09-29T09:52:45Z  WARNING  thresholds fetch failed: timed out
2026-09-29T09:52:45Z  WARNING  stats fetch failed: timed out
2026-09-29T09:52:50Z  WARNING  thresholds fetch failed: timed out
2026-09-29T09:52:50Z  WARNING  stats fetch failed: timed out
2026-09-29T09:52:55Z  WARNING  thresholds fetch failed: timed out
2026-09-29T09:52:55Z  WARNING  stats fetch failed: timed out
2026-09-29T09:53:01Z  SHUTDOWN  signal=15
2026-09-29T09:53:02Z  EXIT
