2026-10-04T23:51:55Z  START  poll_interval=1s layer_a_poll_interval=5s
2026-10-05T00:00:05Z  WARNING  thresholds fetch failed: timed out
2026-10-05T00:00:05Z  WARNING  stats fetch failed: timed out
2026-10-05T00:00:10Z  WARNING  thresholds fetch failed: timed out
2026-10-05T00:00:10Z  WARNING  stats fetch failed: timed out
2026-10-05T00:00:15Z  WARNING  thresholds fetch failed: timed out
2026-10-05T00:00:15Z  WARNING  stats fetch failed: timed out
2026-10-05T00:00:20Z  WARNING  thresholds fetch failed: timed out
2026-10-05T00:00:20Z  WARNING  stats fetch failed: timed out
2026-10-05T00:00:25Z  WARNING  thresholds fetch failed: timed out
2026-10-05T00:00:25Z  WARNING  stats fetch failed: timed out
2026-10-05T00:00:30Z  WARNING  thresholds fetch failed: timed out
2026-10-05T00:00:30Z  WARNING  stats fetch failed: timed out
2026-10-05T00:00:35Z  WARNING  thresholds fetch failed: timed out
2026-10-05T00:00:35Z  WARNING  stats fetch failed: timed out
2026-10-05T00:00:40Z  WARNING  thresholds fetch failed: timed out
2026-10-05T00:00:40Z  WARNING  stats fetch failed: timed out
2026-10-05T00:00:45Z  WARNING  thresholds fetch failed: timed out
2026-10-05T00:00:45Z  WARNING  stats fetch failed: timed out
2026-10-05T00:00:50Z  WARNING  thresholds fetch failed: timed out
2026-10-05T00:00:50Z  WARNING  stats fetch failed: timed out
2026-10-05T00:00:55Z  WARNING  thresholds fetch failed: timed out
2026-10-05T00:00:55Z  WARNING  stats fetch failed: timed out
2026-10-05T00:01:00Z  WARNING  thresholds fetch failed: timed out
2026-10-05T00:01:00Z  WARNING  stats fetch failed: timed out
2026-10-05T00:01:05Z  WARNING  thresholds fetch failed: timed out
2026-10-05T00:01:05Z  WARNING  stats fetch failed: timed out
2026-10-05T00:01:10Z  WARNING  thresholds fetch failed: timed out
2026-10-05T00:01:10Z  WARNING  stats fetch failed: timed out
2026-10-05T00:01:15Z  WARNING  thresholds fetch failed: timed out
2026-10-05T00:01:15Z  WARNING  stats fetch failed: timed out
2026-10-05T00:01:20Z  WARNING  thresholds fetch failed: timed out
2026-10-05T00:01:20Z  WARNING  stats fetch failed: timed out
2026-10-05T00:01:25Z  WARNING  thresholds fetch failed: timed out
2026-10-05T00:01:25Z  WARNING  stats fetch failed: timed out
2026-10-05T00:01:30Z  WARNING  thresholds fetch failed: timed out
2026-10-05T00:01:30Z  WARNING  stats fetch failed: timed out
2026-10-05T00:01:35Z  WARNING  thresholds fetch failed: timed out
2026-10-05T00:01:35Z  WARNING  stats fetch failed: timed out
2026-10-05T00:01:40Z  WARNING  thresholds fetch failed: timed out
2026-10-05T00:01:40Z  WARNING  stats fetch failed: timed out
2026-10-05T00:01:45Z  WARNING  thresholds fetch failed: timed out
2026-10-05T00:01:45Z  WARNING  stats fetch failed: timed out
2026-10-05T00:01:50Z  WARNING  thresholds fetch failed: timed out
2026-10-05T00:01:50Z  WARNING  stats fetch failed: timed out
2026-10-05T00:01:55Z  WARNING  thresholds fetch failed: timed out
2026-10-05T00:01:55Z  WARNING  stats fetch failed: timed out
2026-10-05T00:02:00Z  WARNING  thresholds fetch failed: timed out
2026-10-05T00:02:00Z  WARNING  stats fetch failed: timed out
2026-10-05T00:02:05Z  WARNING  thresholds fetch failed: timed out
2026-10-05T00:02:05Z  WARNING  stats fetch failed: timed out
2026-10-05T00:02:10Z  WARNING  thresholds fetch failed: timed out
2026-10-05T00:02:10Z  WARNING  stats fetch failed: timed out
2026-10-05T00:02:15Z  WARNING  thresholds fetch failed: timed out
2026-10-05T00:02:15Z  WARNING  stats fetch failed: timed out
2026-10-05T00:02:20Z  WARNING  thresholds fetch failed: timed out
2026-10-05T00:02:20Z  WARNING  stats fetch failed: timed out
2026-10-05T00:02:25Z  WARNING  thresholds fetch failed: timed out
2026-10-05T00:02:25Z  WARNING  stats fetch failed: timed out
2026-10-05T00:02:30Z  WARNING  thresholds fetch failed: timed out
2026-10-05T00:02:30Z  WARNING  stats fetch failed: timed out
2026-10-05T00:02:33Z  SHUTDOWN  signal=15
2026-10-05T00:02:34Z  EXIT
