2026-09-26T13:39:18Z  START  poll_interval=1s layer_a_poll_interval=5s
2026-09-26T13:42:28Z  START  poll_interval=1s layer_a_poll_interval=5s
2026-09-26T13:42:30Z  WARNING  thresholds fetch failed: timed out
2026-09-26T13:42:30Z  WARNING  stats fetch failed: timed out
2026-09-26T13:42:35Z  WARNING  thresholds fetch failed: timed out
2026-09-26T13:42:35Z  WARNING  stats fetch failed: timed out
2026-09-26T13:42:40Z  WARNING  thresholds fetch failed: timed out
2026-09-26T13:42:40Z  WARNING  stats fetch failed: timed out
2026-09-26T13:43:40Z  WARNING  thresholds fetch failed: timed out
2026-09-26T13:43:40Z  WARNING  stats fetch failed: timed out
2026-09-26T13:43:45Z  WARNING  thresholds fetch failed: timed out
2026-09-26T13:43:45Z  WARNING  stats fetch failed: timed out
2026-09-26T13:43:50Z  WARNING  thresholds fetch failed: timed out
2026-09-26T13:43:50Z  WARNING  stats fetch failed: timed out
2026-09-26T13:43:55Z  WARNING  thresholds fetch failed: timed out
2026-09-26T13:43:55Z  WARNING  stats fetch failed: timed out
2026-09-26T13:44:00Z  WARNING  thresholds fetch failed: timed out
2026-09-26T13:44:00Z  WARNING  stats fetch failed: timed out
2026-09-26T13:44:05Z  WARNING  thresholds fetch failed: timed out
2026-09-26T13:44:05Z  WARNING  stats fetch failed: timed out
2026-09-26T13:44:10Z  WARNING  thresholds fetch failed: timed out
2026-09-26T13:44:10Z  WARNING  stats fetch failed: timed out
2026-09-26T13:44:15Z  WARNING  thresholds fetch failed: timed out
2026-09-26T13:44:15Z  WARNING  stats fetch failed: timed out
2026-09-26T13:44:20Z  WARNING  thresholds fetch failed: timed out
2026-09-26T13:44:20Z  WARNING  stats fetch failed: timed out
2026-09-26T13:44:25Z  WARNING  thresholds fetch failed: timed out
2026-09-26T13:44:25Z  WARNING  stats fetch failed: timed out
2026-09-26T13:44:30Z  WARNING  thresholds fetch failed: timed out
2026-09-26T13:44:30Z  WARNING  stats fetch failed: timed out
2026-09-26T13:44:35Z  WARNING  thresholds fetch failed: timed out
2026-09-26T13:44:35Z  WARNING  stats fetch failed: timed out
2026-09-26T13:44:40Z  WARNING  thresholds fetch failed: timed out
2026-09-26T13:44:40Z  WARNING  stats fetch failed: timed out
2026-09-26T13:44:45Z  WARNING  thresholds fetch failed: timed out
2026-09-26T13:44:45Z  WARNING  stats fetch failed: timed out
2026-09-26T13:44:50Z  WARNING  thresholds fetch failed: timed out
2026-09-26T13:44:50Z  WARNING  stats fetch failed: timed out
2026-09-26T13:44:55Z  WARNING  thresholds fetch failed: timed out
2026-09-26T13:44:55Z  WARNING  stats fetch failed: timed out
2026-09-26T13:45:00Z  WARNING  thresholds fetch failed: timed out
2026-09-26T13:45:00Z  WARNING  stats fetch failed: timed out
2026-09-26T13:45:05Z  WARNING  thresholds fetch failed: timed out
2026-09-26T13:45:05Z  WARNING  stats fetch failed: timed out
2026-09-26T13:45:10Z  WARNING  thresholds fetch failed: timed out
2026-09-26T13:45:10Z  WARNING  stats fetch failed: timed out
2026-09-26T13:45:15Z  WARNING  thresholds fetch failed: timed out
2026-09-26T13:45:15Z  WARNING  stats fetch failed: timed out
2026-09-26T13:45:20Z  WARNING  thresholds fetch failed: timed out
2026-09-26T13:45:20Z  WARNING  stats fetch failed: timed out
2026-09-26T13:45:25Z  WARNING  thresholds fetch failed: timed out
2026-09-26T13:45:25Z  WARNING  stats fetch failed: timed out
2026-09-26T13:45:30Z  WARNING  thresholds fetch failed: timed out
2026-09-26T13:45:30Z  WARNING  stats fetch failed: timed out
2026-09-26T13:45:35Z  WARNING  thresholds fetch failed: timed out
2026-09-26T13:45:35Z  WARNING  stats fetch failed: timed out
2026-09-26T13:45:40Z  WARNING  thresholds fetch failed: timed out
2026-09-26T13:45:40Z  WARNING  stats fetch failed: timed out
2026-09-26T13:45:45Z  WARNING  thresholds fetch failed: timed out
2026-09-26T13:45:45Z  WARNING  stats fetch failed: timed out
2026-09-26T13:45:50Z  WARNING  thresholds fetch failed: timed out
2026-09-26T13:45:50Z  WARNING  stats fetch failed: timed out
2026-09-26T13:45:55Z  WARNING  thresholds fetch failed: timed out
2026-09-26T13:45:55Z  WARNING  stats fetch failed: timed out
2026-09-26T13:46:00Z  WARNING  thresholds fetch failed: timed out
2026-09-26T13:46:00Z  WARNING  stats fetch failed: timed out
2026-09-26T13:46:05Z  WARNING  thresholds fetch failed: timed out
2026-09-26T13:46:05Z  WARNING  stats fetch failed: <urlopen error timed out>
2026-09-26T13:46:10Z  WARNING  thresholds fetch failed: timed out
2026-09-26T13:46:10Z  WARNING  stats fetch failed: timed out
2026-09-26T13:46:15Z  WARNING  thresholds fetch failed: timed out
2026-09-26T13:46:15Z  WARNING  stats fetch failed: timed out
2026-09-26T13:46:20Z  WARNING  thresholds fetch failed: timed out
2026-09-26T13:46:20Z  WARNING  stats fetch failed: timed out
2026-09-26T13:46:25Z  WARNING  thresholds fetch failed: timed out
2026-09-26T13:46:25Z  WARNING  stats fetch failed: timed out
2026-09-26T13:46:30Z  WARNING  thresholds fetch failed: timed out
2026-09-26T13:46:30Z  WARNING  stats fetch failed: timed out
2026-09-26T13:46:35Z  WARNING  thresholds fetch failed: timed out
2026-09-26T13:46:35Z  WARNING  stats fetch failed: timed out
2026-09-26T13:46:40Z  WARNING  thresholds fetch failed: timed out
2026-09-26T13:46:40Z  WARNING  stats fetch failed: timed out
2026-09-26T13:46:45Z  WARNING  thresholds fetch failed: timed out
2026-09-26T13:46:45Z  WARNING  stats fetch failed: timed out
2026-09-26T13:46:50Z  WARNING  thresholds fetch failed: timed out
2026-09-26T13:46:50Z  WARNING  stats fetch failed: timed out
2026-09-26T13:46:55Z  WARNING  thresholds fetch failed: timed out
2026-09-26T13:46:55Z  WARNING  stats fetch failed: timed out
2026-09-26T13:47:00Z  WARNING  thresholds fetch failed: timed out
2026-09-26T13:47:00Z  WARNING  stats fetch failed: timed out
2026-09-26T13:47:05Z  WARNING  thresholds fetch failed: timed out
2026-09-26T13:47:05Z  WARNING  stats fetch failed: timed out
2026-09-26T13:47:10Z  WARNING  thresholds fetch failed: timed out
2026-09-26T13:47:10Z  WARNING  stats fetch failed: timed out
2026-09-26T13:47:15Z  WARNING  thresholds fetch failed: timed out
2026-09-26T13:47:15Z  WARNING  stats fetch failed: timed out
2026-09-26T13:47:20Z  WARNING  thresholds fetch failed: timed out
2026-09-26T13:47:20Z  WARNING  stats fetch failed: timed out
2026-09-26T13:47:25Z  WARNING  thresholds fetch failed: timed out
2026-09-26T13:47:25Z  WARNING  stats fetch failed: timed out
2026-09-26T13:47:30Z  WARNING  thresholds fetch failed: timed out
2026-09-26T13:47:30Z  WARNING  stats fetch failed: timed out
2026-09-26T13:47:35Z  WARNING  thresholds fetch failed: timed out
2026-09-26T13:47:35Z  WARNING  stats fetch failed: timed out
2026-09-26T13:47:40Z  WARNING  thresholds fetch failed: timed out
2026-09-26T13:47:40Z  WARNING  stats fetch failed: timed out
2026-09-26T13:47:45Z  WARNING  thresholds fetch failed: timed out
2026-09-26T13:47:45Z  WARNING  stats fetch failed: timed out
2026-09-26T13:47:50Z  WARNING  thresholds fetch failed: timed out
2026-09-26T13:47:50Z  WARNING  stats fetch failed: timed out
2026-09-26T13:47:55Z  WARNING  thresholds fetch failed: timed out
2026-09-26T13:47:55Z  WARNING  stats fetch failed: timed out
2026-09-26T13:48:00Z  WARNING  thresholds fetch failed: timed out
2026-09-26T13:48:00Z  WARNING  stats fetch failed: timed out
2026-09-26T13:48:05Z  WARNING  thresholds fetch failed: timed out
2026-09-26T13:48:05Z  WARNING  stats fetch failed: timed out
2026-09-26T13:48:10Z  WARNING  thresholds fetch failed: timed out
2026-09-26T13:48:10Z  WARNING  stats fetch failed: timed out
2026-09-26T13:48:15Z  WARNING  thresholds fetch failed: timed out
2026-09-26T13:48:15Z  WARNING  stats fetch failed: timed out
2026-09-26T13:48:20Z  WARNING  thresholds fetch failed: timed out
2026-09-26T13:48:20Z  WARNING  stats fetch failed: timed out
2026-09-26T13:48:25Z  WARNING  thresholds fetch failed: timed out
2026-09-26T13:48:25Z  WARNING  stats fetch failed: timed out
2026-09-26T13:48:30Z  WARNING  thresholds fetch failed: timed out
2026-09-26T13:48:30Z  WARNING  stats fetch failed: timed out
2026-09-26T13:48:35Z  WARNING  thresholds fetch failed: timed out
2026-09-26T13:48:35Z  WARNING  stats fetch failed: timed out
2026-09-26T13:48:40Z  WARNING  thresholds fetch failed: timed out
2026-09-26T13:48:40Z  WARNING  stats fetch failed: timed out
2026-09-26T13:48:45Z  WARNING  thresholds fetch failed: timed out
2026-09-26T13:48:45Z  WARNING  stats fetch failed: timed out
2026-09-26T13:48:50Z  WARNING  thresholds fetch failed: timed out
2026-09-26T13:48:50Z  WARNING  stats fetch failed: timed out
2026-09-26T13:48:55Z  WARNING  thresholds fetch failed: timed out
2026-09-26T13:48:55Z  WARNING  stats fetch failed: timed out
2026-09-26T13:49:00Z  WARNING  thresholds fetch failed: timed out
2026-09-26T13:49:00Z  WARNING  stats fetch failed: timed out
2026-09-26T13:49:05Z  WARNING  thresholds fetch failed: timed out
2026-09-26T13:49:05Z  WARNING  stats fetch failed: timed out
2026-09-26T13:49:10Z  WARNING  thresholds fetch failed: timed out
2026-09-26T13:49:10Z  WARNING  stats fetch failed: timed out
2026-09-26T13:49:15Z  WARNING  thresholds fetch failed: timed out
2026-09-26T13:49:15Z  WARNING  stats fetch failed: timed out
2026-09-26T13:49:20Z  WARNING  thresholds fetch failed: timed out
2026-09-26T13:49:20Z  WARNING  stats fetch failed: timed out
2026-09-26T13:49:25Z  WARNING  thresholds fetch failed: timed out
2026-09-26T13:49:25Z  WARNING  stats fetch failed: timed out
2026-09-26T13:49:30Z  WARNING  thresholds fetch failed: timed out
2026-09-26T13:49:30Z  WARNING  stats fetch failed: timed out
2026-09-26T13:49:35Z  WARNING  thresholds fetch failed: timed out
2026-09-26T13:49:35Z  WARNING  stats fetch failed: timed out
2026-09-26T13:49:40Z  WARNING  thresholds fetch failed: timed out
2026-09-26T13:49:40Z  WARNING  stats fetch failed: timed out
2026-09-26T13:49:45Z  WARNING  thresholds fetch failed: timed out
2026-09-26T13:49:45Z  WARNING  stats fetch failed: timed out
2026-09-26T13:49:50Z  WARNING  thresholds fetch failed: timed out
2026-09-26T13:49:50Z  WARNING  stats fetch failed: timed out
2026-09-26T13:49:56Z  SHUTDOWN  signal=15
2026-09-26T13:49:56Z  EXIT
