2026-09-24T10:39:32Z  START  poll_interval=1s layer_a_poll_interval=5s
2026-09-24T10:40:40Z  WARNING  thresholds fetch failed: timed out
2026-09-24T10:40:40Z  WARNING  stats fetch failed: timed out
2026-09-24T10:40:45Z  WARNING  thresholds fetch failed: timed out
2026-09-24T10:40:45Z  WARNING  stats fetch failed: timed out
2026-09-24T10:40:50Z  WARNING  thresholds fetch failed: timed out
2026-09-24T10:40:50Z  WARNING  stats fetch failed: timed out
2026-09-24T10:40:55Z  WARNING  thresholds fetch failed: timed out
2026-09-24T10:40:55Z  WARNING  stats fetch failed: timed out
2026-09-24T10:41:00Z  WARNING  thresholds fetch failed: timed out
2026-09-24T10:41:00Z  WARNING  stats fetch failed: timed out
2026-09-24T10:41:05Z  WARNING  thresholds fetch failed: timed out
2026-09-24T10:41:05Z  WARNING  stats fetch failed: timed out
2026-09-24T10:41:10Z  WARNING  thresholds fetch failed: timed out
2026-09-24T10:41:10Z  WARNING  stats fetch failed: timed out
2026-09-24T10:41:15Z  WARNING  thresholds fetch failed: timed out
2026-09-24T10:41:15Z  WARNING  stats fetch failed: timed out
2026-09-24T10:41:20Z  WARNING  thresholds fetch failed: timed out
2026-09-24T10:41:20Z  WARNING  stats fetch failed: timed out
2026-09-24T10:41:25Z  WARNING  thresholds fetch failed: timed out
2026-09-24T10:41:25Z  WARNING  stats fetch failed: timed out
2026-09-24T10:41:30Z  WARNING  thresholds fetch failed: timed out
2026-09-24T10:41:30Z  WARNING  stats fetch failed: timed out
2026-09-24T10:41:35Z  WARNING  thresholds fetch failed: timed out
2026-09-24T10:41:35Z  WARNING  stats fetch failed: timed out
2026-09-24T10:41:40Z  WARNING  thresholds fetch failed: timed out
2026-09-24T10:41:40Z  WARNING  stats fetch failed: timed out
2026-09-24T10:41:45Z  WARNING  thresholds fetch failed: timed out
2026-09-24T10:41:45Z  WARNING  stats fetch failed: timed out
2026-09-24T10:41:50Z  WARNING  thresholds fetch failed: timed out
2026-09-24T10:41:50Z  WARNING  stats fetch failed: timed out
2026-09-24T10:41:55Z  WARNING  thresholds fetch failed: timed out
2026-09-24T10:41:55Z  WARNING  stats fetch failed: timed out
2026-09-24T10:42:00Z  WARNING  thresholds fetch failed: timed out
2026-09-24T10:42:00Z  WARNING  stats fetch failed: timed out
2026-09-24T10:42:05Z  WARNING  thresholds fetch failed: timed out
2026-09-24T10:42:05Z  WARNING  stats fetch failed: timed out
2026-09-24T10:42:10Z  WARNING  thresholds fetch failed: timed out
2026-09-24T10:42:10Z  WARNING  stats fetch failed: timed out
2026-09-24T10:42:15Z  WARNING  thresholds fetch failed: timed out
2026-09-24T10:42:15Z  WARNING  stats fetch failed: timed out
2026-09-24T10:42:20Z  WARNING  thresholds fetch failed: timed out
2026-09-24T10:42:20Z  WARNING  stats fetch failed: timed out
2026-09-24T10:42:25Z  WARNING  thresholds fetch failed: timed out
2026-09-24T10:42:25Z  WARNING  stats fetch failed: timed out
2026-09-24T10:42:30Z  WARNING  thresholds fetch failed: timed out
2026-09-24T10:42:30Z  WARNING  stats fetch failed: timed out
2026-09-24T10:42:35Z  WARNING  thresholds fetch failed: timed out
2026-09-24T10:42:35Z  WARNING  stats fetch failed: timed out
2026-09-24T10:42:40Z  WARNING  thresholds fetch failed: timed out
2026-09-24T10:42:40Z  WARNING  stats fetch failed: timed out
2026-09-24T10:42:45Z  WARNING  thresholds fetch failed: timed out
2026-09-24T10:42:45Z  WARNING  stats fetch failed: timed out
2026-09-24T10:42:50Z  WARNING  thresholds fetch failed: timed out
2026-09-24T10:42:50Z  WARNING  stats fetch failed: timed out
2026-09-24T10:42:55Z  WARNING  thresholds fetch failed: timed out
2026-09-24T10:42:55Z  WARNING  stats fetch failed: timed out
2026-09-24T10:43:00Z  WARNING  thresholds fetch failed: timed out
2026-09-24T10:43:00Z  WARNING  stats fetch failed: timed out
2026-09-24T10:43:05Z  WARNING  thresholds fetch failed: timed out
2026-09-24T10:43:05Z  WARNING  stats fetch failed: timed out
2026-09-24T10:43:10Z  WARNING  thresholds fetch failed: timed out
2026-09-24T10:43:10Z  WARNING  stats fetch failed: timed out
2026-09-24T10:43:15Z  WARNING  thresholds fetch failed: timed out
2026-09-24T10:43:15Z  WARNING  stats fetch failed: timed out
2026-09-24T10:43:20Z  WARNING  thresholds fetch failed: timed out
2026-09-24T10:43:20Z  WARNING  stats fetch failed: timed out
2026-09-24T10:43:25Z  WARNING  thresholds fetch failed: timed out
2026-09-24T10:43:25Z  WARNING  stats fetch failed: timed out
2026-09-24T10:43:30Z  WARNING  thresholds fetch failed: timed out
2026-09-24T10:43:30Z  WARNING  stats fetch failed: timed out
2026-09-24T10:43:35Z  WARNING  thresholds fetch failed: timed out
2026-09-24T10:43:35Z  WARNING  stats fetch failed: timed out
2026-09-24T10:43:40Z  WARNING  thresholds fetch failed: timed out
2026-09-24T10:43:40Z  WARNING  stats fetch failed: timed out
2026-09-24T10:43:45Z  WARNING  thresholds fetch failed: timed out
2026-09-24T10:43:45Z  WARNING  stats fetch failed: timed out
2026-09-24T10:43:50Z  WARNING  thresholds fetch failed: timed out
2026-09-24T10:43:50Z  WARNING  stats fetch failed: timed out
2026-09-24T10:43:55Z  WARNING  thresholds fetch failed: timed out
2026-09-24T10:43:55Z  WARNING  stats fetch failed: timed out
2026-09-24T10:44:00Z  WARNING  thresholds fetch failed: timed out
2026-09-24T10:44:00Z  WARNING  stats fetch failed: timed out
2026-09-24T10:44:05Z  WARNING  thresholds fetch failed: timed out
2026-09-24T10:44:05Z  WARNING  stats fetch failed: timed out
2026-09-24T10:44:10Z  WARNING  thresholds fetch failed: timed out
2026-09-24T10:44:10Z  WARNING  stats fetch failed: timed out
2026-09-24T10:44:15Z  WARNING  thresholds fetch failed: timed out
2026-09-24T10:44:15Z  WARNING  stats fetch failed: timed out
2026-09-24T10:44:20Z  WARNING  thresholds fetch failed: timed out
2026-09-24T10:44:20Z  WARNING  stats fetch failed: timed out
2026-09-24T10:44:25Z  WARNING  thresholds fetch failed: timed out
2026-09-24T10:44:25Z  WARNING  stats fetch failed: timed out
2026-09-24T10:44:30Z  WARNING  thresholds fetch failed: timed out
2026-09-24T10:44:30Z  WARNING  stats fetch failed: timed out
2026-09-24T10:44:35Z  WARNING  thresholds fetch failed: timed out
2026-09-24T10:44:35Z  WARNING  stats fetch failed: timed out
2026-09-24T10:44:40Z  WARNING  thresholds fetch failed: timed out
2026-09-24T10:44:40Z  WARNING  stats fetch failed: timed out
2026-09-24T10:44:45Z  WARNING  thresholds fetch failed: timed out
2026-09-24T10:44:45Z  WARNING  stats fetch failed: timed out
2026-09-24T10:44:50Z  WARNING  thresholds fetch failed: timed out
2026-09-24T10:44:50Z  WARNING  stats fetch failed: timed out
2026-09-24T10:44:55Z  WARNING  thresholds fetch failed: timed out
2026-09-24T10:44:55Z  WARNING  stats fetch failed: timed out
2026-09-24T10:45:00Z  WARNING  thresholds fetch failed: timed out
2026-09-24T10:45:00Z  WARNING  stats fetch failed: timed out
2026-09-24T10:45:05Z  WARNING  thresholds fetch failed: timed out
2026-09-24T10:45:05Z  WARNING  stats fetch failed: timed out
2026-09-24T10:45:10Z  WARNING  thresholds fetch failed: timed out
2026-09-24T10:45:10Z  WARNING  stats fetch failed: timed out
2026-09-24T10:45:15Z  WARNING  thresholds fetch failed: timed out
2026-09-24T10:45:15Z  WARNING  stats fetch failed: timed out
2026-09-24T10:45:20Z  WARNING  thresholds fetch failed: timed out
2026-09-24T10:45:20Z  WARNING  stats fetch failed: timed out
2026-09-24T10:45:25Z  WARNING  thresholds fetch failed: timed out
2026-09-24T10:45:25Z  WARNING  stats fetch failed: timed out
2026-09-24T10:45:30Z  WARNING  thresholds fetch failed: timed out
2026-09-24T10:45:30Z  WARNING  stats fetch failed: timed out
2026-09-24T10:45:35Z  WARNING  thresholds fetch failed: timed out
2026-09-24T10:45:35Z  WARNING  stats fetch failed: timed out
2026-09-24T10:45:40Z  WARNING  thresholds fetch failed: timed out
2026-09-24T10:45:40Z  WARNING  stats fetch failed: timed out
2026-09-24T10:45:45Z  WARNING  thresholds fetch failed: timed out
2026-09-24T10:45:45Z  WARNING  stats fetch failed: timed out
2026-09-24T10:45:50Z  WARNING  thresholds fetch failed: timed out
2026-09-24T10:45:50Z  WARNING  stats fetch failed: timed out
2026-09-24T10:45:55Z  WARNING  thresholds fetch failed: timed out
2026-09-24T10:45:55Z  WARNING  stats fetch failed: timed out
2026-09-24T10:46:00Z  WARNING  thresholds fetch failed: timed out
2026-09-24T10:46:00Z  WARNING  stats fetch failed: timed out
2026-09-24T10:46:05Z  WARNING  thresholds fetch failed: timed out
2026-09-24T10:46:05Z  WARNING  stats fetch failed: timed out
2026-09-24T10:46:10Z  WARNING  thresholds fetch failed: timed out
2026-09-24T10:46:10Z  WARNING  stats fetch failed: timed out
2026-09-24T10:46:15Z  WARNING  thresholds fetch failed: timed out
2026-09-24T10:46:15Z  WARNING  stats fetch failed: timed out
2026-09-24T10:46:20Z  WARNING  thresholds fetch failed: timed out
2026-09-24T10:46:20Z  WARNING  stats fetch failed: timed out
2026-09-24T10:46:25Z  WARNING  thresholds fetch failed: timed out
2026-09-24T10:46:25Z  WARNING  stats fetch failed: timed out
2026-09-24T10:46:30Z  WARNING  thresholds fetch failed: timed out
2026-09-24T10:46:30Z  WARNING  stats fetch failed: timed out
2026-09-24T10:46:35Z  WARNING  thresholds fetch failed: timed out
2026-09-24T10:46:35Z  WARNING  stats fetch failed: timed out
2026-09-24T10:46:40Z  WARNING  thresholds fetch failed: timed out
2026-09-24T10:46:40Z  WARNING  stats fetch failed: timed out
2026-09-24T10:46:45Z  WARNING  thresholds fetch failed: timed out
2026-09-24T10:46:45Z  WARNING  stats fetch failed: timed out
2026-09-24T10:46:50Z  WARNING  thresholds fetch failed: timed out
2026-09-24T10:46:50Z  WARNING  stats fetch failed: timed out
2026-09-24T10:46:55Z  WARNING  thresholds fetch failed: timed out
2026-09-24T10:46:55Z  WARNING  stats fetch failed: timed out
2026-09-24T10:47:00Z  WARNING  thresholds fetch failed: timed out
2026-09-24T10:47:00Z  WARNING  stats fetch failed: timed out
2026-09-24T10:47:05Z  WARNING  thresholds fetch failed: timed out
2026-09-24T10:47:05Z  WARNING  stats fetch failed: timed out
2026-09-24T10:47:10Z  WARNING  thresholds fetch failed: timed out
2026-09-24T10:47:10Z  WARNING  stats fetch failed: timed out
2026-09-24T10:47:15Z  WARNING  thresholds fetch failed: timed out
2026-09-24T10:47:15Z  WARNING  stats fetch failed: timed out
2026-09-24T10:47:20Z  WARNING  thresholds fetch failed: timed out
2026-09-24T10:47:20Z  WARNING  stats fetch failed: timed out
2026-09-24T10:47:25Z  WARNING  thresholds fetch failed: timed out
2026-09-24T10:47:25Z  WARNING  stats fetch failed: timed out
2026-09-24T10:47:30Z  WARNING  thresholds fetch failed: timed out
2026-09-24T10:47:30Z  WARNING  stats fetch failed: timed out
2026-09-24T10:47:35Z  WARNING  thresholds fetch failed: timed out
2026-09-24T10:47:35Z  WARNING  stats fetch failed: timed out
2026-09-24T10:47:40Z  WARNING  thresholds fetch failed: timed out
2026-09-24T10:47:40Z  WARNING  stats fetch failed: timed out
2026-09-24T10:47:45Z  WARNING  thresholds fetch failed: timed out
2026-09-24T10:47:45Z  WARNING  stats fetch failed: timed out
2026-09-24T10:47:50Z  WARNING  thresholds fetch failed: timed out
2026-09-24T10:47:50Z  WARNING  stats fetch failed: timed out
2026-09-24T10:47:55Z  WARNING  thresholds fetch failed: timed out
2026-09-24T10:47:55Z  WARNING  stats fetch failed: timed out
2026-09-24T10:48:00Z  WARNING  thresholds fetch failed: timed out
2026-09-24T10:48:00Z  WARNING  stats fetch failed: timed out
2026-09-24T10:48:05Z  WARNING  thresholds fetch failed: timed out
2026-09-24T10:48:05Z  WARNING  stats fetch failed: timed out
2026-09-24T10:48:10Z  WARNING  thresholds fetch failed: timed out
2026-09-24T10:48:10Z  WARNING  stats fetch failed: timed out
2026-09-24T10:48:15Z  WARNING  thresholds fetch failed: timed out
2026-09-24T10:48:15Z  WARNING  stats fetch failed: timed out
2026-09-24T10:48:20Z  WARNING  thresholds fetch failed: timed out
2026-09-24T10:48:20Z  WARNING  stats fetch failed: timed out
2026-09-24T10:48:25Z  WARNING  thresholds fetch failed: timed out
2026-09-24T10:48:25Z  WARNING  stats fetch failed: timed out
2026-09-24T10:48:30Z  WARNING  thresholds fetch failed: timed out
2026-09-24T10:48:30Z  WARNING  stats fetch failed: timed out
2026-09-24T10:48:35Z  WARNING  thresholds fetch failed: timed out
2026-09-24T10:48:35Z  WARNING  stats fetch failed: timed out
2026-09-24T10:48:40Z  WARNING  thresholds fetch failed: timed out
2026-09-24T10:48:40Z  WARNING  stats fetch failed: timed out
2026-09-24T10:48:45Z  WARNING  thresholds fetch failed: timed out
2026-09-24T10:48:45Z  WARNING  stats fetch failed: timed out
2026-09-24T10:48:50Z  WARNING  thresholds fetch failed: timed out
2026-09-24T10:48:50Z  WARNING  stats fetch failed: timed out
2026-09-24T10:48:55Z  WARNING  thresholds fetch failed: timed out
2026-09-24T10:48:55Z  WARNING  stats fetch failed: timed out
2026-09-24T10:49:00Z  WARNING  thresholds fetch failed: timed out
2026-09-24T10:49:00Z  WARNING  stats fetch failed: timed out
2026-09-24T10:49:05Z  WARNING  thresholds fetch failed: timed out
2026-09-24T10:49:05Z  WARNING  stats fetch failed: timed out
2026-09-24T10:49:10Z  WARNING  thresholds fetch failed: timed out
2026-09-24T10:49:10Z  WARNING  stats fetch failed: timed out
2026-09-24T10:49:15Z  WARNING  thresholds fetch failed: timed out
2026-09-24T10:49:15Z  WARNING  stats fetch failed: timed out
2026-09-24T10:49:20Z  WARNING  thresholds fetch failed: timed out
2026-09-24T10:49:20Z  WARNING  stats fetch failed: timed out
2026-09-24T10:49:25Z  WARNING  thresholds fetch failed: timed out
2026-09-24T10:49:25Z  WARNING  stats fetch failed: timed out
2026-09-24T10:49:30Z  WARNING  thresholds fetch failed: timed out
2026-09-24T10:49:30Z  WARNING  stats fetch failed: timed out
2026-09-24T10:49:35Z  WARNING  thresholds fetch failed: timed out
2026-09-24T10:49:35Z  WARNING  stats fetch failed: timed out
2026-09-24T10:49:40Z  WARNING  thresholds fetch failed: timed out
2026-09-24T10:49:40Z  WARNING  stats fetch failed: timed out
2026-09-24T10:49:45Z  WARNING  thresholds fetch failed: timed out
2026-09-24T10:49:45Z  WARNING  stats fetch failed: timed out
2026-09-24T10:49:50Z  WARNING  thresholds fetch failed: timed out
2026-09-24T10:49:50Z  WARNING  stats fetch failed: timed out
2026-09-24T10:49:55Z  WARNING  thresholds fetch failed: timed out
2026-09-24T10:49:55Z  WARNING  stats fetch failed: timed out
2026-09-24T10:50:00Z  WARNING  thresholds fetch failed: timed out
2026-09-24T10:50:00Z  WARNING  stats fetch failed: timed out
2026-09-24T10:50:05Z  WARNING  thresholds fetch failed: timed out
2026-09-24T10:50:05Z  WARNING  stats fetch failed: timed out
2026-09-24T10:50:08Z  SHUTDOWN  signal=15
2026-09-24T10:50:09Z  EXIT
