2026-09-05T13:03:53Z  WAITING  for metric_collector CSVs under /home/idozacharia/TopFull/TopFull_master/online_boutique_scripts/src/logs (timeout=60s)
2026-09-05T13:03:53Z  READY  found getproduct.csv
2026-09-05T13:03:53Z  START  threshold=0.20 window=30s disable_windows=2 re_enable_windows=2 services=['cartservice', 'checkoutservice', 'productcatalogservice']
2026-09-05T13:04:23Z  OBSERVE  cartservice  rejection=0.0526  low=1 high=0  state=ON
2026-09-05T13:04:23Z  OBSERVE  checkoutservice  rejection=0.5067  low=0 high=1  state=ON
2026-09-05T13:04:23Z  OBSERVE  productcatalogservice  rejection=0.0294  low=1 high=0  state=ON
2026-09-05T13:04:53Z  OBSERVE  cartservice  rejection=0.2192  low=0 high=1  state=ON
2026-09-05T13:04:53Z  OBSERVE  checkoutservice  rejection=0.8592  low=0 high=2  state=ON
2026-09-05T13:04:53Z  checkoutservice  ON→OFF   rejection=0.86  consecutive_high=2  attempts=0
2026-09-05T13:04:53Z  OBSERVE  productcatalogservice  rejection=0.1555  low=2 high=0  state=ON
2026-09-05T13:05:23Z  OBSERVE  cartservice  rejection=0.5698  low=0 high=2  state=ON
2026-09-05T13:05:23Z  cartservice  ON→OFF   rejection=0.57  consecutive_high=2  attempts=0
2026-09-05T13:05:23Z  OBSERVE  checkoutservice  rejection=1.0000  low=0 high=3  state=OFF
2026-09-05T13:05:23Z  OBSERVE  productcatalogservice  rejection=0.4967  low=0 high=1  state=ON
2026-09-05T13:05:53Z  OBSERVE  cartservice  rejection=0.5232  low=0 high=3  state=OFF
2026-09-05T13:05:53Z  OBSERVE  checkoutservice  rejection=0.9923  low=0 high=4  state=OFF
2026-09-05T13:05:53Z  OBSERVE  productcatalogservice  rejection=0.4142  low=0 high=2  state=ON
2026-09-05T13:05:53Z  productcatalogservice  ON→OFF   rejection=0.41  consecutive_high=2  attempts=0
2026-09-05T13:06:23Z  OBSERVE  cartservice  rejection=0.5776  low=0 high=4  state=OFF
2026-09-05T13:06:23Z  OBSERVE  checkoutservice  rejection=0.9985  low=0 high=5  state=OFF
2026-09-05T13:06:23Z  OBSERVE  productcatalogservice  rejection=0.5561  low=0 high=3  state=OFF
2026-09-05T13:06:53Z  OBSERVE  cartservice  rejection=0.7672  low=0 high=5  state=OFF
2026-09-05T13:06:53Z  OBSERVE  checkoutservice  rejection=1.0000  low=0 high=6  state=OFF
2026-09-05T13:06:53Z  OBSERVE  productcatalogservice  rejection=0.8147  low=0 high=4  state=OFF
2026-09-05T13:07:23Z  OBSERVE  cartservice  rejection=0.9516  low=0 high=6  state=OFF
2026-09-05T13:07:23Z  OBSERVE  checkoutservice  rejection=0.9983  low=0 high=7  state=OFF
2026-09-05T13:07:23Z  OBSERVE  productcatalogservice  rejection=0.9697  low=0 high=5  state=OFF
2026-09-05T13:07:53Z  OBSERVE  cartservice  rejection=0.9308  low=0 high=7  state=OFF
2026-09-05T13:07:53Z  OBSERVE  checkoutservice  rejection=1.0000  low=0 high=8  state=OFF
2026-09-05T13:07:53Z  OBSERVE  productcatalogservice  rejection=0.9803  low=0 high=6  state=OFF
2026-09-05T13:08:23Z  OBSERVE  cartservice  rejection=0.8522  low=0 high=8  state=OFF
2026-09-05T13:08:23Z  OBSERVE  checkoutservice  rejection=0.9667  low=0 high=9  state=OFF
2026-09-05T13:08:23Z  OBSERVE  productcatalogservice  rejection=0.9300  low=0 high=7  state=OFF
2026-09-05T13:08:53Z  OBSERVE  cartservice  rejection=0.9077  low=0 high=9  state=OFF
2026-09-05T13:08:53Z  OBSERVE  checkoutservice  rejection=1.0000  low=0 high=10  state=OFF
2026-09-05T13:08:53Z  OBSERVE  productcatalogservice  rejection=0.9663  low=0 high=8  state=OFF
2026-09-05T13:09:24Z  OBSERVE  cartservice  rejection=0.9330  low=0 high=10  state=OFF
2026-09-05T13:09:24Z  OBSERVE  checkoutservice  rejection=1.0000  low=0 high=11  state=OFF
2026-09-05T13:09:24Z  OBSERVE  productcatalogservice  rejection=0.9813  low=0 high=9  state=OFF
2026-09-05T13:09:54Z  OBSERVE  cartservice  rejection=0.3570  low=0 high=11  state=OFF
2026-09-05T13:09:54Z  OBSERVE  checkoutservice  rejection=0.4051  low=0 high=12  state=OFF
2026-09-05T13:09:54Z  OBSERVE  productcatalogservice  rejection=0.3863  low=0 high=10  state=OFF
2026-09-05T13:10:24Z  OBSERVE  cartservice  rejection=0.0000  low=1 high=0  state=OFF
2026-09-05T13:10:24Z  OBSERVE  checkoutservice  rejection=0.0300  low=1 high=0  state=OFF
2026-09-05T13:10:24Z  OBSERVE  productcatalogservice  rejection=0.0000  low=1 high=0  state=OFF
2026-09-05T13:10:54Z  OBSERVE  cartservice  rejection=0.0000  low=2 high=0  state=OFF
2026-09-05T13:10:54Z  cartservice  OFF→ON   rejection=0.00  consecutive_low=2  attempts=3
2026-09-05T13:10:54Z  OBSERVE  checkoutservice  rejection=0.0098  low=2 high=0  state=OFF
2026-09-05T13:10:54Z  checkoutservice  OFF→ON   rejection=0.01  consecutive_low=2  attempts=3
2026-09-05T13:10:54Z  OBSERVE  productcatalogservice  rejection=0.0000  low=2 high=0  state=OFF
2026-09-05T13:10:54Z  productcatalogservice  OFF→ON   rejection=0.00  consecutive_low=2  attempts=3
2026-09-05T13:11:24Z  OBSERVE  cartservice  rejection=0.0000  low=3 high=0  state=ON
2026-09-05T13:11:24Z  OBSERVE  checkoutservice  rejection=0.0148  low=3 high=0  state=ON
2026-09-05T13:11:24Z  OBSERVE  productcatalogservice  rejection=0.0000  low=3 high=0  state=ON
2026-09-05T13:11:54Z  OBSERVE  cartservice  rejection=0.0000  low=4 high=0  state=ON
2026-09-05T13:11:54Z  OBSERVE  checkoutservice  rejection=0.0215  low=4 high=0  state=ON
2026-09-05T13:11:54Z  OBSERVE  productcatalogservice  rejection=0.0000  low=4 high=0  state=ON
2026-09-05T13:12:24Z  OBSERVE  cartservice  rejection=0.0000  low=5 high=0  state=ON
2026-09-05T13:12:24Z  OBSERVE  checkoutservice  rejection=0.0000  low=5 high=0  state=ON
2026-09-05T13:12:24Z  OBSERVE  productcatalogservice  rejection=0.0000  low=5 high=0  state=ON
2026-09-05T13:12:54Z  OBSERVE  cartservice  rejection=0.0000  low=6 high=0  state=ON
2026-09-05T13:12:54Z  OBSERVE  checkoutservice  rejection=0.0000  low=6 high=0  state=ON
2026-09-05T13:12:54Z  OBSERVE  productcatalogservice  rejection=0.0000  low=6 high=0  state=ON
2026-09-05T13:13:24Z  OBSERVE  cartservice  rejection=0.0000  low=7 high=0  state=ON
2026-09-05T13:13:24Z  OBSERVE  checkoutservice  rejection=0.0000  low=7 high=0  state=ON
2026-09-05T13:13:24Z  OBSERVE  productcatalogservice  rejection=0.0000  low=7 high=0  state=ON
2026-09-05T13:13:54Z  OBSERVE  cartservice  rejection=0.0000  low=8 high=0  state=ON
2026-09-05T13:13:54Z  OBSERVE  checkoutservice  rejection=0.0385  low=8 high=0  state=ON
2026-09-05T13:13:54Z  OBSERVE  productcatalogservice  rejection=0.0000  low=8 high=0  state=ON
2026-09-05T13:14:24Z  OBSERVE  cartservice  rejection=0.0000  low=9 high=0  state=ON
2026-09-05T13:14:24Z  OBSERVE  checkoutservice  rejection=0.0051  low=9 high=0  state=ON
2026-09-05T13:14:24Z  OBSERVE  productcatalogservice  rejection=0.0000  low=9 high=0  state=ON
2026-09-05T13:14:54Z  OBSERVE  cartservice  rejection=0.0000  low=10 high=0  state=ON
2026-09-05T13:14:54Z  OBSERVE  checkoutservice  rejection=0.0194  low=10 high=0  state=ON
2026-09-05T13:14:54Z  OBSERVE  productcatalogservice  rejection=0.0000  low=10 high=0  state=ON
2026-09-05T13:15:24Z  OBSERVE  cartservice  rejection=0.0000  low=11 high=0  state=ON
2026-09-05T13:15:24Z  OBSERVE  checkoutservice  rejection=0.0257  low=11 high=0  state=ON
2026-09-05T13:15:24Z  OBSERVE  productcatalogservice  rejection=0.0000  low=11 high=0  state=ON
2026-09-05T13:15:54Z  OBSERVE  cartservice  rejection=0.0000  low=12 high=0  state=ON
2026-09-05T13:15:54Z  OBSERVE  checkoutservice  rejection=0.0000  low=12 high=0  state=ON
2026-09-05T13:15:54Z  OBSERVE  productcatalogservice  rejection=0.0000  low=12 high=0  state=ON
2026-09-05T13:16:24Z  OBSERVE  cartservice  rejection=0.0000  low=13 high=0  state=ON
2026-09-05T13:16:24Z  OBSERVE  checkoutservice  rejection=0.0000  low=13 high=0  state=ON
2026-09-05T13:16:24Z  OBSERVE  productcatalogservice  rejection=0.0000  low=13 high=0  state=ON
2026-09-05T13:16:54Z  OBSERVE  cartservice  rejection=0.0000  low=14 high=0  state=ON
2026-09-05T13:16:54Z  OBSERVE  checkoutservice  rejection=0.0000  low=14 high=0  state=ON
2026-09-05T13:16:54Z  OBSERVE  productcatalogservice  rejection=0.0000  low=14 high=0  state=ON
2026-09-05T13:17:24Z  OBSERVE  cartservice  rejection=0.0000  low=15 high=0  state=ON
2026-09-05T13:17:24Z  OBSERVE  checkoutservice  rejection=0.0000  low=15 high=0  state=ON
2026-09-05T13:17:24Z  OBSERVE  productcatalogservice  rejection=0.0000  low=15 high=0  state=ON
2026-09-05T13:17:54Z  OBSERVE  cartservice  rejection=0.0000  low=16 high=0  state=ON
2026-09-05T13:17:54Z  OBSERVE  checkoutservice  rejection=0.0000  low=16 high=0  state=ON
2026-09-05T13:17:54Z  OBSERVE  productcatalogservice  rejection=0.0000  low=16 high=0  state=ON
2026-09-05T13:18:24Z  OBSERVE  cartservice  rejection=0.0000  low=17 high=0  state=ON
2026-09-05T13:18:24Z  OBSERVE  checkoutservice  rejection=0.0000  low=17 high=0  state=ON
2026-09-05T13:18:24Z  OBSERVE  productcatalogservice  rejection=0.0000  low=17 high=0  state=ON
2026-09-05T13:18:54Z  OBSERVE  cartservice  rejection=0.0000  low=18 high=0  state=ON
2026-09-05T13:18:54Z  OBSERVE  checkoutservice  rejection=0.0000  low=18 high=0  state=ON
2026-09-05T13:18:54Z  OBSERVE  productcatalogservice  rejection=0.0000  low=18 high=0  state=ON
2026-09-05T13:19:24Z  OBSERVE  cartservice  rejection=0.0000  low=19 high=0  state=ON
2026-09-05T13:19:24Z  OBSERVE  checkoutservice  rejection=0.0000  low=19 high=0  state=ON
2026-09-05T13:19:24Z  OBSERVE  productcatalogservice  rejection=0.0000  low=19 high=0  state=ON
2026-09-05T13:19:45Z  SHUTDOWN  signal=15
