2026-09-21T18:31:36Z  START  poll_interval=1s layer_a_poll_interval=5s
2026-09-21T18:32:20Z  WARNING  thresholds fetch failed: timed out
2026-09-21T18:32:20Z  WARNING  stats fetch failed: timed out
2026-09-21T18:32:25Z  WARNING  thresholds fetch failed: timed out
2026-09-21T18:32:25Z  WARNING  stats fetch failed: timed out
2026-09-21T18:32:30Z  WARNING  thresholds fetch failed: timed out
2026-09-21T18:32:30Z  WARNING  stats fetch failed: timed out
2026-09-21T18:32:35Z  WARNING  thresholds fetch failed: timed out
2026-09-21T18:32:35Z  WARNING  stats fetch failed: timed out
2026-09-21T18:32:40Z  WARNING  thresholds fetch failed: timed out
2026-09-21T18:32:40Z  WARNING  stats fetch failed: timed out
2026-09-21T18:32:45Z  WARNING  thresholds fetch failed: timed out
2026-09-21T18:32:45Z  WARNING  stats fetch failed: timed out
2026-09-21T18:32:50Z  WARNING  thresholds fetch failed: timed out
2026-09-21T18:32:50Z  WARNING  stats fetch failed: timed out
2026-09-21T18:32:55Z  WARNING  thresholds fetch failed: timed out
2026-09-21T18:32:55Z  WARNING  stats fetch failed: timed out
2026-09-21T18:33:00Z  WARNING  thresholds fetch failed: timed out
2026-09-21T18:33:00Z  WARNING  stats fetch failed: timed out
2026-09-21T18:33:05Z  WARNING  thresholds fetch failed: timed out
2026-09-21T18:33:05Z  WARNING  stats fetch failed: timed out
2026-09-21T18:33:10Z  WARNING  thresholds fetch failed: timed out
2026-09-21T18:33:10Z  WARNING  stats fetch failed: timed out
2026-09-21T18:33:15Z  WARNING  thresholds fetch failed: timed out
2026-09-21T18:33:15Z  WARNING  stats fetch failed: timed out
2026-09-21T18:33:20Z  WARNING  thresholds fetch failed: timed out
2026-09-21T18:33:20Z  WARNING  stats fetch failed: timed out
2026-09-21T18:33:25Z  WARNING  thresholds fetch failed: timed out
2026-09-21T18:33:25Z  WARNING  stats fetch failed: timed out
2026-09-21T18:33:30Z  WARNING  thresholds fetch failed: timed out
2026-09-21T18:33:30Z  WARNING  stats fetch failed: timed out
2026-09-21T18:33:35Z  WARNING  thresholds fetch failed: timed out
2026-09-21T18:33:35Z  WARNING  stats fetch failed: timed out
2026-09-21T18:33:40Z  WARNING  thresholds fetch failed: timed out
2026-09-21T18:33:40Z  WARNING  stats fetch failed: timed out
2026-09-21T18:33:45Z  WARNING  thresholds fetch failed: timed out
2026-09-21T18:33:45Z  WARNING  stats fetch failed: timed out
2026-09-21T18:33:50Z  WARNING  thresholds fetch failed: timed out
2026-09-21T18:33:50Z  WARNING  stats fetch failed: timed out
2026-09-21T18:33:55Z  WARNING  thresholds fetch failed: timed out
2026-09-21T18:33:55Z  WARNING  stats fetch failed: timed out
2026-09-21T18:34:00Z  WARNING  thresholds fetch failed: timed out
2026-09-21T18:34:00Z  WARNING  stats fetch failed: timed out
2026-09-21T18:34:05Z  WARNING  thresholds fetch failed: timed out
2026-09-21T18:34:05Z  WARNING  stats fetch failed: timed out
2026-09-21T18:34:10Z  WARNING  thresholds fetch failed: timed out
2026-09-21T18:34:10Z  WARNING  stats fetch failed: <urlopen error timed out>
2026-09-21T18:34:15Z  WARNING  thresholds fetch failed: timed out
2026-09-21T18:34:15Z  WARNING  stats fetch failed: timed out
2026-09-21T18:34:20Z  WARNING  thresholds fetch failed: timed out
2026-09-21T18:34:20Z  WARNING  stats fetch failed: timed out
2026-09-21T18:34:25Z  WARNING  thresholds fetch failed: timed out
2026-09-21T18:34:25Z  WARNING  stats fetch failed: timed out
2026-09-21T18:34:30Z  WARNING  thresholds fetch failed: timed out
2026-09-21T18:34:30Z  WARNING  stats fetch failed: timed out
2026-09-21T18:34:35Z  WARNING  thresholds fetch failed: timed out
2026-09-21T18:34:35Z  WARNING  stats fetch failed: timed out
2026-09-21T18:34:40Z  WARNING  thresholds fetch failed: timed out
2026-09-21T18:34:40Z  WARNING  stats fetch failed: timed out
2026-09-21T18:34:45Z  WARNING  thresholds fetch failed: timed out
2026-09-21T18:34:45Z  WARNING  stats fetch failed: timed out
2026-09-21T18:34:50Z  WARNING  thresholds fetch failed: timed out
2026-09-21T18:34:50Z  WARNING  stats fetch failed: timed out
2026-09-21T18:34:55Z  WARNING  thresholds fetch failed: timed out
2026-09-21T18:34:55Z  WARNING  stats fetch failed: timed out
2026-09-21T18:35:00Z  WARNING  thresholds fetch failed: timed out
2026-09-21T18:35:00Z  WARNING  stats fetch failed: timed out
2026-09-21T18:35:05Z  WARNING  thresholds fetch failed: timed out
2026-09-21T18:35:05Z  WARNING  stats fetch failed: timed out
2026-09-21T18:35:10Z  WARNING  thresholds fetch failed: timed out
2026-09-21T18:35:10Z  WARNING  stats fetch failed: timed out
2026-09-21T18:35:15Z  WARNING  thresholds fetch failed: timed out
2026-09-21T18:35:15Z  WARNING  stats fetch failed: timed out
2026-09-21T18:35:20Z  WARNING  thresholds fetch failed: timed out
2026-09-21T18:35:20Z  WARNING  stats fetch failed: timed out
2026-09-21T18:35:25Z  WARNING  thresholds fetch failed: timed out
2026-09-21T18:35:25Z  WARNING  stats fetch failed: timed out
2026-09-21T18:35:30Z  WARNING  thresholds fetch failed: timed out
2026-09-21T18:35:30Z  WARNING  stats fetch failed: timed out
2026-09-21T18:35:35Z  WARNING  thresholds fetch failed: timed out
2026-09-21T18:35:35Z  WARNING  stats fetch failed: timed out
2026-09-21T18:35:40Z  WARNING  thresholds fetch failed: timed out
2026-09-21T18:35:40Z  WARNING  stats fetch failed: timed out
2026-09-21T18:35:45Z  WARNING  thresholds fetch failed: timed out
2026-09-21T18:35:45Z  WARNING  stats fetch failed: timed out
2026-09-21T18:35:50Z  WARNING  thresholds fetch failed: timed out
2026-09-21T18:35:50Z  WARNING  stats fetch failed: timed out
2026-09-21T18:35:55Z  WARNING  thresholds fetch failed: timed out
2026-09-21T18:35:55Z  WARNING  stats fetch failed: timed out
2026-09-21T18:36:00Z  WARNING  thresholds fetch failed: timed out
2026-09-21T18:36:00Z  WARNING  stats fetch failed: timed out
2026-09-21T18:36:05Z  WARNING  thresholds fetch failed: timed out
2026-09-21T18:36:05Z  WARNING  stats fetch failed: timed out
2026-09-21T18:36:10Z  WARNING  thresholds fetch failed: timed out
2026-09-21T18:36:10Z  WARNING  stats fetch failed: timed out
2026-09-21T18:36:15Z  WARNING  thresholds fetch failed: timed out
2026-09-21T18:36:15Z  WARNING  stats fetch failed: timed out
2026-09-21T18:36:20Z  WARNING  thresholds fetch failed: timed out
2026-09-21T18:36:20Z  WARNING  stats fetch failed: timed out
2026-09-21T18:36:25Z  WARNING  thresholds fetch failed: timed out
2026-09-21T18:36:25Z  WARNING  stats fetch failed: timed out
2026-09-21T18:36:30Z  WARNING  thresholds fetch failed: timed out
2026-09-21T18:36:30Z  WARNING  stats fetch failed: timed out
2026-09-21T18:36:35Z  WARNING  thresholds fetch failed: timed out
2026-09-21T18:36:35Z  WARNING  stats fetch failed: timed out
2026-09-21T18:36:40Z  WARNING  thresholds fetch failed: timed out
2026-09-21T18:36:40Z  WARNING  stats fetch failed: timed out
2026-09-21T18:36:45Z  WARNING  thresholds fetch failed: timed out
2026-09-21T18:36:45Z  WARNING  stats fetch failed: timed out
2026-09-21T18:36:50Z  WARNING  thresholds fetch failed: timed out
2026-09-21T18:36:50Z  WARNING  stats fetch failed: timed out
2026-09-21T18:36:55Z  WARNING  thresholds fetch failed: timed out
2026-09-21T18:36:55Z  WARNING  stats fetch failed: timed out
2026-09-21T18:37:00Z  WARNING  thresholds fetch failed: timed out
2026-09-21T18:37:00Z  WARNING  stats fetch failed: timed out
2026-09-21T18:37:05Z  WARNING  thresholds fetch failed: timed out
2026-09-21T18:37:05Z  WARNING  stats fetch failed: timed out
2026-09-21T18:37:10Z  WARNING  thresholds fetch failed: timed out
2026-09-21T18:37:10Z  WARNING  stats fetch failed: timed out
2026-09-21T18:37:15Z  WARNING  thresholds fetch failed: timed out
2026-09-21T18:37:15Z  WARNING  stats fetch failed: timed out
2026-09-21T18:37:20Z  WARNING  thresholds fetch failed: timed out
2026-09-21T18:37:20Z  WARNING  stats fetch failed: timed out
2026-09-21T18:37:25Z  WARNING  thresholds fetch failed: timed out
2026-09-21T18:37:25Z  WARNING  stats fetch failed: timed out
2026-09-21T18:37:30Z  WARNING  thresholds fetch failed: timed out
2026-09-21T18:37:30Z  WARNING  stats fetch failed: timed out
2026-09-21T18:37:35Z  WARNING  thresholds fetch failed: timed out
2026-09-21T18:37:35Z  WARNING  stats fetch failed: timed out
2026-09-21T18:37:40Z  WARNING  thresholds fetch failed: timed out
2026-09-21T18:37:40Z  WARNING  stats fetch failed: timed out
2026-09-21T18:37:45Z  WARNING  thresholds fetch failed: timed out
2026-09-21T18:37:45Z  WARNING  stats fetch failed: timed out
2026-09-21T18:37:50Z  WARNING  thresholds fetch failed: timed out
2026-09-21T18:37:50Z  WARNING  stats fetch failed: timed out
2026-09-21T18:37:55Z  WARNING  thresholds fetch failed: timed out
2026-09-21T18:37:55Z  WARNING  stats fetch failed: timed out
2026-09-21T18:38:00Z  WARNING  thresholds fetch failed: timed out
2026-09-21T18:38:00Z  WARNING  stats fetch failed: timed out
2026-09-21T18:38:05Z  WARNING  thresholds fetch failed: timed out
2026-09-21T18:38:05Z  WARNING  stats fetch failed: timed out
2026-09-21T18:38:10Z  WARNING  thresholds fetch failed: timed out
2026-09-21T18:38:10Z  WARNING  stats fetch failed: timed out
2026-09-21T18:38:15Z  WARNING  thresholds fetch failed: timed out
2026-09-21T18:38:15Z  WARNING  stats fetch failed: timed out
2026-09-21T18:38:20Z  WARNING  thresholds fetch failed: timed out
2026-09-21T18:38:20Z  WARNING  stats fetch failed: timed out
2026-09-21T18:38:25Z  WARNING  thresholds fetch failed: timed out
2026-09-21T18:38:25Z  WARNING  stats fetch failed: timed out
2026-09-21T18:38:30Z  WARNING  thresholds fetch failed: timed out
2026-09-21T18:38:30Z  WARNING  stats fetch failed: timed out
2026-09-21T18:38:35Z  WARNING  thresholds fetch failed: timed out
2026-09-21T18:38:35Z  WARNING  stats fetch failed: timed out
2026-09-21T18:38:40Z  WARNING  thresholds fetch failed: timed out
2026-09-21T18:38:40Z  WARNING  stats fetch failed: timed out
2026-09-21T18:38:45Z  WARNING  thresholds fetch failed: timed out
2026-09-21T18:38:45Z  WARNING  stats fetch failed: timed out
2026-09-21T18:38:50Z  WARNING  thresholds fetch failed: timed out
2026-09-21T18:38:50Z  WARNING  stats fetch failed: timed out
2026-09-21T18:38:55Z  WARNING  thresholds fetch failed: timed out
2026-09-21T18:38:55Z  WARNING  stats fetch failed: timed out
2026-09-21T18:39:00Z  WARNING  thresholds fetch failed: timed out
2026-09-21T18:39:00Z  WARNING  stats fetch failed: timed out
2026-09-21T18:39:05Z  WARNING  thresholds fetch failed: timed out
2026-09-21T18:39:05Z  WARNING  stats fetch failed: timed out
2026-09-21T18:39:10Z  WARNING  thresholds fetch failed: timed out
2026-09-21T18:39:10Z  WARNING  stats fetch failed: timed out
2026-09-21T18:39:15Z  WARNING  thresholds fetch failed: timed out
2026-09-21T18:39:15Z  WARNING  stats fetch failed: timed out
2026-09-21T18:39:20Z  WARNING  thresholds fetch failed: timed out
2026-09-21T18:39:20Z  WARNING  stats fetch failed: timed out
2026-09-21T18:39:25Z  WARNING  thresholds fetch failed: timed out
2026-09-21T18:39:25Z  WARNING  stats fetch failed: timed out
2026-09-21T18:39:30Z  WARNING  thresholds fetch failed: timed out
2026-09-21T18:39:30Z  WARNING  stats fetch failed: timed out
2026-09-21T18:39:35Z  WARNING  thresholds fetch failed: timed out
2026-09-21T18:39:35Z  WARNING  stats fetch failed: timed out
2026-09-21T18:39:40Z  WARNING  thresholds fetch failed: timed out
2026-09-21T18:39:40Z  WARNING  stats fetch failed: timed out
2026-09-21T18:39:45Z  WARNING  thresholds fetch failed: timed out
2026-09-21T18:39:45Z  WARNING  stats fetch failed: timed out
2026-09-21T18:39:50Z  WARNING  thresholds fetch failed: timed out
2026-09-21T18:39:50Z  WARNING  stats fetch failed: timed out
2026-09-21T18:39:55Z  WARNING  thresholds fetch failed: timed out
2026-09-21T18:39:55Z  WARNING  stats fetch failed: timed out
2026-09-21T18:40:00Z  WARNING  thresholds fetch failed: timed out
2026-09-21T18:40:00Z  WARNING  stats fetch failed: timed out
2026-09-21T18:40:05Z  WARNING  thresholds fetch failed: timed out
2026-09-21T18:40:05Z  WARNING  stats fetch failed: timed out
2026-09-21T18:40:10Z  WARNING  thresholds fetch failed: timed out
2026-09-21T18:40:10Z  WARNING  stats fetch failed: timed out
2026-09-21T18:40:15Z  WARNING  thresholds fetch failed: timed out
2026-09-21T18:40:15Z  WARNING  stats fetch failed: timed out
2026-09-21T18:40:20Z  WARNING  thresholds fetch failed: timed out
2026-09-21T18:40:20Z  WARNING  stats fetch failed: timed out
2026-09-21T18:40:25Z  WARNING  thresholds fetch failed: timed out
2026-09-21T18:40:25Z  WARNING  stats fetch failed: timed out
2026-09-21T18:40:30Z  WARNING  thresholds fetch failed: timed out
2026-09-21T18:40:30Z  WARNING  stats fetch failed: timed out
2026-09-21T18:40:35Z  WARNING  thresholds fetch failed: timed out
2026-09-21T18:40:35Z  WARNING  stats fetch failed: timed out
2026-09-21T18:40:40Z  WARNING  thresholds fetch failed: timed out
2026-09-21T18:40:40Z  WARNING  stats fetch failed: timed out
2026-09-21T18:40:45Z  WARNING  thresholds fetch failed: timed out
2026-09-21T18:40:45Z  WARNING  stats fetch failed: timed out
2026-09-21T18:40:50Z  WARNING  thresholds fetch failed: timed out
2026-09-21T18:40:50Z  WARNING  stats fetch failed: timed out
2026-09-21T18:40:55Z  WARNING  thresholds fetch failed: timed out
2026-09-21T18:40:55Z  WARNING  stats fetch failed: timed out
2026-09-21T18:41:00Z  WARNING  thresholds fetch failed: timed out
2026-09-21T18:41:00Z  WARNING  stats fetch failed: timed out
2026-09-21T18:41:05Z  WARNING  thresholds fetch failed: timed out
2026-09-21T18:41:05Z  WARNING  stats fetch failed: timed out
2026-09-21T18:41:10Z  WARNING  thresholds fetch failed: timed out
2026-09-21T18:41:10Z  WARNING  stats fetch failed: timed out
2026-09-21T18:41:15Z  WARNING  thresholds fetch failed: timed out
2026-09-21T18:41:15Z  WARNING  stats fetch failed: timed out
2026-09-21T18:41:20Z  WARNING  thresholds fetch failed: timed out
2026-09-21T18:41:20Z  WARNING  stats fetch failed: timed out
2026-09-21T18:41:25Z  WARNING  thresholds fetch failed: timed out
2026-09-21T18:41:25Z  WARNING  stats fetch failed: timed out
2026-09-21T18:41:30Z  WARNING  thresholds fetch failed: timed out
2026-09-21T18:41:30Z  WARNING  stats fetch failed: timed out
2026-09-21T18:41:35Z  WARNING  thresholds fetch failed: timed out
2026-09-21T18:41:35Z  WARNING  stats fetch failed: timed out
2026-09-21T18:41:40Z  WARNING  thresholds fetch failed: timed out
2026-09-21T18:41:40Z  WARNING  stats fetch failed: timed out
2026-09-21T18:41:45Z  WARNING  thresholds fetch failed: timed out
2026-09-21T18:41:45Z  WARNING  stats fetch failed: timed out
2026-09-21T18:41:50Z  WARNING  thresholds fetch failed: timed out
2026-09-21T18:41:50Z  WARNING  stats fetch failed: timed out
2026-09-21T18:41:55Z  WARNING  thresholds fetch failed: timed out
2026-09-21T18:41:55Z  WARNING  stats fetch failed: timed out
2026-09-21T18:42:00Z  WARNING  thresholds fetch failed: timed out
2026-09-21T18:42:00Z  WARNING  stats fetch failed: timed out
2026-09-21T18:42:06Z  SHUTDOWN  signal=15
2026-09-21T18:42:07Z  EXIT
