2026-09-15T10:45:54Z  START  poll_interval=1s layer_a_poll_interval=5s
2026-09-15T10:46:55Z  WARNING  thresholds fetch failed: timed out
2026-09-15T10:46:55Z  WARNING  stats fetch failed: timed out
2026-09-15T10:47:00Z  WARNING  thresholds fetch failed: timed out
2026-09-15T10:47:00Z  WARNING  stats fetch failed: timed out
2026-09-15T10:47:05Z  WARNING  thresholds fetch failed: timed out
2026-09-15T10:47:05Z  WARNING  stats fetch failed: timed out
2026-09-15T10:47:10Z  WARNING  thresholds fetch failed: timed out
2026-09-15T10:47:10Z  WARNING  stats fetch failed: timed out
2026-09-15T10:47:15Z  WARNING  thresholds fetch failed: timed out
2026-09-15T10:47:15Z  WARNING  stats fetch failed: timed out
2026-09-15T10:47:20Z  WARNING  thresholds fetch failed: timed out
2026-09-15T10:47:20Z  WARNING  stats fetch failed: timed out
2026-09-15T10:47:25Z  WARNING  thresholds fetch failed: timed out
2026-09-15T10:47:25Z  WARNING  stats fetch failed: timed out
2026-09-15T10:47:30Z  WARNING  thresholds fetch failed: timed out
2026-09-15T10:47:30Z  WARNING  stats fetch failed: timed out
2026-09-15T10:47:35Z  WARNING  thresholds fetch failed: timed out
2026-09-15T10:47:35Z  WARNING  stats fetch failed: timed out
2026-09-15T10:47:40Z  WARNING  thresholds fetch failed: timed out
2026-09-15T10:47:40Z  WARNING  stats fetch failed: timed out
2026-09-15T10:47:45Z  WARNING  thresholds fetch failed: timed out
2026-09-15T10:47:45Z  WARNING  stats fetch failed: timed out
2026-09-15T10:47:50Z  WARNING  thresholds fetch failed: timed out
2026-09-15T10:47:50Z  WARNING  stats fetch failed: timed out
2026-09-15T10:47:55Z  WARNING  thresholds fetch failed: timed out
2026-09-15T10:47:55Z  WARNING  stats fetch failed: timed out
2026-09-15T10:48:00Z  WARNING  thresholds fetch failed: timed out
2026-09-15T10:48:00Z  WARNING  stats fetch failed: timed out
2026-09-15T10:48:05Z  WARNING  thresholds fetch failed: timed out
2026-09-15T10:48:05Z  WARNING  stats fetch failed: timed out
2026-09-15T10:48:10Z  WARNING  thresholds fetch failed: timed out
2026-09-15T10:48:10Z  WARNING  stats fetch failed: timed out
2026-09-15T10:48:15Z  WARNING  thresholds fetch failed: timed out
2026-09-15T10:48:15Z  WARNING  stats fetch failed: timed out
2026-09-15T10:48:20Z  WARNING  thresholds fetch failed: timed out
2026-09-15T10:48:20Z  WARNING  stats fetch failed: timed out
2026-09-15T10:48:25Z  WARNING  thresholds fetch failed: timed out
2026-09-15T10:48:25Z  WARNING  stats fetch failed: timed out
2026-09-15T10:48:30Z  WARNING  thresholds fetch failed: timed out
2026-09-15T10:48:30Z  WARNING  stats fetch failed: timed out
2026-09-15T10:48:35Z  WARNING  thresholds fetch failed: timed out
2026-09-15T10:48:35Z  WARNING  stats fetch failed: timed out
2026-09-15T10:48:40Z  WARNING  thresholds fetch failed: timed out
2026-09-15T10:48:40Z  WARNING  stats fetch failed: timed out
2026-09-15T10:48:45Z  WARNING  thresholds fetch failed: timed out
2026-09-15T10:48:45Z  WARNING  stats fetch failed: timed out
2026-09-15T10:48:50Z  WARNING  thresholds fetch failed: timed out
2026-09-15T10:48:50Z  WARNING  stats fetch failed: timed out
2026-09-15T10:48:55Z  WARNING  thresholds fetch failed: timed out
2026-09-15T10:48:55Z  WARNING  stats fetch failed: timed out
2026-09-15T10:49:00Z  WARNING  thresholds fetch failed: timed out
2026-09-15T10:49:00Z  WARNING  stats fetch failed: timed out
2026-09-15T10:49:05Z  WARNING  thresholds fetch failed: timed out
2026-09-15T10:49:05Z  WARNING  stats fetch failed: timed out
2026-09-15T10:49:10Z  WARNING  thresholds fetch failed: timed out
2026-09-15T10:49:10Z  WARNING  stats fetch failed: timed out
2026-09-15T10:49:15Z  WARNING  thresholds fetch failed: timed out
2026-09-15T10:49:15Z  WARNING  stats fetch failed: timed out
2026-09-15T10:49:20Z  WARNING  thresholds fetch failed: timed out
2026-09-15T10:49:20Z  WARNING  stats fetch failed: timed out
2026-09-15T10:49:25Z  WARNING  thresholds fetch failed: timed out
2026-09-15T10:49:25Z  WARNING  stats fetch failed: timed out
2026-09-15T10:49:30Z  WARNING  thresholds fetch failed: timed out
2026-09-15T10:49:30Z  WARNING  stats fetch failed: timed out
2026-09-15T10:49:35Z  WARNING  thresholds fetch failed: timed out
2026-09-15T10:49:35Z  WARNING  stats fetch failed: timed out
2026-09-15T10:49:40Z  WARNING  thresholds fetch failed: timed out
2026-09-15T10:49:40Z  WARNING  stats fetch failed: timed out
2026-09-15T10:49:45Z  WARNING  thresholds fetch failed: timed out
2026-09-15T10:49:45Z  WARNING  stats fetch failed: timed out
2026-09-15T10:49:50Z  WARNING  thresholds fetch failed: timed out
2026-09-15T10:49:50Z  WARNING  stats fetch failed: timed out
2026-09-15T10:49:55Z  WARNING  thresholds fetch failed: timed out
2026-09-15T10:49:55Z  WARNING  stats fetch failed: timed out
2026-09-15T10:50:00Z  WARNING  thresholds fetch failed: timed out
2026-09-15T10:50:00Z  WARNING  stats fetch failed: timed out
2026-09-15T10:50:05Z  WARNING  thresholds fetch failed: timed out
2026-09-15T10:50:05Z  WARNING  stats fetch failed: timed out
2026-09-15T10:50:10Z  WARNING  thresholds fetch failed: timed out
2026-09-15T10:50:10Z  WARNING  stats fetch failed: timed out
2026-09-15T10:50:15Z  WARNING  thresholds fetch failed: timed out
2026-09-15T10:50:15Z  WARNING  stats fetch failed: timed out
2026-09-15T10:50:20Z  WARNING  thresholds fetch failed: timed out
2026-09-15T10:50:20Z  WARNING  stats fetch failed: timed out
2026-09-15T10:50:25Z  WARNING  thresholds fetch failed: timed out
2026-09-15T10:50:25Z  WARNING  stats fetch failed: timed out
2026-09-15T10:50:30Z  WARNING  thresholds fetch failed: timed out
2026-09-15T10:50:30Z  WARNING  stats fetch failed: timed out
2026-09-15T10:50:35Z  WARNING  thresholds fetch failed: timed out
2026-09-15T10:50:35Z  WARNING  stats fetch failed: timed out
2026-09-15T10:50:40Z  WARNING  thresholds fetch failed: timed out
2026-09-15T10:50:40Z  WARNING  stats fetch failed: timed out
2026-09-15T10:50:45Z  WARNING  thresholds fetch failed: timed out
2026-09-15T10:50:45Z  WARNING  stats fetch failed: timed out
2026-09-15T10:50:50Z  WARNING  thresholds fetch failed: timed out
2026-09-15T10:50:50Z  WARNING  stats fetch failed: timed out
2026-09-15T10:50:55Z  WARNING  thresholds fetch failed: timed out
2026-09-15T10:50:55Z  WARNING  stats fetch failed: timed out
2026-09-15T10:51:00Z  WARNING  thresholds fetch failed: timed out
2026-09-15T10:51:00Z  WARNING  stats fetch failed: timed out
2026-09-15T10:51:05Z  WARNING  thresholds fetch failed: timed out
2026-09-15T10:51:05Z  WARNING  stats fetch failed: timed out
2026-09-15T10:51:10Z  WARNING  thresholds fetch failed: timed out
2026-09-15T10:51:10Z  WARNING  stats fetch failed: timed out
2026-09-15T10:51:15Z  WARNING  thresholds fetch failed: timed out
2026-09-15T10:51:15Z  WARNING  stats fetch failed: timed out
2026-09-15T10:51:20Z  WARNING  thresholds fetch failed: timed out
2026-09-15T10:51:20Z  WARNING  stats fetch failed: timed out
2026-09-15T10:51:25Z  WARNING  thresholds fetch failed: timed out
2026-09-15T10:51:25Z  WARNING  stats fetch failed: timed out
2026-09-15T10:51:30Z  WARNING  thresholds fetch failed: timed out
2026-09-15T10:51:30Z  WARNING  stats fetch failed: timed out
2026-09-15T10:51:35Z  WARNING  thresholds fetch failed: timed out
2026-09-15T10:51:35Z  WARNING  stats fetch failed: timed out
2026-09-15T10:51:40Z  WARNING  thresholds fetch failed: timed out
2026-09-15T10:51:40Z  WARNING  stats fetch failed: timed out
2026-09-15T10:51:45Z  WARNING  thresholds fetch failed: timed out
2026-09-15T10:51:45Z  WARNING  stats fetch failed: timed out
2026-09-15T10:51:50Z  WARNING  thresholds fetch failed: timed out
2026-09-15T10:51:50Z  WARNING  stats fetch failed: timed out
2026-09-15T10:51:55Z  WARNING  thresholds fetch failed: timed out
2026-09-15T10:51:55Z  WARNING  stats fetch failed: timed out
2026-09-15T10:52:00Z  WARNING  thresholds fetch failed: timed out
2026-09-15T10:52:00Z  WARNING  stats fetch failed: timed out
2026-09-15T10:52:05Z  WARNING  thresholds fetch failed: timed out
2026-09-15T10:52:05Z  WARNING  stats fetch failed: timed out
2026-09-15T10:52:10Z  WARNING  thresholds fetch failed: timed out
2026-09-15T10:52:10Z  WARNING  stats fetch failed: timed out
2026-09-15T10:52:15Z  WARNING  thresholds fetch failed: timed out
2026-09-15T10:52:15Z  WARNING  stats fetch failed: timed out
2026-09-15T10:52:20Z  WARNING  thresholds fetch failed: timed out
2026-09-15T10:52:20Z  WARNING  stats fetch failed: timed out
2026-09-15T10:52:25Z  WARNING  thresholds fetch failed: timed out
2026-09-15T10:52:25Z  WARNING  stats fetch failed: timed out
2026-09-15T10:52:30Z  WARNING  thresholds fetch failed: timed out
2026-09-15T10:52:30Z  WARNING  stats fetch failed: timed out
2026-09-15T10:52:35Z  WARNING  thresholds fetch failed: timed out
2026-09-15T10:52:35Z  WARNING  stats fetch failed: timed out
2026-09-15T10:52:40Z  WARNING  thresholds fetch failed: timed out
2026-09-15T10:52:40Z  WARNING  stats fetch failed: timed out
2026-09-15T10:52:45Z  WARNING  thresholds fetch failed: timed out
2026-09-15T10:52:45Z  WARNING  stats fetch failed: timed out
2026-09-15T10:52:50Z  WARNING  thresholds fetch failed: timed out
2026-09-15T10:52:50Z  WARNING  stats fetch failed: timed out
2026-09-15T10:52:55Z  WARNING  thresholds fetch failed: timed out
2026-09-15T10:52:55Z  WARNING  stats fetch failed: timed out
2026-09-15T10:53:00Z  WARNING  thresholds fetch failed: timed out
2026-09-15T10:53:00Z  WARNING  stats fetch failed: timed out
2026-09-15T10:53:05Z  WARNING  thresholds fetch failed: timed out
2026-09-15T10:53:05Z  WARNING  stats fetch failed: timed out
2026-09-15T10:53:10Z  WARNING  thresholds fetch failed: timed out
2026-09-15T10:53:10Z  WARNING  stats fetch failed: <urlopen error timed out>
2026-09-15T10:53:15Z  WARNING  thresholds fetch failed: timed out
2026-09-15T10:53:15Z  WARNING  stats fetch failed: timed out
2026-09-15T10:53:20Z  WARNING  thresholds fetch failed: timed out
2026-09-15T10:53:20Z  WARNING  stats fetch failed: timed out
2026-09-15T10:53:25Z  WARNING  thresholds fetch failed: timed out
2026-09-15T10:53:25Z  WARNING  stats fetch failed: timed out
2026-09-15T10:53:30Z  WARNING  thresholds fetch failed: timed out
2026-09-15T10:53:30Z  WARNING  stats fetch failed: timed out
2026-09-15T10:53:35Z  WARNING  thresholds fetch failed: timed out
2026-09-15T10:53:35Z  WARNING  stats fetch failed: timed out
2026-09-15T10:53:40Z  WARNING  thresholds fetch failed: timed out
2026-09-15T10:53:40Z  WARNING  stats fetch failed: timed out
2026-09-15T10:53:45Z  WARNING  thresholds fetch failed: timed out
2026-09-15T10:53:45Z  WARNING  stats fetch failed: timed out
2026-09-15T10:53:50Z  WARNING  thresholds fetch failed: timed out
2026-09-15T10:53:50Z  WARNING  stats fetch failed: timed out
2026-09-15T10:53:55Z  WARNING  thresholds fetch failed: timed out
2026-09-15T10:53:55Z  WARNING  stats fetch failed: timed out
2026-09-15T10:54:00Z  WARNING  thresholds fetch failed: timed out
2026-09-15T10:54:00Z  WARNING  stats fetch failed: timed out
2026-09-15T10:54:05Z  WARNING  thresholds fetch failed: timed out
2026-09-15T10:54:05Z  WARNING  stats fetch failed: timed out
2026-09-15T10:54:10Z  WARNING  thresholds fetch failed: timed out
2026-09-15T10:54:10Z  WARNING  stats fetch failed: timed out
2026-09-15T10:54:15Z  WARNING  thresholds fetch failed: timed out
2026-09-15T10:54:15Z  WARNING  stats fetch failed: timed out
2026-09-15T10:54:20Z  WARNING  thresholds fetch failed: timed out
2026-09-15T10:54:20Z  WARNING  stats fetch failed: timed out
2026-09-15T10:54:25Z  WARNING  thresholds fetch failed: timed out
2026-09-15T10:54:25Z  WARNING  stats fetch failed: timed out
2026-09-15T10:54:30Z  WARNING  thresholds fetch failed: timed out
2026-09-15T10:54:30Z  WARNING  stats fetch failed: timed out
2026-09-15T10:54:35Z  WARNING  thresholds fetch failed: timed out
2026-09-15T10:54:35Z  WARNING  stats fetch failed: timed out
2026-09-15T10:54:40Z  WARNING  thresholds fetch failed: timed out
2026-09-15T10:54:40Z  WARNING  stats fetch failed: timed out
2026-09-15T10:54:45Z  WARNING  thresholds fetch failed: timed out
2026-09-15T10:54:45Z  WARNING  stats fetch failed: timed out
2026-09-15T10:54:50Z  WARNING  thresholds fetch failed: timed out
2026-09-15T10:54:50Z  WARNING  stats fetch failed: timed out
2026-09-15T10:54:55Z  WARNING  thresholds fetch failed: timed out
2026-09-15T10:54:55Z  WARNING  stats fetch failed: timed out
2026-09-15T10:55:00Z  WARNING  thresholds fetch failed: timed out
2026-09-15T10:55:00Z  WARNING  stats fetch failed: timed out
2026-09-15T10:55:05Z  WARNING  thresholds fetch failed: timed out
2026-09-15T10:55:05Z  WARNING  stats fetch failed: timed out
2026-09-15T10:55:10Z  WARNING  thresholds fetch failed: timed out
2026-09-15T10:55:10Z  WARNING  stats fetch failed: timed out
2026-09-15T10:55:15Z  WARNING  thresholds fetch failed: timed out
2026-09-15T10:55:15Z  WARNING  stats fetch failed: timed out
2026-09-15T10:55:20Z  WARNING  thresholds fetch failed: timed out
2026-09-15T10:55:20Z  WARNING  stats fetch failed: timed out
2026-09-15T10:55:25Z  WARNING  thresholds fetch failed: timed out
2026-09-15T10:55:25Z  WARNING  stats fetch failed: timed out
2026-09-15T10:55:30Z  WARNING  thresholds fetch failed: timed out
2026-09-15T10:55:30Z  WARNING  stats fetch failed: timed out
2026-09-15T10:55:35Z  WARNING  thresholds fetch failed: timed out
2026-09-15T10:55:35Z  WARNING  stats fetch failed: timed out
2026-09-15T10:55:40Z  WARNING  thresholds fetch failed: timed out
2026-09-15T10:55:40Z  WARNING  stats fetch failed: timed out
2026-09-15T10:55:45Z  WARNING  thresholds fetch failed: timed out
2026-09-15T10:55:45Z  WARNING  stats fetch failed: timed out
2026-09-15T10:55:50Z  WARNING  thresholds fetch failed: timed out
2026-09-15T10:55:50Z  WARNING  stats fetch failed: timed out
2026-09-15T10:55:55Z  WARNING  thresholds fetch failed: timed out
2026-09-15T10:55:55Z  WARNING  stats fetch failed: timed out
2026-09-15T10:56:00Z  WARNING  thresholds fetch failed: timed out
2026-09-15T10:56:00Z  WARNING  stats fetch failed: <urlopen error timed out>
2026-09-15T10:56:05Z  WARNING  thresholds fetch failed: timed out
2026-09-15T10:56:05Z  WARNING  stats fetch failed: timed out
2026-09-15T10:56:10Z  WARNING  thresholds fetch failed: timed out
2026-09-15T10:56:10Z  WARNING  stats fetch failed: timed out
2026-09-15T10:56:15Z  WARNING  thresholds fetch failed: timed out
2026-09-15T10:56:15Z  WARNING  stats fetch failed: timed out
2026-09-15T10:56:20Z  WARNING  thresholds fetch failed: timed out
2026-09-15T10:56:20Z  WARNING  stats fetch failed: timed out
2026-09-15T10:56:23Z  SHUTDOWN  signal=15
2026-09-15T10:56:24Z  EXIT
