2026-09-13T13:53:07Z  START  poll_interval=1s layer_a_poll_interval=5s
2026-09-13T13:54:00Z  WARNING  thresholds fetch failed: timed out
2026-09-13T13:54:00Z  WARNING  stats fetch failed: timed out
2026-09-13T13:54:05Z  WARNING  thresholds fetch failed: timed out
2026-09-13T13:54:05Z  WARNING  stats fetch failed: timed out
2026-09-13T13:54:10Z  WARNING  thresholds fetch failed: timed out
2026-09-13T13:54:10Z  WARNING  stats fetch failed: timed out
2026-09-13T13:54:15Z  WARNING  thresholds fetch failed: timed out
2026-09-13T13:54:15Z  WARNING  stats fetch failed: timed out
2026-09-13T13:54:20Z  WARNING  thresholds fetch failed: timed out
2026-09-13T13:54:20Z  WARNING  stats fetch failed: timed out
2026-09-13T13:54:25Z  WARNING  thresholds fetch failed: timed out
2026-09-13T13:54:25Z  WARNING  stats fetch failed: timed out
2026-09-13T13:54:30Z  WARNING  thresholds fetch failed: timed out
2026-09-13T13:54:30Z  WARNING  stats fetch failed: timed out
2026-09-13T13:54:35Z  WARNING  thresholds fetch failed: timed out
2026-09-13T13:54:35Z  WARNING  stats fetch failed: timed out
2026-09-13T13:54:40Z  WARNING  thresholds fetch failed: timed out
2026-09-13T13:54:40Z  WARNING  stats fetch failed: timed out
2026-09-13T13:54:45Z  WARNING  thresholds fetch failed: timed out
2026-09-13T13:54:45Z  WARNING  stats fetch failed: timed out
2026-09-13T13:54:50Z  WARNING  thresholds fetch failed: timed out
2026-09-13T13:54:50Z  WARNING  stats fetch failed: timed out
2026-09-13T13:54:55Z  WARNING  thresholds fetch failed: timed out
2026-09-13T13:54:55Z  WARNING  stats fetch failed: timed out
2026-09-13T13:55:00Z  WARNING  thresholds fetch failed: timed out
2026-09-13T13:55:00Z  WARNING  stats fetch failed: timed out
2026-09-13T13:55:05Z  WARNING  thresholds fetch failed: timed out
2026-09-13T13:55:05Z  WARNING  stats fetch failed: timed out
2026-09-13T13:55:10Z  WARNING  thresholds fetch failed: timed out
2026-09-13T13:55:10Z  WARNING  stats fetch failed: timed out
2026-09-13T13:55:15Z  WARNING  thresholds fetch failed: timed out
2026-09-13T13:55:15Z  WARNING  stats fetch failed: timed out
2026-09-13T13:55:20Z  WARNING  thresholds fetch failed: timed out
2026-09-13T13:55:20Z  WARNING  stats fetch failed: timed out
2026-09-13T13:55:25Z  WARNING  thresholds fetch failed: timed out
2026-09-13T13:55:25Z  WARNING  stats fetch failed: timed out
2026-09-13T13:55:30Z  WARNING  thresholds fetch failed: timed out
2026-09-13T13:55:30Z  WARNING  stats fetch failed: timed out
2026-09-13T13:55:35Z  WARNING  thresholds fetch failed: timed out
2026-09-13T13:55:35Z  WARNING  stats fetch failed: timed out
2026-09-13T13:55:40Z  WARNING  thresholds fetch failed: timed out
2026-09-13T13:55:40Z  WARNING  stats fetch failed: timed out
2026-09-13T13:55:45Z  WARNING  thresholds fetch failed: timed out
2026-09-13T13:55:45Z  WARNING  stats fetch failed: timed out
2026-09-13T13:55:50Z  WARNING  thresholds fetch failed: timed out
2026-09-13T13:55:50Z  WARNING  stats fetch failed: timed out
2026-09-13T13:55:55Z  WARNING  thresholds fetch failed: timed out
2026-09-13T13:55:55Z  WARNING  stats fetch failed: timed out
2026-09-13T13:56:00Z  WARNING  thresholds fetch failed: timed out
2026-09-13T13:56:00Z  WARNING  stats fetch failed: timed out
2026-09-13T13:56:05Z  WARNING  thresholds fetch failed: timed out
2026-09-13T13:56:05Z  WARNING  stats fetch failed: timed out
2026-09-13T13:56:10Z  WARNING  thresholds fetch failed: timed out
2026-09-13T13:56:10Z  WARNING  stats fetch failed: timed out
2026-09-13T13:56:15Z  WARNING  thresholds fetch failed: timed out
2026-09-13T13:56:15Z  WARNING  stats fetch failed: timed out
2026-09-13T13:56:20Z  WARNING  thresholds fetch failed: timed out
2026-09-13T13:56:20Z  WARNING  stats fetch failed: timed out
2026-09-13T13:56:25Z  WARNING  thresholds fetch failed: timed out
2026-09-13T13:56:25Z  WARNING  stats fetch failed: timed out
2026-09-13T13:56:30Z  WARNING  thresholds fetch failed: timed out
2026-09-13T13:56:30Z  WARNING  stats fetch failed: timed out
2026-09-13T13:56:35Z  WARNING  thresholds fetch failed: timed out
2026-09-13T13:56:35Z  WARNING  stats fetch failed: timed out
2026-09-13T13:56:40Z  WARNING  thresholds fetch failed: timed out
2026-09-13T13:56:40Z  WARNING  stats fetch failed: <urlopen error timed out>
2026-09-13T13:56:45Z  WARNING  thresholds fetch failed: timed out
2026-09-13T13:56:45Z  WARNING  stats fetch failed: timed out
2026-09-13T13:56:50Z  WARNING  thresholds fetch failed: timed out
2026-09-13T13:56:50Z  WARNING  stats fetch failed: timed out
2026-09-13T13:56:55Z  WARNING  thresholds fetch failed: timed out
2026-09-13T13:56:55Z  WARNING  stats fetch failed: timed out
2026-09-13T13:57:00Z  WARNING  thresholds fetch failed: timed out
2026-09-13T13:57:00Z  WARNING  stats fetch failed: timed out
2026-09-13T13:57:05Z  WARNING  thresholds fetch failed: timed out
2026-09-13T13:57:05Z  WARNING  stats fetch failed: timed out
2026-09-13T13:57:10Z  WARNING  thresholds fetch failed: timed out
2026-09-13T13:57:10Z  WARNING  stats fetch failed: timed out
2026-09-13T13:57:15Z  WARNING  thresholds fetch failed: timed out
2026-09-13T13:57:15Z  WARNING  stats fetch failed: timed out
2026-09-13T13:57:20Z  WARNING  thresholds fetch failed: timed out
2026-09-13T13:57:20Z  WARNING  stats fetch failed: timed out
2026-09-13T13:57:25Z  WARNING  thresholds fetch failed: timed out
2026-09-13T13:57:25Z  WARNING  stats fetch failed: timed out
2026-09-13T13:57:30Z  WARNING  thresholds fetch failed: timed out
2026-09-13T13:57:30Z  WARNING  stats fetch failed: timed out
2026-09-13T13:57:35Z  WARNING  thresholds fetch failed: timed out
2026-09-13T13:57:35Z  WARNING  stats fetch failed: timed out
2026-09-13T13:57:40Z  WARNING  thresholds fetch failed: timed out
2026-09-13T13:57:40Z  WARNING  stats fetch failed: timed out
2026-09-13T13:57:45Z  WARNING  thresholds fetch failed: timed out
2026-09-13T13:57:45Z  WARNING  stats fetch failed: timed out
2026-09-13T13:57:50Z  WARNING  thresholds fetch failed: timed out
2026-09-13T13:57:50Z  WARNING  stats fetch failed: timed out
2026-09-13T13:57:55Z  WARNING  thresholds fetch failed: timed out
2026-09-13T13:57:55Z  WARNING  stats fetch failed: timed out
2026-09-13T13:58:00Z  WARNING  thresholds fetch failed: timed out
2026-09-13T13:58:00Z  WARNING  stats fetch failed: timed out
2026-09-13T13:58:05Z  WARNING  thresholds fetch failed: timed out
2026-09-13T13:58:05Z  WARNING  stats fetch failed: timed out
2026-09-13T13:58:10Z  WARNING  thresholds fetch failed: timed out
2026-09-13T13:58:10Z  WARNING  stats fetch failed: timed out
2026-09-13T13:58:15Z  WARNING  thresholds fetch failed: timed out
2026-09-13T13:58:15Z  WARNING  stats fetch failed: timed out
2026-09-13T13:58:20Z  WARNING  thresholds fetch failed: timed out
2026-09-13T13:58:20Z  WARNING  stats fetch failed: timed out
2026-09-13T13:58:25Z  WARNING  thresholds fetch failed: timed out
2026-09-13T13:58:25Z  WARNING  stats fetch failed: timed out
2026-09-13T13:58:30Z  WARNING  thresholds fetch failed: timed out
2026-09-13T13:58:30Z  WARNING  stats fetch failed: timed out
2026-09-13T13:58:35Z  WARNING  thresholds fetch failed: timed out
2026-09-13T13:58:35Z  WARNING  stats fetch failed: timed out
2026-09-13T13:58:40Z  WARNING  thresholds fetch failed: timed out
2026-09-13T13:58:40Z  WARNING  stats fetch failed: timed out
2026-09-13T13:58:45Z  WARNING  thresholds fetch failed: timed out
2026-09-13T13:58:45Z  WARNING  stats fetch failed: timed out
2026-09-13T13:58:50Z  WARNING  thresholds fetch failed: timed out
2026-09-13T13:58:50Z  WARNING  stats fetch failed: timed out
2026-09-13T13:58:55Z  WARNING  thresholds fetch failed: timed out
2026-09-13T13:58:55Z  WARNING  stats fetch failed: timed out
2026-09-13T13:59:00Z  WARNING  thresholds fetch failed: timed out
2026-09-13T13:59:00Z  WARNING  stats fetch failed: timed out
2026-09-13T13:59:05Z  WARNING  thresholds fetch failed: timed out
2026-09-13T13:59:05Z  WARNING  stats fetch failed: timed out
2026-09-13T13:59:10Z  WARNING  thresholds fetch failed: timed out
2026-09-13T13:59:10Z  WARNING  stats fetch failed: timed out
2026-09-13T13:59:15Z  WARNING  thresholds fetch failed: timed out
2026-09-13T13:59:15Z  WARNING  stats fetch failed: timed out
2026-09-13T13:59:20Z  WARNING  thresholds fetch failed: timed out
2026-09-13T13:59:20Z  WARNING  stats fetch failed: timed out
2026-09-13T13:59:25Z  WARNING  thresholds fetch failed: timed out
2026-09-13T13:59:25Z  WARNING  stats fetch failed: timed out
2026-09-13T13:59:30Z  WARNING  thresholds fetch failed: timed out
2026-09-13T13:59:30Z  WARNING  stats fetch failed: timed out
2026-09-13T13:59:35Z  WARNING  thresholds fetch failed: timed out
2026-09-13T13:59:35Z  WARNING  stats fetch failed: timed out
2026-09-13T13:59:40Z  WARNING  thresholds fetch failed: timed out
2026-09-13T13:59:40Z  WARNING  stats fetch failed: timed out
2026-09-13T13:59:45Z  WARNING  thresholds fetch failed: timed out
2026-09-13T13:59:45Z  WARNING  stats fetch failed: timed out
2026-09-13T13:59:50Z  WARNING  thresholds fetch failed: timed out
2026-09-13T13:59:50Z  WARNING  stats fetch failed: timed out
2026-09-13T13:59:55Z  WARNING  thresholds fetch failed: timed out
2026-09-13T13:59:55Z  WARNING  stats fetch failed: timed out
2026-09-13T14:00:00Z  WARNING  thresholds fetch failed: timed out
2026-09-13T14:00:00Z  WARNING  stats fetch failed: timed out
2026-09-13T14:00:05Z  WARNING  thresholds fetch failed: timed out
2026-09-13T14:00:05Z  WARNING  stats fetch failed: timed out
2026-09-13T14:00:10Z  WARNING  thresholds fetch failed: timed out
2026-09-13T14:00:10Z  WARNING  stats fetch failed: timed out
2026-09-13T14:00:15Z  WARNING  thresholds fetch failed: timed out
2026-09-13T14:00:15Z  WARNING  stats fetch failed: timed out
2026-09-13T14:00:20Z  WARNING  thresholds fetch failed: timed out
2026-09-13T14:00:20Z  WARNING  stats fetch failed: timed out
2026-09-13T14:00:25Z  WARNING  thresholds fetch failed: timed out
2026-09-13T14:00:25Z  WARNING  stats fetch failed: timed out
2026-09-13T14:00:30Z  WARNING  thresholds fetch failed: timed out
2026-09-13T14:00:30Z  WARNING  stats fetch failed: timed out
2026-09-13T14:00:35Z  WARNING  thresholds fetch failed: timed out
2026-09-13T14:00:35Z  WARNING  stats fetch failed: timed out
2026-09-13T14:00:40Z  WARNING  thresholds fetch failed: timed out
2026-09-13T14:00:40Z  WARNING  stats fetch failed: timed out
2026-09-13T14:00:45Z  WARNING  thresholds fetch failed: timed out
2026-09-13T14:00:45Z  WARNING  stats fetch failed: timed out
2026-09-13T14:00:50Z  WARNING  thresholds fetch failed: timed out
2026-09-13T14:00:50Z  WARNING  stats fetch failed: timed out
2026-09-13T14:00:55Z  WARNING  thresholds fetch failed: timed out
2026-09-13T14:00:55Z  WARNING  stats fetch failed: timed out
2026-09-13T14:01:00Z  WARNING  thresholds fetch failed: timed out
2026-09-13T14:01:00Z  WARNING  stats fetch failed: timed out
2026-09-13T14:01:05Z  WARNING  thresholds fetch failed: timed out
2026-09-13T14:01:05Z  WARNING  stats fetch failed: timed out
2026-09-13T14:01:10Z  WARNING  thresholds fetch failed: timed out
2026-09-13T14:01:10Z  WARNING  stats fetch failed: timed out
2026-09-13T14:01:15Z  WARNING  thresholds fetch failed: timed out
2026-09-13T14:01:15Z  WARNING  stats fetch failed: timed out
2026-09-13T14:01:20Z  WARNING  thresholds fetch failed: timed out
2026-09-13T14:01:20Z  WARNING  stats fetch failed: timed out
2026-09-13T14:01:25Z  WARNING  thresholds fetch failed: timed out
2026-09-13T14:01:25Z  WARNING  stats fetch failed: timed out
2026-09-13T14:01:30Z  WARNING  thresholds fetch failed: timed out
2026-09-13T14:01:30Z  WARNING  stats fetch failed: timed out
2026-09-13T14:01:35Z  WARNING  thresholds fetch failed: timed out
2026-09-13T14:01:35Z  WARNING  stats fetch failed: timed out
2026-09-13T14:01:40Z  WARNING  thresholds fetch failed: timed out
2026-09-13T14:01:40Z  WARNING  stats fetch failed: timed out
2026-09-13T14:01:45Z  WARNING  thresholds fetch failed: timed out
2026-09-13T14:01:45Z  WARNING  stats fetch failed: timed out
2026-09-13T14:01:50Z  WARNING  thresholds fetch failed: timed out
2026-09-13T14:01:50Z  WARNING  stats fetch failed: timed out
2026-09-13T14:01:55Z  WARNING  thresholds fetch failed: timed out
2026-09-13T14:01:55Z  WARNING  stats fetch failed: timed out
2026-09-13T14:02:00Z  WARNING  thresholds fetch failed: timed out
2026-09-13T14:02:00Z  WARNING  stats fetch failed: timed out
2026-09-13T14:02:05Z  WARNING  thresholds fetch failed: timed out
2026-09-13T14:02:05Z  WARNING  stats fetch failed: timed out
2026-09-13T14:02:10Z  WARNING  thresholds fetch failed: timed out
2026-09-13T14:02:10Z  WARNING  stats fetch failed: timed out
2026-09-13T14:02:15Z  WARNING  thresholds fetch failed: timed out
2026-09-13T14:02:15Z  WARNING  stats fetch failed: timed out
2026-09-13T14:02:20Z  WARNING  thresholds fetch failed: timed out
2026-09-13T14:02:20Z  WARNING  stats fetch failed: timed out
2026-09-13T14:02:25Z  WARNING  thresholds fetch failed: timed out
2026-09-13T14:02:25Z  WARNING  stats fetch failed: timed out
2026-09-13T14:02:30Z  WARNING  thresholds fetch failed: timed out
2026-09-13T14:02:30Z  WARNING  stats fetch failed: timed out
2026-09-13T14:02:35Z  WARNING  thresholds fetch failed: timed out
2026-09-13T14:02:35Z  WARNING  stats fetch failed: timed out
2026-09-13T14:02:40Z  WARNING  thresholds fetch failed: timed out
2026-09-13T14:02:40Z  WARNING  stats fetch failed: timed out
2026-09-13T14:02:45Z  WARNING  thresholds fetch failed: timed out
2026-09-13T14:02:45Z  WARNING  stats fetch failed: timed out
2026-09-13T14:02:50Z  WARNING  thresholds fetch failed: timed out
2026-09-13T14:02:50Z  WARNING  stats fetch failed: timed out
2026-09-13T14:02:55Z  WARNING  thresholds fetch failed: timed out
2026-09-13T14:02:55Z  WARNING  stats fetch failed: timed out
2026-09-13T14:03:00Z  WARNING  thresholds fetch failed: timed out
2026-09-13T14:03:00Z  WARNING  stats fetch failed: timed out
2026-09-13T14:03:05Z  WARNING  thresholds fetch failed: timed out
2026-09-13T14:03:05Z  WARNING  stats fetch failed: timed out
2026-09-13T14:03:10Z  WARNING  thresholds fetch failed: timed out
2026-09-13T14:03:10Z  WARNING  stats fetch failed: timed out
2026-09-13T14:03:15Z  WARNING  thresholds fetch failed: timed out
2026-09-13T14:03:15Z  WARNING  stats fetch failed: timed out
2026-09-13T14:03:20Z  WARNING  thresholds fetch failed: timed out
2026-09-13T14:03:20Z  WARNING  stats fetch failed: timed out
2026-09-13T14:03:25Z  WARNING  thresholds fetch failed: timed out
2026-09-13T14:03:25Z  WARNING  stats fetch failed: timed out
2026-09-13T14:03:30Z  WARNING  thresholds fetch failed: timed out
2026-09-13T14:03:30Z  WARNING  stats fetch failed: timed out
2026-09-13T14:03:37Z  SHUTDOWN  signal=15
2026-09-13T14:03:38Z  EXIT
