2026-10-08T00:18:11Z  START  poll_interval=1s layer_a_poll_interval=5s
2026-10-08T00:19:45Z  WARNING  thresholds fetch failed: timed out
2026-10-08T00:19:45Z  WARNING  stats fetch failed: timed out
2026-10-08T00:19:50Z  WARNING  thresholds fetch failed: timed out
2026-10-08T00:19:50Z  WARNING  stats fetch failed: timed out
2026-10-08T00:19:55Z  WARNING  thresholds fetch failed: timed out
2026-10-08T00:19:55Z  WARNING  stats fetch failed: timed out
2026-10-08T00:20:00Z  WARNING  thresholds fetch failed: timed out
2026-10-08T00:20:00Z  WARNING  stats fetch failed: timed out
2026-10-08T00:20:05Z  WARNING  thresholds fetch failed: timed out
2026-10-08T00:20:05Z  WARNING  stats fetch failed: timed out
2026-10-08T00:20:10Z  WARNING  thresholds fetch failed: timed out
2026-10-08T00:20:10Z  WARNING  stats fetch failed: timed out
2026-10-08T00:20:15Z  WARNING  thresholds fetch failed: timed out
2026-10-08T00:20:15Z  WARNING  stats fetch failed: timed out
2026-10-08T00:20:20Z  WARNING  thresholds fetch failed: timed out
2026-10-08T00:20:20Z  WARNING  stats fetch failed: timed out
2026-10-08T00:20:25Z  WARNING  thresholds fetch failed: timed out
2026-10-08T00:20:25Z  WARNING  stats fetch failed: timed out
2026-10-08T00:20:30Z  WARNING  thresholds fetch failed: timed out
2026-10-08T00:20:30Z  WARNING  stats fetch failed: timed out
2026-10-08T00:20:35Z  WARNING  thresholds fetch failed: timed out
2026-10-08T00:20:35Z  WARNING  stats fetch failed: timed out
2026-10-08T00:20:40Z  WARNING  thresholds fetch failed: timed out
2026-10-08T00:20:40Z  WARNING  stats fetch failed: timed out
2026-10-08T00:20:45Z  WARNING  thresholds fetch failed: timed out
2026-10-08T00:20:45Z  WARNING  stats fetch failed: timed out
2026-10-08T00:20:50Z  WARNING  thresholds fetch failed: timed out
2026-10-08T00:20:50Z  WARNING  stats fetch failed: timed out
2026-10-08T00:20:55Z  WARNING  thresholds fetch failed: timed out
2026-10-08T00:20:55Z  WARNING  stats fetch failed: timed out
2026-10-08T00:21:00Z  WARNING  thresholds fetch failed: timed out
2026-10-08T00:21:00Z  WARNING  stats fetch failed: timed out
2026-10-08T00:21:05Z  WARNING  thresholds fetch failed: timed out
2026-10-08T00:21:05Z  WARNING  stats fetch failed: timed out
2026-10-08T00:21:10Z  WARNING  thresholds fetch failed: timed out
2026-10-08T00:21:10Z  WARNING  stats fetch failed: timed out
2026-10-08T00:21:15Z  WARNING  thresholds fetch failed: timed out
2026-10-08T00:21:15Z  WARNING  stats fetch failed: timed out
2026-10-08T00:21:20Z  WARNING  thresholds fetch failed: timed out
2026-10-08T00:21:20Z  WARNING  stats fetch failed: timed out
2026-10-08T00:21:25Z  WARNING  thresholds fetch failed: timed out
2026-10-08T00:21:25Z  WARNING  stats fetch failed: timed out
2026-10-08T00:21:30Z  WARNING  thresholds fetch failed: timed out
2026-10-08T00:21:30Z  WARNING  stats fetch failed: timed out
2026-10-08T00:21:35Z  WARNING  thresholds fetch failed: timed out
2026-10-08T00:21:35Z  WARNING  stats fetch failed: timed out
2026-10-08T00:21:40Z  WARNING  thresholds fetch failed: timed out
2026-10-08T00:21:40Z  WARNING  stats fetch failed: timed out
2026-10-08T00:21:45Z  WARNING  thresholds fetch failed: timed out
2026-10-08T00:21:45Z  WARNING  stats fetch failed: timed out
2026-10-08T00:21:50Z  WARNING  thresholds fetch failed: timed out
2026-10-08T00:21:50Z  WARNING  stats fetch failed: timed out
2026-10-08T00:21:55Z  WARNING  thresholds fetch failed: timed out
2026-10-08T00:21:55Z  WARNING  stats fetch failed: timed out
2026-10-08T00:22:00Z  WARNING  thresholds fetch failed: timed out
2026-10-08T00:22:00Z  WARNING  stats fetch failed: timed out
2026-10-08T00:22:05Z  WARNING  thresholds fetch failed: timed out
2026-10-08T00:22:05Z  WARNING  stats fetch failed: timed out
2026-10-08T00:22:10Z  WARNING  thresholds fetch failed: timed out
2026-10-08T00:22:10Z  WARNING  stats fetch failed: timed out
2026-10-08T00:22:15Z  WARNING  thresholds fetch failed: timed out
2026-10-08T00:22:15Z  WARNING  stats fetch failed: timed out
2026-10-08T00:22:20Z  WARNING  thresholds fetch failed: timed out
2026-10-08T00:22:20Z  WARNING  stats fetch failed: timed out
2026-10-08T00:22:25Z  WARNING  thresholds fetch failed: timed out
2026-10-08T00:22:25Z  WARNING  stats fetch failed: timed out
2026-10-08T00:22:30Z  WARNING  thresholds fetch failed: timed out
2026-10-08T00:22:30Z  WARNING  stats fetch failed: timed out
2026-10-08T00:22:35Z  WARNING  thresholds fetch failed: timed out
2026-10-08T00:22:35Z  WARNING  stats fetch failed: timed out
2026-10-08T00:22:40Z  WARNING  thresholds fetch failed: timed out
2026-10-08T00:22:40Z  WARNING  stats fetch failed: timed out
2026-10-08T00:22:45Z  WARNING  thresholds fetch failed: timed out
2026-10-08T00:22:45Z  WARNING  stats fetch failed: timed out
2026-10-08T00:22:50Z  WARNING  thresholds fetch failed: timed out
2026-10-08T00:22:50Z  WARNING  stats fetch failed: timed out
2026-10-08T00:22:55Z  WARNING  thresholds fetch failed: timed out
2026-10-08T00:22:55Z  WARNING  stats fetch failed: timed out
2026-10-08T00:23:00Z  WARNING  thresholds fetch failed: timed out
2026-10-08T00:23:00Z  WARNING  stats fetch failed: timed out
2026-10-08T00:23:05Z  WARNING  thresholds fetch failed: timed out
2026-10-08T00:23:05Z  WARNING  stats fetch failed: timed out
2026-10-08T00:23:10Z  WARNING  thresholds fetch failed: timed out
2026-10-08T00:23:10Z  WARNING  stats fetch failed: timed out
2026-10-08T00:23:15Z  WARNING  thresholds fetch failed: timed out
2026-10-08T00:23:15Z  WARNING  stats fetch failed: timed out
2026-10-08T00:23:20Z  WARNING  thresholds fetch failed: timed out
2026-10-08T00:23:20Z  WARNING  stats fetch failed: timed out
2026-10-08T00:23:25Z  WARNING  thresholds fetch failed: timed out
2026-10-08T00:23:25Z  WARNING  stats fetch failed: timed out
2026-10-08T00:23:30Z  WARNING  thresholds fetch failed: timed out
2026-10-08T00:23:30Z  WARNING  stats fetch failed: timed out
2026-10-08T00:23:35Z  WARNING  thresholds fetch failed: timed out
2026-10-08T00:23:35Z  WARNING  stats fetch failed: timed out
2026-10-08T00:23:40Z  WARNING  thresholds fetch failed: timed out
2026-10-08T00:23:40Z  WARNING  stats fetch failed: timed out
2026-10-08T00:23:45Z  WARNING  thresholds fetch failed: timed out
2026-10-08T00:23:45Z  WARNING  stats fetch failed: timed out
2026-10-08T00:23:50Z  WARNING  thresholds fetch failed: timed out
2026-10-08T00:23:50Z  WARNING  stats fetch failed: timed out
2026-10-08T00:23:55Z  WARNING  thresholds fetch failed: timed out
2026-10-08T00:23:55Z  WARNING  stats fetch failed: timed out
2026-10-08T00:24:00Z  WARNING  thresholds fetch failed: timed out
2026-10-08T00:24:00Z  WARNING  stats fetch failed: timed out
2026-10-08T00:24:05Z  WARNING  thresholds fetch failed: timed out
2026-10-08T00:24:05Z  WARNING  stats fetch failed: timed out
2026-10-08T00:24:10Z  WARNING  thresholds fetch failed: timed out
2026-10-08T00:24:10Z  WARNING  stats fetch failed: timed out
2026-10-08T00:24:15Z  WARNING  thresholds fetch failed: timed out
2026-10-08T00:24:15Z  WARNING  stats fetch failed: timed out
2026-10-08T00:24:20Z  WARNING  thresholds fetch failed: timed out
2026-10-08T00:24:20Z  WARNING  stats fetch failed: timed out
2026-10-08T00:24:25Z  WARNING  thresholds fetch failed: timed out
2026-10-08T00:24:25Z  WARNING  stats fetch failed: timed out
2026-10-08T00:24:30Z  WARNING  thresholds fetch failed: timed out
2026-10-08T00:24:30Z  WARNING  stats fetch failed: timed out
2026-10-08T00:24:35Z  WARNING  thresholds fetch failed: timed out
2026-10-08T00:24:35Z  WARNING  stats fetch failed: timed out
2026-10-08T00:24:40Z  WARNING  thresholds fetch failed: timed out
2026-10-08T00:24:40Z  WARNING  stats fetch failed: timed out
2026-10-08T00:24:45Z  WARNING  thresholds fetch failed: timed out
2026-10-08T00:24:45Z  WARNING  stats fetch failed: timed out
2026-10-08T00:24:50Z  WARNING  thresholds fetch failed: timed out
2026-10-08T00:24:50Z  WARNING  stats fetch failed: timed out
2026-10-08T00:24:55Z  WARNING  thresholds fetch failed: timed out
2026-10-08T00:24:55Z  WARNING  stats fetch failed: timed out
2026-10-08T00:25:00Z  WARNING  thresholds fetch failed: timed out
2026-10-08T00:25:00Z  WARNING  stats fetch failed: timed out
2026-10-08T00:25:05Z  WARNING  thresholds fetch failed: timed out
2026-10-08T00:25:05Z  WARNING  stats fetch failed: timed out
2026-10-08T00:25:10Z  WARNING  thresholds fetch failed: timed out
2026-10-08T00:25:10Z  WARNING  stats fetch failed: timed out
2026-10-08T00:25:15Z  WARNING  thresholds fetch failed: timed out
2026-10-08T00:25:15Z  WARNING  stats fetch failed: timed out
2026-10-08T00:25:20Z  WARNING  thresholds fetch failed: timed out
2026-10-08T00:25:20Z  WARNING  stats fetch failed: timed out
2026-10-08T00:25:25Z  WARNING  thresholds fetch failed: timed out
2026-10-08T00:25:25Z  WARNING  stats fetch failed: timed out
2026-10-08T00:25:30Z  WARNING  thresholds fetch failed: timed out
2026-10-08T00:25:30Z  WARNING  stats fetch failed: timed out
2026-10-08T00:25:35Z  WARNING  thresholds fetch failed: timed out
2026-10-08T00:25:35Z  WARNING  stats fetch failed: timed out
2026-10-08T00:25:40Z  WARNING  thresholds fetch failed: timed out
2026-10-08T00:25:40Z  WARNING  stats fetch failed: timed out
2026-10-08T00:25:45Z  WARNING  thresholds fetch failed: timed out
2026-10-08T00:25:45Z  WARNING  stats fetch failed: timed out
2026-10-08T00:25:50Z  WARNING  thresholds fetch failed: timed out
2026-10-08T00:25:50Z  WARNING  stats fetch failed: timed out
2026-10-08T00:25:55Z  WARNING  thresholds fetch failed: timed out
2026-10-08T00:25:55Z  WARNING  stats fetch failed: timed out
2026-10-08T00:26:00Z  WARNING  thresholds fetch failed: timed out
2026-10-08T00:26:00Z  WARNING  stats fetch failed: timed out
2026-10-08T00:26:05Z  WARNING  thresholds fetch failed: timed out
2026-10-08T00:26:05Z  WARNING  stats fetch failed: timed out
2026-10-08T00:26:10Z  WARNING  thresholds fetch failed: timed out
2026-10-08T00:26:10Z  WARNING  stats fetch failed: timed out
2026-10-08T00:26:15Z  WARNING  thresholds fetch failed: timed out
2026-10-08T00:26:15Z  WARNING  stats fetch failed: timed out
2026-10-08T00:26:20Z  WARNING  thresholds fetch failed: timed out
2026-10-08T00:26:20Z  WARNING  stats fetch failed: timed out
2026-10-08T00:26:25Z  WARNING  thresholds fetch failed: timed out
2026-10-08T00:26:25Z  WARNING  stats fetch failed: timed out
2026-10-08T00:26:30Z  WARNING  thresholds fetch failed: timed out
2026-10-08T00:26:30Z  WARNING  stats fetch failed: timed out
2026-10-08T00:26:35Z  WARNING  thresholds fetch failed: timed out
2026-10-08T00:26:35Z  WARNING  stats fetch failed: timed out
2026-10-08T00:26:40Z  WARNING  thresholds fetch failed: timed out
2026-10-08T00:26:40Z  WARNING  stats fetch failed: timed out
2026-10-08T00:26:45Z  WARNING  thresholds fetch failed: timed out
2026-10-08T00:26:45Z  WARNING  stats fetch failed: timed out
2026-10-08T00:26:50Z  WARNING  thresholds fetch failed: timed out
2026-10-08T00:26:50Z  WARNING  stats fetch failed: timed out
2026-10-08T00:26:55Z  WARNING  thresholds fetch failed: timed out
2026-10-08T00:26:55Z  WARNING  stats fetch failed: timed out
2026-10-08T00:27:00Z  WARNING  thresholds fetch failed: timed out
2026-10-08T00:27:00Z  WARNING  stats fetch failed: timed out
2026-10-08T00:27:05Z  WARNING  thresholds fetch failed: timed out
2026-10-08T00:27:05Z  WARNING  stats fetch failed: timed out
2026-10-08T00:27:10Z  WARNING  thresholds fetch failed: timed out
2026-10-08T00:27:10Z  WARNING  stats fetch failed: timed out
2026-10-08T00:27:15Z  WARNING  thresholds fetch failed: timed out
2026-10-08T00:27:15Z  WARNING  stats fetch failed: timed out
2026-10-08T00:27:20Z  WARNING  thresholds fetch failed: timed out
2026-10-08T00:27:20Z  WARNING  stats fetch failed: timed out
2026-10-08T00:27:25Z  WARNING  thresholds fetch failed: timed out
2026-10-08T00:27:25Z  WARNING  stats fetch failed: timed out
2026-10-08T00:27:30Z  WARNING  thresholds fetch failed: timed out
2026-10-08T00:27:30Z  WARNING  stats fetch failed: timed out
2026-10-08T00:27:35Z  WARNING  thresholds fetch failed: timed out
2026-10-08T00:27:35Z  WARNING  stats fetch failed: timed out
2026-10-08T00:27:40Z  WARNING  thresholds fetch failed: timed out
2026-10-08T00:27:40Z  WARNING  stats fetch failed: timed out
2026-10-08T00:27:45Z  WARNING  thresholds fetch failed: timed out
2026-10-08T00:27:45Z  WARNING  stats fetch failed: timed out
2026-10-08T00:27:50Z  WARNING  thresholds fetch failed: timed out
2026-10-08T00:27:50Z  WARNING  stats fetch failed: timed out
2026-10-08T00:27:55Z  WARNING  thresholds fetch failed: timed out
2026-10-08T00:27:55Z  WARNING  stats fetch failed: timed out
2026-10-08T00:28:00Z  WARNING  thresholds fetch failed: timed out
2026-10-08T00:28:00Z  WARNING  stats fetch failed: timed out
2026-10-08T00:28:05Z  WARNING  thresholds fetch failed: timed out
2026-10-08T00:28:05Z  WARNING  stats fetch failed: timed out
2026-10-08T00:28:10Z  WARNING  thresholds fetch failed: timed out
2026-10-08T00:28:10Z  WARNING  stats fetch failed: timed out
2026-10-08T00:28:15Z  WARNING  thresholds fetch failed: timed out
2026-10-08T00:28:15Z  WARNING  stats fetch failed: timed out
2026-10-08T00:28:20Z  WARNING  thresholds fetch failed: timed out
2026-10-08T00:28:20Z  WARNING  stats fetch failed: timed out
2026-10-08T00:28:25Z  WARNING  thresholds fetch failed: timed out
2026-10-08T00:28:25Z  WARNING  stats fetch failed: timed out
2026-10-08T00:28:30Z  WARNING  thresholds fetch failed: timed out
2026-10-08T00:28:30Z  WARNING  stats fetch failed: timed out
2026-10-08T00:28:35Z  WARNING  thresholds fetch failed: timed out
2026-10-08T00:28:35Z  WARNING  stats fetch failed: timed out
2026-10-08T00:28:40Z  WARNING  thresholds fetch failed: timed out
2026-10-08T00:28:40Z  WARNING  stats fetch failed: timed out
2026-10-08T00:28:45Z  WARNING  thresholds fetch failed: timed out
2026-10-08T00:28:45Z  WARNING  stats fetch failed: timed out
2026-10-08T00:28:50Z  SHUTDOWN  signal=15
2026-10-08T00:28:50Z  EXIT
