2026-10-02T15:11:08Z  START  poll_interval=1s layer_a_poll_interval=5s
2026-10-02T15:13:00Z  WARNING  thresholds fetch failed: timed out
2026-10-02T15:13:00Z  WARNING  stats fetch failed: timed out
2026-10-02T15:13:05Z  WARNING  thresholds fetch failed: timed out
2026-10-02T15:13:05Z  WARNING  stats fetch failed: timed out
2026-10-02T15:13:10Z  WARNING  thresholds fetch failed: timed out
2026-10-02T15:13:10Z  WARNING  stats fetch failed: timed out
2026-10-02T15:13:15Z  WARNING  thresholds fetch failed: timed out
2026-10-02T15:13:15Z  WARNING  stats fetch failed: timed out
2026-10-02T15:13:20Z  WARNING  thresholds fetch failed: timed out
2026-10-02T15:13:20Z  WARNING  stats fetch failed: timed out
2026-10-02T15:13:25Z  WARNING  thresholds fetch failed: timed out
2026-10-02T15:13:25Z  WARNING  stats fetch failed: timed out
2026-10-02T15:13:30Z  WARNING  thresholds fetch failed: timed out
2026-10-02T15:13:30Z  WARNING  stats fetch failed: timed out
2026-10-02T15:13:35Z  WARNING  thresholds fetch failed: timed out
2026-10-02T15:13:35Z  WARNING  stats fetch failed: timed out
2026-10-02T15:13:40Z  WARNING  thresholds fetch failed: timed out
2026-10-02T15:13:40Z  WARNING  stats fetch failed: timed out
2026-10-02T15:13:45Z  WARNING  thresholds fetch failed: timed out
2026-10-02T15:13:45Z  WARNING  stats fetch failed: timed out
2026-10-02T15:13:50Z  WARNING  thresholds fetch failed: timed out
2026-10-02T15:13:50Z  WARNING  stats fetch failed: timed out
2026-10-02T15:13:55Z  WARNING  thresholds fetch failed: timed out
2026-10-02T15:13:55Z  WARNING  stats fetch failed: timed out
2026-10-02T15:14:00Z  WARNING  thresholds fetch failed: timed out
2026-10-02T15:14:00Z  WARNING  stats fetch failed: timed out
2026-10-02T15:14:05Z  WARNING  thresholds fetch failed: timed out
2026-10-02T15:14:05Z  WARNING  stats fetch failed: timed out
2026-10-02T15:14:10Z  WARNING  thresholds fetch failed: timed out
2026-10-02T15:14:10Z  WARNING  stats fetch failed: timed out
2026-10-02T15:14:15Z  WARNING  thresholds fetch failed: timed out
2026-10-02T15:14:15Z  WARNING  stats fetch failed: timed out
2026-10-02T15:14:20Z  WARNING  thresholds fetch failed: timed out
2026-10-02T15:14:20Z  WARNING  stats fetch failed: timed out
2026-10-02T15:14:25Z  WARNING  thresholds fetch failed: timed out
2026-10-02T15:14:25Z  WARNING  stats fetch failed: timed out
2026-10-02T15:14:30Z  WARNING  thresholds fetch failed: timed out
2026-10-02T15:14:30Z  WARNING  stats fetch failed: timed out
2026-10-02T15:14:35Z  WARNING  thresholds fetch failed: timed out
2026-10-02T15:14:35Z  WARNING  stats fetch failed: timed out
2026-10-02T15:14:40Z  WARNING  thresholds fetch failed: timed out
2026-10-02T15:14:40Z  WARNING  stats fetch failed: timed out
2026-10-02T15:14:45Z  WARNING  thresholds fetch failed: timed out
2026-10-02T15:14:45Z  WARNING  stats fetch failed: timed out
2026-10-02T15:14:50Z  WARNING  thresholds fetch failed: timed out
2026-10-02T15:14:50Z  WARNING  stats fetch failed: timed out
2026-10-02T15:14:55Z  WARNING  thresholds fetch failed: timed out
2026-10-02T15:14:55Z  WARNING  stats fetch failed: timed out
2026-10-02T15:15:00Z  WARNING  thresholds fetch failed: timed out
2026-10-02T15:15:00Z  WARNING  stats fetch failed: timed out
2026-10-02T15:15:05Z  WARNING  thresholds fetch failed: timed out
2026-10-02T15:15:05Z  WARNING  stats fetch failed: timed out
2026-10-02T15:15:10Z  WARNING  thresholds fetch failed: timed out
2026-10-02T15:15:10Z  WARNING  stats fetch failed: timed out
2026-10-02T15:15:15Z  WARNING  thresholds fetch failed: timed out
2026-10-02T15:15:15Z  WARNING  stats fetch failed: timed out
2026-10-02T15:15:20Z  WARNING  thresholds fetch failed: timed out
2026-10-02T15:15:20Z  WARNING  stats fetch failed: timed out
2026-10-02T15:15:25Z  WARNING  thresholds fetch failed: timed out
2026-10-02T15:15:25Z  WARNING  stats fetch failed: timed out
2026-10-02T15:15:30Z  WARNING  thresholds fetch failed: timed out
2026-10-02T15:15:30Z  WARNING  stats fetch failed: timed out
2026-10-02T15:15:35Z  WARNING  thresholds fetch failed: timed out
2026-10-02T15:15:35Z  WARNING  stats fetch failed: timed out
2026-10-02T15:15:40Z  WARNING  thresholds fetch failed: timed out
2026-10-02T15:15:40Z  WARNING  stats fetch failed: timed out
2026-10-02T15:15:45Z  WARNING  thresholds fetch failed: timed out
2026-10-02T15:15:45Z  WARNING  stats fetch failed: timed out
2026-10-02T15:15:50Z  WARNING  thresholds fetch failed: timed out
2026-10-02T15:15:50Z  WARNING  stats fetch failed: timed out
2026-10-02T15:15:55Z  WARNING  thresholds fetch failed: timed out
2026-10-02T15:15:55Z  WARNING  stats fetch failed: timed out
2026-10-02T15:16:00Z  WARNING  thresholds fetch failed: timed out
2026-10-02T15:16:00Z  WARNING  stats fetch failed: timed out
2026-10-02T15:16:05Z  WARNING  thresholds fetch failed: timed out
2026-10-02T15:16:05Z  WARNING  stats fetch failed: timed out
2026-10-02T15:16:10Z  WARNING  thresholds fetch failed: timed out
2026-10-02T15:16:10Z  WARNING  stats fetch failed: timed out
2026-10-02T15:16:15Z  WARNING  thresholds fetch failed: timed out
2026-10-02T15:16:15Z  WARNING  stats fetch failed: timed out
2026-10-02T15:16:20Z  WARNING  thresholds fetch failed: timed out
2026-10-02T15:16:20Z  WARNING  stats fetch failed: timed out
2026-10-02T15:16:25Z  WARNING  thresholds fetch failed: timed out
2026-10-02T15:16:25Z  WARNING  stats fetch failed: timed out
2026-10-02T15:16:30Z  WARNING  thresholds fetch failed: timed out
2026-10-02T15:16:30Z  WARNING  stats fetch failed: timed out
2026-10-02T15:16:35Z  WARNING  thresholds fetch failed: timed out
2026-10-02T15:16:35Z  WARNING  stats fetch failed: timed out
2026-10-02T15:16:40Z  WARNING  thresholds fetch failed: timed out
2026-10-02T15:16:40Z  WARNING  stats fetch failed: timed out
2026-10-02T15:16:45Z  WARNING  thresholds fetch failed: timed out
2026-10-02T15:16:45Z  WARNING  stats fetch failed: timed out
2026-10-02T15:16:50Z  WARNING  thresholds fetch failed: timed out
2026-10-02T15:16:50Z  WARNING  stats fetch failed: timed out
2026-10-02T15:16:55Z  WARNING  thresholds fetch failed: timed out
2026-10-02T15:16:55Z  WARNING  stats fetch failed: timed out
2026-10-02T15:17:00Z  WARNING  thresholds fetch failed: timed out
2026-10-02T15:17:00Z  WARNING  stats fetch failed: timed out
2026-10-02T15:17:05Z  WARNING  thresholds fetch failed: timed out
2026-10-02T15:17:05Z  WARNING  stats fetch failed: timed out
2026-10-02T15:17:10Z  WARNING  thresholds fetch failed: timed out
2026-10-02T15:17:10Z  WARNING  stats fetch failed: timed out
2026-10-02T15:17:15Z  WARNING  thresholds fetch failed: timed out
2026-10-02T15:17:15Z  WARNING  stats fetch failed: timed out
2026-10-02T15:17:20Z  WARNING  thresholds fetch failed: timed out
2026-10-02T15:17:20Z  WARNING  stats fetch failed: timed out
2026-10-02T15:17:25Z  WARNING  thresholds fetch failed: timed out
2026-10-02T15:17:25Z  WARNING  stats fetch failed: timed out
2026-10-02T15:17:30Z  WARNING  thresholds fetch failed: timed out
2026-10-02T15:17:30Z  WARNING  stats fetch failed: timed out
2026-10-02T15:17:35Z  WARNING  thresholds fetch failed: timed out
2026-10-02T15:17:35Z  WARNING  stats fetch failed: timed out
2026-10-02T15:17:40Z  WARNING  thresholds fetch failed: timed out
2026-10-02T15:17:40Z  WARNING  stats fetch failed: timed out
2026-10-02T15:17:45Z  WARNING  thresholds fetch failed: <urlopen error timed out>
2026-10-02T15:17:45Z  WARNING  stats fetch failed: <urlopen error timed out>
2026-10-02T15:17:50Z  WARNING  thresholds fetch failed: timed out
2026-10-02T15:17:50Z  WARNING  stats fetch failed: timed out
2026-10-02T15:17:55Z  WARNING  thresholds fetch failed: timed out
2026-10-02T15:17:55Z  WARNING  stats fetch failed: timed out
2026-10-02T15:18:00Z  WARNING  thresholds fetch failed: timed out
2026-10-02T15:18:00Z  WARNING  stats fetch failed: timed out
2026-10-02T15:18:05Z  WARNING  thresholds fetch failed: timed out
2026-10-02T15:18:05Z  WARNING  stats fetch failed: timed out
2026-10-02T15:18:10Z  WARNING  thresholds fetch failed: timed out
2026-10-02T15:18:10Z  WARNING  stats fetch failed: timed out
2026-10-02T15:18:15Z  WARNING  thresholds fetch failed: timed out
2026-10-02T15:18:15Z  WARNING  stats fetch failed: timed out
2026-10-02T15:18:20Z  WARNING  thresholds fetch failed: timed out
2026-10-02T15:18:20Z  WARNING  stats fetch failed: timed out
2026-10-02T15:18:25Z  WARNING  thresholds fetch failed: timed out
2026-10-02T15:18:25Z  WARNING  stats fetch failed: timed out
2026-10-02T15:18:30Z  WARNING  thresholds fetch failed: timed out
2026-10-02T15:18:30Z  WARNING  stats fetch failed: timed out
2026-10-02T15:18:35Z  WARNING  thresholds fetch failed: timed out
2026-10-02T15:18:35Z  WARNING  stats fetch failed: timed out
2026-10-02T15:18:40Z  WARNING  thresholds fetch failed: timed out
2026-10-02T15:18:40Z  WARNING  stats fetch failed: timed out
2026-10-02T15:18:45Z  WARNING  thresholds fetch failed: timed out
2026-10-02T15:18:45Z  WARNING  stats fetch failed: timed out
2026-10-02T15:18:50Z  WARNING  thresholds fetch failed: timed out
2026-10-02T15:18:50Z  WARNING  stats fetch failed: timed out
2026-10-02T15:18:55Z  WARNING  thresholds fetch failed: timed out
2026-10-02T15:18:55Z  WARNING  stats fetch failed: timed out
2026-10-02T15:19:00Z  WARNING  thresholds fetch failed: timed out
2026-10-02T15:19:00Z  WARNING  stats fetch failed: timed out
2026-10-02T15:19:05Z  WARNING  thresholds fetch failed: timed out
2026-10-02T15:19:05Z  WARNING  stats fetch failed: timed out
2026-10-02T15:19:10Z  WARNING  thresholds fetch failed: timed out
2026-10-02T15:19:10Z  WARNING  stats fetch failed: timed out
2026-10-02T15:19:15Z  WARNING  thresholds fetch failed: timed out
2026-10-02T15:19:15Z  WARNING  stats fetch failed: timed out
2026-10-02T15:19:20Z  WARNING  thresholds fetch failed: timed out
2026-10-02T15:19:20Z  WARNING  stats fetch failed: timed out
2026-10-02T15:19:25Z  WARNING  thresholds fetch failed: timed out
2026-10-02T15:19:25Z  WARNING  stats fetch failed: timed out
2026-10-02T15:19:30Z  WARNING  thresholds fetch failed: timed out
2026-10-02T15:19:30Z  WARNING  stats fetch failed: timed out
2026-10-02T15:19:35Z  WARNING  thresholds fetch failed: timed out
2026-10-02T15:19:35Z  WARNING  stats fetch failed: timed out
2026-10-02T15:19:40Z  WARNING  thresholds fetch failed: timed out
2026-10-02T15:19:40Z  WARNING  stats fetch failed: timed out
2026-10-02T15:19:45Z  WARNING  thresholds fetch failed: timed out
2026-10-02T15:19:45Z  WARNING  stats fetch failed: timed out
2026-10-02T15:19:50Z  WARNING  thresholds fetch failed: timed out
2026-10-02T15:19:50Z  WARNING  stats fetch failed: timed out
2026-10-02T15:19:55Z  WARNING  thresholds fetch failed: timed out
2026-10-02T15:19:55Z  WARNING  stats fetch failed: timed out
2026-10-02T15:20:00Z  WARNING  thresholds fetch failed: timed out
2026-10-02T15:20:00Z  WARNING  stats fetch failed: timed out
2026-10-02T15:20:05Z  WARNING  thresholds fetch failed: timed out
2026-10-02T15:20:05Z  WARNING  stats fetch failed: timed out
2026-10-02T15:20:10Z  WARNING  thresholds fetch failed: timed out
2026-10-02T15:20:10Z  WARNING  stats fetch failed: timed out
2026-10-02T15:20:15Z  WARNING  thresholds fetch failed: timed out
2026-10-02T15:20:15Z  WARNING  stats fetch failed: timed out
2026-10-02T15:20:20Z  WARNING  thresholds fetch failed: timed out
2026-10-02T15:20:20Z  WARNING  stats fetch failed: timed out
2026-10-02T15:20:25Z  WARNING  thresholds fetch failed: timed out
2026-10-02T15:20:25Z  WARNING  stats fetch failed: timed out
2026-10-02T15:20:30Z  WARNING  thresholds fetch failed: timed out
2026-10-02T15:20:30Z  WARNING  stats fetch failed: timed out
2026-10-02T15:20:35Z  WARNING  thresholds fetch failed: timed out
2026-10-02T15:20:35Z  WARNING  stats fetch failed: timed out
2026-10-02T15:20:40Z  WARNING  thresholds fetch failed: timed out
2026-10-02T15:20:40Z  WARNING  stats fetch failed: timed out
2026-10-02T15:20:45Z  WARNING  thresholds fetch failed: timed out
2026-10-02T15:20:45Z  WARNING  stats fetch failed: timed out
2026-10-02T15:20:50Z  WARNING  thresholds fetch failed: timed out
2026-10-02T15:20:50Z  WARNING  stats fetch failed: timed out
2026-10-02T15:20:55Z  WARNING  thresholds fetch failed: timed out
2026-10-02T15:20:55Z  WARNING  stats fetch failed: timed out
2026-10-02T15:21:00Z  WARNING  thresholds fetch failed: timed out
2026-10-02T15:21:00Z  WARNING  stats fetch failed: timed out
2026-10-02T15:21:05Z  WARNING  thresholds fetch failed: timed out
2026-10-02T15:21:05Z  WARNING  stats fetch failed: timed out
2026-10-02T15:21:10Z  WARNING  thresholds fetch failed: timed out
2026-10-02T15:21:10Z  WARNING  stats fetch failed: timed out
2026-10-02T15:21:15Z  WARNING  thresholds fetch failed: timed out
2026-10-02T15:21:15Z  WARNING  stats fetch failed: timed out
2026-10-02T15:21:20Z  WARNING  thresholds fetch failed: timed out
2026-10-02T15:21:20Z  WARNING  stats fetch failed: timed out
2026-10-02T15:21:25Z  WARNING  thresholds fetch failed: timed out
2026-10-02T15:21:25Z  WARNING  stats fetch failed: timed out
2026-10-02T15:21:30Z  WARNING  thresholds fetch failed: timed out
2026-10-02T15:21:30Z  WARNING  stats fetch failed: timed out
2026-10-02T15:21:35Z  WARNING  thresholds fetch failed: timed out
2026-10-02T15:21:35Z  WARNING  stats fetch failed: timed out
2026-10-02T15:21:40Z  WARNING  thresholds fetch failed: timed out
2026-10-02T15:21:40Z  WARNING  stats fetch failed: timed out
2026-10-02T15:21:45Z  SHUTDOWN  signal=15
2026-10-02T15:21:46Z  EXIT
