2026-08-15T13:37:01Z  WAITING  for metric_collector CSVs under /home/idozacharia/TopFull/TopFull_master/online_boutique_scripts/src/logs (timeout=60s)
2026-08-15T13:37:01Z  READY  found getproduct.csv
2026-08-15T13:37:01Z  START  threshold=0.20 window=30s disable_windows=2 re_enable_windows=3 services=['cartservice', 'checkoutservice', 'productcatalogservice']
2026-08-15T13:37:31Z  OBSERVE  cartservice  rejection=0.0365  low=1 high=0  state=ON
2026-08-15T13:37:31Z  OBSERVE  checkoutservice  rejection=0.3980  low=0 high=1  state=ON
2026-08-15T13:37:31Z  OBSERVE  productcatalogservice  rejection=0.0000  low=1 high=0  state=ON
2026-08-15T13:38:01Z  OBSERVE  cartservice  rejection=0.2701  low=0 high=1  state=ON
2026-08-15T13:38:01Z  OBSERVE  checkoutservice  rejection=0.8348  low=0 high=2  state=ON
2026-08-15T13:38:01Z  checkoutservice  ON→OFF   rejection=0.83  consecutive_high=2  attempts=0
2026-08-15T13:38:01Z  OBSERVE  productcatalogservice  rejection=0.1585  low=2 high=0  state=ON
2026-08-15T13:38:31Z  OBSERVE  cartservice  rejection=0.6612  low=0 high=2  state=ON
2026-08-15T13:38:31Z  cartservice  ON→OFF   rejection=0.66  consecutive_high=2  attempts=0
2026-08-15T13:38:31Z  OBSERVE  checkoutservice  rejection=0.9879  low=0 high=3  state=OFF
2026-08-15T13:38:31Z  OBSERVE  productcatalogservice  rejection=0.5183  low=0 high=1  state=ON
2026-08-15T13:39:01Z  OBSERVE  cartservice  rejection=0.7594  low=0 high=3  state=OFF
2026-08-15T13:39:01Z  OBSERVE  checkoutservice  rejection=0.9983  low=0 high=4  state=OFF
2026-08-15T13:39:01Z  OBSERVE  productcatalogservice  rejection=0.6741  low=0 high=2  state=ON
2026-08-15T13:39:01Z  productcatalogservice  ON→OFF   rejection=0.67  consecutive_high=2  attempts=0
2026-08-15T13:39:31Z  OBSERVE  cartservice  rejection=0.7619  low=0 high=4  state=OFF
2026-08-15T13:39:31Z  OBSERVE  checkoutservice  rejection=0.9667  low=0 high=5  state=OFF
2026-08-15T13:39:31Z  OBSERVE  productcatalogservice  rejection=0.7530  low=0 high=3  state=OFF
2026-08-15T13:40:01Z  OBSERVE  cartservice  rejection=0.7375  low=0 high=5  state=OFF
2026-08-15T13:40:01Z  OBSERVE  checkoutservice  rejection=1.0000  low=0 high=6  state=OFF
2026-08-15T13:40:01Z  OBSERVE  productcatalogservice  rejection=0.7303  low=0 high=4  state=OFF
2026-08-15T13:40:31Z  OBSERVE  cartservice  rejection=0.8035  low=0 high=6  state=OFF
2026-08-15T13:40:31Z  OBSERVE  checkoutservice  rejection=0.9600  low=0 high=7  state=OFF
2026-08-15T13:40:31Z  OBSERVE  productcatalogservice  rejection=0.8084  low=0 high=5  state=OFF
2026-08-15T13:41:01Z  OBSERVE  cartservice  rejection=0.7828  low=0 high=7  state=OFF
2026-08-15T13:41:01Z  OBSERVE  checkoutservice  rejection=0.9651  low=0 high=8  state=OFF
2026-08-15T13:41:01Z  OBSERVE  productcatalogservice  rejection=0.7457  low=0 high=6  state=OFF
2026-08-15T13:41:31Z  OBSERVE  cartservice  rejection=0.7534  low=0 high=8  state=OFF
2026-08-15T13:41:31Z  OBSERVE  checkoutservice  rejection=1.0000  low=0 high=9  state=OFF
2026-08-15T13:41:31Z  OBSERVE  productcatalogservice  rejection=0.7556  low=0 high=7  state=OFF
2026-08-15T13:42:01Z  OBSERVE  cartservice  rejection=0.7300  low=0 high=9  state=OFF
2026-08-15T13:42:01Z  OBSERVE  checkoutservice  rejection=0.9954  low=0 high=10  state=OFF
2026-08-15T13:42:01Z  OBSERVE  productcatalogservice  rejection=0.7535  low=0 high=8  state=OFF
2026-08-15T13:42:31Z  OBSERVE  cartservice  rejection=0.7346  low=0 high=10  state=OFF
2026-08-15T13:42:31Z  OBSERVE  checkoutservice  rejection=0.9954  low=0 high=11  state=OFF
2026-08-15T13:42:31Z  OBSERVE  productcatalogservice  rejection=0.7645  low=0 high=9  state=OFF
2026-08-15T13:43:02Z  OBSERVE  cartservice  rejection=0.7637  low=0 high=11  state=OFF
2026-08-15T13:43:02Z  OBSERVE  checkoutservice  rejection=0.9823  low=0 high=12  state=OFF
2026-08-15T13:43:02Z  OBSERVE  productcatalogservice  rejection=0.7897  low=0 high=10  state=OFF
2026-08-15T13:43:32Z  OBSERVE  cartservice  rejection=0.7735  low=0 high=12  state=OFF
2026-08-15T13:43:32Z  OBSERVE  checkoutservice  rejection=0.9965  low=0 high=13  state=OFF
2026-08-15T13:43:32Z  OBSERVE  productcatalogservice  rejection=0.7878  low=0 high=11  state=OFF
2026-08-15T13:44:02Z  OBSERVE  cartservice  rejection=0.7958  low=0 high=13  state=OFF
2026-08-15T13:44:02Z  OBSERVE  checkoutservice  rejection=0.9965  low=0 high=14  state=OFF
2026-08-15T13:44:02Z  OBSERVE  productcatalogservice  rejection=0.8295  low=0 high=12  state=OFF
2026-08-15T13:44:32Z  OBSERVE  cartservice  rejection=0.7470  low=0 high=14  state=OFF
2026-08-15T13:44:32Z  OBSERVE  checkoutservice  rejection=1.0000  low=0 high=15  state=OFF
2026-08-15T13:44:32Z  OBSERVE  productcatalogservice  rejection=0.7304  low=0 high=13  state=OFF
2026-08-15T13:45:02Z  OBSERVE  cartservice  rejection=0.7651  low=0 high=15  state=OFF
2026-08-15T13:45:02Z  OBSERVE  checkoutservice  rejection=0.9976  low=0 high=16  state=OFF
2026-08-15T13:45:02Z  OBSERVE  productcatalogservice  rejection=0.7633  low=0 high=14  state=OFF
2026-08-15T13:45:32Z  OBSERVE  cartservice  rejection=0.8346  low=0 high=16  state=OFF
2026-08-15T13:45:32Z  OBSERVE  checkoutservice  rejection=1.0000  low=0 high=17  state=OFF
2026-08-15T13:45:32Z  OBSERVE  productcatalogservice  rejection=0.8541  low=0 high=15  state=OFF
2026-08-15T13:46:02Z  OBSERVE  cartservice  rejection=0.8550  low=0 high=17  state=OFF
2026-08-15T13:46:02Z  OBSERVE  checkoutservice  rejection=1.0000  low=0 high=18  state=OFF
2026-08-15T13:46:02Z  OBSERVE  productcatalogservice  rejection=0.8726  low=0 high=16  state=OFF
2026-08-15T13:46:32Z  OBSERVE  cartservice  rejection=0.7760  low=0 high=18  state=OFF
2026-08-15T13:46:32Z  OBSERVE  checkoutservice  rejection=1.0000  low=0 high=19  state=OFF
2026-08-15T13:46:32Z  OBSERVE  productcatalogservice  rejection=0.7863  low=0 high=17  state=OFF
2026-08-15T13:47:02Z  OBSERVE  cartservice  rejection=0.7959  low=0 high=19  state=OFF
2026-08-15T13:47:02Z  OBSERVE  checkoutservice  rejection=0.9970  low=0 high=20  state=OFF
2026-08-15T13:47:02Z  OBSERVE  productcatalogservice  rejection=0.7907  low=0 high=18  state=OFF
2026-08-15T13:47:32Z  OBSERVE  cartservice  rejection=0.8575  low=0 high=20  state=OFF
2026-08-15T13:47:32Z  OBSERVE  checkoutservice  rejection=0.9652  low=0 high=21  state=OFF
2026-08-15T13:47:32Z  OBSERVE  productcatalogservice  rejection=0.8748  low=0 high=19  state=OFF
2026-08-15T13:47:32Z  SHUTDOWN  signal=15
