2026-10-07T23:31:11Z  START  poll_interval=1s layer_a_poll_interval=5s
2026-10-07T23:35:20Z  WARNING  thresholds fetch failed: timed out
2026-10-07T23:35:20Z  WARNING  stats fetch failed: timed out
2026-10-07T23:35:25Z  WARNING  thresholds fetch failed: timed out
2026-10-07T23:35:25Z  WARNING  stats fetch failed: timed out
2026-10-07T23:35:30Z  WARNING  thresholds fetch failed: timed out
2026-10-07T23:35:30Z  WARNING  stats fetch failed: timed out
2026-10-07T23:35:35Z  WARNING  thresholds fetch failed: timed out
2026-10-07T23:35:35Z  WARNING  stats fetch failed: timed out
2026-10-07T23:35:40Z  WARNING  thresholds fetch failed: timed out
2026-10-07T23:35:40Z  WARNING  stats fetch failed: timed out
2026-10-07T23:35:45Z  WARNING  thresholds fetch failed: timed out
2026-10-07T23:35:45Z  WARNING  stats fetch failed: timed out
2026-10-07T23:35:50Z  WARNING  thresholds fetch failed: timed out
2026-10-07T23:35:50Z  WARNING  stats fetch failed: timed out
2026-10-07T23:35:55Z  WARNING  thresholds fetch failed: timed out
2026-10-07T23:35:55Z  WARNING  stats fetch failed: timed out
2026-10-07T23:36:00Z  WARNING  thresholds fetch failed: timed out
2026-10-07T23:36:00Z  WARNING  stats fetch failed: timed out
2026-10-07T23:36:05Z  WARNING  thresholds fetch failed: timed out
2026-10-07T23:36:05Z  WARNING  stats fetch failed: timed out
2026-10-07T23:36:10Z  WARNING  thresholds fetch failed: timed out
2026-10-07T23:36:10Z  WARNING  stats fetch failed: timed out
2026-10-07T23:36:15Z  WARNING  thresholds fetch failed: timed out
2026-10-07T23:36:15Z  WARNING  stats fetch failed: timed out
2026-10-07T23:36:20Z  WARNING  thresholds fetch failed: timed out
2026-10-07T23:36:20Z  WARNING  stats fetch failed: timed out
2026-10-07T23:36:25Z  WARNING  thresholds fetch failed: timed out
2026-10-07T23:36:25Z  WARNING  stats fetch failed: timed out
2026-10-07T23:36:30Z  WARNING  thresholds fetch failed: timed out
2026-10-07T23:36:30Z  WARNING  stats fetch failed: timed out
2026-10-07T23:36:35Z  WARNING  thresholds fetch failed: timed out
2026-10-07T23:36:35Z  WARNING  stats fetch failed: timed out
2026-10-07T23:36:40Z  WARNING  thresholds fetch failed: timed out
2026-10-07T23:36:40Z  WARNING  stats fetch failed: timed out
2026-10-07T23:36:45Z  WARNING  thresholds fetch failed: timed out
2026-10-07T23:36:45Z  WARNING  stats fetch failed: timed out
2026-10-07T23:36:50Z  WARNING  thresholds fetch failed: timed out
2026-10-07T23:36:50Z  WARNING  stats fetch failed: timed out
2026-10-07T23:36:55Z  WARNING  thresholds fetch failed: timed out
2026-10-07T23:36:55Z  WARNING  stats fetch failed: timed out
2026-10-07T23:37:00Z  WARNING  thresholds fetch failed: timed out
2026-10-07T23:37:00Z  WARNING  stats fetch failed: timed out
2026-10-07T23:37:05Z  WARNING  thresholds fetch failed: timed out
2026-10-07T23:37:05Z  WARNING  stats fetch failed: timed out
2026-10-07T23:37:10Z  WARNING  thresholds fetch failed: timed out
2026-10-07T23:37:10Z  WARNING  stats fetch failed: timed out
2026-10-07T23:37:15Z  WARNING  thresholds fetch failed: timed out
2026-10-07T23:37:15Z  WARNING  stats fetch failed: timed out
2026-10-07T23:37:20Z  WARNING  thresholds fetch failed: timed out
2026-10-07T23:37:20Z  WARNING  stats fetch failed: timed out
2026-10-07T23:37:25Z  WARNING  thresholds fetch failed: timed out
2026-10-07T23:37:25Z  WARNING  stats fetch failed: timed out
2026-10-07T23:37:30Z  WARNING  thresholds fetch failed: timed out
2026-10-07T23:37:30Z  WARNING  stats fetch failed: timed out
2026-10-07T23:37:35Z  WARNING  thresholds fetch failed: timed out
2026-10-07T23:37:35Z  WARNING  stats fetch failed: timed out
2026-10-07T23:37:40Z  WARNING  thresholds fetch failed: timed out
2026-10-07T23:37:40Z  WARNING  stats fetch failed: timed out
2026-10-07T23:37:45Z  WARNING  thresholds fetch failed: timed out
2026-10-07T23:37:45Z  WARNING  stats fetch failed: timed out
2026-10-07T23:37:50Z  WARNING  thresholds fetch failed: timed out
2026-10-07T23:37:50Z  WARNING  stats fetch failed: timed out
2026-10-07T23:37:55Z  WARNING  thresholds fetch failed: timed out
2026-10-07T23:37:55Z  WARNING  stats fetch failed: timed out
2026-10-07T23:38:00Z  WARNING  thresholds fetch failed: timed out
2026-10-07T23:38:00Z  WARNING  stats fetch failed: timed out
2026-10-07T23:38:05Z  WARNING  thresholds fetch failed: timed out
2026-10-07T23:38:05Z  WARNING  stats fetch failed: timed out
2026-10-07T23:38:10Z  WARNING  thresholds fetch failed: timed out
2026-10-07T23:38:10Z  WARNING  stats fetch failed: timed out
2026-10-07T23:38:15Z  WARNING  thresholds fetch failed: timed out
2026-10-07T23:38:15Z  WARNING  stats fetch failed: timed out
2026-10-07T23:38:20Z  WARNING  thresholds fetch failed: timed out
2026-10-07T23:38:20Z  WARNING  stats fetch failed: timed out
2026-10-07T23:38:25Z  WARNING  thresholds fetch failed: timed out
2026-10-07T23:38:25Z  WARNING  stats fetch failed: timed out
2026-10-07T23:38:30Z  WARNING  thresholds fetch failed: timed out
2026-10-07T23:38:30Z  WARNING  stats fetch failed: timed out
2026-10-07T23:38:35Z  WARNING  thresholds fetch failed: timed out
2026-10-07T23:38:35Z  WARNING  stats fetch failed: timed out
2026-10-07T23:38:40Z  WARNING  thresholds fetch failed: timed out
2026-10-07T23:38:40Z  WARNING  stats fetch failed: timed out
2026-10-07T23:38:45Z  WARNING  thresholds fetch failed: timed out
2026-10-07T23:38:45Z  WARNING  stats fetch failed: timed out
2026-10-07T23:38:50Z  WARNING  thresholds fetch failed: timed out
2026-10-07T23:38:50Z  WARNING  stats fetch failed: timed out
2026-10-07T23:38:55Z  WARNING  thresholds fetch failed: timed out
2026-10-07T23:38:55Z  WARNING  stats fetch failed: timed out
2026-10-07T23:39:00Z  WARNING  thresholds fetch failed: timed out
2026-10-07T23:39:00Z  WARNING  stats fetch failed: timed out
2026-10-07T23:39:05Z  WARNING  thresholds fetch failed: timed out
2026-10-07T23:39:05Z  WARNING  stats fetch failed: timed out
2026-10-07T23:39:10Z  WARNING  thresholds fetch failed: timed out
2026-10-07T23:39:10Z  WARNING  stats fetch failed: timed out
2026-10-07T23:39:15Z  WARNING  thresholds fetch failed: timed out
2026-10-07T23:39:15Z  WARNING  stats fetch failed: timed out
2026-10-07T23:39:20Z  WARNING  thresholds fetch failed: timed out
2026-10-07T23:39:20Z  WARNING  stats fetch failed: timed out
2026-10-07T23:39:25Z  WARNING  thresholds fetch failed: timed out
2026-10-07T23:39:25Z  WARNING  stats fetch failed: timed out
2026-10-07T23:39:30Z  WARNING  thresholds fetch failed: timed out
2026-10-07T23:39:30Z  WARNING  stats fetch failed: timed out
2026-10-07T23:39:35Z  WARNING  thresholds fetch failed: timed out
2026-10-07T23:39:35Z  WARNING  stats fetch failed: timed out
2026-10-07T23:39:40Z  WARNING  thresholds fetch failed: timed out
2026-10-07T23:39:40Z  WARNING  stats fetch failed: timed out
2026-10-07T23:39:45Z  WARNING  thresholds fetch failed: timed out
2026-10-07T23:39:45Z  WARNING  stats fetch failed: timed out
2026-10-07T23:39:50Z  WARNING  thresholds fetch failed: timed out
2026-10-07T23:39:50Z  WARNING  stats fetch failed: timed out
2026-10-07T23:39:55Z  WARNING  thresholds fetch failed: timed out
2026-10-07T23:39:55Z  WARNING  stats fetch failed: timed out
2026-10-07T23:40:00Z  WARNING  thresholds fetch failed: timed out
2026-10-07T23:40:00Z  WARNING  stats fetch failed: timed out
2026-10-07T23:40:05Z  WARNING  thresholds fetch failed: timed out
2026-10-07T23:40:05Z  WARNING  stats fetch failed: <urlopen error timed out>
2026-10-07T23:40:10Z  WARNING  thresholds fetch failed: timed out
2026-10-07T23:40:10Z  WARNING  stats fetch failed: timed out
2026-10-07T23:40:15Z  WARNING  thresholds fetch failed: timed out
2026-10-07T23:40:15Z  WARNING  stats fetch failed: timed out
2026-10-07T23:40:20Z  WARNING  thresholds fetch failed: timed out
2026-10-07T23:40:20Z  WARNING  stats fetch failed: timed out
2026-10-07T23:40:25Z  WARNING  thresholds fetch failed: timed out
2026-10-07T23:40:25Z  WARNING  stats fetch failed: timed out
2026-10-07T23:40:30Z  WARNING  thresholds fetch failed: timed out
2026-10-07T23:40:30Z  WARNING  stats fetch failed: timed out
2026-10-07T23:40:35Z  WARNING  thresholds fetch failed: timed out
2026-10-07T23:40:35Z  WARNING  stats fetch failed: timed out
2026-10-07T23:40:40Z  WARNING  thresholds fetch failed: timed out
2026-10-07T23:40:40Z  WARNING  stats fetch failed: timed out
2026-10-07T23:40:45Z  WARNING  thresholds fetch failed: timed out
2026-10-07T23:40:45Z  WARNING  stats fetch failed: timed out
2026-10-07T23:40:50Z  WARNING  thresholds fetch failed: timed out
2026-10-07T23:40:50Z  WARNING  stats fetch failed: timed out
2026-10-07T23:40:55Z  WARNING  thresholds fetch failed: timed out
2026-10-07T23:40:55Z  WARNING  stats fetch failed: timed out
2026-10-07T23:41:00Z  WARNING  thresholds fetch failed: timed out
2026-10-07T23:41:00Z  WARNING  stats fetch failed: timed out
2026-10-07T23:41:05Z  WARNING  thresholds fetch failed: timed out
2026-10-07T23:41:05Z  WARNING  stats fetch failed: timed out
2026-10-07T23:41:10Z  WARNING  thresholds fetch failed: timed out
2026-10-07T23:41:10Z  WARNING  stats fetch failed: timed out
2026-10-07T23:41:15Z  WARNING  thresholds fetch failed: timed out
2026-10-07T23:41:15Z  WARNING  stats fetch failed: timed out
2026-10-07T23:41:20Z  WARNING  thresholds fetch failed: timed out
2026-10-07T23:41:20Z  WARNING  stats fetch failed: timed out
2026-10-07T23:41:25Z  WARNING  thresholds fetch failed: timed out
2026-10-07T23:41:25Z  WARNING  stats fetch failed: timed out
2026-10-07T23:41:30Z  WARNING  thresholds fetch failed: timed out
2026-10-07T23:41:30Z  WARNING  stats fetch failed: timed out
2026-10-07T23:41:35Z  WARNING  thresholds fetch failed: timed out
2026-10-07T23:41:35Z  WARNING  stats fetch failed: timed out
2026-10-07T23:41:40Z  WARNING  thresholds fetch failed: timed out
2026-10-07T23:41:40Z  WARNING  stats fetch failed: timed out
2026-10-07T23:41:45Z  WARNING  thresholds fetch failed: timed out
2026-10-07T23:41:45Z  WARNING  stats fetch failed: timed out
2026-10-07T23:41:50Z  WARNING  thresholds fetch failed: timed out
2026-10-07T23:41:50Z  WARNING  stats fetch failed: timed out
2026-10-07T23:41:55Z  WARNING  thresholds fetch failed: timed out
2026-10-07T23:41:55Z  WARNING  stats fetch failed: timed out
2026-10-07T23:42:00Z  WARNING  thresholds fetch failed: timed out
2026-10-07T23:42:00Z  WARNING  stats fetch failed: timed out
2026-10-07T23:42:05Z  WARNING  thresholds fetch failed: timed out
2026-10-07T23:42:05Z  WARNING  stats fetch failed: timed out
2026-10-07T23:42:10Z  WARNING  thresholds fetch failed: timed out
2026-10-07T23:42:10Z  WARNING  stats fetch failed: timed out
2026-10-07T23:42:16Z  SHUTDOWN  signal=15
2026-10-07T23:42:17Z  EXIT
