2026-10-03T18:06:04Z  START  poll_interval=1s layer_a_poll_interval=5s
2026-10-03T18:07:50Z  WARNING  thresholds fetch failed: timed out
2026-10-03T18:07:50Z  WARNING  stats fetch failed: timed out
2026-10-03T18:07:55Z  WARNING  thresholds fetch failed: timed out
2026-10-03T18:07:55Z  WARNING  stats fetch failed: timed out
2026-10-03T18:08:00Z  WARNING  thresholds fetch failed: timed out
2026-10-03T18:08:00Z  WARNING  stats fetch failed: timed out
2026-10-03T18:08:05Z  WARNING  thresholds fetch failed: timed out
2026-10-03T18:08:05Z  WARNING  stats fetch failed: timed out
2026-10-03T18:08:10Z  WARNING  thresholds fetch failed: timed out
2026-10-03T18:08:10Z  WARNING  stats fetch failed: timed out
2026-10-03T18:08:15Z  WARNING  thresholds fetch failed: timed out
2026-10-03T18:08:15Z  WARNING  stats fetch failed: timed out
2026-10-03T18:08:20Z  WARNING  thresholds fetch failed: timed out
2026-10-03T18:08:20Z  WARNING  stats fetch failed: timed out
2026-10-03T18:08:25Z  WARNING  thresholds fetch failed: timed out
2026-10-03T18:08:25Z  WARNING  stats fetch failed: timed out
2026-10-03T18:08:30Z  WARNING  thresholds fetch failed: timed out
2026-10-03T18:08:30Z  WARNING  stats fetch failed: timed out
2026-10-03T18:08:35Z  WARNING  thresholds fetch failed: timed out
2026-10-03T18:08:35Z  WARNING  stats fetch failed: timed out
2026-10-03T18:08:40Z  WARNING  thresholds fetch failed: timed out
2026-10-03T18:08:40Z  WARNING  stats fetch failed: timed out
2026-10-03T18:08:45Z  WARNING  thresholds fetch failed: timed out
2026-10-03T18:08:45Z  WARNING  stats fetch failed: timed out
2026-10-03T18:08:50Z  WARNING  thresholds fetch failed: timed out
2026-10-03T18:08:50Z  WARNING  stats fetch failed: timed out
2026-10-03T18:08:55Z  WARNING  thresholds fetch failed: timed out
2026-10-03T18:08:55Z  WARNING  stats fetch failed: timed out
2026-10-03T18:09:00Z  WARNING  thresholds fetch failed: timed out
2026-10-03T18:09:00Z  WARNING  stats fetch failed: timed out
2026-10-03T18:09:05Z  WARNING  thresholds fetch failed: timed out
2026-10-03T18:09:05Z  WARNING  stats fetch failed: timed out
2026-10-03T18:09:10Z  WARNING  thresholds fetch failed: timed out
2026-10-03T18:09:10Z  WARNING  stats fetch failed: timed out
2026-10-03T18:09:15Z  WARNING  thresholds fetch failed: timed out
2026-10-03T18:09:15Z  WARNING  stats fetch failed: timed out
2026-10-03T18:09:20Z  WARNING  thresholds fetch failed: timed out
2026-10-03T18:09:20Z  WARNING  stats fetch failed: timed out
2026-10-03T18:09:25Z  WARNING  thresholds fetch failed: timed out
2026-10-03T18:09:25Z  WARNING  stats fetch failed: timed out
2026-10-03T18:09:30Z  WARNING  thresholds fetch failed: timed out
2026-10-03T18:09:30Z  WARNING  stats fetch failed: timed out
2026-10-03T18:09:35Z  WARNING  thresholds fetch failed: timed out
2026-10-03T18:09:35Z  WARNING  stats fetch failed: timed out
2026-10-03T18:09:40Z  WARNING  thresholds fetch failed: timed out
2026-10-03T18:09:40Z  WARNING  stats fetch failed: timed out
2026-10-03T18:09:45Z  WARNING  thresholds fetch failed: timed out
2026-10-03T18:09:45Z  WARNING  stats fetch failed: timed out
2026-10-03T18:09:50Z  WARNING  thresholds fetch failed: timed out
2026-10-03T18:09:50Z  WARNING  stats fetch failed: timed out
2026-10-03T18:09:55Z  WARNING  thresholds fetch failed: timed out
2026-10-03T18:09:55Z  WARNING  stats fetch failed: timed out
2026-10-03T18:10:00Z  WARNING  thresholds fetch failed: timed out
2026-10-03T18:10:00Z  WARNING  stats fetch failed: timed out
2026-10-03T18:10:05Z  WARNING  thresholds fetch failed: timed out
2026-10-03T18:10:05Z  WARNING  stats fetch failed: timed out
2026-10-03T18:10:10Z  WARNING  thresholds fetch failed: timed out
2026-10-03T18:10:10Z  WARNING  stats fetch failed: timed out
2026-10-03T18:10:15Z  WARNING  thresholds fetch failed: timed out
2026-10-03T18:10:15Z  WARNING  stats fetch failed: timed out
2026-10-03T18:10:20Z  WARNING  thresholds fetch failed: timed out
2026-10-03T18:10:20Z  WARNING  stats fetch failed: timed out
2026-10-03T18:10:25Z  WARNING  thresholds fetch failed: timed out
2026-10-03T18:10:25Z  WARNING  stats fetch failed: timed out
2026-10-03T18:10:30Z  WARNING  thresholds fetch failed: timed out
2026-10-03T18:10:30Z  WARNING  stats fetch failed: timed out
2026-10-03T18:10:35Z  WARNING  thresholds fetch failed: timed out
2026-10-03T18:10:35Z  WARNING  stats fetch failed: timed out
2026-10-03T18:10:40Z  WARNING  thresholds fetch failed: timed out
2026-10-03T18:10:40Z  WARNING  stats fetch failed: timed out
2026-10-03T18:10:45Z  WARNING  thresholds fetch failed: timed out
2026-10-03T18:10:45Z  WARNING  stats fetch failed: timed out
2026-10-03T18:10:50Z  WARNING  thresholds fetch failed: timed out
2026-10-03T18:10:50Z  WARNING  stats fetch failed: timed out
2026-10-03T18:10:55Z  WARNING  thresholds fetch failed: timed out
2026-10-03T18:10:55Z  WARNING  stats fetch failed: timed out
2026-10-03T18:11:00Z  WARNING  thresholds fetch failed: timed out
2026-10-03T18:11:00Z  WARNING  stats fetch failed: timed out
2026-10-03T18:11:05Z  WARNING  thresholds fetch failed: timed out
2026-10-03T18:11:05Z  WARNING  stats fetch failed: timed out
2026-10-03T18:11:10Z  WARNING  thresholds fetch failed: timed out
2026-10-03T18:11:10Z  WARNING  stats fetch failed: timed out
2026-10-03T18:11:15Z  WARNING  thresholds fetch failed: timed out
2026-10-03T18:11:15Z  WARNING  stats fetch failed: timed out
2026-10-03T18:11:20Z  WARNING  thresholds fetch failed: timed out
2026-10-03T18:11:20Z  WARNING  stats fetch failed: timed out
2026-10-03T18:11:25Z  WARNING  thresholds fetch failed: timed out
2026-10-03T18:11:25Z  WARNING  stats fetch failed: timed out
2026-10-03T18:11:30Z  WARNING  thresholds fetch failed: timed out
2026-10-03T18:11:30Z  WARNING  stats fetch failed: timed out
2026-10-03T18:11:35Z  WARNING  thresholds fetch failed: timed out
2026-10-03T18:11:35Z  WARNING  stats fetch failed: timed out
2026-10-03T18:11:40Z  WARNING  thresholds fetch failed: timed out
2026-10-03T18:11:40Z  WARNING  stats fetch failed: timed out
2026-10-03T18:11:45Z  WARNING  thresholds fetch failed: timed out
2026-10-03T18:11:45Z  WARNING  stats fetch failed: timed out
2026-10-03T18:11:50Z  WARNING  thresholds fetch failed: timed out
2026-10-03T18:11:50Z  WARNING  stats fetch failed: timed out
2026-10-03T18:11:55Z  WARNING  thresholds fetch failed: timed out
2026-10-03T18:11:55Z  WARNING  stats fetch failed: timed out
2026-10-03T18:12:00Z  WARNING  thresholds fetch failed: timed out
2026-10-03T18:12:00Z  WARNING  stats fetch failed: timed out
2026-10-03T18:12:05Z  WARNING  thresholds fetch failed: timed out
2026-10-03T18:12:05Z  WARNING  stats fetch failed: timed out
2026-10-03T18:12:10Z  WARNING  thresholds fetch failed: timed out
2026-10-03T18:12:10Z  WARNING  stats fetch failed: timed out
2026-10-03T18:12:15Z  WARNING  thresholds fetch failed: timed out
2026-10-03T18:12:15Z  WARNING  stats fetch failed: timed out
2026-10-03T18:12:20Z  WARNING  thresholds fetch failed: timed out
2026-10-03T18:12:20Z  WARNING  stats fetch failed: timed out
2026-10-03T18:12:25Z  WARNING  thresholds fetch failed: timed out
2026-10-03T18:12:25Z  WARNING  stats fetch failed: timed out
2026-10-03T18:12:30Z  WARNING  thresholds fetch failed: timed out
2026-10-03T18:12:30Z  WARNING  stats fetch failed: timed out
2026-10-03T18:12:35Z  WARNING  thresholds fetch failed: timed out
2026-10-03T18:12:35Z  WARNING  stats fetch failed: timed out
2026-10-03T18:12:40Z  WARNING  thresholds fetch failed: timed out
2026-10-03T18:12:40Z  WARNING  stats fetch failed: timed out
2026-10-03T18:12:45Z  WARNING  thresholds fetch failed: timed out
2026-10-03T18:12:45Z  WARNING  stats fetch failed: timed out
2026-10-03T18:12:50Z  WARNING  thresholds fetch failed: timed out
2026-10-03T18:12:50Z  WARNING  stats fetch failed: timed out
2026-10-03T18:12:55Z  WARNING  thresholds fetch failed: timed out
2026-10-03T18:12:55Z  WARNING  stats fetch failed: timed out
2026-10-03T18:13:00Z  WARNING  thresholds fetch failed: timed out
2026-10-03T18:13:00Z  WARNING  stats fetch failed: timed out
2026-10-03T18:13:05Z  WARNING  thresholds fetch failed: timed out
2026-10-03T18:13:05Z  WARNING  stats fetch failed: timed out
2026-10-03T18:13:10Z  WARNING  thresholds fetch failed: timed out
2026-10-03T18:13:10Z  WARNING  stats fetch failed: timed out
2026-10-03T18:13:15Z  WARNING  thresholds fetch failed: timed out
2026-10-03T18:13:15Z  WARNING  stats fetch failed: timed out
2026-10-03T18:13:20Z  WARNING  thresholds fetch failed: timed out
2026-10-03T18:13:20Z  WARNING  stats fetch failed: timed out
2026-10-03T18:13:25Z  WARNING  thresholds fetch failed: timed out
2026-10-03T18:13:25Z  WARNING  stats fetch failed: timed out
2026-10-03T18:13:30Z  WARNING  thresholds fetch failed: timed out
2026-10-03T18:13:30Z  WARNING  stats fetch failed: timed out
2026-10-03T18:13:35Z  WARNING  thresholds fetch failed: timed out
2026-10-03T18:13:35Z  WARNING  stats fetch failed: timed out
2026-10-03T18:13:40Z  WARNING  thresholds fetch failed: timed out
2026-10-03T18:13:40Z  WARNING  stats fetch failed: timed out
2026-10-03T18:13:45Z  WARNING  thresholds fetch failed: timed out
2026-10-03T18:13:45Z  WARNING  stats fetch failed: timed out
2026-10-03T18:13:50Z  WARNING  thresholds fetch failed: timed out
2026-10-03T18:13:50Z  WARNING  stats fetch failed: timed out
2026-10-03T18:13:55Z  WARNING  thresholds fetch failed: timed out
2026-10-03T18:13:55Z  WARNING  stats fetch failed: timed out
2026-10-03T18:14:00Z  WARNING  thresholds fetch failed: timed out
2026-10-03T18:14:00Z  WARNING  stats fetch failed: timed out
2026-10-03T18:14:05Z  WARNING  thresholds fetch failed: timed out
2026-10-03T18:14:05Z  WARNING  stats fetch failed: timed out
2026-10-03T18:14:10Z  WARNING  thresholds fetch failed: timed out
2026-10-03T18:14:10Z  WARNING  stats fetch failed: timed out
2026-10-03T18:14:15Z  WARNING  thresholds fetch failed: timed out
2026-10-03T18:14:15Z  WARNING  stats fetch failed: timed out
2026-10-03T18:14:20Z  WARNING  thresholds fetch failed: timed out
2026-10-03T18:14:20Z  WARNING  stats fetch failed: timed out
2026-10-03T18:14:25Z  WARNING  thresholds fetch failed: timed out
2026-10-03T18:14:25Z  WARNING  stats fetch failed: timed out
2026-10-03T18:14:30Z  WARNING  thresholds fetch failed: timed out
2026-10-03T18:14:30Z  WARNING  stats fetch failed: timed out
2026-10-03T18:14:35Z  WARNING  thresholds fetch failed: timed out
2026-10-03T18:14:35Z  WARNING  stats fetch failed: timed out
2026-10-03T18:14:40Z  WARNING  thresholds fetch failed: timed out
2026-10-03T18:14:40Z  WARNING  stats fetch failed: timed out
2026-10-03T18:14:45Z  WARNING  thresholds fetch failed: timed out
2026-10-03T18:14:45Z  WARNING  stats fetch failed: timed out
2026-10-03T18:14:50Z  WARNING  thresholds fetch failed: timed out
2026-10-03T18:14:50Z  WARNING  stats fetch failed: timed out
2026-10-03T18:14:55Z  WARNING  thresholds fetch failed: timed out
2026-10-03T18:14:55Z  WARNING  stats fetch failed: timed out
2026-10-03T18:15:00Z  WARNING  thresholds fetch failed: timed out
2026-10-03T18:15:00Z  WARNING  stats fetch failed: timed out
2026-10-03T18:15:05Z  WARNING  thresholds fetch failed: timed out
2026-10-03T18:15:05Z  WARNING  stats fetch failed: timed out
2026-10-03T18:15:10Z  WARNING  thresholds fetch failed: timed out
2026-10-03T18:15:10Z  WARNING  stats fetch failed: timed out
2026-10-03T18:15:15Z  WARNING  thresholds fetch failed: timed out
2026-10-03T18:15:15Z  WARNING  stats fetch failed: timed out
2026-10-03T18:15:20Z  WARNING  thresholds fetch failed: timed out
2026-10-03T18:15:20Z  WARNING  stats fetch failed: timed out
2026-10-03T18:15:25Z  WARNING  thresholds fetch failed: timed out
2026-10-03T18:15:25Z  WARNING  stats fetch failed: timed out
2026-10-03T18:15:30Z  WARNING  thresholds fetch failed: timed out
2026-10-03T18:15:30Z  WARNING  stats fetch failed: timed out
2026-10-03T18:15:35Z  WARNING  thresholds fetch failed: timed out
2026-10-03T18:15:35Z  WARNING  stats fetch failed: timed out
2026-10-03T18:15:40Z  WARNING  thresholds fetch failed: timed out
2026-10-03T18:15:40Z  WARNING  stats fetch failed: timed out
2026-10-03T18:15:45Z  WARNING  thresholds fetch failed: timed out
2026-10-03T18:15:45Z  WARNING  stats fetch failed: timed out
2026-10-03T18:15:50Z  WARNING  thresholds fetch failed: timed out
2026-10-03T18:15:50Z  WARNING  stats fetch failed: timed out
2026-10-03T18:15:55Z  WARNING  thresholds fetch failed: timed out
2026-10-03T18:15:55Z  WARNING  stats fetch failed: timed out
2026-10-03T18:16:00Z  WARNING  thresholds fetch failed: timed out
2026-10-03T18:16:00Z  WARNING  stats fetch failed: timed out
2026-10-03T18:16:05Z  WARNING  thresholds fetch failed: timed out
2026-10-03T18:16:05Z  WARNING  stats fetch failed: timed out
2026-10-03T18:16:10Z  WARNING  thresholds fetch failed: timed out
2026-10-03T18:16:10Z  WARNING  stats fetch failed: timed out
2026-10-03T18:16:15Z  WARNING  thresholds fetch failed: timed out
2026-10-03T18:16:15Z  WARNING  stats fetch failed: timed out
2026-10-03T18:16:20Z  WARNING  thresholds fetch failed: timed out
2026-10-03T18:16:20Z  WARNING  stats fetch failed: timed out
2026-10-03T18:16:25Z  WARNING  thresholds fetch failed: <urlopen error timed out>
2026-10-03T18:16:25Z  WARNING  stats fetch failed: timed out
2026-10-03T18:16:30Z  WARNING  thresholds fetch failed: timed out
2026-10-03T18:16:30Z  WARNING  stats fetch failed: timed out
2026-10-03T18:16:35Z  WARNING  thresholds fetch failed: timed out
2026-10-03T18:16:35Z  WARNING  stats fetch failed: timed out
2026-10-03T18:16:42Z  SHUTDOWN  signal=15
2026-10-03T18:16:42Z  EXIT
