2026-10-04T12:59:52Z  START  poll_interval=1s layer_a_poll_interval=5s
2026-10-04T13:00:35Z  WARNING  thresholds fetch failed: timed out
2026-10-04T13:00:35Z  WARNING  stats fetch failed: timed out
2026-10-04T13:00:40Z  WARNING  thresholds fetch failed: timed out
2026-10-04T13:00:40Z  WARNING  stats fetch failed: timed out
2026-10-04T13:00:45Z  WARNING  thresholds fetch failed: timed out
2026-10-04T13:00:45Z  WARNING  stats fetch failed: timed out
2026-10-04T13:00:50Z  WARNING  thresholds fetch failed: timed out
2026-10-04T13:00:50Z  WARNING  stats fetch failed: timed out
2026-10-04T13:00:55Z  WARNING  thresholds fetch failed: timed out
2026-10-04T13:00:55Z  WARNING  stats fetch failed: timed out
2026-10-04T13:01:00Z  WARNING  thresholds fetch failed: timed out
2026-10-04T13:01:00Z  WARNING  stats fetch failed: timed out
2026-10-04T13:01:05Z  WARNING  thresholds fetch failed: timed out
2026-10-04T13:01:05Z  WARNING  stats fetch failed: timed out
2026-10-04T13:01:10Z  WARNING  thresholds fetch failed: timed out
2026-10-04T13:01:10Z  WARNING  stats fetch failed: timed out
2026-10-04T13:01:15Z  WARNING  thresholds fetch failed: timed out
2026-10-04T13:01:15Z  WARNING  stats fetch failed: timed out
2026-10-04T13:01:20Z  WARNING  thresholds fetch failed: timed out
2026-10-04T13:01:20Z  WARNING  stats fetch failed: timed out
2026-10-04T13:01:25Z  WARNING  thresholds fetch failed: timed out
2026-10-04T13:01:25Z  WARNING  stats fetch failed: timed out
2026-10-04T13:01:30Z  WARNING  thresholds fetch failed: timed out
2026-10-04T13:01:30Z  WARNING  stats fetch failed: timed out
2026-10-04T13:01:35Z  WARNING  thresholds fetch failed: timed out
2026-10-04T13:01:35Z  WARNING  stats fetch failed: timed out
2026-10-04T13:01:40Z  WARNING  thresholds fetch failed: timed out
2026-10-04T13:01:40Z  WARNING  stats fetch failed: timed out
2026-10-04T13:01:45Z  WARNING  thresholds fetch failed: timed out
2026-10-04T13:01:45Z  WARNING  stats fetch failed: timed out
2026-10-04T13:01:50Z  WARNING  thresholds fetch failed: timed out
2026-10-04T13:01:50Z  WARNING  stats fetch failed: timed out
2026-10-04T13:01:55Z  WARNING  thresholds fetch failed: timed out
2026-10-04T13:01:55Z  WARNING  stats fetch failed: timed out
2026-10-04T13:02:00Z  WARNING  thresholds fetch failed: timed out
2026-10-04T13:02:00Z  WARNING  stats fetch failed: timed out
2026-10-04T13:02:05Z  WARNING  thresholds fetch failed: timed out
2026-10-04T13:02:05Z  WARNING  stats fetch failed: timed out
2026-10-04T13:02:10Z  WARNING  thresholds fetch failed: timed out
2026-10-04T13:02:10Z  WARNING  stats fetch failed: timed out
2026-10-04T13:02:15Z  WARNING  thresholds fetch failed: timed out
2026-10-04T13:02:15Z  WARNING  stats fetch failed: timed out
2026-10-04T13:02:20Z  WARNING  thresholds fetch failed: timed out
2026-10-04T13:02:20Z  WARNING  stats fetch failed: timed out
2026-10-04T13:02:25Z  WARNING  thresholds fetch failed: timed out
2026-10-04T13:02:25Z  WARNING  stats fetch failed: timed out
2026-10-04T13:02:30Z  WARNING  thresholds fetch failed: timed out
2026-10-04T13:02:30Z  WARNING  stats fetch failed: timed out
2026-10-04T13:02:35Z  WARNING  thresholds fetch failed: timed out
2026-10-04T13:02:35Z  WARNING  stats fetch failed: timed out
2026-10-04T13:02:40Z  WARNING  thresholds fetch failed: timed out
2026-10-04T13:02:40Z  WARNING  stats fetch failed: timed out
2026-10-04T13:02:45Z  WARNING  thresholds fetch failed: timed out
2026-10-04T13:02:45Z  WARNING  stats fetch failed: timed out
2026-10-04T13:02:50Z  WARNING  thresholds fetch failed: timed out
2026-10-04T13:02:50Z  WARNING  stats fetch failed: timed out
2026-10-04T13:02:55Z  WARNING  thresholds fetch failed: timed out
2026-10-04T13:02:55Z  WARNING  stats fetch failed: timed out
2026-10-04T13:03:00Z  WARNING  thresholds fetch failed: timed out
2026-10-04T13:03:00Z  WARNING  stats fetch failed: timed out
2026-10-04T13:03:05Z  WARNING  thresholds fetch failed: timed out
2026-10-04T13:03:05Z  WARNING  stats fetch failed: timed out
2026-10-04T13:03:10Z  WARNING  thresholds fetch failed: timed out
2026-10-04T13:03:10Z  WARNING  stats fetch failed: timed out
2026-10-04T13:03:15Z  WARNING  thresholds fetch failed: timed out
2026-10-04T13:03:15Z  WARNING  stats fetch failed: timed out
2026-10-04T13:03:20Z  WARNING  thresholds fetch failed: timed out
2026-10-04T13:03:20Z  WARNING  stats fetch failed: timed out
2026-10-04T13:03:25Z  WARNING  thresholds fetch failed: timed out
2026-10-04T13:03:25Z  WARNING  stats fetch failed: timed out
2026-10-04T13:03:30Z  WARNING  thresholds fetch failed: timed out
2026-10-04T13:03:30Z  WARNING  stats fetch failed: timed out
2026-10-04T13:03:35Z  WARNING  thresholds fetch failed: timed out
2026-10-04T13:03:35Z  WARNING  stats fetch failed: timed out
2026-10-04T13:03:40Z  WARNING  thresholds fetch failed: timed out
2026-10-04T13:03:40Z  WARNING  stats fetch failed: timed out
2026-10-04T13:03:45Z  WARNING  thresholds fetch failed: timed out
2026-10-04T13:03:45Z  WARNING  stats fetch failed: timed out
2026-10-04T13:03:50Z  WARNING  thresholds fetch failed: timed out
2026-10-04T13:03:50Z  WARNING  stats fetch failed: timed out
2026-10-04T13:03:55Z  WARNING  thresholds fetch failed: timed out
2026-10-04T13:03:55Z  WARNING  stats fetch failed: timed out
2026-10-04T13:04:00Z  WARNING  thresholds fetch failed: timed out
2026-10-04T13:04:00Z  WARNING  stats fetch failed: timed out
2026-10-04T13:04:05Z  WARNING  thresholds fetch failed: timed out
2026-10-04T13:04:05Z  WARNING  stats fetch failed: timed out
2026-10-04T13:04:10Z  WARNING  thresholds fetch failed: timed out
2026-10-04T13:04:10Z  WARNING  stats fetch failed: timed out
2026-10-04T13:04:15Z  WARNING  thresholds fetch failed: timed out
2026-10-04T13:04:15Z  WARNING  stats fetch failed: timed out
2026-10-04T13:04:20Z  WARNING  thresholds fetch failed: timed out
2026-10-04T13:04:20Z  WARNING  stats fetch failed: timed out
2026-10-04T13:04:25Z  WARNING  thresholds fetch failed: timed out
2026-10-04T13:04:25Z  WARNING  stats fetch failed: timed out
2026-10-04T13:04:30Z  WARNING  thresholds fetch failed: timed out
2026-10-04T13:04:30Z  WARNING  stats fetch failed: timed out
2026-10-04T13:04:35Z  WARNING  thresholds fetch failed: timed out
2026-10-04T13:04:35Z  WARNING  stats fetch failed: timed out
2026-10-04T13:04:40Z  WARNING  thresholds fetch failed: timed out
2026-10-04T13:04:40Z  WARNING  stats fetch failed: timed out
2026-10-04T13:04:45Z  WARNING  thresholds fetch failed: timed out
2026-10-04T13:04:45Z  WARNING  stats fetch failed: timed out
2026-10-04T13:04:50Z  WARNING  thresholds fetch failed: timed out
2026-10-04T13:04:50Z  WARNING  stats fetch failed: timed out
2026-10-04T13:04:55Z  WARNING  thresholds fetch failed: timed out
2026-10-04T13:04:55Z  WARNING  stats fetch failed: timed out
2026-10-04T13:05:00Z  WARNING  thresholds fetch failed: timed out
2026-10-04T13:05:00Z  WARNING  stats fetch failed: timed out
2026-10-04T13:05:05Z  WARNING  thresholds fetch failed: timed out
2026-10-04T13:05:05Z  WARNING  stats fetch failed: timed out
2026-10-04T13:05:10Z  WARNING  thresholds fetch failed: timed out
2026-10-04T13:05:10Z  WARNING  stats fetch failed: timed out
2026-10-04T13:05:15Z  WARNING  thresholds fetch failed: timed out
2026-10-04T13:05:15Z  WARNING  stats fetch failed: timed out
2026-10-04T13:05:20Z  WARNING  thresholds fetch failed: timed out
2026-10-04T13:05:20Z  WARNING  stats fetch failed: timed out
2026-10-04T13:05:25Z  WARNING  thresholds fetch failed: timed out
2026-10-04T13:05:25Z  WARNING  stats fetch failed: timed out
2026-10-04T13:05:30Z  WARNING  thresholds fetch failed: timed out
2026-10-04T13:05:30Z  WARNING  stats fetch failed: timed out
2026-10-04T13:05:35Z  WARNING  thresholds fetch failed: timed out
2026-10-04T13:05:35Z  WARNING  stats fetch failed: timed out
2026-10-04T13:05:40Z  WARNING  thresholds fetch failed: timed out
2026-10-04T13:05:40Z  WARNING  stats fetch failed: timed out
2026-10-04T13:05:45Z  WARNING  thresholds fetch failed: timed out
2026-10-04T13:05:45Z  WARNING  stats fetch failed: timed out
2026-10-04T13:05:50Z  WARNING  thresholds fetch failed: timed out
2026-10-04T13:05:50Z  WARNING  stats fetch failed: timed out
2026-10-04T13:05:55Z  WARNING  thresholds fetch failed: timed out
2026-10-04T13:05:55Z  WARNING  stats fetch failed: <urlopen error timed out>
2026-10-04T13:06:00Z  WARNING  thresholds fetch failed: timed out
2026-10-04T13:06:00Z  WARNING  stats fetch failed: timed out
2026-10-04T13:06:05Z  WARNING  thresholds fetch failed: timed out
2026-10-04T13:06:05Z  WARNING  stats fetch failed: timed out
2026-10-04T13:06:10Z  WARNING  thresholds fetch failed: timed out
2026-10-04T13:06:10Z  WARNING  stats fetch failed: timed out
2026-10-04T13:06:15Z  WARNING  thresholds fetch failed: timed out
2026-10-04T13:06:15Z  WARNING  stats fetch failed: timed out
2026-10-04T13:06:20Z  WARNING  thresholds fetch failed: timed out
2026-10-04T13:06:20Z  WARNING  stats fetch failed: timed out
2026-10-04T13:06:25Z  WARNING  thresholds fetch failed: timed out
2026-10-04T13:06:25Z  WARNING  stats fetch failed: timed out
2026-10-04T13:06:30Z  WARNING  thresholds fetch failed: timed out
2026-10-04T13:06:30Z  WARNING  stats fetch failed: timed out
2026-10-04T13:06:35Z  WARNING  thresholds fetch failed: timed out
2026-10-04T13:06:35Z  WARNING  stats fetch failed: timed out
2026-10-04T13:06:40Z  WARNING  thresholds fetch failed: timed out
2026-10-04T13:06:40Z  WARNING  stats fetch failed: timed out
2026-10-04T13:06:45Z  WARNING  thresholds fetch failed: timed out
2026-10-04T13:06:45Z  WARNING  stats fetch failed: timed out
2026-10-04T13:06:50Z  WARNING  thresholds fetch failed: timed out
2026-10-04T13:06:50Z  WARNING  stats fetch failed: timed out
2026-10-04T13:06:55Z  WARNING  thresholds fetch failed: timed out
2026-10-04T13:06:55Z  WARNING  stats fetch failed: timed out
2026-10-04T13:07:00Z  WARNING  thresholds fetch failed: timed out
2026-10-04T13:07:00Z  WARNING  stats fetch failed: timed out
2026-10-04T13:07:05Z  WARNING  thresholds fetch failed: timed out
2026-10-04T13:07:05Z  WARNING  stats fetch failed: timed out
2026-10-04T13:07:10Z  WARNING  thresholds fetch failed: timed out
2026-10-04T13:07:10Z  WARNING  stats fetch failed: timed out
2026-10-04T13:07:15Z  WARNING  thresholds fetch failed: timed out
2026-10-04T13:07:15Z  WARNING  stats fetch failed: timed out
2026-10-04T13:07:20Z  WARNING  thresholds fetch failed: timed out
2026-10-04T13:07:20Z  WARNING  stats fetch failed: timed out
2026-10-04T13:07:25Z  WARNING  thresholds fetch failed: timed out
2026-10-04T13:07:25Z  WARNING  stats fetch failed: timed out
2026-10-04T13:07:30Z  WARNING  thresholds fetch failed: timed out
2026-10-04T13:07:30Z  WARNING  stats fetch failed: timed out
2026-10-04T13:07:35Z  WARNING  thresholds fetch failed: timed out
2026-10-04T13:07:35Z  WARNING  stats fetch failed: timed out
2026-10-04T13:07:40Z  WARNING  thresholds fetch failed: timed out
2026-10-04T13:07:40Z  WARNING  stats fetch failed: timed out
2026-10-04T13:07:45Z  WARNING  thresholds fetch failed: timed out
2026-10-04T13:07:45Z  WARNING  stats fetch failed: timed out
2026-10-04T13:07:50Z  WARNING  thresholds fetch failed: timed out
2026-10-04T13:07:50Z  WARNING  stats fetch failed: timed out
2026-10-04T13:07:55Z  WARNING  thresholds fetch failed: timed out
2026-10-04T13:07:55Z  WARNING  stats fetch failed: timed out
2026-10-04T13:08:00Z  WARNING  thresholds fetch failed: timed out
2026-10-04T13:08:00Z  WARNING  stats fetch failed: timed out
2026-10-04T13:08:05Z  WARNING  thresholds fetch failed: timed out
2026-10-04T13:08:05Z  WARNING  stats fetch failed: timed out
2026-10-04T13:08:10Z  WARNING  thresholds fetch failed: timed out
2026-10-04T13:08:10Z  WARNING  stats fetch failed: timed out
2026-10-04T13:08:15Z  WARNING  thresholds fetch failed: timed out
2026-10-04T13:08:15Z  WARNING  stats fetch failed: timed out
2026-10-04T13:08:20Z  WARNING  thresholds fetch failed: timed out
2026-10-04T13:08:20Z  WARNING  stats fetch failed: timed out
2026-10-04T13:08:25Z  WARNING  thresholds fetch failed: timed out
2026-10-04T13:08:25Z  WARNING  stats fetch failed: timed out
2026-10-04T13:08:30Z  WARNING  thresholds fetch failed: timed out
2026-10-04T13:08:30Z  WARNING  stats fetch failed: timed out
2026-10-04T13:08:35Z  WARNING  thresholds fetch failed: timed out
2026-10-04T13:08:35Z  WARNING  stats fetch failed: timed out
2026-10-04T13:08:40Z  WARNING  thresholds fetch failed: timed out
2026-10-04T13:08:40Z  WARNING  stats fetch failed: timed out
2026-10-04T13:08:45Z  WARNING  thresholds fetch failed: timed out
2026-10-04T13:08:45Z  WARNING  stats fetch failed: timed out
2026-10-04T13:08:50Z  WARNING  thresholds fetch failed: timed out
2026-10-04T13:08:50Z  WARNING  stats fetch failed: timed out
2026-10-04T13:08:55Z  WARNING  thresholds fetch failed: timed out
2026-10-04T13:08:55Z  WARNING  stats fetch failed: timed out
2026-10-04T13:09:00Z  WARNING  thresholds fetch failed: timed out
2026-10-04T13:09:00Z  WARNING  stats fetch failed: timed out
2026-10-04T13:09:05Z  WARNING  thresholds fetch failed: timed out
2026-10-04T13:09:05Z  WARNING  stats fetch failed: timed out
2026-10-04T13:09:10Z  WARNING  thresholds fetch failed: timed out
2026-10-04T13:09:10Z  WARNING  stats fetch failed: timed out
2026-10-04T13:09:15Z  WARNING  thresholds fetch failed: timed out
2026-10-04T13:09:15Z  WARNING  stats fetch failed: timed out
2026-10-04T13:09:20Z  WARNING  thresholds fetch failed: timed out
2026-10-04T13:09:20Z  WARNING  stats fetch failed: timed out
2026-10-04T13:09:25Z  WARNING  thresholds fetch failed: timed out
2026-10-04T13:09:25Z  WARNING  stats fetch failed: timed out
2026-10-04T13:09:30Z  WARNING  thresholds fetch failed: timed out
2026-10-04T13:09:30Z  WARNING  stats fetch failed: timed out
2026-10-04T13:09:35Z  WARNING  thresholds fetch failed: timed out
2026-10-04T13:09:35Z  WARNING  stats fetch failed: timed out
2026-10-04T13:09:40Z  WARNING  thresholds fetch failed: timed out
2026-10-04T13:09:40Z  WARNING  stats fetch failed: timed out
2026-10-04T13:09:45Z  WARNING  thresholds fetch failed: timed out
2026-10-04T13:09:45Z  WARNING  stats fetch failed: timed out
2026-10-04T13:09:50Z  WARNING  thresholds fetch failed: timed out
2026-10-04T13:09:50Z  WARNING  stats fetch failed: timed out
2026-10-04T13:09:55Z  WARNING  thresholds fetch failed: timed out
2026-10-04T13:09:55Z  WARNING  stats fetch failed: timed out
2026-10-04T13:10:00Z  WARNING  thresholds fetch failed: timed out
2026-10-04T13:10:00Z  WARNING  stats fetch failed: timed out
2026-10-04T13:10:05Z  WARNING  thresholds fetch failed: timed out
2026-10-04T13:10:05Z  WARNING  stats fetch failed: timed out
2026-10-04T13:10:10Z  WARNING  thresholds fetch failed: timed out
2026-10-04T13:10:10Z  WARNING  stats fetch failed: timed out
2026-10-04T13:10:15Z  WARNING  thresholds fetch failed: timed out
2026-10-04T13:10:15Z  WARNING  stats fetch failed: timed out
2026-10-04T13:10:20Z  WARNING  thresholds fetch failed: timed out
2026-10-04T13:10:20Z  WARNING  stats fetch failed: timed out
2026-10-04T13:10:25Z  WARNING  thresholds fetch failed: timed out
2026-10-04T13:10:25Z  WARNING  stats fetch failed: timed out
2026-10-04T13:10:31Z  SHUTDOWN  signal=15
2026-10-04T13:10:32Z  EXIT
