2026-09-25T11:40:05Z  START  poll_interval=1s layer_a_poll_interval=5s
2026-09-25T11:41:15Z  WARNING  thresholds fetch failed: timed out
2026-09-25T11:41:15Z  WARNING  stats fetch failed: timed out
2026-09-25T11:41:20Z  WARNING  thresholds fetch failed: timed out
2026-09-25T11:41:20Z  WARNING  stats fetch failed: timed out
2026-09-25T11:41:25Z  WARNING  thresholds fetch failed: timed out
2026-09-25T11:41:25Z  WARNING  stats fetch failed: timed out
2026-09-25T11:41:30Z  WARNING  thresholds fetch failed: timed out
2026-09-25T11:41:30Z  WARNING  stats fetch failed: timed out
2026-09-25T11:41:35Z  WARNING  thresholds fetch failed: timed out
2026-09-25T11:41:35Z  WARNING  stats fetch failed: timed out
2026-09-25T11:41:40Z  WARNING  thresholds fetch failed: timed out
2026-09-25T11:41:40Z  WARNING  stats fetch failed: timed out
2026-09-25T11:41:45Z  WARNING  thresholds fetch failed: timed out
2026-09-25T11:41:45Z  WARNING  stats fetch failed: timed out
2026-09-25T11:41:50Z  WARNING  thresholds fetch failed: timed out
2026-09-25T11:41:50Z  WARNING  stats fetch failed: timed out
2026-09-25T11:41:55Z  WARNING  thresholds fetch failed: timed out
2026-09-25T11:41:55Z  WARNING  stats fetch failed: timed out
2026-09-25T11:42:00Z  WARNING  thresholds fetch failed: timed out
2026-09-25T11:42:00Z  WARNING  stats fetch failed: timed out
2026-09-25T11:42:05Z  WARNING  thresholds fetch failed: timed out
2026-09-25T11:42:05Z  WARNING  stats fetch failed: timed out
2026-09-25T11:42:10Z  WARNING  thresholds fetch failed: timed out
2026-09-25T11:42:10Z  WARNING  stats fetch failed: timed out
2026-09-25T11:42:15Z  WARNING  thresholds fetch failed: timed out
2026-09-25T11:42:15Z  WARNING  stats fetch failed: timed out
2026-09-25T11:42:20Z  WARNING  thresholds fetch failed: timed out
2026-09-25T11:42:20Z  WARNING  stats fetch failed: timed out
2026-09-25T11:42:25Z  WARNING  thresholds fetch failed: timed out
2026-09-25T11:42:25Z  WARNING  stats fetch failed: timed out
2026-09-25T11:42:30Z  WARNING  thresholds fetch failed: timed out
2026-09-25T11:42:30Z  WARNING  stats fetch failed: timed out
2026-09-25T11:42:35Z  WARNING  thresholds fetch failed: timed out
2026-09-25T11:42:35Z  WARNING  stats fetch failed: timed out
2026-09-25T11:42:40Z  WARNING  thresholds fetch failed: timed out
2026-09-25T11:42:40Z  WARNING  stats fetch failed: timed out
2026-09-25T11:42:45Z  WARNING  thresholds fetch failed: timed out
2026-09-25T11:42:45Z  WARNING  stats fetch failed: timed out
2026-09-25T11:42:50Z  WARNING  thresholds fetch failed: timed out
2026-09-25T11:42:50Z  WARNING  stats fetch failed: timed out
2026-09-25T11:42:55Z  WARNING  thresholds fetch failed: timed out
2026-09-25T11:42:55Z  WARNING  stats fetch failed: timed out
2026-09-25T11:43:00Z  WARNING  thresholds fetch failed: timed out
2026-09-25T11:43:00Z  WARNING  stats fetch failed: timed out
2026-09-25T11:43:05Z  WARNING  thresholds fetch failed: timed out
2026-09-25T11:43:05Z  WARNING  stats fetch failed: timed out
2026-09-25T11:43:10Z  WARNING  thresholds fetch failed: timed out
2026-09-25T11:43:10Z  WARNING  stats fetch failed: timed out
2026-09-25T11:43:15Z  WARNING  thresholds fetch failed: timed out
2026-09-25T11:43:15Z  WARNING  stats fetch failed: timed out
2026-09-25T11:43:20Z  WARNING  thresholds fetch failed: timed out
2026-09-25T11:43:20Z  WARNING  stats fetch failed: timed out
2026-09-25T11:43:25Z  WARNING  thresholds fetch failed: timed out
2026-09-25T11:43:25Z  WARNING  stats fetch failed: timed out
2026-09-25T11:43:30Z  WARNING  thresholds fetch failed: timed out
2026-09-25T11:43:30Z  WARNING  stats fetch failed: timed out
2026-09-25T11:43:35Z  WARNING  thresholds fetch failed: timed out
2026-09-25T11:43:35Z  WARNING  stats fetch failed: timed out
2026-09-25T11:43:40Z  WARNING  thresholds fetch failed: timed out
2026-09-25T11:43:40Z  WARNING  stats fetch failed: timed out
2026-09-25T11:43:45Z  WARNING  thresholds fetch failed: timed out
2026-09-25T11:43:45Z  WARNING  stats fetch failed: timed out
2026-09-25T11:43:50Z  WARNING  thresholds fetch failed: timed out
2026-09-25T11:43:50Z  WARNING  stats fetch failed: timed out
2026-09-25T11:43:55Z  WARNING  thresholds fetch failed: timed out
2026-09-25T11:43:55Z  WARNING  stats fetch failed: timed out
2026-09-25T11:44:00Z  WARNING  thresholds fetch failed: timed out
2026-09-25T11:44:00Z  WARNING  stats fetch failed: timed out
2026-09-25T11:44:05Z  WARNING  thresholds fetch failed: timed out
2026-09-25T11:44:05Z  WARNING  stats fetch failed: timed out
2026-09-25T11:44:10Z  WARNING  thresholds fetch failed: timed out
2026-09-25T11:44:10Z  WARNING  stats fetch failed: timed out
2026-09-25T11:44:15Z  WARNING  thresholds fetch failed: timed out
2026-09-25T11:44:15Z  WARNING  stats fetch failed: timed out
2026-09-25T11:44:20Z  WARNING  thresholds fetch failed: timed out
2026-09-25T11:44:20Z  WARNING  stats fetch failed: timed out
2026-09-25T11:44:25Z  WARNING  thresholds fetch failed: timed out
2026-09-25T11:44:25Z  WARNING  stats fetch failed: timed out
2026-09-25T11:44:30Z  WARNING  thresholds fetch failed: timed out
2026-09-25T11:44:30Z  WARNING  stats fetch failed: timed out
2026-09-25T11:44:35Z  WARNING  thresholds fetch failed: timed out
2026-09-25T11:44:35Z  WARNING  stats fetch failed: timed out
2026-09-25T11:44:40Z  WARNING  thresholds fetch failed: timed out
2026-09-25T11:44:40Z  WARNING  stats fetch failed: timed out
2026-09-25T11:44:45Z  WARNING  thresholds fetch failed: timed out
2026-09-25T11:44:45Z  WARNING  stats fetch failed: timed out
2026-09-25T11:44:50Z  WARNING  thresholds fetch failed: timed out
2026-09-25T11:44:50Z  WARNING  stats fetch failed: timed out
2026-09-25T11:44:55Z  WARNING  thresholds fetch failed: timed out
2026-09-25T11:44:55Z  WARNING  stats fetch failed: timed out
2026-09-25T11:45:00Z  WARNING  thresholds fetch failed: timed out
2026-09-25T11:45:00Z  WARNING  stats fetch failed: timed out
2026-09-25T11:45:05Z  WARNING  thresholds fetch failed: timed out
2026-09-25T11:45:05Z  WARNING  stats fetch failed: timed out
2026-09-25T11:45:10Z  WARNING  thresholds fetch failed: timed out
2026-09-25T11:45:10Z  WARNING  stats fetch failed: timed out
2026-09-25T11:45:15Z  WARNING  thresholds fetch failed: timed out
2026-09-25T11:45:15Z  WARNING  stats fetch failed: timed out
2026-09-25T11:45:20Z  WARNING  thresholds fetch failed: timed out
2026-09-25T11:45:20Z  WARNING  stats fetch failed: timed out
2026-09-25T11:45:25Z  WARNING  thresholds fetch failed: timed out
2026-09-25T11:45:25Z  WARNING  stats fetch failed: timed out
2026-09-25T11:45:30Z  WARNING  thresholds fetch failed: timed out
2026-09-25T11:45:30Z  WARNING  stats fetch failed: timed out
2026-09-25T11:45:35Z  WARNING  thresholds fetch failed: timed out
2026-09-25T11:45:35Z  WARNING  stats fetch failed: timed out
2026-09-25T11:45:40Z  WARNING  thresholds fetch failed: timed out
2026-09-25T11:45:40Z  WARNING  stats fetch failed: timed out
2026-09-25T11:45:45Z  WARNING  thresholds fetch failed: timed out
2026-09-25T11:45:45Z  WARNING  stats fetch failed: timed out
2026-09-25T11:45:50Z  WARNING  thresholds fetch failed: timed out
2026-09-25T11:45:50Z  WARNING  stats fetch failed: timed out
2026-09-25T11:45:55Z  WARNING  thresholds fetch failed: timed out
2026-09-25T11:45:55Z  WARNING  stats fetch failed: timed out
2026-09-25T11:46:00Z  WARNING  thresholds fetch failed: timed out
2026-09-25T11:46:00Z  WARNING  stats fetch failed: timed out
2026-09-25T11:46:05Z  WARNING  thresholds fetch failed: timed out
2026-09-25T11:46:05Z  WARNING  stats fetch failed: timed out
2026-09-25T11:46:10Z  WARNING  thresholds fetch failed: timed out
2026-09-25T11:46:10Z  WARNING  stats fetch failed: timed out
2026-09-25T11:46:15Z  WARNING  thresholds fetch failed: timed out
2026-09-25T11:46:15Z  WARNING  stats fetch failed: timed out
2026-09-25T11:46:20Z  WARNING  thresholds fetch failed: timed out
2026-09-25T11:46:20Z  WARNING  stats fetch failed: timed out
2026-09-25T11:46:25Z  WARNING  thresholds fetch failed: timed out
2026-09-25T11:46:25Z  WARNING  stats fetch failed: timed out
2026-09-25T11:46:30Z  WARNING  thresholds fetch failed: timed out
2026-09-25T11:46:30Z  WARNING  stats fetch failed: timed out
2026-09-25T11:46:35Z  WARNING  thresholds fetch failed: timed out
2026-09-25T11:46:35Z  WARNING  stats fetch failed: timed out
2026-09-25T11:46:40Z  WARNING  thresholds fetch failed: timed out
2026-09-25T11:46:40Z  WARNING  stats fetch failed: timed out
2026-09-25T11:46:45Z  WARNING  thresholds fetch failed: timed out
2026-09-25T11:46:45Z  WARNING  stats fetch failed: timed out
2026-09-25T11:46:50Z  WARNING  thresholds fetch failed: timed out
2026-09-25T11:46:50Z  WARNING  stats fetch failed: timed out
2026-09-25T11:46:55Z  WARNING  thresholds fetch failed: timed out
2026-09-25T11:46:55Z  WARNING  stats fetch failed: timed out
2026-09-25T11:47:00Z  WARNING  thresholds fetch failed: timed out
2026-09-25T11:47:00Z  WARNING  stats fetch failed: timed out
2026-09-25T11:47:05Z  WARNING  thresholds fetch failed: timed out
2026-09-25T11:47:05Z  WARNING  stats fetch failed: timed out
2026-09-25T11:47:10Z  WARNING  thresholds fetch failed: timed out
2026-09-25T11:47:10Z  WARNING  stats fetch failed: timed out
2026-09-25T11:47:15Z  WARNING  thresholds fetch failed: timed out
2026-09-25T11:47:15Z  WARNING  stats fetch failed: timed out
2026-09-25T11:47:20Z  WARNING  thresholds fetch failed: timed out
2026-09-25T11:47:20Z  WARNING  stats fetch failed: timed out
2026-09-25T11:47:25Z  WARNING  thresholds fetch failed: timed out
2026-09-25T11:47:25Z  WARNING  stats fetch failed: timed out
2026-09-25T11:47:30Z  WARNING  thresholds fetch failed: timed out
2026-09-25T11:47:30Z  WARNING  stats fetch failed: timed out
2026-09-25T11:47:35Z  WARNING  thresholds fetch failed: timed out
2026-09-25T11:47:35Z  WARNING  stats fetch failed: timed out
2026-09-25T11:47:40Z  WARNING  thresholds fetch failed: timed out
2026-09-25T11:47:40Z  WARNING  stats fetch failed: timed out
2026-09-25T11:47:45Z  WARNING  thresholds fetch failed: timed out
2026-09-25T11:47:45Z  WARNING  stats fetch failed: timed out
2026-09-25T11:47:50Z  WARNING  thresholds fetch failed: timed out
2026-09-25T11:47:50Z  WARNING  stats fetch failed: timed out
2026-09-25T11:47:55Z  WARNING  thresholds fetch failed: timed out
2026-09-25T11:47:55Z  WARNING  stats fetch failed: timed out
2026-09-25T11:48:00Z  WARNING  thresholds fetch failed: timed out
2026-09-25T11:48:00Z  WARNING  stats fetch failed: timed out
2026-09-25T11:48:05Z  WARNING  thresholds fetch failed: timed out
2026-09-25T11:48:05Z  WARNING  stats fetch failed: timed out
2026-09-25T11:48:10Z  WARNING  thresholds fetch failed: timed out
2026-09-25T11:48:10Z  WARNING  stats fetch failed: timed out
2026-09-25T11:48:15Z  WARNING  thresholds fetch failed: timed out
2026-09-25T11:48:15Z  WARNING  stats fetch failed: timed out
2026-09-25T11:48:20Z  WARNING  thresholds fetch failed: timed out
2026-09-25T11:48:20Z  WARNING  stats fetch failed: timed out
2026-09-25T11:48:25Z  WARNING  thresholds fetch failed: timed out
2026-09-25T11:48:25Z  WARNING  stats fetch failed: timed out
2026-09-25T11:48:30Z  WARNING  thresholds fetch failed: timed out
2026-09-25T11:48:30Z  WARNING  stats fetch failed: timed out
2026-09-25T11:48:35Z  WARNING  thresholds fetch failed: timed out
2026-09-25T11:48:35Z  WARNING  stats fetch failed: timed out
2026-09-25T11:48:40Z  WARNING  thresholds fetch failed: timed out
2026-09-25T11:48:40Z  WARNING  stats fetch failed: timed out
2026-09-25T11:48:45Z  WARNING  thresholds fetch failed: timed out
2026-09-25T11:48:45Z  WARNING  stats fetch failed: timed out
2026-09-25T11:48:50Z  WARNING  thresholds fetch failed: timed out
2026-09-25T11:48:50Z  WARNING  stats fetch failed: timed out
2026-09-25T11:48:55Z  WARNING  thresholds fetch failed: timed out
2026-09-25T11:48:55Z  WARNING  stats fetch failed: timed out
2026-09-25T11:49:00Z  WARNING  thresholds fetch failed: timed out
2026-09-25T11:49:00Z  WARNING  stats fetch failed: timed out
2026-09-25T11:49:05Z  WARNING  thresholds fetch failed: timed out
2026-09-25T11:49:05Z  WARNING  stats fetch failed: timed out
2026-09-25T11:49:10Z  WARNING  thresholds fetch failed: timed out
2026-09-25T11:49:10Z  WARNING  stats fetch failed: timed out
2026-09-25T11:49:15Z  WARNING  thresholds fetch failed: timed out
2026-09-25T11:49:15Z  WARNING  stats fetch failed: timed out
2026-09-25T11:49:20Z  WARNING  thresholds fetch failed: timed out
2026-09-25T11:49:20Z  WARNING  stats fetch failed: timed out
2026-09-25T11:49:25Z  WARNING  thresholds fetch failed: timed out
2026-09-25T11:49:25Z  WARNING  stats fetch failed: timed out
2026-09-25T11:49:30Z  WARNING  thresholds fetch failed: timed out
2026-09-25T11:49:30Z  WARNING  stats fetch failed: timed out
2026-09-25T11:49:35Z  WARNING  thresholds fetch failed: timed out
2026-09-25T11:49:35Z  WARNING  stats fetch failed: timed out
2026-09-25T11:49:40Z  WARNING  thresholds fetch failed: timed out
2026-09-25T11:49:40Z  WARNING  stats fetch failed: timed out
2026-09-25T11:49:45Z  WARNING  thresholds fetch failed: timed out
2026-09-25T11:49:45Z  WARNING  stats fetch failed: timed out
2026-09-25T11:49:50Z  WARNING  thresholds fetch failed: timed out
2026-09-25T11:49:50Z  WARNING  stats fetch failed: timed out
2026-09-25T11:49:55Z  WARNING  thresholds fetch failed: timed out
2026-09-25T11:49:55Z  WARNING  stats fetch failed: timed out
2026-09-25T11:50:00Z  WARNING  thresholds fetch failed: timed out
2026-09-25T11:50:00Z  WARNING  stats fetch failed: timed out
2026-09-25T11:50:05Z  WARNING  thresholds fetch failed: timed out
2026-09-25T11:50:05Z  WARNING  stats fetch failed: timed out
2026-09-25T11:50:10Z  WARNING  thresholds fetch failed: timed out
2026-09-25T11:50:10Z  WARNING  stats fetch failed: timed out
2026-09-25T11:50:15Z  WARNING  thresholds fetch failed: timed out
2026-09-25T11:50:15Z  WARNING  stats fetch failed: timed out
2026-09-25T11:50:20Z  WARNING  thresholds fetch failed: timed out
2026-09-25T11:50:20Z  WARNING  stats fetch failed: timed out
2026-09-25T11:50:25Z  WARNING  thresholds fetch failed: timed out
2026-09-25T11:50:25Z  WARNING  stats fetch failed: timed out
2026-09-25T11:50:30Z  WARNING  thresholds fetch failed: timed out
2026-09-25T11:50:30Z  WARNING  stats fetch failed: timed out
2026-09-25T11:50:35Z  WARNING  thresholds fetch failed: timed out
2026-09-25T11:50:35Z  WARNING  stats fetch failed: timed out
2026-09-25T11:50:40Z  WARNING  thresholds fetch failed: timed out
2026-09-25T11:50:40Z  WARNING  stats fetch failed: timed out
2026-09-25T11:50:45Z  SHUTDOWN  signal=15
2026-09-25T11:50:46Z  EXIT
