2026-09-24T14:54:52Z  START  poll_interval=1s layer_a_poll_interval=5s
2026-09-24T14:56:35Z  WARNING  thresholds fetch failed: timed out
2026-09-24T14:56:35Z  WARNING  stats fetch failed: timed out
2026-09-24T14:56:40Z  WARNING  thresholds fetch failed: timed out
2026-09-24T14:56:40Z  WARNING  stats fetch failed: timed out
2026-09-24T14:56:45Z  WARNING  thresholds fetch failed: timed out
2026-09-24T14:56:45Z  WARNING  stats fetch failed: timed out
2026-09-24T14:56:50Z  WARNING  thresholds fetch failed: timed out
2026-09-24T14:56:50Z  WARNING  stats fetch failed: timed out
2026-09-24T14:56:55Z  WARNING  thresholds fetch failed: timed out
2026-09-24T14:56:55Z  WARNING  stats fetch failed: timed out
2026-09-24T14:57:00Z  WARNING  thresholds fetch failed: timed out
2026-09-24T14:57:00Z  WARNING  stats fetch failed: timed out
2026-09-24T14:57:05Z  WARNING  thresholds fetch failed: timed out
2026-09-24T14:57:05Z  WARNING  stats fetch failed: timed out
2026-09-24T14:57:10Z  WARNING  thresholds fetch failed: timed out
2026-09-24T14:57:10Z  WARNING  stats fetch failed: timed out
2026-09-24T14:57:15Z  WARNING  thresholds fetch failed: timed out
2026-09-24T14:57:15Z  WARNING  stats fetch failed: timed out
2026-09-24T14:57:20Z  WARNING  thresholds fetch failed: timed out
2026-09-24T14:57:20Z  WARNING  stats fetch failed: timed out
2026-09-24T14:57:25Z  WARNING  thresholds fetch failed: timed out
2026-09-24T14:57:25Z  WARNING  stats fetch failed: timed out
2026-09-24T14:57:30Z  WARNING  thresholds fetch failed: timed out
2026-09-24T14:57:30Z  WARNING  stats fetch failed: timed out
2026-09-24T14:57:35Z  WARNING  thresholds fetch failed: timed out
2026-09-24T14:57:35Z  WARNING  stats fetch failed: timed out
2026-09-24T14:57:40Z  WARNING  thresholds fetch failed: timed out
2026-09-24T14:57:40Z  WARNING  stats fetch failed: timed out
2026-09-24T14:57:45Z  WARNING  thresholds fetch failed: timed out
2026-09-24T14:57:45Z  WARNING  stats fetch failed: timed out
2026-09-24T14:57:50Z  WARNING  thresholds fetch failed: timed out
2026-09-24T14:57:50Z  WARNING  stats fetch failed: timed out
2026-09-24T14:57:55Z  WARNING  thresholds fetch failed: timed out
2026-09-24T14:57:55Z  WARNING  stats fetch failed: timed out
2026-09-24T14:58:00Z  WARNING  thresholds fetch failed: timed out
2026-09-24T14:58:00Z  WARNING  stats fetch failed: timed out
2026-09-24T14:58:05Z  WARNING  thresholds fetch failed: timed out
2026-09-24T14:58:05Z  WARNING  stats fetch failed: timed out
2026-09-24T14:58:10Z  WARNING  thresholds fetch failed: timed out
2026-09-24T14:58:10Z  WARNING  stats fetch failed: timed out
2026-09-24T14:58:15Z  WARNING  thresholds fetch failed: timed out
2026-09-24T14:58:15Z  WARNING  stats fetch failed: timed out
2026-09-24T14:58:20Z  WARNING  thresholds fetch failed: timed out
2026-09-24T14:58:20Z  WARNING  stats fetch failed: timed out
2026-09-24T14:58:25Z  WARNING  thresholds fetch failed: timed out
2026-09-24T14:58:25Z  WARNING  stats fetch failed: timed out
2026-09-24T14:58:30Z  WARNING  thresholds fetch failed: timed out
2026-09-24T14:58:30Z  WARNING  stats fetch failed: timed out
2026-09-24T14:58:35Z  WARNING  thresholds fetch failed: timed out
2026-09-24T14:58:35Z  WARNING  stats fetch failed: timed out
2026-09-24T14:58:40Z  WARNING  thresholds fetch failed: timed out
2026-09-24T14:58:40Z  WARNING  stats fetch failed: timed out
2026-09-24T14:58:45Z  WARNING  thresholds fetch failed: timed out
2026-09-24T14:58:45Z  WARNING  stats fetch failed: timed out
2026-09-24T14:58:50Z  WARNING  thresholds fetch failed: timed out
2026-09-24T14:58:50Z  WARNING  stats fetch failed: timed out
2026-09-24T14:58:55Z  WARNING  thresholds fetch failed: timed out
2026-09-24T14:58:55Z  WARNING  stats fetch failed: timed out
2026-09-24T14:59:00Z  WARNING  thresholds fetch failed: timed out
2026-09-24T14:59:00Z  WARNING  stats fetch failed: timed out
2026-09-24T14:59:05Z  WARNING  thresholds fetch failed: timed out
2026-09-24T14:59:05Z  WARNING  stats fetch failed: timed out
2026-09-24T14:59:10Z  WARNING  thresholds fetch failed: timed out
2026-09-24T14:59:10Z  WARNING  stats fetch failed: timed out
2026-09-24T14:59:15Z  WARNING  thresholds fetch failed: timed out
2026-09-24T14:59:15Z  WARNING  stats fetch failed: timed out
2026-09-24T14:59:20Z  WARNING  thresholds fetch failed: timed out
2026-09-24T14:59:20Z  WARNING  stats fetch failed: timed out
2026-09-24T14:59:25Z  WARNING  thresholds fetch failed: timed out
2026-09-24T14:59:25Z  WARNING  stats fetch failed: timed out
2026-09-24T14:59:30Z  WARNING  thresholds fetch failed: timed out
2026-09-24T14:59:30Z  WARNING  stats fetch failed: timed out
2026-09-24T14:59:35Z  WARNING  thresholds fetch failed: timed out
2026-09-24T14:59:35Z  WARNING  stats fetch failed: timed out
2026-09-24T14:59:40Z  WARNING  thresholds fetch failed: timed out
2026-09-24T14:59:40Z  WARNING  stats fetch failed: timed out
2026-09-24T14:59:45Z  WARNING  thresholds fetch failed: timed out
2026-09-24T14:59:45Z  WARNING  stats fetch failed: timed out
2026-09-24T14:59:50Z  WARNING  thresholds fetch failed: timed out
2026-09-24T14:59:50Z  WARNING  stats fetch failed: timed out
2026-09-24T14:59:55Z  WARNING  thresholds fetch failed: timed out
2026-09-24T14:59:55Z  WARNING  stats fetch failed: timed out
2026-09-24T15:00:00Z  WARNING  thresholds fetch failed: <urlopen error timed out>
2026-09-24T15:00:00Z  WARNING  stats fetch failed: timed out
2026-09-24T15:00:05Z  WARNING  thresholds fetch failed: timed out
2026-09-24T15:00:05Z  WARNING  stats fetch failed: timed out
2026-09-24T15:00:10Z  WARNING  thresholds fetch failed: timed out
2026-09-24T15:00:10Z  WARNING  stats fetch failed: timed out
2026-09-24T15:00:15Z  WARNING  thresholds fetch failed: timed out
2026-09-24T15:00:15Z  WARNING  stats fetch failed: timed out
2026-09-24T15:00:20Z  WARNING  thresholds fetch failed: timed out
2026-09-24T15:00:20Z  WARNING  stats fetch failed: timed out
2026-09-24T15:00:25Z  WARNING  thresholds fetch failed: timed out
2026-09-24T15:00:25Z  WARNING  stats fetch failed: timed out
2026-09-24T15:00:30Z  WARNING  thresholds fetch failed: timed out
2026-09-24T15:00:30Z  WARNING  stats fetch failed: timed out
2026-09-24T15:00:35Z  WARNING  thresholds fetch failed: timed out
2026-09-24T15:00:35Z  WARNING  stats fetch failed: timed out
2026-09-24T15:00:40Z  WARNING  thresholds fetch failed: timed out
2026-09-24T15:00:40Z  WARNING  stats fetch failed: timed out
2026-09-24T15:00:45Z  WARNING  thresholds fetch failed: timed out
2026-09-24T15:00:45Z  WARNING  stats fetch failed: timed out
2026-09-24T15:00:50Z  WARNING  thresholds fetch failed: timed out
2026-09-24T15:00:50Z  WARNING  stats fetch failed: timed out
2026-09-24T15:00:55Z  WARNING  thresholds fetch failed: timed out
2026-09-24T15:00:55Z  WARNING  stats fetch failed: timed out
2026-09-24T15:01:00Z  WARNING  thresholds fetch failed: timed out
2026-09-24T15:01:00Z  WARNING  stats fetch failed: timed out
2026-09-24T15:01:05Z  WARNING  thresholds fetch failed: timed out
2026-09-24T15:01:05Z  WARNING  stats fetch failed: timed out
2026-09-24T15:01:10Z  WARNING  thresholds fetch failed: timed out
2026-09-24T15:01:10Z  WARNING  stats fetch failed: timed out
2026-09-24T15:01:15Z  WARNING  thresholds fetch failed: timed out
2026-09-24T15:01:15Z  WARNING  stats fetch failed: timed out
2026-09-24T15:01:20Z  WARNING  thresholds fetch failed: timed out
2026-09-24T15:01:20Z  WARNING  stats fetch failed: timed out
2026-09-24T15:01:25Z  WARNING  thresholds fetch failed: timed out
2026-09-24T15:01:25Z  WARNING  stats fetch failed: timed out
2026-09-24T15:01:30Z  WARNING  thresholds fetch failed: timed out
2026-09-24T15:01:30Z  WARNING  stats fetch failed: timed out
2026-09-24T15:01:35Z  WARNING  thresholds fetch failed: timed out
2026-09-24T15:01:35Z  WARNING  stats fetch failed: timed out
2026-09-24T15:01:40Z  WARNING  thresholds fetch failed: timed out
2026-09-24T15:01:40Z  WARNING  stats fetch failed: timed out
2026-09-24T15:01:45Z  WARNING  thresholds fetch failed: timed out
2026-09-24T15:01:45Z  WARNING  stats fetch failed: timed out
2026-09-24T15:01:50Z  WARNING  thresholds fetch failed: timed out
2026-09-24T15:01:50Z  WARNING  stats fetch failed: timed out
2026-09-24T15:01:55Z  WARNING  thresholds fetch failed: timed out
2026-09-24T15:01:55Z  WARNING  stats fetch failed: timed out
2026-09-24T15:02:00Z  WARNING  thresholds fetch failed: timed out
2026-09-24T15:02:00Z  WARNING  stats fetch failed: timed out
2026-09-24T15:02:05Z  WARNING  thresholds fetch failed: timed out
2026-09-24T15:02:05Z  WARNING  stats fetch failed: timed out
2026-09-24T15:02:10Z  WARNING  thresholds fetch failed: timed out
2026-09-24T15:02:10Z  WARNING  stats fetch failed: timed out
2026-09-24T15:02:15Z  WARNING  thresholds fetch failed: timed out
2026-09-24T15:02:15Z  WARNING  stats fetch failed: timed out
2026-09-24T15:02:20Z  WARNING  thresholds fetch failed: timed out
2026-09-24T15:02:20Z  WARNING  stats fetch failed: timed out
2026-09-24T15:02:25Z  WARNING  thresholds fetch failed: timed out
2026-09-24T15:02:25Z  WARNING  stats fetch failed: timed out
2026-09-24T15:02:30Z  WARNING  thresholds fetch failed: timed out
2026-09-24T15:02:30Z  WARNING  stats fetch failed: timed out
2026-09-24T15:02:35Z  WARNING  thresholds fetch failed: timed out
2026-09-24T15:02:35Z  WARNING  stats fetch failed: timed out
2026-09-24T15:02:40Z  WARNING  thresholds fetch failed: timed out
2026-09-24T15:02:40Z  WARNING  stats fetch failed: timed out
2026-09-24T15:02:45Z  WARNING  thresholds fetch failed: timed out
2026-09-24T15:02:45Z  WARNING  stats fetch failed: timed out
2026-09-24T15:02:50Z  WARNING  thresholds fetch failed: timed out
2026-09-24T15:02:50Z  WARNING  stats fetch failed: timed out
2026-09-24T15:02:55Z  WARNING  thresholds fetch failed: timed out
2026-09-24T15:02:55Z  WARNING  stats fetch failed: timed out
2026-09-24T15:03:00Z  WARNING  thresholds fetch failed: timed out
2026-09-24T15:03:00Z  WARNING  stats fetch failed: timed out
2026-09-24T15:03:05Z  WARNING  thresholds fetch failed: timed out
2026-09-24T15:03:05Z  WARNING  stats fetch failed: timed out
2026-09-24T15:03:10Z  WARNING  thresholds fetch failed: timed out
2026-09-24T15:03:10Z  WARNING  stats fetch failed: timed out
2026-09-24T15:03:15Z  WARNING  thresholds fetch failed: timed out
2026-09-24T15:03:15Z  WARNING  stats fetch failed: timed out
2026-09-24T15:03:20Z  WARNING  thresholds fetch failed: timed out
2026-09-24T15:03:20Z  WARNING  stats fetch failed: timed out
2026-09-24T15:03:25Z  WARNING  thresholds fetch failed: timed out
2026-09-24T15:03:25Z  WARNING  stats fetch failed: timed out
2026-09-24T15:03:30Z  WARNING  thresholds fetch failed: timed out
2026-09-24T15:03:30Z  WARNING  stats fetch failed: timed out
2026-09-24T15:03:35Z  WARNING  thresholds fetch failed: timed out
2026-09-24T15:03:35Z  WARNING  stats fetch failed: timed out
2026-09-24T15:03:40Z  WARNING  thresholds fetch failed: timed out
2026-09-24T15:03:40Z  WARNING  stats fetch failed: timed out
2026-09-24T15:03:45Z  WARNING  thresholds fetch failed: timed out
2026-09-24T15:03:45Z  WARNING  stats fetch failed: timed out
2026-09-24T15:03:50Z  WARNING  thresholds fetch failed: timed out
2026-09-24T15:03:50Z  WARNING  stats fetch failed: timed out
2026-09-24T15:03:55Z  WARNING  thresholds fetch failed: timed out
2026-09-24T15:03:55Z  WARNING  stats fetch failed: timed out
2026-09-24T15:04:00Z  WARNING  thresholds fetch failed: timed out
2026-09-24T15:04:00Z  WARNING  stats fetch failed: timed out
2026-09-24T15:04:05Z  WARNING  thresholds fetch failed: timed out
2026-09-24T15:04:05Z  WARNING  stats fetch failed: timed out
2026-09-24T15:04:10Z  WARNING  thresholds fetch failed: timed out
2026-09-24T15:04:10Z  WARNING  stats fetch failed: timed out
2026-09-24T15:04:15Z  WARNING  thresholds fetch failed: timed out
2026-09-24T15:04:15Z  WARNING  stats fetch failed: timed out
2026-09-24T15:04:20Z  WARNING  thresholds fetch failed: timed out
2026-09-24T15:04:20Z  WARNING  stats fetch failed: timed out
2026-09-24T15:04:25Z  WARNING  thresholds fetch failed: timed out
2026-09-24T15:04:25Z  WARNING  stats fetch failed: timed out
2026-09-24T15:04:30Z  WARNING  thresholds fetch failed: timed out
2026-09-24T15:04:30Z  WARNING  stats fetch failed: timed out
2026-09-24T15:04:35Z  WARNING  thresholds fetch failed: timed out
2026-09-24T15:04:35Z  WARNING  stats fetch failed: timed out
2026-09-24T15:04:40Z  WARNING  thresholds fetch failed: timed out
2026-09-24T15:04:40Z  WARNING  stats fetch failed: timed out
2026-09-24T15:04:45Z  WARNING  thresholds fetch failed: timed out
2026-09-24T15:04:45Z  WARNING  stats fetch failed: timed out
2026-09-24T15:04:50Z  WARNING  thresholds fetch failed: timed out
2026-09-24T15:04:50Z  WARNING  stats fetch failed: timed out
2026-09-24T15:04:55Z  WARNING  thresholds fetch failed: timed out
2026-09-24T15:04:55Z  WARNING  stats fetch failed: timed out
2026-09-24T15:05:00Z  WARNING  thresholds fetch failed: timed out
2026-09-24T15:05:00Z  WARNING  stats fetch failed: timed out
2026-09-24T15:05:05Z  WARNING  thresholds fetch failed: timed out
2026-09-24T15:05:05Z  WARNING  stats fetch failed: timed out
2026-09-24T15:05:10Z  WARNING  thresholds fetch failed: timed out
2026-09-24T15:05:10Z  WARNING  stats fetch failed: timed out
2026-09-24T15:05:15Z  WARNING  thresholds fetch failed: timed out
2026-09-24T15:05:15Z  WARNING  stats fetch failed: timed out
2026-09-24T15:05:20Z  WARNING  thresholds fetch failed: timed out
2026-09-24T15:05:20Z  WARNING  stats fetch failed: timed out
2026-09-24T15:05:25Z  WARNING  thresholds fetch failed: timed out
2026-09-24T15:05:25Z  WARNING  stats fetch failed: timed out
2026-09-24T15:05:30Z  WARNING  thresholds fetch failed: timed out
2026-09-24T15:05:30Z  WARNING  stats fetch failed: timed out
2026-09-24T15:05:35Z  WARNING  thresholds fetch failed: timed out
2026-09-24T15:05:35Z  WARNING  stats fetch failed: timed out
2026-09-24T15:05:40Z  WARNING  thresholds fetch failed: timed out
2026-09-24T15:05:40Z  WARNING  stats fetch failed: timed out
2026-09-24T15:05:45Z  WARNING  thresholds fetch failed: timed out
2026-09-24T15:05:45Z  WARNING  stats fetch failed: timed out
2026-09-24T15:05:50Z  WARNING  thresholds fetch failed: timed out
2026-09-24T15:05:50Z  WARNING  stats fetch failed: timed out
2026-09-24T15:05:55Z  WARNING  thresholds fetch failed: timed out
2026-09-24T15:05:55Z  WARNING  stats fetch failed: timed out
2026-09-24T15:06:00Z  WARNING  thresholds fetch failed: timed out
2026-09-24T15:06:00Z  WARNING  stats fetch failed: timed out
2026-09-24T15:06:05Z  SHUTDOWN  signal=15
2026-09-24T15:06:06Z  EXIT
