2026-10-05T21:08:58Z  START  poll_interval=1s layer_a_poll_interval=5s
2026-10-05T21:10:35Z  WARNING  thresholds fetch failed: timed out
2026-10-05T21:10:35Z  WARNING  stats fetch failed: timed out
2026-10-05T21:10:40Z  WARNING  thresholds fetch failed: timed out
2026-10-05T21:10:40Z  WARNING  stats fetch failed: timed out
2026-10-05T21:10:45Z  WARNING  thresholds fetch failed: timed out
2026-10-05T21:10:45Z  WARNING  stats fetch failed: timed out
2026-10-05T21:10:50Z  WARNING  thresholds fetch failed: timed out
2026-10-05T21:10:50Z  WARNING  stats fetch failed: timed out
2026-10-05T21:10:55Z  WARNING  thresholds fetch failed: timed out
2026-10-05T21:10:55Z  WARNING  stats fetch failed: timed out
2026-10-05T21:11:00Z  WARNING  thresholds fetch failed: timed out
2026-10-05T21:11:00Z  WARNING  stats fetch failed: timed out
2026-10-05T21:11:05Z  WARNING  thresholds fetch failed: timed out
2026-10-05T21:11:05Z  WARNING  stats fetch failed: timed out
2026-10-05T21:11:10Z  WARNING  thresholds fetch failed: timed out
2026-10-05T21:11:10Z  WARNING  stats fetch failed: timed out
2026-10-05T21:11:15Z  WARNING  thresholds fetch failed: timed out
2026-10-05T21:11:15Z  WARNING  stats fetch failed: timed out
2026-10-05T21:11:20Z  WARNING  thresholds fetch failed: timed out
2026-10-05T21:11:20Z  WARNING  stats fetch failed: timed out
2026-10-05T21:11:25Z  WARNING  thresholds fetch failed: timed out
2026-10-05T21:11:25Z  WARNING  stats fetch failed: timed out
2026-10-05T21:11:30Z  WARNING  thresholds fetch failed: timed out
2026-10-05T21:11:30Z  WARNING  stats fetch failed: timed out
2026-10-05T21:11:35Z  WARNING  thresholds fetch failed: timed out
2026-10-05T21:11:35Z  WARNING  stats fetch failed: timed out
2026-10-05T21:11:40Z  WARNING  thresholds fetch failed: timed out
2026-10-05T21:11:40Z  WARNING  stats fetch failed: timed out
2026-10-05T21:11:45Z  WARNING  thresholds fetch failed: timed out
2026-10-05T21:11:45Z  WARNING  stats fetch failed: timed out
2026-10-05T21:11:50Z  WARNING  thresholds fetch failed: timed out
2026-10-05T21:11:50Z  WARNING  stats fetch failed: timed out
2026-10-05T21:11:55Z  WARNING  thresholds fetch failed: timed out
2026-10-05T21:11:55Z  WARNING  stats fetch failed: timed out
2026-10-05T21:12:00Z  WARNING  thresholds fetch failed: timed out
2026-10-05T21:12:00Z  WARNING  stats fetch failed: timed out
2026-10-05T21:12:05Z  WARNING  thresholds fetch failed: timed out
2026-10-05T21:12:05Z  WARNING  stats fetch failed: timed out
2026-10-05T21:12:10Z  WARNING  thresholds fetch failed: timed out
2026-10-05T21:12:10Z  WARNING  stats fetch failed: timed out
2026-10-05T21:12:15Z  WARNING  thresholds fetch failed: timed out
2026-10-05T21:12:15Z  WARNING  stats fetch failed: timed out
2026-10-05T21:12:20Z  WARNING  thresholds fetch failed: timed out
2026-10-05T21:12:20Z  WARNING  stats fetch failed: timed out
2026-10-05T21:12:25Z  WARNING  thresholds fetch failed: timed out
2026-10-05T21:12:25Z  WARNING  stats fetch failed: timed out
2026-10-05T21:12:30Z  WARNING  thresholds fetch failed: timed out
2026-10-05T21:12:30Z  WARNING  stats fetch failed: timed out
2026-10-05T21:12:35Z  WARNING  thresholds fetch failed: timed out
2026-10-05T21:12:35Z  WARNING  stats fetch failed: timed out
2026-10-05T21:12:40Z  WARNING  thresholds fetch failed: timed out
2026-10-05T21:12:40Z  WARNING  stats fetch failed: timed out
2026-10-05T21:12:45Z  WARNING  thresholds fetch failed: timed out
2026-10-05T21:12:45Z  WARNING  stats fetch failed: timed out
2026-10-05T21:12:50Z  WARNING  thresholds fetch failed: timed out
2026-10-05T21:12:50Z  WARNING  stats fetch failed: timed out
2026-10-05T21:12:55Z  WARNING  thresholds fetch failed: timed out
2026-10-05T21:12:55Z  WARNING  stats fetch failed: timed out
2026-10-05T21:13:00Z  WARNING  thresholds fetch failed: timed out
2026-10-05T21:13:00Z  WARNING  stats fetch failed: timed out
2026-10-05T21:13:05Z  WARNING  thresholds fetch failed: timed out
2026-10-05T21:13:05Z  WARNING  stats fetch failed: timed out
2026-10-05T21:13:10Z  WARNING  thresholds fetch failed: timed out
2026-10-05T21:13:10Z  WARNING  stats fetch failed: timed out
2026-10-05T21:13:15Z  WARNING  thresholds fetch failed: timed out
2026-10-05T21:13:15Z  WARNING  stats fetch failed: timed out
2026-10-05T21:13:20Z  WARNING  thresholds fetch failed: timed out
2026-10-05T21:13:20Z  WARNING  stats fetch failed: timed out
2026-10-05T21:13:25Z  WARNING  thresholds fetch failed: timed out
2026-10-05T21:13:25Z  WARNING  stats fetch failed: timed out
2026-10-05T21:13:30Z  WARNING  thresholds fetch failed: timed out
2026-10-05T21:13:30Z  WARNING  stats fetch failed: timed out
2026-10-05T21:13:35Z  WARNING  thresholds fetch failed: timed out
2026-10-05T21:13:35Z  WARNING  stats fetch failed: timed out
2026-10-05T21:13:40Z  WARNING  thresholds fetch failed: timed out
2026-10-05T21:13:40Z  WARNING  stats fetch failed: timed out
2026-10-05T21:13:45Z  WARNING  thresholds fetch failed: timed out
2026-10-05T21:13:45Z  WARNING  stats fetch failed: timed out
2026-10-05T21:13:50Z  WARNING  thresholds fetch failed: timed out
2026-10-05T21:13:50Z  WARNING  stats fetch failed: timed out
2026-10-05T21:13:55Z  WARNING  thresholds fetch failed: timed out
2026-10-05T21:13:55Z  WARNING  stats fetch failed: timed out
2026-10-05T21:14:00Z  WARNING  thresholds fetch failed: timed out
2026-10-05T21:14:00Z  WARNING  stats fetch failed: timed out
2026-10-05T21:14:05Z  WARNING  thresholds fetch failed: timed out
2026-10-05T21:14:05Z  WARNING  stats fetch failed: timed out
2026-10-05T21:14:10Z  WARNING  thresholds fetch failed: timed out
2026-10-05T21:14:10Z  WARNING  stats fetch failed: timed out
2026-10-05T21:14:15Z  WARNING  thresholds fetch failed: timed out
2026-10-05T21:14:15Z  WARNING  stats fetch failed: timed out
2026-10-05T21:14:20Z  WARNING  thresholds fetch failed: timed out
2026-10-05T21:14:20Z  WARNING  stats fetch failed: timed out
2026-10-05T21:14:25Z  WARNING  thresholds fetch failed: timed out
2026-10-05T21:14:25Z  WARNING  stats fetch failed: timed out
2026-10-05T21:14:30Z  WARNING  thresholds fetch failed: timed out
2026-10-05T21:14:30Z  WARNING  stats fetch failed: timed out
2026-10-05T21:14:35Z  WARNING  thresholds fetch failed: timed out
2026-10-05T21:14:35Z  WARNING  stats fetch failed: timed out
2026-10-05T21:14:40Z  WARNING  thresholds fetch failed: timed out
2026-10-05T21:14:40Z  WARNING  stats fetch failed: timed out
2026-10-05T21:14:45Z  WARNING  thresholds fetch failed: timed out
2026-10-05T21:14:45Z  WARNING  stats fetch failed: timed out
2026-10-05T21:14:50Z  WARNING  thresholds fetch failed: timed out
2026-10-05T21:14:50Z  WARNING  stats fetch failed: timed out
2026-10-05T21:14:55Z  WARNING  thresholds fetch failed: timed out
2026-10-05T21:14:55Z  WARNING  stats fetch failed: timed out
2026-10-05T21:15:00Z  WARNING  thresholds fetch failed: timed out
2026-10-05T21:15:00Z  WARNING  stats fetch failed: timed out
2026-10-05T21:15:05Z  WARNING  thresholds fetch failed: timed out
2026-10-05T21:15:05Z  WARNING  stats fetch failed: timed out
2026-10-05T21:15:10Z  WARNING  thresholds fetch failed: timed out
2026-10-05T21:15:10Z  WARNING  stats fetch failed: timed out
2026-10-05T21:15:15Z  WARNING  thresholds fetch failed: timed out
2026-10-05T21:15:15Z  WARNING  stats fetch failed: timed out
2026-10-05T21:15:20Z  WARNING  thresholds fetch failed: timed out
2026-10-05T21:15:20Z  WARNING  stats fetch failed: timed out
2026-10-05T21:15:25Z  WARNING  thresholds fetch failed: timed out
2026-10-05T21:15:25Z  WARNING  stats fetch failed: timed out
2026-10-05T21:15:30Z  WARNING  thresholds fetch failed: timed out
2026-10-05T21:15:30Z  WARNING  stats fetch failed: timed out
2026-10-05T21:15:35Z  WARNING  thresholds fetch failed: timed out
2026-10-05T21:15:35Z  WARNING  stats fetch failed: timed out
2026-10-05T21:15:40Z  WARNING  thresholds fetch failed: timed out
2026-10-05T21:15:40Z  WARNING  stats fetch failed: timed out
2026-10-05T21:15:45Z  WARNING  thresholds fetch failed: timed out
2026-10-05T21:15:45Z  WARNING  stats fetch failed: timed out
2026-10-05T21:15:50Z  WARNING  thresholds fetch failed: timed out
2026-10-05T21:15:50Z  WARNING  stats fetch failed: timed out
2026-10-05T21:15:55Z  WARNING  thresholds fetch failed: timed out
2026-10-05T21:15:55Z  WARNING  stats fetch failed: timed out
2026-10-05T21:16:00Z  WARNING  thresholds fetch failed: timed out
2026-10-05T21:16:00Z  WARNING  stats fetch failed: timed out
2026-10-05T21:16:05Z  WARNING  thresholds fetch failed: timed out
2026-10-05T21:16:05Z  WARNING  stats fetch failed: timed out
2026-10-05T21:16:10Z  WARNING  thresholds fetch failed: timed out
2026-10-05T21:16:10Z  WARNING  stats fetch failed: timed out
2026-10-05T21:16:15Z  WARNING  thresholds fetch failed: timed out
2026-10-05T21:16:15Z  WARNING  stats fetch failed: timed out
2026-10-05T21:16:20Z  WARNING  thresholds fetch failed: timed out
2026-10-05T21:16:20Z  WARNING  stats fetch failed: timed out
2026-10-05T21:16:25Z  WARNING  thresholds fetch failed: timed out
2026-10-05T21:16:25Z  WARNING  stats fetch failed: timed out
2026-10-05T21:16:30Z  WARNING  thresholds fetch failed: timed out
2026-10-05T21:16:30Z  WARNING  stats fetch failed: timed out
2026-10-05T21:16:35Z  WARNING  thresholds fetch failed: timed out
2026-10-05T21:16:35Z  WARNING  stats fetch failed: timed out
2026-10-05T21:16:40Z  WARNING  thresholds fetch failed: timed out
2026-10-05T21:16:40Z  WARNING  stats fetch failed: timed out
2026-10-05T21:16:45Z  WARNING  thresholds fetch failed: timed out
2026-10-05T21:16:45Z  WARNING  stats fetch failed: timed out
2026-10-05T21:16:50Z  WARNING  thresholds fetch failed: timed out
2026-10-05T21:16:50Z  WARNING  stats fetch failed: timed out
2026-10-05T21:16:55Z  WARNING  thresholds fetch failed: timed out
2026-10-05T21:16:55Z  WARNING  stats fetch failed: timed out
2026-10-05T21:17:00Z  WARNING  thresholds fetch failed: timed out
2026-10-05T21:17:00Z  WARNING  stats fetch failed: timed out
2026-10-05T21:17:05Z  WARNING  thresholds fetch failed: timed out
2026-10-05T21:17:05Z  WARNING  stats fetch failed: timed out
2026-10-05T21:17:10Z  WARNING  thresholds fetch failed: timed out
2026-10-05T21:17:10Z  WARNING  stats fetch failed: timed out
2026-10-05T21:17:15Z  WARNING  thresholds fetch failed: timed out
2026-10-05T21:17:15Z  WARNING  stats fetch failed: timed out
2026-10-05T21:17:20Z  WARNING  thresholds fetch failed: timed out
2026-10-05T21:17:20Z  WARNING  stats fetch failed: timed out
2026-10-05T21:17:25Z  WARNING  thresholds fetch failed: timed out
2026-10-05T21:17:25Z  WARNING  stats fetch failed: timed out
2026-10-05T21:17:30Z  WARNING  thresholds fetch failed: timed out
2026-10-05T21:17:30Z  WARNING  stats fetch failed: timed out
2026-10-05T21:17:35Z  WARNING  thresholds fetch failed: timed out
2026-10-05T21:17:35Z  WARNING  stats fetch failed: timed out
2026-10-05T21:17:40Z  WARNING  thresholds fetch failed: timed out
2026-10-05T21:17:40Z  WARNING  stats fetch failed: timed out
2026-10-05T21:17:45Z  WARNING  thresholds fetch failed: timed out
2026-10-05T21:17:45Z  WARNING  stats fetch failed: timed out
2026-10-05T21:17:50Z  WARNING  thresholds fetch failed: timed out
2026-10-05T21:17:50Z  WARNING  stats fetch failed: timed out
2026-10-05T21:17:55Z  WARNING  thresholds fetch failed: timed out
2026-10-05T21:17:55Z  WARNING  stats fetch failed: timed out
2026-10-05T21:18:00Z  WARNING  thresholds fetch failed: timed out
2026-10-05T21:18:00Z  WARNING  stats fetch failed: timed out
2026-10-05T21:18:05Z  WARNING  thresholds fetch failed: timed out
2026-10-05T21:18:05Z  WARNING  stats fetch failed: timed out
2026-10-05T21:18:10Z  WARNING  thresholds fetch failed: timed out
2026-10-05T21:18:10Z  WARNING  stats fetch failed: timed out
2026-10-05T21:18:15Z  WARNING  thresholds fetch failed: timed out
2026-10-05T21:18:15Z  WARNING  stats fetch failed: timed out
2026-10-05T21:18:20Z  WARNING  thresholds fetch failed: timed out
2026-10-05T21:18:20Z  WARNING  stats fetch failed: timed out
2026-10-05T21:18:25Z  WARNING  thresholds fetch failed: timed out
2026-10-05T21:18:25Z  WARNING  stats fetch failed: timed out
2026-10-05T21:18:30Z  WARNING  thresholds fetch failed: timed out
2026-10-05T21:18:30Z  WARNING  stats fetch failed: timed out
2026-10-05T21:18:35Z  WARNING  thresholds fetch failed: timed out
2026-10-05T21:18:35Z  WARNING  stats fetch failed: <urlopen error timed out>
2026-10-05T21:18:40Z  WARNING  thresholds fetch failed: timed out
2026-10-05T21:18:40Z  WARNING  stats fetch failed: timed out
2026-10-05T21:18:45Z  WARNING  thresholds fetch failed: timed out
2026-10-05T21:18:45Z  WARNING  stats fetch failed: timed out
2026-10-05T21:18:50Z  WARNING  thresholds fetch failed: timed out
2026-10-05T21:18:50Z  WARNING  stats fetch failed: timed out
2026-10-05T21:18:55Z  WARNING  thresholds fetch failed: timed out
2026-10-05T21:18:55Z  WARNING  stats fetch failed: timed out
2026-10-05T21:19:00Z  WARNING  thresholds fetch failed: timed out
2026-10-05T21:19:00Z  WARNING  stats fetch failed: timed out
2026-10-05T21:19:05Z  WARNING  thresholds fetch failed: timed out
2026-10-05T21:19:05Z  WARNING  stats fetch failed: timed out
2026-10-05T21:19:10Z  WARNING  thresholds fetch failed: timed out
2026-10-05T21:19:10Z  WARNING  stats fetch failed: timed out
2026-10-05T21:19:15Z  WARNING  thresholds fetch failed: timed out
2026-10-05T21:19:15Z  WARNING  stats fetch failed: timed out
2026-10-05T21:19:20Z  WARNING  thresholds fetch failed: timed out
2026-10-05T21:19:20Z  WARNING  stats fetch failed: timed out
2026-10-05T21:19:25Z  WARNING  thresholds fetch failed: timed out
2026-10-05T21:19:25Z  WARNING  stats fetch failed: timed out
2026-10-05T21:19:30Z  WARNING  thresholds fetch failed: timed out
2026-10-05T21:19:30Z  WARNING  stats fetch failed: timed out
2026-10-05T21:19:35Z  WARNING  thresholds fetch failed: timed out
2026-10-05T21:19:35Z  WARNING  stats fetch failed: timed out
2026-10-05T21:19:40Z  WARNING  thresholds fetch failed: timed out
2026-10-05T21:19:40Z  WARNING  stats fetch failed: timed out
2026-10-05T21:19:45Z  WARNING  thresholds fetch failed: timed out
2026-10-05T21:19:45Z  WARNING  stats fetch failed: timed out
2026-10-05T21:19:50Z  WARNING  thresholds fetch failed: timed out
2026-10-05T21:19:50Z  WARNING  stats fetch failed: timed out
2026-10-05T21:19:55Z  WARNING  thresholds fetch failed: timed out
2026-10-05T21:19:55Z  WARNING  stats fetch failed: timed out
2026-10-05T21:20:00Z  WARNING  thresholds fetch failed: timed out
2026-10-05T21:20:00Z  WARNING  stats fetch failed: timed out
2026-10-05T21:20:04Z  SHUTDOWN  signal=15
2026-10-05T21:20:05Z  EXIT
