2026-10-08T23:01:30Z  START  poll_interval=1s layer_a_poll_interval=5s
2026-10-08T23:03:35Z  WARNING  thresholds fetch failed: timed out
2026-10-08T23:03:35Z  WARNING  stats fetch failed: timed out
2026-10-08T23:03:40Z  WARNING  thresholds fetch failed: timed out
2026-10-08T23:03:40Z  WARNING  stats fetch failed: timed out
2026-10-08T23:03:45Z  WARNING  thresholds fetch failed: timed out
2026-10-08T23:03:45Z  WARNING  stats fetch failed: timed out
2026-10-08T23:03:50Z  WARNING  thresholds fetch failed: timed out
2026-10-08T23:03:50Z  WARNING  stats fetch failed: timed out
2026-10-08T23:03:55Z  WARNING  thresholds fetch failed: timed out
2026-10-08T23:03:55Z  WARNING  stats fetch failed: timed out
2026-10-08T23:04:00Z  WARNING  thresholds fetch failed: timed out
2026-10-08T23:04:00Z  WARNING  stats fetch failed: timed out
2026-10-08T23:04:05Z  WARNING  thresholds fetch failed: timed out
2026-10-08T23:04:05Z  WARNING  stats fetch failed: timed out
2026-10-08T23:04:10Z  WARNING  thresholds fetch failed: timed out
2026-10-08T23:04:10Z  WARNING  stats fetch failed: timed out
2026-10-08T23:04:15Z  WARNING  thresholds fetch failed: timed out
2026-10-08T23:04:15Z  WARNING  stats fetch failed: timed out
2026-10-08T23:04:20Z  WARNING  thresholds fetch failed: timed out
2026-10-08T23:04:20Z  WARNING  stats fetch failed: timed out
2026-10-08T23:04:25Z  WARNING  thresholds fetch failed: timed out
2026-10-08T23:04:25Z  WARNING  stats fetch failed: timed out
2026-10-08T23:04:30Z  WARNING  thresholds fetch failed: timed out
2026-10-08T23:04:30Z  WARNING  stats fetch failed: timed out
2026-10-08T23:04:35Z  WARNING  thresholds fetch failed: timed out
2026-10-08T23:04:35Z  WARNING  stats fetch failed: timed out
2026-10-08T23:04:40Z  WARNING  thresholds fetch failed: timed out
2026-10-08T23:04:40Z  WARNING  stats fetch failed: timed out
2026-10-08T23:04:45Z  WARNING  thresholds fetch failed: timed out
2026-10-08T23:04:45Z  WARNING  stats fetch failed: timed out
2026-10-08T23:04:50Z  WARNING  thresholds fetch failed: timed out
2026-10-08T23:04:50Z  WARNING  stats fetch failed: timed out
2026-10-08T23:04:55Z  WARNING  thresholds fetch failed: timed out
2026-10-08T23:04:55Z  WARNING  stats fetch failed: timed out
2026-10-08T23:05:00Z  WARNING  thresholds fetch failed: timed out
2026-10-08T23:05:00Z  WARNING  stats fetch failed: timed out
2026-10-08T23:05:05Z  WARNING  thresholds fetch failed: timed out
2026-10-08T23:05:05Z  WARNING  stats fetch failed: timed out
2026-10-08T23:05:10Z  WARNING  thresholds fetch failed: timed out
2026-10-08T23:05:10Z  WARNING  stats fetch failed: timed out
2026-10-08T23:05:15Z  WARNING  thresholds fetch failed: timed out
2026-10-08T23:05:15Z  WARNING  stats fetch failed: timed out
2026-10-08T23:05:20Z  WARNING  thresholds fetch failed: timed out
2026-10-08T23:05:20Z  WARNING  stats fetch failed: timed out
2026-10-08T23:05:25Z  WARNING  thresholds fetch failed: timed out
2026-10-08T23:05:25Z  WARNING  stats fetch failed: timed out
2026-10-08T23:05:30Z  WARNING  thresholds fetch failed: timed out
2026-10-08T23:05:30Z  WARNING  stats fetch failed: timed out
2026-10-08T23:05:35Z  WARNING  thresholds fetch failed: timed out
2026-10-08T23:05:35Z  WARNING  stats fetch failed: timed out
2026-10-08T23:05:40Z  WARNING  thresholds fetch failed: timed out
2026-10-08T23:05:40Z  WARNING  stats fetch failed: timed out
2026-10-08T23:05:45Z  WARNING  thresholds fetch failed: timed out
2026-10-08T23:05:45Z  WARNING  stats fetch failed: timed out
2026-10-08T23:05:50Z  WARNING  thresholds fetch failed: timed out
2026-10-08T23:05:50Z  WARNING  stats fetch failed: timed out
2026-10-08T23:05:55Z  WARNING  thresholds fetch failed: timed out
2026-10-08T23:05:55Z  WARNING  stats fetch failed: timed out
2026-10-08T23:06:00Z  WARNING  thresholds fetch failed: timed out
2026-10-08T23:06:00Z  WARNING  stats fetch failed: timed out
2026-10-08T23:06:05Z  WARNING  thresholds fetch failed: timed out
2026-10-08T23:06:05Z  WARNING  stats fetch failed: timed out
2026-10-08T23:06:10Z  WARNING  thresholds fetch failed: timed out
2026-10-08T23:06:10Z  WARNING  stats fetch failed: timed out
2026-10-08T23:06:15Z  WARNING  thresholds fetch failed: timed out
2026-10-08T23:06:15Z  WARNING  stats fetch failed: timed out
2026-10-08T23:06:20Z  WARNING  thresholds fetch failed: timed out
2026-10-08T23:06:20Z  WARNING  stats fetch failed: timed out
2026-10-08T23:06:25Z  WARNING  thresholds fetch failed: timed out
2026-10-08T23:06:25Z  WARNING  stats fetch failed: timed out
2026-10-08T23:06:30Z  WARNING  thresholds fetch failed: timed out
2026-10-08T23:06:30Z  WARNING  stats fetch failed: timed out
2026-10-08T23:06:35Z  WARNING  thresholds fetch failed: timed out
2026-10-08T23:06:35Z  WARNING  stats fetch failed: timed out
2026-10-08T23:06:40Z  WARNING  thresholds fetch failed: timed out
2026-10-08T23:06:40Z  WARNING  stats fetch failed: timed out
2026-10-08T23:06:45Z  WARNING  thresholds fetch failed: timed out
2026-10-08T23:06:45Z  WARNING  stats fetch failed: timed out
2026-10-08T23:06:50Z  WARNING  thresholds fetch failed: timed out
2026-10-08T23:06:50Z  WARNING  stats fetch failed: timed out
2026-10-08T23:06:55Z  WARNING  thresholds fetch failed: timed out
2026-10-08T23:06:55Z  WARNING  stats fetch failed: timed out
2026-10-08T23:07:00Z  WARNING  thresholds fetch failed: timed out
2026-10-08T23:07:00Z  WARNING  stats fetch failed: timed out
2026-10-08T23:07:05Z  WARNING  thresholds fetch failed: timed out
2026-10-08T23:07:05Z  WARNING  stats fetch failed: timed out
2026-10-08T23:07:10Z  WARNING  thresholds fetch failed: timed out
2026-10-08T23:07:10Z  WARNING  stats fetch failed: timed out
2026-10-08T23:07:15Z  WARNING  thresholds fetch failed: timed out
2026-10-08T23:07:15Z  WARNING  stats fetch failed: timed out
2026-10-08T23:07:20Z  WARNING  thresholds fetch failed: timed out
2026-10-08T23:07:20Z  WARNING  stats fetch failed: timed out
2026-10-08T23:07:25Z  WARNING  thresholds fetch failed: timed out
2026-10-08T23:07:25Z  WARNING  stats fetch failed: timed out
2026-10-08T23:07:30Z  WARNING  thresholds fetch failed: timed out
2026-10-08T23:07:30Z  WARNING  stats fetch failed: timed out
2026-10-08T23:07:35Z  WARNING  thresholds fetch failed: timed out
2026-10-08T23:07:35Z  WARNING  stats fetch failed: timed out
2026-10-08T23:07:40Z  WARNING  thresholds fetch failed: timed out
2026-10-08T23:07:40Z  WARNING  stats fetch failed: timed out
2026-10-08T23:07:45Z  WARNING  thresholds fetch failed: timed out
2026-10-08T23:07:45Z  WARNING  stats fetch failed: timed out
2026-10-08T23:07:50Z  WARNING  thresholds fetch failed: timed out
2026-10-08T23:07:50Z  WARNING  stats fetch failed: timed out
2026-10-08T23:07:55Z  WARNING  thresholds fetch failed: timed out
2026-10-08T23:07:55Z  WARNING  stats fetch failed: timed out
2026-10-08T23:08:00Z  WARNING  thresholds fetch failed: timed out
2026-10-08T23:08:00Z  WARNING  stats fetch failed: timed out
2026-10-08T23:08:05Z  WARNING  thresholds fetch failed: timed out
2026-10-08T23:08:05Z  WARNING  stats fetch failed: timed out
2026-10-08T23:08:10Z  WARNING  thresholds fetch failed: timed out
2026-10-08T23:08:10Z  WARNING  stats fetch failed: timed out
2026-10-08T23:08:15Z  WARNING  thresholds fetch failed: timed out
2026-10-08T23:08:15Z  WARNING  stats fetch failed: timed out
2026-10-08T23:08:20Z  WARNING  thresholds fetch failed: timed out
2026-10-08T23:08:20Z  WARNING  stats fetch failed: timed out
2026-10-08T23:08:25Z  WARNING  thresholds fetch failed: timed out
2026-10-08T23:08:25Z  WARNING  stats fetch failed: timed out
2026-10-08T23:08:30Z  WARNING  thresholds fetch failed: timed out
2026-10-08T23:08:30Z  WARNING  stats fetch failed: timed out
2026-10-08T23:08:35Z  WARNING  thresholds fetch failed: timed out
2026-10-08T23:08:35Z  WARNING  stats fetch failed: timed out
2026-10-08T23:08:40Z  WARNING  thresholds fetch failed: timed out
2026-10-08T23:08:40Z  WARNING  stats fetch failed: timed out
2026-10-08T23:08:45Z  WARNING  thresholds fetch failed: timed out
2026-10-08T23:08:45Z  WARNING  stats fetch failed: timed out
2026-10-08T23:08:50Z  WARNING  thresholds fetch failed: timed out
2026-10-08T23:08:50Z  WARNING  stats fetch failed: timed out
2026-10-08T23:08:55Z  WARNING  thresholds fetch failed: timed out
2026-10-08T23:08:55Z  WARNING  stats fetch failed: timed out
2026-10-08T23:09:00Z  WARNING  thresholds fetch failed: timed out
2026-10-08T23:09:00Z  WARNING  stats fetch failed: timed out
2026-10-08T23:09:05Z  WARNING  thresholds fetch failed: timed out
2026-10-08T23:09:05Z  WARNING  stats fetch failed: timed out
2026-10-08T23:09:10Z  WARNING  thresholds fetch failed: timed out
2026-10-08T23:09:10Z  WARNING  stats fetch failed: timed out
2026-10-08T23:09:15Z  WARNING  thresholds fetch failed: timed out
2026-10-08T23:09:15Z  WARNING  stats fetch failed: timed out
2026-10-08T23:09:20Z  WARNING  thresholds fetch failed: timed out
2026-10-08T23:09:20Z  WARNING  stats fetch failed: timed out
2026-10-08T23:09:25Z  WARNING  thresholds fetch failed: timed out
2026-10-08T23:09:25Z  WARNING  stats fetch failed: timed out
2026-10-08T23:09:30Z  WARNING  thresholds fetch failed: timed out
2026-10-08T23:09:30Z  WARNING  stats fetch failed: timed out
2026-10-08T23:09:35Z  WARNING  thresholds fetch failed: timed out
2026-10-08T23:09:35Z  WARNING  stats fetch failed: timed out
2026-10-08T23:09:40Z  WARNING  thresholds fetch failed: timed out
2026-10-08T23:09:40Z  WARNING  stats fetch failed: timed out
2026-10-08T23:09:45Z  WARNING  thresholds fetch failed: timed out
2026-10-08T23:09:45Z  WARNING  stats fetch failed: timed out
2026-10-08T23:09:50Z  WARNING  thresholds fetch failed: timed out
2026-10-08T23:09:50Z  WARNING  stats fetch failed: timed out
2026-10-08T23:09:55Z  WARNING  thresholds fetch failed: timed out
2026-10-08T23:09:55Z  WARNING  stats fetch failed: timed out
2026-10-08T23:10:00Z  WARNING  thresholds fetch failed: timed out
2026-10-08T23:10:00Z  WARNING  stats fetch failed: timed out
2026-10-08T23:10:05Z  WARNING  thresholds fetch failed: timed out
2026-10-08T23:10:05Z  WARNING  stats fetch failed: timed out
2026-10-08T23:10:10Z  WARNING  thresholds fetch failed: timed out
2026-10-08T23:10:10Z  WARNING  stats fetch failed: timed out
2026-10-08T23:10:15Z  WARNING  thresholds fetch failed: timed out
2026-10-08T23:10:15Z  WARNING  stats fetch failed: timed out
2026-10-08T23:10:20Z  WARNING  thresholds fetch failed: timed out
2026-10-08T23:10:20Z  WARNING  stats fetch failed: timed out
2026-10-08T23:10:25Z  WARNING  thresholds fetch failed: timed out
2026-10-08T23:10:25Z  WARNING  stats fetch failed: timed out
2026-10-08T23:10:30Z  WARNING  thresholds fetch failed: timed out
2026-10-08T23:10:30Z  WARNING  stats fetch failed: timed out
2026-10-08T23:10:35Z  WARNING  thresholds fetch failed: timed out
2026-10-08T23:10:35Z  WARNING  stats fetch failed: timed out
2026-10-08T23:10:40Z  WARNING  thresholds fetch failed: timed out
2026-10-08T23:10:40Z  WARNING  stats fetch failed: timed out
2026-10-08T23:10:45Z  WARNING  thresholds fetch failed: timed out
2026-10-08T23:10:45Z  WARNING  stats fetch failed: timed out
2026-10-08T23:10:50Z  WARNING  thresholds fetch failed: timed out
2026-10-08T23:10:50Z  WARNING  stats fetch failed: timed out
2026-10-08T23:10:55Z  WARNING  thresholds fetch failed: timed out
2026-10-08T23:10:55Z  WARNING  stats fetch failed: timed out
2026-10-08T23:11:00Z  WARNING  thresholds fetch failed: timed out
2026-10-08T23:11:00Z  WARNING  stats fetch failed: timed out
2026-10-08T23:11:05Z  WARNING  thresholds fetch failed: timed out
2026-10-08T23:11:05Z  WARNING  stats fetch failed: timed out
2026-10-08T23:11:10Z  WARNING  thresholds fetch failed: timed out
2026-10-08T23:11:10Z  WARNING  stats fetch failed: timed out
2026-10-08T23:11:15Z  WARNING  thresholds fetch failed: timed out
2026-10-08T23:11:15Z  WARNING  stats fetch failed: timed out
2026-10-08T23:11:20Z  WARNING  thresholds fetch failed: timed out
2026-10-08T23:11:20Z  WARNING  stats fetch failed: timed out
2026-10-08T23:11:25Z  WARNING  thresholds fetch failed: timed out
2026-10-08T23:11:25Z  WARNING  stats fetch failed: timed out
2026-10-08T23:11:30Z  WARNING  thresholds fetch failed: timed out
2026-10-08T23:11:30Z  WARNING  stats fetch failed: timed out
2026-10-08T23:11:35Z  WARNING  thresholds fetch failed: timed out
2026-10-08T23:11:35Z  WARNING  stats fetch failed: timed out
2026-10-08T23:11:40Z  WARNING  thresholds fetch failed: timed out
2026-10-08T23:11:40Z  WARNING  stats fetch failed: timed out
2026-10-08T23:11:45Z  WARNING  thresholds fetch failed: timed out
2026-10-08T23:11:45Z  WARNING  stats fetch failed: timed out
2026-10-08T23:11:50Z  WARNING  thresholds fetch failed: timed out
2026-10-08T23:11:50Z  WARNING  stats fetch failed: timed out
2026-10-08T23:11:55Z  WARNING  thresholds fetch failed: timed out
2026-10-08T23:11:55Z  WARNING  stats fetch failed: timed out
2026-10-08T23:12:00Z  WARNING  thresholds fetch failed: timed out
2026-10-08T23:12:00Z  WARNING  stats fetch failed: timed out
2026-10-08T23:12:05Z  WARNING  thresholds fetch failed: timed out
2026-10-08T23:12:05Z  WARNING  stats fetch failed: timed out
2026-10-08T23:12:10Z  WARNING  thresholds fetch failed: timed out
2026-10-08T23:12:10Z  WARNING  stats fetch failed: timed out
2026-10-08T23:12:15Z  WARNING  thresholds fetch failed: timed out
2026-10-08T23:12:15Z  WARNING  stats fetch failed: timed out
2026-10-08T23:12:20Z  WARNING  thresholds fetch failed: timed out
2026-10-08T23:12:20Z  WARNING  stats fetch failed: timed out
2026-10-08T23:12:25Z  WARNING  thresholds fetch failed: timed out
2026-10-08T23:12:25Z  WARNING  stats fetch failed: timed out
2026-10-08T23:12:32Z  SHUTDOWN  signal=15
2026-10-08T23:12:33Z  EXIT
