2026-09-17T19:45:24Z  START  poll_interval=1s layer_a_poll_interval=5s
2026-09-17T19:46:30Z  WARNING  thresholds fetch failed: timed out
2026-09-17T19:46:30Z  WARNING  stats fetch failed: timed out
2026-09-17T19:46:35Z  WARNING  thresholds fetch failed: timed out
2026-09-17T19:46:35Z  WARNING  stats fetch failed: timed out
2026-09-17T19:46:40Z  WARNING  thresholds fetch failed: timed out
2026-09-17T19:46:40Z  WARNING  stats fetch failed: timed out
2026-09-17T19:46:45Z  WARNING  thresholds fetch failed: timed out
2026-09-17T19:46:45Z  WARNING  stats fetch failed: timed out
2026-09-17T19:46:50Z  WARNING  thresholds fetch failed: timed out
2026-09-17T19:46:50Z  WARNING  stats fetch failed: timed out
2026-09-17T19:46:55Z  WARNING  thresholds fetch failed: timed out
2026-09-17T19:46:55Z  WARNING  stats fetch failed: timed out
2026-09-17T19:47:00Z  WARNING  thresholds fetch failed: timed out
2026-09-17T19:47:00Z  WARNING  stats fetch failed: timed out
2026-09-17T19:47:05Z  WARNING  thresholds fetch failed: timed out
2026-09-17T19:47:05Z  WARNING  stats fetch failed: timed out
2026-09-17T19:47:10Z  WARNING  thresholds fetch failed: timed out
2026-09-17T19:47:10Z  WARNING  stats fetch failed: timed out
2026-09-17T19:47:15Z  WARNING  thresholds fetch failed: timed out
2026-09-17T19:47:15Z  WARNING  stats fetch failed: timed out
2026-09-17T19:47:20Z  WARNING  thresholds fetch failed: timed out
2026-09-17T19:47:20Z  WARNING  stats fetch failed: timed out
2026-09-17T19:47:25Z  WARNING  thresholds fetch failed: timed out
2026-09-17T19:47:25Z  WARNING  stats fetch failed: timed out
2026-09-17T19:47:30Z  WARNING  thresholds fetch failed: timed out
2026-09-17T19:47:30Z  WARNING  stats fetch failed: timed out
2026-09-17T19:47:35Z  WARNING  thresholds fetch failed: timed out
2026-09-17T19:47:35Z  WARNING  stats fetch failed: timed out
2026-09-17T19:47:40Z  WARNING  thresholds fetch failed: timed out
2026-09-17T19:47:40Z  WARNING  stats fetch failed: timed out
2026-09-17T19:47:45Z  WARNING  thresholds fetch failed: timed out
2026-09-17T19:47:45Z  WARNING  stats fetch failed: timed out
2026-09-17T19:47:50Z  WARNING  thresholds fetch failed: timed out
2026-09-17T19:47:50Z  WARNING  stats fetch failed: timed out
2026-09-17T19:47:55Z  WARNING  thresholds fetch failed: timed out
2026-09-17T19:47:55Z  WARNING  stats fetch failed: timed out
2026-09-17T19:48:00Z  WARNING  thresholds fetch failed: timed out
2026-09-17T19:48:00Z  WARNING  stats fetch failed: timed out
2026-09-17T19:48:05Z  WARNING  thresholds fetch failed: timed out
2026-09-17T19:48:05Z  WARNING  stats fetch failed: timed out
2026-09-17T19:48:10Z  WARNING  thresholds fetch failed: timed out
2026-09-17T19:48:10Z  WARNING  stats fetch failed: timed out
2026-09-17T19:48:15Z  WARNING  thresholds fetch failed: timed out
2026-09-17T19:48:15Z  WARNING  stats fetch failed: timed out
2026-09-17T19:48:20Z  WARNING  thresholds fetch failed: timed out
2026-09-17T19:48:20Z  WARNING  stats fetch failed: timed out
2026-09-17T19:48:25Z  WARNING  thresholds fetch failed: timed out
2026-09-17T19:48:25Z  WARNING  stats fetch failed: timed out
2026-09-17T19:48:30Z  WARNING  thresholds fetch failed: timed out
2026-09-17T19:48:30Z  WARNING  stats fetch failed: timed out
2026-09-17T19:48:35Z  WARNING  thresholds fetch failed: timed out
2026-09-17T19:48:35Z  WARNING  stats fetch failed: timed out
2026-09-17T19:48:40Z  WARNING  thresholds fetch failed: timed out
2026-09-17T19:48:40Z  WARNING  stats fetch failed: timed out
2026-09-17T19:48:45Z  WARNING  thresholds fetch failed: timed out
2026-09-17T19:48:45Z  WARNING  stats fetch failed: timed out
2026-09-17T19:48:50Z  WARNING  thresholds fetch failed: timed out
2026-09-17T19:48:50Z  WARNING  stats fetch failed: timed out
2026-09-17T19:48:55Z  WARNING  thresholds fetch failed: timed out
2026-09-17T19:48:55Z  WARNING  stats fetch failed: timed out
2026-09-17T19:49:00Z  WARNING  thresholds fetch failed: timed out
2026-09-17T19:49:00Z  WARNING  stats fetch failed: timed out
2026-09-17T19:49:05Z  WARNING  thresholds fetch failed: timed out
2026-09-17T19:49:05Z  WARNING  stats fetch failed: timed out
2026-09-17T19:49:10Z  WARNING  thresholds fetch failed: timed out
2026-09-17T19:49:10Z  WARNING  stats fetch failed: timed out
2026-09-17T19:49:15Z  WARNING  thresholds fetch failed: timed out
2026-09-17T19:49:15Z  WARNING  stats fetch failed: timed out
2026-09-17T19:49:20Z  WARNING  thresholds fetch failed: timed out
2026-09-17T19:49:20Z  WARNING  stats fetch failed: timed out
2026-09-17T19:49:25Z  WARNING  thresholds fetch failed: timed out
2026-09-17T19:49:25Z  WARNING  stats fetch failed: timed out
2026-09-17T19:49:30Z  WARNING  thresholds fetch failed: timed out
2026-09-17T19:49:30Z  WARNING  stats fetch failed: timed out
2026-09-17T19:49:35Z  WARNING  thresholds fetch failed: timed out
2026-09-17T19:49:35Z  WARNING  stats fetch failed: timed out
2026-09-17T19:49:40Z  WARNING  thresholds fetch failed: timed out
2026-09-17T19:49:40Z  WARNING  stats fetch failed: timed out
2026-09-17T19:49:45Z  WARNING  thresholds fetch failed: timed out
2026-09-17T19:49:45Z  WARNING  stats fetch failed: timed out
2026-09-17T19:49:50Z  WARNING  thresholds fetch failed: timed out
2026-09-17T19:49:50Z  WARNING  stats fetch failed: timed out
2026-09-17T19:49:55Z  WARNING  thresholds fetch failed: timed out
2026-09-17T19:49:55Z  WARNING  stats fetch failed: timed out
2026-09-17T19:50:00Z  WARNING  thresholds fetch failed: timed out
2026-09-17T19:50:00Z  WARNING  stats fetch failed: timed out
2026-09-17T19:50:05Z  WARNING  thresholds fetch failed: timed out
2026-09-17T19:50:05Z  WARNING  stats fetch failed: timed out
2026-09-17T19:50:10Z  WARNING  thresholds fetch failed: timed out
2026-09-17T19:50:10Z  WARNING  stats fetch failed: timed out
2026-09-17T19:50:15Z  WARNING  thresholds fetch failed: timed out
2026-09-17T19:50:15Z  WARNING  stats fetch failed: timed out
2026-09-17T19:50:20Z  WARNING  thresholds fetch failed: timed out
2026-09-17T19:50:20Z  WARNING  stats fetch failed: timed out
2026-09-17T19:50:25Z  WARNING  thresholds fetch failed: timed out
2026-09-17T19:50:25Z  WARNING  stats fetch failed: timed out
2026-09-17T19:50:30Z  WARNING  thresholds fetch failed: timed out
2026-09-17T19:50:30Z  WARNING  stats fetch failed: timed out
2026-09-17T19:50:35Z  WARNING  thresholds fetch failed: timed out
2026-09-17T19:50:35Z  WARNING  stats fetch failed: timed out
2026-09-17T19:50:40Z  WARNING  thresholds fetch failed: timed out
2026-09-17T19:50:40Z  WARNING  stats fetch failed: timed out
2026-09-17T19:50:45Z  WARNING  thresholds fetch failed: timed out
2026-09-17T19:50:45Z  WARNING  stats fetch failed: timed out
2026-09-17T19:50:50Z  WARNING  thresholds fetch failed: timed out
2026-09-17T19:50:50Z  WARNING  stats fetch failed: timed out
2026-09-17T19:50:55Z  WARNING  thresholds fetch failed: timed out
2026-09-17T19:50:55Z  WARNING  stats fetch failed: timed out
2026-09-17T19:51:00Z  WARNING  thresholds fetch failed: timed out
2026-09-17T19:51:00Z  WARNING  stats fetch failed: timed out
2026-09-17T19:51:05Z  WARNING  thresholds fetch failed: timed out
2026-09-17T19:51:05Z  WARNING  stats fetch failed: timed out
2026-09-17T19:51:10Z  WARNING  thresholds fetch failed: timed out
2026-09-17T19:51:10Z  WARNING  stats fetch failed: timed out
2026-09-17T19:51:15Z  WARNING  thresholds fetch failed: timed out
2026-09-17T19:51:15Z  WARNING  stats fetch failed: timed out
2026-09-17T19:51:20Z  WARNING  thresholds fetch failed: timed out
2026-09-17T19:51:20Z  WARNING  stats fetch failed: timed out
2026-09-17T19:51:25Z  WARNING  thresholds fetch failed: timed out
2026-09-17T19:51:25Z  WARNING  stats fetch failed: timed out
2026-09-17T19:51:30Z  WARNING  thresholds fetch failed: timed out
2026-09-17T19:51:30Z  WARNING  stats fetch failed: timed out
2026-09-17T19:51:35Z  WARNING  thresholds fetch failed: timed out
2026-09-17T19:51:35Z  WARNING  stats fetch failed: timed out
2026-09-17T19:51:40Z  WARNING  thresholds fetch failed: timed out
2026-09-17T19:51:40Z  WARNING  stats fetch failed: timed out
2026-09-17T19:51:45Z  WARNING  thresholds fetch failed: timed out
2026-09-17T19:51:45Z  WARNING  stats fetch failed: timed out
2026-09-17T19:51:50Z  WARNING  thresholds fetch failed: timed out
2026-09-17T19:51:50Z  WARNING  stats fetch failed: timed out
2026-09-17T19:51:55Z  WARNING  thresholds fetch failed: timed out
2026-09-17T19:51:55Z  WARNING  stats fetch failed: timed out
2026-09-17T19:52:00Z  WARNING  thresholds fetch failed: timed out
2026-09-17T19:52:00Z  WARNING  stats fetch failed: timed out
2026-09-17T19:52:05Z  WARNING  thresholds fetch failed: timed out
2026-09-17T19:52:05Z  WARNING  stats fetch failed: timed out
2026-09-17T19:52:10Z  WARNING  thresholds fetch failed: timed out
2026-09-17T19:52:10Z  WARNING  stats fetch failed: timed out
2026-09-17T19:52:15Z  WARNING  thresholds fetch failed: timed out
2026-09-17T19:52:15Z  WARNING  stats fetch failed: timed out
2026-09-17T19:52:20Z  WARNING  thresholds fetch failed: timed out
2026-09-17T19:52:20Z  WARNING  stats fetch failed: timed out
2026-09-17T19:52:25Z  WARNING  thresholds fetch failed: timed out
2026-09-17T19:52:25Z  WARNING  stats fetch failed: timed out
2026-09-17T19:52:30Z  WARNING  thresholds fetch failed: timed out
2026-09-17T19:52:30Z  WARNING  stats fetch failed: timed out
2026-09-17T19:52:35Z  WARNING  thresholds fetch failed: timed out
2026-09-17T19:52:35Z  WARNING  stats fetch failed: timed out
2026-09-17T19:52:40Z  WARNING  thresholds fetch failed: timed out
2026-09-17T19:52:40Z  WARNING  stats fetch failed: timed out
2026-09-17T19:52:45Z  WARNING  thresholds fetch failed: timed out
2026-09-17T19:52:45Z  WARNING  stats fetch failed: timed out
2026-09-17T19:52:50Z  WARNING  thresholds fetch failed: timed out
2026-09-17T19:52:50Z  WARNING  stats fetch failed: timed out
2026-09-17T19:52:55Z  WARNING  thresholds fetch failed: timed out
2026-09-17T19:52:55Z  WARNING  stats fetch failed: timed out
2026-09-17T19:53:00Z  WARNING  thresholds fetch failed: timed out
2026-09-17T19:53:00Z  WARNING  stats fetch failed: timed out
2026-09-17T19:53:05Z  WARNING  thresholds fetch failed: timed out
2026-09-17T19:53:05Z  WARNING  stats fetch failed: timed out
2026-09-17T19:53:10Z  WARNING  thresholds fetch failed: timed out
2026-09-17T19:53:10Z  WARNING  stats fetch failed: timed out
2026-09-17T19:53:15Z  WARNING  thresholds fetch failed: timed out
2026-09-17T19:53:15Z  WARNING  stats fetch failed: timed out
2026-09-17T19:53:20Z  WARNING  thresholds fetch failed: timed out
2026-09-17T19:53:20Z  WARNING  stats fetch failed: timed out
2026-09-17T19:53:25Z  WARNING  thresholds fetch failed: timed out
2026-09-17T19:53:25Z  WARNING  stats fetch failed: timed out
2026-09-17T19:53:30Z  WARNING  thresholds fetch failed: timed out
2026-09-17T19:53:30Z  WARNING  stats fetch failed: timed out
2026-09-17T19:53:35Z  WARNING  thresholds fetch failed: timed out
2026-09-17T19:53:35Z  WARNING  stats fetch failed: timed out
2026-09-17T19:53:40Z  WARNING  thresholds fetch failed: timed out
2026-09-17T19:53:40Z  WARNING  stats fetch failed: timed out
2026-09-17T19:53:45Z  WARNING  thresholds fetch failed: timed out
2026-09-17T19:53:45Z  WARNING  stats fetch failed: timed out
2026-09-17T19:53:50Z  WARNING  thresholds fetch failed: timed out
2026-09-17T19:53:50Z  WARNING  stats fetch failed: timed out
2026-09-17T19:53:55Z  WARNING  thresholds fetch failed: timed out
2026-09-17T19:53:55Z  WARNING  stats fetch failed: timed out
2026-09-17T19:54:00Z  WARNING  thresholds fetch failed: timed out
2026-09-17T19:54:00Z  WARNING  stats fetch failed: timed out
2026-09-17T19:54:05Z  WARNING  thresholds fetch failed: timed out
2026-09-17T19:54:05Z  WARNING  stats fetch failed: timed out
2026-09-17T19:54:10Z  WARNING  thresholds fetch failed: timed out
2026-09-17T19:54:10Z  WARNING  stats fetch failed: timed out
2026-09-17T19:54:15Z  WARNING  thresholds fetch failed: timed out
2026-09-17T19:54:15Z  WARNING  stats fetch failed: timed out
2026-09-17T19:54:20Z  WARNING  thresholds fetch failed: timed out
2026-09-17T19:54:20Z  WARNING  stats fetch failed: timed out
2026-09-17T19:54:25Z  WARNING  thresholds fetch failed: timed out
2026-09-17T19:54:25Z  WARNING  stats fetch failed: timed out
2026-09-17T19:54:30Z  WARNING  thresholds fetch failed: timed out
2026-09-17T19:54:30Z  WARNING  stats fetch failed: timed out
2026-09-17T19:54:35Z  WARNING  thresholds fetch failed: timed out
2026-09-17T19:54:35Z  WARNING  stats fetch failed: timed out
2026-09-17T19:54:40Z  WARNING  thresholds fetch failed: timed out
2026-09-17T19:54:40Z  WARNING  stats fetch failed: timed out
2026-09-17T19:54:45Z  WARNING  thresholds fetch failed: timed out
2026-09-17T19:54:45Z  WARNING  stats fetch failed: timed out
2026-09-17T19:54:50Z  WARNING  thresholds fetch failed: timed out
2026-09-17T19:54:50Z  WARNING  stats fetch failed: timed out
2026-09-17T19:54:55Z  WARNING  thresholds fetch failed: timed out
2026-09-17T19:54:55Z  WARNING  stats fetch failed: timed out
2026-09-17T19:55:00Z  WARNING  thresholds fetch failed: timed out
2026-09-17T19:55:00Z  WARNING  stats fetch failed: timed out
2026-09-17T19:55:05Z  WARNING  thresholds fetch failed: timed out
2026-09-17T19:55:05Z  WARNING  stats fetch failed: timed out
2026-09-17T19:55:10Z  WARNING  thresholds fetch failed: timed out
2026-09-17T19:55:10Z  WARNING  stats fetch failed: timed out
2026-09-17T19:55:15Z  WARNING  thresholds fetch failed: timed out
2026-09-17T19:55:15Z  WARNING  stats fetch failed: timed out
2026-09-17T19:55:20Z  WARNING  thresholds fetch failed: timed out
2026-09-17T19:55:20Z  WARNING  stats fetch failed: timed out
2026-09-17T19:55:25Z  WARNING  thresholds fetch failed: timed out
2026-09-17T19:55:25Z  WARNING  stats fetch failed: timed out
2026-09-17T19:55:30Z  WARNING  thresholds fetch failed: timed out
2026-09-17T19:55:30Z  WARNING  stats fetch failed: timed out
2026-09-17T19:55:35Z  WARNING  thresholds fetch failed: timed out
2026-09-17T19:55:35Z  WARNING  stats fetch failed: timed out
2026-09-17T19:55:40Z  WARNING  thresholds fetch failed: timed out
2026-09-17T19:55:40Z  WARNING  stats fetch failed: timed out
2026-09-17T19:55:45Z  WARNING  thresholds fetch failed: timed out
2026-09-17T19:55:45Z  WARNING  stats fetch failed: timed out
2026-09-17T19:55:50Z  WARNING  thresholds fetch failed: timed out
2026-09-17T19:55:50Z  WARNING  stats fetch failed: timed out
2026-09-17T19:55:54Z  SHUTDOWN  signal=15
2026-09-17T19:55:55Z  EXIT
