2026-09-18T10:18:41Z  START  poll_interval=1s layer_a_poll_interval=5s
2026-09-18T10:19:05Z  WARNING  thresholds fetch failed: timed out
2026-09-18T10:19:05Z  WARNING  stats fetch failed: timed out
2026-09-18T10:19:10Z  WARNING  thresholds fetch failed: timed out
2026-09-18T10:19:10Z  WARNING  stats fetch failed: timed out
2026-09-18T10:19:15Z  WARNING  thresholds fetch failed: timed out
2026-09-18T10:19:15Z  WARNING  stats fetch failed: timed out
2026-09-18T10:19:20Z  WARNING  thresholds fetch failed: timed out
2026-09-18T10:19:20Z  WARNING  stats fetch failed: timed out
2026-09-18T10:19:25Z  WARNING  thresholds fetch failed: timed out
2026-09-18T10:19:25Z  WARNING  stats fetch failed: timed out
2026-09-18T10:19:30Z  WARNING  thresholds fetch failed: timed out
2026-09-18T10:19:30Z  WARNING  stats fetch failed: timed out
2026-09-18T10:19:35Z  WARNING  thresholds fetch failed: timed out
2026-09-18T10:19:35Z  WARNING  stats fetch failed: timed out
2026-09-18T10:19:40Z  WARNING  thresholds fetch failed: timed out
2026-09-18T10:19:40Z  WARNING  stats fetch failed: timed out
2026-09-18T10:19:45Z  WARNING  thresholds fetch failed: timed out
2026-09-18T10:19:45Z  WARNING  stats fetch failed: timed out
2026-09-18T10:19:50Z  WARNING  thresholds fetch failed: timed out
2026-09-18T10:19:50Z  WARNING  stats fetch failed: timed out
2026-09-18T10:19:55Z  WARNING  thresholds fetch failed: timed out
2026-09-18T10:19:55Z  WARNING  stats fetch failed: timed out
2026-09-18T10:20:00Z  WARNING  thresholds fetch failed: timed out
2026-09-18T10:20:00Z  WARNING  stats fetch failed: timed out
2026-09-18T10:20:05Z  WARNING  thresholds fetch failed: timed out
2026-09-18T10:20:05Z  WARNING  stats fetch failed: timed out
2026-09-18T10:20:10Z  WARNING  thresholds fetch failed: timed out
2026-09-18T10:20:10Z  WARNING  stats fetch failed: timed out
2026-09-18T10:20:15Z  WARNING  thresholds fetch failed: timed out
2026-09-18T10:20:15Z  WARNING  stats fetch failed: timed out
2026-09-18T10:20:20Z  WARNING  thresholds fetch failed: timed out
2026-09-18T10:20:20Z  WARNING  stats fetch failed: timed out
2026-09-18T10:20:25Z  WARNING  thresholds fetch failed: timed out
2026-09-18T10:20:25Z  WARNING  stats fetch failed: timed out
2026-09-18T10:20:30Z  WARNING  thresholds fetch failed: timed out
2026-09-18T10:20:30Z  WARNING  stats fetch failed: timed out
2026-09-18T10:20:35Z  WARNING  thresholds fetch failed: timed out
2026-09-18T10:20:35Z  WARNING  stats fetch failed: timed out
2026-09-18T10:20:40Z  WARNING  thresholds fetch failed: timed out
2026-09-18T10:20:40Z  WARNING  stats fetch failed: timed out
2026-09-18T10:20:45Z  WARNING  thresholds fetch failed: timed out
2026-09-18T10:20:45Z  WARNING  stats fetch failed: timed out
2026-09-18T10:20:50Z  WARNING  thresholds fetch failed: timed out
2026-09-18T10:20:50Z  WARNING  stats fetch failed: timed out
2026-09-18T10:20:55Z  WARNING  thresholds fetch failed: timed out
2026-09-18T10:20:55Z  WARNING  stats fetch failed: timed out
2026-09-18T10:21:00Z  WARNING  thresholds fetch failed: timed out
2026-09-18T10:21:00Z  WARNING  stats fetch failed: timed out
2026-09-18T10:21:05Z  WARNING  thresholds fetch failed: timed out
2026-09-18T10:21:05Z  WARNING  stats fetch failed: timed out
2026-09-18T10:21:10Z  WARNING  thresholds fetch failed: timed out
2026-09-18T10:21:10Z  WARNING  stats fetch failed: timed out
2026-09-18T10:21:15Z  WARNING  thresholds fetch failed: timed out
2026-09-18T10:21:15Z  WARNING  stats fetch failed: timed out
2026-09-18T10:21:20Z  WARNING  thresholds fetch failed: timed out
2026-09-18T10:21:20Z  WARNING  stats fetch failed: timed out
2026-09-18T10:21:25Z  WARNING  thresholds fetch failed: timed out
2026-09-18T10:21:25Z  WARNING  stats fetch failed: timed out
2026-09-18T10:21:30Z  WARNING  thresholds fetch failed: timed out
2026-09-18T10:21:30Z  WARNING  stats fetch failed: timed out
2026-09-18T10:21:35Z  WARNING  thresholds fetch failed: timed out
2026-09-18T10:21:35Z  WARNING  stats fetch failed: timed out
2026-09-18T10:21:40Z  WARNING  thresholds fetch failed: timed out
2026-09-18T10:21:40Z  WARNING  stats fetch failed: timed out
2026-09-18T10:21:45Z  WARNING  thresholds fetch failed: timed out
2026-09-18T10:21:45Z  WARNING  stats fetch failed: timed out
2026-09-18T10:21:50Z  WARNING  thresholds fetch failed: timed out
2026-09-18T10:21:50Z  WARNING  stats fetch failed: timed out
2026-09-18T10:21:55Z  WARNING  thresholds fetch failed: timed out
2026-09-18T10:21:55Z  WARNING  stats fetch failed: timed out
2026-09-18T10:22:00Z  WARNING  thresholds fetch failed: timed out
2026-09-18T10:22:00Z  WARNING  stats fetch failed: timed out
2026-09-18T10:22:05Z  WARNING  thresholds fetch failed: timed out
2026-09-18T10:22:05Z  WARNING  stats fetch failed: timed out
2026-09-18T10:22:10Z  WARNING  thresholds fetch failed: timed out
2026-09-18T10:22:10Z  WARNING  stats fetch failed: timed out
2026-09-18T10:22:15Z  WARNING  thresholds fetch failed: timed out
2026-09-18T10:22:15Z  WARNING  stats fetch failed: timed out
2026-09-18T10:22:20Z  WARNING  thresholds fetch failed: timed out
2026-09-18T10:22:20Z  WARNING  stats fetch failed: timed out
2026-09-18T10:22:25Z  WARNING  thresholds fetch failed: timed out
2026-09-18T10:22:25Z  WARNING  stats fetch failed: timed out
2026-09-18T10:22:30Z  WARNING  thresholds fetch failed: timed out
2026-09-18T10:22:30Z  WARNING  stats fetch failed: timed out
2026-09-18T10:22:35Z  WARNING  thresholds fetch failed: timed out
2026-09-18T10:22:35Z  WARNING  stats fetch failed: timed out
2026-09-18T10:22:40Z  WARNING  thresholds fetch failed: timed out
2026-09-18T10:22:40Z  WARNING  stats fetch failed: timed out
2026-09-18T10:22:45Z  WARNING  thresholds fetch failed: timed out
2026-09-18T10:22:45Z  WARNING  stats fetch failed: timed out
2026-09-18T10:22:50Z  WARNING  thresholds fetch failed: timed out
2026-09-18T10:22:50Z  WARNING  stats fetch failed: timed out
2026-09-18T10:22:55Z  WARNING  thresholds fetch failed: timed out
2026-09-18T10:22:55Z  WARNING  stats fetch failed: timed out
2026-09-18T10:23:00Z  WARNING  thresholds fetch failed: timed out
2026-09-18T10:23:00Z  WARNING  stats fetch failed: timed out
2026-09-18T10:23:05Z  WARNING  thresholds fetch failed: timed out
2026-09-18T10:23:05Z  WARNING  stats fetch failed: timed out
2026-09-18T10:23:10Z  WARNING  thresholds fetch failed: timed out
2026-09-18T10:23:10Z  WARNING  stats fetch failed: timed out
2026-09-18T10:23:15Z  WARNING  thresholds fetch failed: timed out
2026-09-18T10:23:15Z  WARNING  stats fetch failed: timed out
2026-09-18T10:23:20Z  WARNING  thresholds fetch failed: timed out
2026-09-18T10:23:20Z  WARNING  stats fetch failed: timed out
2026-09-18T10:23:25Z  WARNING  thresholds fetch failed: timed out
2026-09-18T10:23:25Z  WARNING  stats fetch failed: timed out
2026-09-18T10:23:30Z  WARNING  thresholds fetch failed: timed out
2026-09-18T10:23:30Z  WARNING  stats fetch failed: timed out
2026-09-18T10:23:35Z  WARNING  thresholds fetch failed: timed out
2026-09-18T10:23:35Z  WARNING  stats fetch failed: timed out
2026-09-18T10:23:40Z  WARNING  thresholds fetch failed: timed out
2026-09-18T10:23:40Z  WARNING  stats fetch failed: timed out
2026-09-18T10:23:45Z  WARNING  thresholds fetch failed: timed out
2026-09-18T10:23:45Z  WARNING  stats fetch failed: timed out
2026-09-18T10:23:50Z  WARNING  thresholds fetch failed: timed out
2026-09-18T10:23:50Z  WARNING  stats fetch failed: timed out
2026-09-18T10:23:55Z  WARNING  thresholds fetch failed: timed out
2026-09-18T10:23:55Z  WARNING  stats fetch failed: timed out
2026-09-18T10:24:00Z  WARNING  thresholds fetch failed: timed out
2026-09-18T10:24:00Z  WARNING  stats fetch failed: timed out
2026-09-18T10:24:05Z  WARNING  thresholds fetch failed: timed out
2026-09-18T10:24:05Z  WARNING  stats fetch failed: timed out
2026-09-18T10:24:10Z  WARNING  thresholds fetch failed: timed out
2026-09-18T10:24:10Z  WARNING  stats fetch failed: timed out
2026-09-18T10:24:15Z  WARNING  thresholds fetch failed: timed out
2026-09-18T10:24:15Z  WARNING  stats fetch failed: timed out
2026-09-18T10:24:20Z  WARNING  thresholds fetch failed: timed out
2026-09-18T10:24:20Z  WARNING  stats fetch failed: timed out
2026-09-18T10:24:25Z  WARNING  thresholds fetch failed: timed out
2026-09-18T10:24:25Z  WARNING  stats fetch failed: timed out
2026-09-18T10:24:30Z  WARNING  thresholds fetch failed: timed out
2026-09-18T10:24:30Z  WARNING  stats fetch failed: timed out
2026-09-18T10:24:35Z  WARNING  thresholds fetch failed: timed out
2026-09-18T10:24:35Z  WARNING  stats fetch failed: timed out
2026-09-18T10:24:40Z  WARNING  thresholds fetch failed: timed out
2026-09-18T10:24:40Z  WARNING  stats fetch failed: <urlopen error timed out>
2026-09-18T10:24:45Z  WARNING  thresholds fetch failed: timed out
2026-09-18T10:24:45Z  WARNING  stats fetch failed: <urlopen error timed out>
2026-09-18T10:24:50Z  WARNING  thresholds fetch failed: timed out
2026-09-18T10:24:50Z  WARNING  stats fetch failed: timed out
2026-09-18T10:24:55Z  WARNING  thresholds fetch failed: timed out
2026-09-18T10:24:55Z  WARNING  stats fetch failed: timed out
2026-09-18T10:25:00Z  WARNING  thresholds fetch failed: timed out
2026-09-18T10:25:00Z  WARNING  stats fetch failed: timed out
2026-09-18T10:25:05Z  WARNING  thresholds fetch failed: timed out
2026-09-18T10:25:05Z  WARNING  stats fetch failed: timed out
2026-09-18T10:25:10Z  WARNING  thresholds fetch failed: timed out
2026-09-18T10:25:10Z  WARNING  stats fetch failed: timed out
2026-09-18T10:25:15Z  WARNING  thresholds fetch failed: timed out
2026-09-18T10:25:15Z  WARNING  stats fetch failed: timed out
2026-09-18T10:25:20Z  WARNING  thresholds fetch failed: timed out
2026-09-18T10:25:20Z  WARNING  stats fetch failed: timed out
2026-09-18T10:25:25Z  WARNING  thresholds fetch failed: timed out
2026-09-18T10:25:25Z  WARNING  stats fetch failed: timed out
2026-09-18T10:25:30Z  WARNING  thresholds fetch failed: timed out
2026-09-18T10:25:30Z  WARNING  stats fetch failed: timed out
2026-09-18T10:25:35Z  WARNING  thresholds fetch failed: timed out
2026-09-18T10:25:35Z  WARNING  stats fetch failed: timed out
2026-09-18T10:25:40Z  WARNING  thresholds fetch failed: timed out
2026-09-18T10:25:40Z  WARNING  stats fetch failed: timed out
2026-09-18T10:25:45Z  WARNING  thresholds fetch failed: timed out
2026-09-18T10:25:45Z  WARNING  stats fetch failed: timed out
2026-09-18T10:25:50Z  WARNING  thresholds fetch failed: timed out
2026-09-18T10:25:50Z  WARNING  stats fetch failed: timed out
2026-09-18T10:25:55Z  WARNING  thresholds fetch failed: timed out
2026-09-18T10:25:55Z  WARNING  stats fetch failed: timed out
2026-09-18T10:26:00Z  WARNING  thresholds fetch failed: timed out
2026-09-18T10:26:00Z  WARNING  stats fetch failed: timed out
2026-09-18T10:26:05Z  WARNING  thresholds fetch failed: timed out
2026-09-18T10:26:05Z  WARNING  stats fetch failed: timed out
2026-09-18T10:26:10Z  WARNING  thresholds fetch failed: timed out
2026-09-18T10:26:10Z  WARNING  stats fetch failed: timed out
2026-09-18T10:26:15Z  WARNING  thresholds fetch failed: timed out
2026-09-18T10:26:15Z  WARNING  stats fetch failed: timed out
2026-09-18T10:26:20Z  WARNING  thresholds fetch failed: timed out
2026-09-18T10:26:20Z  WARNING  stats fetch failed: timed out
2026-09-18T10:26:25Z  WARNING  thresholds fetch failed: timed out
2026-09-18T10:26:25Z  WARNING  stats fetch failed: timed out
2026-09-18T10:26:30Z  WARNING  thresholds fetch failed: timed out
2026-09-18T10:26:30Z  WARNING  stats fetch failed: timed out
2026-09-18T10:26:35Z  WARNING  thresholds fetch failed: timed out
2026-09-18T10:26:35Z  WARNING  stats fetch failed: timed out
2026-09-18T10:26:40Z  WARNING  thresholds fetch failed: timed out
2026-09-18T10:26:40Z  WARNING  stats fetch failed: timed out
2026-09-18T10:26:45Z  WARNING  thresholds fetch failed: timed out
2026-09-18T10:26:45Z  WARNING  stats fetch failed: timed out
2026-09-18T10:26:50Z  WARNING  thresholds fetch failed: timed out
2026-09-18T10:26:50Z  WARNING  stats fetch failed: timed out
2026-09-18T10:26:55Z  WARNING  thresholds fetch failed: timed out
2026-09-18T10:26:55Z  WARNING  stats fetch failed: timed out
2026-09-18T10:27:00Z  WARNING  thresholds fetch failed: timed out
2026-09-18T10:27:00Z  WARNING  stats fetch failed: timed out
2026-09-18T10:27:05Z  WARNING  thresholds fetch failed: timed out
2026-09-18T10:27:05Z  WARNING  stats fetch failed: timed out
2026-09-18T10:27:10Z  WARNING  thresholds fetch failed: timed out
2026-09-18T10:27:10Z  WARNING  stats fetch failed: timed out
2026-09-18T10:27:15Z  WARNING  thresholds fetch failed: timed out
2026-09-18T10:27:15Z  WARNING  stats fetch failed: timed out
2026-09-18T10:27:20Z  WARNING  thresholds fetch failed: timed out
2026-09-18T10:27:20Z  WARNING  stats fetch failed: timed out
2026-09-18T10:27:25Z  WARNING  thresholds fetch failed: timed out
2026-09-18T10:27:25Z  WARNING  stats fetch failed: timed out
2026-09-18T10:27:30Z  WARNING  thresholds fetch failed: timed out
2026-09-18T10:27:30Z  WARNING  stats fetch failed: timed out
2026-09-18T10:27:35Z  WARNING  thresholds fetch failed: timed out
2026-09-18T10:27:35Z  WARNING  stats fetch failed: timed out
2026-09-18T10:27:40Z  WARNING  thresholds fetch failed: timed out
2026-09-18T10:27:40Z  WARNING  stats fetch failed: timed out
2026-09-18T10:27:45Z  WARNING  thresholds fetch failed: timed out
2026-09-18T10:27:45Z  WARNING  stats fetch failed: timed out
2026-09-18T10:27:50Z  WARNING  thresholds fetch failed: timed out
2026-09-18T10:27:50Z  WARNING  stats fetch failed: timed out
2026-09-18T10:27:55Z  WARNING  thresholds fetch failed: timed out
2026-09-18T10:27:55Z  WARNING  stats fetch failed: timed out
2026-09-18T10:28:00Z  WARNING  thresholds fetch failed: timed out
2026-09-18T10:28:00Z  WARNING  stats fetch failed: timed out
2026-09-18T10:28:05Z  WARNING  thresholds fetch failed: timed out
2026-09-18T10:28:05Z  WARNING  stats fetch failed: timed out
2026-09-18T10:28:10Z  WARNING  thresholds fetch failed: timed out
2026-09-18T10:28:10Z  WARNING  stats fetch failed: timed out
2026-09-18T10:28:15Z  WARNING  thresholds fetch failed: timed out
2026-09-18T10:28:15Z  WARNING  stats fetch failed: timed out
2026-09-18T10:28:20Z  WARNING  thresholds fetch failed: timed out
2026-09-18T10:28:20Z  WARNING  stats fetch failed: timed out
2026-09-18T10:28:25Z  WARNING  thresholds fetch failed: timed out
2026-09-18T10:28:25Z  WARNING  stats fetch failed: timed out
2026-09-18T10:28:30Z  WARNING  thresholds fetch failed: timed out
2026-09-18T10:28:30Z  WARNING  stats fetch failed: timed out
2026-09-18T10:28:35Z  WARNING  thresholds fetch failed: timed out
2026-09-18T10:28:35Z  WARNING  stats fetch failed: timed out
2026-09-18T10:28:40Z  WARNING  thresholds fetch failed: timed out
2026-09-18T10:28:40Z  WARNING  stats fetch failed: timed out
2026-09-18T10:28:45Z  WARNING  thresholds fetch failed: timed out
2026-09-18T10:28:45Z  WARNING  stats fetch failed: timed out
2026-09-18T10:28:50Z  WARNING  thresholds fetch failed: timed out
2026-09-18T10:28:50Z  WARNING  stats fetch failed: timed out
2026-09-18T10:28:55Z  WARNING  thresholds fetch failed: timed out
2026-09-18T10:28:55Z  WARNING  stats fetch failed: timed out
2026-09-18T10:29:00Z  WARNING  thresholds fetch failed: timed out
2026-09-18T10:29:00Z  WARNING  stats fetch failed: <urlopen error timed out>
2026-09-18T10:29:05Z  WARNING  thresholds fetch failed: timed out
2026-09-18T10:29:05Z  WARNING  stats fetch failed: timed out
2026-09-18T10:29:10Z  SHUTDOWN  signal=15
2026-09-18T10:29:11Z  EXIT
