2026-10-10T16:13:42Z  START  poll_interval=1s layer_a_poll_interval=5s
2026-10-10T16:16:25Z  WARNING  thresholds fetch failed: timed out
2026-10-10T16:16:25Z  WARNING  stats fetch failed: timed out
2026-10-10T16:16:30Z  WARNING  thresholds fetch failed: timed out
2026-10-10T16:16:30Z  WARNING  stats fetch failed: timed out
2026-10-10T16:16:35Z  WARNING  thresholds fetch failed: timed out
2026-10-10T16:16:35Z  WARNING  stats fetch failed: timed out
2026-10-10T16:16:40Z  WARNING  thresholds fetch failed: timed out
2026-10-10T16:16:40Z  WARNING  stats fetch failed: timed out
2026-10-10T16:16:45Z  WARNING  thresholds fetch failed: timed out
2026-10-10T16:16:45Z  WARNING  stats fetch failed: timed out
2026-10-10T16:16:50Z  WARNING  thresholds fetch failed: timed out
2026-10-10T16:16:50Z  WARNING  stats fetch failed: timed out
2026-10-10T16:16:55Z  WARNING  thresholds fetch failed: timed out
2026-10-10T16:16:55Z  WARNING  stats fetch failed: timed out
2026-10-10T16:17:00Z  WARNING  thresholds fetch failed: timed out
2026-10-10T16:17:00Z  WARNING  stats fetch failed: timed out
2026-10-10T16:17:05Z  WARNING  thresholds fetch failed: timed out
2026-10-10T16:17:05Z  WARNING  stats fetch failed: timed out
2026-10-10T16:17:10Z  WARNING  thresholds fetch failed: timed out
2026-10-10T16:17:10Z  WARNING  stats fetch failed: timed out
2026-10-10T16:17:15Z  WARNING  thresholds fetch failed: timed out
2026-10-10T16:17:15Z  WARNING  stats fetch failed: timed out
2026-10-10T16:17:20Z  WARNING  thresholds fetch failed: timed out
2026-10-10T16:17:20Z  WARNING  stats fetch failed: timed out
2026-10-10T16:17:25Z  WARNING  thresholds fetch failed: timed out
2026-10-10T16:17:25Z  WARNING  stats fetch failed: timed out
2026-10-10T16:17:30Z  WARNING  thresholds fetch failed: timed out
2026-10-10T16:17:30Z  WARNING  stats fetch failed: timed out
2026-10-10T16:17:35Z  WARNING  thresholds fetch failed: timed out
2026-10-10T16:17:35Z  WARNING  stats fetch failed: timed out
2026-10-10T16:17:40Z  WARNING  thresholds fetch failed: timed out
2026-10-10T16:17:40Z  WARNING  stats fetch failed: timed out
2026-10-10T16:17:45Z  WARNING  thresholds fetch failed: timed out
2026-10-10T16:17:45Z  WARNING  stats fetch failed: timed out
2026-10-10T16:17:50Z  WARNING  thresholds fetch failed: timed out
2026-10-10T16:17:50Z  WARNING  stats fetch failed: timed out
2026-10-10T16:17:55Z  WARNING  thresholds fetch failed: timed out
2026-10-10T16:17:55Z  WARNING  stats fetch failed: timed out
2026-10-10T16:18:00Z  WARNING  thresholds fetch failed: timed out
2026-10-10T16:18:00Z  WARNING  stats fetch failed: timed out
2026-10-10T16:18:05Z  WARNING  thresholds fetch failed: timed out
2026-10-10T16:18:05Z  WARNING  stats fetch failed: timed out
2026-10-10T16:18:10Z  WARNING  thresholds fetch failed: timed out
2026-10-10T16:18:10Z  WARNING  stats fetch failed: timed out
2026-10-10T16:18:15Z  WARNING  thresholds fetch failed: timed out
2026-10-10T16:18:15Z  WARNING  stats fetch failed: timed out
2026-10-10T16:18:20Z  WARNING  thresholds fetch failed: timed out
2026-10-10T16:18:20Z  WARNING  stats fetch failed: timed out
2026-10-10T16:18:25Z  WARNING  thresholds fetch failed: timed out
2026-10-10T16:18:25Z  WARNING  stats fetch failed: timed out
2026-10-10T16:18:30Z  WARNING  thresholds fetch failed: timed out
2026-10-10T16:18:30Z  WARNING  stats fetch failed: timed out
2026-10-10T16:18:35Z  WARNING  thresholds fetch failed: timed out
2026-10-10T16:18:35Z  WARNING  stats fetch failed: timed out
2026-10-10T16:18:40Z  WARNING  thresholds fetch failed: timed out
2026-10-10T16:18:40Z  WARNING  stats fetch failed: timed out
2026-10-10T16:18:45Z  WARNING  thresholds fetch failed: timed out
2026-10-10T16:18:45Z  WARNING  stats fetch failed: timed out
2026-10-10T16:18:50Z  WARNING  thresholds fetch failed: timed out
2026-10-10T16:18:50Z  WARNING  stats fetch failed: timed out
2026-10-10T16:18:55Z  WARNING  thresholds fetch failed: timed out
2026-10-10T16:18:55Z  WARNING  stats fetch failed: timed out
2026-10-10T16:19:00Z  WARNING  thresholds fetch failed: timed out
2026-10-10T16:19:00Z  WARNING  stats fetch failed: timed out
2026-10-10T16:19:05Z  WARNING  thresholds fetch failed: timed out
2026-10-10T16:19:05Z  WARNING  stats fetch failed: timed out
2026-10-10T16:19:10Z  WARNING  thresholds fetch failed: timed out
2026-10-10T16:19:10Z  WARNING  stats fetch failed: timed out
2026-10-10T16:19:15Z  WARNING  thresholds fetch failed: timed out
2026-10-10T16:19:15Z  WARNING  stats fetch failed: timed out
2026-10-10T16:19:20Z  WARNING  thresholds fetch failed: timed out
2026-10-10T16:19:20Z  WARNING  stats fetch failed: timed out
2026-10-10T16:19:25Z  WARNING  thresholds fetch failed: timed out
2026-10-10T16:19:25Z  WARNING  stats fetch failed: timed out
2026-10-10T16:19:30Z  WARNING  thresholds fetch failed: timed out
2026-10-10T16:19:30Z  WARNING  stats fetch failed: timed out
2026-10-10T16:19:35Z  WARNING  thresholds fetch failed: timed out
2026-10-10T16:19:35Z  WARNING  stats fetch failed: timed out
2026-10-10T16:19:40Z  WARNING  thresholds fetch failed: timed out
2026-10-10T16:19:40Z  WARNING  stats fetch failed: timed out
2026-10-10T16:19:45Z  WARNING  thresholds fetch failed: timed out
2026-10-10T16:19:45Z  WARNING  stats fetch failed: timed out
2026-10-10T16:19:50Z  WARNING  thresholds fetch failed: timed out
2026-10-10T16:19:50Z  WARNING  stats fetch failed: timed out
2026-10-10T16:19:55Z  WARNING  thresholds fetch failed: timed out
2026-10-10T16:19:55Z  WARNING  stats fetch failed: timed out
2026-10-10T16:20:00Z  WARNING  thresholds fetch failed: timed out
2026-10-10T16:20:00Z  WARNING  stats fetch failed: timed out
2026-10-10T16:20:05Z  WARNING  thresholds fetch failed: timed out
2026-10-10T16:20:05Z  WARNING  stats fetch failed: timed out
2026-10-10T16:20:10Z  WARNING  thresholds fetch failed: timed out
2026-10-10T16:20:10Z  WARNING  stats fetch failed: timed out
2026-10-10T16:20:15Z  WARNING  thresholds fetch failed: timed out
2026-10-10T16:20:15Z  WARNING  stats fetch failed: timed out
2026-10-10T16:20:20Z  WARNING  thresholds fetch failed: timed out
2026-10-10T16:20:20Z  WARNING  stats fetch failed: timed out
2026-10-10T16:20:25Z  WARNING  thresholds fetch failed: timed out
2026-10-10T16:20:25Z  WARNING  stats fetch failed: timed out
2026-10-10T16:20:30Z  WARNING  thresholds fetch failed: timed out
2026-10-10T16:20:30Z  WARNING  stats fetch failed: timed out
2026-10-10T16:20:35Z  WARNING  thresholds fetch failed: timed out
2026-10-10T16:20:35Z  WARNING  stats fetch failed: timed out
2026-10-10T16:20:40Z  WARNING  thresholds fetch failed: timed out
2026-10-10T16:20:40Z  WARNING  stats fetch failed: timed out
2026-10-10T16:20:45Z  WARNING  thresholds fetch failed: timed out
2026-10-10T16:20:45Z  WARNING  stats fetch failed: timed out
2026-10-10T16:20:50Z  WARNING  thresholds fetch failed: timed out
2026-10-10T16:20:50Z  WARNING  stats fetch failed: <urlopen error timed out>
2026-10-10T16:20:55Z  WARNING  thresholds fetch failed: timed out
2026-10-10T16:20:55Z  WARNING  stats fetch failed: timed out
2026-10-10T16:21:00Z  WARNING  thresholds fetch failed: timed out
2026-10-10T16:21:00Z  WARNING  stats fetch failed: timed out
2026-10-10T16:21:05Z  WARNING  thresholds fetch failed: timed out
2026-10-10T16:21:05Z  WARNING  stats fetch failed: timed out
2026-10-10T16:21:10Z  WARNING  thresholds fetch failed: timed out
2026-10-10T16:21:10Z  WARNING  stats fetch failed: timed out
2026-10-10T16:21:15Z  WARNING  thresholds fetch failed: timed out
2026-10-10T16:21:15Z  WARNING  stats fetch failed: timed out
2026-10-10T16:21:20Z  WARNING  thresholds fetch failed: timed out
2026-10-10T16:21:20Z  WARNING  stats fetch failed: timed out
2026-10-10T16:21:25Z  WARNING  thresholds fetch failed: timed out
2026-10-10T16:21:25Z  WARNING  stats fetch failed: timed out
2026-10-10T16:21:30Z  WARNING  thresholds fetch failed: timed out
2026-10-10T16:21:30Z  WARNING  stats fetch failed: timed out
2026-10-10T16:21:35Z  WARNING  thresholds fetch failed: timed out
2026-10-10T16:21:35Z  WARNING  stats fetch failed: timed out
2026-10-10T16:21:40Z  WARNING  thresholds fetch failed: timed out
2026-10-10T16:21:40Z  WARNING  stats fetch failed: timed out
2026-10-10T16:21:45Z  WARNING  thresholds fetch failed: timed out
2026-10-10T16:21:45Z  WARNING  stats fetch failed: timed out
2026-10-10T16:21:50Z  WARNING  thresholds fetch failed: timed out
2026-10-10T16:21:50Z  WARNING  stats fetch failed: timed out
2026-10-10T16:21:55Z  WARNING  thresholds fetch failed: timed out
2026-10-10T16:21:55Z  WARNING  stats fetch failed: timed out
2026-10-10T16:22:00Z  WARNING  thresholds fetch failed: timed out
2026-10-10T16:22:00Z  WARNING  stats fetch failed: timed out
2026-10-10T16:22:05Z  WARNING  thresholds fetch failed: timed out
2026-10-10T16:22:05Z  WARNING  stats fetch failed: timed out
2026-10-10T16:22:10Z  WARNING  thresholds fetch failed: timed out
2026-10-10T16:22:10Z  WARNING  stats fetch failed: timed out
2026-10-10T16:22:15Z  WARNING  thresholds fetch failed: timed out
2026-10-10T16:22:15Z  WARNING  stats fetch failed: timed out
2026-10-10T16:22:20Z  WARNING  thresholds fetch failed: timed out
2026-10-10T16:22:20Z  WARNING  stats fetch failed: timed out
2026-10-10T16:22:25Z  WARNING  thresholds fetch failed: timed out
2026-10-10T16:22:25Z  WARNING  stats fetch failed: timed out
2026-10-10T16:22:30Z  WARNING  thresholds fetch failed: timed out
2026-10-10T16:22:30Z  WARNING  stats fetch failed: timed out
2026-10-10T16:22:35Z  WARNING  thresholds fetch failed: timed out
2026-10-10T16:22:35Z  WARNING  stats fetch failed: timed out
2026-10-10T16:22:40Z  WARNING  thresholds fetch failed: timed out
2026-10-10T16:22:40Z  WARNING  stats fetch failed: timed out
2026-10-10T16:22:45Z  WARNING  thresholds fetch failed: timed out
2026-10-10T16:22:45Z  WARNING  stats fetch failed: timed out
2026-10-10T16:22:50Z  WARNING  thresholds fetch failed: timed out
2026-10-10T16:22:50Z  WARNING  stats fetch failed: timed out
2026-10-10T16:22:55Z  WARNING  thresholds fetch failed: timed out
2026-10-10T16:22:55Z  WARNING  stats fetch failed: timed out
2026-10-10T16:23:00Z  WARNING  thresholds fetch failed: timed out
2026-10-10T16:23:00Z  WARNING  stats fetch failed: timed out
2026-10-10T16:23:05Z  WARNING  thresholds fetch failed: timed out
2026-10-10T16:23:05Z  WARNING  stats fetch failed: timed out
2026-10-10T16:23:10Z  WARNING  thresholds fetch failed: timed out
2026-10-10T16:23:10Z  WARNING  stats fetch failed: timed out
2026-10-10T16:23:15Z  WARNING  thresholds fetch failed: timed out
2026-10-10T16:23:15Z  WARNING  stats fetch failed: timed out
2026-10-10T16:23:20Z  WARNING  thresholds fetch failed: timed out
2026-10-10T16:23:20Z  WARNING  stats fetch failed: timed out
2026-10-10T16:23:25Z  WARNING  thresholds fetch failed: timed out
2026-10-10T16:23:25Z  WARNING  stats fetch failed: timed out
2026-10-10T16:23:30Z  WARNING  thresholds fetch failed: timed out
2026-10-10T16:23:30Z  WARNING  stats fetch failed: timed out
2026-10-10T16:23:35Z  WARNING  thresholds fetch failed: timed out
2026-10-10T16:23:35Z  WARNING  stats fetch failed: timed out
2026-10-10T16:23:40Z  WARNING  thresholds fetch failed: timed out
2026-10-10T16:23:40Z  WARNING  stats fetch failed: timed out
2026-10-10T16:23:45Z  WARNING  thresholds fetch failed: timed out
2026-10-10T16:23:45Z  WARNING  stats fetch failed: timed out
2026-10-10T16:23:50Z  WARNING  thresholds fetch failed: <urlopen error timed out>
2026-10-10T16:23:50Z  WARNING  stats fetch failed: timed out
2026-10-10T16:23:55Z  WARNING  thresholds fetch failed: timed out
2026-10-10T16:23:55Z  WARNING  stats fetch failed: timed out
2026-10-10T16:24:00Z  WARNING  thresholds fetch failed: timed out
2026-10-10T16:24:00Z  WARNING  stats fetch failed: timed out
2026-10-10T16:24:05Z  WARNING  thresholds fetch failed: timed out
2026-10-10T16:24:05Z  WARNING  stats fetch failed: timed out
2026-10-10T16:24:10Z  WARNING  thresholds fetch failed: timed out
2026-10-10T16:24:10Z  WARNING  stats fetch failed: timed out
2026-10-10T16:24:15Z  WARNING  thresholds fetch failed: timed out
2026-10-10T16:24:15Z  WARNING  stats fetch failed: timed out
2026-10-10T16:24:20Z  WARNING  thresholds fetch failed: timed out
2026-10-10T16:24:20Z  WARNING  stats fetch failed: timed out
2026-10-10T16:24:25Z  WARNING  thresholds fetch failed: timed out
2026-10-10T16:24:25Z  WARNING  stats fetch failed: timed out
2026-10-10T16:24:30Z  WARNING  thresholds fetch failed: timed out
2026-10-10T16:24:30Z  WARNING  stats fetch failed: timed out
2026-10-10T16:24:35Z  WARNING  thresholds fetch failed: timed out
2026-10-10T16:24:35Z  WARNING  stats fetch failed: timed out
2026-10-10T16:24:40Z  WARNING  thresholds fetch failed: timed out
2026-10-10T16:24:40Z  WARNING  stats fetch failed: timed out
2026-10-10T16:24:45Z  SHUTDOWN  signal=15
2026-10-10T16:24:46Z  EXIT
