2026-09-19T15:39:09Z  START  poll_interval=1s layer_a_poll_interval=5s
2026-09-19T15:39:50Z  WARNING  thresholds fetch failed: timed out
2026-09-19T15:39:50Z  WARNING  stats fetch failed: timed out
2026-09-19T15:39:55Z  WARNING  thresholds fetch failed: timed out
2026-09-19T15:39:55Z  WARNING  stats fetch failed: timed out
2026-09-19T15:40:00Z  WARNING  thresholds fetch failed: timed out
2026-09-19T15:40:00Z  WARNING  stats fetch failed: timed out
2026-09-19T15:40:05Z  WARNING  thresholds fetch failed: timed out
2026-09-19T15:40:05Z  WARNING  stats fetch failed: timed out
2026-09-19T15:40:10Z  WARNING  thresholds fetch failed: timed out
2026-09-19T15:40:10Z  WARNING  stats fetch failed: timed out
2026-09-19T15:40:15Z  WARNING  thresholds fetch failed: timed out
2026-09-19T15:40:15Z  WARNING  stats fetch failed: timed out
2026-09-19T15:40:20Z  WARNING  thresholds fetch failed: timed out
2026-09-19T15:40:20Z  WARNING  stats fetch failed: timed out
2026-09-19T15:40:25Z  WARNING  thresholds fetch failed: timed out
2026-09-19T15:40:25Z  WARNING  stats fetch failed: timed out
2026-09-19T15:40:30Z  WARNING  thresholds fetch failed: timed out
2026-09-19T15:40:30Z  WARNING  stats fetch failed: timed out
2026-09-19T15:40:35Z  WARNING  thresholds fetch failed: timed out
2026-09-19T15:40:35Z  WARNING  stats fetch failed: timed out
2026-09-19T15:40:40Z  WARNING  thresholds fetch failed: timed out
2026-09-19T15:40:40Z  WARNING  stats fetch failed: timed out
2026-09-19T15:40:45Z  WARNING  thresholds fetch failed: timed out
2026-09-19T15:40:45Z  WARNING  stats fetch failed: timed out
2026-09-19T15:40:50Z  WARNING  thresholds fetch failed: timed out
2026-09-19T15:40:50Z  WARNING  stats fetch failed: timed out
2026-09-19T15:40:55Z  WARNING  thresholds fetch failed: timed out
2026-09-19T15:40:55Z  WARNING  stats fetch failed: timed out
2026-09-19T15:41:00Z  WARNING  thresholds fetch failed: timed out
2026-09-19T15:41:00Z  WARNING  stats fetch failed: timed out
2026-09-19T15:41:05Z  WARNING  thresholds fetch failed: timed out
2026-09-19T15:41:05Z  WARNING  stats fetch failed: timed out
2026-09-19T15:41:10Z  WARNING  thresholds fetch failed: timed out
2026-09-19T15:41:10Z  WARNING  stats fetch failed: timed out
2026-09-19T15:41:15Z  WARNING  thresholds fetch failed: timed out
2026-09-19T15:41:15Z  WARNING  stats fetch failed: timed out
2026-09-19T15:41:20Z  WARNING  thresholds fetch failed: timed out
2026-09-19T15:41:20Z  WARNING  stats fetch failed: timed out
2026-09-19T15:41:25Z  WARNING  thresholds fetch failed: timed out
2026-09-19T15:41:25Z  WARNING  stats fetch failed: timed out
2026-09-19T15:41:30Z  WARNING  thresholds fetch failed: timed out
2026-09-19T15:41:30Z  WARNING  stats fetch failed: timed out
2026-09-19T15:41:35Z  WARNING  thresholds fetch failed: timed out
2026-09-19T15:41:35Z  WARNING  stats fetch failed: timed out
2026-09-19T15:41:40Z  WARNING  thresholds fetch failed: timed out
2026-09-19T15:41:40Z  WARNING  stats fetch failed: timed out
2026-09-19T15:41:45Z  WARNING  thresholds fetch failed: timed out
2026-09-19T15:41:45Z  WARNING  stats fetch failed: timed out
2026-09-19T15:41:50Z  WARNING  thresholds fetch failed: timed out
2026-09-19T15:41:50Z  WARNING  stats fetch failed: timed out
2026-09-19T15:41:55Z  WARNING  thresholds fetch failed: timed out
2026-09-19T15:41:55Z  WARNING  stats fetch failed: timed out
2026-09-19T15:42:00Z  WARNING  thresholds fetch failed: timed out
2026-09-19T15:42:00Z  WARNING  stats fetch failed: timed out
2026-09-19T15:42:05Z  WARNING  thresholds fetch failed: timed out
2026-09-19T15:42:05Z  WARNING  stats fetch failed: timed out
2026-09-19T15:42:10Z  WARNING  thresholds fetch failed: timed out
2026-09-19T15:42:10Z  WARNING  stats fetch failed: timed out
2026-09-19T15:42:15Z  WARNING  thresholds fetch failed: timed out
2026-09-19T15:42:15Z  WARNING  stats fetch failed: timed out
2026-09-19T15:42:20Z  WARNING  thresholds fetch failed: timed out
2026-09-19T15:42:20Z  WARNING  stats fetch failed: timed out
2026-09-19T15:42:25Z  WARNING  thresholds fetch failed: timed out
2026-09-19T15:42:25Z  WARNING  stats fetch failed: timed out
2026-09-19T15:42:30Z  WARNING  thresholds fetch failed: timed out
2026-09-19T15:42:30Z  WARNING  stats fetch failed: timed out
2026-09-19T15:42:35Z  WARNING  thresholds fetch failed: timed out
2026-09-19T15:42:35Z  WARNING  stats fetch failed: timed out
2026-09-19T15:42:40Z  WARNING  thresholds fetch failed: timed out
2026-09-19T15:42:40Z  WARNING  stats fetch failed: timed out
2026-09-19T15:42:45Z  WARNING  thresholds fetch failed: timed out
2026-09-19T15:42:45Z  WARNING  stats fetch failed: timed out
2026-09-19T15:42:50Z  WARNING  thresholds fetch failed: timed out
2026-09-19T15:42:50Z  WARNING  stats fetch failed: timed out
2026-09-19T15:42:55Z  WARNING  thresholds fetch failed: timed out
2026-09-19T15:42:55Z  WARNING  stats fetch failed: timed out
2026-09-19T15:43:00Z  WARNING  thresholds fetch failed: timed out
2026-09-19T15:43:00Z  WARNING  stats fetch failed: timed out
2026-09-19T15:43:05Z  WARNING  thresholds fetch failed: timed out
2026-09-19T15:43:05Z  WARNING  stats fetch failed: timed out
2026-09-19T15:43:10Z  WARNING  thresholds fetch failed: timed out
2026-09-19T15:43:10Z  WARNING  stats fetch failed: timed out
2026-09-19T15:43:15Z  WARNING  thresholds fetch failed: timed out
2026-09-19T15:43:15Z  WARNING  stats fetch failed: timed out
2026-09-19T15:43:20Z  WARNING  thresholds fetch failed: timed out
2026-09-19T15:43:20Z  WARNING  stats fetch failed: timed out
2026-09-19T15:43:25Z  WARNING  thresholds fetch failed: timed out
2026-09-19T15:43:25Z  WARNING  stats fetch failed: timed out
2026-09-19T15:43:30Z  WARNING  thresholds fetch failed: timed out
2026-09-19T15:43:30Z  WARNING  stats fetch failed: timed out
2026-09-19T15:43:35Z  WARNING  thresholds fetch failed: timed out
2026-09-19T15:43:35Z  WARNING  stats fetch failed: timed out
2026-09-19T15:43:40Z  WARNING  thresholds fetch failed: timed out
2026-09-19T15:43:40Z  WARNING  stats fetch failed: timed out
2026-09-19T15:43:45Z  WARNING  thresholds fetch failed: timed out
2026-09-19T15:43:45Z  WARNING  stats fetch failed: timed out
2026-09-19T15:43:50Z  WARNING  thresholds fetch failed: timed out
2026-09-19T15:43:50Z  WARNING  stats fetch failed: timed out
2026-09-19T15:43:55Z  WARNING  thresholds fetch failed: timed out
2026-09-19T15:43:55Z  WARNING  stats fetch failed: timed out
2026-09-19T15:44:00Z  WARNING  thresholds fetch failed: timed out
2026-09-19T15:44:00Z  WARNING  stats fetch failed: timed out
2026-09-19T15:44:05Z  WARNING  thresholds fetch failed: timed out
2026-09-19T15:44:05Z  WARNING  stats fetch failed: timed out
2026-09-19T15:44:10Z  WARNING  thresholds fetch failed: timed out
2026-09-19T15:44:10Z  WARNING  stats fetch failed: timed out
2026-09-19T15:44:15Z  WARNING  thresholds fetch failed: timed out
2026-09-19T15:44:15Z  WARNING  stats fetch failed: timed out
2026-09-19T15:44:20Z  WARNING  thresholds fetch failed: timed out
2026-09-19T15:44:20Z  WARNING  stats fetch failed: timed out
2026-09-19T15:44:25Z  WARNING  thresholds fetch failed: timed out
2026-09-19T15:44:25Z  WARNING  stats fetch failed: timed out
2026-09-19T15:44:30Z  WARNING  thresholds fetch failed: timed out
2026-09-19T15:44:30Z  WARNING  stats fetch failed: timed out
2026-09-19T15:44:35Z  WARNING  thresholds fetch failed: timed out
2026-09-19T15:44:35Z  WARNING  stats fetch failed: timed out
2026-09-19T15:44:40Z  WARNING  thresholds fetch failed: timed out
2026-09-19T15:44:40Z  WARNING  stats fetch failed: timed out
2026-09-19T15:44:45Z  WARNING  thresholds fetch failed: timed out
2026-09-19T15:44:45Z  WARNING  stats fetch failed: timed out
2026-09-19T15:44:50Z  WARNING  thresholds fetch failed: timed out
2026-09-19T15:44:50Z  WARNING  stats fetch failed: timed out
2026-09-19T15:44:55Z  WARNING  thresholds fetch failed: timed out
2026-09-19T15:44:55Z  WARNING  stats fetch failed: timed out
2026-09-19T15:45:00Z  WARNING  thresholds fetch failed: timed out
2026-09-19T15:45:00Z  WARNING  stats fetch failed: timed out
2026-09-19T15:45:05Z  WARNING  thresholds fetch failed: timed out
2026-09-19T15:45:05Z  WARNING  stats fetch failed: timed out
2026-09-19T15:45:10Z  WARNING  thresholds fetch failed: timed out
2026-09-19T15:45:10Z  WARNING  stats fetch failed: timed out
2026-09-19T15:45:15Z  WARNING  thresholds fetch failed: timed out
2026-09-19T15:45:15Z  WARNING  stats fetch failed: timed out
2026-09-19T15:45:20Z  WARNING  thresholds fetch failed: timed out
2026-09-19T15:45:20Z  WARNING  stats fetch failed: timed out
2026-09-19T15:45:25Z  WARNING  thresholds fetch failed: timed out
2026-09-19T15:45:25Z  WARNING  stats fetch failed: timed out
2026-09-19T15:45:30Z  WARNING  thresholds fetch failed: timed out
2026-09-19T15:45:30Z  WARNING  stats fetch failed: timed out
2026-09-19T15:45:35Z  WARNING  thresholds fetch failed: timed out
2026-09-19T15:45:35Z  WARNING  stats fetch failed: timed out
2026-09-19T15:45:40Z  WARNING  thresholds fetch failed: timed out
2026-09-19T15:45:40Z  WARNING  stats fetch failed: timed out
2026-09-19T15:45:45Z  WARNING  thresholds fetch failed: timed out
2026-09-19T15:45:45Z  WARNING  stats fetch failed: timed out
2026-09-19T15:45:50Z  WARNING  thresholds fetch failed: timed out
2026-09-19T15:45:50Z  WARNING  stats fetch failed: timed out
2026-09-19T15:45:55Z  WARNING  thresholds fetch failed: timed out
2026-09-19T15:45:55Z  WARNING  stats fetch failed: timed out
2026-09-19T15:46:00Z  WARNING  thresholds fetch failed: timed out
2026-09-19T15:46:00Z  WARNING  stats fetch failed: timed out
2026-09-19T15:46:05Z  WARNING  thresholds fetch failed: timed out
2026-09-19T15:46:05Z  WARNING  stats fetch failed: timed out
2026-09-19T15:46:10Z  WARNING  thresholds fetch failed: timed out
2026-09-19T15:46:10Z  WARNING  stats fetch failed: timed out
2026-09-19T15:46:15Z  WARNING  thresholds fetch failed: timed out
2026-09-19T15:46:15Z  WARNING  stats fetch failed: timed out
2026-09-19T15:46:20Z  WARNING  thresholds fetch failed: <urlopen error timed out>
2026-09-19T15:46:20Z  WARNING  stats fetch failed: timed out
2026-09-19T15:46:25Z  WARNING  thresholds fetch failed: timed out
2026-09-19T15:46:25Z  WARNING  stats fetch failed: timed out
2026-09-19T15:46:30Z  WARNING  thresholds fetch failed: timed out
2026-09-19T15:46:30Z  WARNING  stats fetch failed: timed out
2026-09-19T15:46:35Z  WARNING  thresholds fetch failed: timed out
2026-09-19T15:46:35Z  WARNING  stats fetch failed: timed out
2026-09-19T15:46:40Z  WARNING  thresholds fetch failed: timed out
2026-09-19T15:46:40Z  WARNING  stats fetch failed: timed out
2026-09-19T15:46:45Z  WARNING  thresholds fetch failed: timed out
2026-09-19T15:46:45Z  WARNING  stats fetch failed: timed out
2026-09-19T15:46:50Z  WARNING  thresholds fetch failed: timed out
2026-09-19T15:46:50Z  WARNING  stats fetch failed: timed out
2026-09-19T15:46:55Z  WARNING  thresholds fetch failed: timed out
2026-09-19T15:46:55Z  WARNING  stats fetch failed: timed out
2026-09-19T15:47:00Z  WARNING  thresholds fetch failed: timed out
2026-09-19T15:47:00Z  WARNING  stats fetch failed: timed out
2026-09-19T15:47:05Z  WARNING  thresholds fetch failed: timed out
2026-09-19T15:47:05Z  WARNING  stats fetch failed: timed out
2026-09-19T15:47:10Z  WARNING  thresholds fetch failed: timed out
2026-09-19T15:47:10Z  WARNING  stats fetch failed: timed out
2026-09-19T15:47:15Z  WARNING  thresholds fetch failed: timed out
2026-09-19T15:47:15Z  WARNING  stats fetch failed: timed out
2026-09-19T15:47:20Z  WARNING  thresholds fetch failed: timed out
2026-09-19T15:47:20Z  WARNING  stats fetch failed: timed out
2026-09-19T15:47:25Z  WARNING  thresholds fetch failed: timed out
2026-09-19T15:47:25Z  WARNING  stats fetch failed: timed out
2026-09-19T15:47:30Z  WARNING  thresholds fetch failed: timed out
2026-09-19T15:47:30Z  WARNING  stats fetch failed: timed out
2026-09-19T15:47:35Z  WARNING  thresholds fetch failed: timed out
2026-09-19T15:47:35Z  WARNING  stats fetch failed: timed out
2026-09-19T15:47:40Z  WARNING  thresholds fetch failed: timed out
2026-09-19T15:47:40Z  WARNING  stats fetch failed: timed out
2026-09-19T15:47:45Z  WARNING  thresholds fetch failed: timed out
2026-09-19T15:47:45Z  WARNING  stats fetch failed: timed out
2026-09-19T15:47:50Z  WARNING  thresholds fetch failed: timed out
2026-09-19T15:47:50Z  WARNING  stats fetch failed: timed out
2026-09-19T15:47:55Z  WARNING  thresholds fetch failed: timed out
2026-09-19T15:47:55Z  WARNING  stats fetch failed: timed out
2026-09-19T15:48:00Z  WARNING  thresholds fetch failed: timed out
2026-09-19T15:48:00Z  WARNING  stats fetch failed: timed out
2026-09-19T15:48:05Z  WARNING  thresholds fetch failed: timed out
2026-09-19T15:48:05Z  WARNING  stats fetch failed: timed out
2026-09-19T15:48:10Z  WARNING  thresholds fetch failed: timed out
2026-09-19T15:48:10Z  WARNING  stats fetch failed: timed out
2026-09-19T15:48:15Z  WARNING  thresholds fetch failed: timed out
2026-09-19T15:48:15Z  WARNING  stats fetch failed: timed out
2026-09-19T15:48:20Z  WARNING  thresholds fetch failed: timed out
2026-09-19T15:48:20Z  WARNING  stats fetch failed: timed out
2026-09-19T15:48:25Z  WARNING  thresholds fetch failed: timed out
2026-09-19T15:48:25Z  WARNING  stats fetch failed: timed out
2026-09-19T15:48:30Z  WARNING  thresholds fetch failed: timed out
2026-09-19T15:48:30Z  WARNING  stats fetch failed: timed out
2026-09-19T15:48:35Z  WARNING  thresholds fetch failed: timed out
2026-09-19T15:48:35Z  WARNING  stats fetch failed: timed out
2026-09-19T15:48:40Z  WARNING  thresholds fetch failed: timed out
2026-09-19T15:48:40Z  WARNING  stats fetch failed: timed out
2026-09-19T15:48:45Z  WARNING  thresholds fetch failed: timed out
2026-09-19T15:48:45Z  WARNING  stats fetch failed: timed out
2026-09-19T15:48:50Z  WARNING  thresholds fetch failed: timed out
2026-09-19T15:48:50Z  WARNING  stats fetch failed: timed out
2026-09-19T15:48:55Z  WARNING  thresholds fetch failed: timed out
2026-09-19T15:48:55Z  WARNING  stats fetch failed: timed out
2026-09-19T15:49:00Z  WARNING  thresholds fetch failed: timed out
2026-09-19T15:49:00Z  WARNING  stats fetch failed: timed out
2026-09-19T15:49:05Z  WARNING  thresholds fetch failed: timed out
2026-09-19T15:49:05Z  WARNING  stats fetch failed: timed out
2026-09-19T15:49:10Z  WARNING  thresholds fetch failed: timed out
2026-09-19T15:49:10Z  WARNING  stats fetch failed: timed out
2026-09-19T15:49:15Z  WARNING  thresholds fetch failed: timed out
2026-09-19T15:49:15Z  WARNING  stats fetch failed: timed out
2026-09-19T15:49:20Z  WARNING  thresholds fetch failed: timed out
2026-09-19T15:49:20Z  WARNING  stats fetch failed: timed out
2026-09-19T15:49:25Z  WARNING  thresholds fetch failed: timed out
2026-09-19T15:49:25Z  WARNING  stats fetch failed: timed out
2026-09-19T15:49:30Z  WARNING  thresholds fetch failed: timed out
2026-09-19T15:49:30Z  WARNING  stats fetch failed: timed out
2026-09-19T15:49:35Z  WARNING  thresholds fetch failed: timed out
2026-09-19T15:49:35Z  WARNING  stats fetch failed: timed out
2026-09-19T15:49:38Z  SHUTDOWN  signal=15
2026-09-19T15:49:39Z  EXIT
