2026-10-05T12:42:29Z  START  poll_interval=1s layer_a_poll_interval=5s
2026-10-05T12:44:15Z  WARNING  thresholds fetch failed: timed out
2026-10-05T12:44:15Z  WARNING  stats fetch failed: timed out
2026-10-05T12:44:20Z  WARNING  thresholds fetch failed: timed out
2026-10-05T12:44:20Z  WARNING  stats fetch failed: timed out
2026-10-05T12:44:25Z  WARNING  thresholds fetch failed: timed out
2026-10-05T12:44:25Z  WARNING  stats fetch failed: timed out
2026-10-05T12:44:30Z  WARNING  thresholds fetch failed: timed out
2026-10-05T12:44:30Z  WARNING  stats fetch failed: timed out
2026-10-05T12:44:35Z  WARNING  thresholds fetch failed: timed out
2026-10-05T12:44:35Z  WARNING  stats fetch failed: timed out
2026-10-05T12:44:40Z  WARNING  thresholds fetch failed: timed out
2026-10-05T12:44:40Z  WARNING  stats fetch failed: timed out
2026-10-05T12:44:45Z  WARNING  thresholds fetch failed: timed out
2026-10-05T12:44:45Z  WARNING  stats fetch failed: timed out
2026-10-05T12:44:50Z  WARNING  thresholds fetch failed: timed out
2026-10-05T12:44:50Z  WARNING  stats fetch failed: timed out
2026-10-05T12:44:55Z  WARNING  thresholds fetch failed: timed out
2026-10-05T12:44:55Z  WARNING  stats fetch failed: timed out
2026-10-05T12:45:00Z  WARNING  thresholds fetch failed: timed out
2026-10-05T12:45:00Z  WARNING  stats fetch failed: timed out
2026-10-05T12:45:05Z  WARNING  thresholds fetch failed: timed out
2026-10-05T12:45:05Z  WARNING  stats fetch failed: timed out
2026-10-05T12:45:10Z  WARNING  thresholds fetch failed: timed out
2026-10-05T12:45:10Z  WARNING  stats fetch failed: timed out
2026-10-05T12:45:15Z  WARNING  thresholds fetch failed: timed out
2026-10-05T12:45:15Z  WARNING  stats fetch failed: timed out
2026-10-05T12:45:20Z  WARNING  thresholds fetch failed: timed out
2026-10-05T12:45:20Z  WARNING  stats fetch failed: timed out
2026-10-05T12:45:25Z  WARNING  thresholds fetch failed: timed out
2026-10-05T12:45:25Z  WARNING  stats fetch failed: timed out
2026-10-05T12:45:30Z  WARNING  thresholds fetch failed: timed out
2026-10-05T12:45:30Z  WARNING  stats fetch failed: timed out
2026-10-05T12:45:35Z  WARNING  thresholds fetch failed: timed out
2026-10-05T12:45:35Z  WARNING  stats fetch failed: timed out
2026-10-05T12:45:40Z  WARNING  thresholds fetch failed: timed out
2026-10-05T12:45:40Z  WARNING  stats fetch failed: timed out
2026-10-05T12:45:45Z  WARNING  thresholds fetch failed: timed out
2026-10-05T12:45:45Z  WARNING  stats fetch failed: timed out
2026-10-05T12:45:50Z  WARNING  thresholds fetch failed: timed out
2026-10-05T12:45:50Z  WARNING  stats fetch failed: timed out
2026-10-05T12:45:55Z  WARNING  thresholds fetch failed: timed out
2026-10-05T12:45:55Z  WARNING  stats fetch failed: timed out
2026-10-05T12:46:00Z  WARNING  thresholds fetch failed: timed out
2026-10-05T12:46:00Z  WARNING  stats fetch failed: timed out
2026-10-05T12:46:05Z  WARNING  thresholds fetch failed: timed out
2026-10-05T12:46:05Z  WARNING  stats fetch failed: timed out
2026-10-05T12:46:10Z  WARNING  thresholds fetch failed: timed out
2026-10-05T12:46:10Z  WARNING  stats fetch failed: timed out
2026-10-05T12:46:15Z  WARNING  thresholds fetch failed: timed out
2026-10-05T12:46:15Z  WARNING  stats fetch failed: timed out
2026-10-05T12:46:20Z  WARNING  thresholds fetch failed: timed out
2026-10-05T12:46:20Z  WARNING  stats fetch failed: timed out
2026-10-05T12:46:25Z  WARNING  thresholds fetch failed: timed out
2026-10-05T12:46:25Z  WARNING  stats fetch failed: timed out
2026-10-05T12:46:30Z  WARNING  thresholds fetch failed: timed out
2026-10-05T12:46:30Z  WARNING  stats fetch failed: timed out
2026-10-05T12:46:35Z  WARNING  thresholds fetch failed: timed out
2026-10-05T12:46:35Z  WARNING  stats fetch failed: timed out
2026-10-05T12:46:40Z  WARNING  thresholds fetch failed: timed out
2026-10-05T12:46:40Z  WARNING  stats fetch failed: timed out
2026-10-05T12:46:45Z  WARNING  thresholds fetch failed: timed out
2026-10-05T12:46:45Z  WARNING  stats fetch failed: timed out
2026-10-05T12:46:50Z  WARNING  thresholds fetch failed: timed out
2026-10-05T12:46:50Z  WARNING  stats fetch failed: timed out
2026-10-05T12:46:55Z  WARNING  thresholds fetch failed: timed out
2026-10-05T12:46:55Z  WARNING  stats fetch failed: timed out
2026-10-05T12:47:00Z  WARNING  thresholds fetch failed: timed out
2026-10-05T12:47:00Z  WARNING  stats fetch failed: timed out
2026-10-05T12:47:05Z  WARNING  thresholds fetch failed: timed out
2026-10-05T12:47:05Z  WARNING  stats fetch failed: timed out
2026-10-05T12:47:10Z  WARNING  thresholds fetch failed: timed out
2026-10-05T12:47:10Z  WARNING  stats fetch failed: timed out
2026-10-05T12:47:15Z  WARNING  thresholds fetch failed: timed out
2026-10-05T12:47:15Z  WARNING  stats fetch failed: timed out
2026-10-05T12:47:20Z  WARNING  thresholds fetch failed: timed out
2026-10-05T12:47:20Z  WARNING  stats fetch failed: timed out
2026-10-05T12:47:25Z  WARNING  thresholds fetch failed: timed out
2026-10-05T12:47:25Z  WARNING  stats fetch failed: timed out
2026-10-05T12:47:30Z  WARNING  thresholds fetch failed: timed out
2026-10-05T12:47:30Z  WARNING  stats fetch failed: timed out
2026-10-05T12:47:35Z  WARNING  thresholds fetch failed: timed out
2026-10-05T12:47:35Z  WARNING  stats fetch failed: timed out
2026-10-05T12:47:40Z  WARNING  thresholds fetch failed: timed out
2026-10-05T12:47:40Z  WARNING  stats fetch failed: timed out
2026-10-05T12:47:45Z  WARNING  thresholds fetch failed: timed out
2026-10-05T12:47:45Z  WARNING  stats fetch failed: timed out
2026-10-05T12:47:50Z  WARNING  thresholds fetch failed: timed out
2026-10-05T12:47:50Z  WARNING  stats fetch failed: timed out
2026-10-05T12:47:55Z  WARNING  thresholds fetch failed: timed out
2026-10-05T12:47:55Z  WARNING  stats fetch failed: timed out
2026-10-05T12:48:00Z  WARNING  thresholds fetch failed: timed out
2026-10-05T12:48:00Z  WARNING  stats fetch failed: timed out
2026-10-05T12:48:05Z  WARNING  thresholds fetch failed: timed out
2026-10-05T12:48:05Z  WARNING  stats fetch failed: timed out
2026-10-05T12:48:10Z  WARNING  thresholds fetch failed: timed out
2026-10-05T12:48:10Z  WARNING  stats fetch failed: timed out
2026-10-05T12:48:15Z  WARNING  thresholds fetch failed: timed out
2026-10-05T12:48:15Z  WARNING  stats fetch failed: timed out
2026-10-05T12:48:20Z  WARNING  thresholds fetch failed: timed out
2026-10-05T12:48:20Z  WARNING  stats fetch failed: timed out
2026-10-05T12:48:25Z  WARNING  thresholds fetch failed: timed out
2026-10-05T12:48:25Z  WARNING  stats fetch failed: timed out
2026-10-05T12:48:30Z  WARNING  thresholds fetch failed: timed out
2026-10-05T12:48:30Z  WARNING  stats fetch failed: timed out
2026-10-05T12:48:35Z  WARNING  thresholds fetch failed: timed out
2026-10-05T12:48:35Z  WARNING  stats fetch failed: timed out
2026-10-05T12:48:40Z  WARNING  thresholds fetch failed: timed out
2026-10-05T12:48:40Z  WARNING  stats fetch failed: timed out
2026-10-05T12:48:45Z  WARNING  thresholds fetch failed: timed out
2026-10-05T12:48:45Z  WARNING  stats fetch failed: timed out
2026-10-05T12:48:50Z  WARNING  thresholds fetch failed: timed out
2026-10-05T12:48:50Z  WARNING  stats fetch failed: timed out
2026-10-05T12:48:55Z  WARNING  thresholds fetch failed: timed out
2026-10-05T12:48:55Z  WARNING  stats fetch failed: timed out
2026-10-05T12:49:00Z  WARNING  thresholds fetch failed: timed out
2026-10-05T12:49:00Z  WARNING  stats fetch failed: timed out
2026-10-05T12:49:05Z  WARNING  thresholds fetch failed: timed out
2026-10-05T12:49:05Z  WARNING  stats fetch failed: timed out
2026-10-05T12:49:10Z  WARNING  thresholds fetch failed: timed out
2026-10-05T12:49:10Z  WARNING  stats fetch failed: timed out
2026-10-05T12:49:15Z  WARNING  thresholds fetch failed: timed out
2026-10-05T12:49:15Z  WARNING  stats fetch failed: timed out
2026-10-05T12:49:20Z  WARNING  thresholds fetch failed: timed out
2026-10-05T12:49:20Z  WARNING  stats fetch failed: timed out
2026-10-05T12:49:25Z  WARNING  thresholds fetch failed: timed out
2026-10-05T12:49:25Z  WARNING  stats fetch failed: timed out
2026-10-05T12:49:30Z  WARNING  thresholds fetch failed: timed out
2026-10-05T12:49:30Z  WARNING  stats fetch failed: timed out
2026-10-05T12:49:35Z  WARNING  thresholds fetch failed: timed out
2026-10-05T12:49:35Z  WARNING  stats fetch failed: timed out
2026-10-05T12:49:40Z  WARNING  thresholds fetch failed: timed out
2026-10-05T12:49:40Z  WARNING  stats fetch failed: timed out
2026-10-05T12:49:45Z  WARNING  thresholds fetch failed: timed out
2026-10-05T12:49:45Z  WARNING  stats fetch failed: timed out
2026-10-05T12:49:50Z  WARNING  thresholds fetch failed: timed out
2026-10-05T12:49:50Z  WARNING  stats fetch failed: timed out
2026-10-05T12:49:55Z  WARNING  thresholds fetch failed: timed out
2026-10-05T12:49:55Z  WARNING  stats fetch failed: timed out
2026-10-05T12:50:00Z  WARNING  thresholds fetch failed: timed out
2026-10-05T12:50:00Z  WARNING  stats fetch failed: timed out
2026-10-05T12:50:05Z  WARNING  thresholds fetch failed: timed out
2026-10-05T12:50:05Z  WARNING  stats fetch failed: timed out
2026-10-05T12:50:10Z  WARNING  thresholds fetch failed: timed out
2026-10-05T12:50:10Z  WARNING  stats fetch failed: timed out
2026-10-05T12:50:15Z  WARNING  thresholds fetch failed: timed out
2026-10-05T12:50:15Z  WARNING  stats fetch failed: timed out
2026-10-05T12:50:20Z  WARNING  thresholds fetch failed: timed out
2026-10-05T12:50:20Z  WARNING  stats fetch failed: timed out
2026-10-05T12:50:25Z  WARNING  thresholds fetch failed: timed out
2026-10-05T12:50:25Z  WARNING  stats fetch failed: timed out
2026-10-05T12:50:30Z  WARNING  thresholds fetch failed: timed out
2026-10-05T12:50:30Z  WARNING  stats fetch failed: timed out
2026-10-05T12:50:35Z  WARNING  thresholds fetch failed: timed out
2026-10-05T12:50:35Z  WARNING  stats fetch failed: timed out
2026-10-05T12:50:40Z  WARNING  thresholds fetch failed: timed out
2026-10-05T12:50:40Z  WARNING  stats fetch failed: timed out
2026-10-05T12:50:45Z  WARNING  thresholds fetch failed: timed out
2026-10-05T12:50:45Z  WARNING  stats fetch failed: timed out
2026-10-05T12:50:50Z  WARNING  thresholds fetch failed: timed out
2026-10-05T12:50:50Z  WARNING  stats fetch failed: timed out
2026-10-05T12:50:55Z  WARNING  thresholds fetch failed: timed out
2026-10-05T12:50:55Z  WARNING  stats fetch failed: timed out
2026-10-05T12:51:00Z  WARNING  thresholds fetch failed: timed out
2026-10-05T12:51:00Z  WARNING  stats fetch failed: timed out
2026-10-05T12:51:05Z  WARNING  thresholds fetch failed: timed out
2026-10-05T12:51:05Z  WARNING  stats fetch failed: timed out
2026-10-05T12:51:10Z  WARNING  thresholds fetch failed: timed out
2026-10-05T12:51:10Z  WARNING  stats fetch failed: timed out
2026-10-05T12:51:15Z  WARNING  thresholds fetch failed: timed out
2026-10-05T12:51:15Z  WARNING  stats fetch failed: timed out
2026-10-05T12:51:20Z  WARNING  thresholds fetch failed: timed out
2026-10-05T12:51:20Z  WARNING  stats fetch failed: timed out
2026-10-05T12:51:25Z  WARNING  thresholds fetch failed: timed out
2026-10-05T12:51:25Z  WARNING  stats fetch failed: timed out
2026-10-05T12:51:30Z  WARNING  thresholds fetch failed: timed out
2026-10-05T12:51:30Z  WARNING  stats fetch failed: timed out
2026-10-05T12:51:35Z  WARNING  thresholds fetch failed: timed out
2026-10-05T12:51:35Z  WARNING  stats fetch failed: timed out
2026-10-05T12:51:40Z  WARNING  thresholds fetch failed: timed out
2026-10-05T12:51:40Z  WARNING  stats fetch failed: timed out
2026-10-05T12:51:45Z  WARNING  thresholds fetch failed: timed out
2026-10-05T12:51:45Z  WARNING  stats fetch failed: timed out
2026-10-05T12:51:50Z  WARNING  thresholds fetch failed: timed out
2026-10-05T12:51:50Z  WARNING  stats fetch failed: timed out
2026-10-05T12:51:55Z  WARNING  thresholds fetch failed: timed out
2026-10-05T12:51:55Z  WARNING  stats fetch failed: timed out
2026-10-05T12:52:00Z  WARNING  thresholds fetch failed: timed out
2026-10-05T12:52:00Z  WARNING  stats fetch failed: timed out
2026-10-05T12:52:05Z  WARNING  thresholds fetch failed: timed out
2026-10-05T12:52:05Z  WARNING  stats fetch failed: timed out
2026-10-05T12:52:10Z  WARNING  thresholds fetch failed: timed out
2026-10-05T12:52:10Z  WARNING  stats fetch failed: timed out
2026-10-05T12:52:15Z  WARNING  thresholds fetch failed: timed out
2026-10-05T12:52:15Z  WARNING  stats fetch failed: timed out
2026-10-05T12:52:20Z  WARNING  thresholds fetch failed: timed out
2026-10-05T12:52:20Z  WARNING  stats fetch failed: timed out
2026-10-05T12:52:25Z  WARNING  thresholds fetch failed: timed out
2026-10-05T12:52:25Z  WARNING  stats fetch failed: timed out
2026-10-05T12:52:30Z  WARNING  thresholds fetch failed: timed out
2026-10-05T12:52:30Z  WARNING  stats fetch failed: timed out
2026-10-05T12:52:35Z  WARNING  thresholds fetch failed: timed out
2026-10-05T12:52:35Z  WARNING  stats fetch failed: timed out
2026-10-05T12:52:40Z  WARNING  thresholds fetch failed: timed out
2026-10-05T12:52:40Z  WARNING  stats fetch failed: timed out
2026-10-05T12:52:45Z  WARNING  thresholds fetch failed: timed out
2026-10-05T12:52:45Z  WARNING  stats fetch failed: timed out
2026-10-05T12:52:50Z  WARNING  thresholds fetch failed: timed out
2026-10-05T12:52:50Z  WARNING  stats fetch failed: timed out
2026-10-05T12:52:55Z  WARNING  thresholds fetch failed: timed out
2026-10-05T12:52:55Z  WARNING  stats fetch failed: timed out
2026-10-05T12:53:00Z  WARNING  thresholds fetch failed: timed out
2026-10-05T12:53:00Z  WARNING  stats fetch failed: timed out
2026-10-05T12:53:05Z  WARNING  thresholds fetch failed: timed out
2026-10-05T12:53:05Z  WARNING  stats fetch failed: timed out
2026-10-05T12:53:10Z  WARNING  thresholds fetch failed: timed out
2026-10-05T12:53:10Z  WARNING  stats fetch failed: timed out
2026-10-05T12:53:15Z  WARNING  thresholds fetch failed: timed out
2026-10-05T12:53:15Z  WARNING  stats fetch failed: timed out
2026-10-05T12:53:20Z  WARNING  thresholds fetch failed: timed out
2026-10-05T12:53:20Z  WARNING  stats fetch failed: timed out
2026-10-05T12:53:25Z  WARNING  thresholds fetch failed: timed out
2026-10-05T12:53:25Z  WARNING  stats fetch failed: timed out
2026-10-05T12:53:30Z  WARNING  thresholds fetch failed: timed out
2026-10-05T12:53:30Z  WARNING  stats fetch failed: timed out
2026-10-05T12:53:35Z  SHUTDOWN  signal=15
2026-10-05T12:53:36Z  EXIT
