2026-09-25T11:16:43Z  START  poll_interval=1s layer_a_poll_interval=5s
2026-09-25T11:17:50Z  WARNING  thresholds fetch failed: timed out
2026-09-25T11:17:50Z  WARNING  stats fetch failed: timed out
2026-09-25T11:17:55Z  WARNING  thresholds fetch failed: timed out
2026-09-25T11:17:55Z  WARNING  stats fetch failed: timed out
2026-09-25T11:18:00Z  WARNING  thresholds fetch failed: timed out
2026-09-25T11:18:00Z  WARNING  stats fetch failed: timed out
2026-09-25T11:18:05Z  WARNING  thresholds fetch failed: timed out
2026-09-25T11:18:05Z  WARNING  stats fetch failed: timed out
2026-09-25T11:18:10Z  WARNING  thresholds fetch failed: timed out
2026-09-25T11:18:10Z  WARNING  stats fetch failed: timed out
2026-09-25T11:18:15Z  WARNING  thresholds fetch failed: timed out
2026-09-25T11:18:15Z  WARNING  stats fetch failed: timed out
2026-09-25T11:18:20Z  WARNING  thresholds fetch failed: timed out
2026-09-25T11:18:20Z  WARNING  stats fetch failed: timed out
2026-09-25T11:18:25Z  WARNING  thresholds fetch failed: timed out
2026-09-25T11:18:25Z  WARNING  stats fetch failed: timed out
2026-09-25T11:18:30Z  WARNING  thresholds fetch failed: timed out
2026-09-25T11:18:30Z  WARNING  stats fetch failed: timed out
2026-09-25T11:18:35Z  WARNING  thresholds fetch failed: timed out
2026-09-25T11:18:35Z  WARNING  stats fetch failed: timed out
2026-09-25T11:18:40Z  WARNING  thresholds fetch failed: timed out
2026-09-25T11:18:40Z  WARNING  stats fetch failed: timed out
2026-09-25T11:18:45Z  WARNING  thresholds fetch failed: timed out
2026-09-25T11:18:45Z  WARNING  stats fetch failed: timed out
2026-09-25T11:18:50Z  WARNING  thresholds fetch failed: timed out
2026-09-25T11:18:50Z  WARNING  stats fetch failed: timed out
2026-09-25T11:18:55Z  WARNING  thresholds fetch failed: timed out
2026-09-25T11:18:55Z  WARNING  stats fetch failed: timed out
2026-09-25T11:19:00Z  WARNING  thresholds fetch failed: timed out
2026-09-25T11:19:00Z  WARNING  stats fetch failed: timed out
2026-09-25T11:19:05Z  WARNING  thresholds fetch failed: timed out
2026-09-25T11:19:05Z  WARNING  stats fetch failed: timed out
2026-09-25T11:19:10Z  WARNING  thresholds fetch failed: timed out
2026-09-25T11:19:10Z  WARNING  stats fetch failed: timed out
2026-09-25T11:19:15Z  WARNING  thresholds fetch failed: timed out
2026-09-25T11:19:15Z  WARNING  stats fetch failed: timed out
2026-09-25T11:19:20Z  WARNING  thresholds fetch failed: timed out
2026-09-25T11:19:20Z  WARNING  stats fetch failed: timed out
2026-09-25T11:19:25Z  WARNING  thresholds fetch failed: timed out
2026-09-25T11:19:25Z  WARNING  stats fetch failed: timed out
2026-09-25T11:19:30Z  WARNING  thresholds fetch failed: timed out
2026-09-25T11:19:30Z  WARNING  stats fetch failed: timed out
2026-09-25T11:19:35Z  WARNING  thresholds fetch failed: timed out
2026-09-25T11:19:35Z  WARNING  stats fetch failed: timed out
2026-09-25T11:19:40Z  WARNING  thresholds fetch failed: timed out
2026-09-25T11:19:40Z  WARNING  stats fetch failed: timed out
2026-09-25T11:19:45Z  WARNING  thresholds fetch failed: timed out
2026-09-25T11:19:45Z  WARNING  stats fetch failed: timed out
2026-09-25T11:19:50Z  WARNING  thresholds fetch failed: timed out
2026-09-25T11:19:50Z  WARNING  stats fetch failed: timed out
2026-09-25T11:19:55Z  WARNING  thresholds fetch failed: timed out
2026-09-25T11:19:55Z  WARNING  stats fetch failed: timed out
2026-09-25T11:20:00Z  WARNING  thresholds fetch failed: timed out
2026-09-25T11:20:00Z  WARNING  stats fetch failed: timed out
2026-09-25T11:20:05Z  WARNING  thresholds fetch failed: timed out
2026-09-25T11:20:05Z  WARNING  stats fetch failed: timed out
2026-09-25T11:20:10Z  WARNING  thresholds fetch failed: timed out
2026-09-25T11:20:10Z  WARNING  stats fetch failed: timed out
2026-09-25T11:20:15Z  WARNING  thresholds fetch failed: timed out
2026-09-25T11:20:15Z  WARNING  stats fetch failed: timed out
2026-09-25T11:20:20Z  WARNING  thresholds fetch failed: timed out
2026-09-25T11:20:20Z  WARNING  stats fetch failed: timed out
2026-09-25T11:20:25Z  WARNING  thresholds fetch failed: timed out
2026-09-25T11:20:25Z  WARNING  stats fetch failed: timed out
2026-09-25T11:20:30Z  WARNING  thresholds fetch failed: timed out
2026-09-25T11:20:30Z  WARNING  stats fetch failed: timed out
2026-09-25T11:20:35Z  WARNING  thresholds fetch failed: timed out
2026-09-25T11:20:35Z  WARNING  stats fetch failed: timed out
2026-09-25T11:20:40Z  WARNING  thresholds fetch failed: timed out
2026-09-25T11:20:40Z  WARNING  stats fetch failed: timed out
2026-09-25T11:20:45Z  WARNING  thresholds fetch failed: timed out
2026-09-25T11:20:45Z  WARNING  stats fetch failed: timed out
2026-09-25T11:20:50Z  WARNING  thresholds fetch failed: timed out
2026-09-25T11:20:50Z  WARNING  stats fetch failed: timed out
2026-09-25T11:20:55Z  WARNING  thresholds fetch failed: timed out
2026-09-25T11:20:55Z  WARNING  stats fetch failed: timed out
2026-09-25T11:21:00Z  WARNING  thresholds fetch failed: timed out
2026-09-25T11:21:00Z  WARNING  stats fetch failed: timed out
2026-09-25T11:21:05Z  WARNING  thresholds fetch failed: timed out
2026-09-25T11:21:05Z  WARNING  stats fetch failed: timed out
2026-09-25T11:21:10Z  WARNING  thresholds fetch failed: timed out
2026-09-25T11:21:10Z  WARNING  stats fetch failed: timed out
2026-09-25T11:21:15Z  WARNING  thresholds fetch failed: timed out
2026-09-25T11:21:15Z  WARNING  stats fetch failed: timed out
2026-09-25T11:21:20Z  WARNING  thresholds fetch failed: timed out
2026-09-25T11:21:20Z  WARNING  stats fetch failed: timed out
2026-09-25T11:21:25Z  WARNING  thresholds fetch failed: timed out
2026-09-25T11:21:25Z  WARNING  stats fetch failed: timed out
2026-09-25T11:21:30Z  WARNING  thresholds fetch failed: timed out
2026-09-25T11:21:30Z  WARNING  stats fetch failed: timed out
2026-09-25T11:21:35Z  WARNING  thresholds fetch failed: timed out
2026-09-25T11:21:35Z  WARNING  stats fetch failed: timed out
2026-09-25T11:21:40Z  WARNING  thresholds fetch failed: timed out
2026-09-25T11:21:40Z  WARNING  stats fetch failed: timed out
2026-09-25T11:21:45Z  WARNING  thresholds fetch failed: timed out
2026-09-25T11:21:45Z  WARNING  stats fetch failed: timed out
2026-09-25T11:21:50Z  WARNING  thresholds fetch failed: timed out
2026-09-25T11:21:50Z  WARNING  stats fetch failed: timed out
2026-09-25T11:21:55Z  WARNING  thresholds fetch failed: timed out
2026-09-25T11:21:55Z  WARNING  stats fetch failed: timed out
2026-09-25T11:22:00Z  WARNING  thresholds fetch failed: timed out
2026-09-25T11:22:00Z  WARNING  stats fetch failed: timed out
2026-09-25T11:22:05Z  WARNING  thresholds fetch failed: timed out
2026-09-25T11:22:05Z  WARNING  stats fetch failed: timed out
2026-09-25T11:22:10Z  WARNING  thresholds fetch failed: timed out
2026-09-25T11:22:10Z  WARNING  stats fetch failed: timed out
2026-09-25T11:22:15Z  WARNING  thresholds fetch failed: timed out
2026-09-25T11:22:15Z  WARNING  stats fetch failed: timed out
2026-09-25T11:22:20Z  WARNING  thresholds fetch failed: timed out
2026-09-25T11:22:20Z  WARNING  stats fetch failed: timed out
2026-09-25T11:22:25Z  WARNING  thresholds fetch failed: timed out
2026-09-25T11:22:25Z  WARNING  stats fetch failed: timed out
2026-09-25T11:22:30Z  WARNING  thresholds fetch failed: timed out
2026-09-25T11:22:30Z  WARNING  stats fetch failed: timed out
2026-09-25T11:22:35Z  WARNING  thresholds fetch failed: timed out
2026-09-25T11:22:35Z  WARNING  stats fetch failed: timed out
2026-09-25T11:22:40Z  WARNING  thresholds fetch failed: timed out
2026-09-25T11:22:40Z  WARNING  stats fetch failed: timed out
2026-09-25T11:22:45Z  WARNING  thresholds fetch failed: timed out
2026-09-25T11:22:45Z  WARNING  stats fetch failed: timed out
2026-09-25T11:22:50Z  WARNING  thresholds fetch failed: timed out
2026-09-25T11:22:50Z  WARNING  stats fetch failed: timed out
2026-09-25T11:22:55Z  WARNING  thresholds fetch failed: timed out
2026-09-25T11:22:55Z  WARNING  stats fetch failed: timed out
2026-09-25T11:23:00Z  WARNING  thresholds fetch failed: timed out
2026-09-25T11:23:00Z  WARNING  stats fetch failed: timed out
2026-09-25T11:23:05Z  WARNING  thresholds fetch failed: timed out
2026-09-25T11:23:05Z  WARNING  stats fetch failed: timed out
2026-09-25T11:23:10Z  WARNING  thresholds fetch failed: timed out
2026-09-25T11:23:10Z  WARNING  stats fetch failed: timed out
2026-09-25T11:23:15Z  WARNING  thresholds fetch failed: timed out
2026-09-25T11:23:15Z  WARNING  stats fetch failed: timed out
2026-09-25T11:23:20Z  WARNING  thresholds fetch failed: timed out
2026-09-25T11:23:20Z  WARNING  stats fetch failed: timed out
2026-09-25T11:23:25Z  WARNING  thresholds fetch failed: timed out
2026-09-25T11:23:25Z  WARNING  stats fetch failed: timed out
2026-09-25T11:23:30Z  WARNING  thresholds fetch failed: timed out
2026-09-25T11:23:30Z  WARNING  stats fetch failed: timed out
2026-09-25T11:23:35Z  WARNING  thresholds fetch failed: timed out
2026-09-25T11:23:35Z  WARNING  stats fetch failed: timed out
2026-09-25T11:23:40Z  WARNING  thresholds fetch failed: timed out
2026-09-25T11:23:40Z  WARNING  stats fetch failed: timed out
2026-09-25T11:23:45Z  WARNING  thresholds fetch failed: timed out
2026-09-25T11:23:45Z  WARNING  stats fetch failed: timed out
2026-09-25T11:23:50Z  WARNING  thresholds fetch failed: timed out
2026-09-25T11:23:50Z  WARNING  stats fetch failed: timed out
2026-09-25T11:23:55Z  WARNING  thresholds fetch failed: timed out
2026-09-25T11:23:55Z  WARNING  stats fetch failed: timed out
2026-09-25T11:24:00Z  WARNING  thresholds fetch failed: timed out
2026-09-25T11:24:00Z  WARNING  stats fetch failed: timed out
2026-09-25T11:24:05Z  WARNING  thresholds fetch failed: timed out
2026-09-25T11:24:05Z  WARNING  stats fetch failed: timed out
2026-09-25T11:24:10Z  WARNING  thresholds fetch failed: timed out
2026-09-25T11:24:10Z  WARNING  stats fetch failed: timed out
2026-09-25T11:24:15Z  WARNING  thresholds fetch failed: timed out
2026-09-25T11:24:15Z  WARNING  stats fetch failed: timed out
2026-09-25T11:24:20Z  WARNING  thresholds fetch failed: timed out
2026-09-25T11:24:20Z  WARNING  stats fetch failed: timed out
2026-09-25T11:24:25Z  WARNING  thresholds fetch failed: timed out
2026-09-25T11:24:25Z  WARNING  stats fetch failed: timed out
2026-09-25T11:24:30Z  WARNING  thresholds fetch failed: timed out
2026-09-25T11:24:30Z  WARNING  stats fetch failed: timed out
2026-09-25T11:24:35Z  WARNING  thresholds fetch failed: timed out
2026-09-25T11:24:35Z  WARNING  stats fetch failed: timed out
2026-09-25T11:24:40Z  WARNING  thresholds fetch failed: timed out
2026-09-25T11:24:40Z  WARNING  stats fetch failed: timed out
2026-09-25T11:24:45Z  WARNING  thresholds fetch failed: timed out
2026-09-25T11:24:45Z  WARNING  stats fetch failed: timed out
2026-09-25T11:24:50Z  WARNING  thresholds fetch failed: timed out
2026-09-25T11:24:50Z  WARNING  stats fetch failed: timed out
2026-09-25T11:24:55Z  WARNING  thresholds fetch failed: timed out
2026-09-25T11:24:55Z  WARNING  stats fetch failed: timed out
2026-09-25T11:25:00Z  WARNING  thresholds fetch failed: timed out
2026-09-25T11:25:00Z  WARNING  stats fetch failed: timed out
2026-09-25T11:25:05Z  WARNING  thresholds fetch failed: timed out
2026-09-25T11:25:05Z  WARNING  stats fetch failed: timed out
2026-09-25T11:25:10Z  WARNING  thresholds fetch failed: timed out
2026-09-25T11:25:10Z  WARNING  stats fetch failed: timed out
2026-09-25T11:25:15Z  WARNING  thresholds fetch failed: timed out
2026-09-25T11:25:15Z  WARNING  stats fetch failed: timed out
2026-09-25T11:25:20Z  WARNING  thresholds fetch failed: timed out
2026-09-25T11:25:20Z  WARNING  stats fetch failed: timed out
2026-09-25T11:25:25Z  WARNING  thresholds fetch failed: timed out
2026-09-25T11:25:25Z  WARNING  stats fetch failed: timed out
2026-09-25T11:25:30Z  WARNING  thresholds fetch failed: timed out
2026-09-25T11:25:30Z  WARNING  stats fetch failed: timed out
2026-09-25T11:25:35Z  WARNING  thresholds fetch failed: timed out
2026-09-25T11:25:35Z  WARNING  stats fetch failed: timed out
2026-09-25T11:25:40Z  WARNING  thresholds fetch failed: timed out
2026-09-25T11:25:40Z  WARNING  stats fetch failed: timed out
2026-09-25T11:25:45Z  WARNING  thresholds fetch failed: timed out
2026-09-25T11:25:45Z  WARNING  stats fetch failed: timed out
2026-09-25T11:25:50Z  WARNING  thresholds fetch failed: timed out
2026-09-25T11:25:50Z  WARNING  stats fetch failed: timed out
2026-09-25T11:25:55Z  WARNING  thresholds fetch failed: timed out
2026-09-25T11:25:55Z  WARNING  stats fetch failed: timed out
2026-09-25T11:26:00Z  WARNING  thresholds fetch failed: timed out
2026-09-25T11:26:00Z  WARNING  stats fetch failed: timed out
2026-09-25T11:26:05Z  WARNING  thresholds fetch failed: timed out
2026-09-25T11:26:05Z  WARNING  stats fetch failed: timed out
2026-09-25T11:26:10Z  WARNING  thresholds fetch failed: timed out
2026-09-25T11:26:10Z  WARNING  stats fetch failed: timed out
2026-09-25T11:26:15Z  WARNING  thresholds fetch failed: timed out
2026-09-25T11:26:15Z  WARNING  stats fetch failed: <urlopen error timed out>
2026-09-25T11:26:20Z  WARNING  thresholds fetch failed: timed out
2026-09-25T11:26:20Z  WARNING  stats fetch failed: timed out
2026-09-25T11:26:25Z  WARNING  thresholds fetch failed: timed out
2026-09-25T11:26:25Z  WARNING  stats fetch failed: timed out
2026-09-25T11:26:30Z  WARNING  thresholds fetch failed: timed out
2026-09-25T11:26:30Z  WARNING  stats fetch failed: timed out
2026-09-25T11:26:35Z  WARNING  thresholds fetch failed: timed out
2026-09-25T11:26:35Z  WARNING  stats fetch failed: timed out
2026-09-25T11:26:40Z  WARNING  thresholds fetch failed: timed out
2026-09-25T11:26:40Z  WARNING  stats fetch failed: timed out
2026-09-25T11:26:45Z  WARNING  thresholds fetch failed: timed out
2026-09-25T11:26:45Z  WARNING  stats fetch failed: timed out
2026-09-25T11:26:50Z  WARNING  thresholds fetch failed: timed out
2026-09-25T11:26:50Z  WARNING  stats fetch failed: timed out
2026-09-25T11:26:55Z  WARNING  thresholds fetch failed: timed out
2026-09-25T11:26:55Z  WARNING  stats fetch failed: timed out
2026-09-25T11:27:00Z  WARNING  thresholds fetch failed: timed out
2026-09-25T11:27:00Z  WARNING  stats fetch failed: timed out
2026-09-25T11:27:05Z  WARNING  thresholds fetch failed: timed out
2026-09-25T11:27:05Z  WARNING  stats fetch failed: timed out
2026-09-25T11:27:10Z  WARNING  thresholds fetch failed: timed out
2026-09-25T11:27:10Z  WARNING  stats fetch failed: timed out
2026-09-25T11:27:15Z  WARNING  thresholds fetch failed: timed out
2026-09-25T11:27:15Z  WARNING  stats fetch failed: timed out
2026-09-25T11:27:20Z  WARNING  thresholds fetch failed: timed out
2026-09-25T11:27:20Z  WARNING  stats fetch failed: timed out
2026-09-25T11:27:23Z  SHUTDOWN  signal=15
2026-09-25T11:27:24Z  EXIT
