2026-09-29T13:21:54Z  START  poll_interval=1s layer_a_poll_interval=5s
2026-09-29T13:22:55Z  WARNING  thresholds fetch failed: timed out
2026-09-29T13:22:55Z  WARNING  stats fetch failed: timed out
2026-09-29T13:23:00Z  WARNING  thresholds fetch failed: timed out
2026-09-29T13:23:00Z  WARNING  stats fetch failed: timed out
2026-09-29T13:23:05Z  WARNING  thresholds fetch failed: timed out
2026-09-29T13:23:05Z  WARNING  stats fetch failed: timed out
2026-09-29T13:23:10Z  WARNING  thresholds fetch failed: timed out
2026-09-29T13:23:10Z  WARNING  stats fetch failed: timed out
2026-09-29T13:23:15Z  WARNING  thresholds fetch failed: timed out
2026-09-29T13:23:15Z  WARNING  stats fetch failed: timed out
2026-09-29T13:23:20Z  WARNING  thresholds fetch failed: timed out
2026-09-29T13:23:20Z  WARNING  stats fetch failed: timed out
2026-09-29T13:23:25Z  WARNING  thresholds fetch failed: timed out
2026-09-29T13:23:25Z  WARNING  stats fetch failed: timed out
2026-09-29T13:23:30Z  WARNING  thresholds fetch failed: timed out
2026-09-29T13:23:30Z  WARNING  stats fetch failed: timed out
2026-09-29T13:23:35Z  WARNING  thresholds fetch failed: timed out
2026-09-29T13:23:35Z  WARNING  stats fetch failed: timed out
2026-09-29T13:23:40Z  WARNING  thresholds fetch failed: timed out
2026-09-29T13:23:40Z  WARNING  stats fetch failed: timed out
2026-09-29T13:23:45Z  WARNING  thresholds fetch failed: timed out
2026-09-29T13:23:45Z  WARNING  stats fetch failed: timed out
2026-09-29T13:23:50Z  WARNING  thresholds fetch failed: timed out
2026-09-29T13:23:50Z  WARNING  stats fetch failed: timed out
2026-09-29T13:23:55Z  WARNING  thresholds fetch failed: timed out
2026-09-29T13:23:55Z  WARNING  stats fetch failed: timed out
2026-09-29T13:24:00Z  WARNING  thresholds fetch failed: timed out
2026-09-29T13:24:00Z  WARNING  stats fetch failed: timed out
2026-09-29T13:24:05Z  WARNING  thresholds fetch failed: timed out
2026-09-29T13:24:05Z  WARNING  stats fetch failed: timed out
2026-09-29T13:24:10Z  WARNING  thresholds fetch failed: timed out
2026-09-29T13:24:10Z  WARNING  stats fetch failed: timed out
2026-09-29T13:24:15Z  WARNING  thresholds fetch failed: timed out
2026-09-29T13:24:15Z  WARNING  stats fetch failed: timed out
2026-09-29T13:24:20Z  WARNING  thresholds fetch failed: timed out
2026-09-29T13:24:20Z  WARNING  stats fetch failed: timed out
2026-09-29T13:24:25Z  WARNING  thresholds fetch failed: timed out
2026-09-29T13:24:25Z  WARNING  stats fetch failed: timed out
2026-09-29T13:24:30Z  WARNING  thresholds fetch failed: timed out
2026-09-29T13:24:30Z  WARNING  stats fetch failed: timed out
2026-09-29T13:24:35Z  WARNING  thresholds fetch failed: timed out
2026-09-29T13:24:35Z  WARNING  stats fetch failed: timed out
2026-09-29T13:24:40Z  WARNING  thresholds fetch failed: timed out
2026-09-29T13:24:40Z  WARNING  stats fetch failed: timed out
2026-09-29T13:24:45Z  WARNING  thresholds fetch failed: timed out
2026-09-29T13:24:45Z  WARNING  stats fetch failed: timed out
2026-09-29T13:24:50Z  WARNING  thresholds fetch failed: timed out
2026-09-29T13:24:50Z  WARNING  stats fetch failed: timed out
2026-09-29T13:24:55Z  WARNING  thresholds fetch failed: timed out
2026-09-29T13:24:55Z  WARNING  stats fetch failed: timed out
2026-09-29T13:25:00Z  WARNING  thresholds fetch failed: timed out
2026-09-29T13:25:00Z  WARNING  stats fetch failed: timed out
2026-09-29T13:25:05Z  WARNING  thresholds fetch failed: timed out
2026-09-29T13:25:05Z  WARNING  stats fetch failed: timed out
2026-09-29T13:25:10Z  WARNING  thresholds fetch failed: timed out
2026-09-29T13:25:10Z  WARNING  stats fetch failed: timed out
2026-09-29T13:25:15Z  WARNING  thresholds fetch failed: timed out
2026-09-29T13:25:15Z  WARNING  stats fetch failed: timed out
2026-09-29T13:25:20Z  WARNING  thresholds fetch failed: timed out
2026-09-29T13:25:20Z  WARNING  stats fetch failed: timed out
2026-09-29T13:25:25Z  WARNING  thresholds fetch failed: timed out
2026-09-29T13:25:25Z  WARNING  stats fetch failed: timed out
2026-09-29T13:25:30Z  WARNING  thresholds fetch failed: timed out
2026-09-29T13:25:30Z  WARNING  stats fetch failed: timed out
2026-09-29T13:25:35Z  WARNING  thresholds fetch failed: timed out
2026-09-29T13:25:35Z  WARNING  stats fetch failed: timed out
2026-09-29T13:25:40Z  WARNING  thresholds fetch failed: timed out
2026-09-29T13:25:40Z  WARNING  stats fetch failed: timed out
2026-09-29T13:25:45Z  WARNING  thresholds fetch failed: timed out
2026-09-29T13:25:45Z  WARNING  stats fetch failed: timed out
2026-09-29T13:25:50Z  WARNING  thresholds fetch failed: timed out
2026-09-29T13:25:50Z  WARNING  stats fetch failed: timed out
2026-09-29T13:25:55Z  WARNING  thresholds fetch failed: timed out
2026-09-29T13:25:55Z  WARNING  stats fetch failed: timed out
2026-09-29T13:26:00Z  WARNING  thresholds fetch failed: timed out
2026-09-29T13:26:00Z  WARNING  stats fetch failed: timed out
2026-09-29T13:26:05Z  WARNING  thresholds fetch failed: timed out
2026-09-29T13:26:05Z  WARNING  stats fetch failed: timed out
2026-09-29T13:26:10Z  WARNING  thresholds fetch failed: timed out
2026-09-29T13:26:10Z  WARNING  stats fetch failed: timed out
2026-09-29T13:26:15Z  WARNING  thresholds fetch failed: timed out
2026-09-29T13:26:15Z  WARNING  stats fetch failed: timed out
2026-09-29T13:26:20Z  WARNING  thresholds fetch failed: timed out
2026-09-29T13:26:20Z  WARNING  stats fetch failed: timed out
2026-09-29T13:26:25Z  WARNING  thresholds fetch failed: timed out
2026-09-29T13:26:25Z  WARNING  stats fetch failed: timed out
2026-09-29T13:26:30Z  WARNING  thresholds fetch failed: timed out
2026-09-29T13:26:30Z  WARNING  stats fetch failed: timed out
2026-09-29T13:26:35Z  WARNING  thresholds fetch failed: timed out
2026-09-29T13:26:35Z  WARNING  stats fetch failed: timed out
2026-09-29T13:26:40Z  WARNING  thresholds fetch failed: timed out
2026-09-29T13:26:40Z  WARNING  stats fetch failed: timed out
2026-09-29T13:26:45Z  WARNING  thresholds fetch failed: timed out
2026-09-29T13:26:45Z  WARNING  stats fetch failed: timed out
2026-09-29T13:26:50Z  WARNING  thresholds fetch failed: timed out
2026-09-29T13:26:50Z  WARNING  stats fetch failed: timed out
2026-09-29T13:26:55Z  WARNING  thresholds fetch failed: timed out
2026-09-29T13:26:55Z  WARNING  stats fetch failed: timed out
2026-09-29T13:27:00Z  WARNING  thresholds fetch failed: timed out
2026-09-29T13:27:00Z  WARNING  stats fetch failed: timed out
2026-09-29T13:27:05Z  WARNING  thresholds fetch failed: timed out
2026-09-29T13:27:05Z  WARNING  stats fetch failed: timed out
2026-09-29T13:27:10Z  WARNING  thresholds fetch failed: timed out
2026-09-29T13:27:10Z  WARNING  stats fetch failed: timed out
2026-09-29T13:27:15Z  WARNING  thresholds fetch failed: timed out
2026-09-29T13:27:15Z  WARNING  stats fetch failed: timed out
2026-09-29T13:27:20Z  WARNING  thresholds fetch failed: timed out
2026-09-29T13:27:20Z  WARNING  stats fetch failed: timed out
2026-09-29T13:27:25Z  WARNING  thresholds fetch failed: timed out
2026-09-29T13:27:25Z  WARNING  stats fetch failed: timed out
2026-09-29T13:27:30Z  WARNING  thresholds fetch failed: timed out
2026-09-29T13:27:30Z  WARNING  stats fetch failed: timed out
2026-09-29T13:27:35Z  WARNING  thresholds fetch failed: timed out
2026-09-29T13:27:35Z  WARNING  stats fetch failed: timed out
2026-09-29T13:27:40Z  WARNING  thresholds fetch failed: timed out
2026-09-29T13:27:40Z  WARNING  stats fetch failed: timed out
2026-09-29T13:27:45Z  WARNING  thresholds fetch failed: timed out
2026-09-29T13:27:45Z  WARNING  stats fetch failed: timed out
2026-09-29T13:27:50Z  WARNING  thresholds fetch failed: timed out
2026-09-29T13:27:50Z  WARNING  stats fetch failed: timed out
2026-09-29T13:27:55Z  WARNING  thresholds fetch failed: timed out
2026-09-29T13:27:55Z  WARNING  stats fetch failed: timed out
2026-09-29T13:28:00Z  WARNING  thresholds fetch failed: timed out
2026-09-29T13:28:00Z  WARNING  stats fetch failed: timed out
2026-09-29T13:28:05Z  WARNING  thresholds fetch failed: timed out
2026-09-29T13:28:05Z  WARNING  stats fetch failed: timed out
2026-09-29T13:28:10Z  WARNING  thresholds fetch failed: timed out
2026-09-29T13:28:10Z  WARNING  stats fetch failed: timed out
2026-09-29T13:28:15Z  WARNING  thresholds fetch failed: timed out
2026-09-29T13:28:15Z  WARNING  stats fetch failed: timed out
2026-09-29T13:28:20Z  WARNING  thresholds fetch failed: <urlopen error timed out>
2026-09-29T13:28:20Z  WARNING  stats fetch failed: timed out
2026-09-29T13:28:25Z  WARNING  thresholds fetch failed: timed out
2026-09-29T13:28:25Z  WARNING  stats fetch failed: timed out
2026-09-29T13:28:30Z  WARNING  thresholds fetch failed: timed out
2026-09-29T13:28:30Z  WARNING  stats fetch failed: timed out
2026-09-29T13:28:35Z  WARNING  thresholds fetch failed: timed out
2026-09-29T13:28:35Z  WARNING  stats fetch failed: timed out
2026-09-29T13:28:40Z  WARNING  thresholds fetch failed: timed out
2026-09-29T13:28:40Z  WARNING  stats fetch failed: timed out
2026-09-29T13:28:45Z  WARNING  thresholds fetch failed: timed out
2026-09-29T13:28:45Z  WARNING  stats fetch failed: timed out
2026-09-29T13:28:50Z  WARNING  thresholds fetch failed: timed out
2026-09-29T13:28:50Z  WARNING  stats fetch failed: timed out
2026-09-29T13:28:55Z  WARNING  thresholds fetch failed: timed out
2026-09-29T13:28:55Z  WARNING  stats fetch failed: timed out
2026-09-29T13:29:00Z  WARNING  thresholds fetch failed: timed out
2026-09-29T13:29:00Z  WARNING  stats fetch failed: timed out
2026-09-29T13:29:05Z  WARNING  thresholds fetch failed: timed out
2026-09-29T13:29:05Z  WARNING  stats fetch failed: timed out
2026-09-29T13:29:10Z  WARNING  thresholds fetch failed: timed out
2026-09-29T13:29:10Z  WARNING  stats fetch failed: timed out
2026-09-29T13:29:15Z  WARNING  thresholds fetch failed: timed out
2026-09-29T13:29:15Z  WARNING  stats fetch failed: timed out
2026-09-29T13:29:20Z  WARNING  thresholds fetch failed: timed out
2026-09-29T13:29:20Z  WARNING  stats fetch failed: timed out
2026-09-29T13:29:25Z  WARNING  thresholds fetch failed: timed out
2026-09-29T13:29:25Z  WARNING  stats fetch failed: timed out
2026-09-29T13:29:30Z  WARNING  thresholds fetch failed: timed out
2026-09-29T13:29:30Z  WARNING  stats fetch failed: timed out
2026-09-29T13:29:35Z  WARNING  thresholds fetch failed: timed out
2026-09-29T13:29:35Z  WARNING  stats fetch failed: timed out
2026-09-29T13:29:40Z  WARNING  thresholds fetch failed: timed out
2026-09-29T13:29:40Z  WARNING  stats fetch failed: timed out
2026-09-29T13:29:45Z  WARNING  thresholds fetch failed: timed out
2026-09-29T13:29:45Z  WARNING  stats fetch failed: timed out
2026-09-29T13:29:50Z  WARNING  thresholds fetch failed: timed out
2026-09-29T13:29:50Z  WARNING  stats fetch failed: timed out
2026-09-29T13:29:55Z  WARNING  thresholds fetch failed: timed out
2026-09-29T13:29:55Z  WARNING  stats fetch failed: timed out
2026-09-29T13:30:00Z  WARNING  thresholds fetch failed: timed out
2026-09-29T13:30:00Z  WARNING  stats fetch failed: timed out
2026-09-29T13:30:05Z  WARNING  thresholds fetch failed: timed out
2026-09-29T13:30:05Z  WARNING  stats fetch failed: timed out
2026-09-29T13:30:10Z  WARNING  thresholds fetch failed: timed out
2026-09-29T13:30:10Z  WARNING  stats fetch failed: timed out
2026-09-29T13:30:15Z  WARNING  thresholds fetch failed: timed out
2026-09-29T13:30:15Z  WARNING  stats fetch failed: timed out
2026-09-29T13:30:20Z  WARNING  thresholds fetch failed: timed out
2026-09-29T13:30:20Z  WARNING  stats fetch failed: timed out
2026-09-29T13:30:25Z  WARNING  thresholds fetch failed: timed out
2026-09-29T13:30:25Z  WARNING  stats fetch failed: timed out
2026-09-29T13:30:30Z  WARNING  thresholds fetch failed: timed out
2026-09-29T13:30:30Z  WARNING  stats fetch failed: timed out
2026-09-29T13:30:35Z  WARNING  thresholds fetch failed: timed out
2026-09-29T13:30:35Z  WARNING  stats fetch failed: timed out
2026-09-29T13:30:40Z  WARNING  thresholds fetch failed: timed out
2026-09-29T13:30:40Z  WARNING  stats fetch failed: timed out
2026-09-29T13:30:45Z  WARNING  thresholds fetch failed: timed out
2026-09-29T13:30:45Z  WARNING  stats fetch failed: timed out
2026-09-29T13:30:50Z  WARNING  thresholds fetch failed: timed out
2026-09-29T13:30:50Z  WARNING  stats fetch failed: timed out
2026-09-29T13:30:55Z  WARNING  thresholds fetch failed: timed out
2026-09-29T13:30:55Z  WARNING  stats fetch failed: timed out
2026-09-29T13:31:00Z  WARNING  thresholds fetch failed: timed out
2026-09-29T13:31:00Z  WARNING  stats fetch failed: timed out
2026-09-29T13:31:05Z  WARNING  thresholds fetch failed: timed out
2026-09-29T13:31:05Z  WARNING  stats fetch failed: timed out
2026-09-29T13:31:10Z  WARNING  thresholds fetch failed: timed out
2026-09-29T13:31:10Z  WARNING  stats fetch failed: timed out
2026-09-29T13:31:15Z  WARNING  thresholds fetch failed: timed out
2026-09-29T13:31:15Z  WARNING  stats fetch failed: timed out
2026-09-29T13:31:20Z  WARNING  thresholds fetch failed: timed out
2026-09-29T13:31:20Z  WARNING  stats fetch failed: timed out
2026-09-29T13:31:25Z  WARNING  thresholds fetch failed: timed out
2026-09-29T13:31:25Z  WARNING  stats fetch failed: timed out
2026-09-29T13:31:30Z  WARNING  thresholds fetch failed: timed out
2026-09-29T13:31:30Z  WARNING  stats fetch failed: timed out
2026-09-29T13:31:35Z  WARNING  thresholds fetch failed: timed out
2026-09-29T13:31:35Z  WARNING  stats fetch failed: timed out
2026-09-29T13:31:40Z  WARNING  thresholds fetch failed: timed out
2026-09-29T13:31:40Z  WARNING  stats fetch failed: timed out
2026-09-29T13:31:45Z  WARNING  thresholds fetch failed: timed out
2026-09-29T13:31:45Z  WARNING  stats fetch failed: timed out
2026-09-29T13:31:50Z  WARNING  thresholds fetch failed: timed out
2026-09-29T13:31:50Z  WARNING  stats fetch failed: timed out
2026-09-29T13:31:55Z  WARNING  thresholds fetch failed: timed out
2026-09-29T13:31:55Z  WARNING  stats fetch failed: timed out
2026-09-29T13:32:00Z  WARNING  thresholds fetch failed: timed out
2026-09-29T13:32:00Z  WARNING  stats fetch failed: timed out
2026-09-29T13:32:05Z  WARNING  thresholds fetch failed: timed out
2026-09-29T13:32:05Z  WARNING  stats fetch failed: timed out
2026-09-29T13:32:10Z  WARNING  thresholds fetch failed: timed out
2026-09-29T13:32:10Z  WARNING  stats fetch failed: timed out
2026-09-29T13:32:15Z  WARNING  thresholds fetch failed: timed out
2026-09-29T13:32:15Z  WARNING  stats fetch failed: <urlopen error timed out>
2026-09-29T13:32:20Z  WARNING  thresholds fetch failed: timed out
2026-09-29T13:32:20Z  WARNING  stats fetch failed: timed out
2026-09-29T13:32:25Z  WARNING  thresholds fetch failed: timed out
2026-09-29T13:32:25Z  WARNING  stats fetch failed: timed out
2026-09-29T13:32:31Z  SHUTDOWN  signal=15
2026-09-29T13:32:32Z  EXIT
