2026-10-06T22:03:10Z  START  poll_interval=1s layer_a_poll_interval=5s
2026-10-06T22:10:30Z  WARNING  thresholds fetch failed: timed out
2026-10-06T22:10:30Z  WARNING  stats fetch failed: timed out
2026-10-06T22:10:35Z  WARNING  thresholds fetch failed: timed out
2026-10-06T22:10:35Z  WARNING  stats fetch failed: timed out
2026-10-06T22:10:40Z  WARNING  thresholds fetch failed: timed out
2026-10-06T22:10:40Z  WARNING  stats fetch failed: timed out
2026-10-06T22:10:45Z  WARNING  thresholds fetch failed: timed out
2026-10-06T22:10:45Z  WARNING  stats fetch failed: timed out
2026-10-06T22:10:50Z  WARNING  thresholds fetch failed: timed out
2026-10-06T22:10:50Z  WARNING  stats fetch failed: timed out
2026-10-06T22:10:55Z  WARNING  thresholds fetch failed: timed out
2026-10-06T22:10:55Z  WARNING  stats fetch failed: timed out
2026-10-06T22:11:00Z  WARNING  thresholds fetch failed: timed out
2026-10-06T22:11:00Z  WARNING  stats fetch failed: timed out
2026-10-06T22:11:05Z  WARNING  thresholds fetch failed: timed out
2026-10-06T22:11:05Z  WARNING  stats fetch failed: timed out
2026-10-06T22:11:10Z  WARNING  thresholds fetch failed: timed out
2026-10-06T22:11:10Z  WARNING  stats fetch failed: timed out
2026-10-06T22:11:15Z  WARNING  thresholds fetch failed: timed out
2026-10-06T22:11:15Z  WARNING  stats fetch failed: timed out
2026-10-06T22:11:20Z  WARNING  thresholds fetch failed: timed out
2026-10-06T22:11:20Z  WARNING  stats fetch failed: timed out
2026-10-06T22:11:25Z  WARNING  thresholds fetch failed: timed out
2026-10-06T22:11:25Z  WARNING  stats fetch failed: timed out
2026-10-06T22:11:30Z  WARNING  thresholds fetch failed: timed out
2026-10-06T22:11:30Z  WARNING  stats fetch failed: timed out
2026-10-06T22:11:35Z  WARNING  thresholds fetch failed: timed out
2026-10-06T22:11:35Z  WARNING  stats fetch failed: timed out
2026-10-06T22:11:40Z  WARNING  thresholds fetch failed: timed out
2026-10-06T22:11:40Z  WARNING  stats fetch failed: timed out
2026-10-06T22:11:45Z  WARNING  thresholds fetch failed: timed out
2026-10-06T22:11:45Z  WARNING  stats fetch failed: timed out
2026-10-06T22:11:50Z  WARNING  thresholds fetch failed: timed out
2026-10-06T22:11:50Z  WARNING  stats fetch failed: timed out
2026-10-06T22:11:55Z  WARNING  thresholds fetch failed: timed out
2026-10-06T22:11:55Z  WARNING  stats fetch failed: timed out
2026-10-06T22:12:00Z  WARNING  thresholds fetch failed: timed out
2026-10-06T22:12:00Z  WARNING  stats fetch failed: timed out
2026-10-06T22:12:05Z  WARNING  thresholds fetch failed: timed out
2026-10-06T22:12:05Z  WARNING  stats fetch failed: timed out
2026-10-06T22:12:10Z  WARNING  thresholds fetch failed: timed out
2026-10-06T22:12:10Z  WARNING  stats fetch failed: timed out
2026-10-06T22:12:15Z  WARNING  thresholds fetch failed: timed out
2026-10-06T22:12:15Z  WARNING  stats fetch failed: timed out
2026-10-06T22:12:20Z  WARNING  thresholds fetch failed: timed out
2026-10-06T22:12:20Z  WARNING  stats fetch failed: timed out
2026-10-06T22:12:25Z  WARNING  thresholds fetch failed: timed out
2026-10-06T22:12:25Z  WARNING  stats fetch failed: timed out
2026-10-06T22:12:30Z  WARNING  thresholds fetch failed: timed out
2026-10-06T22:12:30Z  WARNING  stats fetch failed: timed out
2026-10-06T22:12:35Z  WARNING  thresholds fetch failed: timed out
2026-10-06T22:12:35Z  WARNING  stats fetch failed: timed out
2026-10-06T22:12:40Z  WARNING  thresholds fetch failed: timed out
2026-10-06T22:12:40Z  WARNING  stats fetch failed: timed out
2026-10-06T22:12:45Z  WARNING  thresholds fetch failed: timed out
2026-10-06T22:12:45Z  WARNING  stats fetch failed: timed out
2026-10-06T22:12:50Z  WARNING  thresholds fetch failed: timed out
2026-10-06T22:12:50Z  WARNING  stats fetch failed: timed out
2026-10-06T22:12:55Z  WARNING  thresholds fetch failed: timed out
2026-10-06T22:12:55Z  WARNING  stats fetch failed: timed out
2026-10-06T22:13:00Z  WARNING  thresholds fetch failed: timed out
2026-10-06T22:13:00Z  WARNING  stats fetch failed: timed out
2026-10-06T22:13:05Z  WARNING  thresholds fetch failed: timed out
2026-10-06T22:13:05Z  WARNING  stats fetch failed: timed out
2026-10-06T22:13:10Z  WARNING  thresholds fetch failed: timed out
2026-10-06T22:13:10Z  WARNING  stats fetch failed: timed out
2026-10-06T22:13:15Z  WARNING  thresholds fetch failed: timed out
2026-10-06T22:13:15Z  WARNING  stats fetch failed: timed out
2026-10-06T22:13:20Z  WARNING  thresholds fetch failed: timed out
2026-10-06T22:13:20Z  WARNING  stats fetch failed: timed out
2026-10-06T22:13:25Z  WARNING  thresholds fetch failed: timed out
2026-10-06T22:13:25Z  WARNING  stats fetch failed: timed out
2026-10-06T22:13:30Z  WARNING  thresholds fetch failed: timed out
2026-10-06T22:13:30Z  WARNING  stats fetch failed: timed out
2026-10-06T22:13:35Z  WARNING  thresholds fetch failed: timed out
2026-10-06T22:13:35Z  WARNING  stats fetch failed: timed out
2026-10-06T22:13:40Z  WARNING  thresholds fetch failed: timed out
2026-10-06T22:13:40Z  WARNING  stats fetch failed: timed out
2026-10-06T22:13:45Z  WARNING  thresholds fetch failed: timed out
2026-10-06T22:13:45Z  WARNING  stats fetch failed: timed out
2026-10-06T22:13:48Z  SHUTDOWN  signal=15
2026-10-06T22:13:49Z  EXIT
