2026-09-24T12:00:22Z  START  poll_interval=1s layer_a_poll_interval=5s
2026-09-24T12:01:30Z  WARNING  thresholds fetch failed: timed out
2026-09-24T12:01:30Z  WARNING  stats fetch failed: timed out
2026-09-24T12:01:35Z  WARNING  thresholds fetch failed: timed out
2026-09-24T12:01:35Z  WARNING  stats fetch failed: timed out
2026-09-24T12:01:40Z  WARNING  thresholds fetch failed: timed out
2026-09-24T12:01:40Z  WARNING  stats fetch failed: timed out
2026-09-24T12:01:45Z  WARNING  thresholds fetch failed: timed out
2026-09-24T12:01:45Z  WARNING  stats fetch failed: timed out
2026-09-24T12:01:50Z  WARNING  thresholds fetch failed: timed out
2026-09-24T12:01:50Z  WARNING  stats fetch failed: timed out
2026-09-24T12:01:55Z  WARNING  thresholds fetch failed: timed out
2026-09-24T12:01:55Z  WARNING  stats fetch failed: timed out
2026-09-24T12:02:00Z  WARNING  thresholds fetch failed: timed out
2026-09-24T12:02:00Z  WARNING  stats fetch failed: timed out
2026-09-24T12:02:05Z  WARNING  thresholds fetch failed: timed out
2026-09-24T12:02:05Z  WARNING  stats fetch failed: timed out
2026-09-24T12:02:10Z  WARNING  thresholds fetch failed: timed out
2026-09-24T12:02:10Z  WARNING  stats fetch failed: timed out
2026-09-24T12:02:15Z  WARNING  thresholds fetch failed: timed out
2026-09-24T12:02:15Z  WARNING  stats fetch failed: timed out
2026-09-24T12:02:20Z  WARNING  thresholds fetch failed: timed out
2026-09-24T12:02:20Z  WARNING  stats fetch failed: timed out
2026-09-24T12:02:25Z  WARNING  thresholds fetch failed: timed out
2026-09-24T12:02:25Z  WARNING  stats fetch failed: timed out
2026-09-24T12:02:30Z  WARNING  thresholds fetch failed: timed out
2026-09-24T12:02:30Z  WARNING  stats fetch failed: timed out
2026-09-24T12:02:35Z  WARNING  thresholds fetch failed: timed out
2026-09-24T12:02:35Z  WARNING  stats fetch failed: timed out
2026-09-24T12:02:40Z  WARNING  thresholds fetch failed: timed out
2026-09-24T12:02:40Z  WARNING  stats fetch failed: timed out
2026-09-24T12:02:45Z  WARNING  thresholds fetch failed: timed out
2026-09-24T12:02:45Z  WARNING  stats fetch failed: timed out
2026-09-24T12:02:50Z  WARNING  thresholds fetch failed: timed out
2026-09-24T12:02:50Z  WARNING  stats fetch failed: timed out
2026-09-24T12:02:55Z  WARNING  thresholds fetch failed: timed out
2026-09-24T12:02:55Z  WARNING  stats fetch failed: timed out
2026-09-24T12:03:00Z  WARNING  thresholds fetch failed: timed out
2026-09-24T12:03:00Z  WARNING  stats fetch failed: timed out
2026-09-24T12:03:05Z  WARNING  thresholds fetch failed: timed out
2026-09-24T12:03:05Z  WARNING  stats fetch failed: timed out
2026-09-24T12:03:10Z  WARNING  thresholds fetch failed: timed out
2026-09-24T12:03:10Z  WARNING  stats fetch failed: timed out
2026-09-24T12:03:15Z  WARNING  thresholds fetch failed: timed out
2026-09-24T12:03:15Z  WARNING  stats fetch failed: timed out
2026-09-24T12:03:20Z  WARNING  thresholds fetch failed: timed out
2026-09-24T12:03:20Z  WARNING  stats fetch failed: timed out
2026-09-24T12:03:25Z  WARNING  thresholds fetch failed: timed out
2026-09-24T12:03:25Z  WARNING  stats fetch failed: timed out
2026-09-24T12:03:30Z  WARNING  thresholds fetch failed: timed out
2026-09-24T12:03:30Z  WARNING  stats fetch failed: timed out
2026-09-24T12:03:35Z  WARNING  thresholds fetch failed: timed out
2026-09-24T12:03:35Z  WARNING  stats fetch failed: timed out
2026-09-24T12:03:40Z  WARNING  thresholds fetch failed: timed out
2026-09-24T12:03:40Z  WARNING  stats fetch failed: timed out
2026-09-24T12:03:45Z  WARNING  thresholds fetch failed: timed out
2026-09-24T12:03:45Z  WARNING  stats fetch failed: timed out
2026-09-24T12:03:50Z  WARNING  thresholds fetch failed: timed out
2026-09-24T12:03:50Z  WARNING  stats fetch failed: timed out
2026-09-24T12:03:55Z  WARNING  thresholds fetch failed: timed out
2026-09-24T12:03:55Z  WARNING  stats fetch failed: timed out
2026-09-24T12:04:00Z  WARNING  thresholds fetch failed: timed out
2026-09-24T12:04:00Z  WARNING  stats fetch failed: timed out
2026-09-24T12:04:05Z  WARNING  thresholds fetch failed: timed out
2026-09-24T12:04:05Z  WARNING  stats fetch failed: timed out
2026-09-24T12:04:10Z  WARNING  thresholds fetch failed: timed out
2026-09-24T12:04:10Z  WARNING  stats fetch failed: timed out
2026-09-24T12:04:15Z  WARNING  thresholds fetch failed: timed out
2026-09-24T12:04:15Z  WARNING  stats fetch failed: timed out
2026-09-24T12:04:20Z  WARNING  thresholds fetch failed: timed out
2026-09-24T12:04:20Z  WARNING  stats fetch failed: timed out
2026-09-24T12:04:25Z  WARNING  thresholds fetch failed: timed out
2026-09-24T12:04:25Z  WARNING  stats fetch failed: timed out
2026-09-24T12:04:30Z  WARNING  thresholds fetch failed: timed out
2026-09-24T12:04:30Z  WARNING  stats fetch failed: timed out
2026-09-24T12:04:35Z  WARNING  thresholds fetch failed: timed out
2026-09-24T12:04:35Z  WARNING  stats fetch failed: timed out
2026-09-24T12:04:40Z  WARNING  thresholds fetch failed: timed out
2026-09-24T12:04:40Z  WARNING  stats fetch failed: timed out
2026-09-24T12:04:45Z  WARNING  thresholds fetch failed: timed out
2026-09-24T12:04:45Z  WARNING  stats fetch failed: timed out
2026-09-24T12:04:50Z  WARNING  thresholds fetch failed: timed out
2026-09-24T12:04:50Z  WARNING  stats fetch failed: timed out
2026-09-24T12:04:55Z  WARNING  thresholds fetch failed: timed out
2026-09-24T12:04:55Z  WARNING  stats fetch failed: timed out
2026-09-24T12:05:00Z  WARNING  thresholds fetch failed: timed out
2026-09-24T12:05:00Z  WARNING  stats fetch failed: timed out
2026-09-24T12:05:05Z  WARNING  thresholds fetch failed: timed out
2026-09-24T12:05:05Z  WARNING  stats fetch failed: timed out
2026-09-24T12:05:10Z  WARNING  thresholds fetch failed: timed out
2026-09-24T12:05:10Z  WARNING  stats fetch failed: timed out
2026-09-24T12:05:15Z  WARNING  thresholds fetch failed: timed out
2026-09-24T12:05:15Z  WARNING  stats fetch failed: timed out
2026-09-24T12:05:20Z  WARNING  thresholds fetch failed: timed out
2026-09-24T12:05:20Z  WARNING  stats fetch failed: timed out
2026-09-24T12:05:25Z  WARNING  thresholds fetch failed: timed out
2026-09-24T12:05:25Z  WARNING  stats fetch failed: timed out
2026-09-24T12:05:30Z  WARNING  thresholds fetch failed: timed out
2026-09-24T12:05:30Z  WARNING  stats fetch failed: timed out
2026-09-24T12:05:35Z  WARNING  thresholds fetch failed: timed out
2026-09-24T12:05:35Z  WARNING  stats fetch failed: timed out
2026-09-24T12:05:40Z  WARNING  thresholds fetch failed: timed out
2026-09-24T12:05:40Z  WARNING  stats fetch failed: timed out
2026-09-24T12:05:45Z  WARNING  thresholds fetch failed: timed out
2026-09-24T12:05:45Z  WARNING  stats fetch failed: timed out
2026-09-24T12:05:50Z  WARNING  thresholds fetch failed: timed out
2026-09-24T12:05:50Z  WARNING  stats fetch failed: timed out
2026-09-24T12:05:55Z  WARNING  thresholds fetch failed: timed out
2026-09-24T12:05:55Z  WARNING  stats fetch failed: timed out
2026-09-24T12:06:00Z  WARNING  thresholds fetch failed: timed out
2026-09-24T12:06:00Z  WARNING  stats fetch failed: timed out
2026-09-24T12:06:05Z  WARNING  thresholds fetch failed: timed out
2026-09-24T12:06:05Z  WARNING  stats fetch failed: timed out
2026-09-24T12:06:10Z  WARNING  thresholds fetch failed: timed out
2026-09-24T12:06:10Z  WARNING  stats fetch failed: timed out
2026-09-24T12:06:15Z  WARNING  thresholds fetch failed: timed out
2026-09-24T12:06:15Z  WARNING  stats fetch failed: timed out
2026-09-24T12:06:20Z  WARNING  thresholds fetch failed: timed out
2026-09-24T12:06:20Z  WARNING  stats fetch failed: timed out
2026-09-24T12:06:25Z  WARNING  thresholds fetch failed: timed out
2026-09-24T12:06:25Z  WARNING  stats fetch failed: timed out
2026-09-24T12:06:30Z  WARNING  thresholds fetch failed: timed out
2026-09-24T12:06:30Z  WARNING  stats fetch failed: timed out
2026-09-24T12:06:35Z  WARNING  thresholds fetch failed: timed out
2026-09-24T12:06:35Z  WARNING  stats fetch failed: timed out
2026-09-24T12:06:40Z  WARNING  thresholds fetch failed: timed out
2026-09-24T12:06:40Z  WARNING  stats fetch failed: <urlopen error timed out>
2026-09-24T12:06:45Z  WARNING  thresholds fetch failed: timed out
2026-09-24T12:06:45Z  WARNING  stats fetch failed: timed out
2026-09-24T12:06:50Z  WARNING  thresholds fetch failed: timed out
2026-09-24T12:06:50Z  WARNING  stats fetch failed: timed out
2026-09-24T12:06:55Z  WARNING  thresholds fetch failed: timed out
2026-09-24T12:06:55Z  WARNING  stats fetch failed: timed out
2026-09-24T12:07:00Z  WARNING  thresholds fetch failed: timed out
2026-09-24T12:07:00Z  WARNING  stats fetch failed: timed out
2026-09-24T12:07:05Z  WARNING  thresholds fetch failed: timed out
2026-09-24T12:07:05Z  WARNING  stats fetch failed: timed out
2026-09-24T12:07:10Z  WARNING  thresholds fetch failed: timed out
2026-09-24T12:07:10Z  WARNING  stats fetch failed: timed out
2026-09-24T12:07:15Z  WARNING  thresholds fetch failed: timed out
2026-09-24T12:07:15Z  WARNING  stats fetch failed: timed out
2026-09-24T12:07:20Z  WARNING  thresholds fetch failed: timed out
2026-09-24T12:07:20Z  WARNING  stats fetch failed: timed out
2026-09-24T12:07:25Z  WARNING  thresholds fetch failed: timed out
2026-09-24T12:07:25Z  WARNING  stats fetch failed: timed out
2026-09-24T12:07:30Z  WARNING  thresholds fetch failed: timed out
2026-09-24T12:07:30Z  WARNING  stats fetch failed: timed out
2026-09-24T12:07:35Z  WARNING  thresholds fetch failed: timed out
2026-09-24T12:07:35Z  WARNING  stats fetch failed: timed out
2026-09-24T12:07:40Z  WARNING  thresholds fetch failed: timed out
2026-09-24T12:07:40Z  WARNING  stats fetch failed: timed out
2026-09-24T12:07:45Z  WARNING  thresholds fetch failed: timed out
2026-09-24T12:07:45Z  WARNING  stats fetch failed: timed out
2026-09-24T12:07:50Z  WARNING  thresholds fetch failed: timed out
2026-09-24T12:07:50Z  WARNING  stats fetch failed: timed out
2026-09-24T12:07:55Z  WARNING  thresholds fetch failed: timed out
2026-09-24T12:07:55Z  WARNING  stats fetch failed: timed out
2026-09-24T12:08:00Z  WARNING  thresholds fetch failed: timed out
2026-09-24T12:08:00Z  WARNING  stats fetch failed: timed out
2026-09-24T12:08:05Z  WARNING  thresholds fetch failed: timed out
2026-09-24T12:08:05Z  WARNING  stats fetch failed: timed out
2026-09-24T12:08:10Z  WARNING  thresholds fetch failed: timed out
2026-09-24T12:08:10Z  WARNING  stats fetch failed: timed out
2026-09-24T12:08:15Z  WARNING  thresholds fetch failed: timed out
2026-09-24T12:08:15Z  WARNING  stats fetch failed: timed out
2026-09-24T12:08:20Z  WARNING  thresholds fetch failed: timed out
2026-09-24T12:08:20Z  WARNING  stats fetch failed: timed out
2026-09-24T12:08:25Z  WARNING  thresholds fetch failed: timed out
2026-09-24T12:08:25Z  WARNING  stats fetch failed: timed out
2026-09-24T12:08:30Z  WARNING  thresholds fetch failed: timed out
2026-09-24T12:08:30Z  WARNING  stats fetch failed: timed out
2026-09-24T12:08:35Z  WARNING  thresholds fetch failed: timed out
2026-09-24T12:08:35Z  WARNING  stats fetch failed: timed out
2026-09-24T12:08:40Z  WARNING  thresholds fetch failed: timed out
2026-09-24T12:08:40Z  WARNING  stats fetch failed: timed out
2026-09-24T12:08:45Z  WARNING  thresholds fetch failed: timed out
2026-09-24T12:08:45Z  WARNING  stats fetch failed: timed out
2026-09-24T12:08:50Z  WARNING  thresholds fetch failed: timed out
2026-09-24T12:08:50Z  WARNING  stats fetch failed: timed out
2026-09-24T12:08:55Z  WARNING  thresholds fetch failed: timed out
2026-09-24T12:08:55Z  WARNING  stats fetch failed: timed out
2026-09-24T12:09:00Z  WARNING  thresholds fetch failed: timed out
2026-09-24T12:09:00Z  WARNING  stats fetch failed: timed out
2026-09-24T12:09:05Z  WARNING  thresholds fetch failed: timed out
2026-09-24T12:09:05Z  WARNING  stats fetch failed: timed out
2026-09-24T12:09:10Z  WARNING  thresholds fetch failed: timed out
2026-09-24T12:09:10Z  WARNING  stats fetch failed: timed out
2026-09-24T12:09:15Z  WARNING  thresholds fetch failed: timed out
2026-09-24T12:09:15Z  WARNING  stats fetch failed: timed out
2026-09-24T12:09:20Z  WARNING  thresholds fetch failed: timed out
2026-09-24T12:09:20Z  WARNING  stats fetch failed: timed out
2026-09-24T12:09:25Z  WARNING  thresholds fetch failed: timed out
2026-09-24T12:09:25Z  WARNING  stats fetch failed: timed out
2026-09-24T12:09:30Z  WARNING  thresholds fetch failed: timed out
2026-09-24T12:09:30Z  WARNING  stats fetch failed: timed out
2026-09-24T12:09:35Z  WARNING  thresholds fetch failed: timed out
2026-09-24T12:09:35Z  WARNING  stats fetch failed: timed out
2026-09-24T12:09:40Z  WARNING  thresholds fetch failed: timed out
2026-09-24T12:09:40Z  WARNING  stats fetch failed: timed out
2026-09-24T12:09:45Z  WARNING  thresholds fetch failed: timed out
2026-09-24T12:09:45Z  WARNING  stats fetch failed: timed out
2026-09-24T12:09:50Z  WARNING  thresholds fetch failed: timed out
2026-09-24T12:09:50Z  WARNING  stats fetch failed: timed out
2026-09-24T12:09:55Z  WARNING  thresholds fetch failed: timed out
2026-09-24T12:09:55Z  WARNING  stats fetch failed: timed out
2026-09-24T12:10:00Z  WARNING  thresholds fetch failed: timed out
2026-09-24T12:10:00Z  WARNING  stats fetch failed: timed out
2026-09-24T12:10:05Z  WARNING  thresholds fetch failed: timed out
2026-09-24T12:10:05Z  WARNING  stats fetch failed: timed out
2026-09-24T12:10:10Z  WARNING  thresholds fetch failed: timed out
2026-09-24T12:10:10Z  WARNING  stats fetch failed: timed out
2026-09-24T12:10:15Z  WARNING  thresholds fetch failed: timed out
2026-09-24T12:10:15Z  WARNING  stats fetch failed: timed out
2026-09-24T12:10:20Z  WARNING  thresholds fetch failed: timed out
2026-09-24T12:10:20Z  WARNING  stats fetch failed: timed out
2026-09-24T12:10:25Z  WARNING  thresholds fetch failed: timed out
2026-09-24T12:10:25Z  WARNING  stats fetch failed: timed out
2026-09-24T12:10:30Z  WARNING  thresholds fetch failed: timed out
2026-09-24T12:10:30Z  WARNING  stats fetch failed: timed out
2026-09-24T12:10:35Z  WARNING  thresholds fetch failed: timed out
2026-09-24T12:10:35Z  WARNING  stats fetch failed: timed out
2026-09-24T12:10:40Z  WARNING  thresholds fetch failed: timed out
2026-09-24T12:10:40Z  WARNING  stats fetch failed: timed out
2026-09-24T12:10:45Z  WARNING  thresholds fetch failed: timed out
2026-09-24T12:10:45Z  WARNING  stats fetch failed: timed out
2026-09-24T12:10:50Z  WARNING  thresholds fetch failed: timed out
2026-09-24T12:10:50Z  WARNING  stats fetch failed: timed out
2026-09-24T12:10:55Z  WARNING  thresholds fetch failed: timed out
2026-09-24T12:10:55Z  WARNING  stats fetch failed: timed out
2026-09-24T12:10:58Z  SHUTDOWN  signal=15
2026-09-24T12:10:59Z  EXIT
