2026-09-15T10:04:08Z  START  poll_interval=1s layer_a_poll_interval=5s
2026-09-15T10:04:10Z  WARNING  thresholds fetch failed: timed out
2026-09-15T10:04:10Z  WARNING  stats fetch failed: timed out
2026-09-15T10:04:15Z  WARNING  thresholds fetch failed: timed out
2026-09-15T10:04:15Z  WARNING  stats fetch failed: timed out
2026-09-15T10:04:20Z  WARNING  thresholds fetch failed: timed out
2026-09-15T10:04:20Z  WARNING  stats fetch failed: timed out
2026-09-15T10:04:25Z  WARNING  thresholds fetch failed: timed out
2026-09-15T10:04:25Z  WARNING  stats fetch failed: timed out
2026-09-15T10:04:30Z  WARNING  thresholds fetch failed: timed out
2026-09-15T10:04:30Z  WARNING  stats fetch failed: timed out
2026-09-15T10:04:35Z  WARNING  thresholds fetch failed: timed out
2026-09-15T10:04:35Z  WARNING  stats fetch failed: timed out
2026-09-15T10:04:40Z  WARNING  thresholds fetch failed: timed out
2026-09-15T10:04:40Z  WARNING  stats fetch failed: timed out
2026-09-15T10:06:15Z  WARNING  thresholds fetch failed: timed out
2026-09-15T10:06:15Z  WARNING  stats fetch failed: timed out
2026-09-15T10:06:20Z  WARNING  thresholds fetch failed: timed out
2026-09-15T10:06:20Z  WARNING  stats fetch failed: timed out
2026-09-15T10:06:25Z  WARNING  thresholds fetch failed: timed out
2026-09-15T10:06:25Z  WARNING  stats fetch failed: timed out
2026-09-15T10:06:30Z  WARNING  thresholds fetch failed: timed out
2026-09-15T10:06:30Z  WARNING  stats fetch failed: timed out
2026-09-15T10:06:35Z  WARNING  thresholds fetch failed: timed out
2026-09-15T10:06:35Z  WARNING  stats fetch failed: timed out
2026-09-15T10:06:40Z  WARNING  thresholds fetch failed: timed out
2026-09-15T10:06:40Z  WARNING  stats fetch failed: timed out
2026-09-15T10:06:45Z  WARNING  thresholds fetch failed: timed out
2026-09-15T10:06:45Z  WARNING  stats fetch failed: timed out
2026-09-15T10:06:50Z  WARNING  thresholds fetch failed: timed out
2026-09-15T10:06:50Z  WARNING  stats fetch failed: timed out
2026-09-15T10:06:55Z  WARNING  thresholds fetch failed: timed out
2026-09-15T10:06:55Z  WARNING  stats fetch failed: timed out
2026-09-15T10:07:00Z  WARNING  thresholds fetch failed: timed out
2026-09-15T10:07:00Z  WARNING  stats fetch failed: timed out
2026-09-15T10:07:05Z  WARNING  thresholds fetch failed: timed out
2026-09-15T10:07:05Z  WARNING  stats fetch failed: timed out
2026-09-15T10:07:10Z  WARNING  thresholds fetch failed: timed out
2026-09-15T10:07:10Z  WARNING  stats fetch failed: timed out
2026-09-15T10:07:15Z  WARNING  thresholds fetch failed: timed out
2026-09-15T10:07:15Z  WARNING  stats fetch failed: timed out
2026-09-15T10:07:20Z  WARNING  thresholds fetch failed: timed out
2026-09-15T10:07:20Z  WARNING  stats fetch failed: timed out
2026-09-15T10:07:25Z  WARNING  thresholds fetch failed: timed out
2026-09-15T10:07:25Z  WARNING  stats fetch failed: timed out
2026-09-15T10:07:30Z  WARNING  thresholds fetch failed: timed out
2026-09-15T10:07:30Z  WARNING  stats fetch failed: timed out
2026-09-15T10:07:35Z  WARNING  thresholds fetch failed: timed out
2026-09-15T10:07:35Z  WARNING  stats fetch failed: timed out
2026-09-15T10:07:40Z  WARNING  thresholds fetch failed: timed out
2026-09-15T10:07:40Z  WARNING  stats fetch failed: timed out
2026-09-15T10:07:45Z  WARNING  thresholds fetch failed: timed out
2026-09-15T10:07:45Z  WARNING  stats fetch failed: timed out
2026-09-15T10:07:50Z  WARNING  thresholds fetch failed: timed out
2026-09-15T10:07:50Z  WARNING  stats fetch failed: timed out
2026-09-15T10:07:55Z  WARNING  thresholds fetch failed: timed out
2026-09-15T10:07:55Z  WARNING  stats fetch failed: timed out
2026-09-15T10:08:00Z  WARNING  thresholds fetch failed: timed out
2026-09-15T10:08:00Z  WARNING  stats fetch failed: timed out
2026-09-15T10:08:05Z  WARNING  thresholds fetch failed: timed out
2026-09-15T10:08:05Z  WARNING  stats fetch failed: timed out
2026-09-15T10:08:10Z  WARNING  thresholds fetch failed: timed out
2026-09-15T10:08:10Z  WARNING  stats fetch failed: timed out
2026-09-15T10:08:15Z  WARNING  thresholds fetch failed: timed out
2026-09-15T10:08:15Z  WARNING  stats fetch failed: timed out
2026-09-15T10:08:20Z  WARNING  thresholds fetch failed: timed out
2026-09-15T10:08:20Z  WARNING  stats fetch failed: timed out
2026-09-15T10:08:25Z  WARNING  thresholds fetch failed: timed out
2026-09-15T10:08:25Z  WARNING  stats fetch failed: timed out
2026-09-15T10:08:30Z  WARNING  thresholds fetch failed: timed out
2026-09-15T10:08:30Z  WARNING  stats fetch failed: timed out
2026-09-15T10:08:35Z  WARNING  thresholds fetch failed: timed out
2026-09-15T10:08:35Z  WARNING  stats fetch failed: timed out
2026-09-15T10:08:40Z  WARNING  thresholds fetch failed: timed out
2026-09-15T10:08:40Z  WARNING  stats fetch failed: timed out
2026-09-15T10:08:45Z  WARNING  thresholds fetch failed: timed out
2026-09-15T10:08:45Z  WARNING  stats fetch failed: timed out
2026-09-15T10:08:50Z  WARNING  thresholds fetch failed: timed out
2026-09-15T10:08:50Z  WARNING  stats fetch failed: timed out
2026-09-15T10:08:55Z  WARNING  thresholds fetch failed: timed out
2026-09-15T10:08:55Z  WARNING  stats fetch failed: timed out
2026-09-15T10:09:00Z  WARNING  thresholds fetch failed: timed out
2026-09-15T10:09:00Z  WARNING  stats fetch failed: timed out
2026-09-15T10:09:05Z  WARNING  thresholds fetch failed: timed out
2026-09-15T10:09:05Z  WARNING  stats fetch failed: timed out
2026-09-15T10:09:10Z  WARNING  thresholds fetch failed: timed out
2026-09-15T10:09:10Z  WARNING  stats fetch failed: timed out
2026-09-15T10:09:15Z  WARNING  thresholds fetch failed: timed out
2026-09-15T10:09:15Z  WARNING  stats fetch failed: timed out
2026-09-15T10:09:20Z  WARNING  thresholds fetch failed: timed out
2026-09-15T10:09:20Z  WARNING  stats fetch failed: timed out
2026-09-15T10:09:25Z  WARNING  thresholds fetch failed: timed out
2026-09-15T10:09:25Z  WARNING  stats fetch failed: timed out
2026-09-15T10:09:30Z  WARNING  thresholds fetch failed: timed out
2026-09-15T10:09:30Z  WARNING  stats fetch failed: timed out
2026-09-15T10:09:35Z  WARNING  thresholds fetch failed: timed out
2026-09-15T10:09:35Z  WARNING  stats fetch failed: timed out
2026-09-15T10:09:41Z  SHUTDOWN  signal=15
2026-09-15T10:09:41Z  EXIT
