2026-10-04T14:02:52Z  START  poll_interval=1s layer_a_poll_interval=5s
2026-10-04T14:06:50Z  WARNING  thresholds fetch failed: timed out
2026-10-04T14:06:50Z  WARNING  stats fetch failed: timed out
2026-10-04T14:06:55Z  WARNING  thresholds fetch failed: timed out
2026-10-04T14:06:55Z  WARNING  stats fetch failed: timed out
2026-10-04T14:07:00Z  WARNING  thresholds fetch failed: timed out
2026-10-04T14:07:00Z  WARNING  stats fetch failed: timed out
2026-10-04T14:07:05Z  WARNING  thresholds fetch failed: timed out
2026-10-04T14:07:05Z  WARNING  stats fetch failed: timed out
2026-10-04T14:07:10Z  WARNING  thresholds fetch failed: timed out
2026-10-04T14:07:10Z  WARNING  stats fetch failed: timed out
2026-10-04T14:07:15Z  WARNING  thresholds fetch failed: timed out
2026-10-04T14:07:15Z  WARNING  stats fetch failed: timed out
2026-10-04T14:07:20Z  WARNING  thresholds fetch failed: timed out
2026-10-04T14:07:20Z  WARNING  stats fetch failed: timed out
2026-10-04T14:07:25Z  WARNING  thresholds fetch failed: timed out
2026-10-04T14:07:25Z  WARNING  stats fetch failed: timed out
2026-10-04T14:07:30Z  WARNING  thresholds fetch failed: timed out
2026-10-04T14:07:30Z  WARNING  stats fetch failed: timed out
2026-10-04T14:07:35Z  WARNING  thresholds fetch failed: timed out
2026-10-04T14:07:35Z  WARNING  stats fetch failed: timed out
2026-10-04T14:07:40Z  WARNING  thresholds fetch failed: timed out
2026-10-04T14:07:40Z  WARNING  stats fetch failed: timed out
2026-10-04T14:07:45Z  WARNING  thresholds fetch failed: timed out
2026-10-04T14:07:45Z  WARNING  stats fetch failed: timed out
2026-10-04T14:07:50Z  WARNING  thresholds fetch failed: timed out
2026-10-04T14:07:50Z  WARNING  stats fetch failed: timed out
2026-10-04T14:07:55Z  WARNING  thresholds fetch failed: timed out
2026-10-04T14:07:55Z  WARNING  stats fetch failed: timed out
2026-10-04T14:08:00Z  WARNING  thresholds fetch failed: timed out
2026-10-04T14:08:00Z  WARNING  stats fetch failed: timed out
2026-10-04T14:08:05Z  WARNING  thresholds fetch failed: timed out
2026-10-04T14:08:05Z  WARNING  stats fetch failed: timed out
2026-10-04T14:08:10Z  WARNING  thresholds fetch failed: timed out
2026-10-04T14:08:10Z  WARNING  stats fetch failed: timed out
2026-10-04T14:08:15Z  WARNING  thresholds fetch failed: timed out
2026-10-04T14:08:15Z  WARNING  stats fetch failed: timed out
2026-10-04T14:08:20Z  WARNING  thresholds fetch failed: timed out
2026-10-04T14:08:20Z  WARNING  stats fetch failed: timed out
2026-10-04T14:08:25Z  WARNING  thresholds fetch failed: timed out
2026-10-04T14:08:25Z  WARNING  stats fetch failed: timed out
2026-10-04T14:08:30Z  WARNING  thresholds fetch failed: timed out
2026-10-04T14:08:30Z  WARNING  stats fetch failed: timed out
2026-10-04T14:08:35Z  WARNING  thresholds fetch failed: timed out
2026-10-04T14:08:35Z  WARNING  stats fetch failed: timed out
2026-10-04T14:08:40Z  WARNING  thresholds fetch failed: timed out
2026-10-04T14:08:40Z  WARNING  stats fetch failed: timed out
2026-10-04T14:08:45Z  WARNING  thresholds fetch failed: timed out
2026-10-04T14:08:45Z  WARNING  stats fetch failed: timed out
2026-10-04T14:08:50Z  WARNING  thresholds fetch failed: timed out
2026-10-04T14:08:50Z  WARNING  stats fetch failed: timed out
2026-10-04T14:08:55Z  WARNING  thresholds fetch failed: timed out
2026-10-04T14:08:55Z  WARNING  stats fetch failed: timed out
2026-10-04T14:09:00Z  WARNING  thresholds fetch failed: timed out
2026-10-04T14:09:00Z  WARNING  stats fetch failed: timed out
2026-10-04T14:09:05Z  WARNING  thresholds fetch failed: timed out
2026-10-04T14:09:05Z  WARNING  stats fetch failed: timed out
2026-10-04T14:09:10Z  WARNING  thresholds fetch failed: timed out
2026-10-04T14:09:10Z  WARNING  stats fetch failed: timed out
2026-10-04T14:09:15Z  WARNING  thresholds fetch failed: timed out
2026-10-04T14:09:15Z  WARNING  stats fetch failed: timed out
2026-10-04T14:09:20Z  WARNING  thresholds fetch failed: timed out
2026-10-04T14:09:20Z  WARNING  stats fetch failed: timed out
2026-10-04T14:09:25Z  WARNING  thresholds fetch failed: timed out
2026-10-04T14:09:25Z  WARNING  stats fetch failed: timed out
2026-10-04T14:09:30Z  WARNING  thresholds fetch failed: timed out
2026-10-04T14:09:30Z  WARNING  stats fetch failed: timed out
2026-10-04T14:09:35Z  WARNING  thresholds fetch failed: timed out
2026-10-04T14:09:35Z  WARNING  stats fetch failed: timed out
2026-10-04T14:09:40Z  WARNING  thresholds fetch failed: timed out
2026-10-04T14:09:40Z  WARNING  stats fetch failed: timed out
2026-10-04T14:09:45Z  WARNING  thresholds fetch failed: timed out
2026-10-04T14:09:45Z  WARNING  stats fetch failed: timed out
2026-10-04T14:09:50Z  WARNING  thresholds fetch failed: timed out
2026-10-04T14:09:50Z  WARNING  stats fetch failed: timed out
2026-10-04T14:09:55Z  WARNING  thresholds fetch failed: timed out
2026-10-04T14:09:55Z  WARNING  stats fetch failed: timed out
2026-10-04T14:10:00Z  WARNING  thresholds fetch failed: timed out
2026-10-04T14:10:00Z  WARNING  stats fetch failed: timed out
2026-10-04T14:10:05Z  WARNING  thresholds fetch failed: timed out
2026-10-04T14:10:05Z  WARNING  stats fetch failed: timed out
2026-10-04T14:10:10Z  WARNING  thresholds fetch failed: timed out
2026-10-04T14:10:10Z  WARNING  stats fetch failed: timed out
2026-10-04T14:10:15Z  WARNING  thresholds fetch failed: timed out
2026-10-04T14:10:15Z  WARNING  stats fetch failed: timed out
2026-10-04T14:10:20Z  WARNING  thresholds fetch failed: timed out
2026-10-04T14:10:20Z  WARNING  stats fetch failed: timed out
2026-10-04T14:10:25Z  WARNING  thresholds fetch failed: timed out
2026-10-04T14:10:25Z  WARNING  stats fetch failed: timed out
2026-10-04T14:10:30Z  WARNING  thresholds fetch failed: timed out
2026-10-04T14:10:30Z  WARNING  stats fetch failed: timed out
2026-10-04T14:10:35Z  WARNING  thresholds fetch failed: timed out
2026-10-04T14:10:35Z  WARNING  stats fetch failed: timed out
2026-10-04T14:10:40Z  WARNING  thresholds fetch failed: timed out
2026-10-04T14:10:40Z  WARNING  stats fetch failed: timed out
2026-10-04T14:10:45Z  WARNING  thresholds fetch failed: timed out
2026-10-04T14:10:45Z  WARNING  stats fetch failed: timed out
2026-10-04T14:10:50Z  WARNING  thresholds fetch failed: timed out
2026-10-04T14:10:50Z  WARNING  stats fetch failed: timed out
2026-10-04T14:10:55Z  WARNING  thresholds fetch failed: timed out
2026-10-04T14:10:55Z  WARNING  stats fetch failed: timed out
2026-10-04T14:11:00Z  WARNING  thresholds fetch failed: timed out
2026-10-04T14:11:00Z  WARNING  stats fetch failed: timed out
2026-10-04T14:11:05Z  WARNING  thresholds fetch failed: timed out
2026-10-04T14:11:05Z  WARNING  stats fetch failed: timed out
2026-10-04T14:11:10Z  WARNING  thresholds fetch failed: timed out
2026-10-04T14:11:10Z  WARNING  stats fetch failed: timed out
2026-10-04T14:11:15Z  WARNING  thresholds fetch failed: <urlopen error timed out>
2026-10-04T14:11:15Z  WARNING  stats fetch failed: timed out
2026-10-04T14:11:20Z  WARNING  thresholds fetch failed: timed out
2026-10-04T14:11:20Z  WARNING  stats fetch failed: <urlopen error timed out>
2026-10-04T14:11:25Z  WARNING  thresholds fetch failed: timed out
2026-10-04T14:11:25Z  WARNING  stats fetch failed: timed out
2026-10-04T14:11:30Z  WARNING  thresholds fetch failed: timed out
2026-10-04T14:11:30Z  WARNING  stats fetch failed: timed out
2026-10-04T14:11:35Z  WARNING  thresholds fetch failed: timed out
2026-10-04T14:11:35Z  WARNING  stats fetch failed: timed out
2026-10-04T14:11:40Z  WARNING  thresholds fetch failed: timed out
2026-10-04T14:11:40Z  WARNING  stats fetch failed: timed out
2026-10-04T14:11:45Z  WARNING  thresholds fetch failed: timed out
2026-10-04T14:11:45Z  WARNING  stats fetch failed: timed out
2026-10-04T14:11:50Z  WARNING  thresholds fetch failed: timed out
2026-10-04T14:11:50Z  WARNING  stats fetch failed: timed out
2026-10-04T14:11:55Z  WARNING  thresholds fetch failed: timed out
2026-10-04T14:11:55Z  WARNING  stats fetch failed: timed out
2026-10-04T14:12:00Z  WARNING  thresholds fetch failed: timed out
2026-10-04T14:12:00Z  WARNING  stats fetch failed: timed out
2026-10-04T14:12:05Z  WARNING  thresholds fetch failed: timed out
2026-10-04T14:12:05Z  WARNING  stats fetch failed: timed out
2026-10-04T14:12:10Z  WARNING  thresholds fetch failed: timed out
2026-10-04T14:12:10Z  WARNING  stats fetch failed: timed out
2026-10-04T14:12:15Z  WARNING  thresholds fetch failed: timed out
2026-10-04T14:12:15Z  WARNING  stats fetch failed: timed out
2026-10-04T14:12:20Z  WARNING  thresholds fetch failed: timed out
2026-10-04T14:12:20Z  WARNING  stats fetch failed: timed out
2026-10-04T14:12:25Z  WARNING  thresholds fetch failed: timed out
2026-10-04T14:12:25Z  WARNING  stats fetch failed: timed out
2026-10-04T14:12:30Z  WARNING  thresholds fetch failed: timed out
2026-10-04T14:12:30Z  WARNING  stats fetch failed: timed out
2026-10-04T14:12:35Z  WARNING  thresholds fetch failed: timed out
2026-10-04T14:12:35Z  WARNING  stats fetch failed: timed out
2026-10-04T14:12:40Z  WARNING  thresholds fetch failed: timed out
2026-10-04T14:12:40Z  WARNING  stats fetch failed: timed out
2026-10-04T14:12:45Z  WARNING  thresholds fetch failed: timed out
2026-10-04T14:12:45Z  WARNING  stats fetch failed: timed out
2026-10-04T14:12:50Z  WARNING  thresholds fetch failed: timed out
2026-10-04T14:12:50Z  WARNING  stats fetch failed: timed out
2026-10-04T14:12:55Z  WARNING  thresholds fetch failed: timed out
2026-10-04T14:12:55Z  WARNING  stats fetch failed: timed out
2026-10-04T14:13:00Z  WARNING  thresholds fetch failed: timed out
2026-10-04T14:13:00Z  WARNING  stats fetch failed: timed out
2026-10-04T14:13:05Z  WARNING  thresholds fetch failed: timed out
2026-10-04T14:13:05Z  WARNING  stats fetch failed: timed out
2026-10-04T14:13:10Z  WARNING  thresholds fetch failed: timed out
2026-10-04T14:13:10Z  WARNING  stats fetch failed: timed out
2026-10-04T14:13:15Z  WARNING  thresholds fetch failed: timed out
2026-10-04T14:13:15Z  WARNING  stats fetch failed: timed out
2026-10-04T14:13:20Z  WARNING  thresholds fetch failed: timed out
2026-10-04T14:13:20Z  WARNING  stats fetch failed: timed out
2026-10-04T14:13:25Z  WARNING  thresholds fetch failed: timed out
2026-10-04T14:13:25Z  WARNING  stats fetch failed: timed out
2026-10-04T14:13:31Z  SHUTDOWN  signal=15
2026-10-04T14:13:32Z  EXIT
