2026-09-24T15:20:32Z  START  poll_interval=1s layer_a_poll_interval=5s
2026-09-24T15:21:45Z  WARNING  thresholds fetch failed: timed out
2026-09-24T15:21:45Z  WARNING  stats fetch failed: timed out
2026-09-24T15:21:50Z  WARNING  thresholds fetch failed: timed out
2026-09-24T15:21:50Z  WARNING  stats fetch failed: timed out
2026-09-24T15:21:55Z  WARNING  thresholds fetch failed: timed out
2026-09-24T15:21:55Z  WARNING  stats fetch failed: timed out
2026-09-24T15:22:00Z  WARNING  thresholds fetch failed: timed out
2026-09-24T15:22:00Z  WARNING  stats fetch failed: timed out
2026-09-24T15:22:05Z  WARNING  thresholds fetch failed: timed out
2026-09-24T15:22:05Z  WARNING  stats fetch failed: timed out
2026-09-24T15:22:10Z  WARNING  thresholds fetch failed: timed out
2026-09-24T15:22:10Z  WARNING  stats fetch failed: timed out
2026-09-24T15:22:15Z  WARNING  thresholds fetch failed: timed out
2026-09-24T15:22:15Z  WARNING  stats fetch failed: timed out
2026-09-24T15:22:20Z  WARNING  thresholds fetch failed: timed out
2026-09-24T15:22:20Z  WARNING  stats fetch failed: timed out
2026-09-24T15:22:25Z  WARNING  thresholds fetch failed: timed out
2026-09-24T15:22:25Z  WARNING  stats fetch failed: timed out
2026-09-24T15:22:30Z  WARNING  thresholds fetch failed: timed out
2026-09-24T15:22:30Z  WARNING  stats fetch failed: timed out
2026-09-24T15:22:35Z  WARNING  thresholds fetch failed: timed out
2026-09-24T15:22:35Z  WARNING  stats fetch failed: timed out
2026-09-24T15:22:40Z  WARNING  thresholds fetch failed: timed out
2026-09-24T15:22:40Z  WARNING  stats fetch failed: timed out
2026-09-24T15:22:45Z  WARNING  thresholds fetch failed: timed out
2026-09-24T15:22:45Z  WARNING  stats fetch failed: timed out
2026-09-24T15:22:50Z  WARNING  thresholds fetch failed: timed out
2026-09-24T15:22:50Z  WARNING  stats fetch failed: timed out
2026-09-24T15:22:55Z  WARNING  thresholds fetch failed: timed out
2026-09-24T15:22:55Z  WARNING  stats fetch failed: timed out
2026-09-24T15:23:00Z  WARNING  thresholds fetch failed: timed out
2026-09-24T15:23:00Z  WARNING  stats fetch failed: timed out
2026-09-24T15:23:05Z  WARNING  thresholds fetch failed: timed out
2026-09-24T15:23:05Z  WARNING  stats fetch failed: timed out
2026-09-24T15:23:10Z  WARNING  thresholds fetch failed: timed out
2026-09-24T15:23:10Z  WARNING  stats fetch failed: timed out
2026-09-24T15:23:15Z  WARNING  thresholds fetch failed: timed out
2026-09-24T15:23:15Z  WARNING  stats fetch failed: timed out
2026-09-24T15:23:20Z  WARNING  thresholds fetch failed: timed out
2026-09-24T15:23:20Z  WARNING  stats fetch failed: timed out
2026-09-24T15:23:25Z  WARNING  thresholds fetch failed: timed out
2026-09-24T15:23:25Z  WARNING  stats fetch failed: timed out
2026-09-24T15:23:30Z  WARNING  thresholds fetch failed: timed out
2026-09-24T15:23:30Z  WARNING  stats fetch failed: timed out
2026-09-24T15:23:35Z  WARNING  thresholds fetch failed: timed out
2026-09-24T15:23:35Z  WARNING  stats fetch failed: timed out
2026-09-24T15:23:40Z  WARNING  thresholds fetch failed: timed out
2026-09-24T15:23:40Z  WARNING  stats fetch failed: timed out
2026-09-24T15:23:45Z  WARNING  thresholds fetch failed: timed out
2026-09-24T15:23:45Z  WARNING  stats fetch failed: timed out
2026-09-24T15:23:50Z  WARNING  thresholds fetch failed: <urlopen error timed out>
2026-09-24T15:23:50Z  WARNING  stats fetch failed: timed out
2026-09-24T15:23:55Z  WARNING  thresholds fetch failed: timed out
2026-09-24T15:23:55Z  WARNING  stats fetch failed: timed out
2026-09-24T15:24:00Z  WARNING  thresholds fetch failed: timed out
2026-09-24T15:24:00Z  WARNING  stats fetch failed: timed out
2026-09-24T15:24:05Z  WARNING  thresholds fetch failed: timed out
2026-09-24T15:24:05Z  WARNING  stats fetch failed: timed out
2026-09-24T15:24:10Z  WARNING  thresholds fetch failed: timed out
2026-09-24T15:24:10Z  WARNING  stats fetch failed: timed out
2026-09-24T15:24:15Z  WARNING  thresholds fetch failed: timed out
2026-09-24T15:24:15Z  WARNING  stats fetch failed: timed out
2026-09-24T15:24:20Z  WARNING  thresholds fetch failed: timed out
2026-09-24T15:24:20Z  WARNING  stats fetch failed: timed out
2026-09-24T15:24:25Z  WARNING  thresholds fetch failed: timed out
2026-09-24T15:24:25Z  WARNING  stats fetch failed: timed out
2026-09-24T15:24:30Z  WARNING  thresholds fetch failed: timed out
2026-09-24T15:24:30Z  WARNING  stats fetch failed: timed out
2026-09-24T15:24:35Z  WARNING  thresholds fetch failed: timed out
2026-09-24T15:24:35Z  WARNING  stats fetch failed: timed out
2026-09-24T15:24:40Z  WARNING  thresholds fetch failed: timed out
2026-09-24T15:24:40Z  WARNING  stats fetch failed: timed out
2026-09-24T15:24:45Z  WARNING  thresholds fetch failed: timed out
2026-09-24T15:24:45Z  WARNING  stats fetch failed: timed out
2026-09-24T15:24:50Z  WARNING  thresholds fetch failed: timed out
2026-09-24T15:24:50Z  WARNING  stats fetch failed: timed out
2026-09-24T15:24:55Z  WARNING  thresholds fetch failed: timed out
2026-09-24T15:24:55Z  WARNING  stats fetch failed: timed out
2026-09-24T15:25:00Z  WARNING  thresholds fetch failed: timed out
2026-09-24T15:25:00Z  WARNING  stats fetch failed: timed out
2026-09-24T15:25:05Z  WARNING  thresholds fetch failed: timed out
2026-09-24T15:25:05Z  WARNING  stats fetch failed: timed out
2026-09-24T15:25:10Z  WARNING  thresholds fetch failed: timed out
2026-09-24T15:25:10Z  WARNING  stats fetch failed: timed out
2026-09-24T15:25:15Z  WARNING  thresholds fetch failed: timed out
2026-09-24T15:25:15Z  WARNING  stats fetch failed: timed out
2026-09-24T15:25:20Z  WARNING  thresholds fetch failed: timed out
2026-09-24T15:25:20Z  WARNING  stats fetch failed: timed out
2026-09-24T15:25:25Z  WARNING  thresholds fetch failed: timed out
2026-09-24T15:25:25Z  WARNING  stats fetch failed: timed out
2026-09-24T15:25:30Z  WARNING  thresholds fetch failed: timed out
2026-09-24T15:25:30Z  WARNING  stats fetch failed: timed out
2026-09-24T15:25:35Z  WARNING  thresholds fetch failed: timed out
2026-09-24T15:25:35Z  WARNING  stats fetch failed: timed out
2026-09-24T15:25:40Z  WARNING  thresholds fetch failed: timed out
2026-09-24T15:25:40Z  WARNING  stats fetch failed: timed out
2026-09-24T15:25:45Z  WARNING  thresholds fetch failed: timed out
2026-09-24T15:25:45Z  WARNING  stats fetch failed: timed out
2026-09-24T15:25:50Z  WARNING  thresholds fetch failed: timed out
2026-09-24T15:25:50Z  WARNING  stats fetch failed: timed out
2026-09-24T15:25:55Z  WARNING  thresholds fetch failed: timed out
2026-09-24T15:25:55Z  WARNING  stats fetch failed: timed out
2026-09-24T15:26:00Z  WARNING  thresholds fetch failed: timed out
2026-09-24T15:26:00Z  WARNING  stats fetch failed: timed out
2026-09-24T15:26:05Z  WARNING  thresholds fetch failed: timed out
2026-09-24T15:26:05Z  WARNING  stats fetch failed: timed out
2026-09-24T15:26:10Z  WARNING  thresholds fetch failed: timed out
2026-09-24T15:26:10Z  WARNING  stats fetch failed: timed out
2026-09-24T15:26:15Z  WARNING  thresholds fetch failed: timed out
2026-09-24T15:26:15Z  WARNING  stats fetch failed: timed out
2026-09-24T15:26:20Z  WARNING  thresholds fetch failed: timed out
2026-09-24T15:26:20Z  WARNING  stats fetch failed: timed out
2026-09-24T15:26:25Z  WARNING  thresholds fetch failed: timed out
2026-09-24T15:26:25Z  WARNING  stats fetch failed: timed out
2026-09-24T15:26:30Z  WARNING  thresholds fetch failed: timed out
2026-09-24T15:26:30Z  WARNING  stats fetch failed: timed out
2026-09-24T15:26:35Z  WARNING  thresholds fetch failed: timed out
2026-09-24T15:26:35Z  WARNING  stats fetch failed: timed out
2026-09-24T15:26:40Z  WARNING  thresholds fetch failed: timed out
2026-09-24T15:26:40Z  WARNING  stats fetch failed: timed out
2026-09-24T15:26:45Z  WARNING  thresholds fetch failed: timed out
2026-09-24T15:26:45Z  WARNING  stats fetch failed: timed out
2026-09-24T15:26:50Z  WARNING  thresholds fetch failed: timed out
2026-09-24T15:26:50Z  WARNING  stats fetch failed: timed out
2026-09-24T15:26:55Z  WARNING  thresholds fetch failed: timed out
2026-09-24T15:26:55Z  WARNING  stats fetch failed: timed out
2026-09-24T15:27:00Z  WARNING  thresholds fetch failed: timed out
2026-09-24T15:27:00Z  WARNING  stats fetch failed: timed out
2026-09-24T15:27:05Z  WARNING  thresholds fetch failed: timed out
2026-09-24T15:27:05Z  WARNING  stats fetch failed: timed out
2026-09-24T15:27:10Z  WARNING  thresholds fetch failed: timed out
2026-09-24T15:27:10Z  WARNING  stats fetch failed: timed out
2026-09-24T15:27:15Z  WARNING  thresholds fetch failed: timed out
2026-09-24T15:27:15Z  WARNING  stats fetch failed: timed out
2026-09-24T15:27:20Z  WARNING  thresholds fetch failed: timed out
2026-09-24T15:27:20Z  WARNING  stats fetch failed: timed out
2026-09-24T15:27:25Z  WARNING  thresholds fetch failed: timed out
2026-09-24T15:27:25Z  WARNING  stats fetch failed: timed out
2026-09-24T15:27:30Z  WARNING  thresholds fetch failed: timed out
2026-09-24T15:27:30Z  WARNING  stats fetch failed: timed out
2026-09-24T15:27:35Z  WARNING  thresholds fetch failed: <urlopen error timed out>
2026-09-24T15:27:35Z  WARNING  stats fetch failed: timed out
2026-09-24T15:27:40Z  WARNING  thresholds fetch failed: <urlopen error timed out>
2026-09-24T15:27:40Z  WARNING  stats fetch failed: timed out
2026-09-24T15:27:45Z  WARNING  thresholds fetch failed: timed out
2026-09-24T15:27:45Z  WARNING  stats fetch failed: timed out
2026-09-24T15:27:50Z  WARNING  thresholds fetch failed: timed out
2026-09-24T15:27:50Z  WARNING  stats fetch failed: timed out
2026-09-24T15:27:55Z  WARNING  thresholds fetch failed: timed out
2026-09-24T15:27:55Z  WARNING  stats fetch failed: timed out
2026-09-24T15:28:00Z  WARNING  thresholds fetch failed: timed out
2026-09-24T15:28:00Z  WARNING  stats fetch failed: timed out
2026-09-24T15:28:05Z  WARNING  thresholds fetch failed: timed out
2026-09-24T15:28:05Z  WARNING  stats fetch failed: timed out
2026-09-24T15:28:10Z  WARNING  thresholds fetch failed: timed out
2026-09-24T15:28:10Z  WARNING  stats fetch failed: timed out
2026-09-24T15:28:15Z  WARNING  thresholds fetch failed: timed out
2026-09-24T15:28:15Z  WARNING  stats fetch failed: timed out
2026-09-24T15:28:20Z  WARNING  thresholds fetch failed: timed out
2026-09-24T15:28:20Z  WARNING  stats fetch failed: timed out
2026-09-24T15:28:25Z  WARNING  thresholds fetch failed: timed out
2026-09-24T15:28:25Z  WARNING  stats fetch failed: timed out
2026-09-24T15:28:30Z  WARNING  thresholds fetch failed: timed out
2026-09-24T15:28:30Z  WARNING  stats fetch failed: timed out
2026-09-24T15:28:35Z  WARNING  thresholds fetch failed: timed out
2026-09-24T15:28:35Z  WARNING  stats fetch failed: timed out
2026-09-24T15:28:40Z  WARNING  thresholds fetch failed: timed out
2026-09-24T15:28:40Z  WARNING  stats fetch failed: timed out
2026-09-24T15:28:45Z  WARNING  thresholds fetch failed: timed out
2026-09-24T15:28:45Z  WARNING  stats fetch failed: timed out
2026-09-24T15:28:50Z  WARNING  thresholds fetch failed: timed out
2026-09-24T15:28:50Z  WARNING  stats fetch failed: timed out
2026-09-24T15:28:55Z  WARNING  thresholds fetch failed: timed out
2026-09-24T15:28:55Z  WARNING  stats fetch failed: timed out
2026-09-24T15:29:00Z  WARNING  thresholds fetch failed: timed out
2026-09-24T15:29:00Z  WARNING  stats fetch failed: timed out
2026-09-24T15:29:05Z  WARNING  thresholds fetch failed: timed out
2026-09-24T15:29:05Z  WARNING  stats fetch failed: timed out
2026-09-24T15:29:10Z  WARNING  thresholds fetch failed: timed out
2026-09-24T15:29:10Z  WARNING  stats fetch failed: timed out
2026-09-24T15:29:15Z  WARNING  thresholds fetch failed: timed out
2026-09-24T15:29:15Z  WARNING  stats fetch failed: timed out
2026-09-24T15:29:20Z  WARNING  thresholds fetch failed: timed out
2026-09-24T15:29:20Z  WARNING  stats fetch failed: timed out
2026-09-24T15:29:25Z  WARNING  thresholds fetch failed: timed out
2026-09-24T15:29:25Z  WARNING  stats fetch failed: timed out
2026-09-24T15:29:30Z  WARNING  thresholds fetch failed: timed out
2026-09-24T15:29:30Z  WARNING  stats fetch failed: timed out
2026-09-24T15:29:35Z  WARNING  thresholds fetch failed: timed out
2026-09-24T15:29:35Z  WARNING  stats fetch failed: timed out
2026-09-24T15:29:40Z  WARNING  thresholds fetch failed: timed out
2026-09-24T15:29:40Z  WARNING  stats fetch failed: timed out
2026-09-24T15:29:45Z  WARNING  thresholds fetch failed: timed out
2026-09-24T15:29:45Z  WARNING  stats fetch failed: timed out
2026-09-24T15:29:50Z  WARNING  thresholds fetch failed: timed out
2026-09-24T15:29:50Z  WARNING  stats fetch failed: timed out
2026-09-24T15:29:55Z  WARNING  thresholds fetch failed: timed out
2026-09-24T15:29:55Z  WARNING  stats fetch failed: timed out
2026-09-24T15:30:00Z  WARNING  thresholds fetch failed: timed out
2026-09-24T15:30:00Z  WARNING  stats fetch failed: timed out
2026-09-24T15:30:05Z  WARNING  thresholds fetch failed: timed out
2026-09-24T15:30:05Z  WARNING  stats fetch failed: timed out
2026-09-24T15:30:10Z  WARNING  thresholds fetch failed: timed out
2026-09-24T15:30:10Z  WARNING  stats fetch failed: timed out
2026-09-24T15:30:15Z  WARNING  thresholds fetch failed: timed out
2026-09-24T15:30:15Z  WARNING  stats fetch failed: timed out
2026-09-24T15:30:20Z  WARNING  thresholds fetch failed: timed out
2026-09-24T15:30:20Z  WARNING  stats fetch failed: timed out
2026-09-24T15:30:25Z  WARNING  thresholds fetch failed: timed out
2026-09-24T15:30:25Z  WARNING  stats fetch failed: timed out
2026-09-24T15:30:30Z  WARNING  thresholds fetch failed: timed out
2026-09-24T15:30:30Z  WARNING  stats fetch failed: timed out
2026-09-24T15:30:35Z  WARNING  thresholds fetch failed: timed out
2026-09-24T15:30:35Z  WARNING  stats fetch failed: timed out
2026-09-24T15:30:40Z  WARNING  thresholds fetch failed: timed out
2026-09-24T15:30:40Z  WARNING  stats fetch failed: timed out
2026-09-24T15:30:45Z  WARNING  thresholds fetch failed: timed out
2026-09-24T15:30:45Z  WARNING  stats fetch failed: timed out
2026-09-24T15:30:50Z  WARNING  thresholds fetch failed: timed out
2026-09-24T15:30:50Z  WARNING  stats fetch failed: timed out
2026-09-24T15:30:55Z  WARNING  thresholds fetch failed: timed out
2026-09-24T15:30:55Z  WARNING  stats fetch failed: timed out
2026-09-24T15:31:00Z  WARNING  thresholds fetch failed: timed out
2026-09-24T15:31:00Z  WARNING  stats fetch failed: timed out
2026-09-24T15:31:05Z  WARNING  thresholds fetch failed: timed out
2026-09-24T15:31:05Z  WARNING  stats fetch failed: timed out
2026-09-24T15:31:10Z  WARNING  thresholds fetch failed: timed out
2026-09-24T15:31:10Z  WARNING  stats fetch failed: timed out
2026-09-24T15:31:12Z  SHUTDOWN  signal=15
2026-09-24T15:31:13Z  EXIT
