2026-09-10T21:23:41Z  START  poll_interval=1s
2026-09-10T21:23:42Z  WARNING  stats fetch failed: HTTP Error 500: Internal Server Error
2026-09-10T21:23:43Z  WARNING  stats fetch failed: HTTP Error 500: Internal Server Error
2026-09-10T21:23:44Z  WARNING  stats fetch failed: HTTP Error 500: Internal Server Error
2026-09-10T21:23:45Z  WARNING  stats fetch failed: HTTP Error 500: Internal Server Error
2026-09-10T21:23:46Z  WARNING  stats fetch failed: HTTP Error 500: Internal Server Error
2026-09-10T21:23:47Z  WARNING  stats fetch failed: HTTP Error 500: Internal Server Error
2026-09-10T21:23:48Z  WARNING  stats fetch failed: HTTP Error 500: Internal Server Error
2026-09-10T21:23:49Z  WARNING  stats fetch failed: HTTP Error 500: Internal Server Error
2026-09-10T21:23:50Z  WARNING  stats fetch failed: HTTP Error 500: Internal Server Error
2026-09-10T21:23:51Z  WARNING  stats fetch failed: HTTP Error 500: Internal Server Error
2026-09-10T21:23:52Z  WARNING  stats fetch failed: HTTP Error 500: Internal Server Error
2026-09-10T21:23:53Z  WARNING  stats fetch failed: HTTP Error 500: Internal Server Error
2026-09-10T21:23:54Z  WARNING  stats fetch failed: HTTP Error 500: Internal Server Error
2026-09-10T21:23:55Z  WARNING  stats fetch failed: HTTP Error 500: Internal Server Error
2026-09-10T21:23:56Z  WARNING  stats fetch failed: HTTP Error 500: Internal Server Error
2026-09-10T21:23:57Z  WARNING  stats fetch failed: HTTP Error 500: Internal Server Error
2026-09-10T21:23:58Z  WARNING  stats fetch failed: HTTP Error 500: Internal Server Error
2026-09-10T21:23:59Z  WARNING  stats fetch failed: HTTP Error 500: Internal Server Error
2026-09-10T21:24:00Z  WARNING  stats fetch failed: HTTP Error 500: Internal Server Error
2026-09-10T21:24:01Z  WARNING  stats fetch failed: HTTP Error 500: Internal Server Error
2026-09-10T21:24:02Z  WARNING  stats fetch failed: HTTP Error 500: Internal Server Error
2026-09-10T21:24:03Z  WARNING  stats fetch failed: HTTP Error 500: Internal Server Error
2026-09-10T21:24:04Z  WARNING  stats fetch failed: HTTP Error 500: Internal Server Error
2026-09-10T21:24:05Z  WARNING  stats fetch failed: HTTP Error 500: Internal Server Error
2026-09-10T21:24:06Z  WARNING  stats fetch failed: HTTP Error 500: Internal Server Error
2026-09-10T21:24:07Z  WARNING  stats fetch failed: HTTP Error 500: Internal Server Error
2026-09-10T21:24:08Z  WARNING  stats fetch failed: HTTP Error 500: Internal Server Error
2026-09-10T21:24:09Z  WARNING  stats fetch failed: HTTP Error 500: Internal Server Error
2026-09-10T21:24:10Z  WARNING  stats fetch failed: HTTP Error 500: Internal Server Error
2026-09-10T21:24:11Z  WARNING  stats fetch failed: HTTP Error 500: Internal Server Error
2026-09-10T21:24:12Z  WARNING  stats fetch failed: HTTP Error 500: Internal Server Error
2026-09-10T21:24:13Z  WARNING  stats fetch failed: HTTP Error 500: Internal Server Error
2026-09-10T21:24:14Z  WARNING  stats fetch failed: HTTP Error 500: Internal Server Error
2026-09-10T21:24:15Z  WARNING  stats fetch failed: HTTP Error 500: Internal Server Error
2026-09-10T21:24:16Z  WARNING  stats fetch failed: HTTP Error 500: Internal Server Error
2026-09-10T21:24:17Z  WARNING  stats fetch failed: HTTP Error 500: Internal Server Error
2026-09-10T21:24:18Z  WARNING  stats fetch failed: HTTP Error 500: Internal Server Error
2026-09-10T21:24:19Z  WARNING  stats fetch failed: HTTP Error 500: Internal Server Error
2026-09-10T21:24:20Z  WARNING  stats fetch failed: HTTP Error 500: Internal Server Error
2026-09-10T21:24:21Z  WARNING  stats fetch failed: HTTP Error 500: Internal Server Error
2026-09-10T21:24:22Z  WARNING  stats fetch failed: HTTP Error 500: Internal Server Error
2026-09-10T21:24:23Z  WARNING  stats fetch failed: HTTP Error 500: Internal Server Error
2026-09-10T21:24:24Z  WARNING  stats fetch failed: HTTP Error 500: Internal Server Error
2026-09-10T21:24:25Z  WARNING  stats fetch failed: HTTP Error 500: Internal Server Error
2026-09-10T21:24:26Z  WARNING  stats fetch failed: HTTP Error 500: Internal Server Error
2026-09-10T21:24:27Z  WARNING  stats fetch failed: HTTP Error 500: Internal Server Error
2026-09-10T21:24:28Z  WARNING  stats fetch failed: HTTP Error 500: Internal Server Error
2026-09-10T21:24:29Z  WARNING  stats fetch failed: HTTP Error 500: Internal Server Error
2026-09-10T21:24:30Z  WARNING  stats fetch failed: HTTP Error 500: Internal Server Error
2026-09-10T21:24:31Z  WARNING  stats fetch failed: HTTP Error 500: Internal Server Error
2026-09-10T21:24:32Z  WARNING  stats fetch failed: HTTP Error 500: Internal Server Error
2026-09-10T21:24:33Z  WARNING  stats fetch failed: timed out
2026-09-10T21:24:35Z  WARNING  stats fetch failed: timed out
2026-09-10T21:24:37Z  WARNING  stats fetch failed: timed out
2026-09-10T21:24:39Z  WARNING  stats fetch failed: timed out
2026-09-10T21:24:41Z  WARNING  stats fetch failed: timed out
2026-09-10T21:24:43Z  WARNING  stats fetch failed: timed out
2026-09-10T21:24:45Z  WARNING  stats fetch failed: timed out
2026-09-10T21:24:47Z  WARNING  stats fetch failed: timed out
2026-09-10T21:24:49Z  WARNING  stats fetch failed: timed out
2026-09-10T21:24:51Z  WARNING  stats fetch failed: timed out
2026-09-10T21:24:53Z  WARNING  stats fetch failed: timed out
2026-09-10T21:24:55Z  WARNING  stats fetch failed: timed out
2026-09-10T21:24:57Z  WARNING  stats fetch failed: timed out
2026-09-10T21:24:59Z  WARNING  stats fetch failed: timed out
2026-09-10T21:25:01Z  WARNING  stats fetch failed: timed out
2026-09-10T21:25:03Z  WARNING  stats fetch failed: timed out
2026-09-10T21:25:05Z  WARNING  stats fetch failed: timed out
2026-09-10T21:25:07Z  WARNING  stats fetch failed: timed out
2026-09-10T21:25:09Z  WARNING  stats fetch failed: timed out
2026-09-10T21:25:11Z  WARNING  stats fetch failed: timed out
2026-09-10T21:25:13Z  WARNING  stats fetch failed: timed out
2026-09-10T21:25:15Z  WARNING  stats fetch failed: timed out
2026-09-10T21:25:17Z  WARNING  stats fetch failed: timed out
2026-09-10T21:25:19Z  WARNING  stats fetch failed: timed out
2026-09-10T21:25:21Z  WARNING  stats fetch failed: timed out
2026-09-10T21:25:23Z  WARNING  stats fetch failed: timed out
2026-09-10T21:25:25Z  WARNING  stats fetch failed: timed out
2026-09-10T21:25:27Z  WARNING  stats fetch failed: timed out
2026-09-10T21:25:29Z  WARNING  stats fetch failed: timed out
2026-09-10T21:25:31Z  WARNING  stats fetch failed: timed out
2026-09-10T21:25:33Z  WARNING  stats fetch failed: timed out
2026-09-10T21:25:35Z  WARNING  stats fetch failed: timed out
2026-09-10T21:25:37Z  WARNING  stats fetch failed: timed out
2026-09-10T21:25:39Z  WARNING  stats fetch failed: timed out
2026-09-10T21:25:41Z  WARNING  stats fetch failed: timed out
2026-09-10T21:25:43Z  WARNING  stats fetch failed: timed out
2026-09-10T21:25:45Z  WARNING  stats fetch failed: timed out
2026-09-10T21:25:47Z  WARNING  stats fetch failed: timed out
2026-09-10T21:25:49Z  WARNING  stats fetch failed: timed out
2026-09-10T21:25:51Z  WARNING  stats fetch failed: timed out
2026-09-10T21:25:53Z  WARNING  stats fetch failed: timed out
2026-09-10T21:25:55Z  WARNING  stats fetch failed: timed out
2026-09-10T21:25:57Z  WARNING  stats fetch failed: timed out
2026-09-10T21:25:59Z  WARNING  stats fetch failed: timed out
2026-09-10T21:26:01Z  WARNING  stats fetch failed: timed out
2026-09-10T21:26:03Z  WARNING  stats fetch failed: timed out
2026-09-10T21:26:05Z  WARNING  stats fetch failed: timed out
2026-09-10T21:26:07Z  WARNING  stats fetch failed: timed out
2026-09-10T21:26:09Z  WARNING  stats fetch failed: timed out
2026-09-10T21:26:11Z  WARNING  stats fetch failed: timed out
2026-09-10T21:26:13Z  WARNING  stats fetch failed: timed out
2026-09-10T21:26:15Z  WARNING  stats fetch failed: timed out
2026-09-10T21:26:17Z  WARNING  stats fetch failed: timed out
2026-09-10T21:26:19Z  WARNING  stats fetch failed: timed out
2026-09-10T21:26:21Z  WARNING  stats fetch failed: timed out
2026-09-10T21:26:23Z  WARNING  stats fetch failed: timed out
2026-09-10T21:26:25Z  WARNING  stats fetch failed: timed out
2026-09-10T21:26:27Z  WARNING  stats fetch failed: timed out
2026-09-10T21:26:29Z  WARNING  stats fetch failed: timed out
2026-09-10T21:26:31Z  WARNING  stats fetch failed: timed out
2026-09-10T21:26:33Z  WARNING  stats fetch failed: timed out
2026-09-10T21:26:35Z  WARNING  stats fetch failed: timed out
2026-09-10T21:26:37Z  WARNING  stats fetch failed: timed out
2026-09-10T21:26:39Z  WARNING  stats fetch failed: timed out
2026-09-10T21:26:41Z  WARNING  stats fetch failed: timed out
2026-09-10T21:26:43Z  WARNING  stats fetch failed: timed out
2026-09-10T21:26:45Z  WARNING  stats fetch failed: timed out
2026-09-10T21:26:47Z  WARNING  stats fetch failed: timed out
2026-09-10T21:26:49Z  WARNING  stats fetch failed: timed out
2026-09-10T21:26:51Z  WARNING  stats fetch failed: timed out
2026-09-10T21:26:53Z  WARNING  stats fetch failed: timed out
2026-09-10T21:26:55Z  WARNING  stats fetch failed: timed out
2026-09-10T21:26:57Z  WARNING  stats fetch failed: timed out
2026-09-10T21:26:59Z  WARNING  stats fetch failed: timed out
2026-09-10T21:27:01Z  WARNING  stats fetch failed: timed out
2026-09-10T21:27:03Z  WARNING  stats fetch failed: timed out
2026-09-10T21:27:05Z  WARNING  stats fetch failed: timed out
2026-09-10T21:27:07Z  WARNING  stats fetch failed: timed out
2026-09-10T21:27:09Z  WARNING  stats fetch failed: timed out
2026-09-10T21:27:11Z  WARNING  stats fetch failed: timed out
2026-09-10T21:27:13Z  WARNING  stats fetch failed: timed out
2026-09-10T21:27:15Z  WARNING  stats fetch failed: timed out
2026-09-10T21:27:17Z  WARNING  stats fetch failed: timed out
2026-09-10T21:27:19Z  WARNING  stats fetch failed: timed out
2026-09-10T21:27:21Z  WARNING  stats fetch failed: timed out
2026-09-10T21:27:23Z  WARNING  stats fetch failed: timed out
2026-09-10T21:27:25Z  WARNING  stats fetch failed: timed out
2026-09-10T21:27:27Z  WARNING  stats fetch failed: timed out
2026-09-10T21:27:29Z  WARNING  stats fetch failed: timed out
2026-09-10T21:27:31Z  WARNING  stats fetch failed: timed out
2026-09-10T21:27:33Z  WARNING  stats fetch failed: timed out
2026-09-10T21:27:35Z  WARNING  stats fetch failed: timed out
2026-09-10T21:27:37Z  WARNING  stats fetch failed: timed out
2026-09-10T21:27:39Z  WARNING  stats fetch failed: timed out
2026-09-10T21:27:41Z  WARNING  stats fetch failed: timed out
2026-09-10T21:27:43Z  WARNING  stats fetch failed: timed out
2026-09-10T21:27:45Z  WARNING  stats fetch failed: timed out
2026-09-10T21:27:47Z  WARNING  stats fetch failed: timed out
2026-09-10T21:27:49Z  WARNING  stats fetch failed: timed out
2026-09-10T21:27:51Z  WARNING  stats fetch failed: timed out
2026-09-10T21:27:53Z  WARNING  stats fetch failed: timed out
2026-09-10T21:27:55Z  WARNING  stats fetch failed: timed out
2026-09-10T21:27:57Z  WARNING  stats fetch failed: timed out
2026-09-10T21:27:59Z  WARNING  stats fetch failed: timed out
2026-09-10T21:28:01Z  WARNING  stats fetch failed: timed out
2026-09-10T21:28:03Z  WARNING  stats fetch failed: timed out
2026-09-10T21:28:05Z  WARNING  stats fetch failed: timed out
2026-09-10T21:28:07Z  WARNING  stats fetch failed: timed out
2026-09-10T21:28:09Z  WARNING  stats fetch failed: timed out
2026-09-10T21:28:11Z  WARNING  stats fetch failed: timed out
2026-09-10T21:28:13Z  WARNING  stats fetch failed: timed out
2026-09-10T21:28:15Z  WARNING  stats fetch failed: timed out
2026-09-10T21:28:17Z  WARNING  stats fetch failed: timed out
2026-09-10T21:28:19Z  WARNING  stats fetch failed: timed out
2026-09-10T21:28:21Z  WARNING  stats fetch failed: timed out
2026-09-10T21:28:23Z  WARNING  stats fetch failed: timed out
2026-09-10T21:28:25Z  WARNING  stats fetch failed: timed out
2026-09-10T21:28:27Z  WARNING  stats fetch failed: timed out
2026-09-10T21:28:29Z  WARNING  stats fetch failed: timed out
2026-09-10T21:28:31Z  WARNING  stats fetch failed: timed out
2026-09-10T21:28:33Z  WARNING  stats fetch failed: timed out
2026-09-10T21:28:35Z  WARNING  stats fetch failed: timed out
2026-09-10T21:28:37Z  WARNING  stats fetch failed: timed out
2026-09-10T21:28:39Z  WARNING  stats fetch failed: timed out
2026-09-10T21:28:41Z  WARNING  stats fetch failed: timed out
2026-09-10T21:28:43Z  WARNING  stats fetch failed: timed out
2026-09-10T21:28:45Z  WARNING  stats fetch failed: timed out
2026-09-10T21:28:47Z  WARNING  stats fetch failed: timed out
2026-09-10T21:28:49Z  WARNING  stats fetch failed: timed out
2026-09-10T21:28:51Z  WARNING  stats fetch failed: timed out
2026-09-10T21:28:53Z  WARNING  stats fetch failed: timed out
2026-09-10T21:28:55Z  WARNING  stats fetch failed: timed out
2026-09-10T21:28:57Z  WARNING  stats fetch failed: timed out
2026-09-10T21:28:59Z  WARNING  stats fetch failed: timed out
2026-09-10T21:29:01Z  WARNING  stats fetch failed: timed out
2026-09-10T21:29:03Z  WARNING  stats fetch failed: timed out
2026-09-10T21:29:05Z  WARNING  stats fetch failed: timed out
2026-09-10T21:29:07Z  WARNING  stats fetch failed: timed out
2026-09-10T21:29:09Z  WARNING  stats fetch failed: timed out
2026-09-10T21:29:11Z  WARNING  stats fetch failed: timed out
2026-09-10T21:29:13Z  WARNING  stats fetch failed: timed out
2026-09-10T21:29:15Z  WARNING  stats fetch failed: timed out
2026-09-10T21:29:17Z  WARNING  stats fetch failed: timed out
2026-09-10T21:29:19Z  WARNING  stats fetch failed: timed out
2026-09-10T21:29:21Z  WARNING  stats fetch failed: timed out
2026-09-10T21:29:23Z  WARNING  stats fetch failed: timed out
2026-09-10T21:29:25Z  WARNING  stats fetch failed: timed out
2026-09-10T21:29:27Z  WARNING  stats fetch failed: timed out
2026-09-10T21:29:29Z  WARNING  stats fetch failed: timed out
2026-09-10T21:29:31Z  WARNING  stats fetch failed: timed out
2026-09-10T21:29:33Z  WARNING  stats fetch failed: timed out
2026-09-10T21:29:35Z  WARNING  stats fetch failed: timed out
2026-09-10T21:29:37Z  WARNING  stats fetch failed: timed out
2026-09-10T21:29:39Z  WARNING  stats fetch failed: timed out
2026-09-10T21:29:41Z  WARNING  stats fetch failed: timed out
2026-09-10T21:29:43Z  WARNING  stats fetch failed: timed out
2026-09-10T21:29:45Z  WARNING  stats fetch failed: timed out
2026-09-10T21:29:47Z  WARNING  stats fetch failed: timed out
2026-09-10T21:29:49Z  WARNING  stats fetch failed: timed out
2026-09-10T21:29:51Z  WARNING  stats fetch failed: timed out
2026-09-10T21:29:53Z  WARNING  stats fetch failed: timed out
2026-09-10T21:29:55Z  WARNING  stats fetch failed: timed out
2026-09-10T21:29:57Z  WARNING  stats fetch failed: timed out
2026-09-10T21:29:59Z  WARNING  stats fetch failed: timed out
2026-09-10T21:30:01Z  WARNING  stats fetch failed: timed out
2026-09-10T21:30:03Z  WARNING  stats fetch failed: timed out
2026-09-10T21:30:05Z  WARNING  stats fetch failed: timed out
2026-09-10T21:30:07Z  WARNING  stats fetch failed: timed out
2026-09-10T21:30:09Z  WARNING  stats fetch failed: timed out
2026-09-10T21:30:11Z  WARNING  stats fetch failed: timed out
2026-09-10T21:30:13Z  WARNING  stats fetch failed: timed out
2026-09-10T21:30:15Z  WARNING  stats fetch failed: timed out
2026-09-10T21:30:17Z  WARNING  stats fetch failed: timed out
2026-09-10T21:30:19Z  WARNING  stats fetch failed: timed out
2026-09-10T21:30:21Z  WARNING  stats fetch failed: timed out
2026-09-10T21:30:23Z  WARNING  stats fetch failed: timed out
2026-09-10T21:30:25Z  WARNING  stats fetch failed: timed out
2026-09-10T21:30:27Z  WARNING  stats fetch failed: timed out
2026-09-10T21:30:29Z  WARNING  stats fetch failed: timed out
2026-09-10T21:30:31Z  WARNING  stats fetch failed: timed out
2026-09-10T21:30:33Z  WARNING  stats fetch failed: timed out
2026-09-10T21:30:35Z  WARNING  stats fetch failed: timed out
2026-09-10T21:30:37Z  WARNING  stats fetch failed: timed out
2026-09-10T21:30:39Z  WARNING  stats fetch failed: timed out
2026-09-10T21:30:41Z  WARNING  stats fetch failed: timed out
2026-09-10T21:30:43Z  WARNING  stats fetch failed: timed out
2026-09-10T21:30:45Z  WARNING  stats fetch failed: timed out
2026-09-10T21:30:47Z  WARNING  stats fetch failed: timed out
2026-09-10T21:30:49Z  WARNING  stats fetch failed: <urlopen error timed out>
2026-09-10T21:30:51Z  WARNING  stats fetch failed: timed out
2026-09-10T21:30:53Z  WARNING  stats fetch failed: timed out
2026-09-10T21:30:55Z  WARNING  stats fetch failed: timed out
2026-09-10T21:30:57Z  WARNING  stats fetch failed: timed out
2026-09-10T21:30:59Z  WARNING  stats fetch failed: timed out
2026-09-10T21:31:01Z  WARNING  stats fetch failed: timed out
2026-09-10T21:31:03Z  WARNING  stats fetch failed: timed out
2026-09-10T21:31:05Z  WARNING  stats fetch failed: timed out
2026-09-10T21:31:07Z  WARNING  stats fetch failed: timed out
2026-09-10T21:31:09Z  WARNING  stats fetch failed: timed out
2026-09-10T21:31:11Z  WARNING  stats fetch failed: timed out
2026-09-10T21:31:13Z  WARNING  stats fetch failed: timed out
2026-09-10T21:31:15Z  WARNING  stats fetch failed: timed out
2026-09-10T21:31:17Z  WARNING  stats fetch failed: timed out
2026-09-10T21:31:19Z  WARNING  stats fetch failed: timed out
2026-09-10T21:31:21Z  WARNING  stats fetch failed: timed out
2026-09-10T21:31:23Z  WARNING  stats fetch failed: timed out
2026-09-10T21:31:25Z  WARNING  stats fetch failed: timed out
2026-09-10T21:31:27Z  WARNING  stats fetch failed: timed out
2026-09-10T21:31:29Z  WARNING  stats fetch failed: timed out
2026-09-10T21:31:31Z  WARNING  stats fetch failed: timed out
2026-09-10T21:31:33Z  WARNING  stats fetch failed: timed out
2026-09-10T21:31:35Z  WARNING  stats fetch failed: timed out
2026-09-10T21:31:37Z  WARNING  stats fetch failed: timed out
2026-09-10T21:31:39Z  WARNING  stats fetch failed: timed out
2026-09-10T21:31:41Z  WARNING  stats fetch failed: timed out
2026-09-10T21:31:43Z  WARNING  stats fetch failed: timed out
2026-09-10T21:31:45Z  WARNING  stats fetch failed: timed out
2026-09-10T21:31:47Z  WARNING  stats fetch failed: timed out
2026-09-10T21:31:49Z  WARNING  stats fetch failed: timed out
2026-09-10T21:31:51Z  WARNING  stats fetch failed: timed out
2026-09-10T21:31:53Z  WARNING  stats fetch failed: timed out
2026-09-10T21:31:55Z  WARNING  stats fetch failed: timed out
2026-09-10T21:31:57Z  WARNING  stats fetch failed: timed out
2026-09-10T21:31:59Z  WARNING  stats fetch failed: timed out
2026-09-10T21:32:01Z  WARNING  stats fetch failed: timed out
2026-09-10T21:32:03Z  WARNING  stats fetch failed: timed out
2026-09-10T21:32:05Z  WARNING  stats fetch failed: timed out
2026-09-10T21:32:07Z  WARNING  stats fetch failed: timed out
2026-09-10T21:32:09Z  WARNING  stats fetch failed: timed out
2026-09-10T21:32:11Z  WARNING  stats fetch failed: timed out
2026-09-10T21:32:13Z  WARNING  stats fetch failed: timed out
2026-09-10T21:32:15Z  WARNING  stats fetch failed: timed out
2026-09-10T21:32:17Z  WARNING  stats fetch failed: timed out
2026-09-10T21:32:19Z  WARNING  stats fetch failed: timed out
2026-09-10T21:32:21Z  WARNING  stats fetch failed: timed out
2026-09-10T21:32:23Z  WARNING  stats fetch failed: timed out
2026-09-10T21:32:25Z  WARNING  stats fetch failed: timed out
2026-09-10T21:32:27Z  WARNING  stats fetch failed: timed out
2026-09-10T21:32:29Z  WARNING  stats fetch failed: timed out
2026-09-10T21:32:31Z  WARNING  stats fetch failed: timed out
2026-09-10T21:32:33Z  WARNING  stats fetch failed: timed out
2026-09-10T21:32:35Z  WARNING  stats fetch failed: timed out
2026-09-10T21:32:37Z  WARNING  stats fetch failed: timed out
2026-09-10T21:32:39Z  WARNING  stats fetch failed: timed out
2026-09-10T21:32:41Z  WARNING  stats fetch failed: timed out
2026-09-10T21:32:43Z  WARNING  stats fetch failed: timed out
2026-09-10T21:32:45Z  WARNING  stats fetch failed: timed out
2026-09-10T21:32:47Z  WARNING  stats fetch failed: timed out
2026-09-10T21:32:49Z  WARNING  stats fetch failed: timed out
2026-09-10T21:32:51Z  WARNING  stats fetch failed: timed out
2026-09-10T21:32:53Z  WARNING  stats fetch failed: timed out
2026-09-10T21:32:55Z  WARNING  stats fetch failed: timed out
2026-09-10T21:32:57Z  WARNING  stats fetch failed: timed out
2026-09-10T21:32:59Z  WARNING  stats fetch failed: timed out
2026-09-10T21:33:01Z  WARNING  stats fetch failed: timed out
2026-09-10T21:33:03Z  WARNING  stats fetch failed: timed out
2026-09-10T21:33:05Z  WARNING  stats fetch failed: timed out
2026-09-10T21:33:07Z  WARNING  stats fetch failed: timed out
2026-09-10T21:33:09Z  WARNING  stats fetch failed: timed out
2026-09-10T21:33:11Z  WARNING  stats fetch failed: timed out
2026-09-10T21:33:13Z  WARNING  stats fetch failed: timed out
2026-09-10T21:33:15Z  WARNING  stats fetch failed: timed out
2026-09-10T21:33:17Z  WARNING  stats fetch failed: timed out
2026-09-10T21:33:19Z  WARNING  stats fetch failed: timed out
2026-09-10T21:33:21Z  WARNING  stats fetch failed: timed out
2026-09-10T21:33:23Z  WARNING  stats fetch failed: timed out
2026-09-10T21:33:25Z  WARNING  stats fetch failed: timed out
2026-09-10T21:33:27Z  WARNING  stats fetch failed: timed out
2026-09-10T21:33:29Z  WARNING  stats fetch failed: timed out
2026-09-10T21:33:31Z  WARNING  stats fetch failed: timed out
2026-09-10T21:33:33Z  WARNING  stats fetch failed: timed out
2026-09-10T21:33:35Z  WARNING  stats fetch failed: timed out
2026-09-10T21:33:37Z  WARNING  stats fetch failed: timed out
2026-09-10T21:33:39Z  WARNING  stats fetch failed: timed out
2026-09-10T21:33:41Z  WARNING  stats fetch failed: timed out
2026-09-10T21:33:43Z  WARNING  stats fetch failed: timed out
2026-09-10T21:33:45Z  WARNING  stats fetch failed: timed out
2026-09-10T21:33:47Z  WARNING  stats fetch failed: timed out
2026-09-10T21:33:49Z  WARNING  stats fetch failed: timed out
2026-09-10T21:33:51Z  WARNING  stats fetch failed: timed out
2026-09-10T21:33:53Z  WARNING  stats fetch failed: timed out
2026-09-10T21:33:55Z  WARNING  stats fetch failed: timed out
2026-09-10T21:33:57Z  WARNING  stats fetch failed: timed out
2026-09-10T21:33:59Z  WARNING  stats fetch failed: timed out
2026-09-10T21:34:01Z  WARNING  stats fetch failed: timed out
2026-09-10T21:34:03Z  WARNING  stats fetch failed: timed out
2026-09-10T21:34:05Z  WARNING  stats fetch failed: timed out
2026-09-10T21:34:07Z  WARNING  stats fetch failed: HTTP Error 500: Internal Server Error
2026-09-10T21:34:09Z  WARNING  stats fetch failed: HTTP Error 500: Internal Server Error
2026-09-10T21:34:10Z  WARNING  stats fetch failed: HTTP Error 500: Internal Server Error
2026-09-10T21:34:10Z  SHUTDOWN  signal=15
2026-09-10T21:34:11Z  EXIT
