2026-10-03T19:30:19Z  START  poll_interval=1s layer_a_poll_interval=5s
2026-10-03T19:39:30Z  WARNING  thresholds fetch failed: timed out
2026-10-03T19:39:30Z  WARNING  stats fetch failed: timed out
2026-10-03T19:39:35Z  WARNING  thresholds fetch failed: timed out
2026-10-03T19:39:35Z  WARNING  stats fetch failed: timed out
2026-10-03T19:39:40Z  WARNING  thresholds fetch failed: timed out
2026-10-03T19:39:40Z  WARNING  stats fetch failed: timed out
2026-10-03T19:39:45Z  WARNING  thresholds fetch failed: timed out
2026-10-03T19:39:45Z  WARNING  stats fetch failed: timed out
2026-10-03T19:39:50Z  WARNING  thresholds fetch failed: timed out
2026-10-03T19:39:50Z  WARNING  stats fetch failed: timed out
2026-10-03T19:39:55Z  WARNING  thresholds fetch failed: timed out
2026-10-03T19:39:55Z  WARNING  stats fetch failed: timed out
2026-10-03T19:40:00Z  WARNING  thresholds fetch failed: timed out
2026-10-03T19:40:00Z  WARNING  stats fetch failed: timed out
2026-10-03T19:40:05Z  WARNING  thresholds fetch failed: timed out
2026-10-03T19:40:05Z  WARNING  stats fetch failed: timed out
2026-10-03T19:40:10Z  WARNING  thresholds fetch failed: timed out
2026-10-03T19:40:10Z  WARNING  stats fetch failed: timed out
2026-10-03T19:40:15Z  WARNING  thresholds fetch failed: timed out
2026-10-03T19:40:15Z  WARNING  stats fetch failed: timed out
2026-10-03T19:40:20Z  WARNING  thresholds fetch failed: timed out
2026-10-03T19:40:20Z  WARNING  stats fetch failed: timed out
2026-10-03T19:40:25Z  WARNING  thresholds fetch failed: timed out
2026-10-03T19:40:25Z  WARNING  stats fetch failed: timed out
2026-10-03T19:40:30Z  WARNING  thresholds fetch failed: timed out
2026-10-03T19:40:30Z  WARNING  stats fetch failed: timed out
2026-10-03T19:40:35Z  WARNING  thresholds fetch failed: timed out
2026-10-03T19:40:35Z  WARNING  stats fetch failed: timed out
2026-10-03T19:40:40Z  WARNING  thresholds fetch failed: timed out
2026-10-03T19:40:40Z  WARNING  stats fetch failed: timed out
2026-10-03T19:40:45Z  WARNING  thresholds fetch failed: timed out
2026-10-03T19:40:45Z  WARNING  stats fetch failed: timed out
2026-10-03T19:40:50Z  WARNING  thresholds fetch failed: timed out
2026-10-03T19:40:50Z  WARNING  stats fetch failed: timed out
2026-10-03T19:40:56Z  SHUTDOWN  signal=15
2026-10-03T19:40:57Z  EXIT
