2026-10-06T03:34:40Z  START  poll_interval=1s layer_a_poll_interval=5s
2026-10-06T03:35:50Z  WARNING  thresholds fetch failed: timed out
2026-10-06T03:35:50Z  WARNING  stats fetch failed: timed out
2026-10-06T03:35:55Z  WARNING  thresholds fetch failed: timed out
2026-10-06T03:35:55Z  WARNING  stats fetch failed: timed out
2026-10-06T03:36:00Z  WARNING  thresholds fetch failed: timed out
2026-10-06T03:36:00Z  WARNING  stats fetch failed: timed out
2026-10-06T03:36:05Z  WARNING  thresholds fetch failed: timed out
2026-10-06T03:36:05Z  WARNING  stats fetch failed: timed out
2026-10-06T03:36:10Z  WARNING  thresholds fetch failed: timed out
2026-10-06T03:36:10Z  WARNING  stats fetch failed: timed out
2026-10-06T03:36:15Z  WARNING  thresholds fetch failed: timed out
2026-10-06T03:36:15Z  WARNING  stats fetch failed: timed out
2026-10-06T03:36:20Z  WARNING  thresholds fetch failed: timed out
2026-10-06T03:36:20Z  WARNING  stats fetch failed: timed out
2026-10-06T03:36:25Z  WARNING  thresholds fetch failed: timed out
2026-10-06T03:36:25Z  WARNING  stats fetch failed: timed out
2026-10-06T03:36:30Z  WARNING  thresholds fetch failed: timed out
2026-10-06T03:36:30Z  WARNING  stats fetch failed: timed out
2026-10-06T03:36:35Z  WARNING  thresholds fetch failed: timed out
2026-10-06T03:36:35Z  WARNING  stats fetch failed: timed out
2026-10-06T03:36:40Z  WARNING  thresholds fetch failed: timed out
2026-10-06T03:36:40Z  WARNING  stats fetch failed: timed out
2026-10-06T03:36:45Z  WARNING  thresholds fetch failed: timed out
2026-10-06T03:36:45Z  WARNING  stats fetch failed: timed out
2026-10-06T03:36:50Z  WARNING  thresholds fetch failed: timed out
2026-10-06T03:36:50Z  WARNING  stats fetch failed: timed out
2026-10-06T03:36:55Z  WARNING  thresholds fetch failed: timed out
2026-10-06T03:36:55Z  WARNING  stats fetch failed: timed out
2026-10-06T03:37:00Z  WARNING  thresholds fetch failed: timed out
2026-10-06T03:37:00Z  WARNING  stats fetch failed: timed out
2026-10-06T03:37:05Z  WARNING  thresholds fetch failed: timed out
2026-10-06T03:37:05Z  WARNING  stats fetch failed: timed out
2026-10-06T03:37:10Z  WARNING  thresholds fetch failed: timed out
2026-10-06T03:37:10Z  WARNING  stats fetch failed: timed out
2026-10-06T03:37:15Z  WARNING  thresholds fetch failed: timed out
2026-10-06T03:37:15Z  WARNING  stats fetch failed: timed out
2026-10-06T03:37:20Z  WARNING  thresholds fetch failed: timed out
2026-10-06T03:37:20Z  WARNING  stats fetch failed: timed out
2026-10-06T03:37:25Z  WARNING  thresholds fetch failed: timed out
2026-10-06T03:37:25Z  WARNING  stats fetch failed: timed out
2026-10-06T03:37:30Z  WARNING  thresholds fetch failed: timed out
2026-10-06T03:37:30Z  WARNING  stats fetch failed: timed out
2026-10-06T03:37:35Z  WARNING  thresholds fetch failed: timed out
2026-10-06T03:37:35Z  WARNING  stats fetch failed: timed out
2026-10-06T03:37:40Z  WARNING  thresholds fetch failed: timed out
2026-10-06T03:37:40Z  WARNING  stats fetch failed: timed out
2026-10-06T03:37:45Z  WARNING  thresholds fetch failed: timed out
2026-10-06T03:37:45Z  WARNING  stats fetch failed: timed out
2026-10-06T03:37:50Z  WARNING  thresholds fetch failed: timed out
2026-10-06T03:37:50Z  WARNING  stats fetch failed: timed out
2026-10-06T03:37:55Z  WARNING  thresholds fetch failed: timed out
2026-10-06T03:37:55Z  WARNING  stats fetch failed: timed out
2026-10-06T03:38:00Z  WARNING  thresholds fetch failed: timed out
2026-10-06T03:38:00Z  WARNING  stats fetch failed: timed out
2026-10-06T03:38:05Z  WARNING  thresholds fetch failed: timed out
2026-10-06T03:38:05Z  WARNING  stats fetch failed: timed out
2026-10-06T03:38:10Z  WARNING  thresholds fetch failed: timed out
2026-10-06T03:38:10Z  WARNING  stats fetch failed: timed out
2026-10-06T03:38:15Z  WARNING  thresholds fetch failed: timed out
2026-10-06T03:38:15Z  WARNING  stats fetch failed: timed out
2026-10-06T03:38:20Z  WARNING  thresholds fetch failed: timed out
2026-10-06T03:38:20Z  WARNING  stats fetch failed: timed out
2026-10-06T03:38:25Z  WARNING  thresholds fetch failed: timed out
2026-10-06T03:38:25Z  WARNING  stats fetch failed: timed out
2026-10-06T03:38:30Z  WARNING  thresholds fetch failed: timed out
2026-10-06T03:38:30Z  WARNING  stats fetch failed: timed out
2026-10-06T03:38:35Z  WARNING  thresholds fetch failed: timed out
2026-10-06T03:38:35Z  WARNING  stats fetch failed: timed out
2026-10-06T03:38:40Z  WARNING  thresholds fetch failed: timed out
2026-10-06T03:38:40Z  WARNING  stats fetch failed: timed out
2026-10-06T03:38:45Z  WARNING  thresholds fetch failed: timed out
2026-10-06T03:38:45Z  WARNING  stats fetch failed: timed out
2026-10-06T03:38:50Z  WARNING  thresholds fetch failed: timed out
2026-10-06T03:38:50Z  WARNING  stats fetch failed: timed out
2026-10-06T03:38:55Z  WARNING  thresholds fetch failed: timed out
2026-10-06T03:38:55Z  WARNING  stats fetch failed: timed out
2026-10-06T03:39:00Z  WARNING  thresholds fetch failed: timed out
2026-10-06T03:39:00Z  WARNING  stats fetch failed: timed out
2026-10-06T03:39:05Z  WARNING  thresholds fetch failed: timed out
2026-10-06T03:39:05Z  WARNING  stats fetch failed: timed out
2026-10-06T03:39:10Z  WARNING  thresholds fetch failed: timed out
2026-10-06T03:39:10Z  WARNING  stats fetch failed: timed out
2026-10-06T03:39:15Z  WARNING  thresholds fetch failed: timed out
2026-10-06T03:39:15Z  WARNING  stats fetch failed: timed out
2026-10-06T03:39:20Z  WARNING  thresholds fetch failed: timed out
2026-10-06T03:39:20Z  WARNING  stats fetch failed: timed out
2026-10-06T03:39:25Z  WARNING  thresholds fetch failed: timed out
2026-10-06T03:39:25Z  WARNING  stats fetch failed: timed out
2026-10-06T03:39:30Z  WARNING  thresholds fetch failed: timed out
2026-10-06T03:39:30Z  WARNING  stats fetch failed: timed out
2026-10-06T03:39:35Z  WARNING  thresholds fetch failed: timed out
2026-10-06T03:39:35Z  WARNING  stats fetch failed: timed out
2026-10-06T03:39:40Z  WARNING  thresholds fetch failed: timed out
2026-10-06T03:39:40Z  WARNING  stats fetch failed: timed out
2026-10-06T03:39:45Z  WARNING  thresholds fetch failed: timed out
2026-10-06T03:39:45Z  WARNING  stats fetch failed: timed out
2026-10-06T03:39:50Z  WARNING  thresholds fetch failed: timed out
2026-10-06T03:39:50Z  WARNING  stats fetch failed: timed out
2026-10-06T03:39:55Z  WARNING  thresholds fetch failed: timed out
2026-10-06T03:39:55Z  WARNING  stats fetch failed: timed out
2026-10-06T03:40:00Z  WARNING  thresholds fetch failed: timed out
2026-10-06T03:40:00Z  WARNING  stats fetch failed: timed out
2026-10-06T03:40:05Z  WARNING  thresholds fetch failed: timed out
2026-10-06T03:40:05Z  WARNING  stats fetch failed: timed out
2026-10-06T03:40:10Z  WARNING  thresholds fetch failed: timed out
2026-10-06T03:40:10Z  WARNING  stats fetch failed: timed out
2026-10-06T03:40:15Z  WARNING  thresholds fetch failed: timed out
2026-10-06T03:40:15Z  WARNING  stats fetch failed: timed out
2026-10-06T03:40:20Z  WARNING  thresholds fetch failed: timed out
2026-10-06T03:40:20Z  WARNING  stats fetch failed: timed out
2026-10-06T03:40:25Z  WARNING  thresholds fetch failed: timed out
2026-10-06T03:40:25Z  WARNING  stats fetch failed: timed out
2026-10-06T03:40:30Z  WARNING  thresholds fetch failed: timed out
2026-10-06T03:40:30Z  WARNING  stats fetch failed: timed out
2026-10-06T03:40:35Z  WARNING  thresholds fetch failed: timed out
2026-10-06T03:40:35Z  WARNING  stats fetch failed: timed out
2026-10-06T03:40:40Z  WARNING  thresholds fetch failed: timed out
2026-10-06T03:40:40Z  WARNING  stats fetch failed: timed out
2026-10-06T03:40:45Z  WARNING  thresholds fetch failed: timed out
2026-10-06T03:40:45Z  WARNING  stats fetch failed: timed out
2026-10-06T03:40:50Z  WARNING  thresholds fetch failed: timed out
2026-10-06T03:40:50Z  WARNING  stats fetch failed: timed out
2026-10-06T03:40:55Z  WARNING  thresholds fetch failed: timed out
2026-10-06T03:40:55Z  WARNING  stats fetch failed: timed out
2026-10-06T03:41:00Z  WARNING  thresholds fetch failed: timed out
2026-10-06T03:41:00Z  WARNING  stats fetch failed: timed out
2026-10-06T03:41:05Z  WARNING  thresholds fetch failed: timed out
2026-10-06T03:41:05Z  WARNING  stats fetch failed: timed out
2026-10-06T03:41:10Z  WARNING  thresholds fetch failed: timed out
2026-10-06T03:41:10Z  WARNING  stats fetch failed: timed out
2026-10-06T03:41:15Z  WARNING  thresholds fetch failed: timed out
2026-10-06T03:41:15Z  WARNING  stats fetch failed: timed out
2026-10-06T03:41:20Z  WARNING  thresholds fetch failed: timed out
2026-10-06T03:41:20Z  WARNING  stats fetch failed: timed out
2026-10-06T03:41:25Z  WARNING  thresholds fetch failed: timed out
2026-10-06T03:41:25Z  WARNING  stats fetch failed: timed out
2026-10-06T03:41:30Z  WARNING  thresholds fetch failed: timed out
2026-10-06T03:41:30Z  WARNING  stats fetch failed: timed out
2026-10-06T03:41:35Z  WARNING  thresholds fetch failed: timed out
2026-10-06T03:41:35Z  WARNING  stats fetch failed: timed out
2026-10-06T03:41:40Z  WARNING  thresholds fetch failed: timed out
2026-10-06T03:41:40Z  WARNING  stats fetch failed: timed out
2026-10-06T03:41:45Z  WARNING  thresholds fetch failed: timed out
2026-10-06T03:41:45Z  WARNING  stats fetch failed: timed out
2026-10-06T03:41:50Z  WARNING  thresholds fetch failed: timed out
2026-10-06T03:41:50Z  WARNING  stats fetch failed: timed out
2026-10-06T03:41:55Z  WARNING  thresholds fetch failed: timed out
2026-10-06T03:41:55Z  WARNING  stats fetch failed: timed out
2026-10-06T03:42:00Z  WARNING  thresholds fetch failed: timed out
2026-10-06T03:42:00Z  WARNING  stats fetch failed: timed out
2026-10-06T03:42:05Z  WARNING  thresholds fetch failed: timed out
2026-10-06T03:42:05Z  WARNING  stats fetch failed: timed out
2026-10-06T03:42:10Z  WARNING  thresholds fetch failed: timed out
2026-10-06T03:42:10Z  WARNING  stats fetch failed: timed out
2026-10-06T03:42:15Z  WARNING  thresholds fetch failed: timed out
2026-10-06T03:42:15Z  WARNING  stats fetch failed: timed out
2026-10-06T03:42:20Z  WARNING  thresholds fetch failed: timed out
2026-10-06T03:42:20Z  WARNING  stats fetch failed: timed out
2026-10-06T03:42:25Z  WARNING  thresholds fetch failed: timed out
2026-10-06T03:42:25Z  WARNING  stats fetch failed: timed out
2026-10-06T03:42:30Z  WARNING  thresholds fetch failed: timed out
2026-10-06T03:42:30Z  WARNING  stats fetch failed: timed out
2026-10-06T03:42:35Z  WARNING  thresholds fetch failed: timed out
2026-10-06T03:42:35Z  WARNING  stats fetch failed: timed out
2026-10-06T03:42:40Z  WARNING  thresholds fetch failed: timed out
2026-10-06T03:42:40Z  WARNING  stats fetch failed: timed out
2026-10-06T03:42:45Z  WARNING  thresholds fetch failed: timed out
2026-10-06T03:42:45Z  WARNING  stats fetch failed: timed out
2026-10-06T03:42:50Z  WARNING  thresholds fetch failed: timed out
2026-10-06T03:42:50Z  WARNING  stats fetch failed: timed out
2026-10-06T03:42:55Z  WARNING  thresholds fetch failed: timed out
2026-10-06T03:42:55Z  WARNING  stats fetch failed: timed out
2026-10-06T03:43:00Z  WARNING  thresholds fetch failed: timed out
2026-10-06T03:43:00Z  WARNING  stats fetch failed: timed out
2026-10-06T03:43:05Z  WARNING  thresholds fetch failed: timed out
2026-10-06T03:43:05Z  WARNING  stats fetch failed: timed out
2026-10-06T03:43:10Z  WARNING  thresholds fetch failed: timed out
2026-10-06T03:43:10Z  WARNING  stats fetch failed: timed out
2026-10-06T03:43:15Z  WARNING  thresholds fetch failed: timed out
2026-10-06T03:43:15Z  WARNING  stats fetch failed: timed out
2026-10-06T03:43:20Z  WARNING  thresholds fetch failed: timed out
2026-10-06T03:43:20Z  WARNING  stats fetch failed: timed out
2026-10-06T03:43:25Z  WARNING  thresholds fetch failed: timed out
2026-10-06T03:43:25Z  WARNING  stats fetch failed: timed out
2026-10-06T03:43:30Z  WARNING  thresholds fetch failed: timed out
2026-10-06T03:43:30Z  WARNING  stats fetch failed: timed out
2026-10-06T03:43:35Z  WARNING  thresholds fetch failed: timed out
2026-10-06T03:43:35Z  WARNING  stats fetch failed: timed out
2026-10-06T03:43:40Z  WARNING  thresholds fetch failed: timed out
2026-10-06T03:43:40Z  WARNING  stats fetch failed: timed out
2026-10-06T03:43:45Z  WARNING  thresholds fetch failed: timed out
2026-10-06T03:43:45Z  WARNING  stats fetch failed: timed out
2026-10-06T03:43:50Z  WARNING  thresholds fetch failed: timed out
2026-10-06T03:43:50Z  WARNING  stats fetch failed: timed out
2026-10-06T03:43:55Z  WARNING  thresholds fetch failed: timed out
2026-10-06T03:43:55Z  WARNING  stats fetch failed: timed out
2026-10-06T03:44:00Z  WARNING  thresholds fetch failed: timed out
2026-10-06T03:44:00Z  WARNING  stats fetch failed: timed out
2026-10-06T03:44:05Z  WARNING  thresholds fetch failed: timed out
2026-10-06T03:44:05Z  WARNING  stats fetch failed: timed out
2026-10-06T03:44:10Z  WARNING  thresholds fetch failed: timed out
2026-10-06T03:44:10Z  WARNING  stats fetch failed: timed out
2026-10-06T03:44:15Z  WARNING  thresholds fetch failed: timed out
2026-10-06T03:44:15Z  WARNING  stats fetch failed: timed out
2026-10-06T03:44:20Z  WARNING  thresholds fetch failed: timed out
2026-10-06T03:44:20Z  WARNING  stats fetch failed: timed out
2026-10-06T03:44:25Z  WARNING  thresholds fetch failed: timed out
2026-10-06T03:44:25Z  WARNING  stats fetch failed: timed out
2026-10-06T03:44:30Z  WARNING  thresholds fetch failed: timed out
2026-10-06T03:44:30Z  WARNING  stats fetch failed: timed out
2026-10-06T03:44:35Z  WARNING  thresholds fetch failed: timed out
2026-10-06T03:44:35Z  WARNING  stats fetch failed: timed out
2026-10-06T03:44:40Z  WARNING  thresholds fetch failed: timed out
2026-10-06T03:44:40Z  WARNING  stats fetch failed: timed out
2026-10-06T03:44:45Z  WARNING  thresholds fetch failed: timed out
2026-10-06T03:44:45Z  WARNING  stats fetch failed: timed out
2026-10-06T03:44:50Z  WARNING  thresholds fetch failed: timed out
2026-10-06T03:44:50Z  WARNING  stats fetch failed: timed out
2026-10-06T03:44:55Z  WARNING  thresholds fetch failed: timed out
2026-10-06T03:44:55Z  WARNING  stats fetch failed: timed out
2026-10-06T03:45:00Z  WARNING  thresholds fetch failed: timed out
2026-10-06T03:45:00Z  WARNING  stats fetch failed: timed out
2026-10-06T03:45:05Z  WARNING  thresholds fetch failed: timed out
2026-10-06T03:45:05Z  WARNING  stats fetch failed: timed out
2026-10-06T03:45:10Z  WARNING  thresholds fetch failed: timed out
2026-10-06T03:45:10Z  WARNING  stats fetch failed: timed out
2026-10-06T03:45:15Z  WARNING  thresholds fetch failed: timed out
2026-10-06T03:45:15Z  WARNING  stats fetch failed: timed out
2026-10-06T03:45:18Z  SHUTDOWN  signal=15
2026-10-06T03:45:19Z  EXIT
