2026-09-15T19:52:48Z  START  poll_interval=1s layer_a_poll_interval=5s
2026-09-15T19:54:15Z  WARNING  thresholds fetch failed: timed out
2026-09-15T19:54:15Z  WARNING  stats fetch failed: timed out
2026-09-15T19:54:20Z  WARNING  thresholds fetch failed: timed out
2026-09-15T19:54:20Z  WARNING  stats fetch failed: timed out
2026-09-15T19:54:25Z  WARNING  thresholds fetch failed: timed out
2026-09-15T19:54:25Z  WARNING  stats fetch failed: timed out
2026-09-15T19:54:30Z  WARNING  thresholds fetch failed: timed out
2026-09-15T19:54:30Z  WARNING  stats fetch failed: timed out
2026-09-15T19:54:35Z  WARNING  thresholds fetch failed: timed out
2026-09-15T19:54:35Z  WARNING  stats fetch failed: timed out
2026-09-15T19:54:40Z  WARNING  thresholds fetch failed: timed out
2026-09-15T19:54:40Z  WARNING  stats fetch failed: timed out
2026-09-15T19:54:45Z  WARNING  thresholds fetch failed: timed out
2026-09-15T19:54:45Z  WARNING  stats fetch failed: timed out
2026-09-15T19:54:50Z  WARNING  thresholds fetch failed: timed out
2026-09-15T19:54:50Z  WARNING  stats fetch failed: timed out
2026-09-15T19:54:55Z  WARNING  thresholds fetch failed: timed out
2026-09-15T19:54:55Z  WARNING  stats fetch failed: timed out
2026-09-15T19:55:00Z  WARNING  thresholds fetch failed: timed out
2026-09-15T19:55:00Z  WARNING  stats fetch failed: timed out
2026-09-15T19:55:05Z  WARNING  thresholds fetch failed: timed out
2026-09-15T19:55:05Z  WARNING  stats fetch failed: timed out
2026-09-15T19:55:10Z  WARNING  thresholds fetch failed: timed out
2026-09-15T19:55:10Z  WARNING  stats fetch failed: timed out
2026-09-15T19:55:15Z  WARNING  thresholds fetch failed: timed out
2026-09-15T19:55:15Z  WARNING  stats fetch failed: timed out
2026-09-15T19:55:20Z  WARNING  thresholds fetch failed: timed out
2026-09-15T19:55:20Z  WARNING  stats fetch failed: timed out
2026-09-15T19:55:25Z  WARNING  thresholds fetch failed: timed out
2026-09-15T19:55:25Z  WARNING  stats fetch failed: timed out
2026-09-15T19:55:30Z  WARNING  thresholds fetch failed: timed out
2026-09-15T19:55:30Z  WARNING  stats fetch failed: timed out
2026-09-15T19:55:35Z  WARNING  thresholds fetch failed: timed out
2026-09-15T19:55:35Z  WARNING  stats fetch failed: timed out
2026-09-15T19:55:40Z  WARNING  thresholds fetch failed: timed out
2026-09-15T19:55:40Z  WARNING  stats fetch failed: timed out
2026-09-15T19:55:45Z  WARNING  thresholds fetch failed: timed out
2026-09-15T19:55:45Z  WARNING  stats fetch failed: timed out
2026-09-15T19:55:50Z  WARNING  thresholds fetch failed: timed out
2026-09-15T19:55:50Z  WARNING  stats fetch failed: timed out
2026-09-15T19:55:55Z  WARNING  thresholds fetch failed: timed out
2026-09-15T19:55:55Z  WARNING  stats fetch failed: timed out
2026-09-15T19:56:00Z  WARNING  thresholds fetch failed: timed out
2026-09-15T19:56:00Z  WARNING  stats fetch failed: timed out
2026-09-15T19:56:05Z  WARNING  thresholds fetch failed: timed out
2026-09-15T19:56:05Z  WARNING  stats fetch failed: timed out
2026-09-15T19:56:10Z  WARNING  thresholds fetch failed: timed out
2026-09-15T19:56:10Z  WARNING  stats fetch failed: timed out
2026-09-15T19:56:15Z  WARNING  thresholds fetch failed: timed out
2026-09-15T19:56:15Z  WARNING  stats fetch failed: timed out
2026-09-15T19:56:20Z  WARNING  thresholds fetch failed: timed out
2026-09-15T19:56:20Z  WARNING  stats fetch failed: timed out
2026-09-15T19:56:25Z  WARNING  thresholds fetch failed: timed out
2026-09-15T19:56:25Z  WARNING  stats fetch failed: timed out
2026-09-15T19:56:30Z  WARNING  thresholds fetch failed: timed out
2026-09-15T19:56:30Z  WARNING  stats fetch failed: timed out
2026-09-15T19:56:35Z  WARNING  thresholds fetch failed: timed out
2026-09-15T19:56:35Z  WARNING  stats fetch failed: timed out
2026-09-15T19:56:40Z  WARNING  thresholds fetch failed: timed out
2026-09-15T19:56:40Z  WARNING  stats fetch failed: timed out
2026-09-15T19:56:45Z  WARNING  thresholds fetch failed: timed out
2026-09-15T19:56:45Z  WARNING  stats fetch failed: timed out
2026-09-15T19:56:50Z  WARNING  thresholds fetch failed: timed out
2026-09-15T19:56:50Z  WARNING  stats fetch failed: timed out
2026-09-15T19:56:55Z  WARNING  thresholds fetch failed: timed out
2026-09-15T19:56:55Z  WARNING  stats fetch failed: timed out
2026-09-15T19:57:00Z  WARNING  thresholds fetch failed: timed out
2026-09-15T19:57:00Z  WARNING  stats fetch failed: timed out
2026-09-15T19:57:05Z  WARNING  thresholds fetch failed: timed out
2026-09-15T19:57:05Z  WARNING  stats fetch failed: timed out
2026-09-15T19:57:10Z  WARNING  thresholds fetch failed: timed out
2026-09-15T19:57:10Z  WARNING  stats fetch failed: timed out
2026-09-15T19:57:15Z  WARNING  thresholds fetch failed: timed out
2026-09-15T19:57:15Z  WARNING  stats fetch failed: timed out
2026-09-15T19:57:20Z  WARNING  thresholds fetch failed: timed out
2026-09-15T19:57:20Z  WARNING  stats fetch failed: timed out
2026-09-15T19:57:25Z  WARNING  thresholds fetch failed: timed out
2026-09-15T19:57:25Z  WARNING  stats fetch failed: timed out
2026-09-15T19:57:30Z  WARNING  thresholds fetch failed: timed out
2026-09-15T19:57:30Z  WARNING  stats fetch failed: timed out
2026-09-15T19:57:35Z  WARNING  thresholds fetch failed: timed out
2026-09-15T19:57:35Z  WARNING  stats fetch failed: timed out
2026-09-15T19:57:40Z  WARNING  thresholds fetch failed: timed out
2026-09-15T19:57:40Z  WARNING  stats fetch failed: timed out
2026-09-15T19:57:45Z  WARNING  thresholds fetch failed: timed out
2026-09-15T19:57:45Z  WARNING  stats fetch failed: timed out
2026-09-15T19:57:50Z  WARNING  thresholds fetch failed: timed out
2026-09-15T19:57:50Z  WARNING  stats fetch failed: timed out
2026-09-15T19:57:55Z  WARNING  thresholds fetch failed: timed out
2026-09-15T19:57:55Z  WARNING  stats fetch failed: timed out
2026-09-15T19:58:00Z  WARNING  thresholds fetch failed: timed out
2026-09-15T19:58:00Z  WARNING  stats fetch failed: timed out
2026-09-15T19:58:05Z  WARNING  thresholds fetch failed: timed out
2026-09-15T19:58:05Z  WARNING  stats fetch failed: timed out
2026-09-15T19:58:10Z  WARNING  thresholds fetch failed: timed out
2026-09-15T19:58:10Z  WARNING  stats fetch failed: timed out
2026-09-15T19:58:15Z  WARNING  thresholds fetch failed: timed out
2026-09-15T19:58:15Z  WARNING  stats fetch failed: timed out
2026-09-15T19:58:20Z  WARNING  thresholds fetch failed: timed out
2026-09-15T19:58:20Z  WARNING  stats fetch failed: timed out
2026-09-15T19:58:25Z  WARNING  thresholds fetch failed: timed out
2026-09-15T19:58:25Z  WARNING  stats fetch failed: timed out
2026-09-15T19:58:30Z  WARNING  thresholds fetch failed: timed out
2026-09-15T19:58:30Z  WARNING  stats fetch failed: timed out
2026-09-15T19:58:35Z  WARNING  thresholds fetch failed: timed out
2026-09-15T19:58:35Z  WARNING  stats fetch failed: timed out
2026-09-15T19:58:40Z  WARNING  thresholds fetch failed: timed out
2026-09-15T19:58:40Z  WARNING  stats fetch failed: timed out
2026-09-15T19:58:45Z  WARNING  thresholds fetch failed: timed out
2026-09-15T19:58:45Z  WARNING  stats fetch failed: timed out
2026-09-15T19:58:50Z  WARNING  thresholds fetch failed: timed out
2026-09-15T19:58:50Z  WARNING  stats fetch failed: timed out
2026-09-15T19:58:55Z  WARNING  thresholds fetch failed: timed out
2026-09-15T19:58:55Z  WARNING  stats fetch failed: timed out
2026-09-15T19:59:00Z  WARNING  thresholds fetch failed: timed out
2026-09-15T19:59:00Z  WARNING  stats fetch failed: timed out
2026-09-15T19:59:05Z  WARNING  thresholds fetch failed: timed out
2026-09-15T19:59:05Z  WARNING  stats fetch failed: timed out
2026-09-15T19:59:10Z  WARNING  thresholds fetch failed: timed out
2026-09-15T19:59:10Z  WARNING  stats fetch failed: timed out
2026-09-15T19:59:15Z  WARNING  thresholds fetch failed: timed out
2026-09-15T19:59:15Z  WARNING  stats fetch failed: timed out
2026-09-15T19:59:20Z  WARNING  thresholds fetch failed: timed out
2026-09-15T19:59:20Z  WARNING  stats fetch failed: timed out
2026-09-15T19:59:25Z  WARNING  thresholds fetch failed: timed out
2026-09-15T19:59:25Z  WARNING  stats fetch failed: timed out
2026-09-15T19:59:30Z  WARNING  thresholds fetch failed: timed out
2026-09-15T19:59:30Z  WARNING  stats fetch failed: timed out
2026-09-15T19:59:35Z  WARNING  thresholds fetch failed: timed out
2026-09-15T19:59:35Z  WARNING  stats fetch failed: timed out
2026-09-15T19:59:40Z  WARNING  thresholds fetch failed: timed out
2026-09-15T19:59:40Z  WARNING  stats fetch failed: timed out
2026-09-15T19:59:45Z  WARNING  thresholds fetch failed: timed out
2026-09-15T19:59:45Z  WARNING  stats fetch failed: timed out
2026-09-15T19:59:50Z  WARNING  thresholds fetch failed: timed out
2026-09-15T19:59:50Z  WARNING  stats fetch failed: timed out
2026-09-15T19:59:55Z  WARNING  thresholds fetch failed: timed out
2026-09-15T19:59:55Z  WARNING  stats fetch failed: timed out
2026-09-15T20:00:00Z  WARNING  thresholds fetch failed: timed out
2026-09-15T20:00:00Z  WARNING  stats fetch failed: timed out
2026-09-15T20:00:05Z  WARNING  thresholds fetch failed: timed out
2026-09-15T20:00:05Z  WARNING  stats fetch failed: timed out
2026-09-15T20:00:10Z  WARNING  thresholds fetch failed: timed out
2026-09-15T20:00:10Z  WARNING  stats fetch failed: timed out
2026-09-15T20:00:15Z  WARNING  thresholds fetch failed: timed out
2026-09-15T20:00:15Z  WARNING  stats fetch failed: timed out
2026-09-15T20:00:20Z  WARNING  thresholds fetch failed: timed out
2026-09-15T20:00:20Z  WARNING  stats fetch failed: timed out
2026-09-15T20:00:25Z  WARNING  thresholds fetch failed: timed out
2026-09-15T20:00:25Z  WARNING  stats fetch failed: timed out
2026-09-15T20:00:30Z  WARNING  thresholds fetch failed: timed out
2026-09-15T20:00:30Z  WARNING  stats fetch failed: timed out
2026-09-15T20:00:35Z  WARNING  thresholds fetch failed: timed out
2026-09-15T20:00:35Z  WARNING  stats fetch failed: timed out
2026-09-15T20:00:40Z  WARNING  thresholds fetch failed: timed out
2026-09-15T20:00:40Z  WARNING  stats fetch failed: timed out
2026-09-15T20:00:45Z  WARNING  thresholds fetch failed: timed out
2026-09-15T20:00:45Z  WARNING  stats fetch failed: timed out
2026-09-15T20:00:50Z  WARNING  thresholds fetch failed: timed out
2026-09-15T20:00:50Z  WARNING  stats fetch failed: timed out
2026-09-15T20:00:55Z  WARNING  thresholds fetch failed: timed out
2026-09-15T20:00:55Z  WARNING  stats fetch failed: timed out
2026-09-15T20:01:00Z  WARNING  thresholds fetch failed: timed out
2026-09-15T20:01:00Z  WARNING  stats fetch failed: <urlopen error timed out>
2026-09-15T20:01:05Z  WARNING  thresholds fetch failed: timed out
2026-09-15T20:01:05Z  WARNING  stats fetch failed: timed out
2026-09-15T20:01:10Z  WARNING  thresholds fetch failed: timed out
2026-09-15T20:01:10Z  WARNING  stats fetch failed: timed out
2026-09-15T20:01:15Z  WARNING  thresholds fetch failed: timed out
2026-09-15T20:01:15Z  WARNING  stats fetch failed: timed out
2026-09-15T20:01:20Z  WARNING  thresholds fetch failed: timed out
2026-09-15T20:01:20Z  WARNING  stats fetch failed: timed out
2026-09-15T20:01:25Z  WARNING  thresholds fetch failed: timed out
2026-09-15T20:01:25Z  WARNING  stats fetch failed: timed out
2026-09-15T20:01:30Z  WARNING  thresholds fetch failed: timed out
2026-09-15T20:01:30Z  WARNING  stats fetch failed: timed out
2026-09-15T20:01:35Z  WARNING  thresholds fetch failed: timed out
2026-09-15T20:01:35Z  WARNING  stats fetch failed: timed out
2026-09-15T20:01:40Z  WARNING  thresholds fetch failed: timed out
2026-09-15T20:01:40Z  WARNING  stats fetch failed: timed out
2026-09-15T20:01:45Z  WARNING  thresholds fetch failed: timed out
2026-09-15T20:01:45Z  WARNING  stats fetch failed: timed out
2026-09-15T20:01:50Z  WARNING  thresholds fetch failed: timed out
2026-09-15T20:01:50Z  WARNING  stats fetch failed: timed out
2026-09-15T20:01:55Z  WARNING  thresholds fetch failed: timed out
2026-09-15T20:01:55Z  WARNING  stats fetch failed: timed out
2026-09-15T20:02:00Z  WARNING  thresholds fetch failed: timed out
2026-09-15T20:02:00Z  WARNING  stats fetch failed: timed out
2026-09-15T20:02:05Z  WARNING  thresholds fetch failed: timed out
2026-09-15T20:02:05Z  WARNING  stats fetch failed: timed out
2026-09-15T20:02:10Z  WARNING  thresholds fetch failed: timed out
2026-09-15T20:02:10Z  WARNING  stats fetch failed: timed out
2026-09-15T20:02:15Z  WARNING  thresholds fetch failed: timed out
2026-09-15T20:02:15Z  WARNING  stats fetch failed: timed out
2026-09-15T20:02:20Z  WARNING  thresholds fetch failed: timed out
2026-09-15T20:02:20Z  WARNING  stats fetch failed: timed out
2026-09-15T20:02:25Z  WARNING  thresholds fetch failed: timed out
2026-09-15T20:02:25Z  WARNING  stats fetch failed: timed out
2026-09-15T20:02:30Z  WARNING  thresholds fetch failed: timed out
2026-09-15T20:02:30Z  WARNING  stats fetch failed: timed out
2026-09-15T20:02:35Z  WARNING  thresholds fetch failed: timed out
2026-09-15T20:02:35Z  WARNING  stats fetch failed: timed out
2026-09-15T20:02:40Z  WARNING  thresholds fetch failed: timed out
2026-09-15T20:02:40Z  WARNING  stats fetch failed: timed out
2026-09-15T20:02:45Z  WARNING  thresholds fetch failed: timed out
2026-09-15T20:02:45Z  WARNING  stats fetch failed: timed out
2026-09-15T20:02:50Z  WARNING  thresholds fetch failed: timed out
2026-09-15T20:02:50Z  WARNING  stats fetch failed: timed out
2026-09-15T20:02:55Z  WARNING  thresholds fetch failed: timed out
2026-09-15T20:02:55Z  WARNING  stats fetch failed: timed out
2026-09-15T20:03:00Z  WARNING  thresholds fetch failed: timed out
2026-09-15T20:03:00Z  WARNING  stats fetch failed: timed out
2026-09-15T20:03:05Z  WARNING  thresholds fetch failed: timed out
2026-09-15T20:03:05Z  WARNING  stats fetch failed: timed out
2026-09-15T20:03:10Z  WARNING  thresholds fetch failed: timed out
2026-09-15T20:03:10Z  WARNING  stats fetch failed: timed out
2026-09-15T20:03:15Z  WARNING  thresholds fetch failed: timed out
2026-09-15T20:03:15Z  WARNING  stats fetch failed: timed out
2026-09-15T20:03:19Z  SHUTDOWN  signal=15
2026-09-15T20:03:19Z  EXIT
