2026-10-07T08:21:43Z  START  poll_interval=1s layer_a_poll_interval=5s
2026-10-07T08:24:25Z  WARNING  thresholds fetch failed: timed out
2026-10-07T08:24:25Z  WARNING  stats fetch failed: timed out
2026-10-07T08:24:30Z  WARNING  thresholds fetch failed: timed out
2026-10-07T08:24:30Z  WARNING  stats fetch failed: timed out
2026-10-07T08:24:35Z  WARNING  thresholds fetch failed: timed out
2026-10-07T08:24:35Z  WARNING  stats fetch failed: timed out
2026-10-07T08:24:40Z  WARNING  thresholds fetch failed: timed out
2026-10-07T08:24:40Z  WARNING  stats fetch failed: timed out
2026-10-07T08:24:45Z  WARNING  thresholds fetch failed: timed out
2026-10-07T08:24:45Z  WARNING  stats fetch failed: timed out
2026-10-07T08:24:50Z  WARNING  thresholds fetch failed: timed out
2026-10-07T08:24:50Z  WARNING  stats fetch failed: timed out
2026-10-07T08:24:55Z  WARNING  thresholds fetch failed: timed out
2026-10-07T08:24:55Z  WARNING  stats fetch failed: timed out
2026-10-07T08:25:00Z  WARNING  thresholds fetch failed: timed out
2026-10-07T08:25:00Z  WARNING  stats fetch failed: timed out
2026-10-07T08:25:05Z  WARNING  thresholds fetch failed: timed out
2026-10-07T08:25:05Z  WARNING  stats fetch failed: timed out
2026-10-07T08:25:10Z  WARNING  thresholds fetch failed: timed out
2026-10-07T08:25:10Z  WARNING  stats fetch failed: timed out
2026-10-07T08:25:15Z  WARNING  thresholds fetch failed: timed out
2026-10-07T08:25:15Z  WARNING  stats fetch failed: timed out
2026-10-07T08:25:20Z  WARNING  thresholds fetch failed: timed out
2026-10-07T08:25:20Z  WARNING  stats fetch failed: timed out
2026-10-07T08:25:25Z  WARNING  thresholds fetch failed: timed out
2026-10-07T08:25:25Z  WARNING  stats fetch failed: timed out
2026-10-07T08:25:30Z  WARNING  thresholds fetch failed: timed out
2026-10-07T08:25:30Z  WARNING  stats fetch failed: timed out
2026-10-07T08:25:35Z  WARNING  thresholds fetch failed: timed out
2026-10-07T08:25:35Z  WARNING  stats fetch failed: timed out
2026-10-07T08:25:40Z  WARNING  thresholds fetch failed: timed out
2026-10-07T08:25:40Z  WARNING  stats fetch failed: timed out
2026-10-07T08:25:45Z  WARNING  thresholds fetch failed: timed out
2026-10-07T08:25:45Z  WARNING  stats fetch failed: timed out
2026-10-07T08:25:50Z  WARNING  thresholds fetch failed: timed out
2026-10-07T08:25:50Z  WARNING  stats fetch failed: timed out
2026-10-07T08:25:55Z  WARNING  thresholds fetch failed: timed out
2026-10-07T08:25:55Z  WARNING  stats fetch failed: timed out
2026-10-07T08:26:00Z  WARNING  thresholds fetch failed: timed out
2026-10-07T08:26:00Z  WARNING  stats fetch failed: timed out
2026-10-07T08:26:05Z  WARNING  thresholds fetch failed: timed out
2026-10-07T08:26:05Z  WARNING  stats fetch failed: timed out
2026-10-07T08:26:10Z  WARNING  thresholds fetch failed: timed out
2026-10-07T08:26:10Z  WARNING  stats fetch failed: timed out
2026-10-07T08:26:15Z  WARNING  thresholds fetch failed: timed out
2026-10-07T08:26:15Z  WARNING  stats fetch failed: timed out
2026-10-07T08:26:20Z  WARNING  thresholds fetch failed: timed out
2026-10-07T08:26:20Z  WARNING  stats fetch failed: timed out
2026-10-07T08:26:25Z  WARNING  thresholds fetch failed: timed out
2026-10-07T08:26:25Z  WARNING  stats fetch failed: timed out
2026-10-07T08:26:30Z  WARNING  thresholds fetch failed: timed out
2026-10-07T08:26:30Z  WARNING  stats fetch failed: timed out
2026-10-07T08:26:35Z  WARNING  thresholds fetch failed: timed out
2026-10-07T08:26:35Z  WARNING  stats fetch failed: timed out
2026-10-07T08:26:40Z  WARNING  thresholds fetch failed: timed out
2026-10-07T08:26:40Z  WARNING  stats fetch failed: timed out
2026-10-07T08:26:45Z  WARNING  thresholds fetch failed: timed out
2026-10-07T08:26:45Z  WARNING  stats fetch failed: timed out
2026-10-07T08:26:50Z  WARNING  thresholds fetch failed: timed out
2026-10-07T08:26:50Z  WARNING  stats fetch failed: timed out
2026-10-07T08:26:55Z  WARNING  thresholds fetch failed: timed out
2026-10-07T08:26:55Z  WARNING  stats fetch failed: timed out
2026-10-07T08:27:00Z  WARNING  thresholds fetch failed: timed out
2026-10-07T08:27:00Z  WARNING  stats fetch failed: timed out
2026-10-07T08:27:05Z  WARNING  thresholds fetch failed: timed out
2026-10-07T08:27:05Z  WARNING  stats fetch failed: timed out
2026-10-07T08:27:10Z  WARNING  thresholds fetch failed: timed out
2026-10-07T08:27:10Z  WARNING  stats fetch failed: timed out
2026-10-07T08:27:15Z  WARNING  thresholds fetch failed: timed out
2026-10-07T08:27:15Z  WARNING  stats fetch failed: timed out
2026-10-07T08:27:20Z  WARNING  thresholds fetch failed: timed out
2026-10-07T08:27:20Z  WARNING  stats fetch failed: timed out
2026-10-07T08:27:25Z  WARNING  thresholds fetch failed: timed out
2026-10-07T08:27:25Z  WARNING  stats fetch failed: timed out
2026-10-07T08:27:30Z  WARNING  thresholds fetch failed: timed out
2026-10-07T08:27:30Z  WARNING  stats fetch failed: timed out
2026-10-07T08:27:35Z  WARNING  thresholds fetch failed: timed out
2026-10-07T08:27:35Z  WARNING  stats fetch failed: timed out
2026-10-07T08:27:40Z  WARNING  thresholds fetch failed: timed out
2026-10-07T08:27:40Z  WARNING  stats fetch failed: timed out
2026-10-07T08:27:45Z  WARNING  thresholds fetch failed: timed out
2026-10-07T08:27:45Z  WARNING  stats fetch failed: timed out
2026-10-07T08:27:50Z  WARNING  thresholds fetch failed: timed out
2026-10-07T08:27:50Z  WARNING  stats fetch failed: timed out
2026-10-07T08:27:55Z  WARNING  thresholds fetch failed: timed out
2026-10-07T08:27:55Z  WARNING  stats fetch failed: timed out
2026-10-07T08:28:00Z  WARNING  thresholds fetch failed: timed out
2026-10-07T08:28:00Z  WARNING  stats fetch failed: timed out
2026-10-07T08:28:05Z  WARNING  thresholds fetch failed: timed out
2026-10-07T08:28:05Z  WARNING  stats fetch failed: timed out
2026-10-07T08:28:10Z  WARNING  thresholds fetch failed: timed out
2026-10-07T08:28:10Z  WARNING  stats fetch failed: timed out
2026-10-07T08:28:15Z  WARNING  thresholds fetch failed: timed out
2026-10-07T08:28:15Z  WARNING  stats fetch failed: timed out
2026-10-07T08:28:20Z  WARNING  thresholds fetch failed: timed out
2026-10-07T08:28:20Z  WARNING  stats fetch failed: timed out
2026-10-07T08:28:25Z  WARNING  thresholds fetch failed: timed out
2026-10-07T08:28:25Z  WARNING  stats fetch failed: timed out
2026-10-07T08:28:30Z  WARNING  thresholds fetch failed: timed out
2026-10-07T08:28:30Z  WARNING  stats fetch failed: timed out
2026-10-07T08:28:35Z  WARNING  thresholds fetch failed: timed out
2026-10-07T08:28:35Z  WARNING  stats fetch failed: timed out
2026-10-07T08:28:40Z  WARNING  thresholds fetch failed: timed out
2026-10-07T08:28:40Z  WARNING  stats fetch failed: timed out
2026-10-07T08:28:45Z  WARNING  thresholds fetch failed: timed out
2026-10-07T08:28:45Z  WARNING  stats fetch failed: timed out
2026-10-07T08:28:50Z  WARNING  thresholds fetch failed: timed out
2026-10-07T08:28:50Z  WARNING  stats fetch failed: timed out
2026-10-07T08:28:55Z  WARNING  thresholds fetch failed: timed out
2026-10-07T08:28:55Z  WARNING  stats fetch failed: timed out
2026-10-07T08:29:00Z  WARNING  thresholds fetch failed: timed out
2026-10-07T08:29:00Z  WARNING  stats fetch failed: timed out
2026-10-07T08:29:05Z  WARNING  thresholds fetch failed: timed out
2026-10-07T08:29:05Z  WARNING  stats fetch failed: timed out
2026-10-07T08:29:10Z  WARNING  thresholds fetch failed: timed out
2026-10-07T08:29:10Z  WARNING  stats fetch failed: timed out
2026-10-07T08:29:15Z  WARNING  thresholds fetch failed: timed out
2026-10-07T08:29:15Z  WARNING  stats fetch failed: timed out
2026-10-07T08:29:20Z  WARNING  thresholds fetch failed: timed out
2026-10-07T08:29:20Z  WARNING  stats fetch failed: timed out
2026-10-07T08:29:25Z  WARNING  thresholds fetch failed: timed out
2026-10-07T08:29:25Z  WARNING  stats fetch failed: timed out
2026-10-07T08:29:30Z  WARNING  thresholds fetch failed: timed out
2026-10-07T08:29:30Z  WARNING  stats fetch failed: timed out
2026-10-07T08:29:35Z  WARNING  thresholds fetch failed: timed out
2026-10-07T08:29:35Z  WARNING  stats fetch failed: timed out
2026-10-07T08:29:40Z  WARNING  thresholds fetch failed: timed out
2026-10-07T08:29:40Z  WARNING  stats fetch failed: timed out
2026-10-07T08:29:45Z  WARNING  thresholds fetch failed: timed out
2026-10-07T08:29:45Z  WARNING  stats fetch failed: timed out
2026-10-07T08:29:50Z  WARNING  thresholds fetch failed: timed out
2026-10-07T08:29:50Z  WARNING  stats fetch failed: timed out
2026-10-07T08:29:55Z  WARNING  thresholds fetch failed: timed out
2026-10-07T08:29:55Z  WARNING  stats fetch failed: timed out
2026-10-07T08:30:00Z  WARNING  thresholds fetch failed: timed out
2026-10-07T08:30:00Z  WARNING  stats fetch failed: timed out
2026-10-07T08:30:05Z  WARNING  thresholds fetch failed: timed out
2026-10-07T08:30:05Z  WARNING  stats fetch failed: timed out
2026-10-07T08:30:10Z  WARNING  thresholds fetch failed: timed out
2026-10-07T08:30:10Z  WARNING  stats fetch failed: timed out
2026-10-07T08:30:15Z  WARNING  thresholds fetch failed: timed out
2026-10-07T08:30:15Z  WARNING  stats fetch failed: timed out
2026-10-07T08:30:20Z  WARNING  thresholds fetch failed: timed out
2026-10-07T08:30:20Z  WARNING  stats fetch failed: timed out
2026-10-07T08:30:25Z  WARNING  thresholds fetch failed: timed out
2026-10-07T08:30:25Z  WARNING  stats fetch failed: timed out
2026-10-07T08:30:30Z  WARNING  thresholds fetch failed: timed out
2026-10-07T08:30:30Z  WARNING  stats fetch failed: timed out
2026-10-07T08:30:35Z  WARNING  thresholds fetch failed: timed out
2026-10-07T08:30:35Z  WARNING  stats fetch failed: timed out
2026-10-07T08:30:40Z  WARNING  thresholds fetch failed: timed out
2026-10-07T08:30:40Z  WARNING  stats fetch failed: timed out
2026-10-07T08:30:45Z  WARNING  thresholds fetch failed: timed out
2026-10-07T08:30:45Z  WARNING  stats fetch failed: timed out
2026-10-07T08:30:50Z  WARNING  thresholds fetch failed: timed out
2026-10-07T08:30:50Z  WARNING  stats fetch failed: timed out
2026-10-07T08:30:55Z  WARNING  thresholds fetch failed: timed out
2026-10-07T08:30:55Z  WARNING  stats fetch failed: timed out
2026-10-07T08:31:00Z  WARNING  thresholds fetch failed: timed out
2026-10-07T08:31:00Z  WARNING  stats fetch failed: timed out
2026-10-07T08:31:05Z  WARNING  thresholds fetch failed: timed out
2026-10-07T08:31:05Z  WARNING  stats fetch failed: timed out
2026-10-07T08:31:10Z  WARNING  thresholds fetch failed: timed out
2026-10-07T08:31:10Z  WARNING  stats fetch failed: timed out
2026-10-07T08:31:15Z  WARNING  thresholds fetch failed: timed out
2026-10-07T08:31:15Z  WARNING  stats fetch failed: timed out
2026-10-07T08:31:20Z  WARNING  thresholds fetch failed: timed out
2026-10-07T08:31:20Z  WARNING  stats fetch failed: timed out
2026-10-07T08:31:25Z  WARNING  thresholds fetch failed: timed out
2026-10-07T08:31:25Z  WARNING  stats fetch failed: timed out
2026-10-07T08:31:30Z  WARNING  thresholds fetch failed: timed out
2026-10-07T08:31:30Z  WARNING  stats fetch failed: timed out
2026-10-07T08:31:35Z  WARNING  thresholds fetch failed: timed out
2026-10-07T08:31:35Z  WARNING  stats fetch failed: timed out
2026-10-07T08:31:40Z  WARNING  thresholds fetch failed: timed out
2026-10-07T08:31:40Z  WARNING  stats fetch failed: timed out
2026-10-07T08:31:45Z  WARNING  thresholds fetch failed: timed out
2026-10-07T08:31:45Z  WARNING  stats fetch failed: timed out
2026-10-07T08:31:50Z  WARNING  thresholds fetch failed: timed out
2026-10-07T08:31:50Z  WARNING  stats fetch failed: timed out
2026-10-07T08:31:55Z  WARNING  thresholds fetch failed: timed out
2026-10-07T08:31:55Z  WARNING  stats fetch failed: timed out
2026-10-07T08:32:00Z  WARNING  thresholds fetch failed: timed out
2026-10-07T08:32:00Z  WARNING  stats fetch failed: timed out
2026-10-07T08:32:05Z  WARNING  thresholds fetch failed: timed out
2026-10-07T08:32:05Z  WARNING  stats fetch failed: timed out
2026-10-07T08:32:10Z  WARNING  thresholds fetch failed: timed out
2026-10-07T08:32:10Z  WARNING  stats fetch failed: timed out
2026-10-07T08:32:15Z  WARNING  thresholds fetch failed: timed out
2026-10-07T08:32:15Z  WARNING  stats fetch failed: timed out
2026-10-07T08:32:20Z  WARNING  thresholds fetch failed: timed out
2026-10-07T08:32:20Z  WARNING  stats fetch failed: timed out
2026-10-07T08:32:25Z  WARNING  thresholds fetch failed: timed out
2026-10-07T08:32:25Z  WARNING  stats fetch failed: timed out
2026-10-07T08:32:30Z  WARNING  thresholds fetch failed: timed out
2026-10-07T08:32:30Z  WARNING  stats fetch failed: timed out
2026-10-07T08:32:35Z  WARNING  thresholds fetch failed: timed out
2026-10-07T08:32:35Z  WARNING  stats fetch failed: timed out
2026-10-07T08:32:40Z  WARNING  thresholds fetch failed: timed out
2026-10-07T08:32:40Z  WARNING  stats fetch failed: timed out
2026-10-07T08:32:44Z  SHUTDOWN  signal=15
2026-10-07T08:32:45Z  EXIT
