2026-10-04T10:20:18Z  START  poll_interval=1s layer_a_poll_interval=5s
2026-10-04T10:22:05Z  WARNING  thresholds fetch failed: timed out
2026-10-04T10:22:05Z  WARNING  stats fetch failed: timed out
2026-10-04T10:22:10Z  WARNING  thresholds fetch failed: timed out
2026-10-04T10:22:10Z  WARNING  stats fetch failed: timed out
2026-10-04T10:22:15Z  WARNING  thresholds fetch failed: timed out
2026-10-04T10:22:15Z  WARNING  stats fetch failed: timed out
2026-10-04T10:22:20Z  WARNING  thresholds fetch failed: timed out
2026-10-04T10:22:20Z  WARNING  stats fetch failed: timed out
2026-10-04T10:22:25Z  WARNING  thresholds fetch failed: timed out
2026-10-04T10:22:25Z  WARNING  stats fetch failed: timed out
2026-10-04T10:22:30Z  WARNING  thresholds fetch failed: timed out
2026-10-04T10:22:30Z  WARNING  stats fetch failed: timed out
2026-10-04T10:22:35Z  WARNING  thresholds fetch failed: timed out
2026-10-04T10:22:35Z  WARNING  stats fetch failed: timed out
2026-10-04T10:22:40Z  WARNING  thresholds fetch failed: timed out
2026-10-04T10:22:40Z  WARNING  stats fetch failed: timed out
2026-10-04T10:22:45Z  WARNING  thresholds fetch failed: timed out
2026-10-04T10:22:45Z  WARNING  stats fetch failed: timed out
2026-10-04T10:22:50Z  WARNING  thresholds fetch failed: timed out
2026-10-04T10:22:50Z  WARNING  stats fetch failed: timed out
2026-10-04T10:22:55Z  WARNING  thresholds fetch failed: timed out
2026-10-04T10:22:55Z  WARNING  stats fetch failed: timed out
2026-10-04T10:23:00Z  WARNING  thresholds fetch failed: timed out
2026-10-04T10:23:00Z  WARNING  stats fetch failed: timed out
2026-10-04T10:23:05Z  WARNING  thresholds fetch failed: timed out
2026-10-04T10:23:05Z  WARNING  stats fetch failed: timed out
2026-10-04T10:23:10Z  WARNING  thresholds fetch failed: timed out
2026-10-04T10:23:10Z  WARNING  stats fetch failed: timed out
2026-10-04T10:23:15Z  WARNING  thresholds fetch failed: timed out
2026-10-04T10:23:15Z  WARNING  stats fetch failed: timed out
2026-10-04T10:23:20Z  WARNING  thresholds fetch failed: timed out
2026-10-04T10:23:20Z  WARNING  stats fetch failed: timed out
2026-10-04T10:23:25Z  WARNING  thresholds fetch failed: timed out
2026-10-04T10:23:25Z  WARNING  stats fetch failed: timed out
2026-10-04T10:23:30Z  WARNING  thresholds fetch failed: timed out
2026-10-04T10:23:30Z  WARNING  stats fetch failed: timed out
2026-10-04T10:23:35Z  WARNING  thresholds fetch failed: timed out
2026-10-04T10:23:35Z  WARNING  stats fetch failed: timed out
2026-10-04T10:23:40Z  WARNING  thresholds fetch failed: timed out
2026-10-04T10:23:40Z  WARNING  stats fetch failed: timed out
2026-10-04T10:23:45Z  WARNING  thresholds fetch failed: timed out
2026-10-04T10:23:45Z  WARNING  stats fetch failed: timed out
2026-10-04T10:23:50Z  WARNING  thresholds fetch failed: timed out
2026-10-04T10:23:50Z  WARNING  stats fetch failed: timed out
2026-10-04T10:23:55Z  WARNING  thresholds fetch failed: timed out
2026-10-04T10:23:55Z  WARNING  stats fetch failed: timed out
2026-10-04T10:24:00Z  WARNING  thresholds fetch failed: timed out
2026-10-04T10:24:00Z  WARNING  stats fetch failed: timed out
2026-10-04T10:24:05Z  WARNING  thresholds fetch failed: timed out
2026-10-04T10:24:05Z  WARNING  stats fetch failed: timed out
2026-10-04T10:24:10Z  WARNING  thresholds fetch failed: timed out
2026-10-04T10:24:10Z  WARNING  stats fetch failed: timed out
2026-10-04T10:24:15Z  WARNING  thresholds fetch failed: timed out
2026-10-04T10:24:15Z  WARNING  stats fetch failed: timed out
2026-10-04T10:24:20Z  WARNING  thresholds fetch failed: timed out
2026-10-04T10:24:20Z  WARNING  stats fetch failed: timed out
2026-10-04T10:24:25Z  WARNING  thresholds fetch failed: timed out
2026-10-04T10:24:25Z  WARNING  stats fetch failed: timed out
2026-10-04T10:24:30Z  WARNING  thresholds fetch failed: timed out
2026-10-04T10:24:30Z  WARNING  stats fetch failed: timed out
2026-10-04T10:24:35Z  WARNING  thresholds fetch failed: timed out
2026-10-04T10:24:35Z  WARNING  stats fetch failed: timed out
2026-10-04T10:24:40Z  WARNING  thresholds fetch failed: timed out
2026-10-04T10:24:40Z  WARNING  stats fetch failed: timed out
2026-10-04T10:24:45Z  WARNING  thresholds fetch failed: timed out
2026-10-04T10:24:45Z  WARNING  stats fetch failed: timed out
2026-10-04T10:24:50Z  WARNING  thresholds fetch failed: timed out
2026-10-04T10:24:50Z  WARNING  stats fetch failed: timed out
2026-10-04T10:24:55Z  WARNING  thresholds fetch failed: timed out
2026-10-04T10:24:55Z  WARNING  stats fetch failed: timed out
2026-10-04T10:25:00Z  WARNING  thresholds fetch failed: timed out
2026-10-04T10:25:00Z  WARNING  stats fetch failed: timed out
2026-10-04T10:25:05Z  WARNING  thresholds fetch failed: timed out
2026-10-04T10:25:05Z  WARNING  stats fetch failed: timed out
2026-10-04T10:25:10Z  WARNING  thresholds fetch failed: timed out
2026-10-04T10:25:10Z  WARNING  stats fetch failed: timed out
2026-10-04T10:25:15Z  WARNING  thresholds fetch failed: timed out
2026-10-04T10:25:15Z  WARNING  stats fetch failed: timed out
2026-10-04T10:25:20Z  WARNING  thresholds fetch failed: timed out
2026-10-04T10:25:20Z  WARNING  stats fetch failed: timed out
2026-10-04T10:25:25Z  WARNING  thresholds fetch failed: timed out
2026-10-04T10:25:25Z  WARNING  stats fetch failed: timed out
2026-10-04T10:25:30Z  WARNING  thresholds fetch failed: timed out
2026-10-04T10:25:30Z  WARNING  stats fetch failed: timed out
2026-10-04T10:25:35Z  WARNING  thresholds fetch failed: timed out
2026-10-04T10:25:35Z  WARNING  stats fetch failed: timed out
2026-10-04T10:25:40Z  WARNING  thresholds fetch failed: timed out
2026-10-04T10:25:40Z  WARNING  stats fetch failed: timed out
2026-10-04T10:25:45Z  WARNING  thresholds fetch failed: timed out
2026-10-04T10:25:45Z  WARNING  stats fetch failed: timed out
2026-10-04T10:25:50Z  WARNING  thresholds fetch failed: timed out
2026-10-04T10:25:50Z  WARNING  stats fetch failed: timed out
2026-10-04T10:25:55Z  WARNING  thresholds fetch failed: timed out
2026-10-04T10:25:55Z  WARNING  stats fetch failed: timed out
2026-10-04T10:26:00Z  WARNING  thresholds fetch failed: timed out
2026-10-04T10:26:00Z  WARNING  stats fetch failed: timed out
2026-10-04T10:26:05Z  WARNING  thresholds fetch failed: timed out
2026-10-04T10:26:05Z  WARNING  stats fetch failed: timed out
2026-10-04T10:26:10Z  WARNING  thresholds fetch failed: timed out
2026-10-04T10:26:10Z  WARNING  stats fetch failed: timed out
2026-10-04T10:26:15Z  WARNING  thresholds fetch failed: timed out
2026-10-04T10:26:15Z  WARNING  stats fetch failed: timed out
2026-10-04T10:26:20Z  WARNING  thresholds fetch failed: timed out
2026-10-04T10:26:20Z  WARNING  stats fetch failed: timed out
2026-10-04T10:26:25Z  WARNING  thresholds fetch failed: timed out
2026-10-04T10:26:25Z  WARNING  stats fetch failed: timed out
2026-10-04T10:26:30Z  WARNING  thresholds fetch failed: timed out
2026-10-04T10:26:30Z  WARNING  stats fetch failed: timed out
2026-10-04T10:26:35Z  WARNING  thresholds fetch failed: timed out
2026-10-04T10:26:35Z  WARNING  stats fetch failed: timed out
2026-10-04T10:26:40Z  WARNING  thresholds fetch failed: timed out
2026-10-04T10:26:40Z  WARNING  stats fetch failed: timed out
2026-10-04T10:26:45Z  WARNING  thresholds fetch failed: timed out
2026-10-04T10:26:45Z  WARNING  stats fetch failed: timed out
2026-10-04T10:26:50Z  WARNING  thresholds fetch failed: timed out
2026-10-04T10:26:50Z  WARNING  stats fetch failed: timed out
2026-10-04T10:26:55Z  WARNING  thresholds fetch failed: timed out
2026-10-04T10:26:55Z  WARNING  stats fetch failed: timed out
2026-10-04T10:27:00Z  WARNING  thresholds fetch failed: timed out
2026-10-04T10:27:00Z  WARNING  stats fetch failed: timed out
2026-10-04T10:27:05Z  WARNING  thresholds fetch failed: timed out
2026-10-04T10:27:05Z  WARNING  stats fetch failed: timed out
2026-10-04T10:27:10Z  WARNING  thresholds fetch failed: timed out
2026-10-04T10:27:10Z  WARNING  stats fetch failed: timed out
2026-10-04T10:27:15Z  WARNING  thresholds fetch failed: timed out
2026-10-04T10:27:15Z  WARNING  stats fetch failed: timed out
2026-10-04T10:27:20Z  WARNING  thresholds fetch failed: timed out
2026-10-04T10:27:20Z  WARNING  stats fetch failed: timed out
2026-10-04T10:27:25Z  WARNING  thresholds fetch failed: timed out
2026-10-04T10:27:25Z  WARNING  stats fetch failed: timed out
2026-10-04T10:27:30Z  WARNING  thresholds fetch failed: timed out
2026-10-04T10:27:30Z  WARNING  stats fetch failed: timed out
2026-10-04T10:27:35Z  WARNING  thresholds fetch failed: timed out
2026-10-04T10:27:35Z  WARNING  stats fetch failed: timed out
2026-10-04T10:27:40Z  WARNING  thresholds fetch failed: timed out
2026-10-04T10:27:40Z  WARNING  stats fetch failed: timed out
2026-10-04T10:27:45Z  WARNING  thresholds fetch failed: timed out
2026-10-04T10:27:45Z  WARNING  stats fetch failed: timed out
2026-10-04T10:27:50Z  WARNING  thresholds fetch failed: timed out
2026-10-04T10:27:50Z  WARNING  stats fetch failed: timed out
2026-10-04T10:27:55Z  WARNING  thresholds fetch failed: timed out
2026-10-04T10:27:55Z  WARNING  stats fetch failed: timed out
2026-10-04T10:28:00Z  WARNING  thresholds fetch failed: timed out
2026-10-04T10:28:00Z  WARNING  stats fetch failed: timed out
2026-10-04T10:28:05Z  WARNING  thresholds fetch failed: timed out
2026-10-04T10:28:05Z  WARNING  stats fetch failed: timed out
2026-10-04T10:28:10Z  WARNING  thresholds fetch failed: timed out
2026-10-04T10:28:10Z  WARNING  stats fetch failed: timed out
2026-10-04T10:28:15Z  WARNING  thresholds fetch failed: timed out
2026-10-04T10:28:15Z  WARNING  stats fetch failed: timed out
2026-10-04T10:28:20Z  WARNING  thresholds fetch failed: <urlopen error timed out>
2026-10-04T10:28:20Z  WARNING  stats fetch failed: timed out
2026-10-04T10:28:25Z  WARNING  thresholds fetch failed: timed out
2026-10-04T10:28:25Z  WARNING  stats fetch failed: timed out
2026-10-04T10:28:30Z  WARNING  thresholds fetch failed: timed out
2026-10-04T10:28:30Z  WARNING  stats fetch failed: timed out
2026-10-04T10:28:35Z  WARNING  thresholds fetch failed: timed out
2026-10-04T10:28:35Z  WARNING  stats fetch failed: timed out
2026-10-04T10:28:40Z  WARNING  thresholds fetch failed: timed out
2026-10-04T10:28:40Z  WARNING  stats fetch failed: timed out
2026-10-04T10:28:45Z  WARNING  thresholds fetch failed: timed out
2026-10-04T10:28:45Z  WARNING  stats fetch failed: timed out
2026-10-04T10:28:50Z  WARNING  thresholds fetch failed: timed out
2026-10-04T10:28:50Z  WARNING  stats fetch failed: timed out
2026-10-04T10:28:55Z  WARNING  thresholds fetch failed: timed out
2026-10-04T10:28:55Z  WARNING  stats fetch failed: timed out
2026-10-04T10:29:00Z  WARNING  thresholds fetch failed: timed out
2026-10-04T10:29:00Z  WARNING  stats fetch failed: timed out
2026-10-04T10:29:05Z  WARNING  thresholds fetch failed: timed out
2026-10-04T10:29:05Z  WARNING  stats fetch failed: timed out
2026-10-04T10:29:10Z  WARNING  thresholds fetch failed: timed out
2026-10-04T10:29:10Z  WARNING  stats fetch failed: timed out
2026-10-04T10:29:15Z  WARNING  thresholds fetch failed: timed out
2026-10-04T10:29:15Z  WARNING  stats fetch failed: timed out
2026-10-04T10:29:20Z  WARNING  thresholds fetch failed: timed out
2026-10-04T10:29:20Z  WARNING  stats fetch failed: timed out
2026-10-04T10:29:25Z  WARNING  thresholds fetch failed: timed out
2026-10-04T10:29:25Z  WARNING  stats fetch failed: timed out
2026-10-04T10:29:30Z  WARNING  thresholds fetch failed: timed out
2026-10-04T10:29:30Z  WARNING  stats fetch failed: timed out
2026-10-04T10:29:35Z  WARNING  thresholds fetch failed: timed out
2026-10-04T10:29:35Z  WARNING  stats fetch failed: timed out
2026-10-04T10:29:40Z  WARNING  thresholds fetch failed: timed out
2026-10-04T10:29:40Z  WARNING  stats fetch failed: timed out
2026-10-04T10:29:45Z  WARNING  thresholds fetch failed: timed out
2026-10-04T10:29:45Z  WARNING  stats fetch failed: timed out
2026-10-04T10:29:50Z  WARNING  thresholds fetch failed: timed out
2026-10-04T10:29:50Z  WARNING  stats fetch failed: timed out
2026-10-04T10:29:55Z  WARNING  thresholds fetch failed: timed out
2026-10-04T10:29:55Z  WARNING  stats fetch failed: timed out
2026-10-04T10:30:00Z  WARNING  thresholds fetch failed: timed out
2026-10-04T10:30:00Z  WARNING  stats fetch failed: timed out
2026-10-04T10:30:05Z  WARNING  thresholds fetch failed: timed out
2026-10-04T10:30:05Z  WARNING  stats fetch failed: timed out
2026-10-04T10:30:10Z  WARNING  thresholds fetch failed: timed out
2026-10-04T10:30:10Z  WARNING  stats fetch failed: timed out
2026-10-04T10:30:15Z  WARNING  thresholds fetch failed: timed out
2026-10-04T10:30:15Z  WARNING  stats fetch failed: timed out
2026-10-04T10:30:20Z  WARNING  thresholds fetch failed: timed out
2026-10-04T10:30:20Z  WARNING  stats fetch failed: timed out
2026-10-04T10:30:25Z  WARNING  thresholds fetch failed: timed out
2026-10-04T10:30:25Z  WARNING  stats fetch failed: timed out
2026-10-04T10:30:30Z  WARNING  thresholds fetch failed: timed out
2026-10-04T10:30:30Z  WARNING  stats fetch failed: timed out
2026-10-04T10:30:35Z  WARNING  thresholds fetch failed: timed out
2026-10-04T10:30:35Z  WARNING  stats fetch failed: timed out
2026-10-04T10:30:40Z  WARNING  thresholds fetch failed: timed out
2026-10-04T10:30:40Z  WARNING  stats fetch failed: timed out
2026-10-04T10:30:45Z  WARNING  thresholds fetch failed: timed out
2026-10-04T10:30:45Z  WARNING  stats fetch failed: timed out
2026-10-04T10:30:50Z  WARNING  thresholds fetch failed: timed out
2026-10-04T10:30:50Z  WARNING  stats fetch failed: timed out
2026-10-04T10:30:55Z  WARNING  thresholds fetch failed: timed out
2026-10-04T10:30:55Z  WARNING  stats fetch failed: timed out
2026-10-04T10:31:00Z  SHUTDOWN  signal=15
2026-10-04T10:31:01Z  EXIT
