2026-09-26T16:19:31Z  START  poll_interval=1s layer_a_poll_interval=5s
2026-09-26T16:21:05Z  WARNING  thresholds fetch failed: timed out
2026-09-26T16:21:05Z  WARNING  stats fetch failed: timed out
2026-09-26T16:21:10Z  WARNING  thresholds fetch failed: timed out
2026-09-26T16:21:10Z  WARNING  stats fetch failed: timed out
2026-09-26T16:21:15Z  WARNING  thresholds fetch failed: timed out
2026-09-26T16:21:15Z  WARNING  stats fetch failed: timed out
2026-09-26T16:21:20Z  WARNING  thresholds fetch failed: timed out
2026-09-26T16:21:20Z  WARNING  stats fetch failed: timed out
2026-09-26T16:21:25Z  WARNING  thresholds fetch failed: timed out
2026-09-26T16:21:25Z  WARNING  stats fetch failed: timed out
2026-09-26T16:21:30Z  WARNING  thresholds fetch failed: timed out
2026-09-26T16:21:30Z  WARNING  stats fetch failed: timed out
2026-09-26T16:21:35Z  WARNING  thresholds fetch failed: timed out
2026-09-26T16:21:35Z  WARNING  stats fetch failed: timed out
2026-09-26T16:21:40Z  WARNING  thresholds fetch failed: timed out
2026-09-26T16:21:40Z  WARNING  stats fetch failed: timed out
2026-09-26T16:21:45Z  WARNING  thresholds fetch failed: timed out
2026-09-26T16:21:45Z  WARNING  stats fetch failed: timed out
2026-09-26T16:21:50Z  WARNING  thresholds fetch failed: timed out
2026-09-26T16:21:50Z  WARNING  stats fetch failed: timed out
2026-09-26T16:21:55Z  WARNING  thresholds fetch failed: timed out
2026-09-26T16:21:55Z  WARNING  stats fetch failed: timed out
2026-09-26T16:22:00Z  WARNING  thresholds fetch failed: timed out
2026-09-26T16:22:00Z  WARNING  stats fetch failed: timed out
2026-09-26T16:22:05Z  WARNING  thresholds fetch failed: timed out
2026-09-26T16:22:05Z  WARNING  stats fetch failed: timed out
2026-09-26T16:22:10Z  WARNING  thresholds fetch failed: timed out
2026-09-26T16:22:10Z  WARNING  stats fetch failed: timed out
2026-09-26T16:22:15Z  WARNING  thresholds fetch failed: timed out
2026-09-26T16:22:15Z  WARNING  stats fetch failed: timed out
2026-09-26T16:22:20Z  WARNING  thresholds fetch failed: timed out
2026-09-26T16:22:20Z  WARNING  stats fetch failed: timed out
2026-09-26T16:22:25Z  WARNING  thresholds fetch failed: timed out
2026-09-26T16:22:25Z  WARNING  stats fetch failed: timed out
2026-09-26T16:22:30Z  WARNING  thresholds fetch failed: timed out
2026-09-26T16:22:30Z  WARNING  stats fetch failed: timed out
2026-09-26T16:22:35Z  WARNING  thresholds fetch failed: timed out
2026-09-26T16:22:35Z  WARNING  stats fetch failed: timed out
2026-09-26T16:22:40Z  WARNING  thresholds fetch failed: timed out
2026-09-26T16:22:40Z  WARNING  stats fetch failed: timed out
2026-09-26T16:22:45Z  WARNING  thresholds fetch failed: timed out
2026-09-26T16:22:45Z  WARNING  stats fetch failed: timed out
2026-09-26T16:22:50Z  WARNING  thresholds fetch failed: timed out
2026-09-26T16:22:50Z  WARNING  stats fetch failed: timed out
2026-09-26T16:22:55Z  WARNING  thresholds fetch failed: timed out
2026-09-26T16:22:55Z  WARNING  stats fetch failed: timed out
2026-09-26T16:23:00Z  WARNING  thresholds fetch failed: timed out
2026-09-26T16:23:00Z  WARNING  stats fetch failed: timed out
2026-09-26T16:23:05Z  WARNING  thresholds fetch failed: timed out
2026-09-26T16:23:05Z  WARNING  stats fetch failed: timed out
2026-09-26T16:23:10Z  WARNING  thresholds fetch failed: timed out
2026-09-26T16:23:10Z  WARNING  stats fetch failed: timed out
2026-09-26T16:23:15Z  WARNING  thresholds fetch failed: timed out
2026-09-26T16:23:15Z  WARNING  stats fetch failed: timed out
2026-09-26T16:23:20Z  WARNING  thresholds fetch failed: timed out
2026-09-26T16:23:20Z  WARNING  stats fetch failed: timed out
2026-09-26T16:23:25Z  WARNING  thresholds fetch failed: timed out
2026-09-26T16:23:25Z  WARNING  stats fetch failed: timed out
2026-09-26T16:23:30Z  WARNING  thresholds fetch failed: timed out
2026-09-26T16:23:30Z  WARNING  stats fetch failed: timed out
2026-09-26T16:23:35Z  WARNING  thresholds fetch failed: timed out
2026-09-26T16:23:35Z  WARNING  stats fetch failed: timed out
2026-09-26T16:23:40Z  WARNING  thresholds fetch failed: timed out
2026-09-26T16:23:40Z  WARNING  stats fetch failed: timed out
2026-09-26T16:23:45Z  WARNING  thresholds fetch failed: timed out
2026-09-26T16:23:45Z  WARNING  stats fetch failed: timed out
2026-09-26T16:23:50Z  WARNING  thresholds fetch failed: timed out
2026-09-26T16:23:50Z  WARNING  stats fetch failed: timed out
2026-09-26T16:23:55Z  WARNING  thresholds fetch failed: timed out
2026-09-26T16:23:55Z  WARNING  stats fetch failed: timed out
2026-09-26T16:24:00Z  WARNING  thresholds fetch failed: timed out
2026-09-26T16:24:00Z  WARNING  stats fetch failed: timed out
2026-09-26T16:24:05Z  WARNING  thresholds fetch failed: timed out
2026-09-26T16:24:05Z  WARNING  stats fetch failed: timed out
2026-09-26T16:24:10Z  WARNING  thresholds fetch failed: timed out
2026-09-26T16:24:10Z  WARNING  stats fetch failed: timed out
2026-09-26T16:24:15Z  WARNING  thresholds fetch failed: timed out
2026-09-26T16:24:15Z  WARNING  stats fetch failed: timed out
2026-09-26T16:24:20Z  WARNING  thresholds fetch failed: timed out
2026-09-26T16:24:20Z  WARNING  stats fetch failed: timed out
2026-09-26T16:24:25Z  WARNING  thresholds fetch failed: timed out
2026-09-26T16:24:25Z  WARNING  stats fetch failed: timed out
2026-09-26T16:24:30Z  WARNING  thresholds fetch failed: timed out
2026-09-26T16:24:30Z  WARNING  stats fetch failed: timed out
2026-09-26T16:24:35Z  WARNING  thresholds fetch failed: timed out
2026-09-26T16:24:35Z  WARNING  stats fetch failed: timed out
2026-09-26T16:24:40Z  WARNING  thresholds fetch failed: timed out
2026-09-26T16:24:40Z  WARNING  stats fetch failed: timed out
2026-09-26T16:24:45Z  WARNING  thresholds fetch failed: timed out
2026-09-26T16:24:45Z  WARNING  stats fetch failed: timed out
2026-09-26T16:24:50Z  WARNING  thresholds fetch failed: timed out
2026-09-26T16:24:50Z  WARNING  stats fetch failed: timed out
2026-09-26T16:24:55Z  WARNING  thresholds fetch failed: timed out
2026-09-26T16:24:55Z  WARNING  stats fetch failed: timed out
2026-09-26T16:25:00Z  WARNING  thresholds fetch failed: timed out
2026-09-26T16:25:00Z  WARNING  stats fetch failed: timed out
2026-09-26T16:25:05Z  WARNING  thresholds fetch failed: timed out
2026-09-26T16:25:05Z  WARNING  stats fetch failed: timed out
2026-09-26T16:25:10Z  WARNING  thresholds fetch failed: timed out
2026-09-26T16:25:10Z  WARNING  stats fetch failed: timed out
2026-09-26T16:25:15Z  WARNING  thresholds fetch failed: timed out
2026-09-26T16:25:15Z  WARNING  stats fetch failed: timed out
2026-09-26T16:25:20Z  WARNING  thresholds fetch failed: timed out
2026-09-26T16:25:20Z  WARNING  stats fetch failed: timed out
2026-09-26T16:25:25Z  WARNING  thresholds fetch failed: timed out
2026-09-26T16:25:25Z  WARNING  stats fetch failed: timed out
2026-09-26T16:25:30Z  WARNING  thresholds fetch failed: timed out
2026-09-26T16:25:30Z  WARNING  stats fetch failed: timed out
2026-09-26T16:25:35Z  WARNING  thresholds fetch failed: timed out
2026-09-26T16:25:35Z  WARNING  stats fetch failed: timed out
2026-09-26T16:25:40Z  WARNING  thresholds fetch failed: timed out
2026-09-26T16:25:40Z  WARNING  stats fetch failed: timed out
2026-09-26T16:25:45Z  WARNING  thresholds fetch failed: timed out
2026-09-26T16:25:45Z  WARNING  stats fetch failed: timed out
2026-09-26T16:25:50Z  WARNING  thresholds fetch failed: timed out
2026-09-26T16:25:50Z  WARNING  stats fetch failed: timed out
2026-09-26T16:25:55Z  WARNING  thresholds fetch failed: timed out
2026-09-26T16:25:55Z  WARNING  stats fetch failed: timed out
2026-09-26T16:26:00Z  WARNING  thresholds fetch failed: timed out
2026-09-26T16:26:00Z  WARNING  stats fetch failed: timed out
2026-09-26T16:26:05Z  WARNING  thresholds fetch failed: timed out
2026-09-26T16:26:05Z  WARNING  stats fetch failed: timed out
2026-09-26T16:26:10Z  WARNING  thresholds fetch failed: timed out
2026-09-26T16:26:10Z  WARNING  stats fetch failed: timed out
2026-09-26T16:26:15Z  WARNING  thresholds fetch failed: timed out
2026-09-26T16:26:15Z  WARNING  stats fetch failed: timed out
2026-09-26T16:26:20Z  WARNING  thresholds fetch failed: timed out
2026-09-26T16:26:20Z  WARNING  stats fetch failed: timed out
2026-09-26T16:26:25Z  WARNING  thresholds fetch failed: timed out
2026-09-26T16:26:25Z  WARNING  stats fetch failed: timed out
2026-09-26T16:26:30Z  WARNING  thresholds fetch failed: timed out
2026-09-26T16:26:30Z  WARNING  stats fetch failed: timed out
2026-09-26T16:26:35Z  WARNING  thresholds fetch failed: timed out
2026-09-26T16:26:35Z  WARNING  stats fetch failed: timed out
2026-09-26T16:26:40Z  WARNING  thresholds fetch failed: timed out
2026-09-26T16:26:40Z  WARNING  stats fetch failed: timed out
2026-09-26T16:26:45Z  WARNING  thresholds fetch failed: timed out
2026-09-26T16:26:45Z  WARNING  stats fetch failed: timed out
2026-09-26T16:26:50Z  WARNING  thresholds fetch failed: timed out
2026-09-26T16:26:50Z  WARNING  stats fetch failed: timed out
2026-09-26T16:26:55Z  WARNING  thresholds fetch failed: timed out
2026-09-26T16:26:55Z  WARNING  stats fetch failed: timed out
2026-09-26T16:27:00Z  WARNING  thresholds fetch failed: timed out
2026-09-26T16:27:00Z  WARNING  stats fetch failed: timed out
2026-09-26T16:27:05Z  WARNING  thresholds fetch failed: timed out
2026-09-26T16:27:05Z  WARNING  stats fetch failed: timed out
2026-09-26T16:27:10Z  WARNING  thresholds fetch failed: timed out
2026-09-26T16:27:10Z  WARNING  stats fetch failed: timed out
2026-09-26T16:27:15Z  WARNING  thresholds fetch failed: timed out
2026-09-26T16:27:15Z  WARNING  stats fetch failed: timed out
2026-09-26T16:27:20Z  WARNING  thresholds fetch failed: timed out
2026-09-26T16:27:20Z  WARNING  stats fetch failed: timed out
2026-09-26T16:27:25Z  WARNING  thresholds fetch failed: timed out
2026-09-26T16:27:25Z  WARNING  stats fetch failed: timed out
2026-09-26T16:27:30Z  WARNING  thresholds fetch failed: timed out
2026-09-26T16:27:30Z  WARNING  stats fetch failed: timed out
2026-09-26T16:27:35Z  WARNING  thresholds fetch failed: timed out
2026-09-26T16:27:35Z  WARNING  stats fetch failed: timed out
2026-09-26T16:27:40Z  WARNING  thresholds fetch failed: timed out
2026-09-26T16:27:40Z  WARNING  stats fetch failed: timed out
2026-09-26T16:27:45Z  WARNING  thresholds fetch failed: timed out
2026-09-26T16:27:45Z  WARNING  stats fetch failed: timed out
2026-09-26T16:27:50Z  WARNING  thresholds fetch failed: timed out
2026-09-26T16:27:50Z  WARNING  stats fetch failed: timed out
2026-09-26T16:27:55Z  WARNING  thresholds fetch failed: timed out
2026-09-26T16:27:55Z  WARNING  stats fetch failed: timed out
2026-09-26T16:28:00Z  WARNING  thresholds fetch failed: timed out
2026-09-26T16:28:00Z  WARNING  stats fetch failed: timed out
2026-09-26T16:28:05Z  WARNING  thresholds fetch failed: timed out
2026-09-26T16:28:05Z  WARNING  stats fetch failed: timed out
2026-09-26T16:28:10Z  WARNING  thresholds fetch failed: timed out
2026-09-26T16:28:10Z  WARNING  stats fetch failed: timed out
2026-09-26T16:28:15Z  WARNING  thresholds fetch failed: timed out
2026-09-26T16:28:15Z  WARNING  stats fetch failed: timed out
2026-09-26T16:28:20Z  WARNING  thresholds fetch failed: timed out
2026-09-26T16:28:20Z  WARNING  stats fetch failed: timed out
2026-09-26T16:28:25Z  WARNING  thresholds fetch failed: timed out
2026-09-26T16:28:25Z  WARNING  stats fetch failed: timed out
2026-09-26T16:28:30Z  WARNING  thresholds fetch failed: timed out
2026-09-26T16:28:30Z  WARNING  stats fetch failed: timed out
2026-09-26T16:28:35Z  WARNING  thresholds fetch failed: timed out
2026-09-26T16:28:35Z  WARNING  stats fetch failed: timed out
2026-09-26T16:28:40Z  WARNING  thresholds fetch failed: timed out
2026-09-26T16:28:40Z  WARNING  stats fetch failed: timed out
2026-09-26T16:28:45Z  WARNING  thresholds fetch failed: timed out
2026-09-26T16:28:45Z  WARNING  stats fetch failed: timed out
2026-09-26T16:28:50Z  WARNING  thresholds fetch failed: timed out
2026-09-26T16:28:50Z  WARNING  stats fetch failed: timed out
2026-09-26T16:28:55Z  WARNING  thresholds fetch failed: timed out
2026-09-26T16:28:55Z  WARNING  stats fetch failed: timed out
2026-09-26T16:29:00Z  WARNING  thresholds fetch failed: timed out
2026-09-26T16:29:00Z  WARNING  stats fetch failed: timed out
2026-09-26T16:29:05Z  WARNING  thresholds fetch failed: timed out
2026-09-26T16:29:05Z  WARNING  stats fetch failed: timed out
2026-09-26T16:29:10Z  WARNING  thresholds fetch failed: timed out
2026-09-26T16:29:10Z  WARNING  stats fetch failed: timed out
2026-09-26T16:29:15Z  WARNING  thresholds fetch failed: timed out
2026-09-26T16:29:15Z  WARNING  stats fetch failed: timed out
2026-09-26T16:29:20Z  WARNING  thresholds fetch failed: timed out
2026-09-26T16:29:20Z  WARNING  stats fetch failed: timed out
2026-09-26T16:29:25Z  WARNING  thresholds fetch failed: timed out
2026-09-26T16:29:25Z  WARNING  stats fetch failed: timed out
2026-09-26T16:29:30Z  WARNING  thresholds fetch failed: timed out
2026-09-26T16:29:30Z  WARNING  stats fetch failed: timed out
2026-09-26T16:29:35Z  WARNING  thresholds fetch failed: timed out
2026-09-26T16:29:35Z  WARNING  stats fetch failed: timed out
2026-09-26T16:29:40Z  WARNING  thresholds fetch failed: timed out
2026-09-26T16:29:40Z  WARNING  stats fetch failed: timed out
2026-09-26T16:29:45Z  WARNING  thresholds fetch failed: timed out
2026-09-26T16:29:45Z  WARNING  stats fetch failed: timed out
2026-09-26T16:29:50Z  WARNING  thresholds fetch failed: timed out
2026-09-26T16:29:50Z  WARNING  stats fetch failed: timed out
2026-09-26T16:29:55Z  WARNING  thresholds fetch failed: timed out
2026-09-26T16:29:55Z  WARNING  stats fetch failed: timed out
2026-09-26T16:30:00Z  WARNING  thresholds fetch failed: timed out
2026-09-26T16:30:00Z  WARNING  stats fetch failed: timed out
2026-09-26T16:30:05Z  WARNING  thresholds fetch failed: timed out
2026-09-26T16:30:05Z  WARNING  stats fetch failed: timed out
2026-09-26T16:30:09Z  SHUTDOWN  signal=15
2026-09-26T16:30:10Z  EXIT
