2026-09-13T21:02:43Z  START  poll_interval=1s layer_a_poll_interval=5s
2026-09-13T21:03:35Z  WARNING  thresholds fetch failed: timed out
2026-09-13T21:03:35Z  WARNING  stats fetch failed: timed out
2026-09-13T21:03:40Z  WARNING  thresholds fetch failed: timed out
2026-09-13T21:03:40Z  WARNING  stats fetch failed: timed out
2026-09-13T21:03:45Z  WARNING  thresholds fetch failed: timed out
2026-09-13T21:03:45Z  WARNING  stats fetch failed: timed out
2026-09-13T21:03:50Z  WARNING  thresholds fetch failed: timed out
2026-09-13T21:03:50Z  WARNING  stats fetch failed: timed out
2026-09-13T21:03:55Z  WARNING  thresholds fetch failed: timed out
2026-09-13T21:03:55Z  WARNING  stats fetch failed: timed out
2026-09-13T21:04:00Z  WARNING  thresholds fetch failed: timed out
2026-09-13T21:04:00Z  WARNING  stats fetch failed: timed out
2026-09-13T21:04:05Z  WARNING  thresholds fetch failed: timed out
2026-09-13T21:04:05Z  WARNING  stats fetch failed: timed out
2026-09-13T21:04:10Z  WARNING  thresholds fetch failed: timed out
2026-09-13T21:04:10Z  WARNING  stats fetch failed: timed out
2026-09-13T21:04:15Z  WARNING  thresholds fetch failed: timed out
2026-09-13T21:04:15Z  WARNING  stats fetch failed: timed out
2026-09-13T21:04:20Z  WARNING  thresholds fetch failed: timed out
2026-09-13T21:04:20Z  WARNING  stats fetch failed: timed out
2026-09-13T21:04:25Z  WARNING  thresholds fetch failed: timed out
2026-09-13T21:04:25Z  WARNING  stats fetch failed: timed out
2026-09-13T21:04:30Z  WARNING  thresholds fetch failed: timed out
2026-09-13T21:04:30Z  WARNING  stats fetch failed: timed out
2026-09-13T21:04:35Z  WARNING  thresholds fetch failed: timed out
2026-09-13T21:04:35Z  WARNING  stats fetch failed: timed out
2026-09-13T21:04:40Z  WARNING  thresholds fetch failed: timed out
2026-09-13T21:04:40Z  WARNING  stats fetch failed: timed out
2026-09-13T21:04:45Z  WARNING  thresholds fetch failed: timed out
2026-09-13T21:04:45Z  WARNING  stats fetch failed: timed out
2026-09-13T21:04:50Z  WARNING  thresholds fetch failed: timed out
2026-09-13T21:04:50Z  WARNING  stats fetch failed: timed out
2026-09-13T21:04:55Z  WARNING  thresholds fetch failed: timed out
2026-09-13T21:04:55Z  WARNING  stats fetch failed: timed out
2026-09-13T21:05:00Z  WARNING  thresholds fetch failed: timed out
2026-09-13T21:05:00Z  WARNING  stats fetch failed: timed out
2026-09-13T21:05:05Z  WARNING  thresholds fetch failed: timed out
2026-09-13T21:05:05Z  WARNING  stats fetch failed: timed out
2026-09-13T21:05:10Z  WARNING  thresholds fetch failed: timed out
2026-09-13T21:05:10Z  WARNING  stats fetch failed: timed out
2026-09-13T21:05:15Z  WARNING  thresholds fetch failed: timed out
2026-09-13T21:05:15Z  WARNING  stats fetch failed: timed out
2026-09-13T21:05:20Z  WARNING  thresholds fetch failed: timed out
2026-09-13T21:05:20Z  WARNING  stats fetch failed: timed out
2026-09-13T21:05:25Z  WARNING  thresholds fetch failed: timed out
2026-09-13T21:05:25Z  WARNING  stats fetch failed: timed out
2026-09-13T21:05:30Z  WARNING  thresholds fetch failed: timed out
2026-09-13T21:05:30Z  WARNING  stats fetch failed: timed out
2026-09-13T21:05:35Z  WARNING  thresholds fetch failed: timed out
2026-09-13T21:05:35Z  WARNING  stats fetch failed: timed out
2026-09-13T21:05:40Z  WARNING  thresholds fetch failed: timed out
2026-09-13T21:05:40Z  WARNING  stats fetch failed: timed out
2026-09-13T21:05:45Z  WARNING  thresholds fetch failed: timed out
2026-09-13T21:05:45Z  WARNING  stats fetch failed: timed out
2026-09-13T21:05:50Z  WARNING  thresholds fetch failed: timed out
2026-09-13T21:05:50Z  WARNING  stats fetch failed: timed out
2026-09-13T21:05:55Z  WARNING  thresholds fetch failed: timed out
2026-09-13T21:05:55Z  WARNING  stats fetch failed: timed out
2026-09-13T21:06:00Z  WARNING  thresholds fetch failed: timed out
2026-09-13T21:06:00Z  WARNING  stats fetch failed: timed out
2026-09-13T21:06:05Z  WARNING  thresholds fetch failed: timed out
2026-09-13T21:06:05Z  WARNING  stats fetch failed: timed out
2026-09-13T21:06:10Z  WARNING  thresholds fetch failed: timed out
2026-09-13T21:06:10Z  WARNING  stats fetch failed: timed out
2026-09-13T21:06:15Z  WARNING  thresholds fetch failed: timed out
2026-09-13T21:06:15Z  WARNING  stats fetch failed: timed out
2026-09-13T21:06:20Z  WARNING  thresholds fetch failed: timed out
2026-09-13T21:06:20Z  WARNING  stats fetch failed: timed out
2026-09-13T21:06:25Z  WARNING  thresholds fetch failed: timed out
2026-09-13T21:06:25Z  WARNING  stats fetch failed: timed out
2026-09-13T21:06:30Z  WARNING  thresholds fetch failed: timed out
2026-09-13T21:06:30Z  WARNING  stats fetch failed: timed out
2026-09-13T21:06:35Z  WARNING  thresholds fetch failed: timed out
2026-09-13T21:06:35Z  WARNING  stats fetch failed: timed out
2026-09-13T21:06:40Z  WARNING  thresholds fetch failed: timed out
2026-09-13T21:06:40Z  WARNING  stats fetch failed: timed out
2026-09-13T21:06:45Z  WARNING  thresholds fetch failed: timed out
2026-09-13T21:06:45Z  WARNING  stats fetch failed: timed out
2026-09-13T21:06:50Z  WARNING  thresholds fetch failed: timed out
2026-09-13T21:06:50Z  WARNING  stats fetch failed: timed out
2026-09-13T21:06:55Z  WARNING  thresholds fetch failed: timed out
2026-09-13T21:06:55Z  WARNING  stats fetch failed: timed out
2026-09-13T21:07:00Z  WARNING  thresholds fetch failed: timed out
2026-09-13T21:07:00Z  WARNING  stats fetch failed: timed out
2026-09-13T21:07:05Z  WARNING  thresholds fetch failed: timed out
2026-09-13T21:07:05Z  WARNING  stats fetch failed: timed out
2026-09-13T21:07:10Z  WARNING  thresholds fetch failed: timed out
2026-09-13T21:07:10Z  WARNING  stats fetch failed: timed out
2026-09-13T21:07:15Z  WARNING  thresholds fetch failed: timed out
2026-09-13T21:07:15Z  WARNING  stats fetch failed: timed out
2026-09-13T21:07:20Z  WARNING  thresholds fetch failed: timed out
2026-09-13T21:07:20Z  WARNING  stats fetch failed: timed out
2026-09-13T21:07:25Z  WARNING  thresholds fetch failed: timed out
2026-09-13T21:07:25Z  WARNING  stats fetch failed: timed out
2026-09-13T21:07:30Z  WARNING  thresholds fetch failed: timed out
2026-09-13T21:07:30Z  WARNING  stats fetch failed: timed out
2026-09-13T21:07:35Z  WARNING  thresholds fetch failed: timed out
2026-09-13T21:07:35Z  WARNING  stats fetch failed: timed out
2026-09-13T21:07:40Z  WARNING  thresholds fetch failed: timed out
2026-09-13T21:07:40Z  WARNING  stats fetch failed: timed out
2026-09-13T21:07:45Z  WARNING  thresholds fetch failed: timed out
2026-09-13T21:07:45Z  WARNING  stats fetch failed: timed out
2026-09-13T21:07:50Z  WARNING  thresholds fetch failed: timed out
2026-09-13T21:07:50Z  WARNING  stats fetch failed: timed out
2026-09-13T21:07:55Z  WARNING  thresholds fetch failed: timed out
2026-09-13T21:07:55Z  WARNING  stats fetch failed: timed out
2026-09-13T21:08:00Z  WARNING  thresholds fetch failed: timed out
2026-09-13T21:08:00Z  WARNING  stats fetch failed: timed out
2026-09-13T21:08:05Z  WARNING  thresholds fetch failed: timed out
2026-09-13T21:08:05Z  WARNING  stats fetch failed: timed out
2026-09-13T21:08:10Z  WARNING  thresholds fetch failed: timed out
2026-09-13T21:08:10Z  WARNING  stats fetch failed: timed out
2026-09-13T21:08:15Z  WARNING  thresholds fetch failed: timed out
2026-09-13T21:08:15Z  WARNING  stats fetch failed: timed out
2026-09-13T21:08:20Z  WARNING  thresholds fetch failed: timed out
2026-09-13T21:08:20Z  WARNING  stats fetch failed: timed out
2026-09-13T21:08:25Z  WARNING  thresholds fetch failed: timed out
2026-09-13T21:08:25Z  WARNING  stats fetch failed: timed out
2026-09-13T21:08:30Z  WARNING  thresholds fetch failed: timed out
2026-09-13T21:08:30Z  WARNING  stats fetch failed: timed out
2026-09-13T21:08:35Z  WARNING  thresholds fetch failed: timed out
2026-09-13T21:08:35Z  WARNING  stats fetch failed: timed out
2026-09-13T21:08:40Z  WARNING  thresholds fetch failed: timed out
2026-09-13T21:08:40Z  WARNING  stats fetch failed: timed out
2026-09-13T21:08:45Z  WARNING  thresholds fetch failed: timed out
2026-09-13T21:08:45Z  WARNING  stats fetch failed: timed out
2026-09-13T21:08:50Z  WARNING  thresholds fetch failed: timed out
2026-09-13T21:08:50Z  WARNING  stats fetch failed: timed out
2026-09-13T21:08:55Z  WARNING  thresholds fetch failed: timed out
2026-09-13T21:08:55Z  WARNING  stats fetch failed: timed out
2026-09-13T21:09:00Z  WARNING  thresholds fetch failed: timed out
2026-09-13T21:09:00Z  WARNING  stats fetch failed: timed out
2026-09-13T21:09:05Z  WARNING  thresholds fetch failed: timed out
2026-09-13T21:09:05Z  WARNING  stats fetch failed: timed out
2026-09-13T21:09:10Z  WARNING  thresholds fetch failed: timed out
2026-09-13T21:09:10Z  WARNING  stats fetch failed: timed out
2026-09-13T21:09:15Z  WARNING  thresholds fetch failed: timed out
2026-09-13T21:09:15Z  WARNING  stats fetch failed: timed out
2026-09-13T21:09:20Z  WARNING  thresholds fetch failed: timed out
2026-09-13T21:09:20Z  WARNING  stats fetch failed: timed out
2026-09-13T21:09:25Z  WARNING  thresholds fetch failed: timed out
2026-09-13T21:09:25Z  WARNING  stats fetch failed: timed out
2026-09-13T21:09:30Z  WARNING  thresholds fetch failed: timed out
2026-09-13T21:09:30Z  WARNING  stats fetch failed: timed out
2026-09-13T21:09:35Z  WARNING  thresholds fetch failed: timed out
2026-09-13T21:09:35Z  WARNING  stats fetch failed: timed out
2026-09-13T21:09:40Z  WARNING  thresholds fetch failed: timed out
2026-09-13T21:09:40Z  WARNING  stats fetch failed: timed out
2026-09-13T21:09:45Z  WARNING  thresholds fetch failed: timed out
2026-09-13T21:09:45Z  WARNING  stats fetch failed: timed out
2026-09-13T21:09:50Z  WARNING  thresholds fetch failed: timed out
2026-09-13T21:09:50Z  WARNING  stats fetch failed: timed out
2026-09-13T21:09:55Z  WARNING  thresholds fetch failed: timed out
2026-09-13T21:09:55Z  WARNING  stats fetch failed: timed out
2026-09-13T21:10:00Z  WARNING  thresholds fetch failed: timed out
2026-09-13T21:10:00Z  WARNING  stats fetch failed: timed out
2026-09-13T21:10:05Z  WARNING  thresholds fetch failed: timed out
2026-09-13T21:10:05Z  WARNING  stats fetch failed: timed out
2026-09-13T21:10:10Z  WARNING  thresholds fetch failed: timed out
2026-09-13T21:10:10Z  WARNING  stats fetch failed: timed out
2026-09-13T21:10:15Z  WARNING  thresholds fetch failed: timed out
2026-09-13T21:10:15Z  WARNING  stats fetch failed: timed out
2026-09-13T21:10:20Z  WARNING  thresholds fetch failed: timed out
2026-09-13T21:10:20Z  WARNING  stats fetch failed: timed out
2026-09-13T21:10:25Z  WARNING  thresholds fetch failed: timed out
2026-09-13T21:10:25Z  WARNING  stats fetch failed: timed out
2026-09-13T21:10:30Z  WARNING  thresholds fetch failed: timed out
2026-09-13T21:10:30Z  WARNING  stats fetch failed: timed out
2026-09-13T21:10:35Z  WARNING  thresholds fetch failed: timed out
2026-09-13T21:10:35Z  WARNING  stats fetch failed: timed out
2026-09-13T21:10:40Z  WARNING  thresholds fetch failed: timed out
2026-09-13T21:10:40Z  WARNING  stats fetch failed: timed out
2026-09-13T21:10:45Z  WARNING  thresholds fetch failed: timed out
2026-09-13T21:10:45Z  WARNING  stats fetch failed: timed out
2026-09-13T21:10:50Z  WARNING  thresholds fetch failed: timed out
2026-09-13T21:10:50Z  WARNING  stats fetch failed: timed out
2026-09-13T21:10:55Z  WARNING  thresholds fetch failed: timed out
2026-09-13T21:10:55Z  WARNING  stats fetch failed: timed out
2026-09-13T21:11:00Z  WARNING  thresholds fetch failed: timed out
2026-09-13T21:11:00Z  WARNING  stats fetch failed: timed out
2026-09-13T21:11:05Z  WARNING  thresholds fetch failed: timed out
2026-09-13T21:11:05Z  WARNING  stats fetch failed: timed out
2026-09-13T21:11:10Z  WARNING  thresholds fetch failed: timed out
2026-09-13T21:11:10Z  WARNING  stats fetch failed: timed out
2026-09-13T21:11:15Z  WARNING  thresholds fetch failed: timed out
2026-09-13T21:11:15Z  WARNING  stats fetch failed: timed out
2026-09-13T21:11:20Z  WARNING  thresholds fetch failed: timed out
2026-09-13T21:11:20Z  WARNING  stats fetch failed: timed out
2026-09-13T21:11:25Z  WARNING  thresholds fetch failed: timed out
2026-09-13T21:11:25Z  WARNING  stats fetch failed: timed out
2026-09-13T21:11:30Z  WARNING  thresholds fetch failed: timed out
2026-09-13T21:11:30Z  WARNING  stats fetch failed: timed out
2026-09-13T21:11:35Z  WARNING  thresholds fetch failed: timed out
2026-09-13T21:11:35Z  WARNING  stats fetch failed: timed out
2026-09-13T21:11:40Z  WARNING  thresholds fetch failed: timed out
2026-09-13T21:11:40Z  WARNING  stats fetch failed: timed out
2026-09-13T21:11:45Z  WARNING  thresholds fetch failed: timed out
2026-09-13T21:11:45Z  WARNING  stats fetch failed: timed out
2026-09-13T21:11:50Z  WARNING  thresholds fetch failed: <urlopen error timed out>
2026-09-13T21:11:50Z  WARNING  stats fetch failed: timed out
2026-09-13T21:11:55Z  WARNING  thresholds fetch failed: timed out
2026-09-13T21:11:55Z  WARNING  stats fetch failed: timed out
2026-09-13T21:12:00Z  WARNING  thresholds fetch failed: timed out
2026-09-13T21:12:00Z  WARNING  stats fetch failed: timed out
2026-09-13T21:12:05Z  WARNING  thresholds fetch failed: timed out
2026-09-13T21:12:05Z  WARNING  stats fetch failed: timed out
2026-09-13T21:12:10Z  WARNING  thresholds fetch failed: timed out
2026-09-13T21:12:10Z  WARNING  stats fetch failed: timed out
2026-09-13T21:12:15Z  WARNING  thresholds fetch failed: timed out
2026-09-13T21:12:15Z  WARNING  stats fetch failed: timed out
2026-09-13T21:12:20Z  WARNING  thresholds fetch failed: timed out
2026-09-13T21:12:20Z  WARNING  stats fetch failed: timed out
2026-09-13T21:12:25Z  WARNING  thresholds fetch failed: timed out
2026-09-13T21:12:25Z  WARNING  stats fetch failed: timed out
2026-09-13T21:12:30Z  WARNING  thresholds fetch failed: timed out
2026-09-13T21:12:30Z  WARNING  stats fetch failed: timed out
2026-09-13T21:12:35Z  WARNING  thresholds fetch failed: timed out
2026-09-13T21:12:35Z  WARNING  stats fetch failed: timed out
2026-09-13T21:12:40Z  WARNING  thresholds fetch failed: timed out
2026-09-13T21:12:40Z  WARNING  stats fetch failed: timed out
2026-09-13T21:12:45Z  WARNING  thresholds fetch failed: timed out
2026-09-13T21:12:45Z  WARNING  stats fetch failed: timed out
2026-09-13T21:12:50Z  WARNING  thresholds fetch failed: timed out
2026-09-13T21:12:50Z  WARNING  stats fetch failed: timed out
2026-09-13T21:12:55Z  WARNING  thresholds fetch failed: timed out
2026-09-13T21:12:55Z  WARNING  stats fetch failed: timed out
2026-09-13T21:13:00Z  WARNING  thresholds fetch failed: timed out
2026-09-13T21:13:00Z  WARNING  stats fetch failed: timed out
2026-09-13T21:13:05Z  WARNING  thresholds fetch failed: timed out
2026-09-13T21:13:05Z  WARNING  stats fetch failed: timed out
2026-09-13T21:13:10Z  WARNING  thresholds fetch failed: timed out
2026-09-13T21:13:10Z  WARNING  stats fetch failed: timed out
2026-09-13T21:13:14Z  SHUTDOWN  signal=15
2026-09-13T21:13:15Z  EXIT
