2026-09-18T08:05:19Z  START  poll_interval=1s layer_a_poll_interval=5s
2026-09-18T08:05:40Z  WARNING  thresholds fetch failed: timed out
2026-09-18T08:05:40Z  WARNING  stats fetch failed: timed out
2026-09-18T08:05:45Z  WARNING  thresholds fetch failed: timed out
2026-09-18T08:05:45Z  WARNING  stats fetch failed: timed out
2026-09-18T08:05:50Z  WARNING  thresholds fetch failed: timed out
2026-09-18T08:05:50Z  WARNING  stats fetch failed: timed out
2026-09-18T08:05:55Z  WARNING  thresholds fetch failed: timed out
2026-09-18T08:05:55Z  WARNING  stats fetch failed: timed out
2026-09-18T08:06:00Z  WARNING  thresholds fetch failed: timed out
2026-09-18T08:06:00Z  WARNING  stats fetch failed: timed out
2026-09-18T08:06:05Z  WARNING  thresholds fetch failed: timed out
2026-09-18T08:06:05Z  WARNING  stats fetch failed: timed out
2026-09-18T08:06:10Z  WARNING  thresholds fetch failed: timed out
2026-09-18T08:06:10Z  WARNING  stats fetch failed: timed out
2026-09-18T08:06:15Z  WARNING  thresholds fetch failed: timed out
2026-09-18T08:06:15Z  WARNING  stats fetch failed: timed out
2026-09-18T08:06:20Z  WARNING  thresholds fetch failed: timed out
2026-09-18T08:06:20Z  WARNING  stats fetch failed: timed out
2026-09-18T08:06:25Z  WARNING  thresholds fetch failed: timed out
2026-09-18T08:06:25Z  WARNING  stats fetch failed: timed out
2026-09-18T08:06:30Z  WARNING  thresholds fetch failed: timed out
2026-09-18T08:06:30Z  WARNING  stats fetch failed: timed out
2026-09-18T08:06:35Z  WARNING  thresholds fetch failed: timed out
2026-09-18T08:06:35Z  WARNING  stats fetch failed: timed out
2026-09-18T08:06:40Z  WARNING  thresholds fetch failed: timed out
2026-09-18T08:06:40Z  WARNING  stats fetch failed: timed out
2026-09-18T08:06:45Z  WARNING  thresholds fetch failed: timed out
2026-09-18T08:06:45Z  WARNING  stats fetch failed: timed out
2026-09-18T08:06:50Z  WARNING  thresholds fetch failed: timed out
2026-09-18T08:06:50Z  WARNING  stats fetch failed: timed out
2026-09-18T08:06:55Z  WARNING  thresholds fetch failed: timed out
2026-09-18T08:06:55Z  WARNING  stats fetch failed: timed out
2026-09-18T08:07:00Z  WARNING  thresholds fetch failed: timed out
2026-09-18T08:07:00Z  WARNING  stats fetch failed: timed out
2026-09-18T08:07:05Z  WARNING  thresholds fetch failed: timed out
2026-09-18T08:07:05Z  WARNING  stats fetch failed: timed out
2026-09-18T08:07:10Z  WARNING  thresholds fetch failed: timed out
2026-09-18T08:07:10Z  WARNING  stats fetch failed: timed out
2026-09-18T08:07:15Z  WARNING  thresholds fetch failed: timed out
2026-09-18T08:07:15Z  WARNING  stats fetch failed: timed out
2026-09-18T08:07:20Z  WARNING  thresholds fetch failed: timed out
2026-09-18T08:07:20Z  WARNING  stats fetch failed: timed out
2026-09-18T08:07:25Z  WARNING  thresholds fetch failed: timed out
2026-09-18T08:07:25Z  WARNING  stats fetch failed: timed out
2026-09-18T08:07:30Z  WARNING  thresholds fetch failed: timed out
2026-09-18T08:07:30Z  WARNING  stats fetch failed: timed out
2026-09-18T08:07:35Z  WARNING  thresholds fetch failed: timed out
2026-09-18T08:07:35Z  WARNING  stats fetch failed: timed out
2026-09-18T08:07:40Z  WARNING  thresholds fetch failed: timed out
2026-09-18T08:07:40Z  WARNING  stats fetch failed: timed out
2026-09-18T08:07:45Z  WARNING  thresholds fetch failed: timed out
2026-09-18T08:07:45Z  WARNING  stats fetch failed: timed out
2026-09-18T08:07:50Z  WARNING  thresholds fetch failed: timed out
2026-09-18T08:07:50Z  WARNING  stats fetch failed: timed out
2026-09-18T08:07:55Z  WARNING  thresholds fetch failed: timed out
2026-09-18T08:07:55Z  WARNING  stats fetch failed: timed out
2026-09-18T08:08:00Z  WARNING  thresholds fetch failed: timed out
2026-09-18T08:08:00Z  WARNING  stats fetch failed: timed out
2026-09-18T08:08:05Z  WARNING  thresholds fetch failed: timed out
2026-09-18T08:08:05Z  WARNING  stats fetch failed: timed out
2026-09-18T08:08:10Z  WARNING  thresholds fetch failed: timed out
2026-09-18T08:08:10Z  WARNING  stats fetch failed: timed out
2026-09-18T08:08:15Z  WARNING  thresholds fetch failed: timed out
2026-09-18T08:08:15Z  WARNING  stats fetch failed: timed out
2026-09-18T08:08:20Z  WARNING  thresholds fetch failed: timed out
2026-09-18T08:08:20Z  WARNING  stats fetch failed: timed out
2026-09-18T08:08:25Z  WARNING  thresholds fetch failed: timed out
2026-09-18T08:08:25Z  WARNING  stats fetch failed: timed out
2026-09-18T08:08:30Z  WARNING  thresholds fetch failed: timed out
2026-09-18T08:08:30Z  WARNING  stats fetch failed: timed out
2026-09-18T08:08:35Z  WARNING  thresholds fetch failed: timed out
2026-09-18T08:08:35Z  WARNING  stats fetch failed: timed out
2026-09-18T08:08:40Z  WARNING  thresholds fetch failed: timed out
2026-09-18T08:08:40Z  WARNING  stats fetch failed: timed out
2026-09-18T08:08:45Z  WARNING  thresholds fetch failed: timed out
2026-09-18T08:08:45Z  WARNING  stats fetch failed: timed out
2026-09-18T08:08:50Z  WARNING  thresholds fetch failed: timed out
2026-09-18T08:08:50Z  WARNING  stats fetch failed: timed out
2026-09-18T08:08:55Z  WARNING  thresholds fetch failed: timed out
2026-09-18T08:08:55Z  WARNING  stats fetch failed: timed out
2026-09-18T08:09:00Z  WARNING  thresholds fetch failed: timed out
2026-09-18T08:09:00Z  WARNING  stats fetch failed: timed out
2026-09-18T08:09:05Z  WARNING  thresholds fetch failed: timed out
2026-09-18T08:09:05Z  WARNING  stats fetch failed: timed out
2026-09-18T08:09:10Z  WARNING  thresholds fetch failed: timed out
2026-09-18T08:09:10Z  WARNING  stats fetch failed: timed out
2026-09-18T08:09:15Z  WARNING  thresholds fetch failed: timed out
2026-09-18T08:09:15Z  WARNING  stats fetch failed: timed out
2026-09-18T08:09:20Z  WARNING  thresholds fetch failed: timed out
2026-09-18T08:09:20Z  WARNING  stats fetch failed: timed out
2026-09-18T08:09:25Z  WARNING  thresholds fetch failed: timed out
2026-09-18T08:09:25Z  WARNING  stats fetch failed: timed out
2026-09-18T08:09:30Z  WARNING  thresholds fetch failed: timed out
2026-09-18T08:09:30Z  WARNING  stats fetch failed: timed out
2026-09-18T08:09:35Z  WARNING  thresholds fetch failed: timed out
2026-09-18T08:09:35Z  WARNING  stats fetch failed: timed out
2026-09-18T08:09:40Z  WARNING  thresholds fetch failed: timed out
2026-09-18T08:09:40Z  WARNING  stats fetch failed: timed out
2026-09-18T08:09:45Z  WARNING  thresholds fetch failed: timed out
2026-09-18T08:09:45Z  WARNING  stats fetch failed: timed out
2026-09-18T08:09:50Z  WARNING  thresholds fetch failed: timed out
2026-09-18T08:09:50Z  WARNING  stats fetch failed: timed out
2026-09-18T08:09:55Z  WARNING  thresholds fetch failed: timed out
2026-09-18T08:09:55Z  WARNING  stats fetch failed: timed out
2026-09-18T08:10:00Z  WARNING  thresholds fetch failed: timed out
2026-09-18T08:10:00Z  WARNING  stats fetch failed: timed out
2026-09-18T08:10:05Z  WARNING  thresholds fetch failed: timed out
2026-09-18T08:10:05Z  WARNING  stats fetch failed: timed out
2026-09-18T08:10:10Z  WARNING  thresholds fetch failed: timed out
2026-09-18T08:10:10Z  WARNING  stats fetch failed: timed out
2026-09-18T08:10:15Z  WARNING  thresholds fetch failed: timed out
2026-09-18T08:10:15Z  WARNING  stats fetch failed: timed out
2026-09-18T08:10:20Z  WARNING  thresholds fetch failed: timed out
2026-09-18T08:10:20Z  WARNING  stats fetch failed: timed out
2026-09-18T08:10:25Z  WARNING  thresholds fetch failed: timed out
2026-09-18T08:10:25Z  WARNING  stats fetch failed: timed out
2026-09-18T08:10:30Z  WARNING  thresholds fetch failed: timed out
2026-09-18T08:10:30Z  WARNING  stats fetch failed: timed out
2026-09-18T08:10:35Z  WARNING  thresholds fetch failed: timed out
2026-09-18T08:10:35Z  WARNING  stats fetch failed: timed out
2026-09-18T08:10:40Z  WARNING  thresholds fetch failed: timed out
2026-09-18T08:10:40Z  WARNING  stats fetch failed: timed out
2026-09-18T08:10:45Z  WARNING  thresholds fetch failed: <urlopen error timed out>
2026-09-18T08:10:45Z  WARNING  stats fetch failed: timed out
2026-09-18T08:10:50Z  WARNING  thresholds fetch failed: timed out
2026-09-18T08:10:50Z  WARNING  stats fetch failed: timed out
2026-09-18T08:10:55Z  WARNING  thresholds fetch failed: timed out
2026-09-18T08:10:55Z  WARNING  stats fetch failed: timed out
2026-09-18T08:11:00Z  WARNING  thresholds fetch failed: timed out
2026-09-18T08:11:00Z  WARNING  stats fetch failed: timed out
2026-09-18T08:11:05Z  WARNING  thresholds fetch failed: timed out
2026-09-18T08:11:05Z  WARNING  stats fetch failed: timed out
2026-09-18T08:11:10Z  WARNING  thresholds fetch failed: timed out
2026-09-18T08:11:10Z  WARNING  stats fetch failed: timed out
2026-09-18T08:11:15Z  WARNING  thresholds fetch failed: timed out
2026-09-18T08:11:15Z  WARNING  stats fetch failed: timed out
2026-09-18T08:11:20Z  WARNING  thresholds fetch failed: timed out
2026-09-18T08:11:20Z  WARNING  stats fetch failed: timed out
2026-09-18T08:11:25Z  WARNING  thresholds fetch failed: timed out
2026-09-18T08:11:25Z  WARNING  stats fetch failed: timed out
2026-09-18T08:11:30Z  WARNING  thresholds fetch failed: timed out
2026-09-18T08:11:30Z  WARNING  stats fetch failed: timed out
2026-09-18T08:11:35Z  WARNING  thresholds fetch failed: timed out
2026-09-18T08:11:35Z  WARNING  stats fetch failed: timed out
2026-09-18T08:11:40Z  WARNING  thresholds fetch failed: timed out
2026-09-18T08:11:40Z  WARNING  stats fetch failed: timed out
2026-09-18T08:11:45Z  WARNING  thresholds fetch failed: timed out
2026-09-18T08:11:45Z  WARNING  stats fetch failed: timed out
2026-09-18T08:11:50Z  WARNING  thresholds fetch failed: timed out
2026-09-18T08:11:50Z  WARNING  stats fetch failed: timed out
2026-09-18T08:11:55Z  WARNING  thresholds fetch failed: timed out
2026-09-18T08:11:55Z  WARNING  stats fetch failed: timed out
2026-09-18T08:12:00Z  WARNING  thresholds fetch failed: timed out
2026-09-18T08:12:00Z  WARNING  stats fetch failed: timed out
2026-09-18T08:12:05Z  WARNING  thresholds fetch failed: timed out
2026-09-18T08:12:05Z  WARNING  stats fetch failed: timed out
2026-09-18T08:12:10Z  WARNING  thresholds fetch failed: timed out
2026-09-18T08:12:10Z  WARNING  stats fetch failed: timed out
2026-09-18T08:12:15Z  WARNING  thresholds fetch failed: timed out
2026-09-18T08:12:15Z  WARNING  stats fetch failed: timed out
2026-09-18T08:12:20Z  WARNING  thresholds fetch failed: timed out
2026-09-18T08:12:20Z  WARNING  stats fetch failed: timed out
2026-09-18T08:12:25Z  WARNING  thresholds fetch failed: timed out
2026-09-18T08:12:25Z  WARNING  stats fetch failed: timed out
2026-09-18T08:12:30Z  WARNING  thresholds fetch failed: timed out
2026-09-18T08:12:30Z  WARNING  stats fetch failed: timed out
2026-09-18T08:12:35Z  WARNING  thresholds fetch failed: timed out
2026-09-18T08:12:35Z  WARNING  stats fetch failed: timed out
2026-09-18T08:12:40Z  WARNING  thresholds fetch failed: timed out
2026-09-18T08:12:40Z  WARNING  stats fetch failed: timed out
2026-09-18T08:12:45Z  WARNING  thresholds fetch failed: timed out
2026-09-18T08:12:45Z  WARNING  stats fetch failed: timed out
2026-09-18T08:12:50Z  WARNING  thresholds fetch failed: timed out
2026-09-18T08:12:50Z  WARNING  stats fetch failed: timed out
2026-09-18T08:12:55Z  WARNING  thresholds fetch failed: timed out
2026-09-18T08:12:55Z  WARNING  stats fetch failed: timed out
2026-09-18T08:13:00Z  WARNING  thresholds fetch failed: timed out
2026-09-18T08:13:00Z  WARNING  stats fetch failed: timed out
2026-09-18T08:13:05Z  WARNING  thresholds fetch failed: timed out
2026-09-18T08:13:05Z  WARNING  stats fetch failed: timed out
2026-09-18T08:13:10Z  WARNING  thresholds fetch failed: timed out
2026-09-18T08:13:10Z  WARNING  stats fetch failed: timed out
2026-09-18T08:13:15Z  WARNING  thresholds fetch failed: timed out
2026-09-18T08:13:15Z  WARNING  stats fetch failed: timed out
2026-09-18T08:13:20Z  WARNING  thresholds fetch failed: timed out
2026-09-18T08:13:20Z  WARNING  stats fetch failed: timed out
2026-09-18T08:13:25Z  WARNING  thresholds fetch failed: timed out
2026-09-18T08:13:25Z  WARNING  stats fetch failed: timed out
2026-09-18T08:13:30Z  WARNING  thresholds fetch failed: timed out
2026-09-18T08:13:30Z  WARNING  stats fetch failed: timed out
2026-09-18T08:13:35Z  WARNING  thresholds fetch failed: timed out
2026-09-18T08:13:35Z  WARNING  stats fetch failed: timed out
2026-09-18T08:13:40Z  WARNING  thresholds fetch failed: timed out
2026-09-18T08:13:40Z  WARNING  stats fetch failed: timed out
2026-09-18T08:13:45Z  WARNING  thresholds fetch failed: timed out
2026-09-18T08:13:45Z  WARNING  stats fetch failed: timed out
2026-09-18T08:13:50Z  WARNING  thresholds fetch failed: <urlopen error timed out>
2026-09-18T08:13:50Z  WARNING  stats fetch failed: <urlopen error timed out>
2026-09-18T08:13:55Z  WARNING  thresholds fetch failed: <urlopen error timed out>
2026-09-18T08:13:55Z  WARNING  stats fetch failed: <urlopen error timed out>
2026-09-18T08:14:00Z  WARNING  thresholds fetch failed: <urlopen error timed out>
2026-09-18T08:14:00Z  WARNING  stats fetch failed: <urlopen error timed out>
2026-09-18T08:14:05Z  WARNING  thresholds fetch failed: <urlopen error timed out>
2026-09-18T08:14:05Z  WARNING  stats fetch failed: <urlopen error timed out>
2026-09-18T08:14:10Z  WARNING  thresholds fetch failed: <urlopen error timed out>
2026-09-18T08:14:10Z  WARNING  stats fetch failed: <urlopen error timed out>
2026-09-18T08:14:15Z  WARNING  thresholds fetch failed: <urlopen error timed out>
2026-09-18T08:14:15Z  WARNING  stats fetch failed: <urlopen error timed out>
2026-09-18T08:14:20Z  WARNING  thresholds fetch failed: <urlopen error timed out>
2026-09-18T08:14:20Z  WARNING  stats fetch failed: <urlopen error timed out>
2026-09-18T08:14:25Z  WARNING  thresholds fetch failed: <urlopen error timed out>
2026-09-18T08:14:25Z  WARNING  stats fetch failed: <urlopen error timed out>
2026-09-18T08:14:30Z  WARNING  thresholds fetch failed: <urlopen error timed out>
2026-09-18T08:14:30Z  WARNING  stats fetch failed: <urlopen error timed out>
2026-09-18T08:14:35Z  WARNING  thresholds fetch failed: <urlopen error timed out>
2026-09-18T08:14:35Z  WARNING  stats fetch failed: <urlopen error timed out>
2026-09-18T08:14:40Z  WARNING  thresholds fetch failed: <urlopen error timed out>
2026-09-18T08:14:40Z  WARNING  stats fetch failed: <urlopen error timed out>
2026-09-18T08:14:45Z  WARNING  thresholds fetch failed: <urlopen error timed out>
2026-09-18T08:14:45Z  WARNING  stats fetch failed: <urlopen error timed out>
2026-09-18T08:14:50Z  WARNING  thresholds fetch failed: <urlopen error timed out>
2026-09-18T08:14:50Z  WARNING  stats fetch failed: <urlopen error timed out>
2026-09-18T08:14:55Z  WARNING  thresholds fetch failed: <urlopen error timed out>
2026-09-18T08:14:55Z  WARNING  stats fetch failed: <urlopen error timed out>
2026-09-18T08:15:00Z  WARNING  thresholds fetch failed: <urlopen error timed out>
2026-09-18T08:15:00Z  WARNING  stats fetch failed: <urlopen error timed out>
2026-09-18T08:15:05Z  WARNING  thresholds fetch failed: <urlopen error timed out>
2026-09-18T08:15:05Z  WARNING  stats fetch failed: <urlopen error timed out>
2026-09-18T08:15:10Z  WARNING  thresholds fetch failed: <urlopen error timed out>
2026-09-18T08:15:10Z  WARNING  stats fetch failed: <urlopen error timed out>
2026-09-18T08:15:15Z  WARNING  thresholds fetch failed: <urlopen error timed out>
2026-09-18T08:15:15Z  WARNING  stats fetch failed: <urlopen error timed out>
2026-09-18T08:15:20Z  WARNING  thresholds fetch failed: <urlopen error timed out>
2026-09-18T08:15:20Z  WARNING  stats fetch failed: <urlopen error timed out>
2026-09-18T08:15:25Z  WARNING  thresholds fetch failed: <urlopen error timed out>
2026-09-18T08:15:25Z  WARNING  stats fetch failed: <urlopen error timed out>
2026-09-18T08:15:30Z  WARNING  thresholds fetch failed: <urlopen error timed out>
2026-09-18T08:15:30Z  WARNING  stats fetch failed: <urlopen error timed out>
2026-09-18T08:15:35Z  WARNING  thresholds fetch failed: <urlopen error timed out>
2026-09-18T08:15:35Z  WARNING  stats fetch failed: <urlopen error timed out>
2026-09-18T08:15:40Z  WARNING  thresholds fetch failed: <urlopen error timed out>
2026-09-18T08:15:40Z  WARNING  stats fetch failed: <urlopen error timed out>
2026-09-18T08:15:45Z  WARNING  thresholds fetch failed: <urlopen error timed out>
2026-09-18T08:15:45Z  WARNING  stats fetch failed: <urlopen error timed out>
2026-09-18T08:15:48Z  SHUTDOWN  signal=15
2026-09-18T08:15:49Z  EXIT
