2026-09-15T09:36:24Z  START  poll_interval=1s layer_a_poll_interval=5s
2026-09-15T09:38:05Z  WARNING  thresholds fetch failed: timed out
2026-09-15T09:38:05Z  WARNING  stats fetch failed: timed out
2026-09-15T09:38:10Z  WARNING  thresholds fetch failed: timed out
2026-09-15T09:38:10Z  WARNING  stats fetch failed: timed out
2026-09-15T09:38:15Z  WARNING  thresholds fetch failed: timed out
2026-09-15T09:38:15Z  WARNING  stats fetch failed: timed out
2026-09-15T09:38:20Z  WARNING  thresholds fetch failed: timed out
2026-09-15T09:38:20Z  WARNING  stats fetch failed: timed out
2026-09-15T09:38:25Z  WARNING  thresholds fetch failed: timed out
2026-09-15T09:38:25Z  WARNING  stats fetch failed: timed out
2026-09-15T09:38:30Z  WARNING  thresholds fetch failed: timed out
2026-09-15T09:38:30Z  WARNING  stats fetch failed: timed out
2026-09-15T09:38:35Z  WARNING  thresholds fetch failed: timed out
2026-09-15T09:38:35Z  WARNING  stats fetch failed: timed out
2026-09-15T09:38:40Z  WARNING  thresholds fetch failed: timed out
2026-09-15T09:38:40Z  WARNING  stats fetch failed: timed out
2026-09-15T09:38:45Z  WARNING  thresholds fetch failed: timed out
2026-09-15T09:38:45Z  WARNING  stats fetch failed: timed out
2026-09-15T09:38:50Z  WARNING  thresholds fetch failed: timed out
2026-09-15T09:38:50Z  WARNING  stats fetch failed: timed out
2026-09-15T09:38:55Z  WARNING  thresholds fetch failed: timed out
2026-09-15T09:38:55Z  WARNING  stats fetch failed: timed out
2026-09-15T09:39:00Z  WARNING  thresholds fetch failed: timed out
2026-09-15T09:39:00Z  WARNING  stats fetch failed: timed out
2026-09-15T09:39:05Z  WARNING  thresholds fetch failed: timed out
2026-09-15T09:39:05Z  WARNING  stats fetch failed: timed out
2026-09-15T09:39:10Z  WARNING  thresholds fetch failed: timed out
2026-09-15T09:39:10Z  WARNING  stats fetch failed: timed out
2026-09-15T09:39:15Z  WARNING  thresholds fetch failed: timed out
2026-09-15T09:39:15Z  WARNING  stats fetch failed: timed out
2026-09-15T09:39:20Z  WARNING  thresholds fetch failed: timed out
2026-09-15T09:39:20Z  WARNING  stats fetch failed: timed out
2026-09-15T09:39:25Z  WARNING  thresholds fetch failed: timed out
2026-09-15T09:39:25Z  WARNING  stats fetch failed: timed out
2026-09-15T09:39:30Z  WARNING  thresholds fetch failed: timed out
2026-09-15T09:39:30Z  WARNING  stats fetch failed: timed out
2026-09-15T09:39:35Z  WARNING  thresholds fetch failed: timed out
2026-09-15T09:39:35Z  WARNING  stats fetch failed: timed out
2026-09-15T09:39:40Z  WARNING  thresholds fetch failed: timed out
2026-09-15T09:39:40Z  WARNING  stats fetch failed: timed out
2026-09-15T09:39:45Z  WARNING  thresholds fetch failed: timed out
2026-09-15T09:39:45Z  WARNING  stats fetch failed: timed out
2026-09-15T09:39:50Z  WARNING  thresholds fetch failed: timed out
2026-09-15T09:39:50Z  WARNING  stats fetch failed: timed out
2026-09-15T09:39:55Z  WARNING  thresholds fetch failed: timed out
2026-09-15T09:39:55Z  WARNING  stats fetch failed: timed out
2026-09-15T09:40:00Z  WARNING  thresholds fetch failed: timed out
2026-09-15T09:40:00Z  WARNING  stats fetch failed: timed out
2026-09-15T09:40:05Z  WARNING  thresholds fetch failed: timed out
2026-09-15T09:40:05Z  WARNING  stats fetch failed: timed out
2026-09-15T09:40:10Z  WARNING  thresholds fetch failed: timed out
2026-09-15T09:40:10Z  WARNING  stats fetch failed: timed out
2026-09-15T09:40:15Z  WARNING  thresholds fetch failed: timed out
2026-09-15T09:40:15Z  WARNING  stats fetch failed: timed out
2026-09-15T09:40:20Z  WARNING  thresholds fetch failed: timed out
2026-09-15T09:40:20Z  WARNING  stats fetch failed: timed out
2026-09-15T09:40:25Z  WARNING  thresholds fetch failed: timed out
2026-09-15T09:40:25Z  WARNING  stats fetch failed: timed out
2026-09-15T09:40:30Z  WARNING  thresholds fetch failed: timed out
2026-09-15T09:40:30Z  WARNING  stats fetch failed: timed out
2026-09-15T09:40:35Z  WARNING  thresholds fetch failed: timed out
2026-09-15T09:40:35Z  WARNING  stats fetch failed: timed out
2026-09-15T09:40:40Z  WARNING  thresholds fetch failed: timed out
2026-09-15T09:40:40Z  WARNING  stats fetch failed: timed out
2026-09-15T09:40:45Z  WARNING  thresholds fetch failed: timed out
2026-09-15T09:40:45Z  WARNING  stats fetch failed: timed out
2026-09-15T09:40:50Z  WARNING  thresholds fetch failed: timed out
2026-09-15T09:40:50Z  WARNING  stats fetch failed: timed out
2026-09-15T09:40:55Z  WARNING  thresholds fetch failed: timed out
2026-09-15T09:40:55Z  WARNING  stats fetch failed: timed out
2026-09-15T09:41:00Z  WARNING  thresholds fetch failed: timed out
2026-09-15T09:41:00Z  WARNING  stats fetch failed: timed out
2026-09-15T09:41:05Z  WARNING  thresholds fetch failed: timed out
2026-09-15T09:41:05Z  WARNING  stats fetch failed: timed out
2026-09-15T09:41:10Z  WARNING  thresholds fetch failed: timed out
2026-09-15T09:41:10Z  WARNING  stats fetch failed: timed out
2026-09-15T09:41:15Z  WARNING  thresholds fetch failed: timed out
2026-09-15T09:41:15Z  WARNING  stats fetch failed: timed out
2026-09-15T09:41:20Z  WARNING  thresholds fetch failed: timed out
2026-09-15T09:41:20Z  WARNING  stats fetch failed: timed out
2026-09-15T09:41:25Z  WARNING  thresholds fetch failed: timed out
2026-09-15T09:41:25Z  WARNING  stats fetch failed: timed out
2026-09-15T09:41:30Z  WARNING  thresholds fetch failed: timed out
2026-09-15T09:41:30Z  WARNING  stats fetch failed: timed out
2026-09-15T09:41:35Z  WARNING  thresholds fetch failed: timed out
2026-09-15T09:41:35Z  WARNING  stats fetch failed: timed out
2026-09-15T09:41:40Z  WARNING  thresholds fetch failed: timed out
2026-09-15T09:41:40Z  WARNING  stats fetch failed: timed out
2026-09-15T09:41:45Z  WARNING  thresholds fetch failed: timed out
2026-09-15T09:41:45Z  WARNING  stats fetch failed: timed out
2026-09-15T09:41:50Z  WARNING  thresholds fetch failed: timed out
2026-09-15T09:41:50Z  WARNING  stats fetch failed: timed out
2026-09-15T09:41:55Z  WARNING  thresholds fetch failed: timed out
2026-09-15T09:41:55Z  WARNING  stats fetch failed: timed out
2026-09-15T09:42:00Z  WARNING  thresholds fetch failed: timed out
2026-09-15T09:42:00Z  WARNING  stats fetch failed: timed out
2026-09-15T09:42:05Z  WARNING  thresholds fetch failed: timed out
2026-09-15T09:42:05Z  WARNING  stats fetch failed: timed out
2026-09-15T09:42:10Z  WARNING  thresholds fetch failed: timed out
2026-09-15T09:42:10Z  WARNING  stats fetch failed: timed out
2026-09-15T09:42:15Z  WARNING  thresholds fetch failed: timed out
2026-09-15T09:42:15Z  WARNING  stats fetch failed: timed out
2026-09-15T09:42:20Z  WARNING  thresholds fetch failed: timed out
2026-09-15T09:42:20Z  WARNING  stats fetch failed: timed out
2026-09-15T09:42:25Z  WARNING  thresholds fetch failed: timed out
2026-09-15T09:42:25Z  WARNING  stats fetch failed: timed out
2026-09-15T09:42:30Z  WARNING  thresholds fetch failed: timed out
2026-09-15T09:42:30Z  WARNING  stats fetch failed: timed out
2026-09-15T09:42:35Z  WARNING  thresholds fetch failed: timed out
2026-09-15T09:42:35Z  WARNING  stats fetch failed: timed out
2026-09-15T09:42:40Z  WARNING  thresholds fetch failed: timed out
2026-09-15T09:42:40Z  WARNING  stats fetch failed: timed out
2026-09-15T09:42:45Z  WARNING  thresholds fetch failed: timed out
2026-09-15T09:42:45Z  WARNING  stats fetch failed: timed out
2026-09-15T09:42:50Z  WARNING  thresholds fetch failed: timed out
2026-09-15T09:42:50Z  WARNING  stats fetch failed: timed out
2026-09-15T09:42:55Z  WARNING  thresholds fetch failed: timed out
2026-09-15T09:42:55Z  WARNING  stats fetch failed: timed out
2026-09-15T09:43:00Z  WARNING  thresholds fetch failed: timed out
2026-09-15T09:43:00Z  WARNING  stats fetch failed: timed out
2026-09-15T09:43:05Z  WARNING  thresholds fetch failed: timed out
2026-09-15T09:43:05Z  WARNING  stats fetch failed: timed out
2026-09-15T09:43:10Z  WARNING  thresholds fetch failed: timed out
2026-09-15T09:43:10Z  WARNING  stats fetch failed: timed out
2026-09-15T09:43:15Z  WARNING  thresholds fetch failed: timed out
2026-09-15T09:43:15Z  WARNING  stats fetch failed: timed out
2026-09-15T09:43:20Z  WARNING  thresholds fetch failed: timed out
2026-09-15T09:43:20Z  WARNING  stats fetch failed: timed out
2026-09-15T09:43:25Z  WARNING  thresholds fetch failed: timed out
2026-09-15T09:43:25Z  WARNING  stats fetch failed: timed out
2026-09-15T09:43:30Z  WARNING  thresholds fetch failed: timed out
2026-09-15T09:43:30Z  WARNING  stats fetch failed: timed out
2026-09-15T09:43:35Z  WARNING  thresholds fetch failed: timed out
2026-09-15T09:43:35Z  WARNING  stats fetch failed: timed out
2026-09-15T09:43:40Z  WARNING  thresholds fetch failed: timed out
2026-09-15T09:43:40Z  WARNING  stats fetch failed: timed out
2026-09-15T09:43:45Z  WARNING  thresholds fetch failed: timed out
2026-09-15T09:43:45Z  WARNING  stats fetch failed: timed out
2026-09-15T09:43:50Z  WARNING  thresholds fetch failed: timed out
2026-09-15T09:43:50Z  WARNING  stats fetch failed: timed out
2026-09-15T09:43:55Z  WARNING  thresholds fetch failed: timed out
2026-09-15T09:43:55Z  WARNING  stats fetch failed: timed out
2026-09-15T09:44:00Z  WARNING  thresholds fetch failed: timed out
2026-09-15T09:44:00Z  WARNING  stats fetch failed: timed out
2026-09-15T09:44:05Z  WARNING  thresholds fetch failed: timed out
2026-09-15T09:44:05Z  WARNING  stats fetch failed: timed out
2026-09-15T09:44:10Z  WARNING  thresholds fetch failed: timed out
2026-09-15T09:44:10Z  WARNING  stats fetch failed: timed out
2026-09-15T09:44:15Z  WARNING  thresholds fetch failed: timed out
2026-09-15T09:44:15Z  WARNING  stats fetch failed: timed out
2026-09-15T09:44:20Z  WARNING  thresholds fetch failed: timed out
2026-09-15T09:44:20Z  WARNING  stats fetch failed: timed out
2026-09-15T09:44:25Z  WARNING  thresholds fetch failed: timed out
2026-09-15T09:44:25Z  WARNING  stats fetch failed: timed out
2026-09-15T09:44:30Z  WARNING  thresholds fetch failed: timed out
2026-09-15T09:44:30Z  WARNING  stats fetch failed: timed out
2026-09-15T09:44:35Z  WARNING  thresholds fetch failed: timed out
2026-09-15T09:44:35Z  WARNING  stats fetch failed: timed out
2026-09-15T09:44:40Z  WARNING  thresholds fetch failed: timed out
2026-09-15T09:44:40Z  WARNING  stats fetch failed: timed out
2026-09-15T09:44:45Z  WARNING  thresholds fetch failed: timed out
2026-09-15T09:44:45Z  WARNING  stats fetch failed: timed out
2026-09-15T09:44:50Z  WARNING  thresholds fetch failed: timed out
2026-09-15T09:44:50Z  WARNING  stats fetch failed: timed out
2026-09-15T09:44:55Z  WARNING  thresholds fetch failed: timed out
2026-09-15T09:44:55Z  WARNING  stats fetch failed: timed out
2026-09-15T09:45:00Z  WARNING  thresholds fetch failed: timed out
2026-09-15T09:45:00Z  WARNING  stats fetch failed: timed out
2026-09-15T09:45:05Z  WARNING  thresholds fetch failed: timed out
2026-09-15T09:45:05Z  WARNING  stats fetch failed: timed out
2026-09-15T09:45:10Z  WARNING  thresholds fetch failed: timed out
2026-09-15T09:45:10Z  WARNING  stats fetch failed: timed out
2026-09-15T09:45:15Z  WARNING  thresholds fetch failed: timed out
2026-09-15T09:45:15Z  WARNING  stats fetch failed: timed out
2026-09-15T09:45:20Z  WARNING  thresholds fetch failed: timed out
2026-09-15T09:45:20Z  WARNING  stats fetch failed: timed out
2026-09-15T09:45:25Z  WARNING  thresholds fetch failed: timed out
2026-09-15T09:45:25Z  WARNING  stats fetch failed: timed out
2026-09-15T09:45:30Z  WARNING  thresholds fetch failed: <urlopen error timed out>
2026-09-15T09:45:30Z  WARNING  stats fetch failed: timed out
2026-09-15T09:45:35Z  WARNING  thresholds fetch failed: <urlopen error timed out>
2026-09-15T09:45:35Z  WARNING  stats fetch failed: timed out
2026-09-15T09:45:40Z  WARNING  thresholds fetch failed: timed out
2026-09-15T09:45:40Z  WARNING  stats fetch failed: timed out
2026-09-15T09:45:45Z  WARNING  thresholds fetch failed: timed out
2026-09-15T09:45:45Z  WARNING  stats fetch failed: timed out
2026-09-15T09:45:50Z  WARNING  thresholds fetch failed: timed out
2026-09-15T09:45:50Z  WARNING  stats fetch failed: timed out
2026-09-15T09:45:55Z  WARNING  thresholds fetch failed: timed out
2026-09-15T09:45:55Z  WARNING  stats fetch failed: timed out
2026-09-15T09:46:00Z  WARNING  thresholds fetch failed: timed out
2026-09-15T09:46:00Z  WARNING  stats fetch failed: timed out
2026-09-15T09:46:05Z  WARNING  thresholds fetch failed: timed out
2026-09-15T09:46:05Z  WARNING  stats fetch failed: timed out
2026-09-15T09:46:10Z  WARNING  thresholds fetch failed: timed out
2026-09-15T09:46:10Z  WARNING  stats fetch failed: timed out
2026-09-15T09:46:15Z  WARNING  thresholds fetch failed: timed out
2026-09-15T09:46:15Z  WARNING  stats fetch failed: timed out
2026-09-15T09:46:20Z  WARNING  thresholds fetch failed: timed out
2026-09-15T09:46:20Z  WARNING  stats fetch failed: timed out
2026-09-15T09:46:25Z  WARNING  thresholds fetch failed: timed out
2026-09-15T09:46:25Z  WARNING  stats fetch failed: timed out
2026-09-15T09:46:30Z  WARNING  thresholds fetch failed: timed out
2026-09-15T09:46:30Z  WARNING  stats fetch failed: timed out
2026-09-15T09:46:35Z  WARNING  thresholds fetch failed: timed out
2026-09-15T09:46:35Z  WARNING  stats fetch failed: timed out
2026-09-15T09:46:40Z  WARNING  thresholds fetch failed: timed out
2026-09-15T09:46:40Z  WARNING  stats fetch failed: timed out
2026-09-15T09:46:45Z  WARNING  thresholds fetch failed: timed out
2026-09-15T09:46:45Z  WARNING  stats fetch failed: timed out
2026-09-15T09:46:50Z  WARNING  thresholds fetch failed: timed out
2026-09-15T09:46:50Z  WARNING  stats fetch failed: timed out
2026-09-15T09:46:56Z  SHUTDOWN  signal=15
2026-09-15T09:46:57Z  EXIT
