2026-09-29T20:56:22Z  START  poll_interval=1s layer_a_poll_interval=5s
2026-09-29T20:57:30Z  WARNING  thresholds fetch failed: timed out
2026-09-29T20:57:30Z  WARNING  stats fetch failed: timed out
2026-09-29T20:57:35Z  WARNING  thresholds fetch failed: timed out
2026-09-29T20:57:35Z  WARNING  stats fetch failed: timed out
2026-09-29T20:57:40Z  WARNING  thresholds fetch failed: timed out
2026-09-29T20:57:40Z  WARNING  stats fetch failed: timed out
2026-09-29T20:57:45Z  WARNING  thresholds fetch failed: timed out
2026-09-29T20:57:45Z  WARNING  stats fetch failed: timed out
2026-09-29T20:57:50Z  WARNING  thresholds fetch failed: timed out
2026-09-29T20:57:50Z  WARNING  stats fetch failed: timed out
2026-09-29T20:57:55Z  WARNING  thresholds fetch failed: timed out
2026-09-29T20:57:55Z  WARNING  stats fetch failed: timed out
2026-09-29T20:58:00Z  WARNING  thresholds fetch failed: timed out
2026-09-29T20:58:00Z  WARNING  stats fetch failed: timed out
2026-09-29T20:58:05Z  WARNING  thresholds fetch failed: timed out
2026-09-29T20:58:05Z  WARNING  stats fetch failed: timed out
2026-09-29T20:58:10Z  WARNING  thresholds fetch failed: timed out
2026-09-29T20:58:10Z  WARNING  stats fetch failed: timed out
2026-09-29T20:58:15Z  WARNING  thresholds fetch failed: timed out
2026-09-29T20:58:15Z  WARNING  stats fetch failed: timed out
2026-09-29T20:58:20Z  WARNING  thresholds fetch failed: timed out
2026-09-29T20:58:20Z  WARNING  stats fetch failed: timed out
2026-09-29T20:58:25Z  WARNING  thresholds fetch failed: timed out
2026-09-29T20:58:25Z  WARNING  stats fetch failed: timed out
2026-09-29T20:58:30Z  WARNING  thresholds fetch failed: timed out
2026-09-29T20:58:30Z  WARNING  stats fetch failed: timed out
2026-09-29T20:58:35Z  WARNING  thresholds fetch failed: timed out
2026-09-29T20:58:35Z  WARNING  stats fetch failed: timed out
2026-09-29T20:58:40Z  WARNING  thresholds fetch failed: timed out
2026-09-29T20:58:40Z  WARNING  stats fetch failed: timed out
2026-09-29T20:58:45Z  WARNING  thresholds fetch failed: timed out
2026-09-29T20:58:45Z  WARNING  stats fetch failed: timed out
2026-09-29T20:58:50Z  WARNING  thresholds fetch failed: timed out
2026-09-29T20:58:50Z  WARNING  stats fetch failed: timed out
2026-09-29T20:58:55Z  WARNING  thresholds fetch failed: timed out
2026-09-29T20:58:55Z  WARNING  stats fetch failed: timed out
2026-09-29T20:59:00Z  WARNING  thresholds fetch failed: timed out
2026-09-29T20:59:00Z  WARNING  stats fetch failed: timed out
2026-09-29T20:59:05Z  WARNING  thresholds fetch failed: timed out
2026-09-29T20:59:05Z  WARNING  stats fetch failed: timed out
2026-09-29T20:59:10Z  WARNING  thresholds fetch failed: timed out
2026-09-29T20:59:10Z  WARNING  stats fetch failed: timed out
2026-09-29T20:59:15Z  WARNING  thresholds fetch failed: timed out
2026-09-29T20:59:15Z  WARNING  stats fetch failed: timed out
2026-09-29T20:59:20Z  WARNING  thresholds fetch failed: timed out
2026-09-29T20:59:20Z  WARNING  stats fetch failed: timed out
2026-09-29T20:59:25Z  WARNING  thresholds fetch failed: timed out
2026-09-29T20:59:25Z  WARNING  stats fetch failed: timed out
2026-09-29T20:59:30Z  WARNING  thresholds fetch failed: timed out
2026-09-29T20:59:30Z  WARNING  stats fetch failed: timed out
2026-09-29T20:59:35Z  WARNING  thresholds fetch failed: timed out
2026-09-29T20:59:35Z  WARNING  stats fetch failed: timed out
2026-09-29T20:59:40Z  WARNING  thresholds fetch failed: <urlopen error timed out>
2026-09-29T20:59:40Z  WARNING  stats fetch failed: <urlopen error timed out>
2026-09-29T20:59:45Z  WARNING  thresholds fetch failed: timed out
2026-09-29T20:59:45Z  WARNING  stats fetch failed: timed out
2026-09-29T20:59:50Z  WARNING  thresholds fetch failed: timed out
2026-09-29T20:59:50Z  WARNING  stats fetch failed: timed out
2026-09-29T20:59:55Z  WARNING  thresholds fetch failed: timed out
2026-09-29T20:59:55Z  WARNING  stats fetch failed: timed out
2026-09-29T21:00:00Z  WARNING  thresholds fetch failed: timed out
2026-09-29T21:00:00Z  WARNING  stats fetch failed: timed out
2026-09-29T21:00:05Z  WARNING  thresholds fetch failed: timed out
2026-09-29T21:00:05Z  WARNING  stats fetch failed: timed out
2026-09-29T21:00:10Z  WARNING  thresholds fetch failed: timed out
2026-09-29T21:00:10Z  WARNING  stats fetch failed: timed out
2026-09-29T21:00:15Z  WARNING  thresholds fetch failed: timed out
2026-09-29T21:00:15Z  WARNING  stats fetch failed: timed out
2026-09-29T21:00:20Z  WARNING  thresholds fetch failed: timed out
2026-09-29T21:00:20Z  WARNING  stats fetch failed: timed out
2026-09-29T21:00:25Z  WARNING  thresholds fetch failed: timed out
2026-09-29T21:00:25Z  WARNING  stats fetch failed: timed out
2026-09-29T21:00:30Z  WARNING  thresholds fetch failed: timed out
2026-09-29T21:00:30Z  WARNING  stats fetch failed: timed out
2026-09-29T21:00:35Z  WARNING  thresholds fetch failed: timed out
2026-09-29T21:00:35Z  WARNING  stats fetch failed: timed out
2026-09-29T21:00:40Z  WARNING  thresholds fetch failed: timed out
2026-09-29T21:00:40Z  WARNING  stats fetch failed: timed out
2026-09-29T21:00:45Z  WARNING  thresholds fetch failed: timed out
2026-09-29T21:00:45Z  WARNING  stats fetch failed: timed out
2026-09-29T21:00:50Z  WARNING  thresholds fetch failed: timed out
2026-09-29T21:00:50Z  WARNING  stats fetch failed: timed out
2026-09-29T21:00:55Z  WARNING  thresholds fetch failed: timed out
2026-09-29T21:00:55Z  WARNING  stats fetch failed: timed out
2026-09-29T21:01:00Z  WARNING  thresholds fetch failed: timed out
2026-09-29T21:01:00Z  WARNING  stats fetch failed: timed out
2026-09-29T21:01:05Z  WARNING  thresholds fetch failed: timed out
2026-09-29T21:01:05Z  WARNING  stats fetch failed: timed out
2026-09-29T21:01:10Z  WARNING  thresholds fetch failed: timed out
2026-09-29T21:01:10Z  WARNING  stats fetch failed: timed out
2026-09-29T21:01:15Z  WARNING  thresholds fetch failed: timed out
2026-09-29T21:01:15Z  WARNING  stats fetch failed: timed out
2026-09-29T21:01:20Z  WARNING  thresholds fetch failed: timed out
2026-09-29T21:01:20Z  WARNING  stats fetch failed: timed out
2026-09-29T21:01:25Z  WARNING  thresholds fetch failed: timed out
2026-09-29T21:01:25Z  WARNING  stats fetch failed: timed out
2026-09-29T21:01:30Z  WARNING  thresholds fetch failed: timed out
2026-09-29T21:01:30Z  WARNING  stats fetch failed: timed out
2026-09-29T21:01:35Z  WARNING  thresholds fetch failed: timed out
2026-09-29T21:01:35Z  WARNING  stats fetch failed: timed out
2026-09-29T21:01:40Z  WARNING  thresholds fetch failed: timed out
2026-09-29T21:01:40Z  WARNING  stats fetch failed: timed out
2026-09-29T21:01:45Z  WARNING  thresholds fetch failed: timed out
2026-09-29T21:01:45Z  WARNING  stats fetch failed: timed out
2026-09-29T21:01:50Z  WARNING  thresholds fetch failed: timed out
2026-09-29T21:01:50Z  WARNING  stats fetch failed: timed out
2026-09-29T21:01:55Z  WARNING  thresholds fetch failed: timed out
2026-09-29T21:01:55Z  WARNING  stats fetch failed: timed out
2026-09-29T21:02:00Z  WARNING  thresholds fetch failed: timed out
2026-09-29T21:02:00Z  WARNING  stats fetch failed: timed out
2026-09-29T21:02:05Z  WARNING  thresholds fetch failed: timed out
2026-09-29T21:02:05Z  WARNING  stats fetch failed: timed out
2026-09-29T21:02:10Z  WARNING  thresholds fetch failed: timed out
2026-09-29T21:02:10Z  WARNING  stats fetch failed: timed out
2026-09-29T21:02:15Z  WARNING  thresholds fetch failed: timed out
2026-09-29T21:02:15Z  WARNING  stats fetch failed: timed out
2026-09-29T21:02:20Z  WARNING  thresholds fetch failed: timed out
2026-09-29T21:02:20Z  WARNING  stats fetch failed: timed out
2026-09-29T21:02:25Z  WARNING  thresholds fetch failed: timed out
2026-09-29T21:02:25Z  WARNING  stats fetch failed: timed out
2026-09-29T21:02:30Z  WARNING  thresholds fetch failed: timed out
2026-09-29T21:02:30Z  WARNING  stats fetch failed: timed out
2026-09-29T21:02:35Z  WARNING  thresholds fetch failed: timed out
2026-09-29T21:02:35Z  WARNING  stats fetch failed: timed out
2026-09-29T21:02:40Z  WARNING  thresholds fetch failed: timed out
2026-09-29T21:02:40Z  WARNING  stats fetch failed: timed out
2026-09-29T21:02:45Z  WARNING  thresholds fetch failed: timed out
2026-09-29T21:02:45Z  WARNING  stats fetch failed: timed out
2026-09-29T21:02:50Z  WARNING  thresholds fetch failed: timed out
2026-09-29T21:02:50Z  WARNING  stats fetch failed: timed out
2026-09-29T21:02:55Z  WARNING  thresholds fetch failed: timed out
2026-09-29T21:02:55Z  WARNING  stats fetch failed: timed out
2026-09-29T21:03:00Z  WARNING  thresholds fetch failed: timed out
2026-09-29T21:03:00Z  WARNING  stats fetch failed: timed out
2026-09-29T21:03:05Z  WARNING  thresholds fetch failed: timed out
2026-09-29T21:03:05Z  WARNING  stats fetch failed: timed out
2026-09-29T21:03:10Z  WARNING  thresholds fetch failed: timed out
2026-09-29T21:03:10Z  WARNING  stats fetch failed: timed out
2026-09-29T21:03:15Z  WARNING  thresholds fetch failed: timed out
2026-09-29T21:03:15Z  WARNING  stats fetch failed: timed out
2026-09-29T21:03:20Z  WARNING  thresholds fetch failed: timed out
2026-09-29T21:03:20Z  WARNING  stats fetch failed: timed out
2026-09-29T21:03:25Z  WARNING  thresholds fetch failed: timed out
2026-09-29T21:03:25Z  WARNING  stats fetch failed: timed out
2026-09-29T21:03:30Z  WARNING  thresholds fetch failed: timed out
2026-09-29T21:03:30Z  WARNING  stats fetch failed: timed out
2026-09-29T21:03:35Z  WARNING  thresholds fetch failed: timed out
2026-09-29T21:03:35Z  WARNING  stats fetch failed: timed out
2026-09-29T21:03:40Z  WARNING  thresholds fetch failed: timed out
2026-09-29T21:03:40Z  WARNING  stats fetch failed: timed out
2026-09-29T21:03:45Z  WARNING  thresholds fetch failed: timed out
2026-09-29T21:03:45Z  WARNING  stats fetch failed: timed out
2026-09-29T21:03:50Z  WARNING  thresholds fetch failed: timed out
2026-09-29T21:03:50Z  WARNING  stats fetch failed: timed out
2026-09-29T21:03:55Z  WARNING  thresholds fetch failed: timed out
2026-09-29T21:03:55Z  WARNING  stats fetch failed: timed out
2026-09-29T21:04:00Z  WARNING  thresholds fetch failed: timed out
2026-09-29T21:04:00Z  WARNING  stats fetch failed: timed out
2026-09-29T21:04:05Z  WARNING  thresholds fetch failed: timed out
2026-09-29T21:04:05Z  WARNING  stats fetch failed: timed out
2026-09-29T21:04:10Z  WARNING  thresholds fetch failed: timed out
2026-09-29T21:04:10Z  WARNING  stats fetch failed: timed out
2026-09-29T21:04:15Z  WARNING  thresholds fetch failed: timed out
2026-09-29T21:04:15Z  WARNING  stats fetch failed: timed out
2026-09-29T21:04:20Z  WARNING  thresholds fetch failed: timed out
2026-09-29T21:04:20Z  WARNING  stats fetch failed: timed out
2026-09-29T21:04:25Z  WARNING  thresholds fetch failed: timed out
2026-09-29T21:04:25Z  WARNING  stats fetch failed: timed out
2026-09-29T21:04:30Z  WARNING  thresholds fetch failed: timed out
2026-09-29T21:04:30Z  WARNING  stats fetch failed: timed out
2026-09-29T21:04:35Z  WARNING  thresholds fetch failed: timed out
2026-09-29T21:04:35Z  WARNING  stats fetch failed: timed out
2026-09-29T21:04:40Z  WARNING  thresholds fetch failed: timed out
2026-09-29T21:04:40Z  WARNING  stats fetch failed: timed out
2026-09-29T21:04:45Z  WARNING  thresholds fetch failed: timed out
2026-09-29T21:04:45Z  WARNING  stats fetch failed: timed out
2026-09-29T21:04:50Z  WARNING  thresholds fetch failed: timed out
2026-09-29T21:04:50Z  WARNING  stats fetch failed: timed out
2026-09-29T21:04:55Z  WARNING  thresholds fetch failed: timed out
2026-09-29T21:04:55Z  WARNING  stats fetch failed: timed out
2026-09-29T21:05:00Z  WARNING  thresholds fetch failed: timed out
2026-09-29T21:05:00Z  WARNING  stats fetch failed: timed out
2026-09-29T21:05:05Z  WARNING  thresholds fetch failed: timed out
2026-09-29T21:05:05Z  WARNING  stats fetch failed: timed out
2026-09-29T21:05:10Z  WARNING  thresholds fetch failed: timed out
2026-09-29T21:05:10Z  WARNING  stats fetch failed: timed out
2026-09-29T21:05:15Z  WARNING  thresholds fetch failed: timed out
2026-09-29T21:05:15Z  WARNING  stats fetch failed: timed out
2026-09-29T21:05:20Z  WARNING  thresholds fetch failed: timed out
2026-09-29T21:05:20Z  WARNING  stats fetch failed: timed out
2026-09-29T21:05:25Z  WARNING  thresholds fetch failed: timed out
2026-09-29T21:05:25Z  WARNING  stats fetch failed: timed out
2026-09-29T21:05:30Z  WARNING  thresholds fetch failed: timed out
2026-09-29T21:05:30Z  WARNING  stats fetch failed: timed out
2026-09-29T21:05:35Z  WARNING  thresholds fetch failed: timed out
2026-09-29T21:05:35Z  WARNING  stats fetch failed: timed out
2026-09-29T21:05:40Z  WARNING  thresholds fetch failed: timed out
2026-09-29T21:05:40Z  WARNING  stats fetch failed: timed out
2026-09-29T21:05:45Z  WARNING  thresholds fetch failed: timed out
2026-09-29T21:05:45Z  WARNING  stats fetch failed: timed out
2026-09-29T21:05:50Z  WARNING  thresholds fetch failed: timed out
2026-09-29T21:05:50Z  WARNING  stats fetch failed: timed out
2026-09-29T21:05:55Z  WARNING  thresholds fetch failed: timed out
2026-09-29T21:05:55Z  WARNING  stats fetch failed: timed out
2026-09-29T21:06:00Z  WARNING  thresholds fetch failed: timed out
2026-09-29T21:06:00Z  WARNING  stats fetch failed: timed out
2026-09-29T21:06:05Z  WARNING  thresholds fetch failed: timed out
2026-09-29T21:06:05Z  WARNING  stats fetch failed: timed out
2026-09-29T21:06:10Z  WARNING  thresholds fetch failed: timed out
2026-09-29T21:06:10Z  WARNING  stats fetch failed: timed out
2026-09-29T21:06:15Z  WARNING  thresholds fetch failed: timed out
2026-09-29T21:06:15Z  WARNING  stats fetch failed: timed out
2026-09-29T21:06:20Z  WARNING  thresholds fetch failed: timed out
2026-09-29T21:06:20Z  WARNING  stats fetch failed: timed out
2026-09-29T21:06:25Z  WARNING  thresholds fetch failed: timed out
2026-09-29T21:06:25Z  WARNING  stats fetch failed: timed out
2026-09-29T21:06:30Z  WARNING  thresholds fetch failed: timed out
2026-09-29T21:06:30Z  WARNING  stats fetch failed: timed out
2026-09-29T21:06:35Z  WARNING  thresholds fetch failed: timed out
2026-09-29T21:06:35Z  WARNING  stats fetch failed: timed out
2026-09-29T21:06:40Z  WARNING  thresholds fetch failed: timed out
2026-09-29T21:06:40Z  WARNING  stats fetch failed: timed out
2026-09-29T21:06:45Z  WARNING  thresholds fetch failed: timed out
2026-09-29T21:06:45Z  WARNING  stats fetch failed: timed out
2026-09-29T21:06:50Z  WARNING  thresholds fetch failed: timed out
2026-09-29T21:06:50Z  WARNING  stats fetch failed: timed out
2026-09-29T21:06:55Z  WARNING  thresholds fetch failed: timed out
2026-09-29T21:06:55Z  WARNING  stats fetch failed: timed out
2026-09-29T21:07:01Z  SHUTDOWN  signal=15
2026-09-29T21:07:02Z  EXIT
