2026-10-06T09:01:29Z  START  poll_interval=1s layer_a_poll_interval=5s
2026-10-06T09:03:10Z  WARNING  thresholds fetch failed: timed out
2026-10-06T09:03:10Z  WARNING  stats fetch failed: timed out
2026-10-06T09:03:15Z  WARNING  thresholds fetch failed: timed out
2026-10-06T09:03:15Z  WARNING  stats fetch failed: timed out
2026-10-06T09:03:20Z  WARNING  thresholds fetch failed: timed out
2026-10-06T09:03:20Z  WARNING  stats fetch failed: timed out
2026-10-06T09:03:25Z  WARNING  thresholds fetch failed: timed out
2026-10-06T09:03:25Z  WARNING  stats fetch failed: timed out
2026-10-06T09:03:30Z  WARNING  thresholds fetch failed: timed out
2026-10-06T09:03:30Z  WARNING  stats fetch failed: timed out
2026-10-06T09:03:35Z  WARNING  thresholds fetch failed: timed out
2026-10-06T09:03:35Z  WARNING  stats fetch failed: timed out
2026-10-06T09:03:40Z  WARNING  thresholds fetch failed: timed out
2026-10-06T09:03:40Z  WARNING  stats fetch failed: timed out
2026-10-06T09:03:45Z  WARNING  thresholds fetch failed: timed out
2026-10-06T09:03:45Z  WARNING  stats fetch failed: timed out
2026-10-06T09:03:50Z  WARNING  thresholds fetch failed: timed out
2026-10-06T09:03:50Z  WARNING  stats fetch failed: timed out
2026-10-06T09:03:55Z  WARNING  thresholds fetch failed: timed out
2026-10-06T09:03:55Z  WARNING  stats fetch failed: timed out
2026-10-06T09:04:00Z  WARNING  thresholds fetch failed: timed out
2026-10-06T09:04:00Z  WARNING  stats fetch failed: timed out
2026-10-06T09:04:05Z  WARNING  thresholds fetch failed: timed out
2026-10-06T09:04:05Z  WARNING  stats fetch failed: timed out
2026-10-06T09:04:10Z  WARNING  thresholds fetch failed: timed out
2026-10-06T09:04:10Z  WARNING  stats fetch failed: timed out
2026-10-06T09:04:15Z  WARNING  thresholds fetch failed: timed out
2026-10-06T09:04:15Z  WARNING  stats fetch failed: timed out
2026-10-06T09:04:20Z  WARNING  thresholds fetch failed: timed out
2026-10-06T09:04:20Z  WARNING  stats fetch failed: timed out
2026-10-06T09:04:25Z  WARNING  thresholds fetch failed: timed out
2026-10-06T09:04:25Z  WARNING  stats fetch failed: timed out
2026-10-06T09:04:30Z  WARNING  thresholds fetch failed: timed out
2026-10-06T09:04:30Z  WARNING  stats fetch failed: timed out
2026-10-06T09:04:35Z  WARNING  thresholds fetch failed: timed out
2026-10-06T09:04:35Z  WARNING  stats fetch failed: timed out
2026-10-06T09:04:40Z  WARNING  thresholds fetch failed: timed out
2026-10-06T09:04:40Z  WARNING  stats fetch failed: timed out
2026-10-06T09:04:45Z  WARNING  thresholds fetch failed: timed out
2026-10-06T09:04:45Z  WARNING  stats fetch failed: timed out
2026-10-06T09:04:50Z  WARNING  thresholds fetch failed: timed out
2026-10-06T09:04:50Z  WARNING  stats fetch failed: timed out
2026-10-06T09:04:55Z  WARNING  thresholds fetch failed: timed out
2026-10-06T09:04:55Z  WARNING  stats fetch failed: timed out
2026-10-06T09:05:00Z  WARNING  thresholds fetch failed: timed out
2026-10-06T09:05:00Z  WARNING  stats fetch failed: timed out
2026-10-06T09:05:05Z  WARNING  thresholds fetch failed: timed out
2026-10-06T09:05:05Z  WARNING  stats fetch failed: timed out
2026-10-06T09:05:10Z  WARNING  thresholds fetch failed: timed out
2026-10-06T09:05:10Z  WARNING  stats fetch failed: timed out
2026-10-06T09:05:15Z  WARNING  thresholds fetch failed: timed out
2026-10-06T09:05:15Z  WARNING  stats fetch failed: timed out
2026-10-06T09:05:20Z  WARNING  thresholds fetch failed: timed out
2026-10-06T09:05:20Z  WARNING  stats fetch failed: timed out
2026-10-06T09:05:25Z  WARNING  thresholds fetch failed: timed out
2026-10-06T09:05:25Z  WARNING  stats fetch failed: timed out
2026-10-06T09:05:30Z  WARNING  thresholds fetch failed: timed out
2026-10-06T09:05:30Z  WARNING  stats fetch failed: timed out
2026-10-06T09:05:35Z  WARNING  thresholds fetch failed: timed out
2026-10-06T09:05:35Z  WARNING  stats fetch failed: timed out
2026-10-06T09:05:40Z  WARNING  thresholds fetch failed: timed out
2026-10-06T09:05:40Z  WARNING  stats fetch failed: timed out
2026-10-06T09:05:45Z  WARNING  thresholds fetch failed: timed out
2026-10-06T09:05:45Z  WARNING  stats fetch failed: timed out
2026-10-06T09:05:50Z  WARNING  thresholds fetch failed: timed out
2026-10-06T09:05:50Z  WARNING  stats fetch failed: timed out
2026-10-06T09:05:55Z  WARNING  thresholds fetch failed: timed out
2026-10-06T09:05:55Z  WARNING  stats fetch failed: timed out
2026-10-06T09:06:00Z  WARNING  thresholds fetch failed: timed out
2026-10-06T09:06:00Z  WARNING  stats fetch failed: timed out
2026-10-06T09:06:05Z  WARNING  thresholds fetch failed: timed out
2026-10-06T09:06:05Z  WARNING  stats fetch failed: timed out
2026-10-06T09:06:10Z  WARNING  thresholds fetch failed: timed out
2026-10-06T09:06:10Z  WARNING  stats fetch failed: timed out
2026-10-06T09:06:15Z  WARNING  thresholds fetch failed: <urlopen error timed out>
2026-10-06T09:06:15Z  WARNING  stats fetch failed: timed out
2026-10-06T09:06:20Z  WARNING  thresholds fetch failed: timed out
2026-10-06T09:06:20Z  WARNING  stats fetch failed: timed out
2026-10-06T09:06:25Z  WARNING  thresholds fetch failed: timed out
2026-10-06T09:06:25Z  WARNING  stats fetch failed: timed out
2026-10-06T09:06:30Z  WARNING  thresholds fetch failed: timed out
2026-10-06T09:06:30Z  WARNING  stats fetch failed: timed out
2026-10-06T09:06:35Z  WARNING  thresholds fetch failed: timed out
2026-10-06T09:06:35Z  WARNING  stats fetch failed: timed out
2026-10-06T09:06:40Z  WARNING  thresholds fetch failed: timed out
2026-10-06T09:06:40Z  WARNING  stats fetch failed: timed out
2026-10-06T09:06:45Z  WARNING  thresholds fetch failed: timed out
2026-10-06T09:06:45Z  WARNING  stats fetch failed: timed out
2026-10-06T09:06:50Z  WARNING  thresholds fetch failed: timed out
2026-10-06T09:06:50Z  WARNING  stats fetch failed: timed out
2026-10-06T09:06:55Z  WARNING  thresholds fetch failed: timed out
2026-10-06T09:06:55Z  WARNING  stats fetch failed: timed out
2026-10-06T09:07:00Z  WARNING  thresholds fetch failed: timed out
2026-10-06T09:07:00Z  WARNING  stats fetch failed: timed out
2026-10-06T09:07:05Z  WARNING  thresholds fetch failed: timed out
2026-10-06T09:07:05Z  WARNING  stats fetch failed: timed out
2026-10-06T09:07:10Z  WARNING  thresholds fetch failed: timed out
2026-10-06T09:07:10Z  WARNING  stats fetch failed: timed out
2026-10-06T09:07:15Z  WARNING  thresholds fetch failed: timed out
2026-10-06T09:07:15Z  WARNING  stats fetch failed: timed out
2026-10-06T09:07:20Z  WARNING  thresholds fetch failed: timed out
2026-10-06T09:07:20Z  WARNING  stats fetch failed: timed out
2026-10-06T09:07:25Z  WARNING  thresholds fetch failed: timed out
2026-10-06T09:07:25Z  WARNING  stats fetch failed: timed out
2026-10-06T09:07:30Z  WARNING  thresholds fetch failed: timed out
2026-10-06T09:07:30Z  WARNING  stats fetch failed: timed out
2026-10-06T09:07:35Z  WARNING  thresholds fetch failed: timed out
2026-10-06T09:07:35Z  WARNING  stats fetch failed: timed out
2026-10-06T09:07:40Z  WARNING  thresholds fetch failed: timed out
2026-10-06T09:07:40Z  WARNING  stats fetch failed: timed out
2026-10-06T09:07:45Z  WARNING  thresholds fetch failed: timed out
2026-10-06T09:07:45Z  WARNING  stats fetch failed: timed out
2026-10-06T09:07:50Z  WARNING  thresholds fetch failed: timed out
2026-10-06T09:07:50Z  WARNING  stats fetch failed: timed out
2026-10-06T09:07:55Z  WARNING  thresholds fetch failed: timed out
2026-10-06T09:07:55Z  WARNING  stats fetch failed: timed out
2026-10-06T09:08:00Z  WARNING  thresholds fetch failed: timed out
2026-10-06T09:08:00Z  WARNING  stats fetch failed: timed out
2026-10-06T09:08:05Z  WARNING  thresholds fetch failed: timed out
2026-10-06T09:08:05Z  WARNING  stats fetch failed: timed out
2026-10-06T09:08:10Z  WARNING  thresholds fetch failed: timed out
2026-10-06T09:08:10Z  WARNING  stats fetch failed: timed out
2026-10-06T09:08:15Z  WARNING  thresholds fetch failed: timed out
2026-10-06T09:08:15Z  WARNING  stats fetch failed: timed out
2026-10-06T09:08:20Z  WARNING  thresholds fetch failed: timed out
2026-10-06T09:08:20Z  WARNING  stats fetch failed: timed out
2026-10-06T09:08:25Z  WARNING  thresholds fetch failed: timed out
2026-10-06T09:08:25Z  WARNING  stats fetch failed: timed out
2026-10-06T09:08:30Z  WARNING  thresholds fetch failed: timed out
2026-10-06T09:08:30Z  WARNING  stats fetch failed: timed out
2026-10-06T09:08:35Z  WARNING  thresholds fetch failed: timed out
2026-10-06T09:08:35Z  WARNING  stats fetch failed: timed out
2026-10-06T09:08:40Z  WARNING  thresholds fetch failed: timed out
2026-10-06T09:08:40Z  WARNING  stats fetch failed: <urlopen error timed out>
2026-10-06T09:08:45Z  WARNING  thresholds fetch failed: timed out
2026-10-06T09:08:45Z  WARNING  stats fetch failed: timed out
2026-10-06T09:08:50Z  WARNING  thresholds fetch failed: timed out
2026-10-06T09:08:50Z  WARNING  stats fetch failed: timed out
2026-10-06T09:08:55Z  WARNING  thresholds fetch failed: timed out
2026-10-06T09:08:55Z  WARNING  stats fetch failed: timed out
2026-10-06T09:09:00Z  WARNING  thresholds fetch failed: timed out
2026-10-06T09:09:00Z  WARNING  stats fetch failed: timed out
2026-10-06T09:09:05Z  WARNING  thresholds fetch failed: timed out
2026-10-06T09:09:05Z  WARNING  stats fetch failed: timed out
2026-10-06T09:09:10Z  WARNING  thresholds fetch failed: timed out
2026-10-06T09:09:10Z  WARNING  stats fetch failed: timed out
2026-10-06T09:09:15Z  WARNING  thresholds fetch failed: timed out
2026-10-06T09:09:15Z  WARNING  stats fetch failed: timed out
2026-10-06T09:09:20Z  WARNING  thresholds fetch failed: timed out
2026-10-06T09:09:20Z  WARNING  stats fetch failed: timed out
2026-10-06T09:09:25Z  WARNING  thresholds fetch failed: timed out
2026-10-06T09:09:25Z  WARNING  stats fetch failed: timed out
2026-10-06T09:09:30Z  WARNING  thresholds fetch failed: timed out
2026-10-06T09:09:30Z  WARNING  stats fetch failed: timed out
2026-10-06T09:09:35Z  WARNING  thresholds fetch failed: timed out
2026-10-06T09:09:35Z  WARNING  stats fetch failed: timed out
2026-10-06T09:09:40Z  WARNING  thresholds fetch failed: timed out
2026-10-06T09:09:40Z  WARNING  stats fetch failed: timed out
2026-10-06T09:09:45Z  WARNING  thresholds fetch failed: timed out
2026-10-06T09:09:45Z  WARNING  stats fetch failed: timed out
2026-10-06T09:09:50Z  WARNING  thresholds fetch failed: timed out
2026-10-06T09:09:50Z  WARNING  stats fetch failed: timed out
2026-10-06T09:09:55Z  WARNING  thresholds fetch failed: timed out
2026-10-06T09:09:55Z  WARNING  stats fetch failed: timed out
2026-10-06T09:10:00Z  WARNING  thresholds fetch failed: timed out
2026-10-06T09:10:00Z  WARNING  stats fetch failed: timed out
2026-10-06T09:10:05Z  WARNING  thresholds fetch failed: timed out
2026-10-06T09:10:05Z  WARNING  stats fetch failed: timed out
2026-10-06T09:10:10Z  WARNING  thresholds fetch failed: timed out
2026-10-06T09:10:10Z  WARNING  stats fetch failed: timed out
2026-10-06T09:10:15Z  WARNING  thresholds fetch failed: timed out
2026-10-06T09:10:15Z  WARNING  stats fetch failed: timed out
2026-10-06T09:10:20Z  WARNING  thresholds fetch failed: timed out
2026-10-06T09:10:20Z  WARNING  stats fetch failed: timed out
2026-10-06T09:10:25Z  WARNING  thresholds fetch failed: timed out
2026-10-06T09:10:25Z  WARNING  stats fetch failed: timed out
2026-10-06T09:10:30Z  WARNING  thresholds fetch failed: timed out
2026-10-06T09:10:30Z  WARNING  stats fetch failed: timed out
2026-10-06T09:10:35Z  WARNING  thresholds fetch failed: timed out
2026-10-06T09:10:35Z  WARNING  stats fetch failed: timed out
2026-10-06T09:10:40Z  WARNING  thresholds fetch failed: timed out
2026-10-06T09:10:40Z  WARNING  stats fetch failed: timed out
2026-10-06T09:10:45Z  WARNING  thresholds fetch failed: timed out
2026-10-06T09:10:45Z  WARNING  stats fetch failed: timed out
2026-10-06T09:10:50Z  WARNING  thresholds fetch failed: timed out
2026-10-06T09:10:50Z  WARNING  stats fetch failed: timed out
2026-10-06T09:10:55Z  WARNING  thresholds fetch failed: timed out
2026-10-06T09:10:55Z  WARNING  stats fetch failed: timed out
2026-10-06T09:11:00Z  WARNING  thresholds fetch failed: timed out
2026-10-06T09:11:00Z  WARNING  stats fetch failed: timed out
2026-10-06T09:11:05Z  WARNING  thresholds fetch failed: timed out
2026-10-06T09:11:05Z  WARNING  stats fetch failed: timed out
2026-10-06T09:11:10Z  WARNING  thresholds fetch failed: timed out
2026-10-06T09:11:10Z  WARNING  stats fetch failed: timed out
2026-10-06T09:11:15Z  WARNING  thresholds fetch failed: timed out
2026-10-06T09:11:15Z  WARNING  stats fetch failed: timed out
2026-10-06T09:11:20Z  WARNING  thresholds fetch failed: timed out
2026-10-06T09:11:20Z  WARNING  stats fetch failed: timed out
2026-10-06T09:11:25Z  WARNING  thresholds fetch failed: timed out
2026-10-06T09:11:25Z  WARNING  stats fetch failed: timed out
2026-10-06T09:11:30Z  WARNING  thresholds fetch failed: timed out
2026-10-06T09:11:30Z  WARNING  stats fetch failed: timed out
2026-10-06T09:11:35Z  WARNING  thresholds fetch failed: timed out
2026-10-06T09:11:35Z  WARNING  stats fetch failed: timed out
2026-10-06T09:11:40Z  WARNING  thresholds fetch failed: timed out
2026-10-06T09:11:40Z  WARNING  stats fetch failed: timed out
2026-10-06T09:11:45Z  WARNING  thresholds fetch failed: timed out
2026-10-06T09:11:45Z  WARNING  stats fetch failed: timed out
2026-10-06T09:11:50Z  WARNING  thresholds fetch failed: timed out
2026-10-06T09:11:50Z  WARNING  stats fetch failed: timed out
2026-10-06T09:11:55Z  WARNING  thresholds fetch failed: timed out
2026-10-06T09:11:55Z  WARNING  stats fetch failed: timed out
2026-10-06T09:12:00Z  WARNING  thresholds fetch failed: timed out
2026-10-06T09:12:00Z  WARNING  stats fetch failed: timed out
2026-10-06T09:12:05Z  WARNING  thresholds fetch failed: timed out
2026-10-06T09:12:05Z  WARNING  stats fetch failed: timed out
2026-10-06T09:12:10Z  WARNING  thresholds fetch failed: timed out
2026-10-06T09:12:10Z  WARNING  stats fetch failed: timed out
2026-10-06T09:12:15Z  WARNING  thresholds fetch failed: timed out
2026-10-06T09:12:15Z  WARNING  stats fetch failed: timed out
2026-10-06T09:12:20Z  WARNING  thresholds fetch failed: timed out
2026-10-06T09:12:20Z  WARNING  stats fetch failed: timed out
2026-10-06T09:12:25Z  WARNING  thresholds fetch failed: timed out
2026-10-06T09:12:25Z  WARNING  stats fetch failed: timed out
2026-10-06T09:12:30Z  SHUTDOWN  signal=15
2026-10-06T09:12:31Z  EXIT
