2026-09-14T22:07:28Z  START  poll_interval=1s layer_a_poll_interval=5s
2026-09-14T22:07:30Z  WARNING  thresholds fetch failed: timed out
2026-09-14T22:07:30Z  WARNING  stats fetch failed: timed out
2026-09-14T22:08:20Z  WARNING  thresholds fetch failed: timed out
2026-09-14T22:08:20Z  WARNING  stats fetch failed: timed out
2026-09-14T22:08:25Z  WARNING  thresholds fetch failed: timed out
2026-09-14T22:08:25Z  WARNING  stats fetch failed: timed out
2026-09-14T22:08:30Z  WARNING  thresholds fetch failed: timed out
2026-09-14T22:08:30Z  WARNING  stats fetch failed: timed out
2026-09-14T22:08:35Z  WARNING  thresholds fetch failed: timed out
2026-09-14T22:08:35Z  WARNING  stats fetch failed: timed out
2026-09-14T22:08:40Z  WARNING  thresholds fetch failed: timed out
2026-09-14T22:08:40Z  WARNING  stats fetch failed: timed out
2026-09-14T22:08:45Z  WARNING  thresholds fetch failed: timed out
2026-09-14T22:08:45Z  WARNING  stats fetch failed: timed out
2026-09-14T22:08:50Z  WARNING  thresholds fetch failed: timed out
2026-09-14T22:08:50Z  WARNING  stats fetch failed: timed out
2026-09-14T22:08:55Z  WARNING  thresholds fetch failed: timed out
2026-09-14T22:08:55Z  WARNING  stats fetch failed: timed out
2026-09-14T22:09:00Z  WARNING  thresholds fetch failed: timed out
2026-09-14T22:09:00Z  WARNING  stats fetch failed: timed out
2026-09-14T22:09:05Z  WARNING  thresholds fetch failed: timed out
2026-09-14T22:09:05Z  WARNING  stats fetch failed: timed out
2026-09-14T22:09:10Z  WARNING  thresholds fetch failed: timed out
2026-09-14T22:09:10Z  WARNING  stats fetch failed: timed out
2026-09-14T22:09:15Z  WARNING  thresholds fetch failed: timed out
2026-09-14T22:09:15Z  WARNING  stats fetch failed: timed out
2026-09-14T22:09:20Z  WARNING  thresholds fetch failed: timed out
2026-09-14T22:09:20Z  WARNING  stats fetch failed: timed out
2026-09-14T22:09:25Z  WARNING  thresholds fetch failed: timed out
2026-09-14T22:09:25Z  WARNING  stats fetch failed: timed out
2026-09-14T22:09:30Z  WARNING  thresholds fetch failed: timed out
2026-09-14T22:09:30Z  WARNING  stats fetch failed: timed out
2026-09-14T22:09:35Z  WARNING  thresholds fetch failed: timed out
2026-09-14T22:09:35Z  WARNING  stats fetch failed: timed out
2026-09-14T22:09:40Z  WARNING  thresholds fetch failed: timed out
2026-09-14T22:09:40Z  WARNING  stats fetch failed: timed out
2026-09-14T22:09:45Z  WARNING  thresholds fetch failed: timed out
2026-09-14T22:09:45Z  WARNING  stats fetch failed: timed out
2026-09-14T22:09:50Z  WARNING  thresholds fetch failed: timed out
2026-09-14T22:09:50Z  WARNING  stats fetch failed: timed out
2026-09-14T22:09:55Z  WARNING  thresholds fetch failed: timed out
2026-09-14T22:09:55Z  WARNING  stats fetch failed: timed out
2026-09-14T22:10:00Z  WARNING  thresholds fetch failed: timed out
2026-09-14T22:10:00Z  WARNING  stats fetch failed: timed out
2026-09-14T22:10:05Z  WARNING  thresholds fetch failed: timed out
2026-09-14T22:10:05Z  WARNING  stats fetch failed: timed out
2026-09-14T22:10:10Z  WARNING  thresholds fetch failed: timed out
2026-09-14T22:10:10Z  WARNING  stats fetch failed: timed out
2026-09-14T22:10:17Z  SHUTDOWN  signal=15
2026-09-14T22:10:18Z  EXIT
