2026-09-27T17:26:23Z  START  poll_interval=1s layer_a_poll_interval=5s
2026-09-27T17:27:35Z  WARNING  thresholds fetch failed: timed out
2026-09-27T17:27:35Z  WARNING  stats fetch failed: timed out
2026-09-27T17:27:40Z  WARNING  thresholds fetch failed: timed out
2026-09-27T17:27:40Z  WARNING  stats fetch failed: timed out
2026-09-27T17:27:45Z  WARNING  thresholds fetch failed: timed out
2026-09-27T17:27:45Z  WARNING  stats fetch failed: timed out
2026-09-27T17:27:50Z  WARNING  thresholds fetch failed: timed out
2026-09-27T17:27:50Z  WARNING  stats fetch failed: timed out
2026-09-27T17:27:55Z  WARNING  thresholds fetch failed: timed out
2026-09-27T17:27:55Z  WARNING  stats fetch failed: timed out
2026-09-27T17:28:00Z  WARNING  thresholds fetch failed: timed out
2026-09-27T17:28:00Z  WARNING  stats fetch failed: timed out
2026-09-27T17:28:05Z  WARNING  thresholds fetch failed: timed out
2026-09-27T17:28:05Z  WARNING  stats fetch failed: timed out
2026-09-27T17:28:10Z  WARNING  thresholds fetch failed: timed out
2026-09-27T17:28:10Z  WARNING  stats fetch failed: timed out
2026-09-27T17:28:15Z  WARNING  thresholds fetch failed: timed out
2026-09-27T17:28:15Z  WARNING  stats fetch failed: timed out
2026-09-27T17:28:20Z  WARNING  thresholds fetch failed: timed out
2026-09-27T17:28:20Z  WARNING  stats fetch failed: timed out
2026-09-27T17:28:25Z  WARNING  thresholds fetch failed: timed out
2026-09-27T17:28:25Z  WARNING  stats fetch failed: timed out
2026-09-27T17:28:30Z  WARNING  thresholds fetch failed: timed out
2026-09-27T17:28:30Z  WARNING  stats fetch failed: timed out
2026-09-27T17:28:35Z  WARNING  thresholds fetch failed: timed out
2026-09-27T17:28:35Z  WARNING  stats fetch failed: timed out
2026-09-27T17:28:40Z  WARNING  thresholds fetch failed: timed out
2026-09-27T17:28:40Z  WARNING  stats fetch failed: timed out
2026-09-27T17:28:45Z  WARNING  thresholds fetch failed: timed out
2026-09-27T17:28:45Z  WARNING  stats fetch failed: timed out
2026-09-27T17:28:50Z  WARNING  thresholds fetch failed: timed out
2026-09-27T17:28:50Z  WARNING  stats fetch failed: timed out
2026-09-27T17:28:55Z  WARNING  thresholds fetch failed: timed out
2026-09-27T17:28:55Z  WARNING  stats fetch failed: timed out
2026-09-27T17:29:00Z  WARNING  thresholds fetch failed: timed out
2026-09-27T17:29:00Z  WARNING  stats fetch failed: timed out
2026-09-27T17:29:05Z  WARNING  thresholds fetch failed: timed out
2026-09-27T17:29:05Z  WARNING  stats fetch failed: timed out
2026-09-27T17:29:10Z  WARNING  thresholds fetch failed: timed out
2026-09-27T17:29:10Z  WARNING  stats fetch failed: timed out
2026-09-27T17:29:15Z  WARNING  thresholds fetch failed: timed out
2026-09-27T17:29:15Z  WARNING  stats fetch failed: timed out
2026-09-27T17:29:20Z  WARNING  thresholds fetch failed: timed out
2026-09-27T17:29:20Z  WARNING  stats fetch failed: timed out
2026-09-27T17:29:25Z  WARNING  thresholds fetch failed: timed out
2026-09-27T17:29:25Z  WARNING  stats fetch failed: timed out
2026-09-27T17:29:30Z  WARNING  thresholds fetch failed: timed out
2026-09-27T17:29:30Z  WARNING  stats fetch failed: timed out
2026-09-27T17:29:35Z  WARNING  thresholds fetch failed: timed out
2026-09-27T17:29:35Z  WARNING  stats fetch failed: timed out
2026-09-27T17:29:40Z  WARNING  thresholds fetch failed: timed out
2026-09-27T17:29:40Z  WARNING  stats fetch failed: timed out
2026-09-27T17:29:45Z  WARNING  thresholds fetch failed: timed out
2026-09-27T17:29:45Z  WARNING  stats fetch failed: timed out
2026-09-27T17:29:50Z  WARNING  thresholds fetch failed: timed out
2026-09-27T17:29:50Z  WARNING  stats fetch failed: timed out
2026-09-27T17:29:55Z  WARNING  thresholds fetch failed: timed out
2026-09-27T17:29:55Z  WARNING  stats fetch failed: timed out
2026-09-27T17:30:00Z  WARNING  thresholds fetch failed: timed out
2026-09-27T17:30:00Z  WARNING  stats fetch failed: timed out
2026-09-27T17:30:05Z  WARNING  thresholds fetch failed: timed out
2026-09-27T17:30:05Z  WARNING  stats fetch failed: timed out
2026-09-27T17:30:10Z  WARNING  thresholds fetch failed: timed out
2026-09-27T17:30:10Z  WARNING  stats fetch failed: timed out
2026-09-27T17:30:15Z  WARNING  thresholds fetch failed: timed out
2026-09-27T17:30:15Z  WARNING  stats fetch failed: timed out
2026-09-27T17:30:20Z  WARNING  thresholds fetch failed: timed out
2026-09-27T17:30:20Z  WARNING  stats fetch failed: timed out
2026-09-27T17:30:25Z  WARNING  thresholds fetch failed: timed out
2026-09-27T17:30:25Z  WARNING  stats fetch failed: timed out
2026-09-27T17:30:30Z  WARNING  thresholds fetch failed: timed out
2026-09-27T17:30:30Z  WARNING  stats fetch failed: timed out
2026-09-27T17:30:35Z  WARNING  thresholds fetch failed: timed out
2026-09-27T17:30:35Z  WARNING  stats fetch failed: timed out
2026-09-27T17:30:40Z  WARNING  thresholds fetch failed: timed out
2026-09-27T17:30:40Z  WARNING  stats fetch failed: timed out
2026-09-27T17:30:45Z  WARNING  thresholds fetch failed: timed out
2026-09-27T17:30:45Z  WARNING  stats fetch failed: timed out
2026-09-27T17:30:50Z  WARNING  thresholds fetch failed: timed out
2026-09-27T17:30:50Z  WARNING  stats fetch failed: timed out
2026-09-27T17:30:55Z  WARNING  thresholds fetch failed: timed out
2026-09-27T17:30:55Z  WARNING  stats fetch failed: timed out
2026-09-27T17:31:00Z  WARNING  thresholds fetch failed: timed out
2026-09-27T17:31:00Z  WARNING  stats fetch failed: timed out
2026-09-27T17:31:05Z  WARNING  thresholds fetch failed: timed out
2026-09-27T17:31:05Z  WARNING  stats fetch failed: timed out
2026-09-27T17:31:10Z  WARNING  thresholds fetch failed: timed out
2026-09-27T17:31:10Z  WARNING  stats fetch failed: timed out
2026-09-27T17:31:15Z  WARNING  thresholds fetch failed: timed out
2026-09-27T17:31:15Z  WARNING  stats fetch failed: timed out
2026-09-27T17:31:20Z  WARNING  thresholds fetch failed: timed out
2026-09-27T17:31:20Z  WARNING  stats fetch failed: timed out
2026-09-27T17:31:25Z  WARNING  thresholds fetch failed: timed out
2026-09-27T17:31:25Z  WARNING  stats fetch failed: timed out
2026-09-27T17:31:30Z  WARNING  thresholds fetch failed: timed out
2026-09-27T17:31:30Z  WARNING  stats fetch failed: timed out
2026-09-27T17:31:35Z  WARNING  thresholds fetch failed: timed out
2026-09-27T17:31:35Z  WARNING  stats fetch failed: timed out
2026-09-27T17:31:40Z  WARNING  thresholds fetch failed: timed out
2026-09-27T17:31:40Z  WARNING  stats fetch failed: timed out
2026-09-27T17:31:45Z  WARNING  thresholds fetch failed: timed out
2026-09-27T17:31:45Z  WARNING  stats fetch failed: timed out
2026-09-27T17:31:50Z  WARNING  thresholds fetch failed: timed out
2026-09-27T17:31:50Z  WARNING  stats fetch failed: timed out
2026-09-27T17:31:55Z  WARNING  thresholds fetch failed: timed out
2026-09-27T17:31:55Z  WARNING  stats fetch failed: timed out
2026-09-27T17:32:00Z  WARNING  thresholds fetch failed: timed out
2026-09-27T17:32:00Z  WARNING  stats fetch failed: timed out
2026-09-27T17:32:05Z  WARNING  thresholds fetch failed: timed out
2026-09-27T17:32:05Z  WARNING  stats fetch failed: timed out
2026-09-27T17:32:10Z  WARNING  thresholds fetch failed: timed out
2026-09-27T17:32:10Z  WARNING  stats fetch failed: timed out
2026-09-27T17:32:15Z  WARNING  thresholds fetch failed: timed out
2026-09-27T17:32:15Z  WARNING  stats fetch failed: timed out
2026-09-27T17:32:20Z  WARNING  thresholds fetch failed: timed out
2026-09-27T17:32:20Z  WARNING  stats fetch failed: timed out
2026-09-27T17:32:25Z  WARNING  thresholds fetch failed: timed out
2026-09-27T17:32:25Z  WARNING  stats fetch failed: timed out
2026-09-27T17:32:30Z  WARNING  thresholds fetch failed: timed out
2026-09-27T17:32:30Z  WARNING  stats fetch failed: timed out
2026-09-27T17:32:35Z  WARNING  thresholds fetch failed: timed out
2026-09-27T17:32:35Z  WARNING  stats fetch failed: timed out
2026-09-27T17:32:40Z  WARNING  thresholds fetch failed: timed out
2026-09-27T17:32:40Z  WARNING  stats fetch failed: timed out
2026-09-27T17:32:45Z  WARNING  thresholds fetch failed: timed out
2026-09-27T17:32:45Z  WARNING  stats fetch failed: timed out
2026-09-27T17:32:50Z  WARNING  thresholds fetch failed: timed out
2026-09-27T17:32:50Z  WARNING  stats fetch failed: timed out
2026-09-27T17:32:55Z  WARNING  thresholds fetch failed: timed out
2026-09-27T17:32:55Z  WARNING  stats fetch failed: timed out
2026-09-27T17:33:00Z  WARNING  thresholds fetch failed: timed out
2026-09-27T17:33:00Z  WARNING  stats fetch failed: timed out
2026-09-27T17:33:05Z  WARNING  thresholds fetch failed: timed out
2026-09-27T17:33:05Z  WARNING  stats fetch failed: timed out
2026-09-27T17:33:10Z  WARNING  thresholds fetch failed: timed out
2026-09-27T17:33:10Z  WARNING  stats fetch failed: timed out
2026-09-27T17:33:15Z  WARNING  thresholds fetch failed: timed out
2026-09-27T17:33:15Z  WARNING  stats fetch failed: timed out
2026-09-27T17:33:20Z  WARNING  thresholds fetch failed: timed out
2026-09-27T17:33:20Z  WARNING  stats fetch failed: timed out
2026-09-27T17:33:25Z  WARNING  thresholds fetch failed: timed out
2026-09-27T17:33:25Z  WARNING  stats fetch failed: timed out
2026-09-27T17:33:30Z  WARNING  thresholds fetch failed: timed out
2026-09-27T17:33:30Z  WARNING  stats fetch failed: timed out
2026-09-27T17:33:35Z  WARNING  thresholds fetch failed: timed out
2026-09-27T17:33:35Z  WARNING  stats fetch failed: timed out
2026-09-27T17:33:40Z  WARNING  thresholds fetch failed: timed out
2026-09-27T17:33:40Z  WARNING  stats fetch failed: timed out
2026-09-27T17:33:45Z  WARNING  thresholds fetch failed: timed out
2026-09-27T17:33:45Z  WARNING  stats fetch failed: timed out
2026-09-27T17:33:50Z  WARNING  thresholds fetch failed: timed out
2026-09-27T17:33:50Z  WARNING  stats fetch failed: timed out
2026-09-27T17:33:55Z  WARNING  thresholds fetch failed: timed out
2026-09-27T17:33:55Z  WARNING  stats fetch failed: timed out
2026-09-27T17:34:00Z  WARNING  thresholds fetch failed: timed out
2026-09-27T17:34:00Z  WARNING  stats fetch failed: timed out
2026-09-27T17:34:05Z  WARNING  thresholds fetch failed: timed out
2026-09-27T17:34:05Z  WARNING  stats fetch failed: timed out
2026-09-27T17:34:10Z  WARNING  thresholds fetch failed: timed out
2026-09-27T17:34:10Z  WARNING  stats fetch failed: timed out
2026-09-27T17:34:15Z  WARNING  thresholds fetch failed: timed out
2026-09-27T17:34:15Z  WARNING  stats fetch failed: timed out
2026-09-27T17:34:20Z  WARNING  thresholds fetch failed: timed out
2026-09-27T17:34:20Z  WARNING  stats fetch failed: timed out
2026-09-27T17:34:25Z  WARNING  thresholds fetch failed: timed out
2026-09-27T17:34:25Z  WARNING  stats fetch failed: timed out
2026-09-27T17:34:30Z  WARNING  thresholds fetch failed: timed out
2026-09-27T17:34:30Z  WARNING  stats fetch failed: timed out
2026-09-27T17:34:35Z  WARNING  thresholds fetch failed: timed out
2026-09-27T17:34:35Z  WARNING  stats fetch failed: timed out
2026-09-27T17:34:40Z  WARNING  thresholds fetch failed: timed out
2026-09-27T17:34:40Z  WARNING  stats fetch failed: timed out
2026-09-27T17:34:45Z  WARNING  thresholds fetch failed: timed out
2026-09-27T17:34:45Z  WARNING  stats fetch failed: timed out
2026-09-27T17:34:50Z  WARNING  thresholds fetch failed: timed out
2026-09-27T17:34:50Z  WARNING  stats fetch failed: timed out
2026-09-27T17:34:55Z  WARNING  thresholds fetch failed: timed out
2026-09-27T17:34:55Z  WARNING  stats fetch failed: timed out
2026-09-27T17:35:00Z  WARNING  thresholds fetch failed: timed out
2026-09-27T17:35:00Z  WARNING  stats fetch failed: timed out
2026-09-27T17:35:05Z  WARNING  thresholds fetch failed: timed out
2026-09-27T17:35:05Z  WARNING  stats fetch failed: timed out
2026-09-27T17:35:10Z  WARNING  thresholds fetch failed: timed out
2026-09-27T17:35:10Z  WARNING  stats fetch failed: timed out
2026-09-27T17:35:15Z  WARNING  thresholds fetch failed: timed out
2026-09-27T17:35:15Z  WARNING  stats fetch failed: timed out
2026-09-27T17:35:20Z  WARNING  thresholds fetch failed: timed out
2026-09-27T17:35:20Z  WARNING  stats fetch failed: timed out
2026-09-27T17:35:25Z  WARNING  thresholds fetch failed: timed out
2026-09-27T17:35:25Z  WARNING  stats fetch failed: timed out
2026-09-27T17:35:30Z  WARNING  thresholds fetch failed: timed out
2026-09-27T17:35:30Z  WARNING  stats fetch failed: timed out
2026-09-27T17:35:35Z  WARNING  thresholds fetch failed: timed out
2026-09-27T17:35:35Z  WARNING  stats fetch failed: timed out
2026-09-27T17:35:40Z  WARNING  thresholds fetch failed: timed out
2026-09-27T17:35:40Z  WARNING  stats fetch failed: timed out
2026-09-27T17:35:45Z  WARNING  thresholds fetch failed: timed out
2026-09-27T17:35:45Z  WARNING  stats fetch failed: timed out
2026-09-27T17:35:50Z  WARNING  thresholds fetch failed: timed out
2026-09-27T17:35:50Z  WARNING  stats fetch failed: timed out
2026-09-27T17:35:55Z  WARNING  thresholds fetch failed: timed out
2026-09-27T17:35:55Z  WARNING  stats fetch failed: timed out
2026-09-27T17:36:00Z  WARNING  thresholds fetch failed: timed out
2026-09-27T17:36:00Z  WARNING  stats fetch failed: timed out
2026-09-27T17:36:05Z  WARNING  thresholds fetch failed: timed out
2026-09-27T17:36:05Z  WARNING  stats fetch failed: timed out
2026-09-27T17:36:10Z  WARNING  thresholds fetch failed: timed out
2026-09-27T17:36:10Z  WARNING  stats fetch failed: timed out
2026-09-27T17:36:15Z  WARNING  thresholds fetch failed: timed out
2026-09-27T17:36:15Z  WARNING  stats fetch failed: timed out
2026-09-27T17:36:20Z  WARNING  thresholds fetch failed: timed out
2026-09-27T17:36:20Z  WARNING  stats fetch failed: timed out
2026-09-27T17:36:25Z  WARNING  thresholds fetch failed: timed out
2026-09-27T17:36:25Z  WARNING  stats fetch failed: timed out
2026-09-27T17:36:30Z  WARNING  thresholds fetch failed: timed out
2026-09-27T17:36:30Z  WARNING  stats fetch failed: timed out
2026-09-27T17:36:35Z  WARNING  thresholds fetch failed: timed out
2026-09-27T17:36:35Z  WARNING  stats fetch failed: timed out
2026-09-27T17:36:40Z  WARNING  thresholds fetch failed: timed out
2026-09-27T17:36:40Z  WARNING  stats fetch failed: timed out
2026-09-27T17:36:45Z  WARNING  thresholds fetch failed: timed out
2026-09-27T17:36:45Z  WARNING  stats fetch failed: timed out
2026-09-27T17:36:50Z  WARNING  thresholds fetch failed: timed out
2026-09-27T17:36:50Z  WARNING  stats fetch failed: timed out
2026-09-27T17:36:55Z  WARNING  thresholds fetch failed: timed out
2026-09-27T17:36:55Z  WARNING  stats fetch failed: timed out
2026-09-27T17:37:00Z  WARNING  thresholds fetch failed: timed out
2026-09-27T17:37:00Z  WARNING  stats fetch failed: timed out
2026-09-27T17:37:02Z  SHUTDOWN  signal=15
2026-09-27T17:37:03Z  EXIT
