2026-09-24T17:41:36Z  START  poll_interval=1s layer_a_poll_interval=5s
2026-09-24T17:42:40Z  WARNING  thresholds fetch failed: timed out
2026-09-24T17:42:40Z  WARNING  stats fetch failed: timed out
2026-09-24T17:42:45Z  WARNING  thresholds fetch failed: timed out
2026-09-24T17:42:45Z  WARNING  stats fetch failed: timed out
2026-09-24T17:42:50Z  WARNING  thresholds fetch failed: timed out
2026-09-24T17:42:50Z  WARNING  stats fetch failed: timed out
2026-09-24T17:42:55Z  WARNING  thresholds fetch failed: timed out
2026-09-24T17:42:55Z  WARNING  stats fetch failed: timed out
2026-09-24T17:43:00Z  WARNING  thresholds fetch failed: timed out
2026-09-24T17:43:00Z  WARNING  stats fetch failed: timed out
2026-09-24T17:43:05Z  WARNING  thresholds fetch failed: timed out
2026-09-24T17:43:05Z  WARNING  stats fetch failed: timed out
2026-09-24T17:43:10Z  WARNING  thresholds fetch failed: timed out
2026-09-24T17:43:10Z  WARNING  stats fetch failed: timed out
2026-09-24T17:43:15Z  WARNING  thresholds fetch failed: timed out
2026-09-24T17:43:15Z  WARNING  stats fetch failed: timed out
2026-09-24T17:43:20Z  WARNING  thresholds fetch failed: timed out
2026-09-24T17:43:20Z  WARNING  stats fetch failed: timed out
2026-09-24T17:43:25Z  WARNING  thresholds fetch failed: timed out
2026-09-24T17:43:25Z  WARNING  stats fetch failed: timed out
2026-09-24T17:43:30Z  WARNING  thresholds fetch failed: timed out
2026-09-24T17:43:30Z  WARNING  stats fetch failed: timed out
2026-09-24T17:43:35Z  WARNING  thresholds fetch failed: timed out
2026-09-24T17:43:35Z  WARNING  stats fetch failed: timed out
2026-09-24T17:43:40Z  WARNING  thresholds fetch failed: timed out
2026-09-24T17:43:40Z  WARNING  stats fetch failed: timed out
2026-09-24T17:43:45Z  WARNING  thresholds fetch failed: timed out
2026-09-24T17:43:45Z  WARNING  stats fetch failed: timed out
2026-09-24T17:43:50Z  WARNING  thresholds fetch failed: timed out
2026-09-24T17:43:50Z  WARNING  stats fetch failed: timed out
2026-09-24T17:43:55Z  WARNING  thresholds fetch failed: timed out
2026-09-24T17:43:55Z  WARNING  stats fetch failed: timed out
2026-09-24T17:44:00Z  WARNING  thresholds fetch failed: timed out
2026-09-24T17:44:00Z  WARNING  stats fetch failed: timed out
2026-09-24T17:44:05Z  WARNING  thresholds fetch failed: timed out
2026-09-24T17:44:05Z  WARNING  stats fetch failed: timed out
2026-09-24T17:44:10Z  WARNING  thresholds fetch failed: timed out
2026-09-24T17:44:10Z  WARNING  stats fetch failed: timed out
2026-09-24T17:44:15Z  WARNING  thresholds fetch failed: timed out
2026-09-24T17:44:15Z  WARNING  stats fetch failed: timed out
2026-09-24T17:44:20Z  WARNING  thresholds fetch failed: timed out
2026-09-24T17:44:20Z  WARNING  stats fetch failed: timed out
2026-09-24T17:44:25Z  WARNING  thresholds fetch failed: timed out
2026-09-24T17:44:25Z  WARNING  stats fetch failed: timed out
2026-09-24T17:44:30Z  WARNING  thresholds fetch failed: timed out
2026-09-24T17:44:30Z  WARNING  stats fetch failed: timed out
2026-09-24T17:44:35Z  WARNING  thresholds fetch failed: timed out
2026-09-24T17:44:35Z  WARNING  stats fetch failed: timed out
2026-09-24T17:44:40Z  WARNING  thresholds fetch failed: timed out
2026-09-24T17:44:40Z  WARNING  stats fetch failed: timed out
2026-09-24T17:44:45Z  WARNING  thresholds fetch failed: timed out
2026-09-24T17:44:45Z  WARNING  stats fetch failed: timed out
2026-09-24T17:44:50Z  WARNING  thresholds fetch failed: timed out
2026-09-24T17:44:50Z  WARNING  stats fetch failed: timed out
2026-09-24T17:44:55Z  WARNING  thresholds fetch failed: timed out
2026-09-24T17:44:55Z  WARNING  stats fetch failed: timed out
2026-09-24T17:45:00Z  WARNING  thresholds fetch failed: timed out
2026-09-24T17:45:00Z  WARNING  stats fetch failed: timed out
2026-09-24T17:45:05Z  WARNING  thresholds fetch failed: timed out
2026-09-24T17:45:05Z  WARNING  stats fetch failed: timed out
2026-09-24T17:45:10Z  WARNING  thresholds fetch failed: timed out
2026-09-24T17:45:10Z  WARNING  stats fetch failed: timed out
2026-09-24T17:45:15Z  WARNING  thresholds fetch failed: timed out
2026-09-24T17:45:15Z  WARNING  stats fetch failed: timed out
2026-09-24T17:45:20Z  WARNING  thresholds fetch failed: timed out
2026-09-24T17:45:20Z  WARNING  stats fetch failed: timed out
2026-09-24T17:45:25Z  WARNING  thresholds fetch failed: timed out
2026-09-24T17:45:25Z  WARNING  stats fetch failed: timed out
2026-09-24T17:45:30Z  WARNING  thresholds fetch failed: timed out
2026-09-24T17:45:30Z  WARNING  stats fetch failed: timed out
2026-09-24T17:45:35Z  WARNING  thresholds fetch failed: timed out
2026-09-24T17:45:35Z  WARNING  stats fetch failed: timed out
2026-09-24T17:45:40Z  WARNING  thresholds fetch failed: timed out
2026-09-24T17:45:40Z  WARNING  stats fetch failed: timed out
2026-09-24T17:45:45Z  WARNING  thresholds fetch failed: timed out
2026-09-24T17:45:45Z  WARNING  stats fetch failed: timed out
2026-09-24T17:45:50Z  WARNING  thresholds fetch failed: timed out
2026-09-24T17:45:50Z  WARNING  stats fetch failed: timed out
2026-09-24T17:45:55Z  WARNING  thresholds fetch failed: timed out
2026-09-24T17:45:55Z  WARNING  stats fetch failed: timed out
2026-09-24T17:46:00Z  WARNING  thresholds fetch failed: timed out
2026-09-24T17:46:00Z  WARNING  stats fetch failed: timed out
2026-09-24T17:46:05Z  WARNING  thresholds fetch failed: timed out
2026-09-24T17:46:05Z  WARNING  stats fetch failed: timed out
2026-09-24T17:46:10Z  WARNING  thresholds fetch failed: timed out
2026-09-24T17:46:10Z  WARNING  stats fetch failed: timed out
2026-09-24T17:46:15Z  WARNING  thresholds fetch failed: timed out
2026-09-24T17:46:15Z  WARNING  stats fetch failed: timed out
2026-09-24T17:46:20Z  WARNING  thresholds fetch failed: timed out
2026-09-24T17:46:20Z  WARNING  stats fetch failed: timed out
2026-09-24T17:46:25Z  WARNING  thresholds fetch failed: timed out
2026-09-24T17:46:25Z  WARNING  stats fetch failed: timed out
2026-09-24T17:46:30Z  WARNING  thresholds fetch failed: timed out
2026-09-24T17:46:30Z  WARNING  stats fetch failed: timed out
2026-09-24T17:46:35Z  WARNING  thresholds fetch failed: timed out
2026-09-24T17:46:35Z  WARNING  stats fetch failed: timed out
2026-09-24T17:46:40Z  WARNING  thresholds fetch failed: timed out
2026-09-24T17:46:40Z  WARNING  stats fetch failed: timed out
2026-09-24T17:46:45Z  WARNING  thresholds fetch failed: timed out
2026-09-24T17:46:45Z  WARNING  stats fetch failed: timed out
2026-09-24T17:46:50Z  WARNING  thresholds fetch failed: timed out
2026-09-24T17:46:50Z  WARNING  stats fetch failed: timed out
2026-09-24T17:46:55Z  WARNING  thresholds fetch failed: timed out
2026-09-24T17:46:55Z  WARNING  stats fetch failed: timed out
2026-09-24T17:47:00Z  WARNING  thresholds fetch failed: timed out
2026-09-24T17:47:00Z  WARNING  stats fetch failed: timed out
2026-09-24T17:47:05Z  WARNING  thresholds fetch failed: timed out
2026-09-24T17:47:05Z  WARNING  stats fetch failed: timed out
2026-09-24T17:47:10Z  WARNING  thresholds fetch failed: timed out
2026-09-24T17:47:10Z  WARNING  stats fetch failed: timed out
2026-09-24T17:47:15Z  WARNING  thresholds fetch failed: timed out
2026-09-24T17:47:15Z  WARNING  stats fetch failed: timed out
2026-09-24T17:47:20Z  WARNING  thresholds fetch failed: timed out
2026-09-24T17:47:20Z  WARNING  stats fetch failed: timed out
2026-09-24T17:47:25Z  WARNING  thresholds fetch failed: timed out
2026-09-24T17:47:25Z  WARNING  stats fetch failed: timed out
2026-09-24T17:47:30Z  WARNING  thresholds fetch failed: timed out
2026-09-24T17:47:30Z  WARNING  stats fetch failed: timed out
2026-09-24T17:47:35Z  WARNING  thresholds fetch failed: timed out
2026-09-24T17:47:35Z  WARNING  stats fetch failed: timed out
2026-09-24T17:47:40Z  WARNING  thresholds fetch failed: timed out
2026-09-24T17:47:40Z  WARNING  stats fetch failed: timed out
2026-09-24T17:47:45Z  WARNING  thresholds fetch failed: timed out
2026-09-24T17:47:45Z  WARNING  stats fetch failed: timed out
2026-09-24T17:47:50Z  WARNING  thresholds fetch failed: timed out
2026-09-24T17:47:50Z  WARNING  stats fetch failed: timed out
2026-09-24T17:47:55Z  WARNING  thresholds fetch failed: timed out
2026-09-24T17:47:55Z  WARNING  stats fetch failed: timed out
2026-09-24T17:48:00Z  WARNING  thresholds fetch failed: timed out
2026-09-24T17:48:00Z  WARNING  stats fetch failed: timed out
2026-09-24T17:48:05Z  WARNING  thresholds fetch failed: timed out
2026-09-24T17:48:05Z  WARNING  stats fetch failed: timed out
2026-09-24T17:48:10Z  WARNING  thresholds fetch failed: timed out
2026-09-24T17:48:10Z  WARNING  stats fetch failed: timed out
2026-09-24T17:48:15Z  WARNING  thresholds fetch failed: timed out
2026-09-24T17:48:15Z  WARNING  stats fetch failed: timed out
2026-09-24T17:48:20Z  WARNING  thresholds fetch failed: timed out
2026-09-24T17:48:20Z  WARNING  stats fetch failed: timed out
2026-09-24T17:48:25Z  WARNING  thresholds fetch failed: timed out
2026-09-24T17:48:25Z  WARNING  stats fetch failed: timed out
2026-09-24T17:48:30Z  WARNING  thresholds fetch failed: timed out
2026-09-24T17:48:30Z  WARNING  stats fetch failed: timed out
2026-09-24T17:48:35Z  WARNING  thresholds fetch failed: timed out
2026-09-24T17:48:35Z  WARNING  stats fetch failed: timed out
2026-09-24T17:48:40Z  WARNING  thresholds fetch failed: timed out
2026-09-24T17:48:40Z  WARNING  stats fetch failed: timed out
2026-09-24T17:48:45Z  WARNING  thresholds fetch failed: timed out
2026-09-24T17:48:45Z  WARNING  stats fetch failed: timed out
2026-09-24T17:48:50Z  WARNING  thresholds fetch failed: timed out
2026-09-24T17:48:50Z  WARNING  stats fetch failed: timed out
2026-09-24T17:48:55Z  WARNING  thresholds fetch failed: timed out
2026-09-24T17:48:55Z  WARNING  stats fetch failed: timed out
2026-09-24T17:49:00Z  WARNING  thresholds fetch failed: timed out
2026-09-24T17:49:00Z  WARNING  stats fetch failed: timed out
2026-09-24T17:49:05Z  WARNING  thresholds fetch failed: timed out
2026-09-24T17:49:05Z  WARNING  stats fetch failed: timed out
2026-09-24T17:49:10Z  WARNING  thresholds fetch failed: timed out
2026-09-24T17:49:10Z  WARNING  stats fetch failed: timed out
2026-09-24T17:49:15Z  WARNING  thresholds fetch failed: timed out
2026-09-24T17:49:15Z  WARNING  stats fetch failed: timed out
2026-09-24T17:49:20Z  WARNING  thresholds fetch failed: timed out
2026-09-24T17:49:20Z  WARNING  stats fetch failed: timed out
2026-09-24T17:49:25Z  WARNING  thresholds fetch failed: timed out
2026-09-24T17:49:25Z  WARNING  stats fetch failed: timed out
2026-09-24T17:49:30Z  WARNING  thresholds fetch failed: timed out
2026-09-24T17:49:30Z  WARNING  stats fetch failed: timed out
2026-09-24T17:49:35Z  WARNING  thresholds fetch failed: timed out
2026-09-24T17:49:35Z  WARNING  stats fetch failed: timed out
2026-09-24T17:49:40Z  WARNING  thresholds fetch failed: timed out
2026-09-24T17:49:40Z  WARNING  stats fetch failed: timed out
2026-09-24T17:49:45Z  WARNING  thresholds fetch failed: timed out
2026-09-24T17:49:45Z  WARNING  stats fetch failed: timed out
2026-09-24T17:49:50Z  WARNING  thresholds fetch failed: timed out
2026-09-24T17:49:50Z  WARNING  stats fetch failed: timed out
2026-09-24T17:49:55Z  WARNING  thresholds fetch failed: timed out
2026-09-24T17:49:55Z  WARNING  stats fetch failed: timed out
2026-09-24T17:50:00Z  WARNING  thresholds fetch failed: timed out
2026-09-24T17:50:00Z  WARNING  stats fetch failed: timed out
2026-09-24T17:50:05Z  WARNING  thresholds fetch failed: timed out
2026-09-24T17:50:05Z  WARNING  stats fetch failed: timed out
2026-09-24T17:50:10Z  WARNING  thresholds fetch failed: timed out
2026-09-24T17:50:10Z  WARNING  stats fetch failed: timed out
2026-09-24T17:50:15Z  WARNING  thresholds fetch failed: timed out
2026-09-24T17:50:15Z  WARNING  stats fetch failed: timed out
2026-09-24T17:50:20Z  WARNING  thresholds fetch failed: timed out
2026-09-24T17:50:20Z  WARNING  stats fetch failed: timed out
2026-09-24T17:50:25Z  WARNING  thresholds fetch failed: timed out
2026-09-24T17:50:25Z  WARNING  stats fetch failed: timed out
2026-09-24T17:50:30Z  WARNING  thresholds fetch failed: timed out
2026-09-24T17:50:30Z  WARNING  stats fetch failed: timed out
2026-09-24T17:50:35Z  WARNING  thresholds fetch failed: timed out
2026-09-24T17:50:35Z  WARNING  stats fetch failed: timed out
2026-09-24T17:50:40Z  WARNING  thresholds fetch failed: timed out
2026-09-24T17:50:40Z  WARNING  stats fetch failed: timed out
2026-09-24T17:50:45Z  WARNING  thresholds fetch failed: timed out
2026-09-24T17:50:45Z  WARNING  stats fetch failed: timed out
2026-09-24T17:50:50Z  WARNING  thresholds fetch failed: timed out
2026-09-24T17:50:50Z  WARNING  stats fetch failed: timed out
2026-09-24T17:50:55Z  WARNING  thresholds fetch failed: timed out
2026-09-24T17:50:55Z  WARNING  stats fetch failed: timed out
2026-09-24T17:51:00Z  WARNING  thresholds fetch failed: timed out
2026-09-24T17:51:00Z  WARNING  stats fetch failed: timed out
2026-09-24T17:51:05Z  WARNING  thresholds fetch failed: timed out
2026-09-24T17:51:05Z  WARNING  stats fetch failed: timed out
2026-09-24T17:51:10Z  WARNING  thresholds fetch failed: timed out
2026-09-24T17:51:10Z  WARNING  stats fetch failed: timed out
2026-09-24T17:51:15Z  WARNING  thresholds fetch failed: timed out
2026-09-24T17:51:15Z  WARNING  stats fetch failed: timed out
2026-09-24T17:51:20Z  WARNING  thresholds fetch failed: timed out
2026-09-24T17:51:20Z  WARNING  stats fetch failed: timed out
2026-09-24T17:51:25Z  WARNING  thresholds fetch failed: timed out
2026-09-24T17:51:25Z  WARNING  stats fetch failed: timed out
2026-09-24T17:51:30Z  WARNING  thresholds fetch failed: timed out
2026-09-24T17:51:30Z  WARNING  stats fetch failed: timed out
2026-09-24T17:51:35Z  WARNING  thresholds fetch failed: timed out
2026-09-24T17:51:35Z  WARNING  stats fetch failed: timed out
2026-09-24T17:51:40Z  WARNING  thresholds fetch failed: timed out
2026-09-24T17:51:40Z  WARNING  stats fetch failed: timed out
2026-09-24T17:51:45Z  WARNING  thresholds fetch failed: timed out
2026-09-24T17:51:45Z  WARNING  stats fetch failed: timed out
2026-09-24T17:51:50Z  WARNING  thresholds fetch failed: timed out
2026-09-24T17:51:50Z  WARNING  stats fetch failed: timed out
2026-09-24T17:51:55Z  WARNING  thresholds fetch failed: timed out
2026-09-24T17:51:55Z  WARNING  stats fetch failed: timed out
2026-09-24T17:52:00Z  WARNING  thresholds fetch failed: timed out
2026-09-24T17:52:00Z  WARNING  stats fetch failed: timed out
2026-09-24T17:52:05Z  WARNING  thresholds fetch failed: timed out
2026-09-24T17:52:05Z  WARNING  stats fetch failed: timed out
2026-09-24T17:52:10Z  WARNING  thresholds fetch failed: timed out
2026-09-24T17:52:10Z  WARNING  stats fetch failed: timed out
2026-09-24T17:52:13Z  SHUTDOWN  signal=15
2026-09-24T17:52:14Z  EXIT
