2026-08-15T12:23:18Z  WAITING  for metric_collector CSVs under /home/idozacharia/TopFull/TopFull_master/online_boutique_scripts/src/logs (timeout=60s)
2026-08-15T12:23:18Z  READY  found getproduct.csv
2026-08-15T12:23:18Z  START  threshold=0.20 window=30s disable_windows=2 re_enable_windows=3 services=['cartservice', 'checkoutservice', 'productcatalogservice']
2026-08-15T12:23:48Z  OBSERVE  cartservice  rejection=0.0456  low=1 high=0  state=ON
2026-08-15T12:23:48Z  OBSERVE  checkoutservice  rejection=0.0000  low=1 high=0  state=ON
2026-08-15T12:23:48Z  OBSERVE  productcatalogservice  rejection=0.0191  low=1 high=0  state=ON
2026-08-15T12:24:18Z  OBSERVE  cartservice  rejection=0.3292  low=0 high=1  state=ON
2026-08-15T12:24:18Z  OBSERVE  checkoutservice  rejection=0.0876  low=2 high=0  state=ON
2026-08-15T12:24:18Z  OBSERVE  productcatalogservice  rejection=0.2206  low=0 high=1  state=ON
2026-08-15T12:24:48Z  OBSERVE  cartservice  rejection=0.7757  low=0 high=2  state=ON
2026-08-15T12:24:48Z  cartservice  ON→OFF   rejection=0.78  consecutive_high=2  attempts=0
2026-08-15T12:24:48Z  OBSERVE  checkoutservice  rejection=0.3969  low=0 high=1  state=ON
2026-08-15T12:24:48Z  OBSERVE  productcatalogservice  rejection=0.6457  low=0 high=2  state=ON
2026-08-15T12:24:48Z  productcatalogservice  ON→OFF   rejection=0.65  consecutive_high=2  attempts=0
2026-08-15T12:25:18Z  OBSERVE  cartservice  rejection=0.8530  low=0 high=3  state=OFF
2026-08-15T12:25:18Z  OBSERVE  checkoutservice  rejection=0.4635  low=0 high=2  state=ON
2026-08-15T12:25:18Z  checkoutservice  ON→OFF   rejection=0.46  consecutive_high=2  attempts=0
2026-08-15T12:25:18Z  OBSERVE  productcatalogservice  rejection=0.6960  low=0 high=3  state=OFF
2026-08-15T12:25:48Z  OBSERVE  cartservice  rejection=0.8458  low=0 high=4  state=OFF
2026-08-15T12:25:48Z  OBSERVE  checkoutservice  rejection=0.6727  low=0 high=3  state=OFF
2026-08-15T12:25:48Z  OBSERVE  productcatalogservice  rejection=0.8202  low=0 high=4  state=OFF
2026-08-15T12:26:18Z  OBSERVE  cartservice  rejection=0.8879  low=0 high=5  state=OFF
2026-08-15T12:26:18Z  OBSERVE  checkoutservice  rejection=0.8135  low=0 high=4  state=OFF
2026-08-15T12:26:18Z  OBSERVE  productcatalogservice  rejection=0.8963  low=0 high=5  state=OFF
2026-08-15T12:26:48Z  OBSERVE  cartservice  rejection=0.8150  low=0 high=6  state=OFF
2026-08-15T12:26:48Z  OBSERVE  checkoutservice  rejection=0.5702  low=0 high=5  state=OFF
2026-08-15T12:26:48Z  OBSERVE  productcatalogservice  rejection=0.8406  low=0 high=6  state=OFF
2026-08-15T12:27:18Z  OBSERVE  cartservice  rejection=0.8455  low=0 high=7  state=OFF
2026-08-15T12:27:18Z  OBSERVE  checkoutservice  rejection=0.7053  low=0 high=6  state=OFF
2026-08-15T12:27:18Z  OBSERVE  productcatalogservice  rejection=0.8677  low=0 high=7  state=OFF
2026-08-15T12:27:48Z  OBSERVE  cartservice  rejection=0.8143  low=0 high=8  state=OFF
2026-08-15T12:27:48Z  OBSERVE  checkoutservice  rejection=0.5928  low=0 high=7  state=OFF
2026-08-15T12:27:48Z  OBSERVE  productcatalogservice  rejection=0.8221  low=0 high=8  state=OFF
2026-08-15T12:28:18Z  OBSERVE  cartservice  rejection=0.7575  low=0 high=9  state=OFF
2026-08-15T12:28:18Z  OBSERVE  checkoutservice  rejection=0.6107  low=0 high=8  state=OFF
2026-08-15T12:28:18Z  OBSERVE  productcatalogservice  rejection=0.7893  low=0 high=9  state=OFF
2026-08-15T12:28:48Z  OBSERVE  cartservice  rejection=0.8332  low=0 high=10  state=OFF
2026-08-15T12:28:48Z  OBSERVE  checkoutservice  rejection=0.7479  low=0 high=9  state=OFF
2026-08-15T12:28:48Z  OBSERVE  productcatalogservice  rejection=0.8339  low=0 high=10  state=OFF
2026-08-15T12:29:18Z  OBSERVE  cartservice  rejection=0.8369  low=0 high=11  state=OFF
2026-08-15T12:29:18Z  OBSERVE  checkoutservice  rejection=0.6808  low=0 high=10  state=OFF
2026-08-15T12:29:18Z  OBSERVE  productcatalogservice  rejection=0.8931  low=0 high=11  state=OFF
2026-08-15T12:29:48Z  OBSERVE  cartservice  rejection=0.8579  low=0 high=12  state=OFF
2026-08-15T12:29:48Z  OBSERVE  checkoutservice  rejection=0.7177  low=0 high=11  state=OFF
2026-08-15T12:29:48Z  OBSERVE  productcatalogservice  rejection=0.9048  low=0 high=12  state=OFF
2026-08-15T12:30:19Z  OBSERVE  cartservice  rejection=0.8974  low=0 high=13  state=OFF
2026-08-15T12:30:19Z  OBSERVE  checkoutservice  rejection=0.7836  low=0 high=12  state=OFF
2026-08-15T12:30:19Z  OBSERVE  productcatalogservice  rejection=0.9084  low=0 high=13  state=OFF
2026-08-15T12:30:49Z  OBSERVE  cartservice  rejection=0.8551  low=0 high=14  state=OFF
2026-08-15T12:30:49Z  OBSERVE  checkoutservice  rejection=0.6690  low=0 high=13  state=OFF
2026-08-15T12:30:49Z  OBSERVE  productcatalogservice  rejection=0.8622  low=0 high=14  state=OFF
2026-08-15T12:31:19Z  OBSERVE  cartservice  rejection=0.8238  low=0 high=15  state=OFF
2026-08-15T12:31:19Z  OBSERVE  checkoutservice  rejection=0.6882  low=0 high=14  state=OFF
2026-08-15T12:31:19Z  OBSERVE  productcatalogservice  rejection=0.8328  low=0 high=15  state=OFF
2026-08-15T12:31:49Z  OBSERVE  cartservice  rejection=0.8601  low=0 high=16  state=OFF
2026-08-15T12:31:49Z  OBSERVE  checkoutservice  rejection=0.6995  low=0 high=15  state=OFF
2026-08-15T12:31:49Z  OBSERVE  productcatalogservice  rejection=0.8897  low=0 high=16  state=OFF
2026-08-15T12:32:19Z  OBSERVE  cartservice  rejection=0.8557  low=0 high=17  state=OFF
2026-08-15T12:32:19Z  OBSERVE  checkoutservice  rejection=0.7466  low=0 high=16  state=OFF
2026-08-15T12:32:19Z  OBSERVE  productcatalogservice  rejection=0.8752  low=0 high=17  state=OFF
2026-08-15T12:32:49Z  OBSERVE  cartservice  rejection=0.8148  low=0 high=18  state=OFF
2026-08-15T12:32:49Z  OBSERVE  checkoutservice  rejection=0.6184  low=0 high=17  state=OFF
2026-08-15T12:32:49Z  OBSERVE  productcatalogservice  rejection=0.8291  low=0 high=18  state=OFF
2026-08-15T12:33:19Z  OBSERVE  cartservice  rejection=0.8557  low=0 high=19  state=OFF
2026-08-15T12:33:19Z  OBSERVE  checkoutservice  rejection=0.7065  low=0 high=18  state=OFF
2026-08-15T12:33:19Z  OBSERVE  productcatalogservice  rejection=0.8730  low=0 high=19  state=OFF
2026-08-15T12:33:49Z  SHUTDOWN  signal=15
2026-08-15T12:33:49Z  EXIT
