2026-09-26T15:33:03Z  START  poll_interval=1s layer_a_poll_interval=5s
2026-09-26T15:34:20Z  WARNING  thresholds fetch failed: timed out
2026-09-26T15:34:20Z  WARNING  stats fetch failed: timed out
2026-09-26T15:34:25Z  WARNING  thresholds fetch failed: timed out
2026-09-26T15:34:25Z  WARNING  stats fetch failed: timed out
2026-09-26T15:34:30Z  WARNING  thresholds fetch failed: timed out
2026-09-26T15:34:30Z  WARNING  stats fetch failed: timed out
2026-09-26T15:34:35Z  WARNING  thresholds fetch failed: timed out
2026-09-26T15:34:35Z  WARNING  stats fetch failed: timed out
2026-09-26T15:34:40Z  WARNING  thresholds fetch failed: timed out
2026-09-26T15:34:40Z  WARNING  stats fetch failed: timed out
2026-09-26T15:34:45Z  WARNING  thresholds fetch failed: timed out
2026-09-26T15:34:45Z  WARNING  stats fetch failed: timed out
2026-09-26T15:34:50Z  WARNING  thresholds fetch failed: timed out
2026-09-26T15:34:50Z  WARNING  stats fetch failed: timed out
2026-09-26T15:34:55Z  WARNING  thresholds fetch failed: timed out
2026-09-26T15:34:55Z  WARNING  stats fetch failed: timed out
2026-09-26T15:35:00Z  WARNING  thresholds fetch failed: timed out
2026-09-26T15:35:00Z  WARNING  stats fetch failed: timed out
2026-09-26T15:35:05Z  WARNING  thresholds fetch failed: timed out
2026-09-26T15:35:05Z  WARNING  stats fetch failed: timed out
2026-09-26T15:35:10Z  WARNING  thresholds fetch failed: timed out
2026-09-26T15:35:10Z  WARNING  stats fetch failed: timed out
2026-09-26T15:35:15Z  WARNING  thresholds fetch failed: timed out
2026-09-26T15:35:15Z  WARNING  stats fetch failed: timed out
2026-09-26T15:35:20Z  WARNING  thresholds fetch failed: timed out
2026-09-26T15:35:20Z  WARNING  stats fetch failed: timed out
2026-09-26T15:35:25Z  WARNING  thresholds fetch failed: timed out
2026-09-26T15:35:25Z  WARNING  stats fetch failed: timed out
2026-09-26T15:35:30Z  WARNING  thresholds fetch failed: timed out
2026-09-26T15:35:30Z  WARNING  stats fetch failed: timed out
2026-09-26T15:35:35Z  WARNING  thresholds fetch failed: timed out
2026-09-26T15:35:35Z  WARNING  stats fetch failed: timed out
2026-09-26T15:35:40Z  WARNING  thresholds fetch failed: timed out
2026-09-26T15:35:40Z  WARNING  stats fetch failed: timed out
2026-09-26T15:35:45Z  WARNING  thresholds fetch failed: timed out
2026-09-26T15:35:45Z  WARNING  stats fetch failed: timed out
2026-09-26T15:35:50Z  WARNING  thresholds fetch failed: timed out
2026-09-26T15:35:50Z  WARNING  stats fetch failed: timed out
2026-09-26T15:35:55Z  WARNING  thresholds fetch failed: timed out
2026-09-26T15:35:55Z  WARNING  stats fetch failed: timed out
2026-09-26T15:36:00Z  WARNING  thresholds fetch failed: timed out
2026-09-26T15:36:00Z  WARNING  stats fetch failed: timed out
2026-09-26T15:36:05Z  WARNING  thresholds fetch failed: timed out
2026-09-26T15:36:05Z  WARNING  stats fetch failed: timed out
2026-09-26T15:36:10Z  WARNING  thresholds fetch failed: timed out
2026-09-26T15:36:10Z  WARNING  stats fetch failed: timed out
2026-09-26T15:36:15Z  WARNING  thresholds fetch failed: timed out
2026-09-26T15:36:15Z  WARNING  stats fetch failed: timed out
2026-09-26T15:36:20Z  WARNING  thresholds fetch failed: timed out
2026-09-26T15:36:20Z  WARNING  stats fetch failed: timed out
2026-09-26T15:36:25Z  WARNING  thresholds fetch failed: timed out
2026-09-26T15:36:25Z  WARNING  stats fetch failed: timed out
2026-09-26T15:36:30Z  WARNING  thresholds fetch failed: timed out
2026-09-26T15:36:30Z  WARNING  stats fetch failed: timed out
2026-09-26T15:36:35Z  WARNING  thresholds fetch failed: timed out
2026-09-26T15:36:35Z  WARNING  stats fetch failed: timed out
2026-09-26T15:36:40Z  WARNING  thresholds fetch failed: timed out
2026-09-26T15:36:40Z  WARNING  stats fetch failed: timed out
2026-09-26T15:36:45Z  WARNING  thresholds fetch failed: timed out
2026-09-26T15:36:45Z  WARNING  stats fetch failed: timed out
2026-09-26T15:36:50Z  WARNING  thresholds fetch failed: timed out
2026-09-26T15:36:50Z  WARNING  stats fetch failed: timed out
2026-09-26T15:36:55Z  WARNING  thresholds fetch failed: timed out
2026-09-26T15:36:55Z  WARNING  stats fetch failed: timed out
2026-09-26T15:37:00Z  WARNING  thresholds fetch failed: timed out
2026-09-26T15:37:00Z  WARNING  stats fetch failed: timed out
2026-09-26T15:37:05Z  WARNING  thresholds fetch failed: timed out
2026-09-26T15:37:05Z  WARNING  stats fetch failed: timed out
2026-09-26T15:37:10Z  WARNING  thresholds fetch failed: timed out
2026-09-26T15:37:10Z  WARNING  stats fetch failed: timed out
2026-09-26T15:37:15Z  WARNING  thresholds fetch failed: timed out
2026-09-26T15:37:15Z  WARNING  stats fetch failed: timed out
2026-09-26T15:37:20Z  WARNING  thresholds fetch failed: timed out
2026-09-26T15:37:20Z  WARNING  stats fetch failed: timed out
2026-09-26T15:37:25Z  WARNING  thresholds fetch failed: timed out
2026-09-26T15:37:25Z  WARNING  stats fetch failed: timed out
2026-09-26T15:37:30Z  WARNING  thresholds fetch failed: timed out
2026-09-26T15:37:30Z  WARNING  stats fetch failed: timed out
2026-09-26T15:37:35Z  WARNING  thresholds fetch failed: timed out
2026-09-26T15:37:35Z  WARNING  stats fetch failed: timed out
2026-09-26T15:37:40Z  WARNING  thresholds fetch failed: timed out
2026-09-26T15:37:40Z  WARNING  stats fetch failed: timed out
2026-09-26T15:37:45Z  WARNING  thresholds fetch failed: timed out
2026-09-26T15:37:45Z  WARNING  stats fetch failed: timed out
2026-09-26T15:37:50Z  WARNING  thresholds fetch failed: timed out
2026-09-26T15:37:50Z  WARNING  stats fetch failed: timed out
2026-09-26T15:37:55Z  WARNING  thresholds fetch failed: timed out
2026-09-26T15:37:55Z  WARNING  stats fetch failed: timed out
2026-09-26T15:38:00Z  WARNING  thresholds fetch failed: timed out
2026-09-26T15:38:00Z  WARNING  stats fetch failed: timed out
2026-09-26T15:38:05Z  WARNING  thresholds fetch failed: timed out
2026-09-26T15:38:05Z  WARNING  stats fetch failed: timed out
2026-09-26T15:38:10Z  WARNING  thresholds fetch failed: timed out
2026-09-26T15:38:10Z  WARNING  stats fetch failed: timed out
2026-09-26T15:38:15Z  WARNING  thresholds fetch failed: timed out
2026-09-26T15:38:15Z  WARNING  stats fetch failed: timed out
2026-09-26T15:38:20Z  WARNING  thresholds fetch failed: timed out
2026-09-26T15:38:20Z  WARNING  stats fetch failed: timed out
2026-09-26T15:38:25Z  WARNING  thresholds fetch failed: timed out
2026-09-26T15:38:25Z  WARNING  stats fetch failed: timed out
2026-09-26T15:38:30Z  WARNING  thresholds fetch failed: timed out
2026-09-26T15:38:30Z  WARNING  stats fetch failed: timed out
2026-09-26T15:38:35Z  WARNING  thresholds fetch failed: timed out
2026-09-26T15:38:35Z  WARNING  stats fetch failed: timed out
2026-09-26T15:38:40Z  WARNING  thresholds fetch failed: timed out
2026-09-26T15:38:40Z  WARNING  stats fetch failed: timed out
2026-09-26T15:38:45Z  WARNING  thresholds fetch failed: timed out
2026-09-26T15:38:45Z  WARNING  stats fetch failed: timed out
2026-09-26T15:38:50Z  WARNING  thresholds fetch failed: timed out
2026-09-26T15:38:50Z  WARNING  stats fetch failed: timed out
2026-09-26T15:38:55Z  WARNING  thresholds fetch failed: timed out
2026-09-26T15:38:55Z  WARNING  stats fetch failed: timed out
2026-09-26T15:39:00Z  WARNING  thresholds fetch failed: timed out
2026-09-26T15:39:00Z  WARNING  stats fetch failed: timed out
2026-09-26T15:39:05Z  WARNING  thresholds fetch failed: timed out
2026-09-26T15:39:05Z  WARNING  stats fetch failed: timed out
2026-09-26T15:39:10Z  WARNING  thresholds fetch failed: timed out
2026-09-26T15:39:10Z  WARNING  stats fetch failed: timed out
2026-09-26T15:39:15Z  WARNING  thresholds fetch failed: timed out
2026-09-26T15:39:15Z  WARNING  stats fetch failed: timed out
2026-09-26T15:39:20Z  WARNING  thresholds fetch failed: timed out
2026-09-26T15:39:20Z  WARNING  stats fetch failed: timed out
2026-09-26T15:39:25Z  WARNING  thresholds fetch failed: timed out
2026-09-26T15:39:25Z  WARNING  stats fetch failed: timed out
2026-09-26T15:39:30Z  WARNING  thresholds fetch failed: timed out
2026-09-26T15:39:30Z  WARNING  stats fetch failed: timed out
2026-09-26T15:39:35Z  WARNING  thresholds fetch failed: timed out
2026-09-26T15:39:35Z  WARNING  stats fetch failed: timed out
2026-09-26T15:39:40Z  WARNING  thresholds fetch failed: timed out
2026-09-26T15:39:40Z  WARNING  stats fetch failed: timed out
2026-09-26T15:39:45Z  WARNING  thresholds fetch failed: timed out
2026-09-26T15:39:45Z  WARNING  stats fetch failed: timed out
2026-09-26T15:39:50Z  WARNING  thresholds fetch failed: timed out
2026-09-26T15:39:50Z  WARNING  stats fetch failed: timed out
2026-09-26T15:39:55Z  WARNING  thresholds fetch failed: timed out
2026-09-26T15:39:55Z  WARNING  stats fetch failed: timed out
2026-09-26T15:40:00Z  WARNING  thresholds fetch failed: <urlopen error timed out>
2026-09-26T15:40:00Z  WARNING  stats fetch failed: timed out
2026-09-26T15:40:05Z  WARNING  thresholds fetch failed: timed out
2026-09-26T15:40:05Z  WARNING  stats fetch failed: timed out
2026-09-26T15:40:10Z  WARNING  thresholds fetch failed: timed out
2026-09-26T15:40:10Z  WARNING  stats fetch failed: timed out
2026-09-26T15:40:15Z  WARNING  thresholds fetch failed: timed out
2026-09-26T15:40:15Z  WARNING  stats fetch failed: timed out
2026-09-26T15:40:20Z  WARNING  thresholds fetch failed: timed out
2026-09-26T15:40:20Z  WARNING  stats fetch failed: timed out
2026-09-26T15:40:25Z  WARNING  thresholds fetch failed: timed out
2026-09-26T15:40:25Z  WARNING  stats fetch failed: timed out
2026-09-26T15:40:30Z  WARNING  thresholds fetch failed: timed out
2026-09-26T15:40:30Z  WARNING  stats fetch failed: timed out
2026-09-26T15:40:35Z  WARNING  thresholds fetch failed: timed out
2026-09-26T15:40:35Z  WARNING  stats fetch failed: timed out
2026-09-26T15:40:40Z  WARNING  thresholds fetch failed: timed out
2026-09-26T15:40:40Z  WARNING  stats fetch failed: timed out
2026-09-26T15:40:45Z  WARNING  thresholds fetch failed: timed out
2026-09-26T15:40:45Z  WARNING  stats fetch failed: timed out
2026-09-26T15:40:50Z  WARNING  thresholds fetch failed: timed out
2026-09-26T15:40:50Z  WARNING  stats fetch failed: timed out
2026-09-26T15:40:55Z  WARNING  thresholds fetch failed: timed out
2026-09-26T15:40:55Z  WARNING  stats fetch failed: timed out
2026-09-26T15:41:00Z  WARNING  thresholds fetch failed: timed out
2026-09-26T15:41:00Z  WARNING  stats fetch failed: timed out
2026-09-26T15:41:05Z  WARNING  thresholds fetch failed: timed out
2026-09-26T15:41:05Z  WARNING  stats fetch failed: timed out
2026-09-26T15:41:10Z  WARNING  thresholds fetch failed: timed out
2026-09-26T15:41:10Z  WARNING  stats fetch failed: timed out
2026-09-26T15:41:15Z  WARNING  thresholds fetch failed: timed out
2026-09-26T15:41:15Z  WARNING  stats fetch failed: timed out
2026-09-26T15:41:20Z  WARNING  thresholds fetch failed: timed out
2026-09-26T15:41:20Z  WARNING  stats fetch failed: timed out
2026-09-26T15:41:25Z  WARNING  thresholds fetch failed: timed out
2026-09-26T15:41:25Z  WARNING  stats fetch failed: timed out
2026-09-26T15:41:30Z  WARNING  thresholds fetch failed: timed out
2026-09-26T15:41:30Z  WARNING  stats fetch failed: <urlopen error timed out>
2026-09-26T15:41:35Z  WARNING  thresholds fetch failed: timed out
2026-09-26T15:41:35Z  WARNING  stats fetch failed: timed out
2026-09-26T15:41:40Z  WARNING  thresholds fetch failed: timed out
2026-09-26T15:41:40Z  WARNING  stats fetch failed: timed out
2026-09-26T15:41:45Z  WARNING  thresholds fetch failed: timed out
2026-09-26T15:41:45Z  WARNING  stats fetch failed: timed out
2026-09-26T15:41:50Z  WARNING  thresholds fetch failed: timed out
2026-09-26T15:41:50Z  WARNING  stats fetch failed: timed out
2026-09-26T15:41:55Z  WARNING  thresholds fetch failed: timed out
2026-09-26T15:41:55Z  WARNING  stats fetch failed: timed out
2026-09-26T15:42:00Z  WARNING  thresholds fetch failed: timed out
2026-09-26T15:42:00Z  WARNING  stats fetch failed: timed out
2026-09-26T15:42:05Z  WARNING  thresholds fetch failed: timed out
2026-09-26T15:42:05Z  WARNING  stats fetch failed: timed out
2026-09-26T15:42:10Z  WARNING  thresholds fetch failed: timed out
2026-09-26T15:42:10Z  WARNING  stats fetch failed: timed out
2026-09-26T15:42:15Z  WARNING  thresholds fetch failed: timed out
2026-09-26T15:42:15Z  WARNING  stats fetch failed: timed out
2026-09-26T15:42:20Z  WARNING  thresholds fetch failed: timed out
2026-09-26T15:42:20Z  WARNING  stats fetch failed: timed out
2026-09-26T15:42:25Z  WARNING  thresholds fetch failed: timed out
2026-09-26T15:42:25Z  WARNING  stats fetch failed: timed out
2026-09-26T15:42:30Z  WARNING  thresholds fetch failed: timed out
2026-09-26T15:42:30Z  WARNING  stats fetch failed: timed out
2026-09-26T15:42:35Z  WARNING  thresholds fetch failed: timed out
2026-09-26T15:42:35Z  WARNING  stats fetch failed: timed out
2026-09-26T15:42:40Z  WARNING  thresholds fetch failed: timed out
2026-09-26T15:42:40Z  WARNING  stats fetch failed: timed out
2026-09-26T15:42:45Z  WARNING  thresholds fetch failed: timed out
2026-09-26T15:42:45Z  WARNING  stats fetch failed: timed out
2026-09-26T15:42:50Z  WARNING  thresholds fetch failed: timed out
2026-09-26T15:42:50Z  WARNING  stats fetch failed: timed out
2026-09-26T15:42:55Z  WARNING  thresholds fetch failed: timed out
2026-09-26T15:42:55Z  WARNING  stats fetch failed: timed out
2026-09-26T15:43:00Z  WARNING  thresholds fetch failed: timed out
2026-09-26T15:43:00Z  WARNING  stats fetch failed: timed out
2026-09-26T15:43:05Z  WARNING  thresholds fetch failed: timed out
2026-09-26T15:43:05Z  WARNING  stats fetch failed: timed out
2026-09-26T15:43:10Z  WARNING  thresholds fetch failed: timed out
2026-09-26T15:43:10Z  WARNING  stats fetch failed: timed out
2026-09-26T15:43:15Z  WARNING  thresholds fetch failed: timed out
2026-09-26T15:43:15Z  WARNING  stats fetch failed: timed out
2026-09-26T15:43:20Z  WARNING  thresholds fetch failed: timed out
2026-09-26T15:43:20Z  WARNING  stats fetch failed: timed out
2026-09-26T15:43:25Z  WARNING  thresholds fetch failed: timed out
2026-09-26T15:43:25Z  WARNING  stats fetch failed: timed out
2026-09-26T15:43:30Z  WARNING  thresholds fetch failed: timed out
2026-09-26T15:43:30Z  WARNING  stats fetch failed: timed out
2026-09-26T15:43:35Z  WARNING  thresholds fetch failed: timed out
2026-09-26T15:43:35Z  WARNING  stats fetch failed: timed out
2026-09-26T15:43:40Z  SHUTDOWN  signal=15
2026-09-26T15:43:41Z  EXIT
