2026-09-05T19:47:20Z  WAITING  for metric_collector CSVs under /home/idozacharia/TopFull/TopFull_master/online_boutique_scripts/src/logs (timeout=60s)
2026-09-05T19:47:20Z  READY  found getproduct.csv
2026-09-05T19:47:20Z  START  threshold=0.20 window=30s disable_windows=2 re_enable_windows=3 services=['cartservice', 'checkoutservice', 'productcatalogservice']
2026-09-05T19:47:50Z  OBSERVE  cartservice  rejection=0.1587  low=1 high=0  state=ON
2026-09-05T19:47:50Z  OBSERVE  checkoutservice  rejection=0.3713  low=0 high=1  state=ON
2026-09-05T19:47:50Z  OBSERVE  productcatalogservice  rejection=0.0790  low=1 high=0  state=ON
2026-09-05T19:48:20Z  OBSERVE  cartservice  rejection=0.5138  low=0 high=1  state=ON
2026-09-05T19:48:20Z  OBSERVE  checkoutservice  rejection=0.9245  low=0 high=2  state=ON
2026-09-05T19:48:20Z  checkoutservice  ON→OFF   rejection=0.92  consecutive_high=2  attempts=0
2026-09-05T19:48:20Z  OBSERVE  productcatalogservice  rejection=0.4525  low=0 high=1  state=ON
2026-09-05T19:48:50Z  OBSERVE  cartservice  rejection=0.9548  low=0 high=2  state=ON
2026-09-05T19:48:50Z  cartservice  ON→OFF   rejection=0.95  consecutive_high=2  attempts=0
2026-09-05T19:48:50Z  OBSERVE  checkoutservice  rejection=1.0000  low=0 high=3  state=OFF
2026-09-05T19:48:50Z  OBSERVE  productcatalogservice  rejection=0.9505  low=0 high=2  state=ON
2026-09-05T19:48:50Z  productcatalogservice  ON→OFF   rejection=0.95  consecutive_high=2  attempts=0
2026-09-05T19:49:20Z  OBSERVE  cartservice  rejection=0.9127  low=0 high=3  state=OFF
2026-09-05T19:49:20Z  OBSERVE  checkoutservice  rejection=1.0000  low=0 high=4  state=OFF
2026-09-05T19:49:20Z  OBSERVE  productcatalogservice  rejection=0.9109  low=0 high=3  state=OFF
2026-09-05T19:49:50Z  OBSERVE  cartservice  rejection=0.7992  low=0 high=4  state=OFF
2026-09-05T19:49:50Z  OBSERVE  checkoutservice  rejection=0.9986  low=0 high=5  state=OFF
2026-09-05T19:49:50Z  OBSERVE  productcatalogservice  rejection=0.8406  low=0 high=4  state=OFF
2026-09-05T19:50:20Z  OBSERVE  cartservice  rejection=0.5879  low=0 high=5  state=OFF
2026-09-05T19:50:20Z  OBSERVE  checkoutservice  rejection=0.9442  low=0 high=6  state=OFF
2026-09-05T19:50:20Z  OBSERVE  productcatalogservice  rejection=0.6085  low=0 high=5  state=OFF
2026-09-05T19:50:50Z  OBSERVE  cartservice  rejection=0.5541  low=0 high=6  state=OFF
2026-09-05T19:50:50Z  OBSERVE  checkoutservice  rejection=0.9874  low=0 high=7  state=OFF
2026-09-05T19:50:50Z  OBSERVE  productcatalogservice  rejection=0.5479  low=0 high=6  state=OFF
2026-09-05T19:51:20Z  OBSERVE  cartservice  rejection=0.8905  low=0 high=7  state=OFF
2026-09-05T19:51:20Z  OBSERVE  checkoutservice  rejection=1.0000  low=0 high=8  state=OFF
2026-09-05T19:51:20Z  OBSERVE  productcatalogservice  rejection=0.9234  low=0 high=7  state=OFF
2026-09-05T19:51:50Z  OBSERVE  cartservice  rejection=0.4974  low=0 high=8  state=OFF
2026-09-05T19:51:50Z  OBSERVE  checkoutservice  rejection=0.9490  low=0 high=9  state=OFF
2026-09-05T19:51:50Z  OBSERVE  productcatalogservice  rejection=0.4916  low=0 high=8  state=OFF
2026-09-05T19:52:20Z  OBSERVE  cartservice  rejection=0.4869  low=0 high=9  state=OFF
2026-09-05T19:52:20Z  OBSERVE  checkoutservice  rejection=0.9606  low=0 high=10  state=OFF
2026-09-05T19:52:20Z  OBSERVE  productcatalogservice  rejection=0.4828  low=0 high=9  state=OFF
2026-09-05T19:52:50Z  OBSERVE  cartservice  rejection=0.6088  low=0 high=10  state=OFF
2026-09-05T19:52:50Z  OBSERVE  checkoutservice  rejection=1.0000  low=0 high=11  state=OFF
2026-09-05T19:52:50Z  OBSERVE  productcatalogservice  rejection=0.6341  low=0 high=10  state=OFF
2026-09-05T19:53:20Z  OBSERVE  cartservice  rejection=0.4326  low=0 high=11  state=OFF
2026-09-05T19:53:20Z  OBSERVE  checkoutservice  rejection=0.9971  low=0 high=12  state=OFF
2026-09-05T19:53:20Z  OBSERVE  productcatalogservice  rejection=0.4187  low=0 high=11  state=OFF
2026-09-05T19:53:50Z  OBSERVE  cartservice  rejection=0.4068  low=0 high=12  state=OFF
2026-09-05T19:53:50Z  OBSERVE  checkoutservice  rejection=0.9955  low=0 high=13  state=OFF
2026-09-05T19:53:50Z  OBSERVE  productcatalogservice  rejection=0.3779  low=0 high=12  state=OFF
2026-09-05T19:54:20Z  OBSERVE  cartservice  rejection=0.3814  low=0 high=13  state=OFF
2026-09-05T19:54:20Z  OBSERVE  checkoutservice  rejection=1.0000  low=0 high=14  state=OFF
2026-09-05T19:54:20Z  OBSERVE  productcatalogservice  rejection=0.3358  low=0 high=13  state=OFF
2026-09-05T19:54:50Z  OBSERVE  cartservice  rejection=0.4623  low=0 high=14  state=OFF
2026-09-05T19:54:50Z  OBSERVE  checkoutservice  rejection=1.0000  low=0 high=15  state=OFF
2026-09-05T19:54:50Z  OBSERVE  productcatalogservice  rejection=0.4521  low=0 high=14  state=OFF
2026-09-05T19:55:20Z  OBSERVE  cartservice  rejection=0.3604  low=0 high=15  state=OFF
2026-09-05T19:55:20Z  OBSERVE  checkoutservice  rejection=0.9920  low=0 high=16  state=OFF
2026-09-05T19:55:20Z  OBSERVE  productcatalogservice  rejection=0.2904  low=0 high=15  state=OFF
2026-09-05T19:55:50Z  OBSERVE  cartservice  rejection=0.5081  low=0 high=16  state=OFF
2026-09-05T19:55:50Z  OBSERVE  checkoutservice  rejection=0.9907  low=0 high=17  state=OFF
2026-09-05T19:55:50Z  OBSERVE  productcatalogservice  rejection=0.4723  low=0 high=16  state=OFF
2026-09-05T19:56:20Z  OBSERVE  cartservice  rejection=0.5130  low=0 high=17  state=OFF
2026-09-05T19:56:20Z  OBSERVE  checkoutservice  rejection=0.9893  low=0 high=18  state=OFF
2026-09-05T19:56:20Z  OBSERVE  productcatalogservice  rejection=0.5209  low=0 high=17  state=OFF
2026-09-05T19:56:50Z  OBSERVE  cartservice  rejection=0.3541  low=0 high=18  state=OFF
2026-09-05T19:56:50Z  OBSERVE  checkoutservice  rejection=0.9567  low=0 high=19  state=OFF
2026-09-05T19:56:50Z  OBSERVE  productcatalogservice  rejection=0.3307  low=0 high=18  state=OFF
2026-09-05T19:57:20Z  OBSERVE  cartservice  rejection=0.5442  low=0 high=19  state=OFF
2026-09-05T19:57:20Z  OBSERVE  checkoutservice  rejection=0.9983  low=0 high=20  state=OFF
2026-09-05T19:57:20Z  OBSERVE  productcatalogservice  rejection=0.5402  low=0 high=19  state=OFF
2026-09-05T19:57:49Z  SHUTDOWN  signal=15
2026-09-05T19:57:50Z  EXIT
