2026-10-04T21:54:12Z  START  poll_interval=1s layer_a_poll_interval=5s
2026-10-04T21:54:50Z  WARNING  thresholds fetch failed: timed out
2026-10-04T21:54:50Z  WARNING  stats fetch failed: timed out
2026-10-04T21:54:55Z  WARNING  thresholds fetch failed: timed out
2026-10-04T21:54:55Z  WARNING  stats fetch failed: timed out
2026-10-04T21:55:00Z  WARNING  thresholds fetch failed: timed out
2026-10-04T21:55:00Z  WARNING  stats fetch failed: timed out
2026-10-04T21:55:05Z  WARNING  thresholds fetch failed: timed out
2026-10-04T21:55:05Z  WARNING  stats fetch failed: timed out
2026-10-04T21:55:10Z  WARNING  thresholds fetch failed: timed out
2026-10-04T21:55:10Z  WARNING  stats fetch failed: timed out
2026-10-04T21:55:15Z  WARNING  thresholds fetch failed: timed out
2026-10-04T21:55:15Z  WARNING  stats fetch failed: timed out
2026-10-04T21:55:20Z  WARNING  thresholds fetch failed: timed out
2026-10-04T21:55:20Z  WARNING  stats fetch failed: timed out
2026-10-04T21:55:25Z  WARNING  thresholds fetch failed: timed out
2026-10-04T21:55:25Z  WARNING  stats fetch failed: timed out
2026-10-04T21:55:30Z  WARNING  thresholds fetch failed: timed out
2026-10-04T21:55:30Z  WARNING  stats fetch failed: timed out
2026-10-04T21:55:35Z  WARNING  thresholds fetch failed: timed out
2026-10-04T21:55:35Z  WARNING  stats fetch failed: timed out
2026-10-04T21:55:40Z  WARNING  thresholds fetch failed: timed out
2026-10-04T21:55:40Z  WARNING  stats fetch failed: timed out
2026-10-04T21:55:45Z  WARNING  thresholds fetch failed: timed out
2026-10-04T21:55:45Z  WARNING  stats fetch failed: timed out
2026-10-04T21:55:50Z  WARNING  thresholds fetch failed: timed out
2026-10-04T21:55:50Z  WARNING  stats fetch failed: timed out
2026-10-04T21:55:55Z  WARNING  thresholds fetch failed: timed out
2026-10-04T21:55:55Z  WARNING  stats fetch failed: timed out
2026-10-04T21:56:00Z  WARNING  thresholds fetch failed: timed out
2026-10-04T21:56:00Z  WARNING  stats fetch failed: timed out
2026-10-04T21:56:05Z  WARNING  thresholds fetch failed: timed out
2026-10-04T21:56:05Z  WARNING  stats fetch failed: timed out
2026-10-04T21:56:10Z  WARNING  thresholds fetch failed: timed out
2026-10-04T21:56:10Z  WARNING  stats fetch failed: timed out
2026-10-04T21:56:15Z  WARNING  thresholds fetch failed: timed out
2026-10-04T21:56:15Z  WARNING  stats fetch failed: timed out
2026-10-04T21:56:20Z  WARNING  thresholds fetch failed: timed out
2026-10-04T21:56:20Z  WARNING  stats fetch failed: timed out
2026-10-04T21:56:25Z  WARNING  thresholds fetch failed: timed out
2026-10-04T21:56:25Z  WARNING  stats fetch failed: timed out
2026-10-04T21:56:30Z  WARNING  thresholds fetch failed: timed out
2026-10-04T21:56:30Z  WARNING  stats fetch failed: timed out
2026-10-04T21:56:35Z  WARNING  thresholds fetch failed: timed out
2026-10-04T21:56:35Z  WARNING  stats fetch failed: timed out
2026-10-04T21:56:40Z  WARNING  thresholds fetch failed: timed out
2026-10-04T21:56:40Z  WARNING  stats fetch failed: timed out
2026-10-04T21:56:45Z  WARNING  thresholds fetch failed: timed out
2026-10-04T21:56:45Z  WARNING  stats fetch failed: timed out
2026-10-04T21:56:50Z  WARNING  thresholds fetch failed: timed out
2026-10-04T21:56:50Z  WARNING  stats fetch failed: timed out
2026-10-04T21:56:55Z  WARNING  thresholds fetch failed: timed out
2026-10-04T21:56:55Z  WARNING  stats fetch failed: timed out
2026-10-04T21:57:00Z  WARNING  thresholds fetch failed: timed out
2026-10-04T21:57:00Z  WARNING  stats fetch failed: timed out
2026-10-04T21:57:05Z  WARNING  thresholds fetch failed: timed out
2026-10-04T21:57:05Z  WARNING  stats fetch failed: timed out
2026-10-04T21:57:10Z  WARNING  thresholds fetch failed: timed out
2026-10-04T21:57:10Z  WARNING  stats fetch failed: timed out
2026-10-04T21:57:15Z  WARNING  thresholds fetch failed: timed out
2026-10-04T21:57:15Z  WARNING  stats fetch failed: timed out
2026-10-04T21:57:20Z  WARNING  thresholds fetch failed: timed out
2026-10-04T21:57:20Z  WARNING  stats fetch failed: timed out
2026-10-04T21:57:25Z  WARNING  thresholds fetch failed: timed out
2026-10-04T21:57:25Z  WARNING  stats fetch failed: timed out
2026-10-04T21:57:30Z  WARNING  thresholds fetch failed: timed out
2026-10-04T21:57:30Z  WARNING  stats fetch failed: timed out
2026-10-04T21:57:35Z  WARNING  thresholds fetch failed: timed out
2026-10-04T21:57:35Z  WARNING  stats fetch failed: timed out
2026-10-04T21:57:40Z  WARNING  thresholds fetch failed: timed out
2026-10-04T21:57:40Z  WARNING  stats fetch failed: timed out
2026-10-04T21:57:45Z  WARNING  thresholds fetch failed: timed out
2026-10-04T21:57:45Z  WARNING  stats fetch failed: timed out
2026-10-04T21:57:50Z  WARNING  thresholds fetch failed: timed out
2026-10-04T21:57:50Z  WARNING  stats fetch failed: timed out
2026-10-04T21:57:55Z  WARNING  thresholds fetch failed: timed out
2026-10-04T21:57:55Z  WARNING  stats fetch failed: timed out
2026-10-04T21:58:00Z  WARNING  thresholds fetch failed: timed out
2026-10-04T21:58:00Z  WARNING  stats fetch failed: timed out
2026-10-04T21:58:05Z  WARNING  thresholds fetch failed: timed out
2026-10-04T21:58:05Z  WARNING  stats fetch failed: timed out
2026-10-04T21:58:10Z  WARNING  thresholds fetch failed: timed out
2026-10-04T21:58:10Z  WARNING  stats fetch failed: timed out
2026-10-04T21:58:15Z  WARNING  thresholds fetch failed: timed out
2026-10-04T21:58:15Z  WARNING  stats fetch failed: timed out
2026-10-04T21:58:20Z  WARNING  thresholds fetch failed: timed out
2026-10-04T21:58:20Z  WARNING  stats fetch failed: timed out
2026-10-04T21:58:25Z  WARNING  thresholds fetch failed: timed out
2026-10-04T21:58:25Z  WARNING  stats fetch failed: timed out
2026-10-04T21:58:30Z  WARNING  thresholds fetch failed: timed out
2026-10-04T21:58:30Z  WARNING  stats fetch failed: timed out
2026-10-04T21:58:35Z  WARNING  thresholds fetch failed: timed out
2026-10-04T21:58:35Z  WARNING  stats fetch failed: timed out
2026-10-04T21:58:40Z  WARNING  thresholds fetch failed: timed out
2026-10-04T21:58:40Z  WARNING  stats fetch failed: timed out
2026-10-04T21:58:45Z  WARNING  thresholds fetch failed: timed out
2026-10-04T21:58:45Z  WARNING  stats fetch failed: timed out
2026-10-04T21:58:50Z  WARNING  thresholds fetch failed: timed out
2026-10-04T21:58:50Z  WARNING  stats fetch failed: timed out
2026-10-04T21:58:55Z  WARNING  thresholds fetch failed: timed out
2026-10-04T21:58:55Z  WARNING  stats fetch failed: timed out
2026-10-04T21:59:00Z  WARNING  thresholds fetch failed: timed out
2026-10-04T21:59:00Z  WARNING  stats fetch failed: timed out
2026-10-04T21:59:05Z  WARNING  thresholds fetch failed: timed out
2026-10-04T21:59:05Z  WARNING  stats fetch failed: timed out
2026-10-04T21:59:10Z  WARNING  thresholds fetch failed: timed out
2026-10-04T21:59:10Z  WARNING  stats fetch failed: timed out
2026-10-04T21:59:15Z  WARNING  thresholds fetch failed: timed out
2026-10-04T21:59:15Z  WARNING  stats fetch failed: timed out
2026-10-04T21:59:20Z  WARNING  thresholds fetch failed: timed out
2026-10-04T21:59:20Z  WARNING  stats fetch failed: timed out
2026-10-04T21:59:25Z  WARNING  thresholds fetch failed: timed out
2026-10-04T21:59:25Z  WARNING  stats fetch failed: timed out
2026-10-04T21:59:30Z  WARNING  thresholds fetch failed: timed out
2026-10-04T21:59:30Z  WARNING  stats fetch failed: timed out
2026-10-04T21:59:35Z  WARNING  thresholds fetch failed: timed out
2026-10-04T21:59:35Z  WARNING  stats fetch failed: timed out
2026-10-04T21:59:40Z  WARNING  thresholds fetch failed: timed out
2026-10-04T21:59:40Z  WARNING  stats fetch failed: timed out
2026-10-04T21:59:45Z  WARNING  thresholds fetch failed: timed out
2026-10-04T21:59:45Z  WARNING  stats fetch failed: timed out
2026-10-04T21:59:50Z  WARNING  thresholds fetch failed: timed out
2026-10-04T21:59:50Z  WARNING  stats fetch failed: timed out
2026-10-04T21:59:55Z  WARNING  thresholds fetch failed: timed out
2026-10-04T21:59:55Z  WARNING  stats fetch failed: timed out
2026-10-04T22:00:00Z  WARNING  thresholds fetch failed: timed out
2026-10-04T22:00:00Z  WARNING  stats fetch failed: timed out
2026-10-04T22:00:05Z  WARNING  thresholds fetch failed: timed out
2026-10-04T22:00:05Z  WARNING  stats fetch failed: timed out
2026-10-04T22:00:10Z  WARNING  thresholds fetch failed: timed out
2026-10-04T22:00:10Z  WARNING  stats fetch failed: timed out
2026-10-04T22:00:15Z  WARNING  thresholds fetch failed: timed out
2026-10-04T22:00:15Z  WARNING  stats fetch failed: timed out
2026-10-04T22:00:20Z  WARNING  thresholds fetch failed: timed out
2026-10-04T22:00:20Z  WARNING  stats fetch failed: timed out
2026-10-04T22:00:25Z  WARNING  thresholds fetch failed: timed out
2026-10-04T22:00:25Z  WARNING  stats fetch failed: timed out
2026-10-04T22:00:30Z  WARNING  thresholds fetch failed: timed out
2026-10-04T22:00:30Z  WARNING  stats fetch failed: timed out
2026-10-04T22:00:35Z  WARNING  thresholds fetch failed: timed out
2026-10-04T22:00:35Z  WARNING  stats fetch failed: timed out
2026-10-04T22:00:40Z  WARNING  thresholds fetch failed: timed out
2026-10-04T22:00:40Z  WARNING  stats fetch failed: timed out
2026-10-04T22:00:45Z  WARNING  thresholds fetch failed: timed out
2026-10-04T22:00:45Z  WARNING  stats fetch failed: timed out
2026-10-04T22:00:50Z  WARNING  thresholds fetch failed: timed out
2026-10-04T22:00:50Z  WARNING  stats fetch failed: timed out
2026-10-04T22:00:55Z  WARNING  thresholds fetch failed: timed out
2026-10-04T22:00:55Z  WARNING  stats fetch failed: timed out
2026-10-04T22:01:00Z  WARNING  thresholds fetch failed: timed out
2026-10-04T22:01:00Z  WARNING  stats fetch failed: timed out
2026-10-04T22:01:05Z  WARNING  thresholds fetch failed: timed out
2026-10-04T22:01:05Z  WARNING  stats fetch failed: timed out
2026-10-04T22:01:10Z  WARNING  thresholds fetch failed: timed out
2026-10-04T22:01:10Z  WARNING  stats fetch failed: timed out
2026-10-04T22:01:15Z  WARNING  thresholds fetch failed: timed out
2026-10-04T22:01:15Z  WARNING  stats fetch failed: timed out
2026-10-04T22:01:20Z  WARNING  thresholds fetch failed: timed out
2026-10-04T22:01:20Z  WARNING  stats fetch failed: timed out
2026-10-04T22:01:25Z  WARNING  thresholds fetch failed: timed out
2026-10-04T22:01:25Z  WARNING  stats fetch failed: timed out
2026-10-04T22:01:30Z  WARNING  thresholds fetch failed: timed out
2026-10-04T22:01:30Z  WARNING  stats fetch failed: timed out
2026-10-04T22:01:35Z  WARNING  thresholds fetch failed: timed out
2026-10-04T22:01:35Z  WARNING  stats fetch failed: timed out
2026-10-04T22:01:40Z  WARNING  thresholds fetch failed: timed out
2026-10-04T22:01:40Z  WARNING  stats fetch failed: timed out
2026-10-04T22:01:45Z  WARNING  thresholds fetch failed: timed out
2026-10-04T22:01:45Z  WARNING  stats fetch failed: timed out
2026-10-04T22:01:50Z  WARNING  thresholds fetch failed: timed out
2026-10-04T22:01:50Z  WARNING  stats fetch failed: timed out
2026-10-04T22:01:55Z  WARNING  thresholds fetch failed: timed out
2026-10-04T22:01:55Z  WARNING  stats fetch failed: timed out
2026-10-04T22:02:00Z  WARNING  thresholds fetch failed: timed out
2026-10-04T22:02:00Z  WARNING  stats fetch failed: timed out
2026-10-04T22:02:05Z  WARNING  thresholds fetch failed: timed out
2026-10-04T22:02:05Z  WARNING  stats fetch failed: timed out
2026-10-04T22:02:10Z  WARNING  thresholds fetch failed: timed out
2026-10-04T22:02:10Z  WARNING  stats fetch failed: timed out
2026-10-04T22:02:15Z  WARNING  thresholds fetch failed: timed out
2026-10-04T22:02:15Z  WARNING  stats fetch failed: timed out
2026-10-04T22:02:20Z  WARNING  thresholds fetch failed: timed out
2026-10-04T22:02:20Z  WARNING  stats fetch failed: timed out
2026-10-04T22:02:25Z  WARNING  thresholds fetch failed: timed out
2026-10-04T22:02:25Z  WARNING  stats fetch failed: timed out
2026-10-04T22:02:30Z  WARNING  thresholds fetch failed: timed out
2026-10-04T22:02:30Z  WARNING  stats fetch failed: timed out
2026-10-04T22:02:35Z  WARNING  thresholds fetch failed: timed out
2026-10-04T22:02:35Z  WARNING  stats fetch failed: timed out
2026-10-04T22:02:40Z  WARNING  thresholds fetch failed: timed out
2026-10-04T22:02:40Z  WARNING  stats fetch failed: timed out
2026-10-04T22:02:45Z  WARNING  thresholds fetch failed: timed out
2026-10-04T22:02:45Z  WARNING  stats fetch failed: timed out
2026-10-04T22:02:50Z  WARNING  thresholds fetch failed: timed out
2026-10-04T22:02:50Z  WARNING  stats fetch failed: timed out
2026-10-04T22:02:55Z  WARNING  thresholds fetch failed: timed out
2026-10-04T22:02:55Z  WARNING  stats fetch failed: timed out
2026-10-04T22:03:00Z  WARNING  thresholds fetch failed: timed out
2026-10-04T22:03:00Z  WARNING  stats fetch failed: timed out
2026-10-04T22:03:05Z  WARNING  thresholds fetch failed: timed out
2026-10-04T22:03:05Z  WARNING  stats fetch failed: timed out
2026-10-04T22:03:10Z  WARNING  thresholds fetch failed: timed out
2026-10-04T22:03:10Z  WARNING  stats fetch failed: timed out
2026-10-04T22:03:15Z  WARNING  thresholds fetch failed: timed out
2026-10-04T22:03:15Z  WARNING  stats fetch failed: timed out
2026-10-04T22:03:20Z  WARNING  thresholds fetch failed: timed out
2026-10-04T22:03:20Z  WARNING  stats fetch failed: timed out
2026-10-04T22:03:25Z  WARNING  thresholds fetch failed: timed out
2026-10-04T22:03:25Z  WARNING  stats fetch failed: timed out
2026-10-04T22:03:30Z  WARNING  thresholds fetch failed: timed out
2026-10-04T22:03:30Z  WARNING  stats fetch failed: timed out
2026-10-04T22:03:35Z  WARNING  thresholds fetch failed: timed out
2026-10-04T22:03:35Z  WARNING  stats fetch failed: timed out
2026-10-04T22:03:40Z  WARNING  thresholds fetch failed: timed out
2026-10-04T22:03:40Z  WARNING  stats fetch failed: timed out
2026-10-04T22:03:45Z  WARNING  thresholds fetch failed: timed out
2026-10-04T22:03:45Z  WARNING  stats fetch failed: timed out
2026-10-04T22:03:50Z  WARNING  thresholds fetch failed: timed out
2026-10-04T22:03:50Z  WARNING  stats fetch failed: timed out
2026-10-04T22:03:55Z  WARNING  thresholds fetch failed: timed out
2026-10-04T22:03:55Z  WARNING  stats fetch failed: timed out
2026-10-04T22:04:00Z  WARNING  thresholds fetch failed: timed out
2026-10-04T22:04:00Z  WARNING  stats fetch failed: timed out
2026-10-04T22:04:05Z  WARNING  thresholds fetch failed: timed out
2026-10-04T22:04:05Z  WARNING  stats fetch failed: timed out
2026-10-04T22:04:10Z  WARNING  thresholds fetch failed: timed out
2026-10-04T22:04:10Z  WARNING  stats fetch failed: timed out
2026-10-04T22:04:15Z  WARNING  thresholds fetch failed: <urlopen error timed out>
2026-10-04T22:04:15Z  WARNING  stats fetch failed: timed out
2026-10-04T22:04:20Z  WARNING  thresholds fetch failed: timed out
2026-10-04T22:04:20Z  WARNING  stats fetch failed: timed out
2026-10-04T22:04:25Z  WARNING  thresholds fetch failed: timed out
2026-10-04T22:04:25Z  WARNING  stats fetch failed: timed out
2026-10-04T22:04:30Z  WARNING  thresholds fetch failed: timed out
2026-10-04T22:04:30Z  WARNING  stats fetch failed: timed out
2026-10-04T22:04:35Z  WARNING  thresholds fetch failed: timed out
2026-10-04T22:04:35Z  WARNING  stats fetch failed: timed out
2026-10-04T22:04:40Z  WARNING  thresholds fetch failed: <urlopen error timed out>
2026-10-04T22:04:40Z  WARNING  stats fetch failed: <urlopen error timed out>
2026-10-04T22:04:45Z  WARNING  thresholds fetch failed: timed out
2026-10-04T22:04:45Z  WARNING  stats fetch failed: timed out
2026-10-04T22:04:50Z  SHUTDOWN  signal=15
2026-10-04T22:04:51Z  EXIT
