2026-10-01T19:03:27Z  START  poll_interval=1s layer_a_poll_interval=5s
2026-10-01T19:06:05Z  WARNING  thresholds fetch failed: timed out
2026-10-01T19:06:05Z  WARNING  stats fetch failed: timed out
2026-10-01T19:06:10Z  WARNING  thresholds fetch failed: timed out
2026-10-01T19:06:10Z  WARNING  stats fetch failed: timed out
2026-10-01T19:06:15Z  WARNING  thresholds fetch failed: timed out
2026-10-01T19:06:15Z  WARNING  stats fetch failed: timed out
2026-10-01T19:06:20Z  WARNING  thresholds fetch failed: timed out
2026-10-01T19:06:20Z  WARNING  stats fetch failed: timed out
2026-10-01T19:06:25Z  WARNING  thresholds fetch failed: timed out
2026-10-01T19:06:25Z  WARNING  stats fetch failed: timed out
2026-10-01T19:06:30Z  WARNING  thresholds fetch failed: timed out
2026-10-01T19:06:30Z  WARNING  stats fetch failed: timed out
2026-10-01T19:06:35Z  WARNING  thresholds fetch failed: timed out
2026-10-01T19:06:35Z  WARNING  stats fetch failed: timed out
2026-10-01T19:06:40Z  WARNING  thresholds fetch failed: timed out
2026-10-01T19:06:40Z  WARNING  stats fetch failed: timed out
2026-10-01T19:06:45Z  WARNING  thresholds fetch failed: timed out
2026-10-01T19:06:45Z  WARNING  stats fetch failed: timed out
2026-10-01T19:06:50Z  WARNING  thresholds fetch failed: timed out
2026-10-01T19:06:50Z  WARNING  stats fetch failed: timed out
2026-10-01T19:06:55Z  WARNING  thresholds fetch failed: timed out
2026-10-01T19:06:55Z  WARNING  stats fetch failed: timed out
2026-10-01T19:07:00Z  WARNING  thresholds fetch failed: timed out
2026-10-01T19:07:00Z  WARNING  stats fetch failed: timed out
2026-10-01T19:07:05Z  WARNING  thresholds fetch failed: timed out
2026-10-01T19:07:05Z  WARNING  stats fetch failed: timed out
2026-10-01T19:07:10Z  WARNING  thresholds fetch failed: timed out
2026-10-01T19:07:10Z  WARNING  stats fetch failed: timed out
2026-10-01T19:07:15Z  WARNING  thresholds fetch failed: timed out
2026-10-01T19:07:15Z  WARNING  stats fetch failed: timed out
2026-10-01T19:07:20Z  WARNING  thresholds fetch failed: timed out
2026-10-01T19:07:20Z  WARNING  stats fetch failed: timed out
2026-10-01T19:07:25Z  WARNING  thresholds fetch failed: timed out
2026-10-01T19:07:25Z  WARNING  stats fetch failed: timed out
2026-10-01T19:07:30Z  WARNING  thresholds fetch failed: timed out
2026-10-01T19:07:30Z  WARNING  stats fetch failed: timed out
2026-10-01T19:07:35Z  WARNING  thresholds fetch failed: timed out
2026-10-01T19:07:35Z  WARNING  stats fetch failed: timed out
2026-10-01T19:07:40Z  WARNING  thresholds fetch failed: timed out
2026-10-01T19:07:40Z  WARNING  stats fetch failed: timed out
2026-10-01T19:07:45Z  WARNING  thresholds fetch failed: timed out
2026-10-01T19:07:45Z  WARNING  stats fetch failed: timed out
2026-10-01T19:07:50Z  WARNING  thresholds fetch failed: timed out
2026-10-01T19:07:50Z  WARNING  stats fetch failed: timed out
2026-10-01T19:07:55Z  WARNING  thresholds fetch failed: timed out
2026-10-01T19:07:55Z  WARNING  stats fetch failed: timed out
2026-10-01T19:08:00Z  WARNING  thresholds fetch failed: timed out
2026-10-01T19:08:00Z  WARNING  stats fetch failed: timed out
2026-10-01T19:08:05Z  WARNING  thresholds fetch failed: timed out
2026-10-01T19:08:05Z  WARNING  stats fetch failed: timed out
2026-10-01T19:08:10Z  WARNING  thresholds fetch failed: timed out
2026-10-01T19:08:10Z  WARNING  stats fetch failed: timed out
2026-10-01T19:08:15Z  WARNING  thresholds fetch failed: timed out
2026-10-01T19:08:15Z  WARNING  stats fetch failed: timed out
2026-10-01T19:08:20Z  WARNING  thresholds fetch failed: timed out
2026-10-01T19:08:20Z  WARNING  stats fetch failed: timed out
2026-10-01T19:08:25Z  WARNING  thresholds fetch failed: timed out
2026-10-01T19:08:25Z  WARNING  stats fetch failed: timed out
2026-10-01T19:08:30Z  WARNING  thresholds fetch failed: timed out
2026-10-01T19:08:30Z  WARNING  stats fetch failed: timed out
2026-10-01T19:08:35Z  WARNING  thresholds fetch failed: timed out
2026-10-01T19:08:35Z  WARNING  stats fetch failed: timed out
2026-10-01T19:08:40Z  WARNING  thresholds fetch failed: timed out
2026-10-01T19:08:40Z  WARNING  stats fetch failed: timed out
2026-10-01T19:08:45Z  WARNING  thresholds fetch failed: timed out
2026-10-01T19:08:45Z  WARNING  stats fetch failed: timed out
2026-10-01T19:08:50Z  WARNING  thresholds fetch failed: timed out
2026-10-01T19:08:50Z  WARNING  stats fetch failed: timed out
2026-10-01T19:08:55Z  WARNING  thresholds fetch failed: timed out
2026-10-01T19:08:55Z  WARNING  stats fetch failed: timed out
2026-10-01T19:09:00Z  WARNING  thresholds fetch failed: timed out
2026-10-01T19:09:00Z  WARNING  stats fetch failed: timed out
2026-10-01T19:09:05Z  WARNING  thresholds fetch failed: timed out
2026-10-01T19:09:05Z  WARNING  stats fetch failed: timed out
2026-10-01T19:09:10Z  WARNING  thresholds fetch failed: timed out
2026-10-01T19:09:10Z  WARNING  stats fetch failed: timed out
2026-10-01T19:09:15Z  WARNING  thresholds fetch failed: timed out
2026-10-01T19:09:15Z  WARNING  stats fetch failed: timed out
2026-10-01T19:09:20Z  WARNING  thresholds fetch failed: timed out
2026-10-01T19:09:20Z  WARNING  stats fetch failed: timed out
2026-10-01T19:09:25Z  WARNING  thresholds fetch failed: timed out
2026-10-01T19:09:25Z  WARNING  stats fetch failed: timed out
2026-10-01T19:09:30Z  WARNING  thresholds fetch failed: timed out
2026-10-01T19:09:30Z  WARNING  stats fetch failed: timed out
2026-10-01T19:09:35Z  WARNING  thresholds fetch failed: timed out
2026-10-01T19:09:35Z  WARNING  stats fetch failed: timed out
2026-10-01T19:09:40Z  WARNING  thresholds fetch failed: timed out
2026-10-01T19:09:40Z  WARNING  stats fetch failed: timed out
2026-10-01T19:09:45Z  WARNING  thresholds fetch failed: timed out
2026-10-01T19:09:45Z  WARNING  stats fetch failed: timed out
2026-10-01T19:09:50Z  WARNING  thresholds fetch failed: timed out
2026-10-01T19:09:50Z  WARNING  stats fetch failed: timed out
2026-10-01T19:09:55Z  WARNING  thresholds fetch failed: timed out
2026-10-01T19:09:55Z  WARNING  stats fetch failed: timed out
2026-10-01T19:10:00Z  WARNING  thresholds fetch failed: timed out
2026-10-01T19:10:00Z  WARNING  stats fetch failed: timed out
2026-10-01T19:10:05Z  WARNING  thresholds fetch failed: timed out
2026-10-01T19:10:05Z  WARNING  stats fetch failed: timed out
2026-10-01T19:10:10Z  WARNING  thresholds fetch failed: timed out
2026-10-01T19:10:10Z  WARNING  stats fetch failed: timed out
2026-10-01T19:10:15Z  WARNING  thresholds fetch failed: timed out
2026-10-01T19:10:15Z  WARNING  stats fetch failed: timed out
2026-10-01T19:10:20Z  WARNING  thresholds fetch failed: timed out
2026-10-01T19:10:20Z  WARNING  stats fetch failed: timed out
2026-10-01T19:10:25Z  WARNING  thresholds fetch failed: timed out
2026-10-01T19:10:25Z  WARNING  stats fetch failed: timed out
2026-10-01T19:10:30Z  WARNING  thresholds fetch failed: timed out
2026-10-01T19:10:30Z  WARNING  stats fetch failed: timed out
2026-10-01T19:10:35Z  WARNING  thresholds fetch failed: timed out
2026-10-01T19:10:35Z  WARNING  stats fetch failed: timed out
2026-10-01T19:10:40Z  WARNING  thresholds fetch failed: timed out
2026-10-01T19:10:40Z  WARNING  stats fetch failed: timed out
2026-10-01T19:10:45Z  WARNING  thresholds fetch failed: timed out
2026-10-01T19:10:45Z  WARNING  stats fetch failed: timed out
2026-10-01T19:10:50Z  WARNING  thresholds fetch failed: timed out
2026-10-01T19:10:50Z  WARNING  stats fetch failed: timed out
2026-10-01T19:10:55Z  WARNING  thresholds fetch failed: timed out
2026-10-01T19:10:55Z  WARNING  stats fetch failed: timed out
2026-10-01T19:11:00Z  WARNING  thresholds fetch failed: timed out
2026-10-01T19:11:00Z  WARNING  stats fetch failed: timed out
2026-10-01T19:11:05Z  WARNING  thresholds fetch failed: timed out
2026-10-01T19:11:05Z  WARNING  stats fetch failed: timed out
2026-10-01T19:11:10Z  WARNING  thresholds fetch failed: timed out
2026-10-01T19:11:10Z  WARNING  stats fetch failed: timed out
2026-10-01T19:11:15Z  WARNING  thresholds fetch failed: timed out
2026-10-01T19:11:15Z  WARNING  stats fetch failed: timed out
2026-10-01T19:11:20Z  WARNING  thresholds fetch failed: timed out
2026-10-01T19:11:20Z  WARNING  stats fetch failed: timed out
2026-10-01T19:11:25Z  WARNING  thresholds fetch failed: timed out
2026-10-01T19:11:25Z  WARNING  stats fetch failed: timed out
2026-10-01T19:11:30Z  WARNING  thresholds fetch failed: timed out
2026-10-01T19:11:30Z  WARNING  stats fetch failed: timed out
2026-10-01T19:11:35Z  WARNING  thresholds fetch failed: timed out
2026-10-01T19:11:35Z  WARNING  stats fetch failed: timed out
2026-10-01T19:11:40Z  WARNING  thresholds fetch failed: timed out
2026-10-01T19:11:40Z  WARNING  stats fetch failed: timed out
2026-10-01T19:11:45Z  WARNING  thresholds fetch failed: timed out
2026-10-01T19:11:45Z  WARNING  stats fetch failed: timed out
2026-10-01T19:11:50Z  WARNING  thresholds fetch failed: timed out
2026-10-01T19:11:50Z  WARNING  stats fetch failed: timed out
2026-10-01T19:11:55Z  WARNING  thresholds fetch failed: timed out
2026-10-01T19:11:55Z  WARNING  stats fetch failed: timed out
2026-10-01T19:12:00Z  WARNING  thresholds fetch failed: timed out
2026-10-01T19:12:00Z  WARNING  stats fetch failed: timed out
2026-10-01T19:12:05Z  WARNING  thresholds fetch failed: timed out
2026-10-01T19:12:05Z  WARNING  stats fetch failed: timed out
2026-10-01T19:12:10Z  WARNING  thresholds fetch failed: timed out
2026-10-01T19:12:10Z  WARNING  stats fetch failed: timed out
2026-10-01T19:12:15Z  WARNING  thresholds fetch failed: timed out
2026-10-01T19:12:15Z  WARNING  stats fetch failed: timed out
2026-10-01T19:12:20Z  WARNING  thresholds fetch failed: timed out
2026-10-01T19:12:20Z  WARNING  stats fetch failed: timed out
2026-10-01T19:12:25Z  WARNING  thresholds fetch failed: timed out
2026-10-01T19:12:25Z  WARNING  stats fetch failed: timed out
2026-10-01T19:12:30Z  WARNING  thresholds fetch failed: timed out
2026-10-01T19:12:30Z  WARNING  stats fetch failed: timed out
2026-10-01T19:12:35Z  WARNING  thresholds fetch failed: timed out
2026-10-01T19:12:35Z  WARNING  stats fetch failed: timed out
2026-10-01T19:12:40Z  WARNING  thresholds fetch failed: timed out
2026-10-01T19:12:40Z  WARNING  stats fetch failed: timed out
2026-10-01T19:12:45Z  WARNING  thresholds fetch failed: timed out
2026-10-01T19:12:45Z  WARNING  stats fetch failed: timed out
2026-10-01T19:12:50Z  WARNING  thresholds fetch failed: timed out
2026-10-01T19:12:50Z  WARNING  stats fetch failed: timed out
2026-10-01T19:12:55Z  WARNING  thresholds fetch failed: timed out
2026-10-01T19:12:55Z  WARNING  stats fetch failed: timed out
2026-10-01T19:13:00Z  WARNING  thresholds fetch failed: timed out
2026-10-01T19:13:00Z  WARNING  stats fetch failed: timed out
2026-10-01T19:13:05Z  WARNING  thresholds fetch failed: timed out
2026-10-01T19:13:05Z  WARNING  stats fetch failed: timed out
2026-10-01T19:13:10Z  WARNING  thresholds fetch failed: timed out
2026-10-01T19:13:10Z  WARNING  stats fetch failed: timed out
2026-10-01T19:13:15Z  WARNING  thresholds fetch failed: timed out
2026-10-01T19:13:15Z  WARNING  stats fetch failed: timed out
2026-10-01T19:13:20Z  WARNING  thresholds fetch failed: timed out
2026-10-01T19:13:20Z  WARNING  stats fetch failed: timed out
2026-10-01T19:13:25Z  WARNING  thresholds fetch failed: timed out
2026-10-01T19:13:25Z  WARNING  stats fetch failed: timed out
2026-10-01T19:13:30Z  WARNING  thresholds fetch failed: timed out
2026-10-01T19:13:30Z  WARNING  stats fetch failed: timed out
2026-10-01T19:13:35Z  WARNING  thresholds fetch failed: timed out
2026-10-01T19:13:35Z  WARNING  stats fetch failed: timed out
2026-10-01T19:13:40Z  WARNING  thresholds fetch failed: timed out
2026-10-01T19:13:40Z  WARNING  stats fetch failed: timed out
2026-10-01T19:13:45Z  WARNING  thresholds fetch failed: timed out
2026-10-01T19:13:45Z  WARNING  stats fetch failed: timed out
2026-10-01T19:13:50Z  WARNING  thresholds fetch failed: timed out
2026-10-01T19:13:50Z  WARNING  stats fetch failed: timed out
2026-10-01T19:13:55Z  WARNING  thresholds fetch failed: timed out
2026-10-01T19:13:55Z  WARNING  stats fetch failed: timed out
2026-10-01T19:14:00Z  WARNING  thresholds fetch failed: timed out
2026-10-01T19:14:00Z  WARNING  stats fetch failed: timed out
2026-10-01T19:14:05Z  SHUTDOWN  signal=15
2026-10-01T19:14:06Z  EXIT
