2026-10-09T05:45:38Z  START  poll_interval=1s layer_a_poll_interval=5s
2026-10-09T05:49:15Z  WARNING  thresholds fetch failed: timed out
2026-10-09T05:49:15Z  WARNING  stats fetch failed: timed out
2026-10-09T05:49:20Z  WARNING  thresholds fetch failed: timed out
2026-10-09T05:49:20Z  WARNING  stats fetch failed: timed out
2026-10-09T05:49:25Z  WARNING  thresholds fetch failed: timed out
2026-10-09T05:49:25Z  WARNING  stats fetch failed: timed out
2026-10-09T05:49:30Z  WARNING  thresholds fetch failed: timed out
2026-10-09T05:49:30Z  WARNING  stats fetch failed: timed out
2026-10-09T05:49:35Z  WARNING  thresholds fetch failed: timed out
2026-10-09T05:49:35Z  WARNING  stats fetch failed: timed out
2026-10-09T05:49:40Z  WARNING  thresholds fetch failed: timed out
2026-10-09T05:49:40Z  WARNING  stats fetch failed: timed out
2026-10-09T05:49:45Z  WARNING  thresholds fetch failed: timed out
2026-10-09T05:49:45Z  WARNING  stats fetch failed: timed out
2026-10-09T05:49:50Z  WARNING  thresholds fetch failed: timed out
2026-10-09T05:49:50Z  WARNING  stats fetch failed: timed out
2026-10-09T05:49:55Z  WARNING  thresholds fetch failed: timed out
2026-10-09T05:49:55Z  WARNING  stats fetch failed: timed out
2026-10-09T05:50:00Z  WARNING  thresholds fetch failed: timed out
2026-10-09T05:50:00Z  WARNING  stats fetch failed: timed out
2026-10-09T05:50:05Z  WARNING  thresholds fetch failed: timed out
2026-10-09T05:50:05Z  WARNING  stats fetch failed: timed out
2026-10-09T05:50:10Z  WARNING  thresholds fetch failed: timed out
2026-10-09T05:50:10Z  WARNING  stats fetch failed: timed out
2026-10-09T05:50:15Z  WARNING  thresholds fetch failed: timed out
2026-10-09T05:50:15Z  WARNING  stats fetch failed: timed out
2026-10-09T05:50:20Z  WARNING  thresholds fetch failed: timed out
2026-10-09T05:50:20Z  WARNING  stats fetch failed: timed out
2026-10-09T05:50:25Z  WARNING  thresholds fetch failed: timed out
2026-10-09T05:50:25Z  WARNING  stats fetch failed: timed out
2026-10-09T05:50:30Z  WARNING  thresholds fetch failed: timed out
2026-10-09T05:50:30Z  WARNING  stats fetch failed: timed out
2026-10-09T05:50:35Z  WARNING  thresholds fetch failed: timed out
2026-10-09T05:50:35Z  WARNING  stats fetch failed: timed out
2026-10-09T05:50:40Z  WARNING  thresholds fetch failed: timed out
2026-10-09T05:50:40Z  WARNING  stats fetch failed: timed out
2026-10-09T05:50:45Z  WARNING  thresholds fetch failed: timed out
2026-10-09T05:50:45Z  WARNING  stats fetch failed: timed out
2026-10-09T05:50:50Z  WARNING  thresholds fetch failed: timed out
2026-10-09T05:50:50Z  WARNING  stats fetch failed: timed out
2026-10-09T05:50:55Z  WARNING  thresholds fetch failed: timed out
2026-10-09T05:50:55Z  WARNING  stats fetch failed: timed out
2026-10-09T05:51:00Z  WARNING  thresholds fetch failed: timed out
2026-10-09T05:51:00Z  WARNING  stats fetch failed: timed out
2026-10-09T05:51:05Z  WARNING  thresholds fetch failed: timed out
2026-10-09T05:51:05Z  WARNING  stats fetch failed: timed out
2026-10-09T05:51:10Z  WARNING  thresholds fetch failed: timed out
2026-10-09T05:51:10Z  WARNING  stats fetch failed: timed out
2026-10-09T05:51:15Z  WARNING  thresholds fetch failed: timed out
2026-10-09T05:51:15Z  WARNING  stats fetch failed: timed out
2026-10-09T05:51:20Z  WARNING  thresholds fetch failed: timed out
2026-10-09T05:51:20Z  WARNING  stats fetch failed: timed out
2026-10-09T05:51:25Z  WARNING  thresholds fetch failed: timed out
2026-10-09T05:51:25Z  WARNING  stats fetch failed: timed out
2026-10-09T05:51:30Z  WARNING  thresholds fetch failed: timed out
2026-10-09T05:51:30Z  WARNING  stats fetch failed: timed out
2026-10-09T05:51:35Z  WARNING  thresholds fetch failed: timed out
2026-10-09T05:51:35Z  WARNING  stats fetch failed: timed out
2026-10-09T05:51:40Z  WARNING  thresholds fetch failed: timed out
2026-10-09T05:51:40Z  WARNING  stats fetch failed: timed out
2026-10-09T05:51:45Z  WARNING  thresholds fetch failed: timed out
2026-10-09T05:51:45Z  WARNING  stats fetch failed: timed out
2026-10-09T05:51:50Z  WARNING  thresholds fetch failed: timed out
2026-10-09T05:51:50Z  WARNING  stats fetch failed: timed out
2026-10-09T05:51:55Z  WARNING  thresholds fetch failed: timed out
2026-10-09T05:51:55Z  WARNING  stats fetch failed: timed out
2026-10-09T05:52:00Z  WARNING  thresholds fetch failed: timed out
2026-10-09T05:52:00Z  WARNING  stats fetch failed: timed out
2026-10-09T05:52:05Z  WARNING  thresholds fetch failed: timed out
2026-10-09T05:52:05Z  WARNING  stats fetch failed: timed out
2026-10-09T05:52:10Z  WARNING  thresholds fetch failed: timed out
2026-10-09T05:52:10Z  WARNING  stats fetch failed: timed out
2026-10-09T05:52:15Z  WARNING  thresholds fetch failed: timed out
2026-10-09T05:52:15Z  WARNING  stats fetch failed: timed out
2026-10-09T05:52:20Z  WARNING  thresholds fetch failed: timed out
2026-10-09T05:52:20Z  WARNING  stats fetch failed: timed out
2026-10-09T05:52:25Z  WARNING  thresholds fetch failed: timed out
2026-10-09T05:52:25Z  WARNING  stats fetch failed: timed out
2026-10-09T05:52:30Z  WARNING  thresholds fetch failed: timed out
2026-10-09T05:52:30Z  WARNING  stats fetch failed: timed out
2026-10-09T05:52:35Z  WARNING  thresholds fetch failed: timed out
2026-10-09T05:52:35Z  WARNING  stats fetch failed: timed out
2026-10-09T05:52:40Z  WARNING  thresholds fetch failed: timed out
2026-10-09T05:52:40Z  WARNING  stats fetch failed: timed out
2026-10-09T05:52:45Z  WARNING  thresholds fetch failed: timed out
2026-10-09T05:52:45Z  WARNING  stats fetch failed: timed out
2026-10-09T05:52:50Z  WARNING  thresholds fetch failed: timed out
2026-10-09T05:52:50Z  WARNING  stats fetch failed: timed out
2026-10-09T05:52:55Z  WARNING  thresholds fetch failed: timed out
2026-10-09T05:52:55Z  WARNING  stats fetch failed: timed out
2026-10-09T05:53:00Z  WARNING  thresholds fetch failed: timed out
2026-10-09T05:53:00Z  WARNING  stats fetch failed: timed out
2026-10-09T05:53:05Z  WARNING  thresholds fetch failed: timed out
2026-10-09T05:53:05Z  WARNING  stats fetch failed: timed out
2026-10-09T05:53:10Z  WARNING  thresholds fetch failed: timed out
2026-10-09T05:53:10Z  WARNING  stats fetch failed: timed out
2026-10-09T05:53:15Z  WARNING  thresholds fetch failed: timed out
2026-10-09T05:53:15Z  WARNING  stats fetch failed: timed out
2026-10-09T05:53:20Z  WARNING  thresholds fetch failed: timed out
2026-10-09T05:53:20Z  WARNING  stats fetch failed: timed out
2026-10-09T05:53:25Z  WARNING  thresholds fetch failed: timed out
2026-10-09T05:53:25Z  WARNING  stats fetch failed: timed out
2026-10-09T05:53:30Z  WARNING  thresholds fetch failed: timed out
2026-10-09T05:53:30Z  WARNING  stats fetch failed: timed out
2026-10-09T05:53:35Z  WARNING  thresholds fetch failed: timed out
2026-10-09T05:53:35Z  WARNING  stats fetch failed: timed out
2026-10-09T05:53:40Z  WARNING  thresholds fetch failed: timed out
2026-10-09T05:53:40Z  WARNING  stats fetch failed: timed out
2026-10-09T05:53:45Z  WARNING  thresholds fetch failed: timed out
2026-10-09T05:53:45Z  WARNING  stats fetch failed: timed out
2026-10-09T05:53:50Z  WARNING  thresholds fetch failed: timed out
2026-10-09T05:53:50Z  WARNING  stats fetch failed: timed out
2026-10-09T05:53:55Z  WARNING  thresholds fetch failed: timed out
2026-10-09T05:53:55Z  WARNING  stats fetch failed: timed out
2026-10-09T05:54:00Z  WARNING  thresholds fetch failed: timed out
2026-10-09T05:54:00Z  WARNING  stats fetch failed: timed out
2026-10-09T05:54:05Z  WARNING  thresholds fetch failed: timed out
2026-10-09T05:54:05Z  WARNING  stats fetch failed: timed out
2026-10-09T05:54:10Z  WARNING  thresholds fetch failed: timed out
2026-10-09T05:54:10Z  WARNING  stats fetch failed: timed out
2026-10-09T05:54:15Z  WARNING  thresholds fetch failed: timed out
2026-10-09T05:54:15Z  WARNING  stats fetch failed: timed out
2026-10-09T05:54:20Z  WARNING  thresholds fetch failed: timed out
2026-10-09T05:54:20Z  WARNING  stats fetch failed: timed out
2026-10-09T05:54:25Z  WARNING  thresholds fetch failed: timed out
2026-10-09T05:54:25Z  WARNING  stats fetch failed: timed out
2026-10-09T05:54:30Z  WARNING  thresholds fetch failed: timed out
2026-10-09T05:54:30Z  WARNING  stats fetch failed: timed out
2026-10-09T05:54:35Z  WARNING  thresholds fetch failed: timed out
2026-10-09T05:54:35Z  WARNING  stats fetch failed: timed out
2026-10-09T05:54:40Z  WARNING  thresholds fetch failed: timed out
2026-10-09T05:54:40Z  WARNING  stats fetch failed: timed out
2026-10-09T05:54:45Z  WARNING  thresholds fetch failed: timed out
2026-10-09T05:54:45Z  WARNING  stats fetch failed: <urlopen error timed out>
2026-10-09T05:54:50Z  WARNING  thresholds fetch failed: timed out
2026-10-09T05:54:50Z  WARNING  stats fetch failed: timed out
2026-10-09T05:54:55Z  WARNING  thresholds fetch failed: timed out
2026-10-09T05:54:55Z  WARNING  stats fetch failed: timed out
2026-10-09T05:55:00Z  WARNING  thresholds fetch failed: timed out
2026-10-09T05:55:00Z  WARNING  stats fetch failed: timed out
2026-10-09T05:55:05Z  WARNING  thresholds fetch failed: timed out
2026-10-09T05:55:05Z  WARNING  stats fetch failed: timed out
2026-10-09T05:55:10Z  WARNING  thresholds fetch failed: timed out
2026-10-09T05:55:10Z  WARNING  stats fetch failed: timed out
2026-10-09T05:55:15Z  WARNING  thresholds fetch failed: timed out
2026-10-09T05:55:15Z  WARNING  stats fetch failed: timed out
2026-10-09T05:55:20Z  WARNING  thresholds fetch failed: timed out
2026-10-09T05:55:20Z  WARNING  stats fetch failed: timed out
2026-10-09T05:55:25Z  WARNING  thresholds fetch failed: timed out
2026-10-09T05:55:25Z  WARNING  stats fetch failed: timed out
2026-10-09T05:55:30Z  WARNING  thresholds fetch failed: timed out
2026-10-09T05:55:30Z  WARNING  stats fetch failed: timed out
2026-10-09T05:55:35Z  WARNING  thresholds fetch failed: timed out
2026-10-09T05:55:35Z  WARNING  stats fetch failed: timed out
2026-10-09T05:55:40Z  WARNING  thresholds fetch failed: timed out
2026-10-09T05:55:40Z  WARNING  stats fetch failed: timed out
2026-10-09T05:55:45Z  WARNING  thresholds fetch failed: timed out
2026-10-09T05:55:45Z  WARNING  stats fetch failed: timed out
2026-10-09T05:55:50Z  WARNING  thresholds fetch failed: timed out
2026-10-09T05:55:50Z  WARNING  stats fetch failed: timed out
2026-10-09T05:55:55Z  WARNING  thresholds fetch failed: timed out
2026-10-09T05:55:55Z  WARNING  stats fetch failed: timed out
2026-10-09T05:56:00Z  WARNING  thresholds fetch failed: timed out
2026-10-09T05:56:00Z  WARNING  stats fetch failed: timed out
2026-10-09T05:56:05Z  WARNING  thresholds fetch failed: timed out
2026-10-09T05:56:05Z  WARNING  stats fetch failed: timed out
2026-10-09T05:56:10Z  WARNING  thresholds fetch failed: timed out
2026-10-09T05:56:10Z  WARNING  stats fetch failed: timed out
2026-10-09T05:56:15Z  WARNING  thresholds fetch failed: timed out
2026-10-09T05:56:15Z  WARNING  stats fetch failed: timed out
2026-10-09T05:56:20Z  WARNING  thresholds fetch failed: timed out
2026-10-09T05:56:20Z  WARNING  stats fetch failed: timed out
2026-10-09T05:56:25Z  WARNING  thresholds fetch failed: timed out
2026-10-09T05:56:25Z  WARNING  stats fetch failed: timed out
2026-10-09T05:56:30Z  WARNING  thresholds fetch failed: timed out
2026-10-09T05:56:30Z  WARNING  stats fetch failed: timed out
2026-10-09T05:56:35Z  WARNING  thresholds fetch failed: timed out
2026-10-09T05:56:35Z  WARNING  stats fetch failed: timed out
2026-10-09T05:56:40Z  SHUTDOWN  signal=15
2026-10-09T05:56:41Z  EXIT
