2026-09-26T19:08:41Z  START  poll_interval=1s layer_a_poll_interval=5s
2026-09-26T19:09:50Z  WARNING  thresholds fetch failed: timed out
2026-09-26T19:09:50Z  WARNING  stats fetch failed: timed out
2026-09-26T19:09:55Z  WARNING  thresholds fetch failed: timed out
2026-09-26T19:09:55Z  WARNING  stats fetch failed: timed out
2026-09-26T19:10:00Z  WARNING  thresholds fetch failed: timed out
2026-09-26T19:10:00Z  WARNING  stats fetch failed: timed out
2026-09-26T19:10:05Z  WARNING  thresholds fetch failed: timed out
2026-09-26T19:10:05Z  WARNING  stats fetch failed: timed out
2026-09-26T19:10:10Z  WARNING  thresholds fetch failed: timed out
2026-09-26T19:10:10Z  WARNING  stats fetch failed: timed out
2026-09-26T19:10:15Z  WARNING  thresholds fetch failed: timed out
2026-09-26T19:10:15Z  WARNING  stats fetch failed: timed out
2026-09-26T19:10:20Z  WARNING  thresholds fetch failed: timed out
2026-09-26T19:10:20Z  WARNING  stats fetch failed: timed out
2026-09-26T19:10:25Z  WARNING  thresholds fetch failed: timed out
2026-09-26T19:10:25Z  WARNING  stats fetch failed: timed out
2026-09-26T19:10:30Z  WARNING  thresholds fetch failed: timed out
2026-09-26T19:10:30Z  WARNING  stats fetch failed: timed out
2026-09-26T19:10:35Z  WARNING  thresholds fetch failed: timed out
2026-09-26T19:10:35Z  WARNING  stats fetch failed: timed out
2026-09-26T19:10:40Z  WARNING  thresholds fetch failed: timed out
2026-09-26T19:10:40Z  WARNING  stats fetch failed: timed out
2026-09-26T19:10:45Z  WARNING  thresholds fetch failed: timed out
2026-09-26T19:10:45Z  WARNING  stats fetch failed: timed out
2026-09-26T19:10:50Z  WARNING  thresholds fetch failed: timed out
2026-09-26T19:10:50Z  WARNING  stats fetch failed: timed out
2026-09-26T19:10:55Z  WARNING  thresholds fetch failed: timed out
2026-09-26T19:10:55Z  WARNING  stats fetch failed: timed out
2026-09-26T19:11:00Z  WARNING  thresholds fetch failed: timed out
2026-09-26T19:11:00Z  WARNING  stats fetch failed: timed out
2026-09-26T19:11:05Z  WARNING  thresholds fetch failed: timed out
2026-09-26T19:11:05Z  WARNING  stats fetch failed: timed out
2026-09-26T19:11:10Z  WARNING  thresholds fetch failed: timed out
2026-09-26T19:11:10Z  WARNING  stats fetch failed: timed out
2026-09-26T19:11:15Z  WARNING  thresholds fetch failed: timed out
2026-09-26T19:11:15Z  WARNING  stats fetch failed: timed out
2026-09-26T19:11:20Z  WARNING  thresholds fetch failed: timed out
2026-09-26T19:11:20Z  WARNING  stats fetch failed: timed out
2026-09-26T19:11:25Z  WARNING  thresholds fetch failed: timed out
2026-09-26T19:11:25Z  WARNING  stats fetch failed: timed out
2026-09-26T19:11:30Z  WARNING  thresholds fetch failed: timed out
2026-09-26T19:11:30Z  WARNING  stats fetch failed: timed out
2026-09-26T19:11:35Z  WARNING  thresholds fetch failed: timed out
2026-09-26T19:11:35Z  WARNING  stats fetch failed: timed out
2026-09-26T19:11:40Z  WARNING  thresholds fetch failed: timed out
2026-09-26T19:11:40Z  WARNING  stats fetch failed: timed out
2026-09-26T19:11:45Z  WARNING  thresholds fetch failed: timed out
2026-09-26T19:11:45Z  WARNING  stats fetch failed: timed out
2026-09-26T19:11:50Z  WARNING  thresholds fetch failed: timed out
2026-09-26T19:11:50Z  WARNING  stats fetch failed: timed out
2026-09-26T19:11:55Z  WARNING  thresholds fetch failed: timed out
2026-09-26T19:11:55Z  WARNING  stats fetch failed: timed out
2026-09-26T19:12:00Z  WARNING  thresholds fetch failed: timed out
2026-09-26T19:12:00Z  WARNING  stats fetch failed: timed out
2026-09-26T19:12:05Z  WARNING  thresholds fetch failed: timed out
2026-09-26T19:12:05Z  WARNING  stats fetch failed: timed out
2026-09-26T19:12:10Z  WARNING  thresholds fetch failed: timed out
2026-09-26T19:12:10Z  WARNING  stats fetch failed: timed out
2026-09-26T19:12:15Z  WARNING  thresholds fetch failed: timed out
2026-09-26T19:12:15Z  WARNING  stats fetch failed: timed out
2026-09-26T19:12:20Z  WARNING  thresholds fetch failed: timed out
2026-09-26T19:12:20Z  WARNING  stats fetch failed: timed out
2026-09-26T19:12:25Z  WARNING  thresholds fetch failed: timed out
2026-09-26T19:12:25Z  WARNING  stats fetch failed: timed out
2026-09-26T19:12:30Z  WARNING  thresholds fetch failed: timed out
2026-09-26T19:12:30Z  WARNING  stats fetch failed: timed out
2026-09-26T19:12:35Z  WARNING  thresholds fetch failed: timed out
2026-09-26T19:12:35Z  WARNING  stats fetch failed: timed out
2026-09-26T19:12:40Z  WARNING  thresholds fetch failed: timed out
2026-09-26T19:12:40Z  WARNING  stats fetch failed: timed out
2026-09-26T19:12:45Z  WARNING  thresholds fetch failed: timed out
2026-09-26T19:12:45Z  WARNING  stats fetch failed: timed out
2026-09-26T19:12:50Z  WARNING  thresholds fetch failed: timed out
2026-09-26T19:12:50Z  WARNING  stats fetch failed: timed out
2026-09-26T19:12:55Z  WARNING  thresholds fetch failed: timed out
2026-09-26T19:12:55Z  WARNING  stats fetch failed: timed out
2026-09-26T19:13:00Z  WARNING  thresholds fetch failed: timed out
2026-09-26T19:13:00Z  WARNING  stats fetch failed: timed out
2026-09-26T19:13:05Z  WARNING  thresholds fetch failed: timed out
2026-09-26T19:13:05Z  WARNING  stats fetch failed: timed out
2026-09-26T19:13:10Z  WARNING  thresholds fetch failed: timed out
2026-09-26T19:13:10Z  WARNING  stats fetch failed: timed out
2026-09-26T19:13:15Z  WARNING  thresholds fetch failed: timed out
2026-09-26T19:13:15Z  WARNING  stats fetch failed: timed out
2026-09-26T19:13:20Z  WARNING  thresholds fetch failed: timed out
2026-09-26T19:13:20Z  WARNING  stats fetch failed: timed out
2026-09-26T19:13:25Z  WARNING  thresholds fetch failed: timed out
2026-09-26T19:13:25Z  WARNING  stats fetch failed: timed out
2026-09-26T19:13:30Z  WARNING  thresholds fetch failed: timed out
2026-09-26T19:13:30Z  WARNING  stats fetch failed: timed out
2026-09-26T19:13:35Z  WARNING  thresholds fetch failed: timed out
2026-09-26T19:13:35Z  WARNING  stats fetch failed: timed out
2026-09-26T19:13:40Z  WARNING  thresholds fetch failed: timed out
2026-09-26T19:13:40Z  WARNING  stats fetch failed: timed out
2026-09-26T19:13:45Z  WARNING  thresholds fetch failed: timed out
2026-09-26T19:13:45Z  WARNING  stats fetch failed: timed out
2026-09-26T19:13:50Z  WARNING  thresholds fetch failed: timed out
2026-09-26T19:13:50Z  WARNING  stats fetch failed: timed out
2026-09-26T19:13:55Z  WARNING  thresholds fetch failed: timed out
2026-09-26T19:13:55Z  WARNING  stats fetch failed: timed out
2026-09-26T19:14:00Z  WARNING  thresholds fetch failed: timed out
2026-09-26T19:14:00Z  WARNING  stats fetch failed: timed out
2026-09-26T19:14:05Z  WARNING  thresholds fetch failed: timed out
2026-09-26T19:14:05Z  WARNING  stats fetch failed: timed out
2026-09-26T19:14:10Z  WARNING  thresholds fetch failed: timed out
2026-09-26T19:14:10Z  WARNING  stats fetch failed: timed out
2026-09-26T19:14:15Z  WARNING  thresholds fetch failed: timed out
2026-09-26T19:14:15Z  WARNING  stats fetch failed: timed out
2026-09-26T19:14:20Z  WARNING  thresholds fetch failed: timed out
2026-09-26T19:14:20Z  WARNING  stats fetch failed: timed out
2026-09-26T19:14:25Z  WARNING  thresholds fetch failed: timed out
2026-09-26T19:14:25Z  WARNING  stats fetch failed: timed out
2026-09-26T19:14:30Z  WARNING  thresholds fetch failed: timed out
2026-09-26T19:14:30Z  WARNING  stats fetch failed: timed out
2026-09-26T19:14:35Z  WARNING  thresholds fetch failed: timed out
2026-09-26T19:14:35Z  WARNING  stats fetch failed: timed out
2026-09-26T19:14:40Z  WARNING  thresholds fetch failed: timed out
2026-09-26T19:14:40Z  WARNING  stats fetch failed: timed out
2026-09-26T19:14:45Z  WARNING  thresholds fetch failed: timed out
2026-09-26T19:14:45Z  WARNING  stats fetch failed: timed out
2026-09-26T19:14:50Z  WARNING  thresholds fetch failed: timed out
2026-09-26T19:14:50Z  WARNING  stats fetch failed: timed out
2026-09-26T19:14:55Z  WARNING  thresholds fetch failed: timed out
2026-09-26T19:14:55Z  WARNING  stats fetch failed: timed out
2026-09-26T19:15:00Z  WARNING  thresholds fetch failed: timed out
2026-09-26T19:15:00Z  WARNING  stats fetch failed: timed out
2026-09-26T19:15:05Z  WARNING  thresholds fetch failed: timed out
2026-09-26T19:15:05Z  WARNING  stats fetch failed: timed out
2026-09-26T19:15:10Z  WARNING  thresholds fetch failed: timed out
2026-09-26T19:15:10Z  WARNING  stats fetch failed: timed out
2026-09-26T19:15:15Z  WARNING  thresholds fetch failed: timed out
2026-09-26T19:15:15Z  WARNING  stats fetch failed: timed out
2026-09-26T19:15:20Z  WARNING  thresholds fetch failed: timed out
2026-09-26T19:15:20Z  WARNING  stats fetch failed: timed out
2026-09-26T19:15:25Z  WARNING  thresholds fetch failed: timed out
2026-09-26T19:15:25Z  WARNING  stats fetch failed: timed out
2026-09-26T19:15:30Z  WARNING  thresholds fetch failed: timed out
2026-09-26T19:15:30Z  WARNING  stats fetch failed: timed out
2026-09-26T19:15:35Z  WARNING  thresholds fetch failed: timed out
2026-09-26T19:15:35Z  WARNING  stats fetch failed: timed out
2026-09-26T19:15:40Z  WARNING  thresholds fetch failed: timed out
2026-09-26T19:15:40Z  WARNING  stats fetch failed: timed out
2026-09-26T19:15:45Z  WARNING  thresholds fetch failed: timed out
2026-09-26T19:15:45Z  WARNING  stats fetch failed: timed out
2026-09-26T19:15:50Z  WARNING  thresholds fetch failed: timed out
2026-09-26T19:15:50Z  WARNING  stats fetch failed: timed out
2026-09-26T19:15:55Z  WARNING  thresholds fetch failed: timed out
2026-09-26T19:15:55Z  WARNING  stats fetch failed: timed out
2026-09-26T19:16:00Z  WARNING  thresholds fetch failed: timed out
2026-09-26T19:16:00Z  WARNING  stats fetch failed: timed out
2026-09-26T19:16:05Z  WARNING  thresholds fetch failed: timed out
2026-09-26T19:16:05Z  WARNING  stats fetch failed: timed out
2026-09-26T19:16:10Z  WARNING  thresholds fetch failed: timed out
2026-09-26T19:16:10Z  WARNING  stats fetch failed: timed out
2026-09-26T19:16:15Z  WARNING  thresholds fetch failed: timed out
2026-09-26T19:16:15Z  WARNING  stats fetch failed: timed out
2026-09-26T19:16:20Z  WARNING  thresholds fetch failed: timed out
2026-09-26T19:16:20Z  WARNING  stats fetch failed: timed out
2026-09-26T19:16:25Z  WARNING  thresholds fetch failed: timed out
2026-09-26T19:16:25Z  WARNING  stats fetch failed: timed out
2026-09-26T19:16:30Z  WARNING  thresholds fetch failed: timed out
2026-09-26T19:16:30Z  WARNING  stats fetch failed: timed out
2026-09-26T19:16:35Z  WARNING  thresholds fetch failed: timed out
2026-09-26T19:16:35Z  WARNING  stats fetch failed: timed out
2026-09-26T19:16:40Z  WARNING  thresholds fetch failed: timed out
2026-09-26T19:16:40Z  WARNING  stats fetch failed: timed out
2026-09-26T19:16:45Z  WARNING  thresholds fetch failed: timed out
2026-09-26T19:16:45Z  WARNING  stats fetch failed: timed out
2026-09-26T19:16:50Z  WARNING  thresholds fetch failed: timed out
2026-09-26T19:16:50Z  WARNING  stats fetch failed: timed out
2026-09-26T19:16:55Z  WARNING  thresholds fetch failed: timed out
2026-09-26T19:16:55Z  WARNING  stats fetch failed: timed out
2026-09-26T19:17:00Z  WARNING  thresholds fetch failed: timed out
2026-09-26T19:17:00Z  WARNING  stats fetch failed: timed out
2026-09-26T19:17:05Z  WARNING  thresholds fetch failed: timed out
2026-09-26T19:17:05Z  WARNING  stats fetch failed: timed out
2026-09-26T19:17:10Z  WARNING  thresholds fetch failed: timed out
2026-09-26T19:17:10Z  WARNING  stats fetch failed: timed out
2026-09-26T19:17:15Z  WARNING  thresholds fetch failed: timed out
2026-09-26T19:17:15Z  WARNING  stats fetch failed: timed out
2026-09-26T19:17:20Z  WARNING  thresholds fetch failed: timed out
2026-09-26T19:17:20Z  WARNING  stats fetch failed: timed out
2026-09-26T19:17:25Z  WARNING  thresholds fetch failed: timed out
2026-09-26T19:17:25Z  WARNING  stats fetch failed: timed out
2026-09-26T19:17:30Z  WARNING  thresholds fetch failed: timed out
2026-09-26T19:17:30Z  WARNING  stats fetch failed: timed out
2026-09-26T19:17:35Z  WARNING  thresholds fetch failed: timed out
2026-09-26T19:17:35Z  WARNING  stats fetch failed: timed out
2026-09-26T19:17:40Z  WARNING  thresholds fetch failed: timed out
2026-09-26T19:17:40Z  WARNING  stats fetch failed: timed out
2026-09-26T19:17:45Z  WARNING  thresholds fetch failed: timed out
2026-09-26T19:17:45Z  WARNING  stats fetch failed: timed out
2026-09-26T19:17:50Z  WARNING  thresholds fetch failed: timed out
2026-09-26T19:17:50Z  WARNING  stats fetch failed: timed out
2026-09-26T19:17:55Z  WARNING  thresholds fetch failed: timed out
2026-09-26T19:17:55Z  WARNING  stats fetch failed: timed out
2026-09-26T19:18:00Z  WARNING  thresholds fetch failed: timed out
2026-09-26T19:18:00Z  WARNING  stats fetch failed: timed out
2026-09-26T19:18:05Z  WARNING  thresholds fetch failed: timed out
2026-09-26T19:18:05Z  WARNING  stats fetch failed: timed out
2026-09-26T19:18:10Z  WARNING  thresholds fetch failed: timed out
2026-09-26T19:18:10Z  WARNING  stats fetch failed: timed out
2026-09-26T19:18:15Z  WARNING  thresholds fetch failed: timed out
2026-09-26T19:18:15Z  WARNING  stats fetch failed: timed out
2026-09-26T19:18:20Z  WARNING  thresholds fetch failed: timed out
2026-09-26T19:18:20Z  WARNING  stats fetch failed: timed out
2026-09-26T19:18:25Z  WARNING  thresholds fetch failed: timed out
2026-09-26T19:18:25Z  WARNING  stats fetch failed: timed out
2026-09-26T19:18:30Z  WARNING  thresholds fetch failed: timed out
2026-09-26T19:18:30Z  WARNING  stats fetch failed: timed out
2026-09-26T19:18:35Z  WARNING  thresholds fetch failed: timed out
2026-09-26T19:18:35Z  WARNING  stats fetch failed: timed out
2026-09-26T19:18:40Z  WARNING  thresholds fetch failed: timed out
2026-09-26T19:18:40Z  WARNING  stats fetch failed: timed out
2026-09-26T19:18:45Z  WARNING  thresholds fetch failed: timed out
2026-09-26T19:18:45Z  WARNING  stats fetch failed: timed out
2026-09-26T19:18:50Z  WARNING  thresholds fetch failed: timed out
2026-09-26T19:18:50Z  WARNING  stats fetch failed: timed out
2026-09-26T19:18:55Z  WARNING  thresholds fetch failed: timed out
2026-09-26T19:18:55Z  WARNING  stats fetch failed: timed out
2026-09-26T19:19:00Z  WARNING  thresholds fetch failed: timed out
2026-09-26T19:19:00Z  WARNING  stats fetch failed: <urlopen error timed out>
2026-09-26T19:19:05Z  WARNING  thresholds fetch failed: timed out
2026-09-26T19:19:05Z  WARNING  stats fetch failed: timed out
2026-09-26T19:19:10Z  WARNING  thresholds fetch failed: timed out
2026-09-26T19:19:10Z  WARNING  stats fetch failed: timed out
2026-09-26T19:19:15Z  WARNING  thresholds fetch failed: timed out
2026-09-26T19:19:15Z  WARNING  stats fetch failed: timed out
2026-09-26T19:19:19Z  SHUTDOWN  signal=15
2026-09-26T19:19:20Z  EXIT
