2026-09-19T16:49:29Z  START  poll_interval=1s layer_a_poll_interval=5s
2026-09-19T16:50:15Z  WARNING  thresholds fetch failed: timed out
2026-09-19T16:50:15Z  WARNING  stats fetch failed: timed out
2026-09-19T16:50:20Z  WARNING  thresholds fetch failed: timed out
2026-09-19T16:50:20Z  WARNING  stats fetch failed: timed out
2026-09-19T16:50:25Z  WARNING  thresholds fetch failed: timed out
2026-09-19T16:50:25Z  WARNING  stats fetch failed: timed out
2026-09-19T16:50:30Z  WARNING  thresholds fetch failed: timed out
2026-09-19T16:50:30Z  WARNING  stats fetch failed: timed out
2026-09-19T16:50:35Z  WARNING  thresholds fetch failed: timed out
2026-09-19T16:50:35Z  WARNING  stats fetch failed: timed out
2026-09-19T16:50:40Z  WARNING  thresholds fetch failed: timed out
2026-09-19T16:50:40Z  WARNING  stats fetch failed: timed out
2026-09-19T16:50:45Z  WARNING  thresholds fetch failed: timed out
2026-09-19T16:50:45Z  WARNING  stats fetch failed: timed out
2026-09-19T16:50:50Z  WARNING  thresholds fetch failed: timed out
2026-09-19T16:50:50Z  WARNING  stats fetch failed: timed out
2026-09-19T16:50:55Z  WARNING  thresholds fetch failed: timed out
2026-09-19T16:50:55Z  WARNING  stats fetch failed: timed out
2026-09-19T16:51:00Z  WARNING  thresholds fetch failed: timed out
2026-09-19T16:51:00Z  WARNING  stats fetch failed: timed out
2026-09-19T16:51:05Z  WARNING  thresholds fetch failed: timed out
2026-09-19T16:51:05Z  WARNING  stats fetch failed: timed out
2026-09-19T16:51:10Z  WARNING  thresholds fetch failed: timed out
2026-09-19T16:51:10Z  WARNING  stats fetch failed: timed out
2026-09-19T16:51:15Z  WARNING  thresholds fetch failed: timed out
2026-09-19T16:51:15Z  WARNING  stats fetch failed: timed out
2026-09-19T16:51:20Z  WARNING  thresholds fetch failed: timed out
2026-09-19T16:51:20Z  WARNING  stats fetch failed: timed out
2026-09-19T16:51:25Z  WARNING  thresholds fetch failed: timed out
2026-09-19T16:51:25Z  WARNING  stats fetch failed: timed out
2026-09-19T16:51:30Z  WARNING  thresholds fetch failed: timed out
2026-09-19T16:51:30Z  WARNING  stats fetch failed: timed out
2026-09-19T16:51:35Z  WARNING  thresholds fetch failed: timed out
2026-09-19T16:51:35Z  WARNING  stats fetch failed: timed out
2026-09-19T16:51:40Z  WARNING  thresholds fetch failed: timed out
2026-09-19T16:51:40Z  WARNING  stats fetch failed: timed out
2026-09-19T16:51:45Z  WARNING  thresholds fetch failed: timed out
2026-09-19T16:51:45Z  WARNING  stats fetch failed: timed out
2026-09-19T16:51:50Z  WARNING  thresholds fetch failed: timed out
2026-09-19T16:51:50Z  WARNING  stats fetch failed: timed out
2026-09-19T16:51:55Z  WARNING  thresholds fetch failed: timed out
2026-09-19T16:51:55Z  WARNING  stats fetch failed: timed out
2026-09-19T16:52:00Z  WARNING  thresholds fetch failed: timed out
2026-09-19T16:52:00Z  WARNING  stats fetch failed: timed out
2026-09-19T16:52:05Z  WARNING  thresholds fetch failed: timed out
2026-09-19T16:52:05Z  WARNING  stats fetch failed: timed out
2026-09-19T16:52:10Z  WARNING  thresholds fetch failed: timed out
2026-09-19T16:52:10Z  WARNING  stats fetch failed: timed out
2026-09-19T16:52:15Z  WARNING  thresholds fetch failed: timed out
2026-09-19T16:52:15Z  WARNING  stats fetch failed: timed out
2026-09-19T16:52:20Z  WARNING  thresholds fetch failed: timed out
2026-09-19T16:52:20Z  WARNING  stats fetch failed: timed out
2026-09-19T16:52:25Z  WARNING  thresholds fetch failed: timed out
2026-09-19T16:52:25Z  WARNING  stats fetch failed: timed out
2026-09-19T16:52:30Z  WARNING  thresholds fetch failed: timed out
2026-09-19T16:52:30Z  WARNING  stats fetch failed: timed out
2026-09-19T16:52:35Z  WARNING  thresholds fetch failed: timed out
2026-09-19T16:52:35Z  WARNING  stats fetch failed: timed out
2026-09-19T16:52:40Z  WARNING  thresholds fetch failed: timed out
2026-09-19T16:52:40Z  WARNING  stats fetch failed: timed out
2026-09-19T16:52:45Z  WARNING  thresholds fetch failed: timed out
2026-09-19T16:52:45Z  WARNING  stats fetch failed: timed out
2026-09-19T16:52:50Z  WARNING  thresholds fetch failed: timed out
2026-09-19T16:52:50Z  WARNING  stats fetch failed: timed out
2026-09-19T16:52:55Z  WARNING  thresholds fetch failed: timed out
2026-09-19T16:52:55Z  WARNING  stats fetch failed: timed out
2026-09-19T16:53:00Z  WARNING  thresholds fetch failed: timed out
2026-09-19T16:53:00Z  WARNING  stats fetch failed: timed out
2026-09-19T16:53:05Z  WARNING  thresholds fetch failed: timed out
2026-09-19T16:53:05Z  WARNING  stats fetch failed: timed out
2026-09-19T16:53:10Z  WARNING  thresholds fetch failed: timed out
2026-09-19T16:53:10Z  WARNING  stats fetch failed: timed out
2026-09-19T16:53:15Z  WARNING  thresholds fetch failed: timed out
2026-09-19T16:53:15Z  WARNING  stats fetch failed: timed out
2026-09-19T16:53:20Z  WARNING  thresholds fetch failed: timed out
2026-09-19T16:53:20Z  WARNING  stats fetch failed: timed out
2026-09-19T16:53:25Z  WARNING  thresholds fetch failed: timed out
2026-09-19T16:53:25Z  WARNING  stats fetch failed: timed out
2026-09-19T16:53:30Z  WARNING  thresholds fetch failed: timed out
2026-09-19T16:53:30Z  WARNING  stats fetch failed: timed out
2026-09-19T16:53:35Z  WARNING  thresholds fetch failed: timed out
2026-09-19T16:53:35Z  WARNING  stats fetch failed: timed out
2026-09-19T16:53:40Z  WARNING  thresholds fetch failed: timed out
2026-09-19T16:53:40Z  WARNING  stats fetch failed: timed out
2026-09-19T16:53:45Z  WARNING  thresholds fetch failed: timed out
2026-09-19T16:53:45Z  WARNING  stats fetch failed: timed out
2026-09-19T16:53:50Z  WARNING  thresholds fetch failed: timed out
2026-09-19T16:53:50Z  WARNING  stats fetch failed: timed out
2026-09-19T16:53:55Z  WARNING  thresholds fetch failed: timed out
2026-09-19T16:53:55Z  WARNING  stats fetch failed: timed out
2026-09-19T16:54:00Z  WARNING  thresholds fetch failed: timed out
2026-09-19T16:54:00Z  WARNING  stats fetch failed: timed out
2026-09-19T16:54:05Z  WARNING  thresholds fetch failed: timed out
2026-09-19T16:54:05Z  WARNING  stats fetch failed: timed out
2026-09-19T16:54:10Z  WARNING  thresholds fetch failed: timed out
2026-09-19T16:54:10Z  WARNING  stats fetch failed: timed out
2026-09-19T16:54:15Z  WARNING  thresholds fetch failed: timed out
2026-09-19T16:54:15Z  WARNING  stats fetch failed: timed out
2026-09-19T16:54:20Z  WARNING  thresholds fetch failed: timed out
2026-09-19T16:54:20Z  WARNING  stats fetch failed: timed out
2026-09-19T16:54:25Z  WARNING  thresholds fetch failed: timed out
2026-09-19T16:54:25Z  WARNING  stats fetch failed: timed out
2026-09-19T16:54:30Z  WARNING  thresholds fetch failed: timed out
2026-09-19T16:54:30Z  WARNING  stats fetch failed: timed out
2026-09-19T16:54:35Z  WARNING  thresholds fetch failed: timed out
2026-09-19T16:54:35Z  WARNING  stats fetch failed: timed out
2026-09-19T16:54:40Z  WARNING  thresholds fetch failed: timed out
2026-09-19T16:54:40Z  WARNING  stats fetch failed: timed out
2026-09-19T16:54:45Z  WARNING  thresholds fetch failed: timed out
2026-09-19T16:54:45Z  WARNING  stats fetch failed: timed out
2026-09-19T16:54:50Z  WARNING  thresholds fetch failed: timed out
2026-09-19T16:54:50Z  WARNING  stats fetch failed: timed out
2026-09-19T16:54:55Z  WARNING  thresholds fetch failed: timed out
2026-09-19T16:54:55Z  WARNING  stats fetch failed: timed out
2026-09-19T16:55:00Z  WARNING  thresholds fetch failed: timed out
2026-09-19T16:55:00Z  WARNING  stats fetch failed: timed out
2026-09-19T16:55:05Z  WARNING  thresholds fetch failed: timed out
2026-09-19T16:55:05Z  WARNING  stats fetch failed: timed out
2026-09-19T16:55:10Z  WARNING  thresholds fetch failed: timed out
2026-09-19T16:55:10Z  WARNING  stats fetch failed: timed out
2026-09-19T16:55:15Z  WARNING  thresholds fetch failed: timed out
2026-09-19T16:55:15Z  WARNING  stats fetch failed: timed out
2026-09-19T16:55:20Z  WARNING  thresholds fetch failed: timed out
2026-09-19T16:55:20Z  WARNING  stats fetch failed: timed out
2026-09-19T16:55:25Z  WARNING  thresholds fetch failed: timed out
2026-09-19T16:55:25Z  WARNING  stats fetch failed: timed out
2026-09-19T16:55:30Z  WARNING  thresholds fetch failed: timed out
2026-09-19T16:55:30Z  WARNING  stats fetch failed: timed out
2026-09-19T16:55:35Z  WARNING  thresholds fetch failed: timed out
2026-09-19T16:55:35Z  WARNING  stats fetch failed: timed out
2026-09-19T16:55:40Z  WARNING  thresholds fetch failed: timed out
2026-09-19T16:55:40Z  WARNING  stats fetch failed: timed out
2026-09-19T16:55:45Z  WARNING  thresholds fetch failed: timed out
2026-09-19T16:55:45Z  WARNING  stats fetch failed: timed out
2026-09-19T16:55:50Z  WARNING  thresholds fetch failed: timed out
2026-09-19T16:55:50Z  WARNING  stats fetch failed: timed out
2026-09-19T16:55:55Z  WARNING  thresholds fetch failed: timed out
2026-09-19T16:55:55Z  WARNING  stats fetch failed: timed out
2026-09-19T16:56:00Z  WARNING  thresholds fetch failed: timed out
2026-09-19T16:56:00Z  WARNING  stats fetch failed: timed out
2026-09-19T16:56:05Z  WARNING  thresholds fetch failed: timed out
2026-09-19T16:56:05Z  WARNING  stats fetch failed: timed out
2026-09-19T16:56:10Z  WARNING  thresholds fetch failed: timed out
2026-09-19T16:56:10Z  WARNING  stats fetch failed: timed out
2026-09-19T16:56:15Z  WARNING  thresholds fetch failed: timed out
2026-09-19T16:56:15Z  WARNING  stats fetch failed: timed out
2026-09-19T16:56:20Z  WARNING  thresholds fetch failed: timed out
2026-09-19T16:56:20Z  WARNING  stats fetch failed: timed out
2026-09-19T16:56:25Z  WARNING  thresholds fetch failed: timed out
2026-09-19T16:56:25Z  WARNING  stats fetch failed: timed out
2026-09-19T16:56:30Z  WARNING  thresholds fetch failed: timed out
2026-09-19T16:56:30Z  WARNING  stats fetch failed: timed out
2026-09-19T16:56:35Z  WARNING  thresholds fetch failed: timed out
2026-09-19T16:56:35Z  WARNING  stats fetch failed: timed out
2026-09-19T16:56:40Z  WARNING  thresholds fetch failed: timed out
2026-09-19T16:56:40Z  WARNING  stats fetch failed: timed out
2026-09-19T16:56:45Z  WARNING  thresholds fetch failed: timed out
2026-09-19T16:56:45Z  WARNING  stats fetch failed: timed out
2026-09-19T16:56:50Z  WARNING  thresholds fetch failed: timed out
2026-09-19T16:56:50Z  WARNING  stats fetch failed: timed out
2026-09-19T16:56:55Z  WARNING  thresholds fetch failed: timed out
2026-09-19T16:56:55Z  WARNING  stats fetch failed: timed out
2026-09-19T16:57:00Z  WARNING  thresholds fetch failed: timed out
2026-09-19T16:57:00Z  WARNING  stats fetch failed: timed out
2026-09-19T16:57:05Z  WARNING  thresholds fetch failed: timed out
2026-09-19T16:57:05Z  WARNING  stats fetch failed: timed out
2026-09-19T16:57:10Z  WARNING  thresholds fetch failed: timed out
2026-09-19T16:57:10Z  WARNING  stats fetch failed: timed out
2026-09-19T16:57:15Z  WARNING  thresholds fetch failed: timed out
2026-09-19T16:57:15Z  WARNING  stats fetch failed: timed out
2026-09-19T16:57:20Z  WARNING  thresholds fetch failed: timed out
2026-09-19T16:57:20Z  WARNING  stats fetch failed: timed out
2026-09-19T16:57:25Z  WARNING  thresholds fetch failed: timed out
2026-09-19T16:57:25Z  WARNING  stats fetch failed: timed out
2026-09-19T16:57:30Z  WARNING  thresholds fetch failed: timed out
2026-09-19T16:57:30Z  WARNING  stats fetch failed: timed out
2026-09-19T16:57:35Z  WARNING  thresholds fetch failed: timed out
2026-09-19T16:57:35Z  WARNING  stats fetch failed: timed out
2026-09-19T16:57:40Z  WARNING  thresholds fetch failed: timed out
2026-09-19T16:57:40Z  WARNING  stats fetch failed: timed out
2026-09-19T16:57:45Z  WARNING  thresholds fetch failed: timed out
2026-09-19T16:57:45Z  WARNING  stats fetch failed: timed out
2026-09-19T16:57:50Z  WARNING  thresholds fetch failed: timed out
2026-09-19T16:57:50Z  WARNING  stats fetch failed: timed out
2026-09-19T16:57:55Z  WARNING  thresholds fetch failed: timed out
2026-09-19T16:57:55Z  WARNING  stats fetch failed: timed out
2026-09-19T16:58:00Z  WARNING  thresholds fetch failed: timed out
2026-09-19T16:58:00Z  WARNING  stats fetch failed: timed out
2026-09-19T16:58:05Z  WARNING  thresholds fetch failed: timed out
2026-09-19T16:58:05Z  WARNING  stats fetch failed: timed out
2026-09-19T16:58:10Z  WARNING  thresholds fetch failed: timed out
2026-09-19T16:58:10Z  WARNING  stats fetch failed: timed out
2026-09-19T16:58:15Z  WARNING  thresholds fetch failed: timed out
2026-09-19T16:58:15Z  WARNING  stats fetch failed: timed out
2026-09-19T16:58:20Z  WARNING  thresholds fetch failed: timed out
2026-09-19T16:58:20Z  WARNING  stats fetch failed: timed out
2026-09-19T16:58:25Z  WARNING  thresholds fetch failed: timed out
2026-09-19T16:58:25Z  WARNING  stats fetch failed: timed out
2026-09-19T16:58:30Z  WARNING  thresholds fetch failed: timed out
2026-09-19T16:58:30Z  WARNING  stats fetch failed: timed out
2026-09-19T16:58:35Z  WARNING  thresholds fetch failed: timed out
2026-09-19T16:58:35Z  WARNING  stats fetch failed: timed out
2026-09-19T16:58:40Z  WARNING  thresholds fetch failed: timed out
2026-09-19T16:58:40Z  WARNING  stats fetch failed: timed out
2026-09-19T16:58:45Z  WARNING  thresholds fetch failed: timed out
2026-09-19T16:58:45Z  WARNING  stats fetch failed: timed out
2026-09-19T16:58:50Z  WARNING  thresholds fetch failed: timed out
2026-09-19T16:58:50Z  WARNING  stats fetch failed: timed out
2026-09-19T16:58:55Z  WARNING  thresholds fetch failed: timed out
2026-09-19T16:58:55Z  WARNING  stats fetch failed: timed out
2026-09-19T16:59:00Z  WARNING  thresholds fetch failed: timed out
2026-09-19T16:59:00Z  WARNING  stats fetch failed: timed out
2026-09-19T16:59:05Z  WARNING  thresholds fetch failed: timed out
2026-09-19T16:59:05Z  WARNING  stats fetch failed: timed out
2026-09-19T16:59:10Z  WARNING  thresholds fetch failed: timed out
2026-09-19T16:59:10Z  WARNING  stats fetch failed: timed out
2026-09-19T16:59:15Z  WARNING  thresholds fetch failed: timed out
2026-09-19T16:59:15Z  WARNING  stats fetch failed: timed out
2026-09-19T16:59:20Z  WARNING  thresholds fetch failed: timed out
2026-09-19T16:59:20Z  WARNING  stats fetch failed: timed out
2026-09-19T16:59:25Z  WARNING  thresholds fetch failed: timed out
2026-09-19T16:59:25Z  WARNING  stats fetch failed: timed out
2026-09-19T16:59:30Z  WARNING  thresholds fetch failed: timed out
2026-09-19T16:59:30Z  WARNING  stats fetch failed: timed out
2026-09-19T16:59:35Z  WARNING  thresholds fetch failed: timed out
2026-09-19T16:59:35Z  WARNING  stats fetch failed: timed out
2026-09-19T16:59:40Z  WARNING  thresholds fetch failed: timed out
2026-09-19T16:59:40Z  WARNING  stats fetch failed: timed out
2026-09-19T16:59:45Z  WARNING  thresholds fetch failed: timed out
2026-09-19T16:59:45Z  WARNING  stats fetch failed: timed out
2026-09-19T16:59:50Z  WARNING  thresholds fetch failed: timed out
2026-09-19T16:59:50Z  WARNING  stats fetch failed: timed out
2026-09-19T16:59:55Z  WARNING  thresholds fetch failed: timed out
2026-09-19T16:59:55Z  WARNING  stats fetch failed: timed out
2026-09-19T16:59:59Z  SHUTDOWN  signal=15
2026-09-19T17:00:00Z  EXIT
