2026-09-26T23:46:53Z  START  poll_interval=1s layer_a_poll_interval=5s
2026-09-26T23:47:55Z  WARNING  thresholds fetch failed: timed out
2026-09-26T23:47:55Z  WARNING  stats fetch failed: timed out
2026-09-26T23:48:00Z  WARNING  thresholds fetch failed: timed out
2026-09-26T23:48:00Z  WARNING  stats fetch failed: timed out
2026-09-26T23:48:05Z  WARNING  thresholds fetch failed: timed out
2026-09-26T23:48:05Z  WARNING  stats fetch failed: timed out
2026-09-26T23:48:10Z  WARNING  thresholds fetch failed: timed out
2026-09-26T23:48:10Z  WARNING  stats fetch failed: timed out
2026-09-26T23:48:15Z  WARNING  thresholds fetch failed: timed out
2026-09-26T23:48:15Z  WARNING  stats fetch failed: timed out
2026-09-26T23:48:20Z  WARNING  thresholds fetch failed: timed out
2026-09-26T23:48:20Z  WARNING  stats fetch failed: timed out
2026-09-26T23:48:25Z  WARNING  thresholds fetch failed: timed out
2026-09-26T23:48:25Z  WARNING  stats fetch failed: timed out
2026-09-26T23:48:30Z  WARNING  thresholds fetch failed: timed out
2026-09-26T23:48:30Z  WARNING  stats fetch failed: timed out
2026-09-26T23:48:35Z  WARNING  thresholds fetch failed: timed out
2026-09-26T23:48:35Z  WARNING  stats fetch failed: timed out
2026-09-26T23:48:40Z  WARNING  thresholds fetch failed: timed out
2026-09-26T23:48:40Z  WARNING  stats fetch failed: timed out
2026-09-26T23:48:45Z  WARNING  thresholds fetch failed: timed out
2026-09-26T23:48:45Z  WARNING  stats fetch failed: timed out
2026-09-26T23:48:50Z  WARNING  thresholds fetch failed: timed out
2026-09-26T23:48:50Z  WARNING  stats fetch failed: timed out
2026-09-26T23:48:55Z  WARNING  thresholds fetch failed: timed out
2026-09-26T23:48:55Z  WARNING  stats fetch failed: timed out
2026-09-26T23:49:00Z  WARNING  thresholds fetch failed: timed out
2026-09-26T23:49:00Z  WARNING  stats fetch failed: timed out
2026-09-26T23:49:05Z  WARNING  thresholds fetch failed: timed out
2026-09-26T23:49:05Z  WARNING  stats fetch failed: timed out
2026-09-26T23:49:10Z  WARNING  thresholds fetch failed: timed out
2026-09-26T23:49:10Z  WARNING  stats fetch failed: timed out
2026-09-26T23:49:15Z  WARNING  thresholds fetch failed: timed out
2026-09-26T23:49:15Z  WARNING  stats fetch failed: timed out
2026-09-26T23:49:20Z  WARNING  thresholds fetch failed: timed out
2026-09-26T23:49:20Z  WARNING  stats fetch failed: timed out
2026-09-26T23:49:25Z  WARNING  thresholds fetch failed: timed out
2026-09-26T23:49:25Z  WARNING  stats fetch failed: timed out
2026-09-26T23:49:30Z  WARNING  thresholds fetch failed: timed out
2026-09-26T23:49:30Z  WARNING  stats fetch failed: timed out
2026-09-26T23:49:35Z  WARNING  thresholds fetch failed: timed out
2026-09-26T23:49:35Z  WARNING  stats fetch failed: timed out
2026-09-26T23:49:40Z  WARNING  thresholds fetch failed: timed out
2026-09-26T23:49:40Z  WARNING  stats fetch failed: timed out
2026-09-26T23:49:45Z  WARNING  thresholds fetch failed: timed out
2026-09-26T23:49:45Z  WARNING  stats fetch failed: timed out
2026-09-26T23:49:50Z  WARNING  thresholds fetch failed: timed out
2026-09-26T23:49:50Z  WARNING  stats fetch failed: timed out
2026-09-26T23:49:55Z  WARNING  thresholds fetch failed: timed out
2026-09-26T23:49:55Z  WARNING  stats fetch failed: timed out
2026-09-26T23:50:00Z  WARNING  thresholds fetch failed: timed out
2026-09-26T23:50:00Z  WARNING  stats fetch failed: timed out
2026-09-26T23:50:05Z  WARNING  thresholds fetch failed: timed out
2026-09-26T23:50:05Z  WARNING  stats fetch failed: timed out
2026-09-26T23:50:10Z  WARNING  thresholds fetch failed: timed out
2026-09-26T23:50:10Z  WARNING  stats fetch failed: timed out
2026-09-26T23:50:15Z  WARNING  thresholds fetch failed: timed out
2026-09-26T23:50:15Z  WARNING  stats fetch failed: timed out
2026-09-26T23:50:20Z  WARNING  thresholds fetch failed: timed out
2026-09-26T23:50:20Z  WARNING  stats fetch failed: timed out
2026-09-26T23:50:25Z  WARNING  thresholds fetch failed: timed out
2026-09-26T23:50:25Z  WARNING  stats fetch failed: timed out
2026-09-26T23:50:30Z  WARNING  thresholds fetch failed: timed out
2026-09-26T23:50:30Z  WARNING  stats fetch failed: timed out
2026-09-26T23:50:35Z  WARNING  thresholds fetch failed: timed out
2026-09-26T23:50:35Z  WARNING  stats fetch failed: timed out
2026-09-26T23:50:40Z  WARNING  thresholds fetch failed: timed out
2026-09-26T23:50:40Z  WARNING  stats fetch failed: timed out
2026-09-26T23:50:45Z  WARNING  thresholds fetch failed: timed out
2026-09-26T23:50:45Z  WARNING  stats fetch failed: timed out
2026-09-26T23:50:50Z  WARNING  thresholds fetch failed: timed out
2026-09-26T23:50:50Z  WARNING  stats fetch failed: timed out
2026-09-26T23:50:55Z  WARNING  thresholds fetch failed: timed out
2026-09-26T23:50:55Z  WARNING  stats fetch failed: timed out
2026-09-26T23:51:00Z  WARNING  thresholds fetch failed: timed out
2026-09-26T23:51:00Z  WARNING  stats fetch failed: timed out
2026-09-26T23:51:05Z  WARNING  thresholds fetch failed: timed out
2026-09-26T23:51:05Z  WARNING  stats fetch failed: timed out
2026-09-26T23:51:10Z  WARNING  thresholds fetch failed: timed out
2026-09-26T23:51:10Z  WARNING  stats fetch failed: timed out
2026-09-26T23:51:15Z  WARNING  thresholds fetch failed: timed out
2026-09-26T23:51:15Z  WARNING  stats fetch failed: timed out
2026-09-26T23:51:20Z  WARNING  thresholds fetch failed: timed out
2026-09-26T23:51:20Z  WARNING  stats fetch failed: timed out
2026-09-26T23:51:25Z  WARNING  thresholds fetch failed: timed out
2026-09-26T23:51:25Z  WARNING  stats fetch failed: timed out
2026-09-26T23:51:30Z  WARNING  thresholds fetch failed: timed out
2026-09-26T23:51:30Z  WARNING  stats fetch failed: timed out
2026-09-26T23:51:35Z  WARNING  thresholds fetch failed: timed out
2026-09-26T23:51:35Z  WARNING  stats fetch failed: timed out
2026-09-26T23:51:40Z  WARNING  thresholds fetch failed: timed out
2026-09-26T23:51:40Z  WARNING  stats fetch failed: timed out
2026-09-26T23:51:45Z  WARNING  thresholds fetch failed: timed out
2026-09-26T23:51:45Z  WARNING  stats fetch failed: timed out
2026-09-26T23:51:50Z  WARNING  thresholds fetch failed: timed out
2026-09-26T23:51:50Z  WARNING  stats fetch failed: timed out
2026-09-26T23:51:55Z  WARNING  thresholds fetch failed: timed out
2026-09-26T23:51:55Z  WARNING  stats fetch failed: timed out
2026-09-26T23:52:00Z  WARNING  thresholds fetch failed: timed out
2026-09-26T23:52:00Z  WARNING  stats fetch failed: timed out
2026-09-26T23:52:05Z  WARNING  thresholds fetch failed: timed out
2026-09-26T23:52:05Z  WARNING  stats fetch failed: timed out
2026-09-26T23:52:10Z  WARNING  thresholds fetch failed: timed out
2026-09-26T23:52:10Z  WARNING  stats fetch failed: timed out
2026-09-26T23:52:15Z  WARNING  thresholds fetch failed: timed out
2026-09-26T23:52:15Z  WARNING  stats fetch failed: timed out
2026-09-26T23:52:20Z  WARNING  thresholds fetch failed: timed out
2026-09-26T23:52:20Z  WARNING  stats fetch failed: timed out
2026-09-26T23:52:25Z  WARNING  thresholds fetch failed: timed out
2026-09-26T23:52:25Z  WARNING  stats fetch failed: timed out
2026-09-26T23:52:30Z  WARNING  thresholds fetch failed: timed out
2026-09-26T23:52:30Z  WARNING  stats fetch failed: timed out
2026-09-26T23:52:35Z  WARNING  thresholds fetch failed: timed out
2026-09-26T23:52:35Z  WARNING  stats fetch failed: timed out
2026-09-26T23:52:40Z  WARNING  thresholds fetch failed: timed out
2026-09-26T23:52:40Z  WARNING  stats fetch failed: timed out
2026-09-26T23:52:45Z  WARNING  thresholds fetch failed: timed out
2026-09-26T23:52:45Z  WARNING  stats fetch failed: timed out
2026-09-26T23:52:50Z  WARNING  thresholds fetch failed: timed out
2026-09-26T23:52:50Z  WARNING  stats fetch failed: timed out
2026-09-26T23:52:55Z  WARNING  thresholds fetch failed: timed out
2026-09-26T23:52:55Z  WARNING  stats fetch failed: timed out
2026-09-26T23:53:00Z  WARNING  thresholds fetch failed: timed out
2026-09-26T23:53:00Z  WARNING  stats fetch failed: timed out
2026-09-26T23:53:05Z  WARNING  thresholds fetch failed: timed out
2026-09-26T23:53:05Z  WARNING  stats fetch failed: timed out
2026-09-26T23:53:10Z  WARNING  thresholds fetch failed: timed out
2026-09-26T23:53:10Z  WARNING  stats fetch failed: timed out
2026-09-26T23:53:15Z  WARNING  thresholds fetch failed: timed out
2026-09-26T23:53:15Z  WARNING  stats fetch failed: timed out
2026-09-26T23:53:20Z  WARNING  thresholds fetch failed: timed out
2026-09-26T23:53:20Z  WARNING  stats fetch failed: timed out
2026-09-26T23:53:25Z  WARNING  thresholds fetch failed: timed out
2026-09-26T23:53:25Z  WARNING  stats fetch failed: timed out
2026-09-26T23:53:30Z  WARNING  thresholds fetch failed: timed out
2026-09-26T23:53:30Z  WARNING  stats fetch failed: timed out
2026-09-26T23:53:35Z  WARNING  thresholds fetch failed: timed out
2026-09-26T23:53:35Z  WARNING  stats fetch failed: timed out
2026-09-26T23:53:40Z  WARNING  thresholds fetch failed: timed out
2026-09-26T23:53:40Z  WARNING  stats fetch failed: timed out
2026-09-26T23:53:45Z  WARNING  thresholds fetch failed: timed out
2026-09-26T23:53:45Z  WARNING  stats fetch failed: timed out
2026-09-26T23:53:50Z  WARNING  thresholds fetch failed: timed out
2026-09-26T23:53:50Z  WARNING  stats fetch failed: timed out
2026-09-26T23:53:55Z  WARNING  thresholds fetch failed: timed out
2026-09-26T23:53:55Z  WARNING  stats fetch failed: timed out
2026-09-26T23:54:00Z  WARNING  thresholds fetch failed: timed out
2026-09-26T23:54:00Z  WARNING  stats fetch failed: timed out
2026-09-26T23:54:05Z  WARNING  thresholds fetch failed: timed out
2026-09-26T23:54:05Z  WARNING  stats fetch failed: timed out
2026-09-26T23:54:10Z  WARNING  thresholds fetch failed: timed out
2026-09-26T23:54:10Z  WARNING  stats fetch failed: timed out
2026-09-26T23:54:15Z  WARNING  thresholds fetch failed: timed out
2026-09-26T23:54:15Z  WARNING  stats fetch failed: timed out
2026-09-26T23:54:20Z  WARNING  thresholds fetch failed: timed out
2026-09-26T23:54:20Z  WARNING  stats fetch failed: timed out
2026-09-26T23:54:25Z  WARNING  thresholds fetch failed: <urlopen error timed out>
2026-09-26T23:54:25Z  WARNING  stats fetch failed: timed out
2026-09-26T23:54:30Z  WARNING  thresholds fetch failed: timed out
2026-09-26T23:54:30Z  WARNING  stats fetch failed: timed out
2026-09-26T23:54:35Z  WARNING  thresholds fetch failed: timed out
2026-09-26T23:54:35Z  WARNING  stats fetch failed: timed out
2026-09-26T23:54:40Z  WARNING  thresholds fetch failed: timed out
2026-09-26T23:54:40Z  WARNING  stats fetch failed: timed out
2026-09-26T23:54:45Z  WARNING  thresholds fetch failed: timed out
2026-09-26T23:54:45Z  WARNING  stats fetch failed: timed out
2026-09-26T23:54:50Z  WARNING  thresholds fetch failed: timed out
2026-09-26T23:54:50Z  WARNING  stats fetch failed: timed out
2026-09-26T23:54:55Z  WARNING  thresholds fetch failed: timed out
2026-09-26T23:54:55Z  WARNING  stats fetch failed: timed out
2026-09-26T23:55:00Z  WARNING  thresholds fetch failed: timed out
2026-09-26T23:55:00Z  WARNING  stats fetch failed: timed out
2026-09-26T23:55:05Z  WARNING  thresholds fetch failed: timed out
2026-09-26T23:55:05Z  WARNING  stats fetch failed: timed out
2026-09-26T23:55:10Z  WARNING  thresholds fetch failed: timed out
2026-09-26T23:55:10Z  WARNING  stats fetch failed: timed out
2026-09-26T23:55:15Z  WARNING  thresholds fetch failed: timed out
2026-09-26T23:55:15Z  WARNING  stats fetch failed: timed out
2026-09-26T23:55:20Z  WARNING  thresholds fetch failed: timed out
2026-09-26T23:55:20Z  WARNING  stats fetch failed: timed out
2026-09-26T23:55:25Z  WARNING  thresholds fetch failed: timed out
2026-09-26T23:55:25Z  WARNING  stats fetch failed: timed out
2026-09-26T23:55:30Z  WARNING  thresholds fetch failed: timed out
2026-09-26T23:55:30Z  WARNING  stats fetch failed: timed out
2026-09-26T23:55:35Z  WARNING  thresholds fetch failed: timed out
2026-09-26T23:55:35Z  WARNING  stats fetch failed: timed out
2026-09-26T23:55:40Z  WARNING  thresholds fetch failed: timed out
2026-09-26T23:55:40Z  WARNING  stats fetch failed: timed out
2026-09-26T23:55:45Z  WARNING  thresholds fetch failed: timed out
2026-09-26T23:55:45Z  WARNING  stats fetch failed: timed out
2026-09-26T23:55:50Z  WARNING  thresholds fetch failed: timed out
2026-09-26T23:55:50Z  WARNING  stats fetch failed: <urlopen error timed out>
2026-09-26T23:55:55Z  WARNING  thresholds fetch failed: timed out
2026-09-26T23:55:55Z  WARNING  stats fetch failed: timed out
2026-09-26T23:56:00Z  WARNING  thresholds fetch failed: timed out
2026-09-26T23:56:00Z  WARNING  stats fetch failed: timed out
2026-09-26T23:56:05Z  WARNING  thresholds fetch failed: timed out
2026-09-26T23:56:05Z  WARNING  stats fetch failed: timed out
2026-09-26T23:56:10Z  WARNING  thresholds fetch failed: timed out
2026-09-26T23:56:10Z  WARNING  stats fetch failed: timed out
2026-09-26T23:56:15Z  WARNING  thresholds fetch failed: timed out
2026-09-26T23:56:15Z  WARNING  stats fetch failed: timed out
2026-09-26T23:56:20Z  WARNING  thresholds fetch failed: timed out
2026-09-26T23:56:20Z  WARNING  stats fetch failed: timed out
2026-09-26T23:56:25Z  WARNING  thresholds fetch failed: timed out
2026-09-26T23:56:25Z  WARNING  stats fetch failed: timed out
2026-09-26T23:56:30Z  WARNING  thresholds fetch failed: timed out
2026-09-26T23:56:30Z  WARNING  stats fetch failed: timed out
2026-09-26T23:56:35Z  WARNING  thresholds fetch failed: timed out
2026-09-26T23:56:35Z  WARNING  stats fetch failed: timed out
2026-09-26T23:56:40Z  WARNING  thresholds fetch failed: timed out
2026-09-26T23:56:40Z  WARNING  stats fetch failed: timed out
2026-09-26T23:56:45Z  WARNING  thresholds fetch failed: timed out
2026-09-26T23:56:45Z  WARNING  stats fetch failed: timed out
2026-09-26T23:56:50Z  WARNING  thresholds fetch failed: timed out
2026-09-26T23:56:50Z  WARNING  stats fetch failed: timed out
2026-09-26T23:56:55Z  WARNING  thresholds fetch failed: timed out
2026-09-26T23:56:55Z  WARNING  stats fetch failed: timed out
2026-09-26T23:57:00Z  WARNING  thresholds fetch failed: timed out
2026-09-26T23:57:00Z  WARNING  stats fetch failed: timed out
2026-09-26T23:57:05Z  WARNING  thresholds fetch failed: timed out
2026-09-26T23:57:05Z  WARNING  stats fetch failed: timed out
2026-09-26T23:57:10Z  WARNING  thresholds fetch failed: timed out
2026-09-26T23:57:10Z  WARNING  stats fetch failed: timed out
2026-09-26T23:57:15Z  WARNING  thresholds fetch failed: timed out
2026-09-26T23:57:15Z  WARNING  stats fetch failed: timed out
2026-09-26T23:57:20Z  WARNING  thresholds fetch failed: timed out
2026-09-26T23:57:20Z  WARNING  stats fetch failed: timed out
2026-09-26T23:57:25Z  WARNING  thresholds fetch failed: timed out
2026-09-26T23:57:25Z  WARNING  stats fetch failed: timed out
2026-09-26T23:57:30Z  SHUTDOWN  signal=15
2026-09-26T23:57:31Z  EXIT
