2026-10-03T22:39:34Z  START  poll_interval=1s layer_a_poll_interval=5s
2026-10-03T22:40:50Z  WARNING  thresholds fetch failed: timed out
2026-10-03T22:40:50Z  WARNING  stats fetch failed: timed out
2026-10-03T22:40:55Z  WARNING  thresholds fetch failed: timed out
2026-10-03T22:40:55Z  WARNING  stats fetch failed: timed out
2026-10-03T22:41:00Z  WARNING  thresholds fetch failed: timed out
2026-10-03T22:41:00Z  WARNING  stats fetch failed: timed out
2026-10-03T22:41:05Z  WARNING  thresholds fetch failed: timed out
2026-10-03T22:41:05Z  WARNING  stats fetch failed: timed out
2026-10-03T22:41:10Z  WARNING  thresholds fetch failed: timed out
2026-10-03T22:41:10Z  WARNING  stats fetch failed: timed out
2026-10-03T22:41:15Z  WARNING  thresholds fetch failed: timed out
2026-10-03T22:41:15Z  WARNING  stats fetch failed: timed out
2026-10-03T22:41:20Z  WARNING  thresholds fetch failed: timed out
2026-10-03T22:41:20Z  WARNING  stats fetch failed: timed out
2026-10-03T22:41:25Z  WARNING  thresholds fetch failed: timed out
2026-10-03T22:41:25Z  WARNING  stats fetch failed: timed out
2026-10-03T22:41:30Z  WARNING  thresholds fetch failed: timed out
2026-10-03T22:41:30Z  WARNING  stats fetch failed: timed out
2026-10-03T22:41:35Z  WARNING  thresholds fetch failed: timed out
2026-10-03T22:41:35Z  WARNING  stats fetch failed: timed out
2026-10-03T22:41:40Z  WARNING  thresholds fetch failed: timed out
2026-10-03T22:41:40Z  WARNING  stats fetch failed: timed out
2026-10-03T22:41:45Z  WARNING  thresholds fetch failed: timed out
2026-10-03T22:41:45Z  WARNING  stats fetch failed: timed out
2026-10-03T22:41:50Z  WARNING  thresholds fetch failed: timed out
2026-10-03T22:41:50Z  WARNING  stats fetch failed: timed out
2026-10-03T22:41:55Z  WARNING  thresholds fetch failed: timed out
2026-10-03T22:41:55Z  WARNING  stats fetch failed: timed out
2026-10-03T22:42:00Z  WARNING  thresholds fetch failed: timed out
2026-10-03T22:42:00Z  WARNING  stats fetch failed: timed out
2026-10-03T22:42:05Z  WARNING  thresholds fetch failed: timed out
2026-10-03T22:42:05Z  WARNING  stats fetch failed: timed out
2026-10-03T22:42:10Z  WARNING  thresholds fetch failed: timed out
2026-10-03T22:42:10Z  WARNING  stats fetch failed: timed out
2026-10-03T22:42:15Z  WARNING  thresholds fetch failed: timed out
2026-10-03T22:42:15Z  WARNING  stats fetch failed: timed out
2026-10-03T22:42:20Z  WARNING  thresholds fetch failed: timed out
2026-10-03T22:42:20Z  WARNING  stats fetch failed: timed out
2026-10-03T22:42:25Z  WARNING  thresholds fetch failed: timed out
2026-10-03T22:42:25Z  WARNING  stats fetch failed: timed out
2026-10-03T22:42:30Z  WARNING  thresholds fetch failed: timed out
2026-10-03T22:42:30Z  WARNING  stats fetch failed: timed out
2026-10-03T22:42:35Z  WARNING  thresholds fetch failed: timed out
2026-10-03T22:42:35Z  WARNING  stats fetch failed: timed out
2026-10-03T22:42:40Z  WARNING  thresholds fetch failed: timed out
2026-10-03T22:42:40Z  WARNING  stats fetch failed: timed out
2026-10-03T22:42:45Z  WARNING  thresholds fetch failed: timed out
2026-10-03T22:42:45Z  WARNING  stats fetch failed: timed out
2026-10-03T22:42:50Z  WARNING  thresholds fetch failed: timed out
2026-10-03T22:42:50Z  WARNING  stats fetch failed: timed out
2026-10-03T22:42:55Z  WARNING  thresholds fetch failed: timed out
2026-10-03T22:42:55Z  WARNING  stats fetch failed: timed out
2026-10-03T22:43:00Z  WARNING  thresholds fetch failed: timed out
2026-10-03T22:43:00Z  WARNING  stats fetch failed: timed out
2026-10-03T22:43:05Z  WARNING  thresholds fetch failed: timed out
2026-10-03T22:43:05Z  WARNING  stats fetch failed: timed out
2026-10-03T22:43:10Z  WARNING  thresholds fetch failed: timed out
2026-10-03T22:43:10Z  WARNING  stats fetch failed: timed out
2026-10-03T22:43:15Z  WARNING  thresholds fetch failed: timed out
2026-10-03T22:43:15Z  WARNING  stats fetch failed: timed out
2026-10-03T22:43:20Z  WARNING  thresholds fetch failed: <urlopen error timed out>
2026-10-03T22:43:20Z  WARNING  stats fetch failed: timed out
2026-10-03T22:43:25Z  WARNING  thresholds fetch failed: timed out
2026-10-03T22:43:25Z  WARNING  stats fetch failed: timed out
2026-10-03T22:43:30Z  WARNING  thresholds fetch failed: timed out
2026-10-03T22:43:30Z  WARNING  stats fetch failed: timed out
2026-10-03T22:43:35Z  WARNING  thresholds fetch failed: timed out
2026-10-03T22:43:35Z  WARNING  stats fetch failed: timed out
2026-10-03T22:43:40Z  WARNING  thresholds fetch failed: timed out
2026-10-03T22:43:40Z  WARNING  stats fetch failed: timed out
2026-10-03T22:43:45Z  WARNING  thresholds fetch failed: timed out
2026-10-03T22:43:45Z  WARNING  stats fetch failed: timed out
2026-10-03T22:43:50Z  WARNING  thresholds fetch failed: timed out
2026-10-03T22:43:50Z  WARNING  stats fetch failed: timed out
2026-10-03T22:43:55Z  WARNING  thresholds fetch failed: timed out
2026-10-03T22:43:55Z  WARNING  stats fetch failed: timed out
2026-10-03T22:44:00Z  WARNING  thresholds fetch failed: timed out
2026-10-03T22:44:00Z  WARNING  stats fetch failed: timed out
2026-10-03T22:44:05Z  WARNING  thresholds fetch failed: timed out
2026-10-03T22:44:05Z  WARNING  stats fetch failed: timed out
2026-10-03T22:44:10Z  WARNING  thresholds fetch failed: timed out
2026-10-03T22:44:10Z  WARNING  stats fetch failed: timed out
2026-10-03T22:44:15Z  WARNING  thresholds fetch failed: timed out
2026-10-03T22:44:15Z  WARNING  stats fetch failed: timed out
2026-10-03T22:44:20Z  WARNING  thresholds fetch failed: timed out
2026-10-03T22:44:20Z  WARNING  stats fetch failed: timed out
2026-10-03T22:44:25Z  WARNING  thresholds fetch failed: timed out
2026-10-03T22:44:25Z  WARNING  stats fetch failed: timed out
2026-10-03T22:44:30Z  WARNING  thresholds fetch failed: timed out
2026-10-03T22:44:30Z  WARNING  stats fetch failed: timed out
2026-10-03T22:44:35Z  WARNING  thresholds fetch failed: timed out
2026-10-03T22:44:35Z  WARNING  stats fetch failed: timed out
2026-10-03T22:44:40Z  WARNING  thresholds fetch failed: timed out
2026-10-03T22:44:40Z  WARNING  stats fetch failed: timed out
2026-10-03T22:44:45Z  WARNING  thresholds fetch failed: timed out
2026-10-03T22:44:45Z  WARNING  stats fetch failed: timed out
2026-10-03T22:44:50Z  WARNING  thresholds fetch failed: timed out
2026-10-03T22:44:50Z  WARNING  stats fetch failed: timed out
2026-10-03T22:44:55Z  WARNING  thresholds fetch failed: timed out
2026-10-03T22:44:55Z  WARNING  stats fetch failed: timed out
2026-10-03T22:45:00Z  WARNING  thresholds fetch failed: timed out
2026-10-03T22:45:00Z  WARNING  stats fetch failed: timed out
2026-10-03T22:45:05Z  WARNING  thresholds fetch failed: timed out
2026-10-03T22:45:05Z  WARNING  stats fetch failed: timed out
2026-10-03T22:45:10Z  WARNING  thresholds fetch failed: timed out
2026-10-03T22:45:10Z  WARNING  stats fetch failed: timed out
2026-10-03T22:45:15Z  WARNING  thresholds fetch failed: timed out
2026-10-03T22:45:15Z  WARNING  stats fetch failed: timed out
2026-10-03T22:45:20Z  WARNING  thresholds fetch failed: timed out
2026-10-03T22:45:20Z  WARNING  stats fetch failed: timed out
2026-10-03T22:45:25Z  WARNING  thresholds fetch failed: timed out
2026-10-03T22:45:25Z  WARNING  stats fetch failed: timed out
2026-10-03T22:45:30Z  WARNING  thresholds fetch failed: timed out
2026-10-03T22:45:30Z  WARNING  stats fetch failed: timed out
2026-10-03T22:45:35Z  WARNING  thresholds fetch failed: timed out
2026-10-03T22:45:35Z  WARNING  stats fetch failed: timed out
2026-10-03T22:45:40Z  WARNING  thresholds fetch failed: timed out
2026-10-03T22:45:40Z  WARNING  stats fetch failed: timed out
2026-10-03T22:45:45Z  WARNING  thresholds fetch failed: timed out
2026-10-03T22:45:45Z  WARNING  stats fetch failed: timed out
2026-10-03T22:45:50Z  WARNING  thresholds fetch failed: timed out
2026-10-03T22:45:50Z  WARNING  stats fetch failed: timed out
2026-10-03T22:45:55Z  WARNING  thresholds fetch failed: timed out
2026-10-03T22:45:55Z  WARNING  stats fetch failed: timed out
2026-10-03T22:46:00Z  WARNING  thresholds fetch failed: timed out
2026-10-03T22:46:00Z  WARNING  stats fetch failed: timed out
2026-10-03T22:46:05Z  WARNING  thresholds fetch failed: timed out
2026-10-03T22:46:05Z  WARNING  stats fetch failed: timed out
2026-10-03T22:46:10Z  WARNING  thresholds fetch failed: timed out
2026-10-03T22:46:10Z  WARNING  stats fetch failed: timed out
2026-10-03T22:46:15Z  WARNING  thresholds fetch failed: timed out
2026-10-03T22:46:15Z  WARNING  stats fetch failed: timed out
2026-10-03T22:46:20Z  WARNING  thresholds fetch failed: timed out
2026-10-03T22:46:20Z  WARNING  stats fetch failed: timed out
2026-10-03T22:46:25Z  WARNING  thresholds fetch failed: timed out
2026-10-03T22:46:25Z  WARNING  stats fetch failed: timed out
2026-10-03T22:46:30Z  WARNING  thresholds fetch failed: timed out
2026-10-03T22:46:30Z  WARNING  stats fetch failed: timed out
2026-10-03T22:46:35Z  WARNING  thresholds fetch failed: timed out
2026-10-03T22:46:35Z  WARNING  stats fetch failed: timed out
2026-10-03T22:46:40Z  WARNING  thresholds fetch failed: timed out
2026-10-03T22:46:40Z  WARNING  stats fetch failed: timed out
2026-10-03T22:46:45Z  WARNING  thresholds fetch failed: timed out
2026-10-03T22:46:45Z  WARNING  stats fetch failed: timed out
2026-10-03T22:46:50Z  WARNING  thresholds fetch failed: timed out
2026-10-03T22:46:50Z  WARNING  stats fetch failed: timed out
2026-10-03T22:46:55Z  WARNING  thresholds fetch failed: timed out
2026-10-03T22:46:55Z  WARNING  stats fetch failed: timed out
2026-10-03T22:47:00Z  WARNING  thresholds fetch failed: timed out
2026-10-03T22:47:00Z  WARNING  stats fetch failed: timed out
2026-10-03T22:47:05Z  WARNING  thresholds fetch failed: timed out
2026-10-03T22:47:05Z  WARNING  stats fetch failed: timed out
2026-10-03T22:47:10Z  WARNING  thresholds fetch failed: timed out
2026-10-03T22:47:10Z  WARNING  stats fetch failed: timed out
2026-10-03T22:47:15Z  WARNING  thresholds fetch failed: timed out
2026-10-03T22:47:15Z  WARNING  stats fetch failed: timed out
2026-10-03T22:47:20Z  WARNING  thresholds fetch failed: timed out
2026-10-03T22:47:20Z  WARNING  stats fetch failed: timed out
2026-10-03T22:47:25Z  WARNING  thresholds fetch failed: timed out
2026-10-03T22:47:25Z  WARNING  stats fetch failed: timed out
2026-10-03T22:47:30Z  WARNING  thresholds fetch failed: timed out
2026-10-03T22:47:30Z  WARNING  stats fetch failed: timed out
2026-10-03T22:47:35Z  WARNING  thresholds fetch failed: timed out
2026-10-03T22:47:35Z  WARNING  stats fetch failed: timed out
2026-10-03T22:47:40Z  WARNING  thresholds fetch failed: timed out
2026-10-03T22:47:40Z  WARNING  stats fetch failed: <urlopen error timed out>
2026-10-03T22:47:45Z  WARNING  thresholds fetch failed: timed out
2026-10-03T22:47:45Z  WARNING  stats fetch failed: timed out
2026-10-03T22:47:50Z  WARNING  thresholds fetch failed: timed out
2026-10-03T22:47:50Z  WARNING  stats fetch failed: timed out
2026-10-03T22:47:55Z  WARNING  thresholds fetch failed: timed out
2026-10-03T22:47:55Z  WARNING  stats fetch failed: timed out
2026-10-03T22:48:00Z  WARNING  thresholds fetch failed: timed out
2026-10-03T22:48:00Z  WARNING  stats fetch failed: timed out
2026-10-03T22:48:05Z  WARNING  thresholds fetch failed: timed out
2026-10-03T22:48:05Z  WARNING  stats fetch failed: timed out
2026-10-03T22:48:10Z  WARNING  thresholds fetch failed: timed out
2026-10-03T22:48:10Z  WARNING  stats fetch failed: timed out
2026-10-03T22:48:15Z  WARNING  thresholds fetch failed: timed out
2026-10-03T22:48:15Z  WARNING  stats fetch failed: timed out
2026-10-03T22:48:20Z  WARNING  thresholds fetch failed: timed out
2026-10-03T22:48:20Z  WARNING  stats fetch failed: timed out
2026-10-03T22:48:25Z  WARNING  thresholds fetch failed: timed out
2026-10-03T22:48:25Z  WARNING  stats fetch failed: timed out
2026-10-03T22:48:30Z  WARNING  thresholds fetch failed: timed out
2026-10-03T22:48:30Z  WARNING  stats fetch failed: timed out
2026-10-03T22:48:35Z  WARNING  thresholds fetch failed: timed out
2026-10-03T22:48:35Z  WARNING  stats fetch failed: timed out
2026-10-03T22:48:40Z  WARNING  thresholds fetch failed: timed out
2026-10-03T22:48:40Z  WARNING  stats fetch failed: timed out
2026-10-03T22:48:45Z  WARNING  thresholds fetch failed: timed out
2026-10-03T22:48:45Z  WARNING  stats fetch failed: timed out
2026-10-03T22:48:50Z  WARNING  thresholds fetch failed: timed out
2026-10-03T22:48:50Z  WARNING  stats fetch failed: timed out
2026-10-03T22:48:55Z  WARNING  thresholds fetch failed: timed out
2026-10-03T22:48:55Z  WARNING  stats fetch failed: timed out
2026-10-03T22:49:00Z  WARNING  thresholds fetch failed: timed out
2026-10-03T22:49:00Z  WARNING  stats fetch failed: timed out
2026-10-03T22:49:05Z  WARNING  thresholds fetch failed: timed out
2026-10-03T22:49:05Z  WARNING  stats fetch failed: timed out
2026-10-03T22:49:10Z  WARNING  thresholds fetch failed: timed out
2026-10-03T22:49:10Z  WARNING  stats fetch failed: timed out
2026-10-03T22:49:15Z  WARNING  thresholds fetch failed: timed out
2026-10-03T22:49:15Z  WARNING  stats fetch failed: timed out
2026-10-03T22:49:20Z  WARNING  thresholds fetch failed: timed out
2026-10-03T22:49:20Z  WARNING  stats fetch failed: timed out
2026-10-03T22:49:25Z  WARNING  thresholds fetch failed: timed out
2026-10-03T22:49:25Z  WARNING  stats fetch failed: timed out
2026-10-03T22:49:30Z  WARNING  thresholds fetch failed: timed out
2026-10-03T22:49:30Z  WARNING  stats fetch failed: timed out
2026-10-03T22:49:35Z  WARNING  thresholds fetch failed: timed out
2026-10-03T22:49:35Z  WARNING  stats fetch failed: <urlopen error timed out>
2026-10-03T22:49:40Z  WARNING  thresholds fetch failed: <urlopen error timed out>
2026-10-03T22:49:40Z  WARNING  stats fetch failed: timed out
2026-10-03T22:49:45Z  WARNING  thresholds fetch failed: timed out
2026-10-03T22:49:45Z  WARNING  stats fetch failed: timed out
2026-10-03T22:49:50Z  WARNING  thresholds fetch failed: timed out
2026-10-03T22:49:50Z  WARNING  stats fetch failed: timed out
2026-10-03T22:49:55Z  WARNING  thresholds fetch failed: timed out
2026-10-03T22:49:55Z  WARNING  stats fetch failed: timed out
2026-10-03T22:50:00Z  WARNING  thresholds fetch failed: timed out
2026-10-03T22:50:00Z  WARNING  stats fetch failed: timed out
2026-10-03T22:50:05Z  WARNING  thresholds fetch failed: timed out
2026-10-03T22:50:05Z  WARNING  stats fetch failed: timed out
2026-10-03T22:50:11Z  SHUTDOWN  signal=15
2026-10-03T22:50:12Z  EXIT
