2026-10-03T11:54:35Z  START  poll_interval=1s layer_a_poll_interval=5s
2026-10-03T12:02:30Z  WARNING  thresholds fetch failed: timed out
2026-10-03T12:02:30Z  WARNING  stats fetch failed: timed out
2026-10-03T12:02:35Z  WARNING  thresholds fetch failed: timed out
2026-10-03T12:02:35Z  WARNING  stats fetch failed: timed out
2026-10-03T12:02:40Z  WARNING  thresholds fetch failed: timed out
2026-10-03T12:02:40Z  WARNING  stats fetch failed: timed out
2026-10-03T12:02:45Z  WARNING  thresholds fetch failed: timed out
2026-10-03T12:02:45Z  WARNING  stats fetch failed: timed out
2026-10-03T12:02:50Z  WARNING  thresholds fetch failed: timed out
2026-10-03T12:02:50Z  WARNING  stats fetch failed: timed out
2026-10-03T12:02:55Z  WARNING  thresholds fetch failed: timed out
2026-10-03T12:02:55Z  WARNING  stats fetch failed: timed out
2026-10-03T12:03:00Z  WARNING  thresholds fetch failed: timed out
2026-10-03T12:03:00Z  WARNING  stats fetch failed: timed out
2026-10-03T12:03:05Z  WARNING  thresholds fetch failed: timed out
2026-10-03T12:03:05Z  WARNING  stats fetch failed: timed out
2026-10-03T12:03:10Z  WARNING  thresholds fetch failed: timed out
2026-10-03T12:03:10Z  WARNING  stats fetch failed: timed out
2026-10-03T12:03:15Z  WARNING  thresholds fetch failed: timed out
2026-10-03T12:03:15Z  WARNING  stats fetch failed: timed out
2026-10-03T12:03:20Z  WARNING  thresholds fetch failed: timed out
2026-10-03T12:03:20Z  WARNING  stats fetch failed: timed out
2026-10-03T12:03:25Z  WARNING  thresholds fetch failed: timed out
2026-10-03T12:03:25Z  WARNING  stats fetch failed: timed out
2026-10-03T12:03:30Z  WARNING  thresholds fetch failed: timed out
2026-10-03T12:03:30Z  WARNING  stats fetch failed: timed out
2026-10-03T12:03:35Z  WARNING  thresholds fetch failed: timed out
2026-10-03T12:03:35Z  WARNING  stats fetch failed: timed out
2026-10-03T12:03:40Z  WARNING  thresholds fetch failed: timed out
2026-10-03T12:03:40Z  WARNING  stats fetch failed: timed out
2026-10-03T12:03:45Z  WARNING  thresholds fetch failed: timed out
2026-10-03T12:03:45Z  WARNING  stats fetch failed: timed out
2026-10-03T12:03:50Z  WARNING  thresholds fetch failed: timed out
2026-10-03T12:03:50Z  WARNING  stats fetch failed: timed out
2026-10-03T12:03:55Z  WARNING  thresholds fetch failed: timed out
2026-10-03T12:03:55Z  WARNING  stats fetch failed: timed out
2026-10-03T12:04:00Z  WARNING  thresholds fetch failed: timed out
2026-10-03T12:04:00Z  WARNING  stats fetch failed: timed out
2026-10-03T12:04:05Z  WARNING  thresholds fetch failed: timed out
2026-10-03T12:04:05Z  WARNING  stats fetch failed: timed out
2026-10-03T12:04:10Z  WARNING  thresholds fetch failed: timed out
2026-10-03T12:04:10Z  WARNING  stats fetch failed: timed out
2026-10-03T12:04:15Z  WARNING  thresholds fetch failed: timed out
2026-10-03T12:04:15Z  WARNING  stats fetch failed: timed out
2026-10-03T12:04:20Z  WARNING  thresholds fetch failed: timed out
2026-10-03T12:04:20Z  WARNING  stats fetch failed: timed out
2026-10-03T12:04:25Z  WARNING  thresholds fetch failed: timed out
2026-10-03T12:04:25Z  WARNING  stats fetch failed: timed out
2026-10-03T12:04:30Z  WARNING  thresholds fetch failed: timed out
2026-10-03T12:04:30Z  WARNING  stats fetch failed: timed out
2026-10-03T12:04:35Z  WARNING  thresholds fetch failed: timed out
2026-10-03T12:04:35Z  WARNING  stats fetch failed: timed out
2026-10-03T12:04:40Z  WARNING  thresholds fetch failed: timed out
2026-10-03T12:04:40Z  WARNING  stats fetch failed: timed out
2026-10-03T12:04:45Z  WARNING  thresholds fetch failed: timed out
2026-10-03T12:04:45Z  WARNING  stats fetch failed: timed out
2026-10-03T12:04:50Z  WARNING  thresholds fetch failed: timed out
2026-10-03T12:04:50Z  WARNING  stats fetch failed: timed out
2026-10-03T12:04:55Z  WARNING  thresholds fetch failed: timed out
2026-10-03T12:04:55Z  WARNING  stats fetch failed: timed out
2026-10-03T12:05:00Z  WARNING  thresholds fetch failed: timed out
2026-10-03T12:05:00Z  WARNING  stats fetch failed: timed out
2026-10-03T12:05:05Z  WARNING  thresholds fetch failed: timed out
2026-10-03T12:05:05Z  WARNING  stats fetch failed: timed out
2026-10-03T12:05:12Z  SHUTDOWN  signal=15
2026-10-03T12:05:13Z  EXIT
