2026-10-07T23:54:23Z  START  poll_interval=1s layer_a_poll_interval=5s
2026-10-07T23:56:35Z  WARNING  thresholds fetch failed: timed out
2026-10-07T23:56:35Z  WARNING  stats fetch failed: timed out
2026-10-07T23:56:40Z  WARNING  thresholds fetch failed: timed out
2026-10-07T23:56:40Z  WARNING  stats fetch failed: timed out
2026-10-07T23:56:45Z  WARNING  thresholds fetch failed: timed out
2026-10-07T23:56:45Z  WARNING  stats fetch failed: timed out
2026-10-07T23:56:50Z  WARNING  thresholds fetch failed: timed out
2026-10-07T23:56:50Z  WARNING  stats fetch failed: timed out
2026-10-07T23:56:55Z  WARNING  thresholds fetch failed: timed out
2026-10-07T23:56:55Z  WARNING  stats fetch failed: timed out
2026-10-07T23:57:00Z  WARNING  thresholds fetch failed: timed out
2026-10-07T23:57:00Z  WARNING  stats fetch failed: timed out
2026-10-07T23:57:05Z  WARNING  thresholds fetch failed: timed out
2026-10-07T23:57:05Z  WARNING  stats fetch failed: timed out
2026-10-07T23:57:10Z  WARNING  thresholds fetch failed: timed out
2026-10-07T23:57:10Z  WARNING  stats fetch failed: timed out
2026-10-07T23:57:15Z  WARNING  thresholds fetch failed: timed out
2026-10-07T23:57:15Z  WARNING  stats fetch failed: timed out
2026-10-07T23:57:20Z  WARNING  thresholds fetch failed: timed out
2026-10-07T23:57:20Z  WARNING  stats fetch failed: timed out
2026-10-07T23:57:25Z  WARNING  thresholds fetch failed: timed out
2026-10-07T23:57:25Z  WARNING  stats fetch failed: timed out
2026-10-07T23:57:30Z  WARNING  thresholds fetch failed: timed out
2026-10-07T23:57:30Z  WARNING  stats fetch failed: timed out
2026-10-07T23:57:35Z  WARNING  thresholds fetch failed: timed out
2026-10-07T23:57:35Z  WARNING  stats fetch failed: timed out
2026-10-07T23:57:40Z  WARNING  thresholds fetch failed: timed out
2026-10-07T23:57:40Z  WARNING  stats fetch failed: timed out
2026-10-07T23:57:45Z  WARNING  thresholds fetch failed: timed out
2026-10-07T23:57:45Z  WARNING  stats fetch failed: timed out
2026-10-07T23:57:50Z  WARNING  thresholds fetch failed: timed out
2026-10-07T23:57:50Z  WARNING  stats fetch failed: timed out
2026-10-07T23:57:55Z  WARNING  thresholds fetch failed: timed out
2026-10-07T23:57:55Z  WARNING  stats fetch failed: timed out
2026-10-07T23:58:00Z  WARNING  thresholds fetch failed: timed out
2026-10-07T23:58:00Z  WARNING  stats fetch failed: timed out
2026-10-07T23:58:05Z  WARNING  thresholds fetch failed: timed out
2026-10-07T23:58:05Z  WARNING  stats fetch failed: timed out
2026-10-07T23:58:10Z  WARNING  thresholds fetch failed: timed out
2026-10-07T23:58:10Z  WARNING  stats fetch failed: timed out
2026-10-07T23:58:15Z  WARNING  thresholds fetch failed: timed out
2026-10-07T23:58:15Z  WARNING  stats fetch failed: timed out
2026-10-07T23:58:20Z  WARNING  thresholds fetch failed: timed out
2026-10-07T23:58:20Z  WARNING  stats fetch failed: timed out
2026-10-07T23:58:25Z  WARNING  thresholds fetch failed: timed out
2026-10-07T23:58:25Z  WARNING  stats fetch failed: timed out
2026-10-07T23:58:30Z  WARNING  thresholds fetch failed: timed out
2026-10-07T23:58:30Z  WARNING  stats fetch failed: timed out
2026-10-07T23:58:35Z  WARNING  thresholds fetch failed: timed out
2026-10-07T23:58:35Z  WARNING  stats fetch failed: timed out
2026-10-07T23:58:40Z  WARNING  thresholds fetch failed: timed out
2026-10-07T23:58:40Z  WARNING  stats fetch failed: timed out
2026-10-07T23:58:45Z  WARNING  thresholds fetch failed: timed out
2026-10-07T23:58:45Z  WARNING  stats fetch failed: timed out
2026-10-07T23:58:50Z  WARNING  thresholds fetch failed: timed out
2026-10-07T23:58:50Z  WARNING  stats fetch failed: timed out
2026-10-07T23:58:55Z  WARNING  thresholds fetch failed: timed out
2026-10-07T23:58:55Z  WARNING  stats fetch failed: timed out
2026-10-07T23:59:00Z  WARNING  thresholds fetch failed: timed out
2026-10-07T23:59:00Z  WARNING  stats fetch failed: timed out
2026-10-07T23:59:05Z  WARNING  thresholds fetch failed: timed out
2026-10-07T23:59:05Z  WARNING  stats fetch failed: timed out
2026-10-07T23:59:10Z  WARNING  thresholds fetch failed: timed out
2026-10-07T23:59:10Z  WARNING  stats fetch failed: timed out
2026-10-07T23:59:15Z  WARNING  thresholds fetch failed: timed out
2026-10-07T23:59:15Z  WARNING  stats fetch failed: timed out
2026-10-07T23:59:20Z  WARNING  thresholds fetch failed: timed out
2026-10-07T23:59:20Z  WARNING  stats fetch failed: timed out
2026-10-07T23:59:25Z  WARNING  thresholds fetch failed: timed out
2026-10-07T23:59:25Z  WARNING  stats fetch failed: timed out
2026-10-07T23:59:30Z  WARNING  thresholds fetch failed: timed out
2026-10-07T23:59:30Z  WARNING  stats fetch failed: timed out
2026-10-07T23:59:35Z  WARNING  thresholds fetch failed: timed out
2026-10-07T23:59:35Z  WARNING  stats fetch failed: timed out
2026-10-07T23:59:40Z  WARNING  thresholds fetch failed: timed out
2026-10-07T23:59:40Z  WARNING  stats fetch failed: timed out
2026-10-07T23:59:45Z  WARNING  thresholds fetch failed: timed out
2026-10-07T23:59:45Z  WARNING  stats fetch failed: timed out
2026-10-07T23:59:50Z  WARNING  thresholds fetch failed: timed out
2026-10-07T23:59:50Z  WARNING  stats fetch failed: timed out
2026-10-07T23:59:55Z  WARNING  thresholds fetch failed: timed out
2026-10-07T23:59:55Z  WARNING  stats fetch failed: timed out
2026-10-08T00:00:00Z  WARNING  thresholds fetch failed: timed out
2026-10-08T00:00:00Z  WARNING  stats fetch failed: timed out
2026-10-08T00:00:05Z  WARNING  thresholds fetch failed: timed out
2026-10-08T00:00:05Z  WARNING  stats fetch failed: timed out
2026-10-08T00:00:10Z  WARNING  thresholds fetch failed: timed out
2026-10-08T00:00:10Z  WARNING  stats fetch failed: timed out
2026-10-08T00:00:15Z  WARNING  thresholds fetch failed: timed out
2026-10-08T00:00:15Z  WARNING  stats fetch failed: <urlopen error timed out>
2026-10-08T00:00:20Z  WARNING  thresholds fetch failed: timed out
2026-10-08T00:00:20Z  WARNING  stats fetch failed: <urlopen error timed out>
2026-10-08T00:00:25Z  WARNING  thresholds fetch failed: timed out
2026-10-08T00:00:25Z  WARNING  stats fetch failed: timed out
2026-10-08T00:00:30Z  WARNING  thresholds fetch failed: timed out
2026-10-08T00:00:30Z  WARNING  stats fetch failed: timed out
2026-10-08T00:00:35Z  WARNING  thresholds fetch failed: timed out
2026-10-08T00:00:35Z  WARNING  stats fetch failed: timed out
2026-10-08T00:00:40Z  WARNING  thresholds fetch failed: timed out
2026-10-08T00:00:40Z  WARNING  stats fetch failed: timed out
2026-10-08T00:00:45Z  WARNING  thresholds fetch failed: timed out
2026-10-08T00:00:45Z  WARNING  stats fetch failed: timed out
2026-10-08T00:00:50Z  WARNING  thresholds fetch failed: timed out
2026-10-08T00:00:50Z  WARNING  stats fetch failed: timed out
2026-10-08T00:00:55Z  WARNING  thresholds fetch failed: timed out
2026-10-08T00:00:55Z  WARNING  stats fetch failed: timed out
2026-10-08T00:01:00Z  WARNING  thresholds fetch failed: timed out
2026-10-08T00:01:00Z  WARNING  stats fetch failed: timed out
2026-10-08T00:01:05Z  WARNING  thresholds fetch failed: timed out
2026-10-08T00:01:05Z  WARNING  stats fetch failed: timed out
2026-10-08T00:01:10Z  WARNING  thresholds fetch failed: timed out
2026-10-08T00:01:10Z  WARNING  stats fetch failed: timed out
2026-10-08T00:01:15Z  WARNING  thresholds fetch failed: timed out
2026-10-08T00:01:15Z  WARNING  stats fetch failed: timed out
2026-10-08T00:01:20Z  WARNING  thresholds fetch failed: timed out
2026-10-08T00:01:20Z  WARNING  stats fetch failed: timed out
2026-10-08T00:01:25Z  WARNING  thresholds fetch failed: timed out
2026-10-08T00:01:25Z  WARNING  stats fetch failed: timed out
2026-10-08T00:01:30Z  WARNING  thresholds fetch failed: timed out
2026-10-08T00:01:30Z  WARNING  stats fetch failed: timed out
2026-10-08T00:01:35Z  WARNING  thresholds fetch failed: timed out
2026-10-08T00:01:35Z  WARNING  stats fetch failed: timed out
2026-10-08T00:01:40Z  WARNING  thresholds fetch failed: timed out
2026-10-08T00:01:40Z  WARNING  stats fetch failed: timed out
2026-10-08T00:01:45Z  WARNING  thresholds fetch failed: timed out
2026-10-08T00:01:45Z  WARNING  stats fetch failed: timed out
2026-10-08T00:01:50Z  WARNING  thresholds fetch failed: timed out
2026-10-08T00:01:50Z  WARNING  stats fetch failed: timed out
2026-10-08T00:01:55Z  WARNING  thresholds fetch failed: timed out
2026-10-08T00:01:55Z  WARNING  stats fetch failed: timed out
2026-10-08T00:02:00Z  WARNING  thresholds fetch failed: timed out
2026-10-08T00:02:00Z  WARNING  stats fetch failed: timed out
2026-10-08T00:02:05Z  WARNING  thresholds fetch failed: timed out
2026-10-08T00:02:05Z  WARNING  stats fetch failed: timed out
2026-10-08T00:02:10Z  WARNING  thresholds fetch failed: timed out
2026-10-08T00:02:10Z  WARNING  stats fetch failed: timed out
2026-10-08T00:02:15Z  WARNING  thresholds fetch failed: timed out
2026-10-08T00:02:15Z  WARNING  stats fetch failed: timed out
2026-10-08T00:02:20Z  WARNING  thresholds fetch failed: timed out
2026-10-08T00:02:20Z  WARNING  stats fetch failed: timed out
2026-10-08T00:02:25Z  WARNING  thresholds fetch failed: timed out
2026-10-08T00:02:25Z  WARNING  stats fetch failed: timed out
2026-10-08T00:02:30Z  WARNING  thresholds fetch failed: timed out
2026-10-08T00:02:30Z  WARNING  stats fetch failed: timed out
2026-10-08T00:02:35Z  WARNING  thresholds fetch failed: timed out
2026-10-08T00:02:35Z  WARNING  stats fetch failed: timed out
2026-10-08T00:02:40Z  WARNING  thresholds fetch failed: timed out
2026-10-08T00:02:40Z  WARNING  stats fetch failed: timed out
2026-10-08T00:02:45Z  WARNING  thresholds fetch failed: timed out
2026-10-08T00:02:45Z  WARNING  stats fetch failed: timed out
2026-10-08T00:02:50Z  WARNING  thresholds fetch failed: timed out
2026-10-08T00:02:50Z  WARNING  stats fetch failed: timed out
2026-10-08T00:02:55Z  WARNING  thresholds fetch failed: timed out
2026-10-08T00:02:55Z  WARNING  stats fetch failed: timed out
2026-10-08T00:03:00Z  WARNING  thresholds fetch failed: timed out
2026-10-08T00:03:00Z  WARNING  stats fetch failed: timed out
2026-10-08T00:03:05Z  WARNING  thresholds fetch failed: timed out
2026-10-08T00:03:05Z  WARNING  stats fetch failed: timed out
2026-10-08T00:03:10Z  WARNING  thresholds fetch failed: timed out
2026-10-08T00:03:10Z  WARNING  stats fetch failed: timed out
2026-10-08T00:03:15Z  WARNING  thresholds fetch failed: timed out
2026-10-08T00:03:15Z  WARNING  stats fetch failed: timed out
2026-10-08T00:03:20Z  WARNING  thresholds fetch failed: timed out
2026-10-08T00:03:20Z  WARNING  stats fetch failed: timed out
2026-10-08T00:03:25Z  WARNING  thresholds fetch failed: timed out
2026-10-08T00:03:25Z  WARNING  stats fetch failed: timed out
2026-10-08T00:03:30Z  WARNING  thresholds fetch failed: timed out
2026-10-08T00:03:30Z  WARNING  stats fetch failed: timed out
2026-10-08T00:03:35Z  WARNING  thresholds fetch failed: timed out
2026-10-08T00:03:35Z  WARNING  stats fetch failed: timed out
2026-10-08T00:03:40Z  WARNING  thresholds fetch failed: timed out
2026-10-08T00:03:40Z  WARNING  stats fetch failed: timed out
2026-10-08T00:03:45Z  WARNING  thresholds fetch failed: timed out
2026-10-08T00:03:45Z  WARNING  stats fetch failed: timed out
2026-10-08T00:03:50Z  WARNING  thresholds fetch failed: timed out
2026-10-08T00:03:50Z  WARNING  stats fetch failed: timed out
2026-10-08T00:03:55Z  WARNING  thresholds fetch failed: timed out
2026-10-08T00:03:55Z  WARNING  stats fetch failed: timed out
2026-10-08T00:04:00Z  WARNING  thresholds fetch failed: timed out
2026-10-08T00:04:00Z  WARNING  stats fetch failed: timed out
2026-10-08T00:04:05Z  WARNING  thresholds fetch failed: timed out
2026-10-08T00:04:05Z  WARNING  stats fetch failed: timed out
2026-10-08T00:04:10Z  WARNING  thresholds fetch failed: timed out
2026-10-08T00:04:10Z  WARNING  stats fetch failed: timed out
2026-10-08T00:04:15Z  WARNING  thresholds fetch failed: timed out
2026-10-08T00:04:15Z  WARNING  stats fetch failed: timed out
2026-10-08T00:04:20Z  WARNING  thresholds fetch failed: timed out
2026-10-08T00:04:20Z  WARNING  stats fetch failed: timed out
2026-10-08T00:04:25Z  WARNING  thresholds fetch failed: timed out
2026-10-08T00:04:25Z  WARNING  stats fetch failed: timed out
2026-10-08T00:04:30Z  WARNING  thresholds fetch failed: timed out
2026-10-08T00:04:30Z  WARNING  stats fetch failed: timed out
2026-10-08T00:04:35Z  WARNING  thresholds fetch failed: timed out
2026-10-08T00:04:35Z  WARNING  stats fetch failed: timed out
2026-10-08T00:04:40Z  WARNING  thresholds fetch failed: timed out
2026-10-08T00:04:40Z  WARNING  stats fetch failed: timed out
2026-10-08T00:04:45Z  WARNING  thresholds fetch failed: timed out
2026-10-08T00:04:45Z  WARNING  stats fetch failed: timed out
2026-10-08T00:04:50Z  WARNING  thresholds fetch failed: timed out
2026-10-08T00:04:50Z  WARNING  stats fetch failed: timed out
2026-10-08T00:04:55Z  WARNING  thresholds fetch failed: timed out
2026-10-08T00:04:55Z  WARNING  stats fetch failed: timed out
2026-10-08T00:05:00Z  WARNING  thresholds fetch failed: timed out
2026-10-08T00:05:00Z  WARNING  stats fetch failed: timed out
2026-10-08T00:05:05Z  WARNING  thresholds fetch failed: timed out
2026-10-08T00:05:05Z  WARNING  stats fetch failed: timed out
2026-10-08T00:05:10Z  WARNING  thresholds fetch failed: timed out
2026-10-08T00:05:10Z  WARNING  stats fetch failed: timed out
2026-10-08T00:05:15Z  WARNING  thresholds fetch failed: timed out
2026-10-08T00:05:15Z  WARNING  stats fetch failed: timed out
2026-10-08T00:05:20Z  WARNING  thresholds fetch failed: timed out
2026-10-08T00:05:20Z  WARNING  stats fetch failed: timed out
2026-10-08T00:05:25Z  WARNING  thresholds fetch failed: timed out
2026-10-08T00:05:25Z  WARNING  stats fetch failed: timed out
2026-10-08T00:05:30Z  SHUTDOWN  signal=15
2026-10-08T00:05:30Z  EXIT
