2026-09-23T20:36:36Z  START  poll_interval=1s layer_a_poll_interval=5s
2026-09-23T20:37:50Z  WARNING  thresholds fetch failed: timed out
2026-09-23T20:37:50Z  WARNING  stats fetch failed: timed out
2026-09-23T20:37:55Z  WARNING  thresholds fetch failed: timed out
2026-09-23T20:37:55Z  WARNING  stats fetch failed: timed out
2026-09-23T20:38:00Z  WARNING  thresholds fetch failed: timed out
2026-09-23T20:38:00Z  WARNING  stats fetch failed: timed out
2026-09-23T20:38:05Z  WARNING  thresholds fetch failed: timed out
2026-09-23T20:38:05Z  WARNING  stats fetch failed: timed out
2026-09-23T20:38:10Z  WARNING  thresholds fetch failed: timed out
2026-09-23T20:38:10Z  WARNING  stats fetch failed: timed out
2026-09-23T20:38:15Z  WARNING  thresholds fetch failed: timed out
2026-09-23T20:38:15Z  WARNING  stats fetch failed: timed out
2026-09-23T20:38:20Z  WARNING  thresholds fetch failed: timed out
2026-09-23T20:38:20Z  WARNING  stats fetch failed: timed out
2026-09-23T20:38:25Z  WARNING  thresholds fetch failed: timed out
2026-09-23T20:38:25Z  WARNING  stats fetch failed: timed out
2026-09-23T20:38:30Z  WARNING  thresholds fetch failed: timed out
2026-09-23T20:38:30Z  WARNING  stats fetch failed: timed out
2026-09-23T20:38:35Z  WARNING  thresholds fetch failed: timed out
2026-09-23T20:38:35Z  WARNING  stats fetch failed: timed out
2026-09-23T20:38:40Z  WARNING  thresholds fetch failed: timed out
2026-09-23T20:38:40Z  WARNING  stats fetch failed: timed out
2026-09-23T20:38:45Z  WARNING  thresholds fetch failed: timed out
2026-09-23T20:38:45Z  WARNING  stats fetch failed: timed out
2026-09-23T20:38:50Z  WARNING  thresholds fetch failed: timed out
2026-09-23T20:38:50Z  WARNING  stats fetch failed: timed out
2026-09-23T20:38:55Z  WARNING  thresholds fetch failed: timed out
2026-09-23T20:38:55Z  WARNING  stats fetch failed: timed out
2026-09-23T20:39:00Z  WARNING  thresholds fetch failed: timed out
2026-09-23T20:39:00Z  WARNING  stats fetch failed: timed out
2026-09-23T20:39:05Z  WARNING  thresholds fetch failed: timed out
2026-09-23T20:39:05Z  WARNING  stats fetch failed: timed out
2026-09-23T20:39:10Z  WARNING  thresholds fetch failed: timed out
2026-09-23T20:39:10Z  WARNING  stats fetch failed: timed out
2026-09-23T20:39:15Z  WARNING  thresholds fetch failed: timed out
2026-09-23T20:39:15Z  WARNING  stats fetch failed: timed out
2026-09-23T20:39:20Z  WARNING  thresholds fetch failed: timed out
2026-09-23T20:39:20Z  WARNING  stats fetch failed: timed out
2026-09-23T20:39:25Z  WARNING  thresholds fetch failed: timed out
2026-09-23T20:39:25Z  WARNING  stats fetch failed: timed out
2026-09-23T20:39:30Z  WARNING  thresholds fetch failed: timed out
2026-09-23T20:39:30Z  WARNING  stats fetch failed: timed out
2026-09-23T20:39:35Z  WARNING  thresholds fetch failed: timed out
2026-09-23T20:39:35Z  WARNING  stats fetch failed: timed out
2026-09-23T20:39:40Z  WARNING  thresholds fetch failed: timed out
2026-09-23T20:39:40Z  WARNING  stats fetch failed: timed out
2026-09-23T20:39:45Z  WARNING  thresholds fetch failed: timed out
2026-09-23T20:39:45Z  WARNING  stats fetch failed: timed out
2026-09-23T20:39:50Z  WARNING  thresholds fetch failed: timed out
2026-09-23T20:39:50Z  WARNING  stats fetch failed: timed out
2026-09-23T20:39:55Z  WARNING  thresholds fetch failed: timed out
2026-09-23T20:39:55Z  WARNING  stats fetch failed: timed out
2026-09-23T20:40:00Z  WARNING  thresholds fetch failed: timed out
2026-09-23T20:40:00Z  WARNING  stats fetch failed: timed out
2026-09-23T20:40:05Z  WARNING  thresholds fetch failed: timed out
2026-09-23T20:40:05Z  WARNING  stats fetch failed: timed out
2026-09-23T20:40:10Z  WARNING  thresholds fetch failed: timed out
2026-09-23T20:40:10Z  WARNING  stats fetch failed: timed out
2026-09-23T20:40:15Z  WARNING  thresholds fetch failed: timed out
2026-09-23T20:40:15Z  WARNING  stats fetch failed: timed out
2026-09-23T20:40:20Z  WARNING  thresholds fetch failed: timed out
2026-09-23T20:40:20Z  WARNING  stats fetch failed: timed out
2026-09-23T20:40:25Z  WARNING  thresholds fetch failed: timed out
2026-09-23T20:40:25Z  WARNING  stats fetch failed: timed out
2026-09-23T20:40:30Z  WARNING  thresholds fetch failed: timed out
2026-09-23T20:40:30Z  WARNING  stats fetch failed: timed out
2026-09-23T20:40:35Z  WARNING  thresholds fetch failed: timed out
2026-09-23T20:40:35Z  WARNING  stats fetch failed: timed out
2026-09-23T20:40:40Z  WARNING  thresholds fetch failed: timed out
2026-09-23T20:40:40Z  WARNING  stats fetch failed: timed out
2026-09-23T20:40:45Z  WARNING  thresholds fetch failed: timed out
2026-09-23T20:40:45Z  WARNING  stats fetch failed: timed out
2026-09-23T20:40:50Z  WARNING  thresholds fetch failed: timed out
2026-09-23T20:40:50Z  WARNING  stats fetch failed: timed out
2026-09-23T20:40:55Z  WARNING  thresholds fetch failed: timed out
2026-09-23T20:40:55Z  WARNING  stats fetch failed: timed out
2026-09-23T20:41:00Z  WARNING  thresholds fetch failed: timed out
2026-09-23T20:41:00Z  WARNING  stats fetch failed: timed out
2026-09-23T20:41:05Z  WARNING  thresholds fetch failed: timed out
2026-09-23T20:41:05Z  WARNING  stats fetch failed: timed out
2026-09-23T20:41:10Z  WARNING  thresholds fetch failed: timed out
2026-09-23T20:41:10Z  WARNING  stats fetch failed: timed out
2026-09-23T20:41:15Z  WARNING  thresholds fetch failed: timed out
2026-09-23T20:41:15Z  WARNING  stats fetch failed: timed out
2026-09-23T20:41:20Z  WARNING  thresholds fetch failed: timed out
2026-09-23T20:41:20Z  WARNING  stats fetch failed: timed out
2026-09-23T20:41:25Z  WARNING  thresholds fetch failed: timed out
2026-09-23T20:41:25Z  WARNING  stats fetch failed: timed out
2026-09-23T20:41:30Z  WARNING  thresholds fetch failed: timed out
2026-09-23T20:41:30Z  WARNING  stats fetch failed: timed out
2026-09-23T20:41:35Z  WARNING  thresholds fetch failed: timed out
2026-09-23T20:41:35Z  WARNING  stats fetch failed: timed out
2026-09-23T20:41:40Z  WARNING  thresholds fetch failed: timed out
2026-09-23T20:41:40Z  WARNING  stats fetch failed: timed out
2026-09-23T20:41:45Z  WARNING  thresholds fetch failed: timed out
2026-09-23T20:41:45Z  WARNING  stats fetch failed: timed out
2026-09-23T20:41:50Z  WARNING  thresholds fetch failed: timed out
2026-09-23T20:41:50Z  WARNING  stats fetch failed: timed out
2026-09-23T20:41:55Z  WARNING  thresholds fetch failed: timed out
2026-09-23T20:41:55Z  WARNING  stats fetch failed: timed out
2026-09-23T20:42:00Z  WARNING  thresholds fetch failed: timed out
2026-09-23T20:42:00Z  WARNING  stats fetch failed: timed out
2026-09-23T20:42:05Z  WARNING  thresholds fetch failed: timed out
2026-09-23T20:42:05Z  WARNING  stats fetch failed: timed out
2026-09-23T20:42:10Z  WARNING  thresholds fetch failed: timed out
2026-09-23T20:42:10Z  WARNING  stats fetch failed: timed out
2026-09-23T20:42:15Z  WARNING  thresholds fetch failed: timed out
2026-09-23T20:42:15Z  WARNING  stats fetch failed: timed out
2026-09-23T20:42:20Z  WARNING  thresholds fetch failed: timed out
2026-09-23T20:42:20Z  WARNING  stats fetch failed: timed out
2026-09-23T20:42:25Z  WARNING  thresholds fetch failed: timed out
2026-09-23T20:42:25Z  WARNING  stats fetch failed: timed out
2026-09-23T20:42:30Z  WARNING  thresholds fetch failed: timed out
2026-09-23T20:42:30Z  WARNING  stats fetch failed: timed out
2026-09-23T20:42:35Z  WARNING  thresholds fetch failed: timed out
2026-09-23T20:42:35Z  WARNING  stats fetch failed: timed out
2026-09-23T20:42:40Z  WARNING  thresholds fetch failed: timed out
2026-09-23T20:42:40Z  WARNING  stats fetch failed: timed out
2026-09-23T20:42:45Z  WARNING  thresholds fetch failed: timed out
2026-09-23T20:42:45Z  WARNING  stats fetch failed: timed out
2026-09-23T20:42:50Z  WARNING  thresholds fetch failed: timed out
2026-09-23T20:42:50Z  WARNING  stats fetch failed: timed out
2026-09-23T20:42:55Z  WARNING  thresholds fetch failed: timed out
2026-09-23T20:42:55Z  WARNING  stats fetch failed: timed out
2026-09-23T20:43:00Z  WARNING  thresholds fetch failed: timed out
2026-09-23T20:43:00Z  WARNING  stats fetch failed: timed out
2026-09-23T20:43:05Z  WARNING  thresholds fetch failed: timed out
2026-09-23T20:43:05Z  WARNING  stats fetch failed: timed out
2026-09-23T20:43:10Z  WARNING  thresholds fetch failed: timed out
2026-09-23T20:43:10Z  WARNING  stats fetch failed: timed out
2026-09-23T20:43:15Z  WARNING  thresholds fetch failed: timed out
2026-09-23T20:43:15Z  WARNING  stats fetch failed: timed out
2026-09-23T20:43:20Z  WARNING  thresholds fetch failed: timed out
2026-09-23T20:43:20Z  WARNING  stats fetch failed: timed out
2026-09-23T20:43:25Z  WARNING  thresholds fetch failed: timed out
2026-09-23T20:43:25Z  WARNING  stats fetch failed: timed out
2026-09-23T20:43:30Z  WARNING  thresholds fetch failed: timed out
2026-09-23T20:43:30Z  WARNING  stats fetch failed: timed out
2026-09-23T20:43:35Z  WARNING  thresholds fetch failed: timed out
2026-09-23T20:43:35Z  WARNING  stats fetch failed: timed out
2026-09-23T20:43:40Z  WARNING  thresholds fetch failed: timed out
2026-09-23T20:43:40Z  WARNING  stats fetch failed: timed out
2026-09-23T20:43:45Z  WARNING  thresholds fetch failed: timed out
2026-09-23T20:43:45Z  WARNING  stats fetch failed: timed out
2026-09-23T20:43:50Z  WARNING  thresholds fetch failed: timed out
2026-09-23T20:43:50Z  WARNING  stats fetch failed: timed out
2026-09-23T20:43:55Z  WARNING  thresholds fetch failed: timed out
2026-09-23T20:43:55Z  WARNING  stats fetch failed: timed out
2026-09-23T20:44:00Z  WARNING  thresholds fetch failed: timed out
2026-09-23T20:44:00Z  WARNING  stats fetch failed: timed out
2026-09-23T20:44:05Z  WARNING  thresholds fetch failed: timed out
2026-09-23T20:44:05Z  WARNING  stats fetch failed: timed out
2026-09-23T20:44:10Z  WARNING  thresholds fetch failed: timed out
2026-09-23T20:44:10Z  WARNING  stats fetch failed: timed out
2026-09-23T20:44:15Z  WARNING  thresholds fetch failed: timed out
2026-09-23T20:44:15Z  WARNING  stats fetch failed: timed out
2026-09-23T20:44:20Z  WARNING  thresholds fetch failed: timed out
2026-09-23T20:44:20Z  WARNING  stats fetch failed: timed out
2026-09-23T20:44:25Z  WARNING  thresholds fetch failed: timed out
2026-09-23T20:44:25Z  WARNING  stats fetch failed: timed out
2026-09-23T20:44:30Z  WARNING  thresholds fetch failed: timed out
2026-09-23T20:44:30Z  WARNING  stats fetch failed: timed out
2026-09-23T20:44:35Z  WARNING  thresholds fetch failed: timed out
2026-09-23T20:44:35Z  WARNING  stats fetch failed: timed out
2026-09-23T20:44:40Z  WARNING  thresholds fetch failed: timed out
2026-09-23T20:44:40Z  WARNING  stats fetch failed: timed out
2026-09-23T20:44:45Z  WARNING  thresholds fetch failed: timed out
2026-09-23T20:44:45Z  WARNING  stats fetch failed: timed out
2026-09-23T20:44:50Z  WARNING  thresholds fetch failed: timed out
2026-09-23T20:44:50Z  WARNING  stats fetch failed: timed out
2026-09-23T20:44:55Z  WARNING  thresholds fetch failed: timed out
2026-09-23T20:44:55Z  WARNING  stats fetch failed: timed out
2026-09-23T20:45:00Z  WARNING  thresholds fetch failed: timed out
2026-09-23T20:45:00Z  WARNING  stats fetch failed: timed out
2026-09-23T20:45:05Z  WARNING  thresholds fetch failed: timed out
2026-09-23T20:45:05Z  WARNING  stats fetch failed: timed out
2026-09-23T20:45:10Z  WARNING  thresholds fetch failed: timed out
2026-09-23T20:45:10Z  WARNING  stats fetch failed: timed out
2026-09-23T20:45:15Z  WARNING  thresholds fetch failed: timed out
2026-09-23T20:45:15Z  WARNING  stats fetch failed: timed out
2026-09-23T20:45:20Z  WARNING  thresholds fetch failed: timed out
2026-09-23T20:45:20Z  WARNING  stats fetch failed: timed out
2026-09-23T20:45:25Z  WARNING  thresholds fetch failed: timed out
2026-09-23T20:45:25Z  WARNING  stats fetch failed: timed out
2026-09-23T20:45:30Z  WARNING  thresholds fetch failed: timed out
2026-09-23T20:45:30Z  WARNING  stats fetch failed: timed out
2026-09-23T20:45:35Z  WARNING  thresholds fetch failed: timed out
2026-09-23T20:45:35Z  WARNING  stats fetch failed: timed out
2026-09-23T20:45:40Z  WARNING  thresholds fetch failed: timed out
2026-09-23T20:45:40Z  WARNING  stats fetch failed: timed out
2026-09-23T20:45:45Z  WARNING  thresholds fetch failed: timed out
2026-09-23T20:45:45Z  WARNING  stats fetch failed: timed out
2026-09-23T20:45:50Z  WARNING  thresholds fetch failed: timed out
2026-09-23T20:45:50Z  WARNING  stats fetch failed: timed out
2026-09-23T20:45:55Z  WARNING  thresholds fetch failed: timed out
2026-09-23T20:45:55Z  WARNING  stats fetch failed: timed out
2026-09-23T20:46:00Z  WARNING  thresholds fetch failed: timed out
2026-09-23T20:46:00Z  WARNING  stats fetch failed: timed out
2026-09-23T20:46:05Z  WARNING  thresholds fetch failed: timed out
2026-09-23T20:46:05Z  WARNING  stats fetch failed: timed out
2026-09-23T20:46:10Z  WARNING  thresholds fetch failed: timed out
2026-09-23T20:46:10Z  WARNING  stats fetch failed: timed out
2026-09-23T20:46:15Z  WARNING  thresholds fetch failed: timed out
2026-09-23T20:46:15Z  WARNING  stats fetch failed: timed out
2026-09-23T20:46:20Z  WARNING  thresholds fetch failed: timed out
2026-09-23T20:46:20Z  WARNING  stats fetch failed: timed out
2026-09-23T20:46:25Z  WARNING  thresholds fetch failed: timed out
2026-09-23T20:46:25Z  WARNING  stats fetch failed: timed out
2026-09-23T20:46:30Z  WARNING  thresholds fetch failed: timed out
2026-09-23T20:46:30Z  WARNING  stats fetch failed: timed out
2026-09-23T20:46:35Z  WARNING  thresholds fetch failed: timed out
2026-09-23T20:46:35Z  WARNING  stats fetch failed: timed out
2026-09-23T20:46:40Z  WARNING  thresholds fetch failed: timed out
2026-09-23T20:46:40Z  WARNING  stats fetch failed: timed out
2026-09-23T20:46:45Z  WARNING  thresholds fetch failed: timed out
2026-09-23T20:46:45Z  WARNING  stats fetch failed: timed out
2026-09-23T20:46:50Z  WARNING  thresholds fetch failed: timed out
2026-09-23T20:46:50Z  WARNING  stats fetch failed: timed out
2026-09-23T20:46:55Z  WARNING  thresholds fetch failed: timed out
2026-09-23T20:46:55Z  WARNING  stats fetch failed: timed out
2026-09-23T20:47:00Z  WARNING  thresholds fetch failed: timed out
2026-09-23T20:47:00Z  WARNING  stats fetch failed: timed out
2026-09-23T20:47:05Z  WARNING  thresholds fetch failed: timed out
2026-09-23T20:47:05Z  WARNING  stats fetch failed: timed out
2026-09-23T20:47:10Z  WARNING  thresholds fetch failed: timed out
2026-09-23T20:47:10Z  WARNING  stats fetch failed: timed out
2026-09-23T20:47:13Z  SHUTDOWN  signal=15
2026-09-23T20:47:14Z  EXIT
