2026-09-25T12:03:34Z  START  poll_interval=1s layer_a_poll_interval=5s
2026-09-25T12:04:45Z  WARNING  thresholds fetch failed: timed out
2026-09-25T12:04:45Z  WARNING  stats fetch failed: timed out
2026-09-25T12:04:50Z  WARNING  thresholds fetch failed: timed out
2026-09-25T12:04:50Z  WARNING  stats fetch failed: timed out
2026-09-25T12:04:55Z  WARNING  thresholds fetch failed: timed out
2026-09-25T12:04:55Z  WARNING  stats fetch failed: timed out
2026-09-25T12:05:00Z  WARNING  thresholds fetch failed: timed out
2026-09-25T12:05:00Z  WARNING  stats fetch failed: timed out
2026-09-25T12:05:05Z  WARNING  thresholds fetch failed: timed out
2026-09-25T12:05:05Z  WARNING  stats fetch failed: timed out
2026-09-25T12:05:10Z  WARNING  thresholds fetch failed: timed out
2026-09-25T12:05:10Z  WARNING  stats fetch failed: timed out
2026-09-25T12:05:15Z  WARNING  thresholds fetch failed: timed out
2026-09-25T12:05:15Z  WARNING  stats fetch failed: timed out
2026-09-25T12:05:20Z  WARNING  thresholds fetch failed: timed out
2026-09-25T12:05:20Z  WARNING  stats fetch failed: timed out
2026-09-25T12:05:25Z  WARNING  thresholds fetch failed: timed out
2026-09-25T12:05:25Z  WARNING  stats fetch failed: timed out
2026-09-25T12:05:30Z  WARNING  thresholds fetch failed: timed out
2026-09-25T12:05:30Z  WARNING  stats fetch failed: timed out
2026-09-25T12:05:35Z  WARNING  thresholds fetch failed: timed out
2026-09-25T12:05:35Z  WARNING  stats fetch failed: timed out
2026-09-25T12:05:40Z  WARNING  thresholds fetch failed: timed out
2026-09-25T12:05:40Z  WARNING  stats fetch failed: timed out
2026-09-25T12:05:45Z  WARNING  thresholds fetch failed: timed out
2026-09-25T12:05:45Z  WARNING  stats fetch failed: timed out
2026-09-25T12:05:50Z  WARNING  thresholds fetch failed: timed out
2026-09-25T12:05:50Z  WARNING  stats fetch failed: timed out
2026-09-25T12:05:55Z  WARNING  thresholds fetch failed: timed out
2026-09-25T12:05:55Z  WARNING  stats fetch failed: timed out
2026-09-25T12:06:00Z  WARNING  thresholds fetch failed: timed out
2026-09-25T12:06:00Z  WARNING  stats fetch failed: timed out
2026-09-25T12:06:05Z  WARNING  thresholds fetch failed: timed out
2026-09-25T12:06:05Z  WARNING  stats fetch failed: timed out
2026-09-25T12:06:10Z  WARNING  thresholds fetch failed: timed out
2026-09-25T12:06:10Z  WARNING  stats fetch failed: timed out
2026-09-25T12:06:15Z  WARNING  thresholds fetch failed: timed out
2026-09-25T12:06:15Z  WARNING  stats fetch failed: timed out
2026-09-25T12:06:20Z  WARNING  thresholds fetch failed: timed out
2026-09-25T12:06:20Z  WARNING  stats fetch failed: timed out
2026-09-25T12:06:25Z  WARNING  thresholds fetch failed: timed out
2026-09-25T12:06:25Z  WARNING  stats fetch failed: timed out
2026-09-25T12:06:30Z  WARNING  thresholds fetch failed: timed out
2026-09-25T12:06:30Z  WARNING  stats fetch failed: timed out
2026-09-25T12:06:35Z  WARNING  thresholds fetch failed: timed out
2026-09-25T12:06:35Z  WARNING  stats fetch failed: timed out
2026-09-25T12:06:40Z  WARNING  thresholds fetch failed: timed out
2026-09-25T12:06:40Z  WARNING  stats fetch failed: timed out
2026-09-25T12:06:45Z  WARNING  thresholds fetch failed: timed out
2026-09-25T12:06:45Z  WARNING  stats fetch failed: timed out
2026-09-25T12:06:50Z  WARNING  thresholds fetch failed: timed out
2026-09-25T12:06:50Z  WARNING  stats fetch failed: timed out
2026-09-25T12:06:55Z  WARNING  thresholds fetch failed: timed out
2026-09-25T12:06:55Z  WARNING  stats fetch failed: timed out
2026-09-25T12:07:00Z  WARNING  thresholds fetch failed: timed out
2026-09-25T12:07:00Z  WARNING  stats fetch failed: timed out
2026-09-25T12:07:05Z  WARNING  thresholds fetch failed: timed out
2026-09-25T12:07:05Z  WARNING  stats fetch failed: timed out
2026-09-25T12:07:10Z  WARNING  thresholds fetch failed: timed out
2026-09-25T12:07:10Z  WARNING  stats fetch failed: timed out
2026-09-25T12:07:15Z  WARNING  thresholds fetch failed: timed out
2026-09-25T12:07:15Z  WARNING  stats fetch failed: timed out
2026-09-25T12:07:20Z  WARNING  thresholds fetch failed: timed out
2026-09-25T12:07:20Z  WARNING  stats fetch failed: timed out
2026-09-25T12:07:25Z  WARNING  thresholds fetch failed: timed out
2026-09-25T12:07:25Z  WARNING  stats fetch failed: timed out
2026-09-25T12:07:30Z  WARNING  thresholds fetch failed: timed out
2026-09-25T12:07:30Z  WARNING  stats fetch failed: timed out
2026-09-25T12:07:35Z  WARNING  thresholds fetch failed: timed out
2026-09-25T12:07:35Z  WARNING  stats fetch failed: timed out
2026-09-25T12:07:40Z  WARNING  thresholds fetch failed: timed out
2026-09-25T12:07:40Z  WARNING  stats fetch failed: timed out
2026-09-25T12:07:45Z  WARNING  thresholds fetch failed: timed out
2026-09-25T12:07:45Z  WARNING  stats fetch failed: timed out
2026-09-25T12:07:50Z  WARNING  thresholds fetch failed: timed out
2026-09-25T12:07:50Z  WARNING  stats fetch failed: timed out
2026-09-25T12:07:55Z  WARNING  thresholds fetch failed: timed out
2026-09-25T12:07:55Z  WARNING  stats fetch failed: timed out
2026-09-25T12:08:00Z  WARNING  thresholds fetch failed: timed out
2026-09-25T12:08:00Z  WARNING  stats fetch failed: timed out
2026-09-25T12:08:05Z  WARNING  thresholds fetch failed: timed out
2026-09-25T12:08:05Z  WARNING  stats fetch failed: timed out
2026-09-25T12:08:10Z  WARNING  thresholds fetch failed: timed out
2026-09-25T12:08:10Z  WARNING  stats fetch failed: timed out
2026-09-25T12:08:15Z  WARNING  thresholds fetch failed: timed out
2026-09-25T12:08:15Z  WARNING  stats fetch failed: timed out
2026-09-25T12:08:20Z  WARNING  thresholds fetch failed: timed out
2026-09-25T12:08:20Z  WARNING  stats fetch failed: timed out
2026-09-25T12:08:25Z  WARNING  thresholds fetch failed: timed out
2026-09-25T12:08:25Z  WARNING  stats fetch failed: timed out
2026-09-25T12:08:30Z  WARNING  thresholds fetch failed: timed out
2026-09-25T12:08:30Z  WARNING  stats fetch failed: timed out
2026-09-25T12:08:35Z  WARNING  thresholds fetch failed: timed out
2026-09-25T12:08:35Z  WARNING  stats fetch failed: timed out
2026-09-25T12:08:40Z  WARNING  thresholds fetch failed: timed out
2026-09-25T12:08:40Z  WARNING  stats fetch failed: timed out
2026-09-25T12:08:45Z  WARNING  thresholds fetch failed: timed out
2026-09-25T12:08:45Z  WARNING  stats fetch failed: timed out
2026-09-25T12:08:50Z  WARNING  thresholds fetch failed: timed out
2026-09-25T12:08:50Z  WARNING  stats fetch failed: timed out
2026-09-25T12:08:55Z  WARNING  thresholds fetch failed: timed out
2026-09-25T12:08:55Z  WARNING  stats fetch failed: timed out
2026-09-25T12:09:00Z  WARNING  thresholds fetch failed: timed out
2026-09-25T12:09:00Z  WARNING  stats fetch failed: timed out
2026-09-25T12:09:05Z  WARNING  thresholds fetch failed: timed out
2026-09-25T12:09:05Z  WARNING  stats fetch failed: timed out
2026-09-25T12:09:10Z  WARNING  thresholds fetch failed: timed out
2026-09-25T12:09:10Z  WARNING  stats fetch failed: timed out
2026-09-25T12:09:15Z  WARNING  thresholds fetch failed: timed out
2026-09-25T12:09:15Z  WARNING  stats fetch failed: timed out
2026-09-25T12:09:20Z  WARNING  thresholds fetch failed: timed out
2026-09-25T12:09:20Z  WARNING  stats fetch failed: timed out
2026-09-25T12:09:25Z  WARNING  thresholds fetch failed: timed out
2026-09-25T12:09:25Z  WARNING  stats fetch failed: timed out
2026-09-25T12:09:30Z  WARNING  thresholds fetch failed: timed out
2026-09-25T12:09:30Z  WARNING  stats fetch failed: timed out
2026-09-25T12:09:35Z  WARNING  thresholds fetch failed: timed out
2026-09-25T12:09:35Z  WARNING  stats fetch failed: timed out
2026-09-25T12:09:40Z  WARNING  thresholds fetch failed: timed out
2026-09-25T12:09:40Z  WARNING  stats fetch failed: timed out
2026-09-25T12:09:45Z  WARNING  thresholds fetch failed: timed out
2026-09-25T12:09:45Z  WARNING  stats fetch failed: timed out
2026-09-25T12:09:50Z  WARNING  thresholds fetch failed: timed out
2026-09-25T12:09:50Z  WARNING  stats fetch failed: timed out
2026-09-25T12:09:55Z  WARNING  thresholds fetch failed: timed out
2026-09-25T12:09:55Z  WARNING  stats fetch failed: timed out
2026-09-25T12:10:00Z  WARNING  thresholds fetch failed: timed out
2026-09-25T12:10:00Z  WARNING  stats fetch failed: timed out
2026-09-25T12:10:05Z  WARNING  thresholds fetch failed: timed out
2026-09-25T12:10:05Z  WARNING  stats fetch failed: timed out
2026-09-25T12:10:10Z  WARNING  thresholds fetch failed: timed out
2026-09-25T12:10:10Z  WARNING  stats fetch failed: timed out
2026-09-25T12:10:15Z  WARNING  thresholds fetch failed: timed out
2026-09-25T12:10:15Z  WARNING  stats fetch failed: timed out
2026-09-25T12:10:20Z  WARNING  thresholds fetch failed: timed out
2026-09-25T12:10:20Z  WARNING  stats fetch failed: timed out
2026-09-25T12:10:25Z  WARNING  thresholds fetch failed: timed out
2026-09-25T12:10:25Z  WARNING  stats fetch failed: timed out
2026-09-25T12:10:30Z  WARNING  thresholds fetch failed: timed out
2026-09-25T12:10:30Z  WARNING  stats fetch failed: timed out
2026-09-25T12:10:35Z  WARNING  thresholds fetch failed: timed out
2026-09-25T12:10:35Z  WARNING  stats fetch failed: timed out
2026-09-25T12:10:40Z  WARNING  thresholds fetch failed: timed out
2026-09-25T12:10:40Z  WARNING  stats fetch failed: timed out
2026-09-25T12:10:45Z  WARNING  thresholds fetch failed: timed out
2026-09-25T12:10:45Z  WARNING  stats fetch failed: timed out
2026-09-25T12:10:50Z  WARNING  thresholds fetch failed: timed out
2026-09-25T12:10:50Z  WARNING  stats fetch failed: timed out
2026-09-25T12:10:55Z  WARNING  thresholds fetch failed: timed out
2026-09-25T12:10:55Z  WARNING  stats fetch failed: timed out
2026-09-25T12:11:00Z  WARNING  thresholds fetch failed: timed out
2026-09-25T12:11:00Z  WARNING  stats fetch failed: timed out
2026-09-25T12:11:05Z  WARNING  thresholds fetch failed: <urlopen error timed out>
2026-09-25T12:11:05Z  WARNING  stats fetch failed: timed out
2026-09-25T12:11:10Z  WARNING  thresholds fetch failed: timed out
2026-09-25T12:11:10Z  WARNING  stats fetch failed: timed out
2026-09-25T12:11:15Z  WARNING  thresholds fetch failed: timed out
2026-09-25T12:11:15Z  WARNING  stats fetch failed: <urlopen error timed out>
2026-09-25T12:11:20Z  WARNING  thresholds fetch failed: timed out
2026-09-25T12:11:20Z  WARNING  stats fetch failed: timed out
2026-09-25T12:11:25Z  WARNING  thresholds fetch failed: timed out
2026-09-25T12:11:25Z  WARNING  stats fetch failed: timed out
2026-09-25T12:11:30Z  WARNING  thresholds fetch failed: timed out
2026-09-25T12:11:30Z  WARNING  stats fetch failed: timed out
2026-09-25T12:11:35Z  WARNING  thresholds fetch failed: timed out
2026-09-25T12:11:35Z  WARNING  stats fetch failed: timed out
2026-09-25T12:11:40Z  WARNING  thresholds fetch failed: timed out
2026-09-25T12:11:40Z  WARNING  stats fetch failed: timed out
2026-09-25T12:11:45Z  WARNING  thresholds fetch failed: timed out
2026-09-25T12:11:45Z  WARNING  stats fetch failed: timed out
2026-09-25T12:11:50Z  WARNING  thresholds fetch failed: timed out
2026-09-25T12:11:50Z  WARNING  stats fetch failed: timed out
2026-09-25T12:11:55Z  WARNING  thresholds fetch failed: timed out
2026-09-25T12:11:55Z  WARNING  stats fetch failed: timed out
2026-09-25T12:12:00Z  WARNING  thresholds fetch failed: timed out
2026-09-25T12:12:00Z  WARNING  stats fetch failed: timed out
2026-09-25T12:12:05Z  WARNING  thresholds fetch failed: timed out
2026-09-25T12:12:05Z  WARNING  stats fetch failed: timed out
2026-09-25T12:12:10Z  WARNING  thresholds fetch failed: timed out
2026-09-25T12:12:10Z  WARNING  stats fetch failed: timed out
2026-09-25T12:12:15Z  WARNING  thresholds fetch failed: timed out
2026-09-25T12:12:15Z  WARNING  stats fetch failed: timed out
2026-09-25T12:12:20Z  WARNING  thresholds fetch failed: timed out
2026-09-25T12:12:20Z  WARNING  stats fetch failed: timed out
2026-09-25T12:12:25Z  WARNING  thresholds fetch failed: timed out
2026-09-25T12:12:25Z  WARNING  stats fetch failed: timed out
2026-09-25T12:12:30Z  WARNING  thresholds fetch failed: timed out
2026-09-25T12:12:30Z  WARNING  stats fetch failed: timed out
2026-09-25T12:12:35Z  WARNING  thresholds fetch failed: timed out
2026-09-25T12:12:35Z  WARNING  stats fetch failed: timed out
2026-09-25T12:12:40Z  WARNING  thresholds fetch failed: timed out
2026-09-25T12:12:40Z  WARNING  stats fetch failed: timed out
2026-09-25T12:12:45Z  WARNING  thresholds fetch failed: timed out
2026-09-25T12:12:45Z  WARNING  stats fetch failed: timed out
2026-09-25T12:12:50Z  WARNING  thresholds fetch failed: timed out
2026-09-25T12:12:50Z  WARNING  stats fetch failed: timed out
2026-09-25T12:12:55Z  WARNING  thresholds fetch failed: timed out
2026-09-25T12:12:55Z  WARNING  stats fetch failed: timed out
2026-09-25T12:13:00Z  WARNING  thresholds fetch failed: timed out
2026-09-25T12:13:00Z  WARNING  stats fetch failed: timed out
2026-09-25T12:13:05Z  WARNING  thresholds fetch failed: timed out
2026-09-25T12:13:05Z  WARNING  stats fetch failed: timed out
2026-09-25T12:13:10Z  WARNING  thresholds fetch failed: timed out
2026-09-25T12:13:10Z  WARNING  stats fetch failed: timed out
2026-09-25T12:13:15Z  WARNING  thresholds fetch failed: timed out
2026-09-25T12:13:15Z  WARNING  stats fetch failed: timed out
2026-09-25T12:13:20Z  WARNING  thresholds fetch failed: timed out
2026-09-25T12:13:20Z  WARNING  stats fetch failed: timed out
2026-09-25T12:13:25Z  WARNING  thresholds fetch failed: timed out
2026-09-25T12:13:25Z  WARNING  stats fetch failed: timed out
2026-09-25T12:13:30Z  WARNING  thresholds fetch failed: timed out
2026-09-25T12:13:30Z  WARNING  stats fetch failed: timed out
2026-09-25T12:13:35Z  WARNING  thresholds fetch failed: timed out
2026-09-25T12:13:35Z  WARNING  stats fetch failed: timed out
2026-09-25T12:13:40Z  WARNING  thresholds fetch failed: timed out
2026-09-25T12:13:40Z  WARNING  stats fetch failed: timed out
2026-09-25T12:13:45Z  WARNING  thresholds fetch failed: timed out
2026-09-25T12:13:45Z  WARNING  stats fetch failed: timed out
2026-09-25T12:13:50Z  WARNING  thresholds fetch failed: timed out
2026-09-25T12:13:50Z  WARNING  stats fetch failed: timed out
2026-09-25T12:13:55Z  WARNING  thresholds fetch failed: timed out
2026-09-25T12:13:55Z  WARNING  stats fetch failed: timed out
2026-09-25T12:14:00Z  WARNING  thresholds fetch failed: timed out
2026-09-25T12:14:00Z  WARNING  stats fetch failed: timed out
2026-09-25T12:14:05Z  WARNING  thresholds fetch failed: timed out
2026-09-25T12:14:05Z  WARNING  stats fetch failed: timed out
2026-09-25T12:14:10Z  WARNING  thresholds fetch failed: timed out
2026-09-25T12:14:10Z  WARNING  stats fetch failed: timed out
2026-09-25T12:14:12Z  SHUTDOWN  signal=15
2026-09-25T12:14:13Z  EXIT
