2026-10-05T15:27:06Z  START  poll_interval=1s layer_a_poll_interval=5s
2026-10-05T15:28:20Z  WARNING  thresholds fetch failed: timed out
2026-10-05T15:28:20Z  WARNING  stats fetch failed: timed out
2026-10-05T15:28:25Z  WARNING  thresholds fetch failed: timed out
2026-10-05T15:28:25Z  WARNING  stats fetch failed: timed out
2026-10-05T15:28:30Z  WARNING  thresholds fetch failed: timed out
2026-10-05T15:28:30Z  WARNING  stats fetch failed: timed out
2026-10-05T15:28:35Z  WARNING  thresholds fetch failed: timed out
2026-10-05T15:28:35Z  WARNING  stats fetch failed: timed out
2026-10-05T15:28:40Z  WARNING  thresholds fetch failed: timed out
2026-10-05T15:28:40Z  WARNING  stats fetch failed: timed out
2026-10-05T15:28:45Z  WARNING  thresholds fetch failed: timed out
2026-10-05T15:28:45Z  WARNING  stats fetch failed: timed out
2026-10-05T15:28:50Z  WARNING  thresholds fetch failed: timed out
2026-10-05T15:28:50Z  WARNING  stats fetch failed: timed out
2026-10-05T15:28:55Z  WARNING  thresholds fetch failed: timed out
2026-10-05T15:28:55Z  WARNING  stats fetch failed: timed out
2026-10-05T15:29:00Z  WARNING  thresholds fetch failed: timed out
2026-10-05T15:29:00Z  WARNING  stats fetch failed: timed out
2026-10-05T15:29:05Z  WARNING  thresholds fetch failed: timed out
2026-10-05T15:29:05Z  WARNING  stats fetch failed: timed out
2026-10-05T15:29:10Z  WARNING  thresholds fetch failed: timed out
2026-10-05T15:29:10Z  WARNING  stats fetch failed: timed out
2026-10-05T15:29:15Z  WARNING  thresholds fetch failed: timed out
2026-10-05T15:29:15Z  WARNING  stats fetch failed: timed out
2026-10-05T15:29:20Z  WARNING  thresholds fetch failed: timed out
2026-10-05T15:29:20Z  WARNING  stats fetch failed: timed out
2026-10-05T15:29:25Z  WARNING  thresholds fetch failed: timed out
2026-10-05T15:29:25Z  WARNING  stats fetch failed: timed out
2026-10-05T15:29:30Z  WARNING  thresholds fetch failed: timed out
2026-10-05T15:29:30Z  WARNING  stats fetch failed: timed out
2026-10-05T15:29:35Z  WARNING  thresholds fetch failed: timed out
2026-10-05T15:29:35Z  WARNING  stats fetch failed: timed out
2026-10-05T15:29:40Z  WARNING  thresholds fetch failed: timed out
2026-10-05T15:29:40Z  WARNING  stats fetch failed: timed out
2026-10-05T15:29:45Z  WARNING  thresholds fetch failed: timed out
2026-10-05T15:29:45Z  WARNING  stats fetch failed: timed out
2026-10-05T15:29:50Z  WARNING  thresholds fetch failed: timed out
2026-10-05T15:29:50Z  WARNING  stats fetch failed: timed out
2026-10-05T15:29:55Z  WARNING  thresholds fetch failed: timed out
2026-10-05T15:29:55Z  WARNING  stats fetch failed: timed out
2026-10-05T15:30:00Z  WARNING  thresholds fetch failed: timed out
2026-10-05T15:30:00Z  WARNING  stats fetch failed: timed out
2026-10-05T15:30:05Z  WARNING  thresholds fetch failed: timed out
2026-10-05T15:30:05Z  WARNING  stats fetch failed: timed out
2026-10-05T15:30:10Z  WARNING  thresholds fetch failed: timed out
2026-10-05T15:30:10Z  WARNING  stats fetch failed: timed out
2026-10-05T15:30:15Z  WARNING  thresholds fetch failed: timed out
2026-10-05T15:30:15Z  WARNING  stats fetch failed: timed out
2026-10-05T15:30:20Z  WARNING  thresholds fetch failed: timed out
2026-10-05T15:30:20Z  WARNING  stats fetch failed: timed out
2026-10-05T15:30:25Z  WARNING  thresholds fetch failed: timed out
2026-10-05T15:30:25Z  WARNING  stats fetch failed: timed out
2026-10-05T15:30:30Z  WARNING  thresholds fetch failed: timed out
2026-10-05T15:30:30Z  WARNING  stats fetch failed: timed out
2026-10-05T15:30:35Z  WARNING  thresholds fetch failed: timed out
2026-10-05T15:30:35Z  WARNING  stats fetch failed: timed out
2026-10-05T15:30:40Z  WARNING  thresholds fetch failed: timed out
2026-10-05T15:30:40Z  WARNING  stats fetch failed: timed out
2026-10-05T15:30:45Z  WARNING  thresholds fetch failed: timed out
2026-10-05T15:30:45Z  WARNING  stats fetch failed: timed out
2026-10-05T15:30:50Z  WARNING  thresholds fetch failed: timed out
2026-10-05T15:30:50Z  WARNING  stats fetch failed: timed out
2026-10-05T15:30:55Z  WARNING  thresholds fetch failed: timed out
2026-10-05T15:30:55Z  WARNING  stats fetch failed: timed out
2026-10-05T15:31:00Z  WARNING  thresholds fetch failed: timed out
2026-10-05T15:31:00Z  WARNING  stats fetch failed: timed out
2026-10-05T15:31:05Z  WARNING  thresholds fetch failed: timed out
2026-10-05T15:31:05Z  WARNING  stats fetch failed: timed out
2026-10-05T15:31:10Z  WARNING  thresholds fetch failed: timed out
2026-10-05T15:31:10Z  WARNING  stats fetch failed: timed out
2026-10-05T15:31:15Z  WARNING  thresholds fetch failed: timed out
2026-10-05T15:31:15Z  WARNING  stats fetch failed: timed out
2026-10-05T15:31:20Z  WARNING  thresholds fetch failed: timed out
2026-10-05T15:31:20Z  WARNING  stats fetch failed: timed out
2026-10-05T15:31:25Z  WARNING  thresholds fetch failed: timed out
2026-10-05T15:31:25Z  WARNING  stats fetch failed: timed out
2026-10-05T15:31:30Z  WARNING  thresholds fetch failed: timed out
2026-10-05T15:31:30Z  WARNING  stats fetch failed: timed out
2026-10-05T15:31:35Z  WARNING  thresholds fetch failed: timed out
2026-10-05T15:31:35Z  WARNING  stats fetch failed: timed out
2026-10-05T15:31:40Z  WARNING  thresholds fetch failed: timed out
2026-10-05T15:31:40Z  WARNING  stats fetch failed: timed out
2026-10-05T15:31:45Z  WARNING  thresholds fetch failed: timed out
2026-10-05T15:31:45Z  WARNING  stats fetch failed: timed out
2026-10-05T15:31:50Z  WARNING  thresholds fetch failed: timed out
2026-10-05T15:31:50Z  WARNING  stats fetch failed: timed out
2026-10-05T15:31:55Z  WARNING  thresholds fetch failed: timed out
2026-10-05T15:31:55Z  WARNING  stats fetch failed: timed out
2026-10-05T15:32:00Z  WARNING  thresholds fetch failed: timed out
2026-10-05T15:32:00Z  WARNING  stats fetch failed: timed out
2026-10-05T15:32:05Z  WARNING  thresholds fetch failed: timed out
2026-10-05T15:32:05Z  WARNING  stats fetch failed: timed out
2026-10-05T15:32:10Z  WARNING  thresholds fetch failed: timed out
2026-10-05T15:32:10Z  WARNING  stats fetch failed: timed out
2026-10-05T15:32:15Z  WARNING  thresholds fetch failed: timed out
2026-10-05T15:32:15Z  WARNING  stats fetch failed: timed out
2026-10-05T15:32:20Z  WARNING  thresholds fetch failed: timed out
2026-10-05T15:32:20Z  WARNING  stats fetch failed: timed out
2026-10-05T15:32:25Z  WARNING  thresholds fetch failed: timed out
2026-10-05T15:32:25Z  WARNING  stats fetch failed: timed out
2026-10-05T15:32:30Z  WARNING  thresholds fetch failed: timed out
2026-10-05T15:32:30Z  WARNING  stats fetch failed: timed out
2026-10-05T15:32:35Z  WARNING  thresholds fetch failed: timed out
2026-10-05T15:32:35Z  WARNING  stats fetch failed: timed out
2026-10-05T15:32:40Z  WARNING  thresholds fetch failed: timed out
2026-10-05T15:32:40Z  WARNING  stats fetch failed: timed out
2026-10-05T15:32:45Z  WARNING  thresholds fetch failed: timed out
2026-10-05T15:32:45Z  WARNING  stats fetch failed: timed out
2026-10-05T15:32:50Z  WARNING  thresholds fetch failed: timed out
2026-10-05T15:32:50Z  WARNING  stats fetch failed: timed out
2026-10-05T15:32:55Z  WARNING  thresholds fetch failed: timed out
2026-10-05T15:32:55Z  WARNING  stats fetch failed: timed out
2026-10-05T15:33:00Z  WARNING  thresholds fetch failed: timed out
2026-10-05T15:33:00Z  WARNING  stats fetch failed: timed out
2026-10-05T15:33:05Z  WARNING  thresholds fetch failed: timed out
2026-10-05T15:33:05Z  WARNING  stats fetch failed: timed out
2026-10-05T15:33:10Z  WARNING  thresholds fetch failed: timed out
2026-10-05T15:33:10Z  WARNING  stats fetch failed: timed out
2026-10-05T15:33:15Z  WARNING  thresholds fetch failed: timed out
2026-10-05T15:33:15Z  WARNING  stats fetch failed: timed out
2026-10-05T15:33:20Z  WARNING  thresholds fetch failed: <urlopen error timed out>
2026-10-05T15:33:20Z  WARNING  stats fetch failed: timed out
2026-10-05T15:33:25Z  WARNING  thresholds fetch failed: timed out
2026-10-05T15:33:25Z  WARNING  stats fetch failed: timed out
2026-10-05T15:33:30Z  WARNING  thresholds fetch failed: timed out
2026-10-05T15:33:30Z  WARNING  stats fetch failed: timed out
2026-10-05T15:33:35Z  WARNING  thresholds fetch failed: timed out
2026-10-05T15:33:35Z  WARNING  stats fetch failed: timed out
2026-10-05T15:33:40Z  WARNING  thresholds fetch failed: timed out
2026-10-05T15:33:40Z  WARNING  stats fetch failed: timed out
2026-10-05T15:33:45Z  WARNING  thresholds fetch failed: timed out
2026-10-05T15:33:45Z  WARNING  stats fetch failed: timed out
2026-10-05T15:33:50Z  WARNING  thresholds fetch failed: timed out
2026-10-05T15:33:50Z  WARNING  stats fetch failed: timed out
2026-10-05T15:33:55Z  WARNING  thresholds fetch failed: timed out
2026-10-05T15:33:55Z  WARNING  stats fetch failed: timed out
2026-10-05T15:34:00Z  WARNING  thresholds fetch failed: timed out
2026-10-05T15:34:00Z  WARNING  stats fetch failed: timed out
2026-10-05T15:34:05Z  WARNING  thresholds fetch failed: timed out
2026-10-05T15:34:05Z  WARNING  stats fetch failed: timed out
2026-10-05T15:34:10Z  WARNING  thresholds fetch failed: timed out
2026-10-05T15:34:10Z  WARNING  stats fetch failed: timed out
2026-10-05T15:34:15Z  WARNING  thresholds fetch failed: timed out
2026-10-05T15:34:15Z  WARNING  stats fetch failed: timed out
2026-10-05T15:34:20Z  WARNING  thresholds fetch failed: timed out
2026-10-05T15:34:20Z  WARNING  stats fetch failed: timed out
2026-10-05T15:34:25Z  WARNING  thresholds fetch failed: timed out
2026-10-05T15:34:25Z  WARNING  stats fetch failed: timed out
2026-10-05T15:34:30Z  WARNING  thresholds fetch failed: timed out
2026-10-05T15:34:30Z  WARNING  stats fetch failed: timed out
2026-10-05T15:34:35Z  WARNING  thresholds fetch failed: timed out
2026-10-05T15:34:35Z  WARNING  stats fetch failed: timed out
2026-10-05T15:34:40Z  WARNING  thresholds fetch failed: timed out
2026-10-05T15:34:40Z  WARNING  stats fetch failed: timed out
2026-10-05T15:34:45Z  WARNING  thresholds fetch failed: timed out
2026-10-05T15:34:45Z  WARNING  stats fetch failed: timed out
2026-10-05T15:34:50Z  WARNING  thresholds fetch failed: timed out
2026-10-05T15:34:50Z  WARNING  stats fetch failed: timed out
2026-10-05T15:34:55Z  WARNING  thresholds fetch failed: timed out
2026-10-05T15:34:55Z  WARNING  stats fetch failed: timed out
2026-10-05T15:35:00Z  WARNING  thresholds fetch failed: timed out
2026-10-05T15:35:00Z  WARNING  stats fetch failed: timed out
2026-10-05T15:35:05Z  WARNING  thresholds fetch failed: timed out
2026-10-05T15:35:05Z  WARNING  stats fetch failed: timed out
2026-10-05T15:35:10Z  WARNING  thresholds fetch failed: timed out
2026-10-05T15:35:10Z  WARNING  stats fetch failed: timed out
2026-10-05T15:35:15Z  WARNING  thresholds fetch failed: timed out
2026-10-05T15:35:15Z  WARNING  stats fetch failed: timed out
2026-10-05T15:35:20Z  WARNING  thresholds fetch failed: timed out
2026-10-05T15:35:20Z  WARNING  stats fetch failed: timed out
2026-10-05T15:35:25Z  WARNING  thresholds fetch failed: timed out
2026-10-05T15:35:25Z  WARNING  stats fetch failed: timed out
2026-10-05T15:35:30Z  WARNING  thresholds fetch failed: timed out
2026-10-05T15:35:30Z  WARNING  stats fetch failed: timed out
2026-10-05T15:35:35Z  WARNING  thresholds fetch failed: timed out
2026-10-05T15:35:35Z  WARNING  stats fetch failed: timed out
2026-10-05T15:35:40Z  WARNING  thresholds fetch failed: timed out
2026-10-05T15:35:40Z  WARNING  stats fetch failed: timed out
2026-10-05T15:35:45Z  WARNING  thresholds fetch failed: timed out
2026-10-05T15:35:45Z  WARNING  stats fetch failed: timed out
2026-10-05T15:35:50Z  WARNING  thresholds fetch failed: timed out
2026-10-05T15:35:50Z  WARNING  stats fetch failed: timed out
2026-10-05T15:35:55Z  WARNING  thresholds fetch failed: timed out
2026-10-05T15:35:55Z  WARNING  stats fetch failed: timed out
2026-10-05T15:36:00Z  WARNING  thresholds fetch failed: timed out
2026-10-05T15:36:00Z  WARNING  stats fetch failed: timed out
2026-10-05T15:36:05Z  WARNING  thresholds fetch failed: timed out
2026-10-05T15:36:05Z  WARNING  stats fetch failed: timed out
2026-10-05T15:36:10Z  WARNING  thresholds fetch failed: timed out
2026-10-05T15:36:10Z  WARNING  stats fetch failed: timed out
2026-10-05T15:36:15Z  WARNING  thresholds fetch failed: timed out
2026-10-05T15:36:15Z  WARNING  stats fetch failed: timed out
2026-10-05T15:36:20Z  WARNING  thresholds fetch failed: timed out
2026-10-05T15:36:20Z  WARNING  stats fetch failed: timed out
2026-10-05T15:36:25Z  WARNING  thresholds fetch failed: <urlopen error timed out>
2026-10-05T15:36:25Z  WARNING  stats fetch failed: timed out
2026-10-05T15:36:30Z  WARNING  thresholds fetch failed: timed out
2026-10-05T15:36:30Z  WARNING  stats fetch failed: timed out
2026-10-05T15:36:35Z  WARNING  thresholds fetch failed: timed out
2026-10-05T15:36:35Z  WARNING  stats fetch failed: timed out
2026-10-05T15:36:40Z  WARNING  thresholds fetch failed: timed out
2026-10-05T15:36:40Z  WARNING  stats fetch failed: timed out
2026-10-05T15:36:45Z  WARNING  thresholds fetch failed: timed out
2026-10-05T15:36:45Z  WARNING  stats fetch failed: timed out
2026-10-05T15:36:50Z  WARNING  thresholds fetch failed: timed out
2026-10-05T15:36:50Z  WARNING  stats fetch failed: timed out
2026-10-05T15:36:55Z  WARNING  thresholds fetch failed: timed out
2026-10-05T15:36:55Z  WARNING  stats fetch failed: timed out
2026-10-05T15:37:00Z  WARNING  thresholds fetch failed: timed out
2026-10-05T15:37:00Z  WARNING  stats fetch failed: timed out
2026-10-05T15:37:05Z  WARNING  thresholds fetch failed: timed out
2026-10-05T15:37:05Z  WARNING  stats fetch failed: timed out
2026-10-05T15:37:10Z  WARNING  thresholds fetch failed: timed out
2026-10-05T15:37:10Z  WARNING  stats fetch failed: timed out
2026-10-05T15:37:15Z  WARNING  thresholds fetch failed: <urlopen error timed out>
2026-10-05T15:37:15Z  WARNING  stats fetch failed: timed out
2026-10-05T15:37:20Z  WARNING  thresholds fetch failed: timed out
2026-10-05T15:37:20Z  WARNING  stats fetch failed: timed out
2026-10-05T15:37:25Z  WARNING  thresholds fetch failed: timed out
2026-10-05T15:37:25Z  WARNING  stats fetch failed: timed out
2026-10-05T15:37:30Z  WARNING  thresholds fetch failed: timed out
2026-10-05T15:37:30Z  WARNING  stats fetch failed: timed out
2026-10-05T15:37:35Z  WARNING  thresholds fetch failed: timed out
2026-10-05T15:37:35Z  WARNING  stats fetch failed: timed out
2026-10-05T15:37:40Z  WARNING  thresholds fetch failed: timed out
2026-10-05T15:37:40Z  WARNING  stats fetch failed: timed out
2026-10-05T15:37:44Z  SHUTDOWN  signal=15
2026-10-05T15:37:45Z  EXIT
