2026-09-25T09:23:39Z  START  poll_interval=1s layer_a_poll_interval=5s
2026-09-25T09:24:45Z  WARNING  thresholds fetch failed: timed out
2026-09-25T09:24:45Z  WARNING  stats fetch failed: timed out
2026-09-25T09:24:50Z  WARNING  thresholds fetch failed: timed out
2026-09-25T09:24:50Z  WARNING  stats fetch failed: timed out
2026-09-25T09:24:55Z  WARNING  thresholds fetch failed: timed out
2026-09-25T09:24:55Z  WARNING  stats fetch failed: timed out
2026-09-25T09:25:00Z  WARNING  thresholds fetch failed: timed out
2026-09-25T09:25:00Z  WARNING  stats fetch failed: timed out
2026-09-25T09:25:05Z  WARNING  thresholds fetch failed: timed out
2026-09-25T09:25:05Z  WARNING  stats fetch failed: timed out
2026-09-25T09:25:10Z  WARNING  thresholds fetch failed: timed out
2026-09-25T09:25:10Z  WARNING  stats fetch failed: timed out
2026-09-25T09:25:15Z  WARNING  thresholds fetch failed: timed out
2026-09-25T09:25:15Z  WARNING  stats fetch failed: timed out
2026-09-25T09:25:20Z  WARNING  thresholds fetch failed: timed out
2026-09-25T09:25:20Z  WARNING  stats fetch failed: timed out
2026-09-25T09:25:25Z  WARNING  thresholds fetch failed: timed out
2026-09-25T09:25:25Z  WARNING  stats fetch failed: timed out
2026-09-25T09:25:30Z  WARNING  thresholds fetch failed: timed out
2026-09-25T09:25:30Z  WARNING  stats fetch failed: timed out
2026-09-25T09:25:35Z  WARNING  thresholds fetch failed: timed out
2026-09-25T09:25:35Z  WARNING  stats fetch failed: timed out
2026-09-25T09:25:40Z  WARNING  thresholds fetch failed: timed out
2026-09-25T09:25:40Z  WARNING  stats fetch failed: timed out
2026-09-25T09:25:45Z  WARNING  thresholds fetch failed: timed out
2026-09-25T09:25:45Z  WARNING  stats fetch failed: timed out
2026-09-25T09:25:50Z  WARNING  thresholds fetch failed: timed out
2026-09-25T09:25:50Z  WARNING  stats fetch failed: timed out
2026-09-25T09:25:55Z  WARNING  thresholds fetch failed: timed out
2026-09-25T09:25:55Z  WARNING  stats fetch failed: timed out
2026-09-25T09:26:00Z  WARNING  thresholds fetch failed: timed out
2026-09-25T09:26:00Z  WARNING  stats fetch failed: timed out
2026-09-25T09:26:05Z  WARNING  thresholds fetch failed: timed out
2026-09-25T09:26:05Z  WARNING  stats fetch failed: timed out
2026-09-25T09:26:10Z  WARNING  thresholds fetch failed: timed out
2026-09-25T09:26:10Z  WARNING  stats fetch failed: timed out
2026-09-25T09:26:15Z  WARNING  thresholds fetch failed: timed out
2026-09-25T09:26:15Z  WARNING  stats fetch failed: timed out
2026-09-25T09:26:20Z  WARNING  thresholds fetch failed: timed out
2026-09-25T09:26:20Z  WARNING  stats fetch failed: timed out
2026-09-25T09:26:25Z  WARNING  thresholds fetch failed: timed out
2026-09-25T09:26:25Z  WARNING  stats fetch failed: timed out
2026-09-25T09:26:30Z  WARNING  thresholds fetch failed: timed out
2026-09-25T09:26:30Z  WARNING  stats fetch failed: timed out
2026-09-25T09:26:35Z  WARNING  thresholds fetch failed: timed out
2026-09-25T09:26:35Z  WARNING  stats fetch failed: timed out
2026-09-25T09:26:40Z  WARNING  thresholds fetch failed: timed out
2026-09-25T09:26:40Z  WARNING  stats fetch failed: timed out
2026-09-25T09:26:45Z  WARNING  thresholds fetch failed: timed out
2026-09-25T09:26:45Z  WARNING  stats fetch failed: timed out
2026-09-25T09:26:50Z  WARNING  thresholds fetch failed: timed out
2026-09-25T09:26:50Z  WARNING  stats fetch failed: timed out
2026-09-25T09:26:55Z  WARNING  thresholds fetch failed: timed out
2026-09-25T09:26:55Z  WARNING  stats fetch failed: timed out
2026-09-25T09:27:00Z  WARNING  thresholds fetch failed: timed out
2026-09-25T09:27:00Z  WARNING  stats fetch failed: timed out
2026-09-25T09:27:05Z  WARNING  thresholds fetch failed: timed out
2026-09-25T09:27:05Z  WARNING  stats fetch failed: timed out
2026-09-25T09:27:10Z  WARNING  thresholds fetch failed: timed out
2026-09-25T09:27:10Z  WARNING  stats fetch failed: timed out
2026-09-25T09:27:15Z  WARNING  thresholds fetch failed: timed out
2026-09-25T09:27:15Z  WARNING  stats fetch failed: timed out
2026-09-25T09:27:20Z  WARNING  thresholds fetch failed: timed out
2026-09-25T09:27:20Z  WARNING  stats fetch failed: timed out
2026-09-25T09:27:25Z  WARNING  thresholds fetch failed: timed out
2026-09-25T09:27:25Z  WARNING  stats fetch failed: timed out
2026-09-25T09:27:30Z  WARNING  thresholds fetch failed: timed out
2026-09-25T09:27:30Z  WARNING  stats fetch failed: timed out
2026-09-25T09:27:35Z  WARNING  thresholds fetch failed: timed out
2026-09-25T09:27:35Z  WARNING  stats fetch failed: timed out
2026-09-25T09:27:40Z  WARNING  thresholds fetch failed: timed out
2026-09-25T09:27:40Z  WARNING  stats fetch failed: timed out
2026-09-25T09:27:45Z  WARNING  thresholds fetch failed: timed out
2026-09-25T09:27:45Z  WARNING  stats fetch failed: timed out
2026-09-25T09:27:50Z  WARNING  thresholds fetch failed: timed out
2026-09-25T09:27:50Z  WARNING  stats fetch failed: timed out
2026-09-25T09:27:55Z  WARNING  thresholds fetch failed: timed out
2026-09-25T09:27:55Z  WARNING  stats fetch failed: timed out
2026-09-25T09:28:00Z  WARNING  thresholds fetch failed: timed out
2026-09-25T09:28:00Z  WARNING  stats fetch failed: timed out
2026-09-25T09:28:05Z  WARNING  thresholds fetch failed: timed out
2026-09-25T09:28:05Z  WARNING  stats fetch failed: timed out
2026-09-25T09:28:10Z  WARNING  thresholds fetch failed: timed out
2026-09-25T09:28:10Z  WARNING  stats fetch failed: timed out
2026-09-25T09:28:15Z  WARNING  thresholds fetch failed: timed out
2026-09-25T09:28:15Z  WARNING  stats fetch failed: timed out
2026-09-25T09:28:20Z  WARNING  thresholds fetch failed: timed out
2026-09-25T09:28:20Z  WARNING  stats fetch failed: timed out
2026-09-25T09:28:25Z  WARNING  thresholds fetch failed: timed out
2026-09-25T09:28:25Z  WARNING  stats fetch failed: timed out
2026-09-25T09:28:30Z  WARNING  thresholds fetch failed: timed out
2026-09-25T09:28:30Z  WARNING  stats fetch failed: timed out
2026-09-25T09:28:35Z  WARNING  thresholds fetch failed: timed out
2026-09-25T09:28:35Z  WARNING  stats fetch failed: timed out
2026-09-25T09:28:40Z  WARNING  thresholds fetch failed: timed out
2026-09-25T09:28:40Z  WARNING  stats fetch failed: timed out
2026-09-25T09:28:45Z  WARNING  thresholds fetch failed: timed out
2026-09-25T09:28:45Z  WARNING  stats fetch failed: timed out
2026-09-25T09:28:50Z  WARNING  thresholds fetch failed: timed out
2026-09-25T09:28:50Z  WARNING  stats fetch failed: timed out
2026-09-25T09:28:55Z  WARNING  thresholds fetch failed: timed out
2026-09-25T09:28:55Z  WARNING  stats fetch failed: timed out
2026-09-25T09:29:00Z  WARNING  thresholds fetch failed: timed out
2026-09-25T09:29:00Z  WARNING  stats fetch failed: timed out
2026-09-25T09:29:05Z  WARNING  thresholds fetch failed: timed out
2026-09-25T09:29:05Z  WARNING  stats fetch failed: timed out
2026-09-25T09:29:10Z  WARNING  thresholds fetch failed: timed out
2026-09-25T09:29:10Z  WARNING  stats fetch failed: timed out
2026-09-25T09:29:15Z  WARNING  thresholds fetch failed: timed out
2026-09-25T09:29:15Z  WARNING  stats fetch failed: timed out
2026-09-25T09:29:20Z  WARNING  thresholds fetch failed: timed out
2026-09-25T09:29:20Z  WARNING  stats fetch failed: timed out
2026-09-25T09:29:25Z  WARNING  thresholds fetch failed: timed out
2026-09-25T09:29:25Z  WARNING  stats fetch failed: timed out
2026-09-25T09:29:30Z  WARNING  thresholds fetch failed: timed out
2026-09-25T09:29:30Z  WARNING  stats fetch failed: timed out
2026-09-25T09:29:35Z  WARNING  thresholds fetch failed: timed out
2026-09-25T09:29:35Z  WARNING  stats fetch failed: timed out
2026-09-25T09:29:40Z  WARNING  thresholds fetch failed: timed out
2026-09-25T09:29:40Z  WARNING  stats fetch failed: timed out
2026-09-25T09:29:45Z  WARNING  thresholds fetch failed: timed out
2026-09-25T09:29:45Z  WARNING  stats fetch failed: timed out
2026-09-25T09:29:50Z  WARNING  thresholds fetch failed: timed out
2026-09-25T09:29:50Z  WARNING  stats fetch failed: timed out
2026-09-25T09:29:55Z  WARNING  thresholds fetch failed: timed out
2026-09-25T09:29:55Z  WARNING  stats fetch failed: timed out
2026-09-25T09:30:00Z  WARNING  thresholds fetch failed: timed out
2026-09-25T09:30:00Z  WARNING  stats fetch failed: timed out
2026-09-25T09:30:05Z  WARNING  thresholds fetch failed: timed out
2026-09-25T09:30:05Z  WARNING  stats fetch failed: timed out
2026-09-25T09:30:10Z  WARNING  thresholds fetch failed: timed out
2026-09-25T09:30:10Z  WARNING  stats fetch failed: timed out
2026-09-25T09:30:15Z  WARNING  thresholds fetch failed: timed out
2026-09-25T09:30:15Z  WARNING  stats fetch failed: timed out
2026-09-25T09:30:20Z  WARNING  thresholds fetch failed: timed out
2026-09-25T09:30:20Z  WARNING  stats fetch failed: timed out
2026-09-25T09:30:25Z  WARNING  thresholds fetch failed: timed out
2026-09-25T09:30:25Z  WARNING  stats fetch failed: timed out
2026-09-25T09:30:30Z  WARNING  thresholds fetch failed: timed out
2026-09-25T09:30:30Z  WARNING  stats fetch failed: timed out
2026-09-25T09:30:35Z  WARNING  thresholds fetch failed: timed out
2026-09-25T09:30:35Z  WARNING  stats fetch failed: timed out
2026-09-25T09:30:40Z  WARNING  thresholds fetch failed: timed out
2026-09-25T09:30:40Z  WARNING  stats fetch failed: timed out
2026-09-25T09:30:45Z  WARNING  thresholds fetch failed: timed out
2026-09-25T09:30:45Z  WARNING  stats fetch failed: timed out
2026-09-25T09:30:50Z  WARNING  thresholds fetch failed: timed out
2026-09-25T09:30:50Z  WARNING  stats fetch failed: timed out
2026-09-25T09:30:55Z  WARNING  thresholds fetch failed: timed out
2026-09-25T09:30:55Z  WARNING  stats fetch failed: timed out
2026-09-25T09:31:00Z  WARNING  thresholds fetch failed: timed out
2026-09-25T09:31:00Z  WARNING  stats fetch failed: timed out
2026-09-25T09:31:05Z  WARNING  thresholds fetch failed: timed out
2026-09-25T09:31:05Z  WARNING  stats fetch failed: timed out
2026-09-25T09:31:10Z  WARNING  thresholds fetch failed: timed out
2026-09-25T09:31:10Z  WARNING  stats fetch failed: timed out
2026-09-25T09:31:15Z  WARNING  thresholds fetch failed: timed out
2026-09-25T09:31:15Z  WARNING  stats fetch failed: timed out
2026-09-25T09:31:20Z  WARNING  thresholds fetch failed: timed out
2026-09-25T09:31:20Z  WARNING  stats fetch failed: timed out
2026-09-25T09:31:25Z  WARNING  thresholds fetch failed: timed out
2026-09-25T09:31:25Z  WARNING  stats fetch failed: timed out
2026-09-25T09:31:30Z  WARNING  thresholds fetch failed: timed out
2026-09-25T09:31:30Z  WARNING  stats fetch failed: timed out
2026-09-25T09:31:35Z  WARNING  thresholds fetch failed: timed out
2026-09-25T09:31:35Z  WARNING  stats fetch failed: timed out
2026-09-25T09:31:40Z  WARNING  thresholds fetch failed: timed out
2026-09-25T09:31:40Z  WARNING  stats fetch failed: timed out
2026-09-25T09:31:45Z  WARNING  thresholds fetch failed: timed out
2026-09-25T09:31:45Z  WARNING  stats fetch failed: timed out
2026-09-25T09:31:50Z  WARNING  thresholds fetch failed: timed out
2026-09-25T09:31:50Z  WARNING  stats fetch failed: timed out
2026-09-25T09:31:55Z  WARNING  thresholds fetch failed: timed out
2026-09-25T09:31:55Z  WARNING  stats fetch failed: timed out
2026-09-25T09:32:00Z  WARNING  thresholds fetch failed: timed out
2026-09-25T09:32:00Z  WARNING  stats fetch failed: timed out
2026-09-25T09:32:05Z  WARNING  thresholds fetch failed: timed out
2026-09-25T09:32:05Z  WARNING  stats fetch failed: timed out
2026-09-25T09:32:10Z  WARNING  thresholds fetch failed: timed out
2026-09-25T09:32:10Z  WARNING  stats fetch failed: timed out
2026-09-25T09:32:15Z  WARNING  thresholds fetch failed: timed out
2026-09-25T09:32:15Z  WARNING  stats fetch failed: timed out
2026-09-25T09:32:20Z  WARNING  thresholds fetch failed: timed out
2026-09-25T09:32:20Z  WARNING  stats fetch failed: timed out
2026-09-25T09:32:25Z  WARNING  thresholds fetch failed: timed out
2026-09-25T09:32:25Z  WARNING  stats fetch failed: timed out
2026-09-25T09:32:30Z  WARNING  thresholds fetch failed: timed out
2026-09-25T09:32:30Z  WARNING  stats fetch failed: timed out
2026-09-25T09:32:35Z  WARNING  thresholds fetch failed: timed out
2026-09-25T09:32:35Z  WARNING  stats fetch failed: timed out
2026-09-25T09:32:40Z  WARNING  thresholds fetch failed: timed out
2026-09-25T09:32:40Z  WARNING  stats fetch failed: timed out
2026-09-25T09:32:45Z  WARNING  thresholds fetch failed: timed out
2026-09-25T09:32:45Z  WARNING  stats fetch failed: timed out
2026-09-25T09:32:50Z  WARNING  thresholds fetch failed: timed out
2026-09-25T09:32:50Z  WARNING  stats fetch failed: timed out
2026-09-25T09:32:55Z  WARNING  thresholds fetch failed: timed out
2026-09-25T09:32:55Z  WARNING  stats fetch failed: timed out
2026-09-25T09:33:00Z  WARNING  thresholds fetch failed: timed out
2026-09-25T09:33:00Z  WARNING  stats fetch failed: timed out
2026-09-25T09:33:05Z  WARNING  thresholds fetch failed: timed out
2026-09-25T09:33:05Z  WARNING  stats fetch failed: timed out
2026-09-25T09:33:10Z  WARNING  thresholds fetch failed: timed out
2026-09-25T09:33:10Z  WARNING  stats fetch failed: timed out
2026-09-25T09:33:15Z  WARNING  thresholds fetch failed: timed out
2026-09-25T09:33:15Z  WARNING  stats fetch failed: timed out
2026-09-25T09:33:20Z  WARNING  thresholds fetch failed: timed out
2026-09-25T09:33:20Z  WARNING  stats fetch failed: timed out
2026-09-25T09:33:25Z  WARNING  thresholds fetch failed: timed out
2026-09-25T09:33:25Z  WARNING  stats fetch failed: timed out
2026-09-25T09:33:30Z  WARNING  thresholds fetch failed: timed out
2026-09-25T09:33:30Z  WARNING  stats fetch failed: timed out
2026-09-25T09:33:35Z  WARNING  thresholds fetch failed: timed out
2026-09-25T09:33:35Z  WARNING  stats fetch failed: timed out
2026-09-25T09:33:40Z  WARNING  thresholds fetch failed: timed out
2026-09-25T09:33:40Z  WARNING  stats fetch failed: timed out
2026-09-25T09:33:45Z  WARNING  thresholds fetch failed: timed out
2026-09-25T09:33:45Z  WARNING  stats fetch failed: timed out
2026-09-25T09:33:50Z  WARNING  thresholds fetch failed: timed out
2026-09-25T09:33:50Z  WARNING  stats fetch failed: timed out
2026-09-25T09:33:55Z  WARNING  thresholds fetch failed: timed out
2026-09-25T09:33:55Z  WARNING  stats fetch failed: timed out
2026-09-25T09:34:00Z  WARNING  thresholds fetch failed: timed out
2026-09-25T09:34:00Z  WARNING  stats fetch failed: timed out
2026-09-25T09:34:05Z  WARNING  thresholds fetch failed: timed out
2026-09-25T09:34:05Z  WARNING  stats fetch failed: timed out
2026-09-25T09:34:10Z  WARNING  thresholds fetch failed: timed out
2026-09-25T09:34:10Z  WARNING  stats fetch failed: timed out
2026-09-25T09:34:15Z  WARNING  thresholds fetch failed: timed out
2026-09-25T09:34:15Z  WARNING  stats fetch failed: timed out
2026-09-25T09:34:17Z  SHUTDOWN  signal=15
2026-09-25T09:34:18Z  EXIT
