2026-09-25T10:09:03Z  START  poll_interval=1s layer_a_poll_interval=5s
2026-09-25T10:10:10Z  WARNING  thresholds fetch failed: timed out
2026-09-25T10:10:10Z  WARNING  stats fetch failed: timed out
2026-09-25T10:10:15Z  WARNING  thresholds fetch failed: timed out
2026-09-25T10:10:15Z  WARNING  stats fetch failed: timed out
2026-09-25T10:10:20Z  WARNING  thresholds fetch failed: timed out
2026-09-25T10:10:20Z  WARNING  stats fetch failed: timed out
2026-09-25T10:10:25Z  WARNING  thresholds fetch failed: timed out
2026-09-25T10:10:25Z  WARNING  stats fetch failed: timed out
2026-09-25T10:10:30Z  WARNING  thresholds fetch failed: timed out
2026-09-25T10:10:30Z  WARNING  stats fetch failed: timed out
2026-09-25T10:10:35Z  WARNING  thresholds fetch failed: timed out
2026-09-25T10:10:35Z  WARNING  stats fetch failed: timed out
2026-09-25T10:10:40Z  WARNING  thresholds fetch failed: timed out
2026-09-25T10:10:40Z  WARNING  stats fetch failed: timed out
2026-09-25T10:10:45Z  WARNING  thresholds fetch failed: timed out
2026-09-25T10:10:45Z  WARNING  stats fetch failed: timed out
2026-09-25T10:10:50Z  WARNING  thresholds fetch failed: timed out
2026-09-25T10:10:50Z  WARNING  stats fetch failed: timed out
2026-09-25T10:10:55Z  WARNING  thresholds fetch failed: timed out
2026-09-25T10:10:55Z  WARNING  stats fetch failed: timed out
2026-09-25T10:11:00Z  WARNING  thresholds fetch failed: timed out
2026-09-25T10:11:00Z  WARNING  stats fetch failed: timed out
2026-09-25T10:11:05Z  WARNING  thresholds fetch failed: timed out
2026-09-25T10:11:05Z  WARNING  stats fetch failed: timed out
2026-09-25T10:11:10Z  WARNING  thresholds fetch failed: timed out
2026-09-25T10:11:10Z  WARNING  stats fetch failed: timed out
2026-09-25T10:11:15Z  WARNING  thresholds fetch failed: timed out
2026-09-25T10:11:15Z  WARNING  stats fetch failed: timed out
2026-09-25T10:11:20Z  WARNING  thresholds fetch failed: timed out
2026-09-25T10:11:20Z  WARNING  stats fetch failed: timed out
2026-09-25T10:11:25Z  WARNING  thresholds fetch failed: timed out
2026-09-25T10:11:25Z  WARNING  stats fetch failed: timed out
2026-09-25T10:11:30Z  WARNING  thresholds fetch failed: timed out
2026-09-25T10:11:30Z  WARNING  stats fetch failed: timed out
2026-09-25T10:11:35Z  WARNING  thresholds fetch failed: timed out
2026-09-25T10:11:35Z  WARNING  stats fetch failed: timed out
2026-09-25T10:11:40Z  WARNING  thresholds fetch failed: timed out
2026-09-25T10:11:40Z  WARNING  stats fetch failed: timed out
2026-09-25T10:11:45Z  WARNING  thresholds fetch failed: timed out
2026-09-25T10:11:45Z  WARNING  stats fetch failed: timed out
2026-09-25T10:11:50Z  WARNING  thresholds fetch failed: timed out
2026-09-25T10:11:50Z  WARNING  stats fetch failed: timed out
2026-09-25T10:11:55Z  WARNING  thresholds fetch failed: timed out
2026-09-25T10:11:55Z  WARNING  stats fetch failed: timed out
2026-09-25T10:12:00Z  WARNING  thresholds fetch failed: timed out
2026-09-25T10:12:00Z  WARNING  stats fetch failed: timed out
2026-09-25T10:12:05Z  WARNING  thresholds fetch failed: timed out
2026-09-25T10:12:05Z  WARNING  stats fetch failed: timed out
2026-09-25T10:12:10Z  WARNING  thresholds fetch failed: timed out
2026-09-25T10:12:10Z  WARNING  stats fetch failed: timed out
2026-09-25T10:12:15Z  WARNING  thresholds fetch failed: timed out
2026-09-25T10:12:15Z  WARNING  stats fetch failed: timed out
2026-09-25T10:12:20Z  WARNING  thresholds fetch failed: timed out
2026-09-25T10:12:20Z  WARNING  stats fetch failed: timed out
2026-09-25T10:12:25Z  WARNING  thresholds fetch failed: timed out
2026-09-25T10:12:25Z  WARNING  stats fetch failed: timed out
2026-09-25T10:12:30Z  WARNING  thresholds fetch failed: timed out
2026-09-25T10:12:30Z  WARNING  stats fetch failed: timed out
2026-09-25T10:12:35Z  WARNING  thresholds fetch failed: timed out
2026-09-25T10:12:35Z  WARNING  stats fetch failed: timed out
2026-09-25T10:12:40Z  WARNING  thresholds fetch failed: timed out
2026-09-25T10:12:40Z  WARNING  stats fetch failed: timed out
2026-09-25T10:12:45Z  WARNING  thresholds fetch failed: timed out
2026-09-25T10:12:45Z  WARNING  stats fetch failed: timed out
2026-09-25T10:12:50Z  WARNING  thresholds fetch failed: timed out
2026-09-25T10:12:50Z  WARNING  stats fetch failed: timed out
2026-09-25T10:12:55Z  WARNING  thresholds fetch failed: timed out
2026-09-25T10:12:55Z  WARNING  stats fetch failed: timed out
2026-09-25T10:13:00Z  WARNING  thresholds fetch failed: timed out
2026-09-25T10:13:00Z  WARNING  stats fetch failed: timed out
2026-09-25T10:13:05Z  WARNING  thresholds fetch failed: timed out
2026-09-25T10:13:05Z  WARNING  stats fetch failed: timed out
2026-09-25T10:13:10Z  WARNING  thresholds fetch failed: timed out
2026-09-25T10:13:10Z  WARNING  stats fetch failed: timed out
2026-09-25T10:13:15Z  WARNING  thresholds fetch failed: timed out
2026-09-25T10:13:15Z  WARNING  stats fetch failed: timed out
2026-09-25T10:13:20Z  WARNING  thresholds fetch failed: timed out
2026-09-25T10:13:20Z  WARNING  stats fetch failed: timed out
2026-09-25T10:13:25Z  WARNING  thresholds fetch failed: timed out
2026-09-25T10:13:25Z  WARNING  stats fetch failed: <urlopen error timed out>
2026-09-25T10:13:30Z  WARNING  thresholds fetch failed: timed out
2026-09-25T10:13:30Z  WARNING  stats fetch failed: timed out
2026-09-25T10:13:35Z  WARNING  thresholds fetch failed: timed out
2026-09-25T10:13:35Z  WARNING  stats fetch failed: timed out
2026-09-25T10:13:40Z  WARNING  thresholds fetch failed: timed out
2026-09-25T10:13:40Z  WARNING  stats fetch failed: timed out
2026-09-25T10:13:45Z  WARNING  thresholds fetch failed: timed out
2026-09-25T10:13:45Z  WARNING  stats fetch failed: timed out
2026-09-25T10:13:50Z  WARNING  thresholds fetch failed: timed out
2026-09-25T10:13:50Z  WARNING  stats fetch failed: timed out
2026-09-25T10:13:55Z  WARNING  thresholds fetch failed: timed out
2026-09-25T10:13:55Z  WARNING  stats fetch failed: timed out
2026-09-25T10:14:00Z  WARNING  thresholds fetch failed: timed out
2026-09-25T10:14:00Z  WARNING  stats fetch failed: timed out
2026-09-25T10:14:05Z  WARNING  thresholds fetch failed: timed out
2026-09-25T10:14:05Z  WARNING  stats fetch failed: timed out
2026-09-25T10:14:10Z  WARNING  thresholds fetch failed: timed out
2026-09-25T10:14:10Z  WARNING  stats fetch failed: timed out
2026-09-25T10:14:15Z  WARNING  thresholds fetch failed: timed out
2026-09-25T10:14:15Z  WARNING  stats fetch failed: timed out
2026-09-25T10:14:20Z  WARNING  thresholds fetch failed: timed out
2026-09-25T10:14:20Z  WARNING  stats fetch failed: timed out
2026-09-25T10:14:25Z  WARNING  thresholds fetch failed: timed out
2026-09-25T10:14:25Z  WARNING  stats fetch failed: timed out
2026-09-25T10:14:30Z  WARNING  thresholds fetch failed: timed out
2026-09-25T10:14:30Z  WARNING  stats fetch failed: timed out
2026-09-25T10:14:35Z  WARNING  thresholds fetch failed: timed out
2026-09-25T10:14:35Z  WARNING  stats fetch failed: timed out
2026-09-25T10:14:40Z  WARNING  thresholds fetch failed: timed out
2026-09-25T10:14:40Z  WARNING  stats fetch failed: timed out
2026-09-25T10:14:45Z  WARNING  thresholds fetch failed: timed out
2026-09-25T10:14:45Z  WARNING  stats fetch failed: timed out
2026-09-25T10:14:50Z  WARNING  thresholds fetch failed: timed out
2026-09-25T10:14:50Z  WARNING  stats fetch failed: timed out
2026-09-25T10:14:55Z  WARNING  thresholds fetch failed: timed out
2026-09-25T10:14:55Z  WARNING  stats fetch failed: timed out
2026-09-25T10:15:00Z  WARNING  thresholds fetch failed: timed out
2026-09-25T10:15:00Z  WARNING  stats fetch failed: timed out
2026-09-25T10:15:05Z  WARNING  thresholds fetch failed: timed out
2026-09-25T10:15:05Z  WARNING  stats fetch failed: timed out
2026-09-25T10:15:10Z  WARNING  thresholds fetch failed: timed out
2026-09-25T10:15:10Z  WARNING  stats fetch failed: timed out
2026-09-25T10:15:15Z  WARNING  thresholds fetch failed: timed out
2026-09-25T10:15:15Z  WARNING  stats fetch failed: timed out
2026-09-25T10:15:20Z  WARNING  thresholds fetch failed: timed out
2026-09-25T10:15:20Z  WARNING  stats fetch failed: timed out
2026-09-25T10:15:25Z  WARNING  thresholds fetch failed: timed out
2026-09-25T10:15:25Z  WARNING  stats fetch failed: timed out
2026-09-25T10:15:30Z  WARNING  thresholds fetch failed: timed out
2026-09-25T10:15:30Z  WARNING  stats fetch failed: timed out
2026-09-25T10:15:35Z  WARNING  thresholds fetch failed: timed out
2026-09-25T10:15:35Z  WARNING  stats fetch failed: timed out
2026-09-25T10:15:40Z  WARNING  thresholds fetch failed: timed out
2026-09-25T10:15:40Z  WARNING  stats fetch failed: timed out
2026-09-25T10:15:45Z  WARNING  thresholds fetch failed: timed out
2026-09-25T10:15:45Z  WARNING  stats fetch failed: timed out
2026-09-25T10:15:50Z  WARNING  thresholds fetch failed: timed out
2026-09-25T10:15:50Z  WARNING  stats fetch failed: timed out
2026-09-25T10:15:55Z  WARNING  thresholds fetch failed: timed out
2026-09-25T10:15:55Z  WARNING  stats fetch failed: timed out
2026-09-25T10:16:00Z  WARNING  thresholds fetch failed: timed out
2026-09-25T10:16:00Z  WARNING  stats fetch failed: timed out
2026-09-25T10:16:05Z  WARNING  thresholds fetch failed: timed out
2026-09-25T10:16:05Z  WARNING  stats fetch failed: timed out
2026-09-25T10:16:10Z  WARNING  thresholds fetch failed: timed out
2026-09-25T10:16:10Z  WARNING  stats fetch failed: timed out
2026-09-25T10:16:15Z  WARNING  thresholds fetch failed: timed out
2026-09-25T10:16:15Z  WARNING  stats fetch failed: timed out
2026-09-25T10:16:20Z  WARNING  thresholds fetch failed: timed out
2026-09-25T10:16:20Z  WARNING  stats fetch failed: timed out
2026-09-25T10:16:25Z  WARNING  thresholds fetch failed: timed out
2026-09-25T10:16:25Z  WARNING  stats fetch failed: timed out
2026-09-25T10:16:30Z  WARNING  thresholds fetch failed: timed out
2026-09-25T10:16:30Z  WARNING  stats fetch failed: timed out
2026-09-25T10:16:35Z  WARNING  thresholds fetch failed: timed out
2026-09-25T10:16:35Z  WARNING  stats fetch failed: timed out
2026-09-25T10:16:40Z  WARNING  thresholds fetch failed: timed out
2026-09-25T10:16:40Z  WARNING  stats fetch failed: timed out
2026-09-25T10:16:45Z  WARNING  thresholds fetch failed: timed out
2026-09-25T10:16:45Z  WARNING  stats fetch failed: timed out
2026-09-25T10:16:50Z  WARNING  thresholds fetch failed: timed out
2026-09-25T10:16:50Z  WARNING  stats fetch failed: timed out
2026-09-25T10:16:55Z  WARNING  thresholds fetch failed: timed out
2026-09-25T10:16:55Z  WARNING  stats fetch failed: timed out
2026-09-25T10:17:00Z  WARNING  thresholds fetch failed: timed out
2026-09-25T10:17:00Z  WARNING  stats fetch failed: timed out
2026-09-25T10:17:05Z  WARNING  thresholds fetch failed: timed out
2026-09-25T10:17:05Z  WARNING  stats fetch failed: timed out
2026-09-25T10:17:10Z  WARNING  thresholds fetch failed: timed out
2026-09-25T10:17:10Z  WARNING  stats fetch failed: timed out
2026-09-25T10:17:15Z  WARNING  thresholds fetch failed: timed out
2026-09-25T10:17:15Z  WARNING  stats fetch failed: timed out
2026-09-25T10:17:20Z  WARNING  thresholds fetch failed: timed out
2026-09-25T10:17:20Z  WARNING  stats fetch failed: timed out
2026-09-25T10:17:25Z  WARNING  thresholds fetch failed: timed out
2026-09-25T10:17:25Z  WARNING  stats fetch failed: timed out
2026-09-25T10:17:30Z  WARNING  thresholds fetch failed: timed out
2026-09-25T10:17:30Z  WARNING  stats fetch failed: timed out
2026-09-25T10:17:35Z  WARNING  thresholds fetch failed: timed out
2026-09-25T10:17:35Z  WARNING  stats fetch failed: timed out
2026-09-25T10:17:40Z  WARNING  thresholds fetch failed: timed out
2026-09-25T10:17:40Z  WARNING  stats fetch failed: timed out
2026-09-25T10:17:45Z  WARNING  thresholds fetch failed: timed out
2026-09-25T10:17:45Z  WARNING  stats fetch failed: timed out
2026-09-25T10:17:50Z  WARNING  thresholds fetch failed: timed out
2026-09-25T10:17:50Z  WARNING  stats fetch failed: timed out
2026-09-25T10:17:55Z  WARNING  thresholds fetch failed: timed out
2026-09-25T10:17:55Z  WARNING  stats fetch failed: timed out
2026-09-25T10:18:00Z  WARNING  thresholds fetch failed: timed out
2026-09-25T10:18:00Z  WARNING  stats fetch failed: timed out
2026-09-25T10:18:05Z  WARNING  thresholds fetch failed: timed out
2026-09-25T10:18:05Z  WARNING  stats fetch failed: timed out
2026-09-25T10:18:10Z  WARNING  thresholds fetch failed: timed out
2026-09-25T10:18:10Z  WARNING  stats fetch failed: timed out
2026-09-25T10:18:15Z  WARNING  thresholds fetch failed: timed out
2026-09-25T10:18:15Z  WARNING  stats fetch failed: timed out
2026-09-25T10:18:20Z  WARNING  thresholds fetch failed: timed out
2026-09-25T10:18:20Z  WARNING  stats fetch failed: timed out
2026-09-25T10:18:25Z  WARNING  thresholds fetch failed: timed out
2026-09-25T10:18:25Z  WARNING  stats fetch failed: timed out
2026-09-25T10:18:30Z  WARNING  thresholds fetch failed: timed out
2026-09-25T10:18:30Z  WARNING  stats fetch failed: timed out
2026-09-25T10:18:35Z  WARNING  thresholds fetch failed: timed out
2026-09-25T10:18:35Z  WARNING  stats fetch failed: timed out
2026-09-25T10:18:40Z  WARNING  thresholds fetch failed: timed out
2026-09-25T10:18:40Z  WARNING  stats fetch failed: timed out
2026-09-25T10:18:45Z  WARNING  thresholds fetch failed: timed out
2026-09-25T10:18:45Z  WARNING  stats fetch failed: timed out
2026-09-25T10:18:50Z  WARNING  thresholds fetch failed: timed out
2026-09-25T10:18:50Z  WARNING  stats fetch failed: timed out
2026-09-25T10:18:55Z  WARNING  thresholds fetch failed: timed out
2026-09-25T10:18:55Z  WARNING  stats fetch failed: timed out
2026-09-25T10:19:00Z  WARNING  thresholds fetch failed: timed out
2026-09-25T10:19:00Z  WARNING  stats fetch failed: timed out
2026-09-25T10:19:05Z  WARNING  thresholds fetch failed: timed out
2026-09-25T10:19:05Z  WARNING  stats fetch failed: timed out
2026-09-25T10:19:10Z  WARNING  thresholds fetch failed: timed out
2026-09-25T10:19:10Z  WARNING  stats fetch failed: timed out
2026-09-25T10:19:15Z  WARNING  thresholds fetch failed: timed out
2026-09-25T10:19:15Z  WARNING  stats fetch failed: timed out
2026-09-25T10:19:20Z  WARNING  thresholds fetch failed: timed out
2026-09-25T10:19:20Z  WARNING  stats fetch failed: timed out
2026-09-25T10:19:25Z  WARNING  thresholds fetch failed: timed out
2026-09-25T10:19:25Z  WARNING  stats fetch failed: timed out
2026-09-25T10:19:30Z  WARNING  thresholds fetch failed: timed out
2026-09-25T10:19:30Z  WARNING  stats fetch failed: timed out
2026-09-25T10:19:35Z  WARNING  thresholds fetch failed: timed out
2026-09-25T10:19:35Z  WARNING  stats fetch failed: timed out
2026-09-25T10:19:41Z  SHUTDOWN  signal=15
2026-09-25T10:19:42Z  EXIT
