2026-09-26T13:17:53Z  START  poll_interval=1s layer_a_poll_interval=5s
2026-09-26T13:19:00Z  WARNING  thresholds fetch failed: timed out
2026-09-26T13:19:00Z  WARNING  stats fetch failed: timed out
2026-09-26T13:19:05Z  WARNING  thresholds fetch failed: timed out
2026-09-26T13:19:05Z  WARNING  stats fetch failed: timed out
2026-09-26T13:19:10Z  WARNING  thresholds fetch failed: timed out
2026-09-26T13:19:10Z  WARNING  stats fetch failed: timed out
2026-09-26T13:19:15Z  WARNING  thresholds fetch failed: timed out
2026-09-26T13:19:15Z  WARNING  stats fetch failed: timed out
2026-09-26T13:19:20Z  WARNING  thresholds fetch failed: timed out
2026-09-26T13:19:20Z  WARNING  stats fetch failed: timed out
2026-09-26T13:19:25Z  WARNING  thresholds fetch failed: timed out
2026-09-26T13:19:25Z  WARNING  stats fetch failed: timed out
2026-09-26T13:19:30Z  WARNING  thresholds fetch failed: timed out
2026-09-26T13:19:30Z  WARNING  stats fetch failed: timed out
2026-09-26T13:19:35Z  WARNING  thresholds fetch failed: timed out
2026-09-26T13:19:35Z  WARNING  stats fetch failed: timed out
2026-09-26T13:19:40Z  WARNING  thresholds fetch failed: timed out
2026-09-26T13:19:40Z  WARNING  stats fetch failed: timed out
2026-09-26T13:19:45Z  WARNING  thresholds fetch failed: timed out
2026-09-26T13:19:45Z  WARNING  stats fetch failed: timed out
2026-09-26T13:19:50Z  WARNING  thresholds fetch failed: timed out
2026-09-26T13:19:50Z  WARNING  stats fetch failed: timed out
2026-09-26T13:19:55Z  WARNING  thresholds fetch failed: timed out
2026-09-26T13:19:55Z  WARNING  stats fetch failed: timed out
2026-09-26T13:20:00Z  WARNING  thresholds fetch failed: timed out
2026-09-26T13:20:00Z  WARNING  stats fetch failed: timed out
2026-09-26T13:20:05Z  WARNING  thresholds fetch failed: timed out
2026-09-26T13:20:05Z  WARNING  stats fetch failed: timed out
2026-09-26T13:20:10Z  WARNING  thresholds fetch failed: timed out
2026-09-26T13:20:10Z  WARNING  stats fetch failed: timed out
2026-09-26T13:20:15Z  WARNING  thresholds fetch failed: timed out
2026-09-26T13:20:15Z  WARNING  stats fetch failed: timed out
2026-09-26T13:20:20Z  WARNING  thresholds fetch failed: timed out
2026-09-26T13:20:20Z  WARNING  stats fetch failed: timed out
2026-09-26T13:20:25Z  WARNING  thresholds fetch failed: timed out
2026-09-26T13:20:25Z  WARNING  stats fetch failed: timed out
2026-09-26T13:20:30Z  WARNING  thresholds fetch failed: timed out
2026-09-26T13:20:30Z  WARNING  stats fetch failed: timed out
2026-09-26T13:20:35Z  WARNING  thresholds fetch failed: timed out
2026-09-26T13:20:35Z  WARNING  stats fetch failed: timed out
2026-09-26T13:20:40Z  WARNING  thresholds fetch failed: timed out
2026-09-26T13:20:40Z  WARNING  stats fetch failed: timed out
2026-09-26T13:20:45Z  WARNING  thresholds fetch failed: timed out
2026-09-26T13:20:45Z  WARNING  stats fetch failed: timed out
2026-09-26T13:20:50Z  WARNING  thresholds fetch failed: timed out
2026-09-26T13:20:50Z  WARNING  stats fetch failed: timed out
2026-09-26T13:20:55Z  WARNING  thresholds fetch failed: timed out
2026-09-26T13:20:55Z  WARNING  stats fetch failed: timed out
2026-09-26T13:21:00Z  WARNING  thresholds fetch failed: timed out
2026-09-26T13:21:00Z  WARNING  stats fetch failed: timed out
2026-09-26T13:21:05Z  WARNING  thresholds fetch failed: timed out
2026-09-26T13:21:05Z  WARNING  stats fetch failed: timed out
2026-09-26T13:21:10Z  WARNING  thresholds fetch failed: timed out
2026-09-26T13:21:10Z  WARNING  stats fetch failed: timed out
2026-09-26T13:21:15Z  WARNING  thresholds fetch failed: timed out
2026-09-26T13:21:15Z  WARNING  stats fetch failed: timed out
2026-09-26T13:21:20Z  WARNING  thresholds fetch failed: timed out
2026-09-26T13:21:20Z  WARNING  stats fetch failed: timed out
2026-09-26T13:21:25Z  WARNING  thresholds fetch failed: timed out
2026-09-26T13:21:25Z  WARNING  stats fetch failed: timed out
2026-09-26T13:21:30Z  WARNING  thresholds fetch failed: timed out
2026-09-26T13:21:30Z  WARNING  stats fetch failed: timed out
2026-09-26T13:21:35Z  WARNING  thresholds fetch failed: timed out
2026-09-26T13:21:35Z  WARNING  stats fetch failed: timed out
2026-09-26T13:21:40Z  WARNING  thresholds fetch failed: timed out
2026-09-26T13:21:40Z  WARNING  stats fetch failed: timed out
2026-09-26T13:21:45Z  WARNING  thresholds fetch failed: timed out
2026-09-26T13:21:45Z  WARNING  stats fetch failed: timed out
2026-09-26T13:21:50Z  WARNING  thresholds fetch failed: timed out
2026-09-26T13:21:50Z  WARNING  stats fetch failed: timed out
2026-09-26T13:21:55Z  WARNING  thresholds fetch failed: timed out
2026-09-26T13:21:55Z  WARNING  stats fetch failed: timed out
2026-09-26T13:22:00Z  WARNING  thresholds fetch failed: timed out
2026-09-26T13:22:00Z  WARNING  stats fetch failed: timed out
2026-09-26T13:22:05Z  WARNING  thresholds fetch failed: timed out
2026-09-26T13:22:05Z  WARNING  stats fetch failed: timed out
2026-09-26T13:22:10Z  WARNING  thresholds fetch failed: timed out
2026-09-26T13:22:10Z  WARNING  stats fetch failed: timed out
2026-09-26T13:22:15Z  WARNING  thresholds fetch failed: timed out
2026-09-26T13:22:15Z  WARNING  stats fetch failed: timed out
2026-09-26T13:22:20Z  WARNING  thresholds fetch failed: timed out
2026-09-26T13:22:20Z  WARNING  stats fetch failed: timed out
2026-09-26T13:22:25Z  WARNING  thresholds fetch failed: timed out
2026-09-26T13:22:25Z  WARNING  stats fetch failed: timed out
2026-09-26T13:22:30Z  WARNING  thresholds fetch failed: timed out
2026-09-26T13:22:30Z  WARNING  stats fetch failed: timed out
2026-09-26T13:22:35Z  WARNING  thresholds fetch failed: timed out
2026-09-26T13:22:35Z  WARNING  stats fetch failed: timed out
2026-09-26T13:22:40Z  WARNING  thresholds fetch failed: timed out
2026-09-26T13:22:40Z  WARNING  stats fetch failed: timed out
2026-09-26T13:22:45Z  WARNING  thresholds fetch failed: timed out
2026-09-26T13:22:45Z  WARNING  stats fetch failed: timed out
2026-09-26T13:22:50Z  WARNING  thresholds fetch failed: timed out
2026-09-26T13:22:50Z  WARNING  stats fetch failed: timed out
2026-09-26T13:22:55Z  WARNING  thresholds fetch failed: timed out
2026-09-26T13:22:55Z  WARNING  stats fetch failed: timed out
2026-09-26T13:23:00Z  WARNING  thresholds fetch failed: timed out
2026-09-26T13:23:00Z  WARNING  stats fetch failed: timed out
2026-09-26T13:23:05Z  WARNING  thresholds fetch failed: timed out
2026-09-26T13:23:05Z  WARNING  stats fetch failed: timed out
2026-09-26T13:23:10Z  WARNING  thresholds fetch failed: timed out
2026-09-26T13:23:10Z  WARNING  stats fetch failed: timed out
2026-09-26T13:23:15Z  WARNING  thresholds fetch failed: timed out
2026-09-26T13:23:15Z  WARNING  stats fetch failed: timed out
2026-09-26T13:23:20Z  WARNING  thresholds fetch failed: timed out
2026-09-26T13:23:20Z  WARNING  stats fetch failed: timed out
2026-09-26T13:23:25Z  WARNING  thresholds fetch failed: timed out
2026-09-26T13:23:25Z  WARNING  stats fetch failed: timed out
2026-09-26T13:23:30Z  WARNING  thresholds fetch failed: timed out
2026-09-26T13:23:30Z  WARNING  stats fetch failed: <urlopen error timed out>
2026-09-26T13:23:35Z  WARNING  thresholds fetch failed: timed out
2026-09-26T13:23:35Z  WARNING  stats fetch failed: timed out
2026-09-26T13:23:40Z  WARNING  thresholds fetch failed: timed out
2026-09-26T13:23:40Z  WARNING  stats fetch failed: timed out
2026-09-26T13:23:45Z  WARNING  thresholds fetch failed: timed out
2026-09-26T13:23:45Z  WARNING  stats fetch failed: timed out
2026-09-26T13:23:50Z  WARNING  thresholds fetch failed: timed out
2026-09-26T13:23:50Z  WARNING  stats fetch failed: timed out
2026-09-26T13:23:55Z  WARNING  thresholds fetch failed: timed out
2026-09-26T13:23:55Z  WARNING  stats fetch failed: timed out
2026-09-26T13:24:00Z  WARNING  thresholds fetch failed: timed out
2026-09-26T13:24:00Z  WARNING  stats fetch failed: timed out
2026-09-26T13:24:05Z  WARNING  thresholds fetch failed: timed out
2026-09-26T13:24:05Z  WARNING  stats fetch failed: timed out
2026-09-26T13:24:10Z  WARNING  thresholds fetch failed: timed out
2026-09-26T13:24:10Z  WARNING  stats fetch failed: timed out
2026-09-26T13:24:15Z  WARNING  thresholds fetch failed: timed out
2026-09-26T13:24:15Z  WARNING  stats fetch failed: timed out
2026-09-26T13:24:20Z  WARNING  thresholds fetch failed: timed out
2026-09-26T13:24:20Z  WARNING  stats fetch failed: timed out
2026-09-26T13:24:25Z  WARNING  thresholds fetch failed: timed out
2026-09-26T13:24:25Z  WARNING  stats fetch failed: timed out
2026-09-26T13:24:30Z  WARNING  thresholds fetch failed: timed out
2026-09-26T13:24:30Z  WARNING  stats fetch failed: timed out
2026-09-26T13:24:35Z  WARNING  thresholds fetch failed: timed out
2026-09-26T13:24:35Z  WARNING  stats fetch failed: timed out
2026-09-26T13:24:40Z  WARNING  thresholds fetch failed: timed out
2026-09-26T13:24:40Z  WARNING  stats fetch failed: timed out
2026-09-26T13:24:45Z  WARNING  thresholds fetch failed: timed out
2026-09-26T13:24:45Z  WARNING  stats fetch failed: timed out
2026-09-26T13:24:50Z  WARNING  thresholds fetch failed: timed out
2026-09-26T13:24:50Z  WARNING  stats fetch failed: timed out
2026-09-26T13:24:55Z  WARNING  thresholds fetch failed: timed out
2026-09-26T13:24:55Z  WARNING  stats fetch failed: timed out
2026-09-26T13:25:00Z  WARNING  thresholds fetch failed: timed out
2026-09-26T13:25:00Z  WARNING  stats fetch failed: timed out
2026-09-26T13:25:05Z  WARNING  thresholds fetch failed: timed out
2026-09-26T13:25:05Z  WARNING  stats fetch failed: timed out
2026-09-26T13:25:10Z  WARNING  thresholds fetch failed: timed out
2026-09-26T13:25:10Z  WARNING  stats fetch failed: timed out
2026-09-26T13:25:15Z  WARNING  thresholds fetch failed: timed out
2026-09-26T13:25:15Z  WARNING  stats fetch failed: timed out
2026-09-26T13:25:20Z  WARNING  thresholds fetch failed: timed out
2026-09-26T13:25:20Z  WARNING  stats fetch failed: timed out
2026-09-26T13:25:25Z  WARNING  thresholds fetch failed: timed out
2026-09-26T13:25:25Z  WARNING  stats fetch failed: timed out
2026-09-26T13:25:30Z  WARNING  thresholds fetch failed: timed out
2026-09-26T13:25:30Z  WARNING  stats fetch failed: timed out
2026-09-26T13:25:35Z  WARNING  thresholds fetch failed: timed out
2026-09-26T13:25:35Z  WARNING  stats fetch failed: timed out
2026-09-26T13:25:40Z  WARNING  thresholds fetch failed: timed out
2026-09-26T13:25:40Z  WARNING  stats fetch failed: timed out
2026-09-26T13:25:45Z  WARNING  thresholds fetch failed: timed out
2026-09-26T13:25:45Z  WARNING  stats fetch failed: timed out
2026-09-26T13:25:50Z  WARNING  thresholds fetch failed: timed out
2026-09-26T13:25:50Z  WARNING  stats fetch failed: timed out
2026-09-26T13:25:55Z  WARNING  thresholds fetch failed: timed out
2026-09-26T13:25:55Z  WARNING  stats fetch failed: timed out
2026-09-26T13:26:00Z  WARNING  thresholds fetch failed: timed out
2026-09-26T13:26:00Z  WARNING  stats fetch failed: timed out
2026-09-26T13:26:05Z  WARNING  thresholds fetch failed: timed out
2026-09-26T13:26:05Z  WARNING  stats fetch failed: timed out
2026-09-26T13:26:10Z  WARNING  thresholds fetch failed: timed out
2026-09-26T13:26:10Z  WARNING  stats fetch failed: timed out
2026-09-26T13:26:15Z  WARNING  thresholds fetch failed: timed out
2026-09-26T13:26:15Z  WARNING  stats fetch failed: timed out
2026-09-26T13:26:20Z  WARNING  thresholds fetch failed: timed out
2026-09-26T13:26:20Z  WARNING  stats fetch failed: timed out
2026-09-26T13:26:25Z  WARNING  thresholds fetch failed: timed out
2026-09-26T13:26:25Z  WARNING  stats fetch failed: timed out
2026-09-26T13:26:30Z  WARNING  thresholds fetch failed: timed out
2026-09-26T13:26:30Z  WARNING  stats fetch failed: timed out
2026-09-26T13:26:35Z  WARNING  thresholds fetch failed: timed out
2026-09-26T13:26:35Z  WARNING  stats fetch failed: timed out
2026-09-26T13:26:40Z  WARNING  thresholds fetch failed: timed out
2026-09-26T13:26:40Z  WARNING  stats fetch failed: timed out
2026-09-26T13:26:45Z  WARNING  thresholds fetch failed: timed out
2026-09-26T13:26:45Z  WARNING  stats fetch failed: timed out
2026-09-26T13:26:50Z  WARNING  thresholds fetch failed: timed out
2026-09-26T13:26:50Z  WARNING  stats fetch failed: timed out
2026-09-26T13:26:55Z  WARNING  thresholds fetch failed: timed out
2026-09-26T13:26:55Z  WARNING  stats fetch failed: timed out
2026-09-26T13:27:00Z  WARNING  thresholds fetch failed: timed out
2026-09-26T13:27:00Z  WARNING  stats fetch failed: timed out
2026-09-26T13:27:05Z  WARNING  thresholds fetch failed: timed out
2026-09-26T13:27:05Z  WARNING  stats fetch failed: timed out
2026-09-26T13:27:10Z  WARNING  thresholds fetch failed: timed out
2026-09-26T13:27:10Z  WARNING  stats fetch failed: timed out
2026-09-26T13:27:15Z  WARNING  thresholds fetch failed: timed out
2026-09-26T13:27:15Z  WARNING  stats fetch failed: timed out
2026-09-26T13:27:20Z  WARNING  thresholds fetch failed: timed out
2026-09-26T13:27:20Z  WARNING  stats fetch failed: timed out
2026-09-26T13:27:25Z  WARNING  thresholds fetch failed: timed out
2026-09-26T13:27:25Z  WARNING  stats fetch failed: timed out
2026-09-26T13:27:30Z  WARNING  thresholds fetch failed: timed out
2026-09-26T13:27:30Z  WARNING  stats fetch failed: timed out
2026-09-26T13:27:35Z  WARNING  thresholds fetch failed: timed out
2026-09-26T13:27:35Z  WARNING  stats fetch failed: timed out
2026-09-26T13:27:40Z  WARNING  thresholds fetch failed: timed out
2026-09-26T13:27:40Z  WARNING  stats fetch failed: timed out
2026-09-26T13:27:45Z  WARNING  thresholds fetch failed: timed out
2026-09-26T13:27:45Z  WARNING  stats fetch failed: timed out
2026-09-26T13:27:50Z  WARNING  thresholds fetch failed: timed out
2026-09-26T13:27:50Z  WARNING  stats fetch failed: timed out
2026-09-26T13:27:55Z  WARNING  thresholds fetch failed: timed out
2026-09-26T13:27:55Z  WARNING  stats fetch failed: timed out
2026-09-26T13:28:00Z  WARNING  thresholds fetch failed: timed out
2026-09-26T13:28:00Z  WARNING  stats fetch failed: timed out
2026-09-26T13:28:05Z  WARNING  thresholds fetch failed: timed out
2026-09-26T13:28:05Z  WARNING  stats fetch failed: timed out
2026-09-26T13:28:10Z  WARNING  thresholds fetch failed: timed out
2026-09-26T13:28:10Z  WARNING  stats fetch failed: timed out
2026-09-26T13:28:15Z  WARNING  thresholds fetch failed: timed out
2026-09-26T13:28:15Z  WARNING  stats fetch failed: timed out
2026-09-26T13:28:20Z  WARNING  thresholds fetch failed: timed out
2026-09-26T13:28:20Z  WARNING  stats fetch failed: timed out
2026-09-26T13:28:25Z  WARNING  thresholds fetch failed: timed out
2026-09-26T13:28:25Z  WARNING  stats fetch failed: timed out
2026-09-26T13:28:31Z  SHUTDOWN  signal=15
2026-09-26T13:28:31Z  EXIT
