2026-10-06T10:13:34Z  START  poll_interval=1s layer_a_poll_interval=5s
2026-10-06T10:15:10Z  WARNING  thresholds fetch failed: timed out
2026-10-06T10:15:10Z  WARNING  stats fetch failed: timed out
2026-10-06T10:15:15Z  WARNING  thresholds fetch failed: timed out
2026-10-06T10:15:15Z  WARNING  stats fetch failed: timed out
2026-10-06T10:15:20Z  WARNING  thresholds fetch failed: timed out
2026-10-06T10:15:20Z  WARNING  stats fetch failed: timed out
2026-10-06T10:15:25Z  WARNING  thresholds fetch failed: timed out
2026-10-06T10:15:25Z  WARNING  stats fetch failed: timed out
2026-10-06T10:15:30Z  WARNING  thresholds fetch failed: timed out
2026-10-06T10:15:30Z  WARNING  stats fetch failed: timed out
2026-10-06T10:15:35Z  WARNING  thresholds fetch failed: timed out
2026-10-06T10:15:35Z  WARNING  stats fetch failed: timed out
2026-10-06T10:15:40Z  WARNING  thresholds fetch failed: timed out
2026-10-06T10:15:40Z  WARNING  stats fetch failed: timed out
2026-10-06T10:15:45Z  WARNING  thresholds fetch failed: timed out
2026-10-06T10:15:45Z  WARNING  stats fetch failed: timed out
2026-10-06T10:15:50Z  WARNING  thresholds fetch failed: timed out
2026-10-06T10:15:50Z  WARNING  stats fetch failed: timed out
2026-10-06T10:15:55Z  WARNING  thresholds fetch failed: timed out
2026-10-06T10:15:55Z  WARNING  stats fetch failed: timed out
2026-10-06T10:16:00Z  WARNING  thresholds fetch failed: timed out
2026-10-06T10:16:00Z  WARNING  stats fetch failed: timed out
2026-10-06T10:16:05Z  WARNING  thresholds fetch failed: timed out
2026-10-06T10:16:05Z  WARNING  stats fetch failed: timed out
2026-10-06T10:16:10Z  WARNING  thresholds fetch failed: timed out
2026-10-06T10:16:10Z  WARNING  stats fetch failed: timed out
2026-10-06T10:16:15Z  WARNING  thresholds fetch failed: timed out
2026-10-06T10:16:15Z  WARNING  stats fetch failed: timed out
2026-10-06T10:16:20Z  WARNING  thresholds fetch failed: timed out
2026-10-06T10:16:20Z  WARNING  stats fetch failed: timed out
2026-10-06T10:16:25Z  WARNING  thresholds fetch failed: timed out
2026-10-06T10:16:25Z  WARNING  stats fetch failed: timed out
2026-10-06T10:16:30Z  WARNING  thresholds fetch failed: timed out
2026-10-06T10:16:30Z  WARNING  stats fetch failed: timed out
2026-10-06T10:16:35Z  WARNING  thresholds fetch failed: timed out
2026-10-06T10:16:35Z  WARNING  stats fetch failed: timed out
2026-10-06T10:16:40Z  WARNING  thresholds fetch failed: timed out
2026-10-06T10:16:40Z  WARNING  stats fetch failed: timed out
2026-10-06T10:16:45Z  WARNING  thresholds fetch failed: timed out
2026-10-06T10:16:45Z  WARNING  stats fetch failed: timed out
2026-10-06T10:16:50Z  WARNING  thresholds fetch failed: timed out
2026-10-06T10:16:50Z  WARNING  stats fetch failed: timed out
2026-10-06T10:16:55Z  WARNING  thresholds fetch failed: timed out
2026-10-06T10:16:55Z  WARNING  stats fetch failed: timed out
2026-10-06T10:17:00Z  WARNING  thresholds fetch failed: timed out
2026-10-06T10:17:00Z  WARNING  stats fetch failed: timed out
2026-10-06T10:17:05Z  WARNING  thresholds fetch failed: timed out
2026-10-06T10:17:05Z  WARNING  stats fetch failed: timed out
2026-10-06T10:17:10Z  WARNING  thresholds fetch failed: timed out
2026-10-06T10:17:10Z  WARNING  stats fetch failed: timed out
2026-10-06T10:17:15Z  WARNING  thresholds fetch failed: timed out
2026-10-06T10:17:15Z  WARNING  stats fetch failed: timed out
2026-10-06T10:17:20Z  WARNING  thresholds fetch failed: timed out
2026-10-06T10:17:20Z  WARNING  stats fetch failed: timed out
2026-10-06T10:17:25Z  WARNING  thresholds fetch failed: timed out
2026-10-06T10:17:25Z  WARNING  stats fetch failed: timed out
2026-10-06T10:17:30Z  WARNING  thresholds fetch failed: timed out
2026-10-06T10:17:30Z  WARNING  stats fetch failed: timed out
2026-10-06T10:17:35Z  WARNING  thresholds fetch failed: timed out
2026-10-06T10:17:35Z  WARNING  stats fetch failed: timed out
2026-10-06T10:17:40Z  WARNING  thresholds fetch failed: timed out
2026-10-06T10:17:40Z  WARNING  stats fetch failed: timed out
2026-10-06T10:17:45Z  WARNING  thresholds fetch failed: timed out
2026-10-06T10:17:45Z  WARNING  stats fetch failed: timed out
2026-10-06T10:17:50Z  WARNING  thresholds fetch failed: timed out
2026-10-06T10:17:50Z  WARNING  stats fetch failed: timed out
2026-10-06T10:17:55Z  WARNING  thresholds fetch failed: timed out
2026-10-06T10:17:55Z  WARNING  stats fetch failed: timed out
2026-10-06T10:18:00Z  WARNING  thresholds fetch failed: timed out
2026-10-06T10:18:00Z  WARNING  stats fetch failed: timed out
2026-10-06T10:18:05Z  WARNING  thresholds fetch failed: timed out
2026-10-06T10:18:05Z  WARNING  stats fetch failed: timed out
2026-10-06T10:18:10Z  WARNING  thresholds fetch failed: timed out
2026-10-06T10:18:10Z  WARNING  stats fetch failed: timed out
2026-10-06T10:18:15Z  WARNING  thresholds fetch failed: timed out
2026-10-06T10:18:15Z  WARNING  stats fetch failed: timed out
2026-10-06T10:18:20Z  WARNING  thresholds fetch failed: timed out
2026-10-06T10:18:20Z  WARNING  stats fetch failed: timed out
2026-10-06T10:18:25Z  WARNING  thresholds fetch failed: timed out
2026-10-06T10:18:25Z  WARNING  stats fetch failed: timed out
2026-10-06T10:18:30Z  WARNING  thresholds fetch failed: timed out
2026-10-06T10:18:30Z  WARNING  stats fetch failed: timed out
2026-10-06T10:18:35Z  WARNING  thresholds fetch failed: timed out
2026-10-06T10:18:35Z  WARNING  stats fetch failed: timed out
2026-10-06T10:18:40Z  WARNING  thresholds fetch failed: timed out
2026-10-06T10:18:40Z  WARNING  stats fetch failed: timed out
2026-10-06T10:18:45Z  WARNING  thresholds fetch failed: timed out
2026-10-06T10:18:45Z  WARNING  stats fetch failed: timed out
2026-10-06T10:18:50Z  WARNING  thresholds fetch failed: timed out
2026-10-06T10:18:50Z  WARNING  stats fetch failed: timed out
2026-10-06T10:18:55Z  WARNING  thresholds fetch failed: timed out
2026-10-06T10:18:55Z  WARNING  stats fetch failed: timed out
2026-10-06T10:19:00Z  WARNING  thresholds fetch failed: timed out
2026-10-06T10:19:00Z  WARNING  stats fetch failed: timed out
2026-10-06T10:19:05Z  WARNING  thresholds fetch failed: timed out
2026-10-06T10:19:05Z  WARNING  stats fetch failed: timed out
2026-10-06T10:19:10Z  WARNING  thresholds fetch failed: timed out
2026-10-06T10:19:10Z  WARNING  stats fetch failed: timed out
2026-10-06T10:19:15Z  WARNING  thresholds fetch failed: timed out
2026-10-06T10:19:15Z  WARNING  stats fetch failed: timed out
2026-10-06T10:19:20Z  WARNING  thresholds fetch failed: timed out
2026-10-06T10:19:20Z  WARNING  stats fetch failed: timed out
2026-10-06T10:19:25Z  WARNING  thresholds fetch failed: timed out
2026-10-06T10:19:25Z  WARNING  stats fetch failed: timed out
2026-10-06T10:19:30Z  WARNING  thresholds fetch failed: timed out
2026-10-06T10:19:30Z  WARNING  stats fetch failed: timed out
2026-10-06T10:19:35Z  WARNING  thresholds fetch failed: timed out
2026-10-06T10:19:35Z  WARNING  stats fetch failed: timed out
2026-10-06T10:19:40Z  WARNING  thresholds fetch failed: timed out
2026-10-06T10:19:40Z  WARNING  stats fetch failed: timed out
2026-10-06T10:19:45Z  WARNING  thresholds fetch failed: timed out
2026-10-06T10:19:45Z  WARNING  stats fetch failed: timed out
2026-10-06T10:19:50Z  WARNING  thresholds fetch failed: timed out
2026-10-06T10:19:50Z  WARNING  stats fetch failed: timed out
2026-10-06T10:19:55Z  WARNING  thresholds fetch failed: timed out
2026-10-06T10:19:55Z  WARNING  stats fetch failed: timed out
2026-10-06T10:20:00Z  WARNING  thresholds fetch failed: timed out
2026-10-06T10:20:00Z  WARNING  stats fetch failed: timed out
2026-10-06T10:20:05Z  WARNING  thresholds fetch failed: timed out
2026-10-06T10:20:05Z  WARNING  stats fetch failed: timed out
2026-10-06T10:20:10Z  WARNING  thresholds fetch failed: timed out
2026-10-06T10:20:10Z  WARNING  stats fetch failed: timed out
2026-10-06T10:20:15Z  WARNING  thresholds fetch failed: timed out
2026-10-06T10:20:15Z  WARNING  stats fetch failed: timed out
2026-10-06T10:20:20Z  WARNING  thresholds fetch failed: timed out
2026-10-06T10:20:20Z  WARNING  stats fetch failed: timed out
2026-10-06T10:20:25Z  WARNING  thresholds fetch failed: timed out
2026-10-06T10:20:25Z  WARNING  stats fetch failed: timed out
2026-10-06T10:20:30Z  WARNING  thresholds fetch failed: timed out
2026-10-06T10:20:30Z  WARNING  stats fetch failed: timed out
2026-10-06T10:20:35Z  WARNING  thresholds fetch failed: timed out
2026-10-06T10:20:35Z  WARNING  stats fetch failed: timed out
2026-10-06T10:20:40Z  WARNING  thresholds fetch failed: timed out
2026-10-06T10:20:40Z  WARNING  stats fetch failed: timed out
2026-10-06T10:20:45Z  WARNING  thresholds fetch failed: timed out
2026-10-06T10:20:45Z  WARNING  stats fetch failed: timed out
2026-10-06T10:20:50Z  WARNING  thresholds fetch failed: timed out
2026-10-06T10:20:50Z  WARNING  stats fetch failed: timed out
2026-10-06T10:20:55Z  WARNING  thresholds fetch failed: timed out
2026-10-06T10:20:55Z  WARNING  stats fetch failed: timed out
2026-10-06T10:21:00Z  WARNING  thresholds fetch failed: timed out
2026-10-06T10:21:00Z  WARNING  stats fetch failed: timed out
2026-10-06T10:21:05Z  WARNING  thresholds fetch failed: timed out
2026-10-06T10:21:05Z  WARNING  stats fetch failed: timed out
2026-10-06T10:21:10Z  WARNING  thresholds fetch failed: timed out
2026-10-06T10:21:10Z  WARNING  stats fetch failed: timed out
2026-10-06T10:21:15Z  WARNING  thresholds fetch failed: timed out
2026-10-06T10:21:15Z  WARNING  stats fetch failed: timed out
2026-10-06T10:21:20Z  WARNING  thresholds fetch failed: timed out
2026-10-06T10:21:20Z  WARNING  stats fetch failed: timed out
2026-10-06T10:21:25Z  WARNING  thresholds fetch failed: timed out
2026-10-06T10:21:25Z  WARNING  stats fetch failed: timed out
2026-10-06T10:21:30Z  WARNING  thresholds fetch failed: timed out
2026-10-06T10:21:30Z  WARNING  stats fetch failed: timed out
2026-10-06T10:21:35Z  WARNING  thresholds fetch failed: timed out
2026-10-06T10:21:35Z  WARNING  stats fetch failed: timed out
2026-10-06T10:21:40Z  WARNING  thresholds fetch failed: timed out
2026-10-06T10:21:40Z  WARNING  stats fetch failed: timed out
2026-10-06T10:21:45Z  WARNING  thresholds fetch failed: timed out
2026-10-06T10:21:45Z  WARNING  stats fetch failed: timed out
2026-10-06T10:21:50Z  WARNING  thresholds fetch failed: timed out
2026-10-06T10:21:50Z  WARNING  stats fetch failed: timed out
2026-10-06T10:21:55Z  WARNING  thresholds fetch failed: timed out
2026-10-06T10:21:55Z  WARNING  stats fetch failed: timed out
2026-10-06T10:22:00Z  WARNING  thresholds fetch failed: timed out
2026-10-06T10:22:00Z  WARNING  stats fetch failed: timed out
2026-10-06T10:22:05Z  WARNING  thresholds fetch failed: timed out
2026-10-06T10:22:05Z  WARNING  stats fetch failed: timed out
2026-10-06T10:22:10Z  WARNING  thresholds fetch failed: timed out
2026-10-06T10:22:10Z  WARNING  stats fetch failed: timed out
2026-10-06T10:22:15Z  WARNING  thresholds fetch failed: <urlopen error timed out>
2026-10-06T10:22:15Z  WARNING  stats fetch failed: timed out
2026-10-06T10:22:20Z  WARNING  thresholds fetch failed: timed out
2026-10-06T10:22:20Z  WARNING  stats fetch failed: <urlopen error timed out>
2026-10-06T10:22:25Z  WARNING  thresholds fetch failed: timed out
2026-10-06T10:22:25Z  WARNING  stats fetch failed: timed out
2026-10-06T10:22:30Z  WARNING  thresholds fetch failed: timed out
2026-10-06T10:22:30Z  WARNING  stats fetch failed: timed out
2026-10-06T10:22:35Z  WARNING  thresholds fetch failed: timed out
2026-10-06T10:22:35Z  WARNING  stats fetch failed: timed out
2026-10-06T10:22:40Z  WARNING  thresholds fetch failed: timed out
2026-10-06T10:22:40Z  WARNING  stats fetch failed: timed out
2026-10-06T10:22:45Z  WARNING  thresholds fetch failed: timed out
2026-10-06T10:22:45Z  WARNING  stats fetch failed: timed out
2026-10-06T10:22:50Z  WARNING  thresholds fetch failed: timed out
2026-10-06T10:22:50Z  WARNING  stats fetch failed: timed out
2026-10-06T10:22:55Z  WARNING  thresholds fetch failed: timed out
2026-10-06T10:22:55Z  WARNING  stats fetch failed: timed out
2026-10-06T10:23:00Z  WARNING  thresholds fetch failed: timed out
2026-10-06T10:23:00Z  WARNING  stats fetch failed: timed out
2026-10-06T10:23:05Z  WARNING  thresholds fetch failed: timed out
2026-10-06T10:23:05Z  WARNING  stats fetch failed: timed out
2026-10-06T10:23:10Z  WARNING  thresholds fetch failed: timed out
2026-10-06T10:23:10Z  WARNING  stats fetch failed: timed out
2026-10-06T10:23:15Z  WARNING  thresholds fetch failed: timed out
2026-10-06T10:23:15Z  WARNING  stats fetch failed: timed out
2026-10-06T10:23:20Z  WARNING  thresholds fetch failed: timed out
2026-10-06T10:23:20Z  WARNING  stats fetch failed: timed out
2026-10-06T10:23:25Z  WARNING  thresholds fetch failed: timed out
2026-10-06T10:23:25Z  WARNING  stats fetch failed: timed out
2026-10-06T10:23:30Z  WARNING  thresholds fetch failed: timed out
2026-10-06T10:23:30Z  WARNING  stats fetch failed: timed out
2026-10-06T10:23:35Z  WARNING  thresholds fetch failed: timed out
2026-10-06T10:23:35Z  WARNING  stats fetch failed: timed out
2026-10-06T10:23:40Z  WARNING  thresholds fetch failed: timed out
2026-10-06T10:23:40Z  WARNING  stats fetch failed: timed out
2026-10-06T10:23:45Z  WARNING  thresholds fetch failed: timed out
2026-10-06T10:23:45Z  WARNING  stats fetch failed: timed out
2026-10-06T10:23:50Z  WARNING  thresholds fetch failed: timed out
2026-10-06T10:23:50Z  WARNING  stats fetch failed: timed out
2026-10-06T10:23:55Z  WARNING  thresholds fetch failed: timed out
2026-10-06T10:23:55Z  WARNING  stats fetch failed: timed out
2026-10-06T10:24:00Z  WARNING  thresholds fetch failed: timed out
2026-10-06T10:24:00Z  WARNING  stats fetch failed: timed out
2026-10-06T10:24:05Z  WARNING  thresholds fetch failed: timed out
2026-10-06T10:24:05Z  WARNING  stats fetch failed: timed out
2026-10-06T10:24:10Z  WARNING  thresholds fetch failed: timed out
2026-10-06T10:24:10Z  WARNING  stats fetch failed: timed out
2026-10-06T10:24:15Z  WARNING  thresholds fetch failed: timed out
2026-10-06T10:24:15Z  WARNING  stats fetch failed: timed out
2026-10-06T10:24:20Z  WARNING  thresholds fetch failed: <urlopen error timed out>
2026-10-06T10:24:20Z  WARNING  stats fetch failed: timed out
2026-10-06T10:24:25Z  WARNING  thresholds fetch failed: timed out
2026-10-06T10:24:25Z  WARNING  stats fetch failed: timed out
2026-10-06T10:24:30Z  WARNING  thresholds fetch failed: timed out
2026-10-06T10:24:30Z  WARNING  stats fetch failed: timed out
2026-10-06T10:24:36Z  SHUTDOWN  signal=15
2026-10-06T10:24:37Z  EXIT
