2026-10-05T13:30:50Z  START  poll_interval=1s layer_a_poll_interval=5s
2026-10-05T13:32:30Z  WARNING  thresholds fetch failed: timed out
2026-10-05T13:32:30Z  WARNING  stats fetch failed: timed out
2026-10-05T13:32:35Z  WARNING  thresholds fetch failed: timed out
2026-10-05T13:32:35Z  WARNING  stats fetch failed: timed out
2026-10-05T13:32:40Z  WARNING  thresholds fetch failed: timed out
2026-10-05T13:32:40Z  WARNING  stats fetch failed: timed out
2026-10-05T13:32:45Z  WARNING  thresholds fetch failed: timed out
2026-10-05T13:32:45Z  WARNING  stats fetch failed: timed out
2026-10-05T13:32:50Z  WARNING  thresholds fetch failed: timed out
2026-10-05T13:32:50Z  WARNING  stats fetch failed: timed out
2026-10-05T13:32:55Z  WARNING  thresholds fetch failed: timed out
2026-10-05T13:32:55Z  WARNING  stats fetch failed: timed out
2026-10-05T13:33:00Z  WARNING  thresholds fetch failed: timed out
2026-10-05T13:33:00Z  WARNING  stats fetch failed: timed out
2026-10-05T13:33:05Z  WARNING  thresholds fetch failed: timed out
2026-10-05T13:33:05Z  WARNING  stats fetch failed: timed out
2026-10-05T13:33:10Z  WARNING  thresholds fetch failed: timed out
2026-10-05T13:33:10Z  WARNING  stats fetch failed: timed out
2026-10-05T13:33:15Z  WARNING  thresholds fetch failed: timed out
2026-10-05T13:33:15Z  WARNING  stats fetch failed: timed out
2026-10-05T13:33:20Z  WARNING  thresholds fetch failed: timed out
2026-10-05T13:33:20Z  WARNING  stats fetch failed: timed out
2026-10-05T13:33:25Z  WARNING  thresholds fetch failed: timed out
2026-10-05T13:33:25Z  WARNING  stats fetch failed: timed out
2026-10-05T13:33:30Z  WARNING  thresholds fetch failed: timed out
2026-10-05T13:33:30Z  WARNING  stats fetch failed: timed out
2026-10-05T13:33:35Z  WARNING  thresholds fetch failed: timed out
2026-10-05T13:33:35Z  WARNING  stats fetch failed: timed out
2026-10-05T13:33:40Z  WARNING  thresholds fetch failed: timed out
2026-10-05T13:33:40Z  WARNING  stats fetch failed: timed out
2026-10-05T13:33:45Z  WARNING  thresholds fetch failed: timed out
2026-10-05T13:33:45Z  WARNING  stats fetch failed: timed out
2026-10-05T13:33:50Z  WARNING  thresholds fetch failed: timed out
2026-10-05T13:33:50Z  WARNING  stats fetch failed: timed out
2026-10-05T13:33:55Z  WARNING  thresholds fetch failed: timed out
2026-10-05T13:33:55Z  WARNING  stats fetch failed: timed out
2026-10-05T13:34:00Z  WARNING  thresholds fetch failed: timed out
2026-10-05T13:34:00Z  WARNING  stats fetch failed: timed out
2026-10-05T13:34:05Z  WARNING  thresholds fetch failed: timed out
2026-10-05T13:34:05Z  WARNING  stats fetch failed: timed out
2026-10-05T13:34:10Z  WARNING  thresholds fetch failed: timed out
2026-10-05T13:34:10Z  WARNING  stats fetch failed: timed out
2026-10-05T13:34:15Z  WARNING  thresholds fetch failed: timed out
2026-10-05T13:34:15Z  WARNING  stats fetch failed: timed out
2026-10-05T13:34:20Z  WARNING  thresholds fetch failed: timed out
2026-10-05T13:34:20Z  WARNING  stats fetch failed: timed out
2026-10-05T13:34:25Z  WARNING  thresholds fetch failed: timed out
2026-10-05T13:34:25Z  WARNING  stats fetch failed: timed out
2026-10-05T13:34:30Z  WARNING  thresholds fetch failed: timed out
2026-10-05T13:34:30Z  WARNING  stats fetch failed: timed out
2026-10-05T13:34:35Z  WARNING  thresholds fetch failed: timed out
2026-10-05T13:34:35Z  WARNING  stats fetch failed: timed out
2026-10-05T13:34:40Z  WARNING  thresholds fetch failed: timed out
2026-10-05T13:34:40Z  WARNING  stats fetch failed: timed out
2026-10-05T13:34:45Z  WARNING  thresholds fetch failed: timed out
2026-10-05T13:34:45Z  WARNING  stats fetch failed: timed out
2026-10-05T13:34:50Z  WARNING  thresholds fetch failed: timed out
2026-10-05T13:34:50Z  WARNING  stats fetch failed: timed out
2026-10-05T13:34:55Z  WARNING  thresholds fetch failed: timed out
2026-10-05T13:34:55Z  WARNING  stats fetch failed: timed out
2026-10-05T13:35:00Z  WARNING  thresholds fetch failed: timed out
2026-10-05T13:35:00Z  WARNING  stats fetch failed: timed out
2026-10-05T13:35:05Z  WARNING  thresholds fetch failed: timed out
2026-10-05T13:35:05Z  WARNING  stats fetch failed: timed out
2026-10-05T13:35:10Z  WARNING  thresholds fetch failed: timed out
2026-10-05T13:35:10Z  WARNING  stats fetch failed: timed out
2026-10-05T13:35:15Z  WARNING  thresholds fetch failed: timed out
2026-10-05T13:35:15Z  WARNING  stats fetch failed: timed out
2026-10-05T13:35:20Z  WARNING  thresholds fetch failed: timed out
2026-10-05T13:35:20Z  WARNING  stats fetch failed: timed out
2026-10-05T13:35:25Z  WARNING  thresholds fetch failed: timed out
2026-10-05T13:35:25Z  WARNING  stats fetch failed: timed out
2026-10-05T13:35:30Z  WARNING  thresholds fetch failed: timed out
2026-10-05T13:35:30Z  WARNING  stats fetch failed: timed out
2026-10-05T13:35:35Z  WARNING  thresholds fetch failed: timed out
2026-10-05T13:35:35Z  WARNING  stats fetch failed: timed out
2026-10-05T13:35:40Z  WARNING  thresholds fetch failed: timed out
2026-10-05T13:35:40Z  WARNING  stats fetch failed: timed out
2026-10-05T13:35:45Z  WARNING  thresholds fetch failed: timed out
2026-10-05T13:35:45Z  WARNING  stats fetch failed: timed out
2026-10-05T13:35:50Z  WARNING  thresholds fetch failed: timed out
2026-10-05T13:35:50Z  WARNING  stats fetch failed: timed out
2026-10-05T13:35:55Z  WARNING  thresholds fetch failed: timed out
2026-10-05T13:35:55Z  WARNING  stats fetch failed: timed out
2026-10-05T13:36:00Z  WARNING  thresholds fetch failed: timed out
2026-10-05T13:36:00Z  WARNING  stats fetch failed: timed out
2026-10-05T13:36:05Z  WARNING  thresholds fetch failed: timed out
2026-10-05T13:36:05Z  WARNING  stats fetch failed: timed out
2026-10-05T13:36:10Z  WARNING  thresholds fetch failed: timed out
2026-10-05T13:36:10Z  WARNING  stats fetch failed: timed out
2026-10-05T13:36:15Z  WARNING  thresholds fetch failed: timed out
2026-10-05T13:36:15Z  WARNING  stats fetch failed: timed out
2026-10-05T13:36:20Z  WARNING  thresholds fetch failed: timed out
2026-10-05T13:36:20Z  WARNING  stats fetch failed: timed out
2026-10-05T13:36:25Z  WARNING  thresholds fetch failed: timed out
2026-10-05T13:36:25Z  WARNING  stats fetch failed: timed out
2026-10-05T13:36:30Z  WARNING  thresholds fetch failed: timed out
2026-10-05T13:36:30Z  WARNING  stats fetch failed: timed out
2026-10-05T13:36:35Z  WARNING  thresholds fetch failed: timed out
2026-10-05T13:36:35Z  WARNING  stats fetch failed: timed out
2026-10-05T13:36:40Z  WARNING  thresholds fetch failed: timed out
2026-10-05T13:36:40Z  WARNING  stats fetch failed: timed out
2026-10-05T13:36:45Z  WARNING  thresholds fetch failed: timed out
2026-10-05T13:36:45Z  WARNING  stats fetch failed: timed out
2026-10-05T13:36:50Z  WARNING  thresholds fetch failed: timed out
2026-10-05T13:36:50Z  WARNING  stats fetch failed: timed out
2026-10-05T13:36:55Z  WARNING  thresholds fetch failed: timed out
2026-10-05T13:36:55Z  WARNING  stats fetch failed: timed out
2026-10-05T13:37:00Z  WARNING  thresholds fetch failed: timed out
2026-10-05T13:37:00Z  WARNING  stats fetch failed: timed out
2026-10-05T13:37:05Z  WARNING  thresholds fetch failed: timed out
2026-10-05T13:37:05Z  WARNING  stats fetch failed: timed out
2026-10-05T13:37:10Z  WARNING  thresholds fetch failed: timed out
2026-10-05T13:37:10Z  WARNING  stats fetch failed: timed out
2026-10-05T13:37:15Z  WARNING  thresholds fetch failed: timed out
2026-10-05T13:37:15Z  WARNING  stats fetch failed: timed out
2026-10-05T13:37:20Z  WARNING  thresholds fetch failed: timed out
2026-10-05T13:37:20Z  WARNING  stats fetch failed: timed out
2026-10-05T13:37:25Z  WARNING  thresholds fetch failed: timed out
2026-10-05T13:37:25Z  WARNING  stats fetch failed: timed out
2026-10-05T13:37:30Z  WARNING  thresholds fetch failed: timed out
2026-10-05T13:37:30Z  WARNING  stats fetch failed: timed out
2026-10-05T13:37:35Z  WARNING  thresholds fetch failed: timed out
2026-10-05T13:37:35Z  WARNING  stats fetch failed: timed out
2026-10-05T13:37:40Z  WARNING  thresholds fetch failed: timed out
2026-10-05T13:37:40Z  WARNING  stats fetch failed: timed out
2026-10-05T13:37:45Z  WARNING  thresholds fetch failed: timed out
2026-10-05T13:37:45Z  WARNING  stats fetch failed: timed out
2026-10-05T13:37:50Z  WARNING  thresholds fetch failed: timed out
2026-10-05T13:37:50Z  WARNING  stats fetch failed: timed out
2026-10-05T13:37:55Z  WARNING  thresholds fetch failed: timed out
2026-10-05T13:37:55Z  WARNING  stats fetch failed: timed out
2026-10-05T13:38:00Z  WARNING  thresholds fetch failed: timed out
2026-10-05T13:38:00Z  WARNING  stats fetch failed: timed out
2026-10-05T13:38:05Z  WARNING  thresholds fetch failed: timed out
2026-10-05T13:38:05Z  WARNING  stats fetch failed: timed out
2026-10-05T13:38:10Z  WARNING  thresholds fetch failed: timed out
2026-10-05T13:38:10Z  WARNING  stats fetch failed: timed out
2026-10-05T13:38:15Z  WARNING  thresholds fetch failed: timed out
2026-10-05T13:38:15Z  WARNING  stats fetch failed: timed out
2026-10-05T13:38:20Z  WARNING  thresholds fetch failed: timed out
2026-10-05T13:38:20Z  WARNING  stats fetch failed: timed out
2026-10-05T13:38:25Z  WARNING  thresholds fetch failed: timed out
2026-10-05T13:38:25Z  WARNING  stats fetch failed: timed out
2026-10-05T13:38:30Z  WARNING  thresholds fetch failed: timed out
2026-10-05T13:38:30Z  WARNING  stats fetch failed: timed out
2026-10-05T13:38:35Z  WARNING  thresholds fetch failed: timed out
2026-10-05T13:38:35Z  WARNING  stats fetch failed: timed out
2026-10-05T13:38:40Z  WARNING  thresholds fetch failed: timed out
2026-10-05T13:38:40Z  WARNING  stats fetch failed: timed out
2026-10-05T13:38:45Z  WARNING  thresholds fetch failed: timed out
2026-10-05T13:38:45Z  WARNING  stats fetch failed: timed out
2026-10-05T13:38:50Z  WARNING  thresholds fetch failed: timed out
2026-10-05T13:38:50Z  WARNING  stats fetch failed: timed out
2026-10-05T13:38:55Z  WARNING  thresholds fetch failed: timed out
2026-10-05T13:38:55Z  WARNING  stats fetch failed: timed out
2026-10-05T13:39:00Z  WARNING  thresholds fetch failed: timed out
2026-10-05T13:39:00Z  WARNING  stats fetch failed: timed out
2026-10-05T13:39:05Z  WARNING  thresholds fetch failed: timed out
2026-10-05T13:39:05Z  WARNING  stats fetch failed: timed out
2026-10-05T13:39:10Z  WARNING  thresholds fetch failed: timed out
2026-10-05T13:39:10Z  WARNING  stats fetch failed: timed out
2026-10-05T13:39:15Z  WARNING  thresholds fetch failed: timed out
2026-10-05T13:39:15Z  WARNING  stats fetch failed: timed out
2026-10-05T13:39:20Z  WARNING  thresholds fetch failed: timed out
2026-10-05T13:39:20Z  WARNING  stats fetch failed: timed out
2026-10-05T13:39:25Z  WARNING  thresholds fetch failed: timed out
2026-10-05T13:39:25Z  WARNING  stats fetch failed: timed out
2026-10-05T13:39:30Z  WARNING  thresholds fetch failed: timed out
2026-10-05T13:39:30Z  WARNING  stats fetch failed: timed out
2026-10-05T13:39:35Z  WARNING  thresholds fetch failed: timed out
2026-10-05T13:39:35Z  WARNING  stats fetch failed: timed out
2026-10-05T13:39:40Z  WARNING  thresholds fetch failed: timed out
2026-10-05T13:39:40Z  WARNING  stats fetch failed: timed out
2026-10-05T13:39:45Z  WARNING  thresholds fetch failed: timed out
2026-10-05T13:39:45Z  WARNING  stats fetch failed: timed out
2026-10-05T13:39:50Z  WARNING  thresholds fetch failed: timed out
2026-10-05T13:39:50Z  WARNING  stats fetch failed: timed out
2026-10-05T13:39:55Z  WARNING  thresholds fetch failed: timed out
2026-10-05T13:39:55Z  WARNING  stats fetch failed: timed out
2026-10-05T13:40:00Z  WARNING  thresholds fetch failed: timed out
2026-10-05T13:40:00Z  WARNING  stats fetch failed: timed out
2026-10-05T13:40:05Z  WARNING  thresholds fetch failed: timed out
2026-10-05T13:40:05Z  WARNING  stats fetch failed: timed out
2026-10-05T13:40:10Z  WARNING  thresholds fetch failed: timed out
2026-10-05T13:40:10Z  WARNING  stats fetch failed: timed out
2026-10-05T13:40:15Z  WARNING  thresholds fetch failed: timed out
2026-10-05T13:40:15Z  WARNING  stats fetch failed: timed out
2026-10-05T13:40:20Z  WARNING  thresholds fetch failed: timed out
2026-10-05T13:40:20Z  WARNING  stats fetch failed: timed out
2026-10-05T13:40:25Z  WARNING  thresholds fetch failed: timed out
2026-10-05T13:40:25Z  WARNING  stats fetch failed: timed out
2026-10-05T13:40:30Z  WARNING  thresholds fetch failed: timed out
2026-10-05T13:40:30Z  WARNING  stats fetch failed: timed out
2026-10-05T13:40:35Z  WARNING  thresholds fetch failed: timed out
2026-10-05T13:40:35Z  WARNING  stats fetch failed: timed out
2026-10-05T13:40:40Z  WARNING  thresholds fetch failed: timed out
2026-10-05T13:40:40Z  WARNING  stats fetch failed: timed out
2026-10-05T13:40:45Z  WARNING  thresholds fetch failed: timed out
2026-10-05T13:40:45Z  WARNING  stats fetch failed: timed out
2026-10-05T13:40:50Z  WARNING  thresholds fetch failed: timed out
2026-10-05T13:40:50Z  WARNING  stats fetch failed: timed out
2026-10-05T13:40:55Z  WARNING  thresholds fetch failed: timed out
2026-10-05T13:40:55Z  WARNING  stats fetch failed: timed out
2026-10-05T13:41:00Z  WARNING  thresholds fetch failed: timed out
2026-10-05T13:41:00Z  WARNING  stats fetch failed: timed out
2026-10-05T13:41:05Z  WARNING  thresholds fetch failed: timed out
2026-10-05T13:41:05Z  WARNING  stats fetch failed: timed out
2026-10-05T13:41:10Z  WARNING  thresholds fetch failed: timed out
2026-10-05T13:41:10Z  WARNING  stats fetch failed: timed out
2026-10-05T13:41:15Z  WARNING  thresholds fetch failed: timed out
2026-10-05T13:41:15Z  WARNING  stats fetch failed: timed out
2026-10-05T13:41:20Z  WARNING  thresholds fetch failed: timed out
2026-10-05T13:41:20Z  WARNING  stats fetch failed: timed out
2026-10-05T13:41:25Z  WARNING  thresholds fetch failed: timed out
2026-10-05T13:41:25Z  WARNING  stats fetch failed: timed out
2026-10-05T13:41:30Z  WARNING  thresholds fetch failed: timed out
2026-10-05T13:41:30Z  WARNING  stats fetch failed: timed out
2026-10-05T13:41:35Z  WARNING  thresholds fetch failed: <urlopen error timed out>
2026-10-05T13:41:35Z  WARNING  stats fetch failed: timed out
2026-10-05T13:41:40Z  WARNING  thresholds fetch failed: timed out
2026-10-05T13:41:40Z  WARNING  stats fetch failed: timed out
2026-10-05T13:41:45Z  WARNING  thresholds fetch failed: timed out
2026-10-05T13:41:45Z  WARNING  stats fetch failed: timed out
2026-10-05T13:41:50Z  WARNING  thresholds fetch failed: timed out
2026-10-05T13:41:50Z  WARNING  stats fetch failed: timed out
2026-10-05T13:41:53Z  SHUTDOWN  signal=15
2026-10-05T13:41:54Z  EXIT
