2026-10-04T00:59:20Z  START  poll_interval=1s layer_a_poll_interval=5s
2026-10-04T01:01:45Z  WARNING  thresholds fetch failed: timed out
2026-10-04T01:01:45Z  WARNING  stats fetch failed: timed out
2026-10-04T01:01:50Z  WARNING  thresholds fetch failed: timed out
2026-10-04T01:01:50Z  WARNING  stats fetch failed: timed out
2026-10-04T01:01:55Z  WARNING  thresholds fetch failed: timed out
2026-10-04T01:01:55Z  WARNING  stats fetch failed: timed out
2026-10-04T01:02:00Z  WARNING  thresholds fetch failed: timed out
2026-10-04T01:02:00Z  WARNING  stats fetch failed: timed out
2026-10-04T01:02:05Z  WARNING  thresholds fetch failed: timed out
2026-10-04T01:02:05Z  WARNING  stats fetch failed: timed out
2026-10-04T01:02:10Z  WARNING  thresholds fetch failed: timed out
2026-10-04T01:02:10Z  WARNING  stats fetch failed: timed out
2026-10-04T01:02:15Z  WARNING  thresholds fetch failed: timed out
2026-10-04T01:02:15Z  WARNING  stats fetch failed: timed out
2026-10-04T01:02:20Z  WARNING  thresholds fetch failed: timed out
2026-10-04T01:02:20Z  WARNING  stats fetch failed: timed out
2026-10-04T01:02:25Z  WARNING  thresholds fetch failed: timed out
2026-10-04T01:02:25Z  WARNING  stats fetch failed: timed out
2026-10-04T01:02:30Z  WARNING  thresholds fetch failed: timed out
2026-10-04T01:02:30Z  WARNING  stats fetch failed: timed out
2026-10-04T01:02:35Z  WARNING  thresholds fetch failed: timed out
2026-10-04T01:02:35Z  WARNING  stats fetch failed: timed out
2026-10-04T01:02:40Z  WARNING  thresholds fetch failed: timed out
2026-10-04T01:02:40Z  WARNING  stats fetch failed: timed out
2026-10-04T01:02:45Z  WARNING  thresholds fetch failed: timed out
2026-10-04T01:02:45Z  WARNING  stats fetch failed: timed out
2026-10-04T01:02:50Z  WARNING  thresholds fetch failed: timed out
2026-10-04T01:02:50Z  WARNING  stats fetch failed: timed out
2026-10-04T01:02:55Z  WARNING  thresholds fetch failed: timed out
2026-10-04T01:02:55Z  WARNING  stats fetch failed: timed out
2026-10-04T01:03:00Z  WARNING  thresholds fetch failed: timed out
2026-10-04T01:03:00Z  WARNING  stats fetch failed: timed out
2026-10-04T01:03:05Z  WARNING  thresholds fetch failed: timed out
2026-10-04T01:03:05Z  WARNING  stats fetch failed: timed out
2026-10-04T01:03:10Z  WARNING  thresholds fetch failed: timed out
2026-10-04T01:03:10Z  WARNING  stats fetch failed: timed out
2026-10-04T01:03:15Z  WARNING  thresholds fetch failed: timed out
2026-10-04T01:03:15Z  WARNING  stats fetch failed: timed out
2026-10-04T01:03:20Z  WARNING  thresholds fetch failed: timed out
2026-10-04T01:03:20Z  WARNING  stats fetch failed: timed out
2026-10-04T01:03:25Z  WARNING  thresholds fetch failed: timed out
2026-10-04T01:03:25Z  WARNING  stats fetch failed: timed out
2026-10-04T01:03:30Z  WARNING  thresholds fetch failed: timed out
2026-10-04T01:03:30Z  WARNING  stats fetch failed: timed out
2026-10-04T01:03:35Z  WARNING  thresholds fetch failed: timed out
2026-10-04T01:03:35Z  WARNING  stats fetch failed: timed out
2026-10-04T01:03:40Z  WARNING  thresholds fetch failed: timed out
2026-10-04T01:03:40Z  WARNING  stats fetch failed: timed out
2026-10-04T01:03:45Z  WARNING  thresholds fetch failed: timed out
2026-10-04T01:03:45Z  WARNING  stats fetch failed: timed out
2026-10-04T01:03:50Z  WARNING  thresholds fetch failed: timed out
2026-10-04T01:03:50Z  WARNING  stats fetch failed: timed out
2026-10-04T01:03:55Z  WARNING  thresholds fetch failed: timed out
2026-10-04T01:03:55Z  WARNING  stats fetch failed: timed out
2026-10-04T01:04:00Z  WARNING  thresholds fetch failed: timed out
2026-10-04T01:04:00Z  WARNING  stats fetch failed: timed out
2026-10-04T01:04:05Z  WARNING  thresholds fetch failed: timed out
2026-10-04T01:04:05Z  WARNING  stats fetch failed: timed out
2026-10-04T01:04:10Z  WARNING  thresholds fetch failed: timed out
2026-10-04T01:04:10Z  WARNING  stats fetch failed: timed out
2026-10-04T01:04:15Z  WARNING  thresholds fetch failed: timed out
2026-10-04T01:04:15Z  WARNING  stats fetch failed: timed out
2026-10-04T01:04:20Z  WARNING  thresholds fetch failed: timed out
2026-10-04T01:04:20Z  WARNING  stats fetch failed: timed out
2026-10-04T01:04:25Z  WARNING  thresholds fetch failed: timed out
2026-10-04T01:04:25Z  WARNING  stats fetch failed: timed out
2026-10-04T01:04:30Z  WARNING  thresholds fetch failed: timed out
2026-10-04T01:04:30Z  WARNING  stats fetch failed: timed out
2026-10-04T01:04:35Z  WARNING  thresholds fetch failed: timed out
2026-10-04T01:04:35Z  WARNING  stats fetch failed: timed out
2026-10-04T01:04:40Z  WARNING  thresholds fetch failed: timed out
2026-10-04T01:04:40Z  WARNING  stats fetch failed: timed out
2026-10-04T01:04:45Z  WARNING  thresholds fetch failed: timed out
2026-10-04T01:04:45Z  WARNING  stats fetch failed: timed out
2026-10-04T01:04:50Z  WARNING  thresholds fetch failed: timed out
2026-10-04T01:04:50Z  WARNING  stats fetch failed: timed out
2026-10-04T01:04:55Z  WARNING  thresholds fetch failed: timed out
2026-10-04T01:04:55Z  WARNING  stats fetch failed: timed out
2026-10-04T01:05:00Z  WARNING  thresholds fetch failed: timed out
2026-10-04T01:05:00Z  WARNING  stats fetch failed: timed out
2026-10-04T01:05:05Z  WARNING  thresholds fetch failed: timed out
2026-10-04T01:05:05Z  WARNING  stats fetch failed: timed out
2026-10-04T01:05:10Z  WARNING  thresholds fetch failed: timed out
2026-10-04T01:05:10Z  WARNING  stats fetch failed: timed out
2026-10-04T01:05:15Z  WARNING  thresholds fetch failed: timed out
2026-10-04T01:05:15Z  WARNING  stats fetch failed: timed out
2026-10-04T01:05:20Z  WARNING  thresholds fetch failed: timed out
2026-10-04T01:05:20Z  WARNING  stats fetch failed: timed out
2026-10-04T01:05:25Z  WARNING  thresholds fetch failed: timed out
2026-10-04T01:05:25Z  WARNING  stats fetch failed: timed out
2026-10-04T01:05:30Z  WARNING  thresholds fetch failed: timed out
2026-10-04T01:05:30Z  WARNING  stats fetch failed: timed out
2026-10-04T01:05:35Z  WARNING  thresholds fetch failed: timed out
2026-10-04T01:05:35Z  WARNING  stats fetch failed: timed out
2026-10-04T01:05:40Z  WARNING  thresholds fetch failed: timed out
2026-10-04T01:05:40Z  WARNING  stats fetch failed: timed out
2026-10-04T01:05:45Z  WARNING  thresholds fetch failed: timed out
2026-10-04T01:05:45Z  WARNING  stats fetch failed: timed out
2026-10-04T01:05:50Z  WARNING  thresholds fetch failed: timed out
2026-10-04T01:05:50Z  WARNING  stats fetch failed: timed out
2026-10-04T01:05:55Z  WARNING  thresholds fetch failed: timed out
2026-10-04T01:05:55Z  WARNING  stats fetch failed: timed out
2026-10-04T01:06:00Z  WARNING  thresholds fetch failed: timed out
2026-10-04T01:06:00Z  WARNING  stats fetch failed: timed out
2026-10-04T01:06:05Z  WARNING  thresholds fetch failed: timed out
2026-10-04T01:06:05Z  WARNING  stats fetch failed: timed out
2026-10-04T01:06:10Z  WARNING  thresholds fetch failed: timed out
2026-10-04T01:06:10Z  WARNING  stats fetch failed: timed out
2026-10-04T01:06:15Z  WARNING  thresholds fetch failed: timed out
2026-10-04T01:06:15Z  WARNING  stats fetch failed: timed out
2026-10-04T01:06:20Z  WARNING  thresholds fetch failed: timed out
2026-10-04T01:06:20Z  WARNING  stats fetch failed: timed out
2026-10-04T01:06:25Z  WARNING  thresholds fetch failed: timed out
2026-10-04T01:06:25Z  WARNING  stats fetch failed: timed out
2026-10-04T01:06:30Z  WARNING  thresholds fetch failed: timed out
2026-10-04T01:06:30Z  WARNING  stats fetch failed: timed out
2026-10-04T01:06:35Z  WARNING  thresholds fetch failed: timed out
2026-10-04T01:06:35Z  WARNING  stats fetch failed: timed out
2026-10-04T01:06:40Z  WARNING  thresholds fetch failed: timed out
2026-10-04T01:06:40Z  WARNING  stats fetch failed: timed out
2026-10-04T01:06:45Z  WARNING  thresholds fetch failed: timed out
2026-10-04T01:06:45Z  WARNING  stats fetch failed: timed out
2026-10-04T01:06:50Z  WARNING  thresholds fetch failed: timed out
2026-10-04T01:06:50Z  WARNING  stats fetch failed: timed out
2026-10-04T01:06:55Z  WARNING  thresholds fetch failed: timed out
2026-10-04T01:06:55Z  WARNING  stats fetch failed: timed out
2026-10-04T01:07:00Z  WARNING  thresholds fetch failed: timed out
2026-10-04T01:07:00Z  WARNING  stats fetch failed: timed out
2026-10-04T01:07:05Z  WARNING  thresholds fetch failed: timed out
2026-10-04T01:07:05Z  WARNING  stats fetch failed: timed out
2026-10-04T01:07:10Z  WARNING  thresholds fetch failed: timed out
2026-10-04T01:07:10Z  WARNING  stats fetch failed: timed out
2026-10-04T01:07:15Z  WARNING  thresholds fetch failed: timed out
2026-10-04T01:07:15Z  WARNING  stats fetch failed: timed out
2026-10-04T01:07:20Z  WARNING  thresholds fetch failed: timed out
2026-10-04T01:07:20Z  WARNING  stats fetch failed: timed out
2026-10-04T01:07:25Z  WARNING  thresholds fetch failed: timed out
2026-10-04T01:07:25Z  WARNING  stats fetch failed: timed out
2026-10-04T01:07:30Z  WARNING  thresholds fetch failed: timed out
2026-10-04T01:07:30Z  WARNING  stats fetch failed: timed out
2026-10-04T01:07:35Z  WARNING  thresholds fetch failed: timed out
2026-10-04T01:07:35Z  WARNING  stats fetch failed: timed out
2026-10-04T01:07:40Z  WARNING  thresholds fetch failed: timed out
2026-10-04T01:07:40Z  WARNING  stats fetch failed: timed out
2026-10-04T01:07:45Z  WARNING  thresholds fetch failed: timed out
2026-10-04T01:07:45Z  WARNING  stats fetch failed: timed out
2026-10-04T01:07:50Z  WARNING  thresholds fetch failed: timed out
2026-10-04T01:07:50Z  WARNING  stats fetch failed: timed out
2026-10-04T01:07:55Z  WARNING  thresholds fetch failed: timed out
2026-10-04T01:07:55Z  WARNING  stats fetch failed: timed out
2026-10-04T01:08:00Z  WARNING  thresholds fetch failed: timed out
2026-10-04T01:08:00Z  WARNING  stats fetch failed: timed out
2026-10-04T01:08:05Z  WARNING  thresholds fetch failed: timed out
2026-10-04T01:08:05Z  WARNING  stats fetch failed: timed out
2026-10-04T01:08:10Z  WARNING  thresholds fetch failed: timed out
2026-10-04T01:08:10Z  WARNING  stats fetch failed: timed out
2026-10-04T01:08:15Z  WARNING  thresholds fetch failed: timed out
2026-10-04T01:08:15Z  WARNING  stats fetch failed: timed out
2026-10-04T01:08:20Z  WARNING  thresholds fetch failed: timed out
2026-10-04T01:08:20Z  WARNING  stats fetch failed: timed out
2026-10-04T01:08:25Z  WARNING  thresholds fetch failed: timed out
2026-10-04T01:08:25Z  WARNING  stats fetch failed: timed out
2026-10-04T01:08:30Z  WARNING  thresholds fetch failed: timed out
2026-10-04T01:08:30Z  WARNING  stats fetch failed: timed out
2026-10-04T01:08:35Z  WARNING  thresholds fetch failed: timed out
2026-10-04T01:08:35Z  WARNING  stats fetch failed: timed out
2026-10-04T01:08:40Z  WARNING  thresholds fetch failed: timed out
2026-10-04T01:08:40Z  WARNING  stats fetch failed: timed out
2026-10-04T01:08:45Z  WARNING  thresholds fetch failed: timed out
2026-10-04T01:08:45Z  WARNING  stats fetch failed: timed out
2026-10-04T01:08:50Z  WARNING  thresholds fetch failed: timed out
2026-10-04T01:08:50Z  WARNING  stats fetch failed: <urlopen error timed out>
2026-10-04T01:08:55Z  WARNING  thresholds fetch failed: timed out
2026-10-04T01:08:55Z  WARNING  stats fetch failed: timed out
2026-10-04T01:09:00Z  WARNING  thresholds fetch failed: timed out
2026-10-04T01:09:00Z  WARNING  stats fetch failed: timed out
2026-10-04T01:09:05Z  WARNING  thresholds fetch failed: timed out
2026-10-04T01:09:05Z  WARNING  stats fetch failed: timed out
2026-10-04T01:09:10Z  WARNING  thresholds fetch failed: timed out
2026-10-04T01:09:10Z  WARNING  stats fetch failed: timed out
2026-10-04T01:09:15Z  WARNING  thresholds fetch failed: timed out
2026-10-04T01:09:15Z  WARNING  stats fetch failed: timed out
2026-10-04T01:09:20Z  WARNING  thresholds fetch failed: timed out
2026-10-04T01:09:20Z  WARNING  stats fetch failed: timed out
2026-10-04T01:09:25Z  WARNING  thresholds fetch failed: timed out
2026-10-04T01:09:25Z  WARNING  stats fetch failed: timed out
2026-10-04T01:09:30Z  WARNING  thresholds fetch failed: timed out
2026-10-04T01:09:30Z  WARNING  stats fetch failed: timed out
2026-10-04T01:09:35Z  WARNING  thresholds fetch failed: timed out
2026-10-04T01:09:35Z  WARNING  stats fetch failed: timed out
2026-10-04T01:09:40Z  WARNING  thresholds fetch failed: timed out
2026-10-04T01:09:40Z  WARNING  stats fetch failed: timed out
2026-10-04T01:09:45Z  WARNING  thresholds fetch failed: timed out
2026-10-04T01:09:45Z  WARNING  stats fetch failed: timed out
2026-10-04T01:09:50Z  WARNING  thresholds fetch failed: timed out
2026-10-04T01:09:50Z  WARNING  stats fetch failed: timed out
2026-10-04T01:09:55Z  WARNING  thresholds fetch failed: timed out
2026-10-04T01:09:55Z  WARNING  stats fetch failed: timed out
2026-10-04T01:09:58Z  SHUTDOWN  signal=15
2026-10-04T01:09:58Z  EXIT
