2026-09-22T23:40:37Z  START  poll_interval=1s layer_a_poll_interval=5s
2026-09-22T23:40:40Z  WARNING  thresholds fetch failed: <urlopen error [Errno 111] Connection refused>
2026-09-22T23:40:40Z  WARNING  stats fetch failed: <urlopen error [Errno 111] Connection refused>
2026-09-22T23:40:45Z  WARNING  thresholds fetch failed: <urlopen error [Errno 111] Connection refused>
2026-09-22T23:40:45Z  WARNING  stats fetch failed: <urlopen error [Errno 111] Connection refused>
2026-09-22T23:40:50Z  WARNING  thresholds fetch failed: <urlopen error [Errno 111] Connection refused>
2026-09-22T23:40:50Z  WARNING  stats fetch failed: <urlopen error [Errno 111] Connection refused>
2026-09-22T23:40:55Z  WARNING  thresholds fetch failed: <urlopen error [Errno 111] Connection refused>
2026-09-22T23:40:55Z  WARNING  stats fetch failed: <urlopen error [Errno 111] Connection refused>
2026-09-22T23:41:00Z  WARNING  thresholds fetch failed: <urlopen error [Errno 111] Connection refused>
2026-09-22T23:41:00Z  WARNING  stats fetch failed: <urlopen error [Errno 111] Connection refused>
2026-09-22T23:41:05Z  WARNING  thresholds fetch failed: <urlopen error [Errno 111] Connection refused>
2026-09-22T23:41:05Z  WARNING  stats fetch failed: <urlopen error [Errno 111] Connection refused>
2026-09-22T23:41:10Z  WARNING  thresholds fetch failed: <urlopen error [Errno 111] Connection refused>
2026-09-22T23:41:10Z  WARNING  stats fetch failed: <urlopen error [Errno 111] Connection refused>
2026-09-22T23:41:15Z  WARNING  thresholds fetch failed: <urlopen error [Errno 111] Connection refused>
2026-09-22T23:41:15Z  WARNING  stats fetch failed: <urlopen error [Errno 111] Connection refused>
2026-09-22T23:41:20Z  WARNING  thresholds fetch failed: <urlopen error [Errno 111] Connection refused>
2026-09-22T23:41:20Z  WARNING  stats fetch failed: <urlopen error [Errno 111] Connection refused>
2026-09-22T23:41:25Z  WARNING  thresholds fetch failed: <urlopen error [Errno 111] Connection refused>
2026-09-22T23:41:25Z  WARNING  stats fetch failed: <urlopen error [Errno 111] Connection refused>
2026-09-22T23:41:30Z  WARNING  thresholds fetch failed: <urlopen error [Errno 111] Connection refused>
2026-09-22T23:41:30Z  WARNING  stats fetch failed: <urlopen error [Errno 111] Connection refused>
2026-09-22T23:41:35Z  WARNING  thresholds fetch failed: <urlopen error [Errno 111] Connection refused>
2026-09-22T23:41:35Z  WARNING  stats fetch failed: <urlopen error [Errno 111] Connection refused>
2026-09-22T23:41:40Z  WARNING  thresholds fetch failed: <urlopen error [Errno 111] Connection refused>
2026-09-22T23:41:40Z  WARNING  stats fetch failed: <urlopen error [Errno 111] Connection refused>
2026-09-22T23:41:45Z  WARNING  thresholds fetch failed: <urlopen error [Errno 111] Connection refused>
2026-09-22T23:41:45Z  WARNING  stats fetch failed: <urlopen error [Errno 111] Connection refused>
2026-09-22T23:41:50Z  WARNING  thresholds fetch failed: <urlopen error [Errno 111] Connection refused>
2026-09-22T23:41:50Z  WARNING  stats fetch failed: <urlopen error [Errno 111] Connection refused>
2026-09-22T23:41:55Z  WARNING  thresholds fetch failed: <urlopen error [Errno 111] Connection refused>
2026-09-22T23:41:55Z  WARNING  stats fetch failed: <urlopen error [Errno 111] Connection refused>
2026-09-22T23:42:00Z  WARNING  thresholds fetch failed: <urlopen error [Errno 111] Connection refused>
2026-09-22T23:42:00Z  WARNING  stats fetch failed: <urlopen error [Errno 111] Connection refused>
2026-09-22T23:42:05Z  WARNING  thresholds fetch failed: <urlopen error [Errno 111] Connection refused>
2026-09-22T23:42:05Z  WARNING  stats fetch failed: <urlopen error [Errno 111] Connection refused>
2026-09-22T23:42:10Z  WARNING  thresholds fetch failed: <urlopen error [Errno 111] Connection refused>
2026-09-22T23:42:10Z  WARNING  stats fetch failed: <urlopen error [Errno 111] Connection refused>
2026-09-22T23:42:15Z  WARNING  thresholds fetch failed: <urlopen error [Errno 111] Connection refused>
2026-09-22T23:42:15Z  WARNING  stats fetch failed: <urlopen error [Errno 111] Connection refused>
2026-09-22T23:42:20Z  WARNING  thresholds fetch failed: <urlopen error [Errno 111] Connection refused>
2026-09-22T23:42:20Z  WARNING  stats fetch failed: <urlopen error [Errno 111] Connection refused>
2026-09-22T23:42:25Z  WARNING  thresholds fetch failed: <urlopen error [Errno 111] Connection refused>
2026-09-22T23:42:25Z  WARNING  stats fetch failed: <urlopen error [Errno 111] Connection refused>
2026-09-22T23:42:30Z  WARNING  thresholds fetch failed: <urlopen error [Errno 111] Connection refused>
2026-09-22T23:42:30Z  WARNING  stats fetch failed: <urlopen error [Errno 111] Connection refused>
2026-09-22T23:42:35Z  WARNING  thresholds fetch failed: <urlopen error [Errno 111] Connection refused>
2026-09-22T23:42:35Z  WARNING  stats fetch failed: <urlopen error [Errno 111] Connection refused>
2026-09-22T23:42:40Z  WARNING  thresholds fetch failed: <urlopen error [Errno 111] Connection refused>
2026-09-22T23:42:40Z  WARNING  stats fetch failed: <urlopen error [Errno 111] Connection refused>
2026-09-22T23:42:45Z  WARNING  thresholds fetch failed: <urlopen error [Errno 111] Connection refused>
2026-09-22T23:42:45Z  WARNING  stats fetch failed: <urlopen error [Errno 111] Connection refused>
2026-09-22T23:42:50Z  WARNING  thresholds fetch failed: <urlopen error [Errno 111] Connection refused>
2026-09-22T23:42:50Z  WARNING  stats fetch failed: <urlopen error [Errno 111] Connection refused>
2026-09-22T23:42:55Z  WARNING  thresholds fetch failed: <urlopen error [Errno 111] Connection refused>
2026-09-22T23:42:55Z  WARNING  stats fetch failed: <urlopen error [Errno 111] Connection refused>
2026-09-22T23:43:00Z  WARNING  thresholds fetch failed: <urlopen error [Errno 111] Connection refused>
2026-09-22T23:43:00Z  WARNING  stats fetch failed: <urlopen error [Errno 111] Connection refused>
2026-09-22T23:43:05Z  WARNING  thresholds fetch failed: <urlopen error [Errno 111] Connection refused>
2026-09-22T23:43:05Z  WARNING  stats fetch failed: <urlopen error [Errno 111] Connection refused>
2026-09-22T23:43:10Z  WARNING  thresholds fetch failed: <urlopen error [Errno 111] Connection refused>
2026-09-22T23:43:10Z  WARNING  stats fetch failed: <urlopen error [Errno 111] Connection refused>
2026-09-22T23:43:15Z  WARNING  thresholds fetch failed: <urlopen error [Errno 111] Connection refused>
2026-09-22T23:43:15Z  WARNING  stats fetch failed: <urlopen error [Errno 111] Connection refused>
2026-09-22T23:43:20Z  WARNING  thresholds fetch failed: <urlopen error [Errno 111] Connection refused>
2026-09-22T23:43:20Z  WARNING  stats fetch failed: <urlopen error [Errno 111] Connection refused>
2026-09-22T23:43:25Z  WARNING  thresholds fetch failed: <urlopen error [Errno 111] Connection refused>
2026-09-22T23:43:25Z  WARNING  stats fetch failed: <urlopen error [Errno 111] Connection refused>
2026-09-22T23:43:30Z  WARNING  thresholds fetch failed: <urlopen error [Errno 111] Connection refused>
2026-09-22T23:43:30Z  WARNING  stats fetch failed: <urlopen error [Errno 111] Connection refused>
2026-09-22T23:43:35Z  WARNING  thresholds fetch failed: <urlopen error [Errno 111] Connection refused>
2026-09-22T23:43:35Z  WARNING  stats fetch failed: <urlopen error [Errno 111] Connection refused>
2026-09-22T23:43:40Z  WARNING  thresholds fetch failed: <urlopen error [Errno 111] Connection refused>
2026-09-22T23:43:40Z  WARNING  stats fetch failed: <urlopen error [Errno 111] Connection refused>
2026-09-22T23:43:45Z  WARNING  thresholds fetch failed: <urlopen error [Errno 111] Connection refused>
2026-09-22T23:43:45Z  WARNING  stats fetch failed: <urlopen error [Errno 111] Connection refused>
2026-09-22T23:43:50Z  WARNING  thresholds fetch failed: <urlopen error [Errno 111] Connection refused>
2026-09-22T23:43:50Z  WARNING  stats fetch failed: <urlopen error [Errno 111] Connection refused>
2026-09-22T23:43:55Z  WARNING  thresholds fetch failed: <urlopen error [Errno 111] Connection refused>
2026-09-22T23:43:55Z  WARNING  stats fetch failed: <urlopen error [Errno 111] Connection refused>
2026-09-22T23:44:00Z  WARNING  thresholds fetch failed: <urlopen error [Errno 111] Connection refused>
2026-09-22T23:44:00Z  WARNING  stats fetch failed: <urlopen error [Errno 111] Connection refused>
2026-09-22T23:44:05Z  WARNING  thresholds fetch failed: <urlopen error [Errno 111] Connection refused>
2026-09-22T23:44:05Z  WARNING  stats fetch failed: <urlopen error [Errno 111] Connection refused>
2026-09-22T23:44:10Z  WARNING  thresholds fetch failed: <urlopen error [Errno 111] Connection refused>
2026-09-22T23:44:10Z  WARNING  stats fetch failed: <urlopen error [Errno 111] Connection refused>
2026-09-22T23:44:15Z  WARNING  thresholds fetch failed: <urlopen error [Errno 111] Connection refused>
2026-09-22T23:44:15Z  WARNING  stats fetch failed: <urlopen error [Errno 111] Connection refused>
2026-09-22T23:44:20Z  WARNING  thresholds fetch failed: <urlopen error [Errno 111] Connection refused>
2026-09-22T23:44:20Z  WARNING  stats fetch failed: <urlopen error [Errno 111] Connection refused>
2026-09-22T23:44:25Z  WARNING  thresholds fetch failed: <urlopen error [Errno 111] Connection refused>
2026-09-22T23:44:25Z  WARNING  stats fetch failed: <urlopen error [Errno 111] Connection refused>
2026-09-22T23:44:30Z  WARNING  thresholds fetch failed: <urlopen error [Errno 111] Connection refused>
2026-09-22T23:44:30Z  WARNING  stats fetch failed: <urlopen error [Errno 111] Connection refused>
2026-09-22T23:44:35Z  WARNING  thresholds fetch failed: <urlopen error [Errno 111] Connection refused>
2026-09-22T23:44:35Z  WARNING  stats fetch failed: <urlopen error [Errno 111] Connection refused>
2026-09-22T23:44:40Z  WARNING  thresholds fetch failed: <urlopen error [Errno 111] Connection refused>
2026-09-22T23:44:40Z  WARNING  stats fetch failed: <urlopen error [Errno 111] Connection refused>
2026-09-22T23:44:45Z  WARNING  thresholds fetch failed: <urlopen error [Errno 111] Connection refused>
2026-09-22T23:44:45Z  WARNING  stats fetch failed: <urlopen error [Errno 111] Connection refused>
2026-09-22T23:44:50Z  WARNING  thresholds fetch failed: <urlopen error [Errno 111] Connection refused>
2026-09-22T23:44:50Z  WARNING  stats fetch failed: <urlopen error [Errno 111] Connection refused>
2026-09-22T23:44:55Z  WARNING  thresholds fetch failed: <urlopen error [Errno 111] Connection refused>
2026-09-22T23:44:55Z  WARNING  stats fetch failed: <urlopen error [Errno 111] Connection refused>
2026-09-22T23:45:00Z  WARNING  thresholds fetch failed: <urlopen error [Errno 111] Connection refused>
2026-09-22T23:45:00Z  WARNING  stats fetch failed: <urlopen error [Errno 111] Connection refused>
2026-09-22T23:45:05Z  WARNING  thresholds fetch failed: <urlopen error [Errno 111] Connection refused>
2026-09-22T23:45:05Z  WARNING  stats fetch failed: <urlopen error [Errno 111] Connection refused>
2026-09-22T23:45:10Z  WARNING  thresholds fetch failed: <urlopen error [Errno 111] Connection refused>
2026-09-22T23:45:10Z  WARNING  stats fetch failed: <urlopen error [Errno 111] Connection refused>
2026-09-22T23:45:15Z  WARNING  thresholds fetch failed: <urlopen error [Errno 111] Connection refused>
2026-09-22T23:45:15Z  WARNING  stats fetch failed: <urlopen error [Errno 111] Connection refused>
2026-09-22T23:45:20Z  WARNING  thresholds fetch failed: <urlopen error [Errno 111] Connection refused>
2026-09-22T23:45:20Z  WARNING  stats fetch failed: <urlopen error [Errno 111] Connection refused>
2026-09-22T23:45:25Z  WARNING  thresholds fetch failed: <urlopen error [Errno 111] Connection refused>
2026-09-22T23:45:25Z  WARNING  stats fetch failed: <urlopen error [Errno 111] Connection refused>
2026-09-22T23:45:30Z  WARNING  thresholds fetch failed: <urlopen error [Errno 111] Connection refused>
2026-09-22T23:45:30Z  WARNING  stats fetch failed: <urlopen error [Errno 111] Connection refused>
2026-09-22T23:45:35Z  WARNING  thresholds fetch failed: <urlopen error [Errno 111] Connection refused>
2026-09-22T23:45:35Z  WARNING  stats fetch failed: <urlopen error [Errno 111] Connection refused>
2026-09-22T23:45:40Z  WARNING  thresholds fetch failed: <urlopen error [Errno 111] Connection refused>
2026-09-22T23:45:40Z  WARNING  stats fetch failed: <urlopen error [Errno 111] Connection refused>
2026-09-22T23:45:45Z  WARNING  thresholds fetch failed: <urlopen error [Errno 111] Connection refused>
2026-09-22T23:45:45Z  WARNING  stats fetch failed: <urlopen error [Errno 111] Connection refused>
2026-09-22T23:45:50Z  WARNING  thresholds fetch failed: <urlopen error [Errno 111] Connection refused>
2026-09-22T23:45:50Z  WARNING  stats fetch failed: <urlopen error [Errno 111] Connection refused>
2026-09-22T23:45:55Z  WARNING  thresholds fetch failed: <urlopen error [Errno 111] Connection refused>
2026-09-22T23:45:55Z  WARNING  stats fetch failed: <urlopen error [Errno 111] Connection refused>
2026-09-22T23:46:00Z  WARNING  thresholds fetch failed: <urlopen error [Errno 111] Connection refused>
2026-09-22T23:46:00Z  WARNING  stats fetch failed: <urlopen error [Errno 111] Connection refused>
2026-09-22T23:46:05Z  WARNING  thresholds fetch failed: <urlopen error [Errno 111] Connection refused>
2026-09-22T23:46:05Z  WARNING  stats fetch failed: <urlopen error [Errno 111] Connection refused>
2026-09-22T23:46:10Z  WARNING  thresholds fetch failed: <urlopen error [Errno 111] Connection refused>
2026-09-22T23:46:10Z  WARNING  stats fetch failed: <urlopen error [Errno 111] Connection refused>
2026-09-22T23:46:14Z  SHUTDOWN  signal=15
2026-09-22T23:46:15Z  EXIT
