2026-09-05T17:10:51Z  WAITING  for metric_collector CSVs under /home/idozacharia/TopFull/TopFull_master/online_boutique_scripts/src/logs (timeout=60s)
2026-09-05T17:10:51Z  READY  found getproduct.csv
2026-09-05T17:10:51Z  START  threshold=0.20 window=30s disable_windows=2 re_enable_windows=3 services=['cartservice', 'checkoutservice', 'productcatalogservice']
2026-09-05T17:11:21Z  OBSERVE  cartservice  rejection=0.0000  low=1 high=0  state=ON
2026-09-05T17:11:21Z  OBSERVE  checkoutservice  rejection=0.4534  low=0 high=1  state=ON
2026-09-05T17:11:21Z  OBSERVE  productcatalogservice  rejection=0.0000  low=1 high=0  state=ON
2026-09-05T17:11:51Z  OBSERVE  cartservice  rejection=0.0000  low=2 high=0  state=ON
2026-09-05T17:11:51Z  OBSERVE  checkoutservice  rejection=0.7697  low=0 high=2  state=ON
2026-09-05T17:11:51Z  checkoutservice  ON→OFF   rejection=0.77  consecutive_high=2  attempts=0
2026-09-05T17:11:51Z  OBSERVE  productcatalogservice  rejection=0.0000  low=2 high=0  state=ON
2026-09-05T17:12:21Z  OBSERVE  cartservice  rejection=0.0000  low=3 high=0  state=ON
2026-09-05T17:12:21Z  OBSERVE  checkoutservice  rejection=0.6430  low=0 high=3  state=OFF
2026-09-05T17:12:21Z  OBSERVE  productcatalogservice  rejection=0.0000  low=3 high=0  state=ON
2026-09-05T17:12:51Z  OBSERVE  cartservice  rejection=0.0000  low=4 high=0  state=ON
2026-09-05T17:12:51Z  OBSERVE  checkoutservice  rejection=0.6685  low=0 high=4  state=OFF
2026-09-05T17:12:51Z  OBSERVE  productcatalogservice  rejection=0.0000  low=4 high=0  state=ON
2026-09-05T17:13:21Z  OBSERVE  cartservice  rejection=0.0000  low=5 high=0  state=ON
2026-09-05T17:13:21Z  OBSERVE  checkoutservice  rejection=0.6187  low=0 high=5  state=OFF
2026-09-05T17:13:21Z  OBSERVE  productcatalogservice  rejection=0.0000  low=5 high=0  state=ON
2026-09-05T17:13:51Z  OBSERVE  cartservice  rejection=0.0009  low=6 high=0  state=ON
2026-09-05T17:13:51Z  OBSERVE  checkoutservice  rejection=0.5986  low=0 high=6  state=OFF
2026-09-05T17:13:51Z  OBSERVE  productcatalogservice  rejection=0.0000  low=6 high=0  state=ON
2026-09-05T17:14:21Z  OBSERVE  cartservice  rejection=0.0004  low=7 high=0  state=ON
2026-09-05T17:14:21Z  OBSERVE  checkoutservice  rejection=0.6950  low=0 high=7  state=OFF
2026-09-05T17:14:21Z  OBSERVE  productcatalogservice  rejection=0.0000  low=7 high=0  state=ON
2026-09-05T17:14:51Z  OBSERVE  cartservice  rejection=0.0031  low=8 high=0  state=ON
2026-09-05T17:14:51Z  OBSERVE  checkoutservice  rejection=0.5686  low=0 high=8  state=OFF
2026-09-05T17:14:51Z  OBSERVE  productcatalogservice  rejection=0.0000  low=8 high=0  state=ON
2026-09-05T17:15:21Z  OBSERVE  cartservice  rejection=0.0000  low=9 high=0  state=ON
2026-09-05T17:15:21Z  OBSERVE  checkoutservice  rejection=0.5691  low=0 high=9  state=OFF
2026-09-05T17:15:21Z  OBSERVE  productcatalogservice  rejection=0.0000  low=9 high=0  state=ON
2026-09-05T17:15:51Z  OBSERVE  cartservice  rejection=0.0000  low=10 high=0  state=ON
2026-09-05T17:15:51Z  OBSERVE  checkoutservice  rejection=0.6023  low=0 high=10  state=OFF
2026-09-05T17:15:51Z  OBSERVE  productcatalogservice  rejection=0.0000  low=10 high=0  state=ON
2026-09-05T17:16:20Z  SHUTDOWN  signal=15
2026-09-05T17:16:21Z  EXIT
