2026-10-05T15:02:17Z  START  poll_interval=1s layer_a_poll_interval=5s
2026-10-05T15:03:55Z  WARNING  thresholds fetch failed: timed out
2026-10-05T15:03:55Z  WARNING  stats fetch failed: timed out
2026-10-05T15:04:00Z  WARNING  thresholds fetch failed: timed out
2026-10-05T15:04:00Z  WARNING  stats fetch failed: timed out
2026-10-05T15:04:05Z  WARNING  thresholds fetch failed: timed out
2026-10-05T15:04:05Z  WARNING  stats fetch failed: timed out
2026-10-05T15:04:10Z  WARNING  thresholds fetch failed: timed out
2026-10-05T15:04:10Z  WARNING  stats fetch failed: timed out
2026-10-05T15:04:15Z  WARNING  thresholds fetch failed: timed out
2026-10-05T15:04:15Z  WARNING  stats fetch failed: timed out
2026-10-05T15:04:20Z  WARNING  thresholds fetch failed: timed out
2026-10-05T15:04:20Z  WARNING  stats fetch failed: timed out
2026-10-05T15:04:25Z  WARNING  thresholds fetch failed: timed out
2026-10-05T15:04:25Z  WARNING  stats fetch failed: timed out
2026-10-05T15:04:30Z  WARNING  thresholds fetch failed: timed out
2026-10-05T15:04:30Z  WARNING  stats fetch failed: timed out
2026-10-05T15:04:35Z  WARNING  thresholds fetch failed: timed out
2026-10-05T15:04:35Z  WARNING  stats fetch failed: timed out
2026-10-05T15:04:40Z  WARNING  thresholds fetch failed: timed out
2026-10-05T15:04:40Z  WARNING  stats fetch failed: timed out
2026-10-05T15:04:45Z  WARNING  thresholds fetch failed: timed out
2026-10-05T15:04:45Z  WARNING  stats fetch failed: timed out
2026-10-05T15:04:50Z  WARNING  thresholds fetch failed: timed out
2026-10-05T15:04:50Z  WARNING  stats fetch failed: timed out
2026-10-05T15:04:55Z  WARNING  thresholds fetch failed: timed out
2026-10-05T15:04:55Z  WARNING  stats fetch failed: timed out
2026-10-05T15:05:00Z  WARNING  thresholds fetch failed: timed out
2026-10-05T15:05:00Z  WARNING  stats fetch failed: timed out
2026-10-05T15:05:05Z  WARNING  thresholds fetch failed: timed out
2026-10-05T15:05:05Z  WARNING  stats fetch failed: timed out
2026-10-05T15:05:10Z  WARNING  thresholds fetch failed: timed out
2026-10-05T15:05:10Z  WARNING  stats fetch failed: timed out
2026-10-05T15:05:15Z  WARNING  thresholds fetch failed: timed out
2026-10-05T15:05:15Z  WARNING  stats fetch failed: timed out
2026-10-05T15:05:20Z  WARNING  thresholds fetch failed: timed out
2026-10-05T15:05:20Z  WARNING  stats fetch failed: timed out
2026-10-05T15:05:25Z  WARNING  thresholds fetch failed: timed out
2026-10-05T15:05:25Z  WARNING  stats fetch failed: timed out
2026-10-05T15:05:30Z  WARNING  thresholds fetch failed: timed out
2026-10-05T15:05:30Z  WARNING  stats fetch failed: timed out
2026-10-05T15:05:35Z  WARNING  thresholds fetch failed: timed out
2026-10-05T15:05:35Z  WARNING  stats fetch failed: timed out
2026-10-05T15:05:40Z  WARNING  thresholds fetch failed: timed out
2026-10-05T15:05:40Z  WARNING  stats fetch failed: timed out
2026-10-05T15:05:45Z  WARNING  thresholds fetch failed: timed out
2026-10-05T15:05:45Z  WARNING  stats fetch failed: timed out
2026-10-05T15:05:50Z  WARNING  thresholds fetch failed: timed out
2026-10-05T15:05:50Z  WARNING  stats fetch failed: timed out
2026-10-05T15:05:55Z  WARNING  thresholds fetch failed: timed out
2026-10-05T15:05:55Z  WARNING  stats fetch failed: timed out
2026-10-05T15:06:00Z  WARNING  thresholds fetch failed: timed out
2026-10-05T15:06:00Z  WARNING  stats fetch failed: timed out
2026-10-05T15:06:05Z  WARNING  thresholds fetch failed: timed out
2026-10-05T15:06:05Z  WARNING  stats fetch failed: timed out
2026-10-05T15:06:10Z  WARNING  thresholds fetch failed: timed out
2026-10-05T15:06:10Z  WARNING  stats fetch failed: timed out
2026-10-05T15:06:15Z  WARNING  thresholds fetch failed: timed out
2026-10-05T15:06:15Z  WARNING  stats fetch failed: timed out
2026-10-05T15:06:20Z  WARNING  thresholds fetch failed: timed out
2026-10-05T15:06:20Z  WARNING  stats fetch failed: timed out
2026-10-05T15:06:25Z  WARNING  thresholds fetch failed: timed out
2026-10-05T15:06:25Z  WARNING  stats fetch failed: timed out
2026-10-05T15:06:30Z  WARNING  thresholds fetch failed: timed out
2026-10-05T15:06:30Z  WARNING  stats fetch failed: timed out
2026-10-05T15:06:35Z  WARNING  thresholds fetch failed: timed out
2026-10-05T15:06:35Z  WARNING  stats fetch failed: timed out
2026-10-05T15:06:40Z  WARNING  thresholds fetch failed: timed out
2026-10-05T15:06:40Z  WARNING  stats fetch failed: timed out
2026-10-05T15:06:45Z  WARNING  thresholds fetch failed: timed out
2026-10-05T15:06:45Z  WARNING  stats fetch failed: timed out
2026-10-05T15:06:50Z  WARNING  thresholds fetch failed: timed out
2026-10-05T15:06:50Z  WARNING  stats fetch failed: timed out
2026-10-05T15:06:55Z  WARNING  thresholds fetch failed: timed out
2026-10-05T15:06:55Z  WARNING  stats fetch failed: timed out
2026-10-05T15:07:00Z  WARNING  thresholds fetch failed: timed out
2026-10-05T15:07:00Z  WARNING  stats fetch failed: timed out
2026-10-05T15:07:05Z  WARNING  thresholds fetch failed: timed out
2026-10-05T15:07:05Z  WARNING  stats fetch failed: timed out
2026-10-05T15:07:10Z  WARNING  thresholds fetch failed: timed out
2026-10-05T15:07:10Z  WARNING  stats fetch failed: timed out
2026-10-05T15:07:15Z  WARNING  thresholds fetch failed: timed out
2026-10-05T15:07:15Z  WARNING  stats fetch failed: timed out
2026-10-05T15:07:20Z  WARNING  thresholds fetch failed: timed out
2026-10-05T15:07:20Z  WARNING  stats fetch failed: timed out
2026-10-05T15:07:25Z  WARNING  thresholds fetch failed: timed out
2026-10-05T15:07:25Z  WARNING  stats fetch failed: timed out
2026-10-05T15:07:30Z  WARNING  thresholds fetch failed: timed out
2026-10-05T15:07:30Z  WARNING  stats fetch failed: timed out
2026-10-05T15:07:35Z  WARNING  thresholds fetch failed: timed out
2026-10-05T15:07:35Z  WARNING  stats fetch failed: timed out
2026-10-05T15:07:40Z  WARNING  thresholds fetch failed: timed out
2026-10-05T15:07:40Z  WARNING  stats fetch failed: timed out
2026-10-05T15:07:45Z  WARNING  thresholds fetch failed: timed out
2026-10-05T15:07:45Z  WARNING  stats fetch failed: timed out
2026-10-05T15:07:50Z  WARNING  thresholds fetch failed: timed out
2026-10-05T15:07:50Z  WARNING  stats fetch failed: timed out
2026-10-05T15:07:55Z  WARNING  thresholds fetch failed: timed out
2026-10-05T15:07:55Z  WARNING  stats fetch failed: timed out
2026-10-05T15:08:00Z  WARNING  thresholds fetch failed: timed out
2026-10-05T15:08:00Z  WARNING  stats fetch failed: timed out
2026-10-05T15:08:05Z  WARNING  thresholds fetch failed: timed out
2026-10-05T15:08:05Z  WARNING  stats fetch failed: timed out
2026-10-05T15:08:10Z  WARNING  thresholds fetch failed: timed out
2026-10-05T15:08:10Z  WARNING  stats fetch failed: timed out
2026-10-05T15:08:15Z  WARNING  thresholds fetch failed: timed out
2026-10-05T15:08:15Z  WARNING  stats fetch failed: timed out
2026-10-05T15:08:20Z  WARNING  thresholds fetch failed: timed out
2026-10-05T15:08:20Z  WARNING  stats fetch failed: timed out
2026-10-05T15:08:25Z  WARNING  thresholds fetch failed: timed out
2026-10-05T15:08:25Z  WARNING  stats fetch failed: timed out
2026-10-05T15:08:30Z  WARNING  thresholds fetch failed: timed out
2026-10-05T15:08:30Z  WARNING  stats fetch failed: timed out
2026-10-05T15:08:35Z  WARNING  thresholds fetch failed: timed out
2026-10-05T15:08:35Z  WARNING  stats fetch failed: timed out
2026-10-05T15:08:40Z  WARNING  thresholds fetch failed: timed out
2026-10-05T15:08:40Z  WARNING  stats fetch failed: timed out
2026-10-05T15:08:45Z  WARNING  thresholds fetch failed: timed out
2026-10-05T15:08:45Z  WARNING  stats fetch failed: timed out
2026-10-05T15:08:50Z  WARNING  thresholds fetch failed: timed out
2026-10-05T15:08:50Z  WARNING  stats fetch failed: timed out
2026-10-05T15:08:55Z  WARNING  thresholds fetch failed: timed out
2026-10-05T15:08:55Z  WARNING  stats fetch failed: timed out
2026-10-05T15:09:00Z  WARNING  thresholds fetch failed: timed out
2026-10-05T15:09:00Z  WARNING  stats fetch failed: timed out
2026-10-05T15:09:05Z  WARNING  thresholds fetch failed: timed out
2026-10-05T15:09:05Z  WARNING  stats fetch failed: timed out
2026-10-05T15:09:10Z  WARNING  thresholds fetch failed: timed out
2026-10-05T15:09:10Z  WARNING  stats fetch failed: timed out
2026-10-05T15:09:15Z  WARNING  thresholds fetch failed: timed out
2026-10-05T15:09:15Z  WARNING  stats fetch failed: timed out
2026-10-05T15:09:20Z  WARNING  thresholds fetch failed: timed out
2026-10-05T15:09:20Z  WARNING  stats fetch failed: timed out
2026-10-05T15:09:25Z  WARNING  thresholds fetch failed: timed out
2026-10-05T15:09:25Z  WARNING  stats fetch failed: timed out
2026-10-05T15:09:30Z  WARNING  thresholds fetch failed: timed out
2026-10-05T15:09:30Z  WARNING  stats fetch failed: timed out
2026-10-05T15:09:35Z  WARNING  thresholds fetch failed: timed out
2026-10-05T15:09:35Z  WARNING  stats fetch failed: timed out
2026-10-05T15:09:40Z  WARNING  thresholds fetch failed: timed out
2026-10-05T15:09:40Z  WARNING  stats fetch failed: timed out
2026-10-05T15:09:45Z  WARNING  thresholds fetch failed: timed out
2026-10-05T15:09:45Z  WARNING  stats fetch failed: timed out
2026-10-05T15:09:50Z  WARNING  thresholds fetch failed: timed out
2026-10-05T15:09:50Z  WARNING  stats fetch failed: timed out
2026-10-05T15:09:55Z  WARNING  thresholds fetch failed: timed out
2026-10-05T15:09:55Z  WARNING  stats fetch failed: timed out
2026-10-05T15:10:00Z  WARNING  thresholds fetch failed: timed out
2026-10-05T15:10:00Z  WARNING  stats fetch failed: timed out
2026-10-05T15:10:05Z  WARNING  thresholds fetch failed: timed out
2026-10-05T15:10:05Z  WARNING  stats fetch failed: timed out
2026-10-05T15:10:10Z  WARNING  thresholds fetch failed: timed out
2026-10-05T15:10:10Z  WARNING  stats fetch failed: timed out
2026-10-05T15:10:15Z  WARNING  thresholds fetch failed: timed out
2026-10-05T15:10:15Z  WARNING  stats fetch failed: timed out
2026-10-05T15:10:20Z  WARNING  thresholds fetch failed: timed out
2026-10-05T15:10:20Z  WARNING  stats fetch failed: timed out
2026-10-05T15:10:25Z  WARNING  thresholds fetch failed: timed out
2026-10-05T15:10:25Z  WARNING  stats fetch failed: timed out
2026-10-05T15:10:30Z  WARNING  thresholds fetch failed: timed out
2026-10-05T15:10:30Z  WARNING  stats fetch failed: timed out
2026-10-05T15:10:35Z  WARNING  thresholds fetch failed: timed out
2026-10-05T15:10:35Z  WARNING  stats fetch failed: timed out
2026-10-05T15:10:40Z  WARNING  thresholds fetch failed: timed out
2026-10-05T15:10:40Z  WARNING  stats fetch failed: timed out
2026-10-05T15:10:45Z  WARNING  thresholds fetch failed: timed out
2026-10-05T15:10:45Z  WARNING  stats fetch failed: timed out
2026-10-05T15:10:50Z  WARNING  thresholds fetch failed: timed out
2026-10-05T15:10:50Z  WARNING  stats fetch failed: timed out
2026-10-05T15:10:55Z  WARNING  thresholds fetch failed: timed out
2026-10-05T15:10:55Z  WARNING  stats fetch failed: timed out
2026-10-05T15:11:00Z  WARNING  thresholds fetch failed: timed out
2026-10-05T15:11:00Z  WARNING  stats fetch failed: timed out
2026-10-05T15:11:05Z  WARNING  thresholds fetch failed: timed out
2026-10-05T15:11:05Z  WARNING  stats fetch failed: timed out
2026-10-05T15:11:10Z  WARNING  thresholds fetch failed: timed out
2026-10-05T15:11:10Z  WARNING  stats fetch failed: timed out
2026-10-05T15:11:15Z  WARNING  thresholds fetch failed: timed out
2026-10-05T15:11:15Z  WARNING  stats fetch failed: timed out
2026-10-05T15:11:20Z  WARNING  thresholds fetch failed: timed out
2026-10-05T15:11:20Z  WARNING  stats fetch failed: timed out
2026-10-05T15:11:25Z  WARNING  thresholds fetch failed: timed out
2026-10-05T15:11:25Z  WARNING  stats fetch failed: timed out
2026-10-05T15:11:30Z  WARNING  thresholds fetch failed: timed out
2026-10-05T15:11:30Z  WARNING  stats fetch failed: timed out
2026-10-05T15:11:35Z  WARNING  thresholds fetch failed: timed out
2026-10-05T15:11:35Z  WARNING  stats fetch failed: timed out
2026-10-05T15:11:40Z  WARNING  thresholds fetch failed: timed out
2026-10-05T15:11:40Z  WARNING  stats fetch failed: timed out
2026-10-05T15:11:45Z  WARNING  thresholds fetch failed: timed out
2026-10-05T15:11:45Z  WARNING  stats fetch failed: timed out
2026-10-05T15:11:50Z  WARNING  thresholds fetch failed: timed out
2026-10-05T15:11:50Z  WARNING  stats fetch failed: timed out
2026-10-05T15:11:55Z  WARNING  thresholds fetch failed: timed out
2026-10-05T15:11:55Z  WARNING  stats fetch failed: timed out
2026-10-05T15:12:00Z  WARNING  thresholds fetch failed: timed out
2026-10-05T15:12:00Z  WARNING  stats fetch failed: timed out
2026-10-05T15:12:05Z  WARNING  thresholds fetch failed: timed out
2026-10-05T15:12:05Z  WARNING  stats fetch failed: timed out
2026-10-05T15:12:10Z  WARNING  thresholds fetch failed: timed out
2026-10-05T15:12:10Z  WARNING  stats fetch failed: timed out
2026-10-05T15:12:15Z  WARNING  thresholds fetch failed: timed out
2026-10-05T15:12:15Z  WARNING  stats fetch failed: timed out
2026-10-05T15:12:20Z  WARNING  thresholds fetch failed: timed out
2026-10-05T15:12:20Z  WARNING  stats fetch failed: timed out
2026-10-05T15:12:25Z  WARNING  thresholds fetch failed: timed out
2026-10-05T15:12:25Z  WARNING  stats fetch failed: timed out
2026-10-05T15:12:30Z  WARNING  thresholds fetch failed: timed out
2026-10-05T15:12:30Z  WARNING  stats fetch failed: timed out
2026-10-05T15:12:35Z  WARNING  thresholds fetch failed: timed out
2026-10-05T15:12:35Z  WARNING  stats fetch failed: timed out
2026-10-05T15:12:40Z  WARNING  thresholds fetch failed: timed out
2026-10-05T15:12:40Z  WARNING  stats fetch failed: timed out
2026-10-05T15:12:45Z  WARNING  thresholds fetch failed: timed out
2026-10-05T15:12:45Z  WARNING  stats fetch failed: timed out
2026-10-05T15:12:50Z  WARNING  thresholds fetch failed: timed out
2026-10-05T15:12:50Z  WARNING  stats fetch failed: timed out
2026-10-05T15:12:55Z  WARNING  thresholds fetch failed: timed out
2026-10-05T15:12:55Z  WARNING  stats fetch failed: timed out
2026-10-05T15:13:00Z  WARNING  thresholds fetch failed: timed out
2026-10-05T15:13:00Z  WARNING  stats fetch failed: timed out
2026-10-05T15:13:05Z  WARNING  thresholds fetch failed: timed out
2026-10-05T15:13:05Z  WARNING  stats fetch failed: timed out
2026-10-05T15:13:10Z  WARNING  thresholds fetch failed: timed out
2026-10-05T15:13:10Z  WARNING  stats fetch failed: timed out
2026-10-05T15:13:15Z  WARNING  thresholds fetch failed: timed out
2026-10-05T15:13:15Z  WARNING  stats fetch failed: timed out
2026-10-05T15:13:21Z  SHUTDOWN  signal=15
2026-10-05T15:13:22Z  EXIT
