2026-09-19T18:51:59Z  START  poll_interval=1s layer_a_poll_interval=5s
2026-09-19T18:52:00Z  WARNING  thresholds fetch failed: timed out
2026-09-19T18:52:00Z  WARNING  stats fetch failed: timed out
2026-09-19T18:53:35Z  WARNING  thresholds fetch failed: timed out
2026-09-19T18:53:35Z  WARNING  stats fetch failed: timed out
2026-09-19T18:53:40Z  WARNING  thresholds fetch failed: timed out
2026-09-19T18:53:40Z  WARNING  stats fetch failed: timed out
2026-09-19T18:53:45Z  WARNING  thresholds fetch failed: timed out
2026-09-19T18:53:45Z  WARNING  stats fetch failed: timed out
2026-09-19T18:53:50Z  WARNING  thresholds fetch failed: timed out
2026-09-19T18:53:50Z  WARNING  stats fetch failed: timed out
2026-09-19T18:53:55Z  WARNING  thresholds fetch failed: timed out
2026-09-19T18:53:55Z  WARNING  stats fetch failed: timed out
2026-09-19T18:54:00Z  WARNING  thresholds fetch failed: timed out
2026-09-19T18:54:00Z  WARNING  stats fetch failed: timed out
2026-09-19T18:54:05Z  WARNING  thresholds fetch failed: timed out
2026-09-19T18:54:05Z  WARNING  stats fetch failed: timed out
2026-09-19T18:54:10Z  WARNING  thresholds fetch failed: timed out
2026-09-19T18:54:10Z  WARNING  stats fetch failed: timed out
2026-09-19T18:54:15Z  WARNING  thresholds fetch failed: timed out
2026-09-19T18:54:15Z  WARNING  stats fetch failed: timed out
2026-09-19T18:54:20Z  WARNING  thresholds fetch failed: timed out
2026-09-19T18:54:20Z  WARNING  stats fetch failed: timed out
2026-09-19T18:54:25Z  WARNING  thresholds fetch failed: timed out
2026-09-19T18:54:25Z  WARNING  stats fetch failed: timed out
2026-09-19T18:54:30Z  WARNING  thresholds fetch failed: timed out
2026-09-19T18:54:30Z  WARNING  stats fetch failed: timed out
2026-09-19T18:54:35Z  WARNING  thresholds fetch failed: timed out
2026-09-19T18:54:35Z  WARNING  stats fetch failed: timed out
2026-09-19T18:54:40Z  WARNING  thresholds fetch failed: timed out
2026-09-19T18:54:40Z  WARNING  stats fetch failed: timed out
2026-09-19T18:54:45Z  WARNING  thresholds fetch failed: timed out
2026-09-19T18:54:45Z  WARNING  stats fetch failed: timed out
2026-09-19T18:54:50Z  WARNING  thresholds fetch failed: timed out
2026-09-19T18:54:50Z  WARNING  stats fetch failed: timed out
2026-09-19T18:54:55Z  WARNING  thresholds fetch failed: timed out
2026-09-19T18:54:55Z  WARNING  stats fetch failed: timed out
2026-09-19T18:55:00Z  WARNING  thresholds fetch failed: timed out
2026-09-19T18:55:00Z  WARNING  stats fetch failed: timed out
2026-09-19T18:55:05Z  WARNING  thresholds fetch failed: timed out
2026-09-19T18:55:05Z  WARNING  stats fetch failed: timed out
2026-09-19T18:55:10Z  WARNING  thresholds fetch failed: timed out
2026-09-19T18:55:10Z  WARNING  stats fetch failed: timed out
2026-09-19T18:55:15Z  WARNING  thresholds fetch failed: timed out
2026-09-19T18:55:15Z  WARNING  stats fetch failed: timed out
2026-09-19T18:55:20Z  WARNING  thresholds fetch failed: timed out
2026-09-19T18:55:20Z  WARNING  stats fetch failed: timed out
2026-09-19T18:55:25Z  WARNING  thresholds fetch failed: timed out
2026-09-19T18:55:25Z  WARNING  stats fetch failed: timed out
2026-09-19T18:55:30Z  WARNING  thresholds fetch failed: timed out
2026-09-19T18:55:30Z  WARNING  stats fetch failed: timed out
2026-09-19T18:55:35Z  WARNING  thresholds fetch failed: timed out
2026-09-19T18:55:35Z  WARNING  stats fetch failed: timed out
2026-09-19T18:55:40Z  WARNING  thresholds fetch failed: timed out
2026-09-19T18:55:40Z  WARNING  stats fetch failed: timed out
2026-09-19T18:55:45Z  WARNING  thresholds fetch failed: timed out
2026-09-19T18:55:45Z  WARNING  stats fetch failed: timed out
2026-09-19T18:55:50Z  WARNING  thresholds fetch failed: timed out
2026-09-19T18:55:50Z  WARNING  stats fetch failed: timed out
2026-09-19T18:55:55Z  WARNING  thresholds fetch failed: timed out
2026-09-19T18:55:55Z  WARNING  stats fetch failed: timed out
2026-09-19T18:56:00Z  WARNING  thresholds fetch failed: timed out
2026-09-19T18:56:00Z  WARNING  stats fetch failed: timed out
2026-09-19T18:56:05Z  WARNING  thresholds fetch failed: timed out
2026-09-19T18:56:05Z  WARNING  stats fetch failed: timed out
2026-09-19T18:56:10Z  WARNING  thresholds fetch failed: timed out
2026-09-19T18:56:10Z  WARNING  stats fetch failed: timed out
2026-09-19T18:56:14Z  SHUTDOWN  signal=15
2026-09-19T18:56:15Z  EXIT
