2026-09-30T22:24:00Z  START  poll_interval=1s layer_a_poll_interval=5s
2026-09-30T22:25:25Z  WARNING  thresholds fetch failed: timed out
2026-09-30T22:25:25Z  WARNING  stats fetch failed: timed out
2026-09-30T22:25:30Z  WARNING  thresholds fetch failed: timed out
2026-09-30T22:25:30Z  WARNING  stats fetch failed: timed out
2026-09-30T22:25:35Z  WARNING  thresholds fetch failed: timed out
2026-09-30T22:25:35Z  WARNING  stats fetch failed: timed out
2026-09-30T22:25:40Z  WARNING  thresholds fetch failed: timed out
2026-09-30T22:25:40Z  WARNING  stats fetch failed: timed out
2026-09-30T22:25:45Z  WARNING  thresholds fetch failed: timed out
2026-09-30T22:25:45Z  WARNING  stats fetch failed: timed out
2026-09-30T22:25:50Z  WARNING  thresholds fetch failed: timed out
2026-09-30T22:25:50Z  WARNING  stats fetch failed: timed out
2026-09-30T22:25:55Z  WARNING  thresholds fetch failed: timed out
2026-09-30T22:25:55Z  WARNING  stats fetch failed: timed out
2026-09-30T22:26:00Z  WARNING  thresholds fetch failed: timed out
2026-09-30T22:26:00Z  WARNING  stats fetch failed: timed out
2026-09-30T22:26:05Z  WARNING  thresholds fetch failed: timed out
2026-09-30T22:26:05Z  WARNING  stats fetch failed: timed out
2026-09-30T22:26:10Z  WARNING  thresholds fetch failed: timed out
2026-09-30T22:26:10Z  WARNING  stats fetch failed: timed out
2026-09-30T22:26:15Z  WARNING  thresholds fetch failed: timed out
2026-09-30T22:26:15Z  WARNING  stats fetch failed: timed out
2026-09-30T22:26:20Z  WARNING  thresholds fetch failed: timed out
2026-09-30T22:26:20Z  WARNING  stats fetch failed: timed out
2026-09-30T22:26:25Z  WARNING  thresholds fetch failed: timed out
2026-09-30T22:26:25Z  WARNING  stats fetch failed: timed out
2026-09-30T22:26:30Z  WARNING  thresholds fetch failed: timed out
2026-09-30T22:26:30Z  WARNING  stats fetch failed: timed out
2026-09-30T22:26:35Z  WARNING  thresholds fetch failed: timed out
2026-09-30T22:26:35Z  WARNING  stats fetch failed: timed out
2026-09-30T22:26:40Z  WARNING  thresholds fetch failed: timed out
2026-09-30T22:26:40Z  WARNING  stats fetch failed: timed out
2026-09-30T22:26:45Z  WARNING  thresholds fetch failed: timed out
2026-09-30T22:26:45Z  WARNING  stats fetch failed: timed out
2026-09-30T22:26:50Z  WARNING  thresholds fetch failed: timed out
2026-09-30T22:26:50Z  WARNING  stats fetch failed: timed out
2026-09-30T22:26:55Z  WARNING  thresholds fetch failed: timed out
2026-09-30T22:26:55Z  WARNING  stats fetch failed: timed out
2026-09-30T22:27:00Z  WARNING  thresholds fetch failed: timed out
2026-09-30T22:27:00Z  WARNING  stats fetch failed: timed out
2026-09-30T22:27:05Z  WARNING  thresholds fetch failed: timed out
2026-09-30T22:27:05Z  WARNING  stats fetch failed: timed out
2026-09-30T22:27:10Z  WARNING  thresholds fetch failed: timed out
2026-09-30T22:27:10Z  WARNING  stats fetch failed: timed out
2026-09-30T22:27:15Z  WARNING  thresholds fetch failed: timed out
2026-09-30T22:27:15Z  WARNING  stats fetch failed: timed out
2026-09-30T22:27:20Z  WARNING  thresholds fetch failed: timed out
2026-09-30T22:27:20Z  WARNING  stats fetch failed: timed out
2026-09-30T22:27:25Z  WARNING  thresholds fetch failed: timed out
2026-09-30T22:27:25Z  WARNING  stats fetch failed: timed out
2026-09-30T22:27:30Z  WARNING  thresholds fetch failed: timed out
2026-09-30T22:27:30Z  WARNING  stats fetch failed: timed out
2026-09-30T22:27:35Z  WARNING  thresholds fetch failed: timed out
2026-09-30T22:27:35Z  WARNING  stats fetch failed: timed out
2026-09-30T22:27:40Z  WARNING  thresholds fetch failed: timed out
2026-09-30T22:27:40Z  WARNING  stats fetch failed: timed out
2026-09-30T22:27:45Z  WARNING  thresholds fetch failed: timed out
2026-09-30T22:27:45Z  WARNING  stats fetch failed: timed out
2026-09-30T22:27:50Z  WARNING  thresholds fetch failed: timed out
2026-09-30T22:27:50Z  WARNING  stats fetch failed: timed out
2026-09-30T22:27:55Z  WARNING  thresholds fetch failed: timed out
2026-09-30T22:27:55Z  WARNING  stats fetch failed: timed out
2026-09-30T22:28:00Z  WARNING  thresholds fetch failed: timed out
2026-09-30T22:28:00Z  WARNING  stats fetch failed: timed out
2026-09-30T22:28:05Z  WARNING  thresholds fetch failed: timed out
2026-09-30T22:28:05Z  WARNING  stats fetch failed: timed out
2026-09-30T22:28:10Z  WARNING  thresholds fetch failed: timed out
2026-09-30T22:28:10Z  WARNING  stats fetch failed: timed out
2026-09-30T22:28:15Z  WARNING  thresholds fetch failed: timed out
2026-09-30T22:28:15Z  WARNING  stats fetch failed: timed out
2026-09-30T22:28:20Z  WARNING  thresholds fetch failed: timed out
2026-09-30T22:28:20Z  WARNING  stats fetch failed: timed out
2026-09-30T22:28:25Z  WARNING  thresholds fetch failed: timed out
2026-09-30T22:28:25Z  WARNING  stats fetch failed: timed out
2026-09-30T22:28:30Z  WARNING  thresholds fetch failed: timed out
2026-09-30T22:28:30Z  WARNING  stats fetch failed: timed out
2026-09-30T22:28:35Z  WARNING  thresholds fetch failed: timed out
2026-09-30T22:28:35Z  WARNING  stats fetch failed: timed out
2026-09-30T22:28:40Z  WARNING  thresholds fetch failed: timed out
2026-09-30T22:28:40Z  WARNING  stats fetch failed: timed out
2026-09-30T22:28:45Z  WARNING  thresholds fetch failed: timed out
2026-09-30T22:28:45Z  WARNING  stats fetch failed: timed out
2026-09-30T22:28:50Z  WARNING  thresholds fetch failed: timed out
2026-09-30T22:28:50Z  WARNING  stats fetch failed: timed out
2026-09-30T22:28:55Z  WARNING  thresholds fetch failed: timed out
2026-09-30T22:28:55Z  WARNING  stats fetch failed: timed out
2026-09-30T22:29:00Z  WARNING  thresholds fetch failed: timed out
2026-09-30T22:29:00Z  WARNING  stats fetch failed: timed out
2026-09-30T22:29:05Z  WARNING  thresholds fetch failed: timed out
2026-09-30T22:29:05Z  WARNING  stats fetch failed: timed out
2026-09-30T22:29:10Z  WARNING  thresholds fetch failed: timed out
2026-09-30T22:29:10Z  WARNING  stats fetch failed: timed out
2026-09-30T22:29:15Z  WARNING  thresholds fetch failed: timed out
2026-09-30T22:29:15Z  WARNING  stats fetch failed: timed out
2026-09-30T22:29:20Z  WARNING  thresholds fetch failed: timed out
2026-09-30T22:29:20Z  WARNING  stats fetch failed: timed out
2026-09-30T22:29:25Z  WARNING  thresholds fetch failed: timed out
2026-09-30T22:29:25Z  WARNING  stats fetch failed: timed out
2026-09-30T22:29:30Z  WARNING  thresholds fetch failed: timed out
2026-09-30T22:29:30Z  WARNING  stats fetch failed: timed out
2026-09-30T22:29:35Z  WARNING  thresholds fetch failed: timed out
2026-09-30T22:29:35Z  WARNING  stats fetch failed: timed out
2026-09-30T22:29:40Z  WARNING  thresholds fetch failed: timed out
2026-09-30T22:29:40Z  WARNING  stats fetch failed: timed out
2026-09-30T22:29:45Z  WARNING  thresholds fetch failed: timed out
2026-09-30T22:29:45Z  WARNING  stats fetch failed: timed out
2026-09-30T22:29:50Z  WARNING  thresholds fetch failed: timed out
2026-09-30T22:29:50Z  WARNING  stats fetch failed: timed out
2026-09-30T22:29:55Z  WARNING  thresholds fetch failed: timed out
2026-09-30T22:29:55Z  WARNING  stats fetch failed: timed out
2026-09-30T22:30:00Z  WARNING  thresholds fetch failed: timed out
2026-09-30T22:30:00Z  WARNING  stats fetch failed: timed out
2026-09-30T22:30:05Z  WARNING  thresholds fetch failed: timed out
2026-09-30T22:30:05Z  WARNING  stats fetch failed: timed out
2026-09-30T22:30:10Z  WARNING  thresholds fetch failed: timed out
2026-09-30T22:30:10Z  WARNING  stats fetch failed: timed out
2026-09-30T22:30:15Z  WARNING  thresholds fetch failed: timed out
2026-09-30T22:30:15Z  WARNING  stats fetch failed: timed out
2026-09-30T22:30:20Z  WARNING  thresholds fetch failed: timed out
2026-09-30T22:30:20Z  WARNING  stats fetch failed: timed out
2026-09-30T22:30:25Z  WARNING  thresholds fetch failed: timed out
2026-09-30T22:30:25Z  WARNING  stats fetch failed: timed out
2026-09-30T22:30:30Z  WARNING  thresholds fetch failed: timed out
2026-09-30T22:30:30Z  WARNING  stats fetch failed: timed out
2026-09-30T22:30:35Z  WARNING  thresholds fetch failed: timed out
2026-09-30T22:30:35Z  WARNING  stats fetch failed: timed out
2026-09-30T22:30:40Z  WARNING  thresholds fetch failed: timed out
2026-09-30T22:30:40Z  WARNING  stats fetch failed: timed out
2026-09-30T22:30:45Z  WARNING  thresholds fetch failed: timed out
2026-09-30T22:30:45Z  WARNING  stats fetch failed: timed out
2026-09-30T22:30:50Z  WARNING  thresholds fetch failed: timed out
2026-09-30T22:30:50Z  WARNING  stats fetch failed: timed out
2026-09-30T22:30:55Z  WARNING  thresholds fetch failed: timed out
2026-09-30T22:30:55Z  WARNING  stats fetch failed: timed out
2026-09-30T22:31:00Z  WARNING  thresholds fetch failed: timed out
2026-09-30T22:31:00Z  WARNING  stats fetch failed: timed out
2026-09-30T22:31:05Z  WARNING  thresholds fetch failed: timed out
2026-09-30T22:31:05Z  WARNING  stats fetch failed: timed out
2026-09-30T22:31:10Z  WARNING  thresholds fetch failed: timed out
2026-09-30T22:31:10Z  WARNING  stats fetch failed: timed out
2026-09-30T22:31:15Z  WARNING  thresholds fetch failed: timed out
2026-09-30T22:31:15Z  WARNING  stats fetch failed: timed out
2026-09-30T22:31:20Z  WARNING  thresholds fetch failed: timed out
2026-09-30T22:31:20Z  WARNING  stats fetch failed: timed out
2026-09-30T22:31:25Z  WARNING  thresholds fetch failed: timed out
2026-09-30T22:31:25Z  WARNING  stats fetch failed: timed out
2026-09-30T22:31:30Z  WARNING  thresholds fetch failed: timed out
2026-09-30T22:31:30Z  WARNING  stats fetch failed: timed out
2026-09-30T22:31:35Z  WARNING  thresholds fetch failed: timed out
2026-09-30T22:31:35Z  WARNING  stats fetch failed: timed out
2026-09-30T22:31:40Z  WARNING  thresholds fetch failed: timed out
2026-09-30T22:31:40Z  WARNING  stats fetch failed: timed out
2026-09-30T22:31:45Z  WARNING  thresholds fetch failed: timed out
2026-09-30T22:31:45Z  WARNING  stats fetch failed: timed out
2026-09-30T22:31:50Z  WARNING  thresholds fetch failed: timed out
2026-09-30T22:31:50Z  WARNING  stats fetch failed: timed out
2026-09-30T22:31:55Z  WARNING  thresholds fetch failed: timed out
2026-09-30T22:31:55Z  WARNING  stats fetch failed: timed out
2026-09-30T22:32:00Z  WARNING  thresholds fetch failed: timed out
2026-09-30T22:32:00Z  WARNING  stats fetch failed: timed out
2026-09-30T22:32:05Z  WARNING  thresholds fetch failed: timed out
2026-09-30T22:32:05Z  WARNING  stats fetch failed: timed out
2026-09-30T22:32:10Z  WARNING  thresholds fetch failed: timed out
2026-09-30T22:32:10Z  WARNING  stats fetch failed: timed out
2026-09-30T22:32:15Z  WARNING  thresholds fetch failed: timed out
2026-09-30T22:32:15Z  WARNING  stats fetch failed: timed out
2026-09-30T22:32:20Z  WARNING  thresholds fetch failed: timed out
2026-09-30T22:32:20Z  WARNING  stats fetch failed: timed out
2026-09-30T22:32:25Z  WARNING  thresholds fetch failed: timed out
2026-09-30T22:32:25Z  WARNING  stats fetch failed: timed out
2026-09-30T22:32:30Z  WARNING  thresholds fetch failed: timed out
2026-09-30T22:32:30Z  WARNING  stats fetch failed: timed out
2026-09-30T22:32:35Z  WARNING  thresholds fetch failed: timed out
2026-09-30T22:32:35Z  WARNING  stats fetch failed: timed out
2026-09-30T22:32:40Z  WARNING  thresholds fetch failed: timed out
2026-09-30T22:32:40Z  WARNING  stats fetch failed: timed out
2026-09-30T22:32:45Z  WARNING  thresholds fetch failed: timed out
2026-09-30T22:32:45Z  WARNING  stats fetch failed: timed out
2026-09-30T22:32:50Z  WARNING  thresholds fetch failed: timed out
2026-09-30T22:32:50Z  WARNING  stats fetch failed: timed out
2026-09-30T22:32:55Z  WARNING  thresholds fetch failed: timed out
2026-09-30T22:32:55Z  WARNING  stats fetch failed: timed out
2026-09-30T22:33:00Z  WARNING  thresholds fetch failed: timed out
2026-09-30T22:33:00Z  WARNING  stats fetch failed: timed out
2026-09-30T22:33:05Z  WARNING  thresholds fetch failed: timed out
2026-09-30T22:33:05Z  WARNING  stats fetch failed: timed out
2026-09-30T22:33:10Z  WARNING  thresholds fetch failed: timed out
2026-09-30T22:33:10Z  WARNING  stats fetch failed: timed out
2026-09-30T22:33:15Z  WARNING  thresholds fetch failed: timed out
2026-09-30T22:33:15Z  WARNING  stats fetch failed: timed out
2026-09-30T22:33:20Z  WARNING  thresholds fetch failed: timed out
2026-09-30T22:33:20Z  WARNING  stats fetch failed: timed out
2026-09-30T22:33:25Z  WARNING  thresholds fetch failed: timed out
2026-09-30T22:33:25Z  WARNING  stats fetch failed: timed out
2026-09-30T22:33:30Z  WARNING  thresholds fetch failed: timed out
2026-09-30T22:33:30Z  WARNING  stats fetch failed: timed out
2026-09-30T22:33:35Z  WARNING  thresholds fetch failed: timed out
2026-09-30T22:33:35Z  WARNING  stats fetch failed: timed out
2026-09-30T22:33:40Z  WARNING  thresholds fetch failed: timed out
2026-09-30T22:33:40Z  WARNING  stats fetch failed: timed out
2026-09-30T22:33:45Z  WARNING  thresholds fetch failed: timed out
2026-09-30T22:33:45Z  WARNING  stats fetch failed: timed out
2026-09-30T22:33:50Z  WARNING  thresholds fetch failed: timed out
2026-09-30T22:33:50Z  WARNING  stats fetch failed: timed out
2026-09-30T22:33:55Z  WARNING  thresholds fetch failed: timed out
2026-09-30T22:33:55Z  WARNING  stats fetch failed: timed out
2026-09-30T22:34:00Z  WARNING  thresholds fetch failed: timed out
2026-09-30T22:34:00Z  WARNING  stats fetch failed: timed out
2026-09-30T22:34:05Z  WARNING  thresholds fetch failed: timed out
2026-09-30T22:34:05Z  WARNING  stats fetch failed: timed out
2026-09-30T22:34:10Z  WARNING  thresholds fetch failed: timed out
2026-09-30T22:34:10Z  WARNING  stats fetch failed: timed out
2026-09-30T22:34:15Z  WARNING  thresholds fetch failed: timed out
2026-09-30T22:34:15Z  WARNING  stats fetch failed: timed out
2026-09-30T22:34:20Z  WARNING  thresholds fetch failed: timed out
2026-09-30T22:34:20Z  WARNING  stats fetch failed: timed out
2026-09-30T22:34:25Z  WARNING  thresholds fetch failed: timed out
2026-09-30T22:34:25Z  WARNING  stats fetch failed: timed out
2026-09-30T22:34:30Z  WARNING  thresholds fetch failed: timed out
2026-09-30T22:34:30Z  WARNING  stats fetch failed: timed out
2026-09-30T22:34:35Z  WARNING  thresholds fetch failed: timed out
2026-09-30T22:34:35Z  WARNING  stats fetch failed: timed out
2026-09-30T22:34:40Z  SHUTDOWN  signal=15
2026-09-30T22:34:41Z  EXIT
