2026-09-29T10:56:01Z  START  poll_interval=1s layer_a_poll_interval=5s
2026-09-29T10:57:05Z  WARNING  thresholds fetch failed: timed out
2026-09-29T10:57:05Z  WARNING  stats fetch failed: timed out
2026-09-29T10:57:10Z  WARNING  thresholds fetch failed: timed out
2026-09-29T10:57:10Z  WARNING  stats fetch failed: timed out
2026-09-29T10:57:15Z  WARNING  thresholds fetch failed: timed out
2026-09-29T10:57:15Z  WARNING  stats fetch failed: timed out
2026-09-29T10:57:20Z  WARNING  thresholds fetch failed: timed out
2026-09-29T10:57:20Z  WARNING  stats fetch failed: timed out
2026-09-29T10:57:25Z  WARNING  thresholds fetch failed: timed out
2026-09-29T10:57:25Z  WARNING  stats fetch failed: timed out
2026-09-29T10:57:30Z  WARNING  thresholds fetch failed: timed out
2026-09-29T10:57:30Z  WARNING  stats fetch failed: timed out
2026-09-29T10:57:35Z  WARNING  thresholds fetch failed: timed out
2026-09-29T10:57:35Z  WARNING  stats fetch failed: timed out
2026-09-29T10:57:40Z  WARNING  thresholds fetch failed: timed out
2026-09-29T10:57:40Z  WARNING  stats fetch failed: timed out
2026-09-29T10:57:45Z  WARNING  thresholds fetch failed: timed out
2026-09-29T10:57:45Z  WARNING  stats fetch failed: timed out
2026-09-29T10:57:50Z  WARNING  thresholds fetch failed: timed out
2026-09-29T10:57:50Z  WARNING  stats fetch failed: timed out
2026-09-29T10:57:55Z  WARNING  thresholds fetch failed: timed out
2026-09-29T10:57:55Z  WARNING  stats fetch failed: timed out
2026-09-29T10:58:00Z  WARNING  thresholds fetch failed: timed out
2026-09-29T10:58:00Z  WARNING  stats fetch failed: timed out
2026-09-29T10:58:05Z  WARNING  thresholds fetch failed: timed out
2026-09-29T10:58:05Z  WARNING  stats fetch failed: timed out
2026-09-29T10:58:10Z  WARNING  thresholds fetch failed: timed out
2026-09-29T10:58:10Z  WARNING  stats fetch failed: timed out
2026-09-29T10:58:15Z  WARNING  thresholds fetch failed: timed out
2026-09-29T10:58:15Z  WARNING  stats fetch failed: timed out
2026-09-29T10:58:20Z  WARNING  thresholds fetch failed: timed out
2026-09-29T10:58:20Z  WARNING  stats fetch failed: timed out
2026-09-29T10:58:25Z  WARNING  thresholds fetch failed: timed out
2026-09-29T10:58:25Z  WARNING  stats fetch failed: timed out
2026-09-29T10:58:30Z  WARNING  thresholds fetch failed: timed out
2026-09-29T10:58:30Z  WARNING  stats fetch failed: timed out
2026-09-29T10:58:35Z  WARNING  thresholds fetch failed: timed out
2026-09-29T10:58:35Z  WARNING  stats fetch failed: timed out
2026-09-29T10:58:40Z  WARNING  thresholds fetch failed: timed out
2026-09-29T10:58:40Z  WARNING  stats fetch failed: timed out
2026-09-29T10:58:45Z  WARNING  thresholds fetch failed: timed out
2026-09-29T10:58:45Z  WARNING  stats fetch failed: timed out
2026-09-29T10:58:50Z  WARNING  thresholds fetch failed: timed out
2026-09-29T10:58:50Z  WARNING  stats fetch failed: timed out
2026-09-29T10:58:55Z  WARNING  thresholds fetch failed: timed out
2026-09-29T10:58:55Z  WARNING  stats fetch failed: timed out
2026-09-29T10:59:00Z  WARNING  thresholds fetch failed: timed out
2026-09-29T10:59:00Z  WARNING  stats fetch failed: timed out
2026-09-29T10:59:05Z  WARNING  thresholds fetch failed: timed out
2026-09-29T10:59:05Z  WARNING  stats fetch failed: timed out
2026-09-29T10:59:10Z  WARNING  thresholds fetch failed: timed out
2026-09-29T10:59:10Z  WARNING  stats fetch failed: timed out
2026-09-29T10:59:15Z  WARNING  thresholds fetch failed: timed out
2026-09-29T10:59:15Z  WARNING  stats fetch failed: timed out
2026-09-29T10:59:20Z  WARNING  thresholds fetch failed: <urlopen error timed out>
2026-09-29T10:59:20Z  WARNING  stats fetch failed: timed out
2026-09-29T10:59:25Z  WARNING  thresholds fetch failed: <urlopen error timed out>
2026-09-29T10:59:25Z  WARNING  stats fetch failed: timed out
2026-09-29T10:59:30Z  WARNING  thresholds fetch failed: timed out
2026-09-29T10:59:30Z  WARNING  stats fetch failed: timed out
2026-09-29T10:59:35Z  WARNING  thresholds fetch failed: timed out
2026-09-29T10:59:35Z  WARNING  stats fetch failed: timed out
2026-09-29T10:59:40Z  WARNING  thresholds fetch failed: timed out
2026-09-29T10:59:40Z  WARNING  stats fetch failed: timed out
2026-09-29T10:59:45Z  WARNING  thresholds fetch failed: timed out
2026-09-29T10:59:45Z  WARNING  stats fetch failed: timed out
2026-09-29T10:59:50Z  WARNING  thresholds fetch failed: timed out
2026-09-29T10:59:50Z  WARNING  stats fetch failed: timed out
2026-09-29T10:59:55Z  WARNING  thresholds fetch failed: timed out
2026-09-29T10:59:55Z  WARNING  stats fetch failed: timed out
2026-09-29T11:00:00Z  WARNING  thresholds fetch failed: timed out
2026-09-29T11:00:00Z  WARNING  stats fetch failed: timed out
2026-09-29T11:00:05Z  WARNING  thresholds fetch failed: timed out
2026-09-29T11:00:05Z  WARNING  stats fetch failed: timed out
2026-09-29T11:00:10Z  WARNING  thresholds fetch failed: timed out
2026-09-29T11:00:10Z  WARNING  stats fetch failed: timed out
2026-09-29T11:00:15Z  WARNING  thresholds fetch failed: timed out
2026-09-29T11:00:15Z  WARNING  stats fetch failed: timed out
2026-09-29T11:00:20Z  WARNING  thresholds fetch failed: timed out
2026-09-29T11:00:20Z  WARNING  stats fetch failed: timed out
2026-09-29T11:00:25Z  WARNING  thresholds fetch failed: timed out
2026-09-29T11:00:25Z  WARNING  stats fetch failed: timed out
2026-09-29T11:00:30Z  WARNING  thresholds fetch failed: timed out
2026-09-29T11:00:30Z  WARNING  stats fetch failed: timed out
2026-09-29T11:00:35Z  WARNING  thresholds fetch failed: timed out
2026-09-29T11:00:35Z  WARNING  stats fetch failed: timed out
2026-09-29T11:00:40Z  WARNING  thresholds fetch failed: timed out
2026-09-29T11:00:40Z  WARNING  stats fetch failed: timed out
2026-09-29T11:00:45Z  WARNING  thresholds fetch failed: timed out
2026-09-29T11:00:45Z  WARNING  stats fetch failed: timed out
2026-09-29T11:00:50Z  WARNING  thresholds fetch failed: timed out
2026-09-29T11:00:50Z  WARNING  stats fetch failed: timed out
2026-09-29T11:00:55Z  WARNING  thresholds fetch failed: timed out
2026-09-29T11:00:55Z  WARNING  stats fetch failed: timed out
2026-09-29T11:01:00Z  WARNING  thresholds fetch failed: timed out
2026-09-29T11:01:00Z  WARNING  stats fetch failed: timed out
2026-09-29T11:01:05Z  WARNING  thresholds fetch failed: timed out
2026-09-29T11:01:05Z  WARNING  stats fetch failed: timed out
2026-09-29T11:01:10Z  WARNING  thresholds fetch failed: timed out
2026-09-29T11:01:10Z  WARNING  stats fetch failed: timed out
2026-09-29T11:01:15Z  WARNING  thresholds fetch failed: timed out
2026-09-29T11:01:15Z  WARNING  stats fetch failed: timed out
2026-09-29T11:01:20Z  WARNING  thresholds fetch failed: timed out
2026-09-29T11:01:20Z  WARNING  stats fetch failed: timed out
2026-09-29T11:01:25Z  WARNING  thresholds fetch failed: timed out
2026-09-29T11:01:25Z  WARNING  stats fetch failed: timed out
2026-09-29T11:01:30Z  WARNING  thresholds fetch failed: timed out
2026-09-29T11:01:30Z  WARNING  stats fetch failed: timed out
2026-09-29T11:01:35Z  WARNING  thresholds fetch failed: timed out
2026-09-29T11:01:35Z  WARNING  stats fetch failed: timed out
2026-09-29T11:01:40Z  WARNING  thresholds fetch failed: timed out
2026-09-29T11:01:40Z  WARNING  stats fetch failed: timed out
2026-09-29T11:01:45Z  WARNING  thresholds fetch failed: timed out
2026-09-29T11:01:45Z  WARNING  stats fetch failed: timed out
2026-09-29T11:01:50Z  WARNING  thresholds fetch failed: timed out
2026-09-29T11:01:50Z  WARNING  stats fetch failed: timed out
2026-09-29T11:01:55Z  WARNING  thresholds fetch failed: timed out
2026-09-29T11:01:55Z  WARNING  stats fetch failed: timed out
2026-09-29T11:02:00Z  WARNING  thresholds fetch failed: timed out
2026-09-29T11:02:00Z  WARNING  stats fetch failed: timed out
2026-09-29T11:02:05Z  WARNING  thresholds fetch failed: timed out
2026-09-29T11:02:05Z  WARNING  stats fetch failed: timed out
2026-09-29T11:02:10Z  WARNING  thresholds fetch failed: timed out
2026-09-29T11:02:10Z  WARNING  stats fetch failed: timed out
2026-09-29T11:02:15Z  WARNING  thresholds fetch failed: timed out
2026-09-29T11:02:15Z  WARNING  stats fetch failed: timed out
2026-09-29T11:02:20Z  WARNING  thresholds fetch failed: timed out
2026-09-29T11:02:20Z  WARNING  stats fetch failed: timed out
2026-09-29T11:02:25Z  WARNING  thresholds fetch failed: timed out
2026-09-29T11:02:25Z  WARNING  stats fetch failed: timed out
2026-09-29T11:02:30Z  WARNING  thresholds fetch failed: timed out
2026-09-29T11:02:30Z  WARNING  stats fetch failed: timed out
2026-09-29T11:02:35Z  WARNING  thresholds fetch failed: timed out
2026-09-29T11:02:35Z  WARNING  stats fetch failed: timed out
2026-09-29T11:02:40Z  WARNING  thresholds fetch failed: timed out
2026-09-29T11:02:40Z  WARNING  stats fetch failed: timed out
2026-09-29T11:02:45Z  WARNING  thresholds fetch failed: timed out
2026-09-29T11:02:45Z  WARNING  stats fetch failed: timed out
2026-09-29T11:02:50Z  WARNING  thresholds fetch failed: timed out
2026-09-29T11:02:50Z  WARNING  stats fetch failed: timed out
2026-09-29T11:02:55Z  WARNING  thresholds fetch failed: timed out
2026-09-29T11:02:55Z  WARNING  stats fetch failed: timed out
2026-09-29T11:03:00Z  WARNING  thresholds fetch failed: timed out
2026-09-29T11:03:00Z  WARNING  stats fetch failed: timed out
2026-09-29T11:03:05Z  WARNING  thresholds fetch failed: timed out
2026-09-29T11:03:05Z  WARNING  stats fetch failed: timed out
2026-09-29T11:03:10Z  WARNING  thresholds fetch failed: timed out
2026-09-29T11:03:10Z  WARNING  stats fetch failed: timed out
2026-09-29T11:03:15Z  WARNING  thresholds fetch failed: timed out
2026-09-29T11:03:15Z  WARNING  stats fetch failed: timed out
2026-09-29T11:03:20Z  WARNING  thresholds fetch failed: timed out
2026-09-29T11:03:20Z  WARNING  stats fetch failed: timed out
2026-09-29T11:03:25Z  WARNING  thresholds fetch failed: timed out
2026-09-29T11:03:25Z  WARNING  stats fetch failed: timed out
2026-09-29T11:03:30Z  WARNING  thresholds fetch failed: timed out
2026-09-29T11:03:30Z  WARNING  stats fetch failed: timed out
2026-09-29T11:03:35Z  WARNING  thresholds fetch failed: timed out
2026-09-29T11:03:35Z  WARNING  stats fetch failed: timed out
2026-09-29T11:03:40Z  WARNING  thresholds fetch failed: timed out
2026-09-29T11:03:40Z  WARNING  stats fetch failed: timed out
2026-09-29T11:03:45Z  WARNING  thresholds fetch failed: timed out
2026-09-29T11:03:45Z  WARNING  stats fetch failed: timed out
2026-09-29T11:03:50Z  WARNING  thresholds fetch failed: timed out
2026-09-29T11:03:50Z  WARNING  stats fetch failed: timed out
2026-09-29T11:03:55Z  WARNING  thresholds fetch failed: timed out
2026-09-29T11:03:55Z  WARNING  stats fetch failed: timed out
2026-09-29T11:04:00Z  WARNING  thresholds fetch failed: timed out
2026-09-29T11:04:00Z  WARNING  stats fetch failed: timed out
2026-09-29T11:04:05Z  WARNING  thresholds fetch failed: timed out
2026-09-29T11:04:05Z  WARNING  stats fetch failed: timed out
2026-09-29T11:04:10Z  WARNING  thresholds fetch failed: timed out
2026-09-29T11:04:10Z  WARNING  stats fetch failed: timed out
2026-09-29T11:04:15Z  WARNING  thresholds fetch failed: timed out
2026-09-29T11:04:15Z  WARNING  stats fetch failed: timed out
2026-09-29T11:04:20Z  WARNING  thresholds fetch failed: timed out
2026-09-29T11:04:20Z  WARNING  stats fetch failed: timed out
2026-09-29T11:04:25Z  WARNING  thresholds fetch failed: timed out
2026-09-29T11:04:25Z  WARNING  stats fetch failed: timed out
2026-09-29T11:04:30Z  WARNING  thresholds fetch failed: timed out
2026-09-29T11:04:30Z  WARNING  stats fetch failed: timed out
2026-09-29T11:04:35Z  WARNING  thresholds fetch failed: timed out
2026-09-29T11:04:35Z  WARNING  stats fetch failed: timed out
2026-09-29T11:04:40Z  WARNING  thresholds fetch failed: timed out
2026-09-29T11:04:40Z  WARNING  stats fetch failed: timed out
2026-09-29T11:04:45Z  WARNING  thresholds fetch failed: timed out
2026-09-29T11:04:45Z  WARNING  stats fetch failed: timed out
2026-09-29T11:04:50Z  WARNING  thresholds fetch failed: timed out
2026-09-29T11:04:50Z  WARNING  stats fetch failed: timed out
2026-09-29T11:04:55Z  WARNING  thresholds fetch failed: timed out
2026-09-29T11:04:55Z  WARNING  stats fetch failed: timed out
2026-09-29T11:05:00Z  WARNING  thresholds fetch failed: timed out
2026-09-29T11:05:00Z  WARNING  stats fetch failed: timed out
2026-09-29T11:05:05Z  WARNING  thresholds fetch failed: timed out
2026-09-29T11:05:05Z  WARNING  stats fetch failed: timed out
2026-09-29T11:05:10Z  WARNING  thresholds fetch failed: timed out
2026-09-29T11:05:10Z  WARNING  stats fetch failed: timed out
2026-09-29T11:05:15Z  WARNING  thresholds fetch failed: timed out
2026-09-29T11:05:15Z  WARNING  stats fetch failed: timed out
2026-09-29T11:05:20Z  WARNING  thresholds fetch failed: timed out
2026-09-29T11:05:20Z  WARNING  stats fetch failed: timed out
2026-09-29T11:05:25Z  WARNING  thresholds fetch failed: timed out
2026-09-29T11:05:25Z  WARNING  stats fetch failed: timed out
2026-09-29T11:05:30Z  WARNING  thresholds fetch failed: timed out
2026-09-29T11:05:30Z  WARNING  stats fetch failed: timed out
2026-09-29T11:05:35Z  WARNING  thresholds fetch failed: timed out
2026-09-29T11:05:35Z  WARNING  stats fetch failed: timed out
2026-09-29T11:05:40Z  WARNING  thresholds fetch failed: timed out
2026-09-29T11:05:40Z  WARNING  stats fetch failed: timed out
2026-09-29T11:05:45Z  WARNING  thresholds fetch failed: timed out
2026-09-29T11:05:45Z  WARNING  stats fetch failed: timed out
2026-09-29T11:05:50Z  WARNING  thresholds fetch failed: timed out
2026-09-29T11:05:50Z  WARNING  stats fetch failed: timed out
2026-09-29T11:05:55Z  WARNING  thresholds fetch failed: timed out
2026-09-29T11:05:55Z  WARNING  stats fetch failed: timed out
2026-09-29T11:06:00Z  WARNING  thresholds fetch failed: timed out
2026-09-29T11:06:00Z  WARNING  stats fetch failed: timed out
2026-09-29T11:06:05Z  WARNING  thresholds fetch failed: timed out
2026-09-29T11:06:05Z  WARNING  stats fetch failed: timed out
2026-09-29T11:06:10Z  WARNING  thresholds fetch failed: timed out
2026-09-29T11:06:10Z  WARNING  stats fetch failed: timed out
2026-09-29T11:06:15Z  WARNING  thresholds fetch failed: timed out
2026-09-29T11:06:15Z  WARNING  stats fetch failed: timed out
2026-09-29T11:06:20Z  WARNING  thresholds fetch failed: timed out
2026-09-29T11:06:20Z  WARNING  stats fetch failed: timed out
2026-09-29T11:06:25Z  WARNING  thresholds fetch failed: <urlopen error timed out>
2026-09-29T11:06:25Z  WARNING  stats fetch failed: timed out
2026-09-29T11:06:30Z  WARNING  thresholds fetch failed: timed out
2026-09-29T11:06:30Z  WARNING  stats fetch failed: timed out
2026-09-29T11:06:35Z  WARNING  thresholds fetch failed: timed out
2026-09-29T11:06:35Z  WARNING  stats fetch failed: timed out
2026-09-29T11:06:38Z  SHUTDOWN  signal=15
2026-09-29T11:06:39Z  EXIT
