2026-10-08T12:09:51Z  START  poll_interval=1s layer_a_poll_interval=5s
2026-10-08T12:12:30Z  WARNING  thresholds fetch failed: timed out
2026-10-08T12:12:30Z  WARNING  stats fetch failed: timed out
2026-10-08T12:12:35Z  WARNING  thresholds fetch failed: timed out
2026-10-08T12:12:35Z  WARNING  stats fetch failed: timed out
2026-10-08T12:12:40Z  WARNING  thresholds fetch failed: timed out
2026-10-08T12:12:40Z  WARNING  stats fetch failed: timed out
2026-10-08T12:12:45Z  WARNING  thresholds fetch failed: timed out
2026-10-08T12:12:45Z  WARNING  stats fetch failed: timed out
2026-10-08T12:12:50Z  WARNING  thresholds fetch failed: timed out
2026-10-08T12:12:50Z  WARNING  stats fetch failed: timed out
2026-10-08T12:12:55Z  WARNING  thresholds fetch failed: timed out
2026-10-08T12:12:55Z  WARNING  stats fetch failed: timed out
2026-10-08T12:13:00Z  WARNING  thresholds fetch failed: timed out
2026-10-08T12:13:00Z  WARNING  stats fetch failed: timed out
2026-10-08T12:13:05Z  WARNING  thresholds fetch failed: timed out
2026-10-08T12:13:05Z  WARNING  stats fetch failed: timed out
2026-10-08T12:13:10Z  WARNING  thresholds fetch failed: timed out
2026-10-08T12:13:10Z  WARNING  stats fetch failed: timed out
2026-10-08T12:13:15Z  WARNING  thresholds fetch failed: timed out
2026-10-08T12:13:15Z  WARNING  stats fetch failed: timed out
2026-10-08T12:13:20Z  WARNING  thresholds fetch failed: timed out
2026-10-08T12:13:20Z  WARNING  stats fetch failed: timed out
2026-10-08T12:13:25Z  WARNING  thresholds fetch failed: timed out
2026-10-08T12:13:25Z  WARNING  stats fetch failed: timed out
2026-10-08T12:13:30Z  WARNING  thresholds fetch failed: timed out
2026-10-08T12:13:30Z  WARNING  stats fetch failed: timed out
2026-10-08T12:13:35Z  WARNING  thresholds fetch failed: timed out
2026-10-08T12:13:35Z  WARNING  stats fetch failed: timed out
2026-10-08T12:13:40Z  WARNING  thresholds fetch failed: timed out
2026-10-08T12:13:40Z  WARNING  stats fetch failed: timed out
2026-10-08T12:13:45Z  WARNING  thresholds fetch failed: timed out
2026-10-08T12:13:45Z  WARNING  stats fetch failed: timed out
2026-10-08T12:13:50Z  WARNING  thresholds fetch failed: timed out
2026-10-08T12:13:50Z  WARNING  stats fetch failed: timed out
2026-10-08T12:13:55Z  WARNING  thresholds fetch failed: timed out
2026-10-08T12:13:55Z  WARNING  stats fetch failed: timed out
2026-10-08T12:14:00Z  WARNING  thresholds fetch failed: timed out
2026-10-08T12:14:00Z  WARNING  stats fetch failed: timed out
2026-10-08T12:14:05Z  WARNING  thresholds fetch failed: timed out
2026-10-08T12:14:05Z  WARNING  stats fetch failed: timed out
2026-10-08T12:14:10Z  WARNING  thresholds fetch failed: timed out
2026-10-08T12:14:10Z  WARNING  stats fetch failed: timed out
2026-10-08T12:14:15Z  WARNING  thresholds fetch failed: timed out
2026-10-08T12:14:15Z  WARNING  stats fetch failed: timed out
2026-10-08T12:14:20Z  WARNING  thresholds fetch failed: timed out
2026-10-08T12:14:20Z  WARNING  stats fetch failed: timed out
2026-10-08T12:14:25Z  WARNING  thresholds fetch failed: timed out
2026-10-08T12:14:25Z  WARNING  stats fetch failed: timed out
2026-10-08T12:14:30Z  WARNING  thresholds fetch failed: timed out
2026-10-08T12:14:30Z  WARNING  stats fetch failed: timed out
2026-10-08T12:14:35Z  WARNING  thresholds fetch failed: timed out
2026-10-08T12:14:35Z  WARNING  stats fetch failed: timed out
2026-10-08T12:14:40Z  WARNING  thresholds fetch failed: timed out
2026-10-08T12:14:40Z  WARNING  stats fetch failed: timed out
2026-10-08T12:14:45Z  WARNING  thresholds fetch failed: timed out
2026-10-08T12:14:45Z  WARNING  stats fetch failed: timed out
2026-10-08T12:14:50Z  WARNING  thresholds fetch failed: timed out
2026-10-08T12:14:50Z  WARNING  stats fetch failed: timed out
2026-10-08T12:14:55Z  WARNING  thresholds fetch failed: timed out
2026-10-08T12:14:55Z  WARNING  stats fetch failed: timed out
2026-10-08T12:15:00Z  WARNING  thresholds fetch failed: timed out
2026-10-08T12:15:00Z  WARNING  stats fetch failed: timed out
2026-10-08T12:15:05Z  WARNING  thresholds fetch failed: timed out
2026-10-08T12:15:05Z  WARNING  stats fetch failed: timed out
2026-10-08T12:15:10Z  WARNING  thresholds fetch failed: timed out
2026-10-08T12:15:10Z  WARNING  stats fetch failed: timed out
2026-10-08T12:15:15Z  WARNING  thresholds fetch failed: timed out
2026-10-08T12:15:15Z  WARNING  stats fetch failed: timed out
2026-10-08T12:15:20Z  WARNING  thresholds fetch failed: timed out
2026-10-08T12:15:20Z  WARNING  stats fetch failed: timed out
2026-10-08T12:15:25Z  WARNING  thresholds fetch failed: timed out
2026-10-08T12:15:25Z  WARNING  stats fetch failed: timed out
2026-10-08T12:15:30Z  WARNING  thresholds fetch failed: timed out
2026-10-08T12:15:30Z  WARNING  stats fetch failed: timed out
2026-10-08T12:15:35Z  WARNING  thresholds fetch failed: timed out
2026-10-08T12:15:35Z  WARNING  stats fetch failed: timed out
2026-10-08T12:15:40Z  WARNING  thresholds fetch failed: timed out
2026-10-08T12:15:40Z  WARNING  stats fetch failed: timed out
2026-10-08T12:15:45Z  WARNING  thresholds fetch failed: timed out
2026-10-08T12:15:45Z  WARNING  stats fetch failed: timed out
2026-10-08T12:15:50Z  WARNING  thresholds fetch failed: timed out
2026-10-08T12:15:50Z  WARNING  stats fetch failed: timed out
2026-10-08T12:15:55Z  WARNING  thresholds fetch failed: timed out
2026-10-08T12:15:55Z  WARNING  stats fetch failed: timed out
2026-10-08T12:16:00Z  WARNING  thresholds fetch failed: timed out
2026-10-08T12:16:00Z  WARNING  stats fetch failed: timed out
2026-10-08T12:16:05Z  WARNING  thresholds fetch failed: timed out
2026-10-08T12:16:05Z  WARNING  stats fetch failed: timed out
2026-10-08T12:16:10Z  WARNING  thresholds fetch failed: timed out
2026-10-08T12:16:10Z  WARNING  stats fetch failed: timed out
2026-10-08T12:16:15Z  WARNING  thresholds fetch failed: timed out
2026-10-08T12:16:15Z  WARNING  stats fetch failed: timed out
2026-10-08T12:16:20Z  WARNING  thresholds fetch failed: timed out
2026-10-08T12:16:20Z  WARNING  stats fetch failed: timed out
2026-10-08T12:16:25Z  WARNING  thresholds fetch failed: timed out
2026-10-08T12:16:25Z  WARNING  stats fetch failed: timed out
2026-10-08T12:16:30Z  WARNING  thresholds fetch failed: timed out
2026-10-08T12:16:30Z  WARNING  stats fetch failed: timed out
2026-10-08T12:16:35Z  WARNING  thresholds fetch failed: timed out
2026-10-08T12:16:35Z  WARNING  stats fetch failed: timed out
2026-10-08T12:16:40Z  WARNING  thresholds fetch failed: timed out
2026-10-08T12:16:40Z  WARNING  stats fetch failed: timed out
2026-10-08T12:16:45Z  WARNING  thresholds fetch failed: timed out
2026-10-08T12:16:45Z  WARNING  stats fetch failed: timed out
2026-10-08T12:16:50Z  WARNING  thresholds fetch failed: timed out
2026-10-08T12:16:50Z  WARNING  stats fetch failed: timed out
2026-10-08T12:16:55Z  WARNING  thresholds fetch failed: timed out
2026-10-08T12:16:55Z  WARNING  stats fetch failed: timed out
2026-10-08T12:17:00Z  WARNING  thresholds fetch failed: timed out
2026-10-08T12:17:00Z  WARNING  stats fetch failed: timed out
2026-10-08T12:17:05Z  WARNING  thresholds fetch failed: timed out
2026-10-08T12:17:05Z  WARNING  stats fetch failed: timed out
2026-10-08T12:17:10Z  WARNING  thresholds fetch failed: timed out
2026-10-08T12:17:10Z  WARNING  stats fetch failed: timed out
2026-10-08T12:17:15Z  WARNING  thresholds fetch failed: timed out
2026-10-08T12:17:15Z  WARNING  stats fetch failed: timed out
2026-10-08T12:17:20Z  WARNING  thresholds fetch failed: timed out
2026-10-08T12:17:20Z  WARNING  stats fetch failed: timed out
2026-10-08T12:17:25Z  WARNING  thresholds fetch failed: timed out
2026-10-08T12:17:25Z  WARNING  stats fetch failed: timed out
2026-10-08T12:17:30Z  WARNING  thresholds fetch failed: timed out
2026-10-08T12:17:30Z  WARNING  stats fetch failed: timed out
2026-10-08T12:17:35Z  WARNING  thresholds fetch failed: timed out
2026-10-08T12:17:35Z  WARNING  stats fetch failed: timed out
2026-10-08T12:17:40Z  WARNING  thresholds fetch failed: timed out
2026-10-08T12:17:40Z  WARNING  stats fetch failed: timed out
2026-10-08T12:17:45Z  WARNING  thresholds fetch failed: timed out
2026-10-08T12:17:45Z  WARNING  stats fetch failed: timed out
2026-10-08T12:17:50Z  WARNING  thresholds fetch failed: timed out
2026-10-08T12:17:50Z  WARNING  stats fetch failed: timed out
2026-10-08T12:17:55Z  WARNING  thresholds fetch failed: timed out
2026-10-08T12:17:55Z  WARNING  stats fetch failed: timed out
2026-10-08T12:18:00Z  WARNING  thresholds fetch failed: timed out
2026-10-08T12:18:00Z  WARNING  stats fetch failed: timed out
2026-10-08T12:18:05Z  WARNING  thresholds fetch failed: timed out
2026-10-08T12:18:05Z  WARNING  stats fetch failed: timed out
2026-10-08T12:18:10Z  WARNING  thresholds fetch failed: timed out
2026-10-08T12:18:10Z  WARNING  stats fetch failed: timed out
2026-10-08T12:18:15Z  WARNING  thresholds fetch failed: timed out
2026-10-08T12:18:15Z  WARNING  stats fetch failed: timed out
2026-10-08T12:18:20Z  WARNING  thresholds fetch failed: timed out
2026-10-08T12:18:20Z  WARNING  stats fetch failed: timed out
2026-10-08T12:18:25Z  WARNING  thresholds fetch failed: timed out
2026-10-08T12:18:25Z  WARNING  stats fetch failed: timed out
2026-10-08T12:18:30Z  WARNING  thresholds fetch failed: timed out
2026-10-08T12:18:30Z  WARNING  stats fetch failed: timed out
2026-10-08T12:18:35Z  WARNING  thresholds fetch failed: timed out
2026-10-08T12:18:35Z  WARNING  stats fetch failed: timed out
2026-10-08T12:18:40Z  WARNING  thresholds fetch failed: timed out
2026-10-08T12:18:40Z  WARNING  stats fetch failed: timed out
2026-10-08T12:18:45Z  WARNING  thresholds fetch failed: timed out
2026-10-08T12:18:45Z  WARNING  stats fetch failed: timed out
2026-10-08T12:18:50Z  WARNING  thresholds fetch failed: timed out
2026-10-08T12:18:50Z  WARNING  stats fetch failed: timed out
2026-10-08T12:18:55Z  WARNING  thresholds fetch failed: timed out
2026-10-08T12:18:55Z  WARNING  stats fetch failed: timed out
2026-10-08T12:19:00Z  WARNING  thresholds fetch failed: timed out
2026-10-08T12:19:00Z  WARNING  stats fetch failed: timed out
2026-10-08T12:19:05Z  WARNING  thresholds fetch failed: timed out
2026-10-08T12:19:05Z  WARNING  stats fetch failed: timed out
2026-10-08T12:19:10Z  WARNING  thresholds fetch failed: timed out
2026-10-08T12:19:10Z  WARNING  stats fetch failed: timed out
2026-10-08T12:19:15Z  WARNING  thresholds fetch failed: timed out
2026-10-08T12:19:15Z  WARNING  stats fetch failed: timed out
2026-10-08T12:19:20Z  WARNING  thresholds fetch failed: timed out
2026-10-08T12:19:20Z  WARNING  stats fetch failed: timed out
2026-10-08T12:19:25Z  WARNING  thresholds fetch failed: timed out
2026-10-08T12:19:25Z  WARNING  stats fetch failed: timed out
2026-10-08T12:19:30Z  WARNING  thresholds fetch failed: timed out
2026-10-08T12:19:30Z  WARNING  stats fetch failed: timed out
2026-10-08T12:19:35Z  WARNING  thresholds fetch failed: timed out
2026-10-08T12:19:35Z  WARNING  stats fetch failed: timed out
2026-10-08T12:19:40Z  WARNING  thresholds fetch failed: timed out
2026-10-08T12:19:40Z  WARNING  stats fetch failed: timed out
2026-10-08T12:19:45Z  WARNING  thresholds fetch failed: timed out
2026-10-08T12:19:45Z  WARNING  stats fetch failed: timed out
2026-10-08T12:19:50Z  WARNING  thresholds fetch failed: timed out
2026-10-08T12:19:50Z  WARNING  stats fetch failed: timed out
2026-10-08T12:19:55Z  WARNING  thresholds fetch failed: timed out
2026-10-08T12:19:55Z  WARNING  stats fetch failed: timed out
2026-10-08T12:20:00Z  WARNING  thresholds fetch failed: timed out
2026-10-08T12:20:00Z  WARNING  stats fetch failed: timed out
2026-10-08T12:20:05Z  WARNING  thresholds fetch failed: timed out
2026-10-08T12:20:05Z  WARNING  stats fetch failed: timed out
2026-10-08T12:20:10Z  WARNING  thresholds fetch failed: timed out
2026-10-08T12:20:10Z  WARNING  stats fetch failed: timed out
2026-10-08T12:20:15Z  WARNING  thresholds fetch failed: timed out
2026-10-08T12:20:15Z  WARNING  stats fetch failed: timed out
2026-10-08T12:20:20Z  WARNING  thresholds fetch failed: timed out
2026-10-08T12:20:20Z  WARNING  stats fetch failed: timed out
2026-10-08T12:20:25Z  WARNING  thresholds fetch failed: timed out
2026-10-08T12:20:25Z  WARNING  stats fetch failed: timed out
2026-10-08T12:20:30Z  WARNING  thresholds fetch failed: timed out
2026-10-08T12:20:30Z  WARNING  stats fetch failed: timed out
2026-10-08T12:20:35Z  WARNING  thresholds fetch failed: timed out
2026-10-08T12:20:35Z  WARNING  stats fetch failed: timed out
2026-10-08T12:20:40Z  WARNING  thresholds fetch failed: timed out
2026-10-08T12:20:40Z  WARNING  stats fetch failed: timed out
2026-10-08T12:20:45Z  WARNING  thresholds fetch failed: timed out
2026-10-08T12:20:45Z  WARNING  stats fetch failed: timed out
2026-10-08T12:20:50Z  WARNING  thresholds fetch failed: timed out
2026-10-08T12:20:50Z  WARNING  stats fetch failed: timed out
2026-10-08T12:20:55Z  SHUTDOWN  signal=15
2026-10-08T12:20:56Z  EXIT
