2026-09-26T19:56:13Z  START  poll_interval=1s layer_a_poll_interval=5s
2026-09-26T19:57:30Z  WARNING  thresholds fetch failed: timed out
2026-09-26T19:57:30Z  WARNING  stats fetch failed: timed out
2026-09-26T19:57:35Z  WARNING  thresholds fetch failed: timed out
2026-09-26T19:57:35Z  WARNING  stats fetch failed: timed out
2026-09-26T19:57:40Z  WARNING  thresholds fetch failed: timed out
2026-09-26T19:57:40Z  WARNING  stats fetch failed: timed out
2026-09-26T19:57:45Z  WARNING  thresholds fetch failed: timed out
2026-09-26T19:57:45Z  WARNING  stats fetch failed: timed out
2026-09-26T19:57:50Z  WARNING  thresholds fetch failed: timed out
2026-09-26T19:57:50Z  WARNING  stats fetch failed: timed out
2026-09-26T19:57:55Z  WARNING  thresholds fetch failed: timed out
2026-09-26T19:57:55Z  WARNING  stats fetch failed: timed out
2026-09-26T19:58:00Z  WARNING  thresholds fetch failed: timed out
2026-09-26T19:58:00Z  WARNING  stats fetch failed: timed out
2026-09-26T19:58:05Z  WARNING  thresholds fetch failed: timed out
2026-09-26T19:58:05Z  WARNING  stats fetch failed: timed out
2026-09-26T19:58:10Z  WARNING  thresholds fetch failed: timed out
2026-09-26T19:58:10Z  WARNING  stats fetch failed: timed out
2026-09-26T19:58:15Z  WARNING  thresholds fetch failed: timed out
2026-09-26T19:58:15Z  WARNING  stats fetch failed: timed out
2026-09-26T19:58:20Z  WARNING  thresholds fetch failed: timed out
2026-09-26T19:58:20Z  WARNING  stats fetch failed: timed out
2026-09-26T19:58:25Z  WARNING  thresholds fetch failed: timed out
2026-09-26T19:58:25Z  WARNING  stats fetch failed: timed out
2026-09-26T19:58:30Z  WARNING  thresholds fetch failed: timed out
2026-09-26T19:58:30Z  WARNING  stats fetch failed: timed out
2026-09-26T19:58:35Z  WARNING  thresholds fetch failed: timed out
2026-09-26T19:58:35Z  WARNING  stats fetch failed: timed out
2026-09-26T19:58:40Z  WARNING  thresholds fetch failed: timed out
2026-09-26T19:58:40Z  WARNING  stats fetch failed: timed out
2026-09-26T19:58:45Z  WARNING  thresholds fetch failed: timed out
2026-09-26T19:58:45Z  WARNING  stats fetch failed: timed out
2026-09-26T19:58:50Z  WARNING  thresholds fetch failed: timed out
2026-09-26T19:58:50Z  WARNING  stats fetch failed: timed out
2026-09-26T19:58:55Z  WARNING  thresholds fetch failed: timed out
2026-09-26T19:58:55Z  WARNING  stats fetch failed: timed out
2026-09-26T19:59:00Z  WARNING  thresholds fetch failed: timed out
2026-09-26T19:59:00Z  WARNING  stats fetch failed: timed out
2026-09-26T19:59:05Z  WARNING  thresholds fetch failed: timed out
2026-09-26T19:59:05Z  WARNING  stats fetch failed: timed out
2026-09-26T19:59:10Z  WARNING  thresholds fetch failed: timed out
2026-09-26T19:59:10Z  WARNING  stats fetch failed: timed out
2026-09-26T19:59:15Z  WARNING  thresholds fetch failed: timed out
2026-09-26T19:59:15Z  WARNING  stats fetch failed: timed out
2026-09-26T19:59:20Z  WARNING  thresholds fetch failed: timed out
2026-09-26T19:59:20Z  WARNING  stats fetch failed: timed out
2026-09-26T19:59:25Z  WARNING  thresholds fetch failed: timed out
2026-09-26T19:59:25Z  WARNING  stats fetch failed: timed out
2026-09-26T19:59:30Z  WARNING  thresholds fetch failed: timed out
2026-09-26T19:59:30Z  WARNING  stats fetch failed: timed out
2026-09-26T19:59:35Z  WARNING  thresholds fetch failed: timed out
2026-09-26T19:59:35Z  WARNING  stats fetch failed: timed out
2026-09-26T19:59:40Z  WARNING  thresholds fetch failed: timed out
2026-09-26T19:59:40Z  WARNING  stats fetch failed: timed out
2026-09-26T19:59:45Z  WARNING  thresholds fetch failed: timed out
2026-09-26T19:59:45Z  WARNING  stats fetch failed: timed out
2026-09-26T19:59:50Z  WARNING  thresholds fetch failed: timed out
2026-09-26T19:59:50Z  WARNING  stats fetch failed: timed out
2026-09-26T19:59:55Z  WARNING  thresholds fetch failed: timed out
2026-09-26T19:59:55Z  WARNING  stats fetch failed: timed out
2026-09-26T20:00:00Z  WARNING  thresholds fetch failed: timed out
2026-09-26T20:00:00Z  WARNING  stats fetch failed: timed out
2026-09-26T20:00:05Z  WARNING  thresholds fetch failed: timed out
2026-09-26T20:00:05Z  WARNING  stats fetch failed: timed out
2026-09-26T20:00:10Z  WARNING  thresholds fetch failed: timed out
2026-09-26T20:00:10Z  WARNING  stats fetch failed: timed out
2026-09-26T20:00:15Z  WARNING  thresholds fetch failed: timed out
2026-09-26T20:00:15Z  WARNING  stats fetch failed: timed out
2026-09-26T20:00:20Z  WARNING  thresholds fetch failed: timed out
2026-09-26T20:00:20Z  WARNING  stats fetch failed: timed out
2026-09-26T20:00:25Z  WARNING  thresholds fetch failed: timed out
2026-09-26T20:00:25Z  WARNING  stats fetch failed: timed out
2026-09-26T20:00:30Z  WARNING  thresholds fetch failed: timed out
2026-09-26T20:00:30Z  WARNING  stats fetch failed: timed out
2026-09-26T20:00:35Z  WARNING  thresholds fetch failed: timed out
2026-09-26T20:00:35Z  WARNING  stats fetch failed: timed out
2026-09-26T20:00:40Z  WARNING  thresholds fetch failed: timed out
2026-09-26T20:00:40Z  WARNING  stats fetch failed: timed out
2026-09-26T20:00:45Z  WARNING  thresholds fetch failed: timed out
2026-09-26T20:00:45Z  WARNING  stats fetch failed: timed out
2026-09-26T20:00:50Z  WARNING  thresholds fetch failed: timed out
2026-09-26T20:00:50Z  WARNING  stats fetch failed: timed out
2026-09-26T20:00:55Z  WARNING  thresholds fetch failed: timed out
2026-09-26T20:00:55Z  WARNING  stats fetch failed: timed out
2026-09-26T20:01:00Z  WARNING  thresholds fetch failed: timed out
2026-09-26T20:01:00Z  WARNING  stats fetch failed: timed out
2026-09-26T20:01:05Z  WARNING  thresholds fetch failed: timed out
2026-09-26T20:01:05Z  WARNING  stats fetch failed: timed out
2026-09-26T20:01:10Z  WARNING  thresholds fetch failed: timed out
2026-09-26T20:01:10Z  WARNING  stats fetch failed: timed out
2026-09-26T20:01:15Z  WARNING  thresholds fetch failed: timed out
2026-09-26T20:01:15Z  WARNING  stats fetch failed: timed out
2026-09-26T20:01:20Z  WARNING  thresholds fetch failed: timed out
2026-09-26T20:01:20Z  WARNING  stats fetch failed: timed out
2026-09-26T20:01:25Z  WARNING  thresholds fetch failed: timed out
2026-09-26T20:01:25Z  WARNING  stats fetch failed: timed out
2026-09-26T20:01:30Z  WARNING  thresholds fetch failed: timed out
2026-09-26T20:01:30Z  WARNING  stats fetch failed: timed out
2026-09-26T20:01:35Z  WARNING  thresholds fetch failed: timed out
2026-09-26T20:01:35Z  WARNING  stats fetch failed: timed out
2026-09-26T20:01:40Z  WARNING  thresholds fetch failed: timed out
2026-09-26T20:01:40Z  WARNING  stats fetch failed: timed out
2026-09-26T20:01:45Z  WARNING  thresholds fetch failed: timed out
2026-09-26T20:01:45Z  WARNING  stats fetch failed: timed out
2026-09-26T20:01:50Z  WARNING  thresholds fetch failed: timed out
2026-09-26T20:01:50Z  WARNING  stats fetch failed: timed out
2026-09-26T20:01:55Z  WARNING  thresholds fetch failed: timed out
2026-09-26T20:01:55Z  WARNING  stats fetch failed: timed out
2026-09-26T20:02:00Z  WARNING  thresholds fetch failed: timed out
2026-09-26T20:02:00Z  WARNING  stats fetch failed: timed out
2026-09-26T20:02:05Z  WARNING  thresholds fetch failed: timed out
2026-09-26T20:02:05Z  WARNING  stats fetch failed: timed out
2026-09-26T20:02:10Z  WARNING  thresholds fetch failed: timed out
2026-09-26T20:02:10Z  WARNING  stats fetch failed: timed out
2026-09-26T20:02:15Z  WARNING  thresholds fetch failed: timed out
2026-09-26T20:02:15Z  WARNING  stats fetch failed: timed out
2026-09-26T20:02:20Z  WARNING  thresholds fetch failed: timed out
2026-09-26T20:02:20Z  WARNING  stats fetch failed: timed out
2026-09-26T20:02:25Z  WARNING  thresholds fetch failed: timed out
2026-09-26T20:02:25Z  WARNING  stats fetch failed: timed out
2026-09-26T20:02:30Z  WARNING  thresholds fetch failed: timed out
2026-09-26T20:02:30Z  WARNING  stats fetch failed: timed out
2026-09-26T20:02:35Z  WARNING  thresholds fetch failed: timed out
2026-09-26T20:02:35Z  WARNING  stats fetch failed: timed out
2026-09-26T20:02:40Z  WARNING  thresholds fetch failed: timed out
2026-09-26T20:02:40Z  WARNING  stats fetch failed: timed out
2026-09-26T20:02:45Z  WARNING  thresholds fetch failed: timed out
2026-09-26T20:02:45Z  WARNING  stats fetch failed: timed out
2026-09-26T20:02:50Z  WARNING  thresholds fetch failed: timed out
2026-09-26T20:02:50Z  WARNING  stats fetch failed: timed out
2026-09-26T20:02:55Z  WARNING  thresholds fetch failed: timed out
2026-09-26T20:02:55Z  WARNING  stats fetch failed: timed out
2026-09-26T20:03:00Z  WARNING  thresholds fetch failed: timed out
2026-09-26T20:03:00Z  WARNING  stats fetch failed: timed out
2026-09-26T20:03:05Z  WARNING  thresholds fetch failed: timed out
2026-09-26T20:03:05Z  WARNING  stats fetch failed: timed out
2026-09-26T20:03:10Z  WARNING  thresholds fetch failed: timed out
2026-09-26T20:03:10Z  WARNING  stats fetch failed: timed out
2026-09-26T20:03:15Z  WARNING  thresholds fetch failed: timed out
2026-09-26T20:03:15Z  WARNING  stats fetch failed: timed out
2026-09-26T20:03:20Z  WARNING  thresholds fetch failed: timed out
2026-09-26T20:03:20Z  WARNING  stats fetch failed: timed out
2026-09-26T20:03:25Z  WARNING  thresholds fetch failed: timed out
2026-09-26T20:03:25Z  WARNING  stats fetch failed: timed out
2026-09-26T20:03:30Z  WARNING  thresholds fetch failed: timed out
2026-09-26T20:03:30Z  WARNING  stats fetch failed: timed out
2026-09-26T20:03:35Z  WARNING  thresholds fetch failed: timed out
2026-09-26T20:03:35Z  WARNING  stats fetch failed: timed out
2026-09-26T20:03:40Z  WARNING  thresholds fetch failed: timed out
2026-09-26T20:03:40Z  WARNING  stats fetch failed: timed out
2026-09-26T20:03:45Z  WARNING  thresholds fetch failed: timed out
2026-09-26T20:03:45Z  WARNING  stats fetch failed: timed out
2026-09-26T20:03:50Z  WARNING  thresholds fetch failed: timed out
2026-09-26T20:03:50Z  WARNING  stats fetch failed: timed out
2026-09-26T20:03:55Z  WARNING  thresholds fetch failed: timed out
2026-09-26T20:03:55Z  WARNING  stats fetch failed: timed out
2026-09-26T20:04:00Z  WARNING  thresholds fetch failed: timed out
2026-09-26T20:04:00Z  WARNING  stats fetch failed: timed out
2026-09-26T20:04:05Z  WARNING  thresholds fetch failed: timed out
2026-09-26T20:04:05Z  WARNING  stats fetch failed: timed out
2026-09-26T20:04:10Z  WARNING  thresholds fetch failed: timed out
2026-09-26T20:04:10Z  WARNING  stats fetch failed: timed out
2026-09-26T20:04:15Z  WARNING  thresholds fetch failed: timed out
2026-09-26T20:04:15Z  WARNING  stats fetch failed: timed out
2026-09-26T20:04:20Z  WARNING  thresholds fetch failed: timed out
2026-09-26T20:04:20Z  WARNING  stats fetch failed: timed out
2026-09-26T20:04:25Z  WARNING  thresholds fetch failed: timed out
2026-09-26T20:04:25Z  WARNING  stats fetch failed: timed out
2026-09-26T20:04:30Z  WARNING  thresholds fetch failed: timed out
2026-09-26T20:04:30Z  WARNING  stats fetch failed: timed out
2026-09-26T20:04:35Z  WARNING  thresholds fetch failed: timed out
2026-09-26T20:04:35Z  WARNING  stats fetch failed: timed out
2026-09-26T20:04:40Z  WARNING  thresholds fetch failed: timed out
2026-09-26T20:04:40Z  WARNING  stats fetch failed: timed out
2026-09-26T20:04:45Z  WARNING  thresholds fetch failed: timed out
2026-09-26T20:04:45Z  WARNING  stats fetch failed: timed out
2026-09-26T20:04:50Z  WARNING  thresholds fetch failed: timed out
2026-09-26T20:04:50Z  WARNING  stats fetch failed: timed out
2026-09-26T20:04:55Z  WARNING  thresholds fetch failed: timed out
2026-09-26T20:04:55Z  WARNING  stats fetch failed: timed out
2026-09-26T20:05:00Z  WARNING  thresholds fetch failed: timed out
2026-09-26T20:05:00Z  WARNING  stats fetch failed: timed out
2026-09-26T20:05:05Z  WARNING  thresholds fetch failed: timed out
2026-09-26T20:05:05Z  WARNING  stats fetch failed: timed out
2026-09-26T20:05:10Z  WARNING  thresholds fetch failed: timed out
2026-09-26T20:05:10Z  WARNING  stats fetch failed: timed out
2026-09-26T20:05:15Z  WARNING  thresholds fetch failed: timed out
2026-09-26T20:05:15Z  WARNING  stats fetch failed: timed out
2026-09-26T20:05:20Z  WARNING  thresholds fetch failed: timed out
2026-09-26T20:05:20Z  WARNING  stats fetch failed: timed out
2026-09-26T20:05:25Z  WARNING  thresholds fetch failed: timed out
2026-09-26T20:05:25Z  WARNING  stats fetch failed: timed out
2026-09-26T20:05:30Z  WARNING  thresholds fetch failed: timed out
2026-09-26T20:05:30Z  WARNING  stats fetch failed: timed out
2026-09-26T20:05:35Z  WARNING  thresholds fetch failed: timed out
2026-09-26T20:05:35Z  WARNING  stats fetch failed: timed out
2026-09-26T20:05:40Z  WARNING  thresholds fetch failed: timed out
2026-09-26T20:05:40Z  WARNING  stats fetch failed: timed out
2026-09-26T20:05:45Z  WARNING  thresholds fetch failed: <urlopen error timed out>
2026-09-26T20:05:45Z  WARNING  stats fetch failed: <urlopen error timed out>
2026-09-26T20:05:50Z  WARNING  thresholds fetch failed: timed out
2026-09-26T20:05:50Z  WARNING  stats fetch failed: timed out
2026-09-26T20:05:55Z  WARNING  thresholds fetch failed: timed out
2026-09-26T20:05:55Z  WARNING  stats fetch failed: timed out
2026-09-26T20:06:00Z  WARNING  thresholds fetch failed: timed out
2026-09-26T20:06:00Z  WARNING  stats fetch failed: timed out
2026-09-26T20:06:05Z  WARNING  thresholds fetch failed: timed out
2026-09-26T20:06:05Z  WARNING  stats fetch failed: timed out
2026-09-26T20:06:10Z  WARNING  thresholds fetch failed: timed out
2026-09-26T20:06:10Z  WARNING  stats fetch failed: timed out
2026-09-26T20:06:15Z  WARNING  thresholds fetch failed: timed out
2026-09-26T20:06:15Z  WARNING  stats fetch failed: timed out
2026-09-26T20:06:20Z  WARNING  thresholds fetch failed: timed out
2026-09-26T20:06:20Z  WARNING  stats fetch failed: timed out
2026-09-26T20:06:25Z  WARNING  thresholds fetch failed: timed out
2026-09-26T20:06:25Z  WARNING  stats fetch failed: timed out
2026-09-26T20:06:30Z  WARNING  thresholds fetch failed: timed out
2026-09-26T20:06:30Z  WARNING  stats fetch failed: timed out
2026-09-26T20:06:35Z  WARNING  thresholds fetch failed: timed out
2026-09-26T20:06:35Z  WARNING  stats fetch failed: timed out
2026-09-26T20:06:40Z  WARNING  thresholds fetch failed: timed out
2026-09-26T20:06:40Z  WARNING  stats fetch failed: timed out
2026-09-26T20:06:45Z  WARNING  thresholds fetch failed: timed out
2026-09-26T20:06:45Z  WARNING  stats fetch failed: timed out
2026-09-26T20:06:51Z  SHUTDOWN  signal=15
2026-09-26T20:06:52Z  EXIT
