2026-10-04T11:05:42Z  START  poll_interval=1s layer_a_poll_interval=5s
2026-10-04T11:07:00Z  WARNING  thresholds fetch failed: timed out
2026-10-04T11:07:00Z  WARNING  stats fetch failed: timed out
2026-10-04T11:07:05Z  WARNING  thresholds fetch failed: timed out
2026-10-04T11:07:05Z  WARNING  stats fetch failed: timed out
2026-10-04T11:07:10Z  WARNING  thresholds fetch failed: timed out
2026-10-04T11:07:10Z  WARNING  stats fetch failed: timed out
2026-10-04T11:07:15Z  WARNING  thresholds fetch failed: timed out
2026-10-04T11:07:15Z  WARNING  stats fetch failed: timed out
2026-10-04T11:07:20Z  WARNING  thresholds fetch failed: timed out
2026-10-04T11:07:20Z  WARNING  stats fetch failed: timed out
2026-10-04T11:07:25Z  WARNING  thresholds fetch failed: timed out
2026-10-04T11:07:25Z  WARNING  stats fetch failed: timed out
2026-10-04T11:07:30Z  WARNING  thresholds fetch failed: timed out
2026-10-04T11:07:30Z  WARNING  stats fetch failed: timed out
2026-10-04T11:07:35Z  WARNING  thresholds fetch failed: timed out
2026-10-04T11:07:35Z  WARNING  stats fetch failed: timed out
2026-10-04T11:07:40Z  WARNING  thresholds fetch failed: timed out
2026-10-04T11:07:40Z  WARNING  stats fetch failed: timed out
2026-10-04T11:07:45Z  WARNING  thresholds fetch failed: timed out
2026-10-04T11:07:45Z  WARNING  stats fetch failed: timed out
2026-10-04T11:07:50Z  WARNING  thresholds fetch failed: timed out
2026-10-04T11:07:50Z  WARNING  stats fetch failed: timed out
2026-10-04T11:07:55Z  WARNING  thresholds fetch failed: timed out
2026-10-04T11:07:55Z  WARNING  stats fetch failed: timed out
2026-10-04T11:08:00Z  WARNING  thresholds fetch failed: timed out
2026-10-04T11:08:00Z  WARNING  stats fetch failed: timed out
2026-10-04T11:08:05Z  WARNING  thresholds fetch failed: timed out
2026-10-04T11:08:05Z  WARNING  stats fetch failed: timed out
2026-10-04T11:08:10Z  WARNING  thresholds fetch failed: timed out
2026-10-04T11:08:10Z  WARNING  stats fetch failed: timed out
2026-10-04T11:08:15Z  WARNING  thresholds fetch failed: timed out
2026-10-04T11:08:15Z  WARNING  stats fetch failed: timed out
2026-10-04T11:08:20Z  WARNING  thresholds fetch failed: timed out
2026-10-04T11:08:20Z  WARNING  stats fetch failed: timed out
2026-10-04T11:08:25Z  WARNING  thresholds fetch failed: timed out
2026-10-04T11:08:25Z  WARNING  stats fetch failed: timed out
2026-10-04T11:08:30Z  WARNING  thresholds fetch failed: timed out
2026-10-04T11:08:30Z  WARNING  stats fetch failed: timed out
2026-10-04T11:08:35Z  WARNING  thresholds fetch failed: timed out
2026-10-04T11:08:35Z  WARNING  stats fetch failed: timed out
2026-10-04T11:08:40Z  WARNING  thresholds fetch failed: timed out
2026-10-04T11:08:40Z  WARNING  stats fetch failed: timed out
2026-10-04T11:08:45Z  WARNING  thresholds fetch failed: timed out
2026-10-04T11:08:45Z  WARNING  stats fetch failed: timed out
2026-10-04T11:08:50Z  WARNING  thresholds fetch failed: timed out
2026-10-04T11:08:50Z  WARNING  stats fetch failed: timed out
2026-10-04T11:08:55Z  WARNING  thresholds fetch failed: timed out
2026-10-04T11:08:55Z  WARNING  stats fetch failed: timed out
2026-10-04T11:09:00Z  WARNING  thresholds fetch failed: timed out
2026-10-04T11:09:00Z  WARNING  stats fetch failed: timed out
2026-10-04T11:09:05Z  WARNING  thresholds fetch failed: timed out
2026-10-04T11:09:05Z  WARNING  stats fetch failed: timed out
2026-10-04T11:09:10Z  WARNING  thresholds fetch failed: timed out
2026-10-04T11:09:10Z  WARNING  stats fetch failed: timed out
2026-10-04T11:09:15Z  WARNING  thresholds fetch failed: timed out
2026-10-04T11:09:15Z  WARNING  stats fetch failed: timed out
2026-10-04T11:09:20Z  WARNING  thresholds fetch failed: timed out
2026-10-04T11:09:20Z  WARNING  stats fetch failed: timed out
2026-10-04T11:09:25Z  WARNING  thresholds fetch failed: timed out
2026-10-04T11:09:25Z  WARNING  stats fetch failed: timed out
2026-10-04T11:09:30Z  WARNING  thresholds fetch failed: timed out
2026-10-04T11:09:30Z  WARNING  stats fetch failed: timed out
2026-10-04T11:09:35Z  WARNING  thresholds fetch failed: timed out
2026-10-04T11:09:35Z  WARNING  stats fetch failed: timed out
2026-10-04T11:09:40Z  WARNING  thresholds fetch failed: timed out
2026-10-04T11:09:40Z  WARNING  stats fetch failed: timed out
2026-10-04T11:09:45Z  WARNING  thresholds fetch failed: timed out
2026-10-04T11:09:45Z  WARNING  stats fetch failed: timed out
2026-10-04T11:09:50Z  WARNING  thresholds fetch failed: timed out
2026-10-04T11:09:50Z  WARNING  stats fetch failed: timed out
2026-10-04T11:09:55Z  WARNING  thresholds fetch failed: timed out
2026-10-04T11:09:55Z  WARNING  stats fetch failed: timed out
2026-10-04T11:10:00Z  WARNING  thresholds fetch failed: timed out
2026-10-04T11:10:00Z  WARNING  stats fetch failed: timed out
2026-10-04T11:10:05Z  WARNING  thresholds fetch failed: timed out
2026-10-04T11:10:05Z  WARNING  stats fetch failed: timed out
2026-10-04T11:10:10Z  WARNING  thresholds fetch failed: timed out
2026-10-04T11:10:10Z  WARNING  stats fetch failed: timed out
2026-10-04T11:10:15Z  WARNING  thresholds fetch failed: timed out
2026-10-04T11:10:15Z  WARNING  stats fetch failed: timed out
2026-10-04T11:10:20Z  WARNING  thresholds fetch failed: timed out
2026-10-04T11:10:20Z  WARNING  stats fetch failed: timed out
2026-10-04T11:10:25Z  WARNING  thresholds fetch failed: timed out
2026-10-04T11:10:25Z  WARNING  stats fetch failed: timed out
2026-10-04T11:10:30Z  WARNING  thresholds fetch failed: timed out
2026-10-04T11:10:30Z  WARNING  stats fetch failed: timed out
2026-10-04T11:10:35Z  WARNING  thresholds fetch failed: timed out
2026-10-04T11:10:35Z  WARNING  stats fetch failed: timed out
2026-10-04T11:10:40Z  WARNING  thresholds fetch failed: timed out
2026-10-04T11:10:40Z  WARNING  stats fetch failed: timed out
2026-10-04T11:10:45Z  WARNING  thresholds fetch failed: timed out
2026-10-04T11:10:45Z  WARNING  stats fetch failed: timed out
2026-10-04T11:10:50Z  WARNING  thresholds fetch failed: timed out
2026-10-04T11:10:50Z  WARNING  stats fetch failed: timed out
2026-10-04T11:10:55Z  WARNING  thresholds fetch failed: timed out
2026-10-04T11:10:55Z  WARNING  stats fetch failed: timed out
2026-10-04T11:11:00Z  WARNING  thresholds fetch failed: timed out
2026-10-04T11:11:00Z  WARNING  stats fetch failed: timed out
2026-10-04T11:11:05Z  WARNING  thresholds fetch failed: timed out
2026-10-04T11:11:05Z  WARNING  stats fetch failed: timed out
2026-10-04T11:11:10Z  WARNING  thresholds fetch failed: timed out
2026-10-04T11:11:10Z  WARNING  stats fetch failed: timed out
2026-10-04T11:11:15Z  WARNING  thresholds fetch failed: timed out
2026-10-04T11:11:15Z  WARNING  stats fetch failed: timed out
2026-10-04T11:11:20Z  WARNING  thresholds fetch failed: timed out
2026-10-04T11:11:20Z  WARNING  stats fetch failed: timed out
2026-10-04T11:11:25Z  WARNING  thresholds fetch failed: timed out
2026-10-04T11:11:25Z  WARNING  stats fetch failed: timed out
2026-10-04T11:11:30Z  WARNING  thresholds fetch failed: timed out
2026-10-04T11:11:30Z  WARNING  stats fetch failed: timed out
2026-10-04T11:11:35Z  WARNING  thresholds fetch failed: timed out
2026-10-04T11:11:35Z  WARNING  stats fetch failed: timed out
2026-10-04T11:11:40Z  WARNING  thresholds fetch failed: timed out
2026-10-04T11:11:40Z  WARNING  stats fetch failed: timed out
2026-10-04T11:11:45Z  WARNING  thresholds fetch failed: timed out
2026-10-04T11:11:45Z  WARNING  stats fetch failed: timed out
2026-10-04T11:11:50Z  WARNING  thresholds fetch failed: timed out
2026-10-04T11:11:50Z  WARNING  stats fetch failed: timed out
2026-10-04T11:11:55Z  WARNING  thresholds fetch failed: timed out
2026-10-04T11:11:55Z  WARNING  stats fetch failed: timed out
2026-10-04T11:12:00Z  WARNING  thresholds fetch failed: timed out
2026-10-04T11:12:00Z  WARNING  stats fetch failed: timed out
2026-10-04T11:12:05Z  WARNING  thresholds fetch failed: timed out
2026-10-04T11:12:05Z  WARNING  stats fetch failed: timed out
2026-10-04T11:12:10Z  WARNING  thresholds fetch failed: timed out
2026-10-04T11:12:10Z  WARNING  stats fetch failed: timed out
2026-10-04T11:12:15Z  WARNING  thresholds fetch failed: timed out
2026-10-04T11:12:15Z  WARNING  stats fetch failed: timed out
2026-10-04T11:12:20Z  WARNING  thresholds fetch failed: timed out
2026-10-04T11:12:20Z  WARNING  stats fetch failed: timed out
2026-10-04T11:12:25Z  WARNING  thresholds fetch failed: timed out
2026-10-04T11:12:25Z  WARNING  stats fetch failed: timed out
2026-10-04T11:12:30Z  WARNING  thresholds fetch failed: timed out
2026-10-04T11:12:30Z  WARNING  stats fetch failed: timed out
2026-10-04T11:12:35Z  WARNING  thresholds fetch failed: timed out
2026-10-04T11:12:35Z  WARNING  stats fetch failed: timed out
2026-10-04T11:12:40Z  WARNING  thresholds fetch failed: timed out
2026-10-04T11:12:40Z  WARNING  stats fetch failed: timed out
2026-10-04T11:12:45Z  WARNING  thresholds fetch failed: timed out
2026-10-04T11:12:45Z  WARNING  stats fetch failed: timed out
2026-10-04T11:12:50Z  WARNING  thresholds fetch failed: timed out
2026-10-04T11:12:50Z  WARNING  stats fetch failed: timed out
2026-10-04T11:12:55Z  WARNING  thresholds fetch failed: timed out
2026-10-04T11:12:55Z  WARNING  stats fetch failed: timed out
2026-10-04T11:13:00Z  WARNING  thresholds fetch failed: timed out
2026-10-04T11:13:00Z  WARNING  stats fetch failed: timed out
2026-10-04T11:13:05Z  WARNING  thresholds fetch failed: timed out
2026-10-04T11:13:05Z  WARNING  stats fetch failed: timed out
2026-10-04T11:13:10Z  WARNING  thresholds fetch failed: timed out
2026-10-04T11:13:10Z  WARNING  stats fetch failed: timed out
2026-10-04T11:13:15Z  WARNING  thresholds fetch failed: timed out
2026-10-04T11:13:15Z  WARNING  stats fetch failed: timed out
2026-10-04T11:13:20Z  WARNING  thresholds fetch failed: timed out
2026-10-04T11:13:20Z  WARNING  stats fetch failed: timed out
2026-10-04T11:13:25Z  WARNING  thresholds fetch failed: timed out
2026-10-04T11:13:25Z  WARNING  stats fetch failed: timed out
2026-10-04T11:13:30Z  WARNING  thresholds fetch failed: timed out
2026-10-04T11:13:30Z  WARNING  stats fetch failed: timed out
2026-10-04T11:13:35Z  WARNING  thresholds fetch failed: timed out
2026-10-04T11:13:35Z  WARNING  stats fetch failed: timed out
2026-10-04T11:13:40Z  WARNING  thresholds fetch failed: timed out
2026-10-04T11:13:40Z  WARNING  stats fetch failed: timed out
2026-10-04T11:13:45Z  WARNING  thresholds fetch failed: timed out
2026-10-04T11:13:45Z  WARNING  stats fetch failed: timed out
2026-10-04T11:13:50Z  WARNING  thresholds fetch failed: timed out
2026-10-04T11:13:50Z  WARNING  stats fetch failed: timed out
2026-10-04T11:13:55Z  WARNING  thresholds fetch failed: timed out
2026-10-04T11:13:55Z  WARNING  stats fetch failed: timed out
2026-10-04T11:14:00Z  WARNING  thresholds fetch failed: timed out
2026-10-04T11:14:00Z  WARNING  stats fetch failed: timed out
2026-10-04T11:14:05Z  WARNING  thresholds fetch failed: timed out
2026-10-04T11:14:05Z  WARNING  stats fetch failed: timed out
2026-10-04T11:14:10Z  WARNING  thresholds fetch failed: timed out
2026-10-04T11:14:10Z  WARNING  stats fetch failed: timed out
2026-10-04T11:14:15Z  WARNING  thresholds fetch failed: timed out
2026-10-04T11:14:15Z  WARNING  stats fetch failed: timed out
2026-10-04T11:14:20Z  WARNING  thresholds fetch failed: timed out
2026-10-04T11:14:20Z  WARNING  stats fetch failed: timed out
2026-10-04T11:14:25Z  WARNING  thresholds fetch failed: timed out
2026-10-04T11:14:25Z  WARNING  stats fetch failed: timed out
2026-10-04T11:14:30Z  WARNING  thresholds fetch failed: timed out
2026-10-04T11:14:30Z  WARNING  stats fetch failed: timed out
2026-10-04T11:14:35Z  WARNING  thresholds fetch failed: timed out
2026-10-04T11:14:35Z  WARNING  stats fetch failed: timed out
2026-10-04T11:14:40Z  WARNING  thresholds fetch failed: timed out
2026-10-04T11:14:40Z  WARNING  stats fetch failed: timed out
2026-10-04T11:14:45Z  WARNING  thresholds fetch failed: timed out
2026-10-04T11:14:45Z  WARNING  stats fetch failed: timed out
2026-10-04T11:14:50Z  WARNING  thresholds fetch failed: timed out
2026-10-04T11:14:50Z  WARNING  stats fetch failed: timed out
2026-10-04T11:14:55Z  WARNING  thresholds fetch failed: timed out
2026-10-04T11:14:55Z  WARNING  stats fetch failed: timed out
2026-10-04T11:15:00Z  WARNING  thresholds fetch failed: timed out
2026-10-04T11:15:00Z  WARNING  stats fetch failed: timed out
2026-10-04T11:15:05Z  WARNING  thresholds fetch failed: timed out
2026-10-04T11:15:05Z  WARNING  stats fetch failed: timed out
2026-10-04T11:15:10Z  WARNING  thresholds fetch failed: timed out
2026-10-04T11:15:10Z  WARNING  stats fetch failed: timed out
2026-10-04T11:15:15Z  WARNING  thresholds fetch failed: timed out
2026-10-04T11:15:15Z  WARNING  stats fetch failed: timed out
2026-10-04T11:15:20Z  WARNING  thresholds fetch failed: timed out
2026-10-04T11:15:20Z  WARNING  stats fetch failed: timed out
2026-10-04T11:15:25Z  WARNING  thresholds fetch failed: timed out
2026-10-04T11:15:25Z  WARNING  stats fetch failed: timed out
2026-10-04T11:15:30Z  WARNING  thresholds fetch failed: timed out
2026-10-04T11:15:30Z  WARNING  stats fetch failed: timed out
2026-10-04T11:15:35Z  WARNING  thresholds fetch failed: timed out
2026-10-04T11:15:35Z  WARNING  stats fetch failed: timed out
2026-10-04T11:15:40Z  WARNING  thresholds fetch failed: timed out
2026-10-04T11:15:40Z  WARNING  stats fetch failed: timed out
2026-10-04T11:15:45Z  WARNING  thresholds fetch failed: timed out
2026-10-04T11:15:45Z  WARNING  stats fetch failed: timed out
2026-10-04T11:15:50Z  WARNING  thresholds fetch failed: timed out
2026-10-04T11:15:50Z  WARNING  stats fetch failed: timed out
2026-10-04T11:15:55Z  WARNING  thresholds fetch failed: timed out
2026-10-04T11:15:55Z  WARNING  stats fetch failed: timed out
2026-10-04T11:16:00Z  WARNING  thresholds fetch failed: timed out
2026-10-04T11:16:00Z  WARNING  stats fetch failed: timed out
2026-10-04T11:16:05Z  WARNING  thresholds fetch failed: timed out
2026-10-04T11:16:05Z  WARNING  stats fetch failed: timed out
2026-10-04T11:16:10Z  WARNING  thresholds fetch failed: timed out
2026-10-04T11:16:10Z  WARNING  stats fetch failed: timed out
2026-10-04T11:16:15Z  WARNING  thresholds fetch failed: timed out
2026-10-04T11:16:15Z  WARNING  stats fetch failed: timed out
2026-10-04T11:16:22Z  SHUTDOWN  signal=15
2026-10-04T11:16:22Z  EXIT
