2026-10-06T22:27:07Z  START  poll_interval=1s layer_a_poll_interval=5s
2026-10-06T22:35:25Z  WARNING  thresholds fetch failed: timed out
2026-10-06T22:35:25Z  WARNING  stats fetch failed: timed out
2026-10-06T22:35:30Z  WARNING  thresholds fetch failed: timed out
2026-10-06T22:35:30Z  WARNING  stats fetch failed: timed out
2026-10-06T22:35:35Z  WARNING  thresholds fetch failed: timed out
2026-10-06T22:35:35Z  WARNING  stats fetch failed: timed out
2026-10-06T22:35:40Z  WARNING  thresholds fetch failed: timed out
2026-10-06T22:35:40Z  WARNING  stats fetch failed: timed out
2026-10-06T22:35:45Z  WARNING  thresholds fetch failed: timed out
2026-10-06T22:35:45Z  WARNING  stats fetch failed: timed out
2026-10-06T22:35:50Z  WARNING  thresholds fetch failed: timed out
2026-10-06T22:35:50Z  WARNING  stats fetch failed: timed out
2026-10-06T22:35:55Z  WARNING  thresholds fetch failed: timed out
2026-10-06T22:35:55Z  WARNING  stats fetch failed: timed out
2026-10-06T22:36:00Z  WARNING  thresholds fetch failed: timed out
2026-10-06T22:36:00Z  WARNING  stats fetch failed: timed out
2026-10-06T22:36:05Z  WARNING  thresholds fetch failed: timed out
2026-10-06T22:36:05Z  WARNING  stats fetch failed: timed out
2026-10-06T22:36:10Z  WARNING  thresholds fetch failed: timed out
2026-10-06T22:36:10Z  WARNING  stats fetch failed: timed out
2026-10-06T22:36:15Z  WARNING  thresholds fetch failed: timed out
2026-10-06T22:36:15Z  WARNING  stats fetch failed: timed out
2026-10-06T22:36:20Z  WARNING  thresholds fetch failed: timed out
2026-10-06T22:36:20Z  WARNING  stats fetch failed: timed out
2026-10-06T22:36:25Z  WARNING  thresholds fetch failed: timed out
2026-10-06T22:36:25Z  WARNING  stats fetch failed: timed out
2026-10-06T22:36:30Z  WARNING  thresholds fetch failed: timed out
2026-10-06T22:36:30Z  WARNING  stats fetch failed: timed out
2026-10-06T22:36:35Z  WARNING  thresholds fetch failed: timed out
2026-10-06T22:36:35Z  WARNING  stats fetch failed: timed out
2026-10-06T22:36:40Z  WARNING  thresholds fetch failed: timed out
2026-10-06T22:36:40Z  WARNING  stats fetch failed: timed out
2026-10-06T22:36:45Z  WARNING  thresholds fetch failed: timed out
2026-10-06T22:36:45Z  WARNING  stats fetch failed: timed out
2026-10-06T22:36:50Z  WARNING  thresholds fetch failed: timed out
2026-10-06T22:36:50Z  WARNING  stats fetch failed: timed out
2026-10-06T22:36:55Z  WARNING  thresholds fetch failed: timed out
2026-10-06T22:36:55Z  WARNING  stats fetch failed: timed out
2026-10-06T22:37:00Z  WARNING  thresholds fetch failed: timed out
2026-10-06T22:37:00Z  WARNING  stats fetch failed: timed out
2026-10-06T22:37:05Z  WARNING  thresholds fetch failed: timed out
2026-10-06T22:37:05Z  WARNING  stats fetch failed: timed out
2026-10-06T22:37:10Z  WARNING  thresholds fetch failed: timed out
2026-10-06T22:37:10Z  WARNING  stats fetch failed: timed out
2026-10-06T22:37:15Z  WARNING  thresholds fetch failed: timed out
2026-10-06T22:37:15Z  WARNING  stats fetch failed: timed out
2026-10-06T22:37:20Z  WARNING  thresholds fetch failed: timed out
2026-10-06T22:37:20Z  WARNING  stats fetch failed: timed out
2026-10-06T22:37:25Z  WARNING  thresholds fetch failed: timed out
2026-10-06T22:37:25Z  WARNING  stats fetch failed: timed out
2026-10-06T22:37:30Z  WARNING  thresholds fetch failed: timed out
2026-10-06T22:37:30Z  WARNING  stats fetch failed: timed out
2026-10-06T22:37:35Z  WARNING  thresholds fetch failed: timed out
2026-10-06T22:37:35Z  WARNING  stats fetch failed: timed out
2026-10-06T22:37:40Z  WARNING  thresholds fetch failed: timed out
2026-10-06T22:37:40Z  WARNING  stats fetch failed: timed out
2026-10-06T22:37:45Z  SHUTDOWN  signal=15
2026-10-06T22:37:45Z  EXIT
