2026-08-11T09:34:25Z  WAITING  for metric_collector CSVs under /home/idozacharia/TopFull/TopFull_master/online_boutique_scripts/src/logs (timeout=60s)
2026-08-11T09:34:25Z  READY  found getproduct.csv
2026-08-11T09:34:25Z  START  threshold=0.20 window=30s disable_windows=2 re_enable_windows=3 services=['cartservice', 'checkoutservice', 'productcatalogservice']
2026-08-11T09:34:55Z  OBSERVE  cartservice  rejection=0.0000  low=1 high=0  state=ON
2026-08-11T09:34:55Z  OBSERVE  checkoutservice  rejection=0.0000  low=1 high=0  state=ON
2026-08-11T09:34:55Z  OBSERVE  productcatalogservice  rejection=0.0000  low=1 high=0  state=ON
2026-08-11T09:35:25Z  OBSERVE  cartservice  rejection=0.0000  low=2 high=0  state=ON
2026-08-11T09:35:25Z  OBSERVE  checkoutservice  rejection=0.0000  low=2 high=0  state=ON
2026-08-11T09:35:25Z  OBSERVE  productcatalogservice  rejection=0.0004  low=2 high=0  state=ON
2026-08-11T09:35:55Z  OBSERVE  cartservice  rejection=0.0000  low=3 high=0  state=ON
2026-08-11T09:35:55Z  OBSERVE  checkoutservice  rejection=0.0000  low=3 high=0  state=ON
2026-08-11T09:35:55Z  OBSERVE  productcatalogservice  rejection=0.0004  low=3 high=0  state=ON
2026-08-11T09:36:25Z  OBSERVE  cartservice  rejection=0.0000  low=4 high=0  state=ON
2026-08-11T09:36:25Z  OBSERVE  checkoutservice  rejection=0.0000  low=4 high=0  state=ON
2026-08-11T09:36:25Z  OBSERVE  productcatalogservice  rejection=0.0000  low=4 high=0  state=ON
2026-08-11T09:36:55Z  OBSERVE  cartservice  rejection=0.0000  low=5 high=0  state=ON
2026-08-11T09:36:55Z  OBSERVE  checkoutservice  rejection=0.0000  low=5 high=0  state=ON
2026-08-11T09:36:55Z  OBSERVE  productcatalogservice  rejection=0.0000  low=5 high=0  state=ON
2026-08-11T09:37:25Z  OBSERVE  cartservice  rejection=0.0000  low=6 high=0  state=ON
2026-08-11T09:37:25Z  OBSERVE  checkoutservice  rejection=0.0000  low=6 high=0  state=ON
2026-08-11T09:37:25Z  OBSERVE  productcatalogservice  rejection=0.0000  low=6 high=0  state=ON
2026-08-11T09:37:55Z  OBSERVE  cartservice  rejection=0.0004  low=7 high=0  state=ON
2026-08-11T09:37:55Z  OBSERVE  checkoutservice  rejection=0.0000  low=7 high=0  state=ON
2026-08-11T09:37:55Z  OBSERVE  productcatalogservice  rejection=0.0000  low=7 high=0  state=ON
2026-08-11T09:38:25Z  OBSERVE  cartservice  rejection=0.0000  low=8 high=0  state=ON
2026-08-11T09:38:25Z  OBSERVE  checkoutservice  rejection=0.0000  low=8 high=0  state=ON
2026-08-11T09:38:25Z  OBSERVE  productcatalogservice  rejection=0.0000  low=8 high=0  state=ON
2026-08-11T09:38:56Z  OBSERVE  cartservice  rejection=0.0000  low=9 high=0  state=ON
2026-08-11T09:38:56Z  OBSERVE  checkoutservice  rejection=0.0000  low=9 high=0  state=ON
2026-08-11T09:38:56Z  OBSERVE  productcatalogservice  rejection=0.0000  low=9 high=0  state=ON
2026-08-11T09:39:26Z  OBSERVE  cartservice  rejection=0.0000  low=10 high=0  state=ON
2026-08-11T09:39:26Z  OBSERVE  checkoutservice  rejection=0.0000  low=10 high=0  state=ON
2026-08-11T09:39:26Z  OBSERVE  productcatalogservice  rejection=0.0000  low=10 high=0  state=ON
2026-08-11T09:39:55Z  SHUTDOWN  signal=15
2026-08-11T09:39:56Z  EXIT
