2026-09-25T10:31:26Z  START  poll_interval=1s layer_a_poll_interval=5s
2026-09-25T10:32:35Z  WARNING  thresholds fetch failed: timed out
2026-09-25T10:32:35Z  WARNING  stats fetch failed: timed out
2026-09-25T10:32:40Z  WARNING  thresholds fetch failed: timed out
2026-09-25T10:32:40Z  WARNING  stats fetch failed: timed out
2026-09-25T10:32:45Z  WARNING  thresholds fetch failed: timed out
2026-09-25T10:32:45Z  WARNING  stats fetch failed: timed out
2026-09-25T10:32:50Z  WARNING  thresholds fetch failed: timed out
2026-09-25T10:32:50Z  WARNING  stats fetch failed: timed out
2026-09-25T10:32:55Z  WARNING  thresholds fetch failed: timed out
2026-09-25T10:32:55Z  WARNING  stats fetch failed: timed out
2026-09-25T10:33:00Z  WARNING  thresholds fetch failed: timed out
2026-09-25T10:33:00Z  WARNING  stats fetch failed: timed out
2026-09-25T10:33:05Z  WARNING  thresholds fetch failed: timed out
2026-09-25T10:33:05Z  WARNING  stats fetch failed: timed out
2026-09-25T10:33:10Z  WARNING  thresholds fetch failed: timed out
2026-09-25T10:33:10Z  WARNING  stats fetch failed: timed out
2026-09-25T10:33:15Z  WARNING  thresholds fetch failed: timed out
2026-09-25T10:33:15Z  WARNING  stats fetch failed: timed out
2026-09-25T10:33:20Z  WARNING  thresholds fetch failed: timed out
2026-09-25T10:33:20Z  WARNING  stats fetch failed: timed out
2026-09-25T10:33:25Z  WARNING  thresholds fetch failed: timed out
2026-09-25T10:33:25Z  WARNING  stats fetch failed: timed out
2026-09-25T10:33:30Z  WARNING  thresholds fetch failed: timed out
2026-09-25T10:33:30Z  WARNING  stats fetch failed: timed out
2026-09-25T10:33:35Z  WARNING  thresholds fetch failed: timed out
2026-09-25T10:33:35Z  WARNING  stats fetch failed: timed out
2026-09-25T10:33:40Z  WARNING  thresholds fetch failed: timed out
2026-09-25T10:33:40Z  WARNING  stats fetch failed: timed out
2026-09-25T10:33:45Z  WARNING  thresholds fetch failed: timed out
2026-09-25T10:33:45Z  WARNING  stats fetch failed: timed out
2026-09-25T10:33:50Z  WARNING  thresholds fetch failed: timed out
2026-09-25T10:33:50Z  WARNING  stats fetch failed: timed out
2026-09-25T10:33:55Z  WARNING  thresholds fetch failed: timed out
2026-09-25T10:33:55Z  WARNING  stats fetch failed: timed out
2026-09-25T10:34:00Z  WARNING  thresholds fetch failed: timed out
2026-09-25T10:34:00Z  WARNING  stats fetch failed: timed out
2026-09-25T10:34:05Z  WARNING  thresholds fetch failed: timed out
2026-09-25T10:34:05Z  WARNING  stats fetch failed: timed out
2026-09-25T10:34:10Z  WARNING  thresholds fetch failed: timed out
2026-09-25T10:34:10Z  WARNING  stats fetch failed: timed out
2026-09-25T10:34:15Z  WARNING  thresholds fetch failed: timed out
2026-09-25T10:34:15Z  WARNING  stats fetch failed: timed out
2026-09-25T10:34:20Z  WARNING  thresholds fetch failed: timed out
2026-09-25T10:34:20Z  WARNING  stats fetch failed: timed out
2026-09-25T10:34:25Z  WARNING  thresholds fetch failed: timed out
2026-09-25T10:34:25Z  WARNING  stats fetch failed: timed out
2026-09-25T10:34:30Z  WARNING  thresholds fetch failed: timed out
2026-09-25T10:34:30Z  WARNING  stats fetch failed: timed out
2026-09-25T10:34:35Z  WARNING  thresholds fetch failed: timed out
2026-09-25T10:34:35Z  WARNING  stats fetch failed: timed out
2026-09-25T10:34:40Z  WARNING  thresholds fetch failed: timed out
2026-09-25T10:34:40Z  WARNING  stats fetch failed: timed out
2026-09-25T10:34:45Z  WARNING  thresholds fetch failed: timed out
2026-09-25T10:34:45Z  WARNING  stats fetch failed: timed out
2026-09-25T10:34:50Z  WARNING  thresholds fetch failed: timed out
2026-09-25T10:34:50Z  WARNING  stats fetch failed: timed out
2026-09-25T10:34:55Z  WARNING  thresholds fetch failed: timed out
2026-09-25T10:34:55Z  WARNING  stats fetch failed: timed out
2026-09-25T10:35:00Z  WARNING  thresholds fetch failed: timed out
2026-09-25T10:35:00Z  WARNING  stats fetch failed: timed out
2026-09-25T10:35:05Z  WARNING  thresholds fetch failed: timed out
2026-09-25T10:35:05Z  WARNING  stats fetch failed: timed out
2026-09-25T10:35:10Z  WARNING  thresholds fetch failed: timed out
2026-09-25T10:35:10Z  WARNING  stats fetch failed: timed out
2026-09-25T10:35:15Z  WARNING  thresholds fetch failed: timed out
2026-09-25T10:35:15Z  WARNING  stats fetch failed: timed out
2026-09-25T10:35:20Z  WARNING  thresholds fetch failed: timed out
2026-09-25T10:35:20Z  WARNING  stats fetch failed: timed out
2026-09-25T10:35:25Z  WARNING  thresholds fetch failed: timed out
2026-09-25T10:35:25Z  WARNING  stats fetch failed: timed out
2026-09-25T10:35:30Z  WARNING  thresholds fetch failed: timed out
2026-09-25T10:35:30Z  WARNING  stats fetch failed: timed out
2026-09-25T10:35:35Z  WARNING  thresholds fetch failed: timed out
2026-09-25T10:35:35Z  WARNING  stats fetch failed: timed out
2026-09-25T10:35:40Z  WARNING  thresholds fetch failed: timed out
2026-09-25T10:35:40Z  WARNING  stats fetch failed: timed out
2026-09-25T10:35:45Z  WARNING  thresholds fetch failed: timed out
2026-09-25T10:35:45Z  WARNING  stats fetch failed: timed out
2026-09-25T10:35:50Z  WARNING  thresholds fetch failed: timed out
2026-09-25T10:35:50Z  WARNING  stats fetch failed: timed out
2026-09-25T10:35:55Z  WARNING  thresholds fetch failed: timed out
2026-09-25T10:35:55Z  WARNING  stats fetch failed: timed out
2026-09-25T10:36:00Z  WARNING  thresholds fetch failed: timed out
2026-09-25T10:36:00Z  WARNING  stats fetch failed: timed out
2026-09-25T10:36:05Z  WARNING  thresholds fetch failed: timed out
2026-09-25T10:36:05Z  WARNING  stats fetch failed: timed out
2026-09-25T10:36:10Z  WARNING  thresholds fetch failed: timed out
2026-09-25T10:36:10Z  WARNING  stats fetch failed: timed out
2026-09-25T10:36:15Z  WARNING  thresholds fetch failed: timed out
2026-09-25T10:36:15Z  WARNING  stats fetch failed: timed out
2026-09-25T10:36:20Z  WARNING  thresholds fetch failed: timed out
2026-09-25T10:36:20Z  WARNING  stats fetch failed: timed out
2026-09-25T10:36:25Z  WARNING  thresholds fetch failed: timed out
2026-09-25T10:36:25Z  WARNING  stats fetch failed: timed out
2026-09-25T10:36:30Z  WARNING  thresholds fetch failed: timed out
2026-09-25T10:36:30Z  WARNING  stats fetch failed: timed out
2026-09-25T10:36:35Z  WARNING  thresholds fetch failed: timed out
2026-09-25T10:36:35Z  WARNING  stats fetch failed: timed out
2026-09-25T10:36:40Z  WARNING  thresholds fetch failed: timed out
2026-09-25T10:36:40Z  WARNING  stats fetch failed: timed out
2026-09-25T10:36:45Z  WARNING  thresholds fetch failed: timed out
2026-09-25T10:36:45Z  WARNING  stats fetch failed: timed out
2026-09-25T10:36:50Z  WARNING  thresholds fetch failed: timed out
2026-09-25T10:36:50Z  WARNING  stats fetch failed: timed out
2026-09-25T10:36:55Z  WARNING  thresholds fetch failed: timed out
2026-09-25T10:36:55Z  WARNING  stats fetch failed: timed out
2026-09-25T10:37:00Z  WARNING  thresholds fetch failed: timed out
2026-09-25T10:37:00Z  WARNING  stats fetch failed: timed out
2026-09-25T10:37:05Z  WARNING  thresholds fetch failed: timed out
2026-09-25T10:37:05Z  WARNING  stats fetch failed: timed out
2026-09-25T10:37:10Z  WARNING  thresholds fetch failed: timed out
2026-09-25T10:37:10Z  WARNING  stats fetch failed: timed out
2026-09-25T10:37:15Z  WARNING  thresholds fetch failed: timed out
2026-09-25T10:37:15Z  WARNING  stats fetch failed: timed out
2026-09-25T10:37:20Z  WARNING  thresholds fetch failed: timed out
2026-09-25T10:37:20Z  WARNING  stats fetch failed: timed out
2026-09-25T10:37:25Z  WARNING  thresholds fetch failed: timed out
2026-09-25T10:37:25Z  WARNING  stats fetch failed: timed out
2026-09-25T10:37:30Z  WARNING  thresholds fetch failed: timed out
2026-09-25T10:37:30Z  WARNING  stats fetch failed: timed out
2026-09-25T10:37:35Z  WARNING  thresholds fetch failed: timed out
2026-09-25T10:37:35Z  WARNING  stats fetch failed: timed out
2026-09-25T10:37:40Z  WARNING  thresholds fetch failed: timed out
2026-09-25T10:37:40Z  WARNING  stats fetch failed: timed out
2026-09-25T10:37:45Z  WARNING  thresholds fetch failed: timed out
2026-09-25T10:37:45Z  WARNING  stats fetch failed: timed out
2026-09-25T10:37:50Z  WARNING  thresholds fetch failed: timed out
2026-09-25T10:37:50Z  WARNING  stats fetch failed: timed out
2026-09-25T10:37:55Z  WARNING  thresholds fetch failed: timed out
2026-09-25T10:37:55Z  WARNING  stats fetch failed: timed out
2026-09-25T10:38:00Z  WARNING  thresholds fetch failed: timed out
2026-09-25T10:38:00Z  WARNING  stats fetch failed: timed out
2026-09-25T10:38:05Z  WARNING  thresholds fetch failed: timed out
2026-09-25T10:38:05Z  WARNING  stats fetch failed: timed out
2026-09-25T10:38:10Z  WARNING  thresholds fetch failed: timed out
2026-09-25T10:38:10Z  WARNING  stats fetch failed: timed out
2026-09-25T10:38:15Z  WARNING  thresholds fetch failed: timed out
2026-09-25T10:38:15Z  WARNING  stats fetch failed: timed out
2026-09-25T10:38:20Z  WARNING  thresholds fetch failed: timed out
2026-09-25T10:38:20Z  WARNING  stats fetch failed: timed out
2026-09-25T10:38:25Z  WARNING  thresholds fetch failed: timed out
2026-09-25T10:38:25Z  WARNING  stats fetch failed: timed out
2026-09-25T10:38:30Z  WARNING  thresholds fetch failed: timed out
2026-09-25T10:38:30Z  WARNING  stats fetch failed: timed out
2026-09-25T10:38:35Z  WARNING  thresholds fetch failed: timed out
2026-09-25T10:38:35Z  WARNING  stats fetch failed: timed out
2026-09-25T10:38:40Z  WARNING  thresholds fetch failed: timed out
2026-09-25T10:38:40Z  WARNING  stats fetch failed: timed out
2026-09-25T10:38:45Z  WARNING  thresholds fetch failed: timed out
2026-09-25T10:38:45Z  WARNING  stats fetch failed: timed out
2026-09-25T10:38:50Z  WARNING  thresholds fetch failed: timed out
2026-09-25T10:38:50Z  WARNING  stats fetch failed: timed out
2026-09-25T10:38:55Z  WARNING  thresholds fetch failed: timed out
2026-09-25T10:38:55Z  WARNING  stats fetch failed: timed out
2026-09-25T10:39:00Z  WARNING  thresholds fetch failed: timed out
2026-09-25T10:39:00Z  WARNING  stats fetch failed: timed out
2026-09-25T10:39:05Z  WARNING  thresholds fetch failed: timed out
2026-09-25T10:39:05Z  WARNING  stats fetch failed: timed out
2026-09-25T10:39:10Z  WARNING  thresholds fetch failed: timed out
2026-09-25T10:39:10Z  WARNING  stats fetch failed: timed out
2026-09-25T10:39:15Z  WARNING  thresholds fetch failed: timed out
2026-09-25T10:39:15Z  WARNING  stats fetch failed: timed out
2026-09-25T10:39:20Z  WARNING  thresholds fetch failed: timed out
2026-09-25T10:39:20Z  WARNING  stats fetch failed: timed out
2026-09-25T10:39:25Z  WARNING  thresholds fetch failed: timed out
2026-09-25T10:39:25Z  WARNING  stats fetch failed: timed out
2026-09-25T10:39:30Z  WARNING  thresholds fetch failed: timed out
2026-09-25T10:39:30Z  WARNING  stats fetch failed: timed out
2026-09-25T10:39:35Z  WARNING  thresholds fetch failed: timed out
2026-09-25T10:39:35Z  WARNING  stats fetch failed: timed out
2026-09-25T10:39:40Z  WARNING  thresholds fetch failed: timed out
2026-09-25T10:39:40Z  WARNING  stats fetch failed: timed out
2026-09-25T10:39:45Z  WARNING  thresholds fetch failed: timed out
2026-09-25T10:39:45Z  WARNING  stats fetch failed: timed out
2026-09-25T10:39:50Z  WARNING  thresholds fetch failed: timed out
2026-09-25T10:39:50Z  WARNING  stats fetch failed: timed out
2026-09-25T10:39:55Z  WARNING  thresholds fetch failed: timed out
2026-09-25T10:39:55Z  WARNING  stats fetch failed: timed out
2026-09-25T10:40:00Z  WARNING  thresholds fetch failed: timed out
2026-09-25T10:40:00Z  WARNING  stats fetch failed: timed out
2026-09-25T10:40:05Z  WARNING  thresholds fetch failed: timed out
2026-09-25T10:40:05Z  WARNING  stats fetch failed: <urlopen error timed out>
2026-09-25T10:40:10Z  WARNING  thresholds fetch failed: timed out
2026-09-25T10:40:10Z  WARNING  stats fetch failed: timed out
2026-09-25T10:40:15Z  WARNING  thresholds fetch failed: timed out
2026-09-25T10:40:15Z  WARNING  stats fetch failed: timed out
2026-09-25T10:40:20Z  WARNING  thresholds fetch failed: timed out
2026-09-25T10:40:20Z  WARNING  stats fetch failed: timed out
2026-09-25T10:40:25Z  WARNING  thresholds fetch failed: timed out
2026-09-25T10:40:25Z  WARNING  stats fetch failed: timed out
2026-09-25T10:40:30Z  WARNING  thresholds fetch failed: timed out
2026-09-25T10:40:30Z  WARNING  stats fetch failed: timed out
2026-09-25T10:40:35Z  WARNING  thresholds fetch failed: timed out
2026-09-25T10:40:35Z  WARNING  stats fetch failed: timed out
2026-09-25T10:40:40Z  WARNING  thresholds fetch failed: timed out
2026-09-25T10:40:40Z  WARNING  stats fetch failed: timed out
2026-09-25T10:40:45Z  WARNING  thresholds fetch failed: timed out
2026-09-25T10:40:45Z  WARNING  stats fetch failed: timed out
2026-09-25T10:40:50Z  WARNING  thresholds fetch failed: timed out
2026-09-25T10:40:50Z  WARNING  stats fetch failed: timed out
2026-09-25T10:40:55Z  WARNING  thresholds fetch failed: timed out
2026-09-25T10:40:55Z  WARNING  stats fetch failed: timed out
2026-09-25T10:41:00Z  WARNING  thresholds fetch failed: timed out
2026-09-25T10:41:00Z  WARNING  stats fetch failed: timed out
2026-09-25T10:41:05Z  WARNING  thresholds fetch failed: timed out
2026-09-25T10:41:05Z  WARNING  stats fetch failed: timed out
2026-09-25T10:41:10Z  WARNING  thresholds fetch failed: timed out
2026-09-25T10:41:10Z  WARNING  stats fetch failed: timed out
2026-09-25T10:41:15Z  WARNING  thresholds fetch failed: timed out
2026-09-25T10:41:15Z  WARNING  stats fetch failed: timed out
2026-09-25T10:41:20Z  WARNING  thresholds fetch failed: timed out
2026-09-25T10:41:20Z  WARNING  stats fetch failed: timed out
2026-09-25T10:41:25Z  WARNING  thresholds fetch failed: timed out
2026-09-25T10:41:25Z  WARNING  stats fetch failed: timed out
2026-09-25T10:41:30Z  WARNING  thresholds fetch failed: timed out
2026-09-25T10:41:30Z  WARNING  stats fetch failed: timed out
2026-09-25T10:41:35Z  WARNING  thresholds fetch failed: timed out
2026-09-25T10:41:35Z  WARNING  stats fetch failed: timed out
2026-09-25T10:41:40Z  WARNING  thresholds fetch failed: timed out
2026-09-25T10:41:40Z  WARNING  stats fetch failed: timed out
2026-09-25T10:41:45Z  WARNING  thresholds fetch failed: timed out
2026-09-25T10:41:45Z  WARNING  stats fetch failed: timed out
2026-09-25T10:41:50Z  WARNING  thresholds fetch failed: timed out
2026-09-25T10:41:50Z  WARNING  stats fetch failed: timed out
2026-09-25T10:41:55Z  WARNING  thresholds fetch failed: timed out
2026-09-25T10:41:55Z  WARNING  stats fetch failed: timed out
2026-09-25T10:42:00Z  WARNING  thresholds fetch failed: timed out
2026-09-25T10:42:00Z  WARNING  stats fetch failed: timed out
2026-09-25T10:42:04Z  SHUTDOWN  signal=15
2026-09-25T10:42:05Z  EXIT
