2026-09-24T15:45:25Z  START  poll_interval=1s layer_a_poll_interval=5s
2026-09-24T15:47:10Z  WARNING  thresholds fetch failed: timed out
2026-09-24T15:47:10Z  WARNING  stats fetch failed: timed out
2026-09-24T15:47:15Z  WARNING  thresholds fetch failed: timed out
2026-09-24T15:47:15Z  WARNING  stats fetch failed: timed out
2026-09-24T15:47:20Z  WARNING  thresholds fetch failed: timed out
2026-09-24T15:47:20Z  WARNING  stats fetch failed: timed out
2026-09-24T15:47:25Z  WARNING  thresholds fetch failed: timed out
2026-09-24T15:47:25Z  WARNING  stats fetch failed: timed out
2026-09-24T15:47:30Z  WARNING  thresholds fetch failed: timed out
2026-09-24T15:47:30Z  WARNING  stats fetch failed: timed out
2026-09-24T15:47:35Z  WARNING  thresholds fetch failed: timed out
2026-09-24T15:47:35Z  WARNING  stats fetch failed: timed out
2026-09-24T15:47:40Z  WARNING  thresholds fetch failed: timed out
2026-09-24T15:47:40Z  WARNING  stats fetch failed: timed out
2026-09-24T15:47:45Z  WARNING  thresholds fetch failed: timed out
2026-09-24T15:47:45Z  WARNING  stats fetch failed: timed out
2026-09-24T15:47:50Z  WARNING  thresholds fetch failed: timed out
2026-09-24T15:47:50Z  WARNING  stats fetch failed: timed out
2026-09-24T15:47:55Z  WARNING  thresholds fetch failed: timed out
2026-09-24T15:47:55Z  WARNING  stats fetch failed: timed out
2026-09-24T15:48:00Z  WARNING  thresholds fetch failed: timed out
2026-09-24T15:48:00Z  WARNING  stats fetch failed: timed out
2026-09-24T15:48:05Z  WARNING  thresholds fetch failed: timed out
2026-09-24T15:48:05Z  WARNING  stats fetch failed: timed out
2026-09-24T15:48:10Z  WARNING  thresholds fetch failed: timed out
2026-09-24T15:48:10Z  WARNING  stats fetch failed: timed out
2026-09-24T15:48:15Z  WARNING  thresholds fetch failed: timed out
2026-09-24T15:48:15Z  WARNING  stats fetch failed: timed out
2026-09-24T15:48:20Z  WARNING  thresholds fetch failed: timed out
2026-09-24T15:48:20Z  WARNING  stats fetch failed: timed out
2026-09-24T15:48:25Z  WARNING  thresholds fetch failed: timed out
2026-09-24T15:48:25Z  WARNING  stats fetch failed: timed out
2026-09-24T15:48:30Z  WARNING  thresholds fetch failed: timed out
2026-09-24T15:48:30Z  WARNING  stats fetch failed: timed out
2026-09-24T15:48:35Z  WARNING  thresholds fetch failed: timed out
2026-09-24T15:48:35Z  WARNING  stats fetch failed: timed out
2026-09-24T15:48:40Z  WARNING  thresholds fetch failed: timed out
2026-09-24T15:48:40Z  WARNING  stats fetch failed: timed out
2026-09-24T15:48:45Z  WARNING  thresholds fetch failed: timed out
2026-09-24T15:48:45Z  WARNING  stats fetch failed: timed out
2026-09-24T15:48:50Z  WARNING  thresholds fetch failed: timed out
2026-09-24T15:48:50Z  WARNING  stats fetch failed: timed out
2026-09-24T15:48:55Z  WARNING  thresholds fetch failed: timed out
2026-09-24T15:48:55Z  WARNING  stats fetch failed: timed out
2026-09-24T15:49:00Z  WARNING  thresholds fetch failed: timed out
2026-09-24T15:49:00Z  WARNING  stats fetch failed: timed out
2026-09-24T15:49:05Z  WARNING  thresholds fetch failed: timed out
2026-09-24T15:49:05Z  WARNING  stats fetch failed: timed out
2026-09-24T15:49:10Z  WARNING  thresholds fetch failed: timed out
2026-09-24T15:49:10Z  WARNING  stats fetch failed: timed out
2026-09-24T15:49:15Z  WARNING  thresholds fetch failed: timed out
2026-09-24T15:49:15Z  WARNING  stats fetch failed: timed out
2026-09-24T15:49:20Z  WARNING  thresholds fetch failed: timed out
2026-09-24T15:49:20Z  WARNING  stats fetch failed: timed out
2026-09-24T15:49:25Z  WARNING  thresholds fetch failed: timed out
2026-09-24T15:49:25Z  WARNING  stats fetch failed: timed out
2026-09-24T15:49:30Z  WARNING  thresholds fetch failed: timed out
2026-09-24T15:49:30Z  WARNING  stats fetch failed: timed out
2026-09-24T15:49:35Z  WARNING  thresholds fetch failed: timed out
2026-09-24T15:49:35Z  WARNING  stats fetch failed: timed out
2026-09-24T15:49:40Z  WARNING  thresholds fetch failed: timed out
2026-09-24T15:49:40Z  WARNING  stats fetch failed: timed out
2026-09-24T15:49:45Z  WARNING  thresholds fetch failed: timed out
2026-09-24T15:49:45Z  WARNING  stats fetch failed: timed out
2026-09-24T15:49:50Z  WARNING  thresholds fetch failed: timed out
2026-09-24T15:49:50Z  WARNING  stats fetch failed: timed out
2026-09-24T15:49:55Z  WARNING  thresholds fetch failed: timed out
2026-09-24T15:49:55Z  WARNING  stats fetch failed: timed out
2026-09-24T15:50:00Z  WARNING  thresholds fetch failed: timed out
2026-09-24T15:50:00Z  WARNING  stats fetch failed: timed out
2026-09-24T15:50:05Z  WARNING  thresholds fetch failed: timed out
2026-09-24T15:50:05Z  WARNING  stats fetch failed: timed out
2026-09-24T15:50:10Z  WARNING  thresholds fetch failed: timed out
2026-09-24T15:50:10Z  WARNING  stats fetch failed: timed out
2026-09-24T15:50:15Z  WARNING  thresholds fetch failed: timed out
2026-09-24T15:50:15Z  WARNING  stats fetch failed: timed out
2026-09-24T15:50:20Z  WARNING  thresholds fetch failed: timed out
2026-09-24T15:50:20Z  WARNING  stats fetch failed: timed out
2026-09-24T15:50:25Z  WARNING  thresholds fetch failed: timed out
2026-09-24T15:50:25Z  WARNING  stats fetch failed: timed out
2026-09-24T15:50:30Z  WARNING  thresholds fetch failed: timed out
2026-09-24T15:50:30Z  WARNING  stats fetch failed: timed out
2026-09-24T15:50:35Z  WARNING  thresholds fetch failed: timed out
2026-09-24T15:50:35Z  WARNING  stats fetch failed: timed out
2026-09-24T15:50:40Z  WARNING  thresholds fetch failed: timed out
2026-09-24T15:50:40Z  WARNING  stats fetch failed: timed out
2026-09-24T15:50:45Z  WARNING  thresholds fetch failed: timed out
2026-09-24T15:50:45Z  WARNING  stats fetch failed: timed out
2026-09-24T15:50:50Z  WARNING  thresholds fetch failed: timed out
2026-09-24T15:50:50Z  WARNING  stats fetch failed: timed out
2026-09-24T15:50:55Z  WARNING  thresholds fetch failed: timed out
2026-09-24T15:50:55Z  WARNING  stats fetch failed: timed out
2026-09-24T15:51:00Z  WARNING  thresholds fetch failed: timed out
2026-09-24T15:51:00Z  WARNING  stats fetch failed: timed out
2026-09-24T15:51:05Z  WARNING  thresholds fetch failed: timed out
2026-09-24T15:51:05Z  WARNING  stats fetch failed: timed out
2026-09-24T15:51:10Z  WARNING  thresholds fetch failed: timed out
2026-09-24T15:51:10Z  WARNING  stats fetch failed: timed out
2026-09-24T15:51:15Z  WARNING  thresholds fetch failed: timed out
2026-09-24T15:51:15Z  WARNING  stats fetch failed: timed out
2026-09-24T15:51:20Z  WARNING  thresholds fetch failed: timed out
2026-09-24T15:51:20Z  WARNING  stats fetch failed: timed out
2026-09-24T15:51:25Z  WARNING  thresholds fetch failed: timed out
2026-09-24T15:51:25Z  WARNING  stats fetch failed: timed out
2026-09-24T15:51:30Z  WARNING  thresholds fetch failed: timed out
2026-09-24T15:51:30Z  WARNING  stats fetch failed: timed out
2026-09-24T15:51:35Z  WARNING  thresholds fetch failed: timed out
2026-09-24T15:51:35Z  WARNING  stats fetch failed: timed out
2026-09-24T15:51:40Z  WARNING  thresholds fetch failed: timed out
2026-09-24T15:51:40Z  WARNING  stats fetch failed: timed out
2026-09-24T15:51:45Z  WARNING  thresholds fetch failed: timed out
2026-09-24T15:51:45Z  WARNING  stats fetch failed: timed out
2026-09-24T15:51:50Z  WARNING  thresholds fetch failed: timed out
2026-09-24T15:51:50Z  WARNING  stats fetch failed: timed out
2026-09-24T15:51:55Z  WARNING  thresholds fetch failed: timed out
2026-09-24T15:51:55Z  WARNING  stats fetch failed: timed out
2026-09-24T15:52:00Z  WARNING  thresholds fetch failed: timed out
2026-09-24T15:52:00Z  WARNING  stats fetch failed: timed out
2026-09-24T15:52:05Z  WARNING  thresholds fetch failed: timed out
2026-09-24T15:52:05Z  WARNING  stats fetch failed: timed out
2026-09-24T15:52:10Z  WARNING  thresholds fetch failed: timed out
2026-09-24T15:52:10Z  WARNING  stats fetch failed: timed out
2026-09-24T15:52:15Z  WARNING  thresholds fetch failed: timed out
2026-09-24T15:52:15Z  WARNING  stats fetch failed: timed out
2026-09-24T15:52:20Z  WARNING  thresholds fetch failed: timed out
2026-09-24T15:52:20Z  WARNING  stats fetch failed: timed out
2026-09-24T15:52:25Z  WARNING  thresholds fetch failed: timed out
2026-09-24T15:52:25Z  WARNING  stats fetch failed: timed out
2026-09-24T15:52:30Z  WARNING  thresholds fetch failed: timed out
2026-09-24T15:52:30Z  WARNING  stats fetch failed: timed out
2026-09-24T15:52:35Z  WARNING  thresholds fetch failed: timed out
2026-09-24T15:52:35Z  WARNING  stats fetch failed: timed out
2026-09-24T15:52:40Z  WARNING  thresholds fetch failed: timed out
2026-09-24T15:52:40Z  WARNING  stats fetch failed: timed out
2026-09-24T15:52:45Z  WARNING  thresholds fetch failed: timed out
2026-09-24T15:52:45Z  WARNING  stats fetch failed: timed out
2026-09-24T15:52:50Z  WARNING  thresholds fetch failed: timed out
2026-09-24T15:52:50Z  WARNING  stats fetch failed: timed out
2026-09-24T15:52:55Z  WARNING  thresholds fetch failed: timed out
2026-09-24T15:52:55Z  WARNING  stats fetch failed: timed out
2026-09-24T15:53:00Z  WARNING  thresholds fetch failed: timed out
2026-09-24T15:53:00Z  WARNING  stats fetch failed: timed out
2026-09-24T15:53:05Z  WARNING  thresholds fetch failed: timed out
2026-09-24T15:53:05Z  WARNING  stats fetch failed: timed out
2026-09-24T15:53:10Z  WARNING  thresholds fetch failed: timed out
2026-09-24T15:53:10Z  WARNING  stats fetch failed: timed out
2026-09-24T15:53:15Z  WARNING  thresholds fetch failed: timed out
2026-09-24T15:53:15Z  WARNING  stats fetch failed: timed out
2026-09-24T15:53:20Z  WARNING  thresholds fetch failed: timed out
2026-09-24T15:53:20Z  WARNING  stats fetch failed: timed out
2026-09-24T15:53:25Z  WARNING  thresholds fetch failed: timed out
2026-09-24T15:53:25Z  WARNING  stats fetch failed: timed out
2026-09-24T15:53:30Z  WARNING  thresholds fetch failed: timed out
2026-09-24T15:53:30Z  WARNING  stats fetch failed: timed out
2026-09-24T15:53:35Z  WARNING  thresholds fetch failed: timed out
2026-09-24T15:53:35Z  WARNING  stats fetch failed: timed out
2026-09-24T15:53:40Z  WARNING  thresholds fetch failed: timed out
2026-09-24T15:53:40Z  WARNING  stats fetch failed: timed out
2026-09-24T15:53:45Z  WARNING  thresholds fetch failed: timed out
2026-09-24T15:53:45Z  WARNING  stats fetch failed: timed out
2026-09-24T15:53:50Z  WARNING  thresholds fetch failed: timed out
2026-09-24T15:53:50Z  WARNING  stats fetch failed: timed out
2026-09-24T15:53:55Z  WARNING  thresholds fetch failed: timed out
2026-09-24T15:53:55Z  WARNING  stats fetch failed: timed out
2026-09-24T15:54:00Z  WARNING  thresholds fetch failed: timed out
2026-09-24T15:54:00Z  WARNING  stats fetch failed: timed out
2026-09-24T15:54:05Z  WARNING  thresholds fetch failed: timed out
2026-09-24T15:54:05Z  WARNING  stats fetch failed: timed out
2026-09-24T15:54:10Z  WARNING  thresholds fetch failed: timed out
2026-09-24T15:54:10Z  WARNING  stats fetch failed: timed out
2026-09-24T15:54:15Z  WARNING  thresholds fetch failed: timed out
2026-09-24T15:54:15Z  WARNING  stats fetch failed: timed out
2026-09-24T15:54:20Z  WARNING  thresholds fetch failed: timed out
2026-09-24T15:54:20Z  WARNING  stats fetch failed: timed out
2026-09-24T15:54:25Z  WARNING  thresholds fetch failed: timed out
2026-09-24T15:54:25Z  WARNING  stats fetch failed: timed out
2026-09-24T15:54:30Z  WARNING  thresholds fetch failed: timed out
2026-09-24T15:54:30Z  WARNING  stats fetch failed: timed out
2026-09-24T15:54:35Z  WARNING  thresholds fetch failed: timed out
2026-09-24T15:54:35Z  WARNING  stats fetch failed: timed out
2026-09-24T15:54:40Z  WARNING  thresholds fetch failed: timed out
2026-09-24T15:54:40Z  WARNING  stats fetch failed: timed out
2026-09-24T15:54:45Z  WARNING  thresholds fetch failed: timed out
2026-09-24T15:54:45Z  WARNING  stats fetch failed: <urlopen error timed out>
2026-09-24T15:54:50Z  WARNING  thresholds fetch failed: timed out
2026-09-24T15:54:50Z  WARNING  stats fetch failed: timed out
2026-09-24T15:54:55Z  WARNING  thresholds fetch failed: timed out
2026-09-24T15:54:55Z  WARNING  stats fetch failed: timed out
2026-09-24T15:55:00Z  WARNING  thresholds fetch failed: timed out
2026-09-24T15:55:00Z  WARNING  stats fetch failed: timed out
2026-09-24T15:55:05Z  WARNING  thresholds fetch failed: timed out
2026-09-24T15:55:05Z  WARNING  stats fetch failed: timed out
2026-09-24T15:55:10Z  WARNING  thresholds fetch failed: timed out
2026-09-24T15:55:10Z  WARNING  stats fetch failed: timed out
2026-09-24T15:55:15Z  WARNING  thresholds fetch failed: timed out
2026-09-24T15:55:15Z  WARNING  stats fetch failed: timed out
2026-09-24T15:55:20Z  WARNING  thresholds fetch failed: timed out
2026-09-24T15:55:20Z  WARNING  stats fetch failed: timed out
2026-09-24T15:55:25Z  WARNING  thresholds fetch failed: timed out
2026-09-24T15:55:25Z  WARNING  stats fetch failed: timed out
2026-09-24T15:55:30Z  WARNING  thresholds fetch failed: timed out
2026-09-24T15:55:30Z  WARNING  stats fetch failed: timed out
2026-09-24T15:55:35Z  WARNING  thresholds fetch failed: timed out
2026-09-24T15:55:35Z  WARNING  stats fetch failed: timed out
2026-09-24T15:55:40Z  WARNING  thresholds fetch failed: timed out
2026-09-24T15:55:40Z  WARNING  stats fetch failed: timed out
2026-09-24T15:55:45Z  WARNING  thresholds fetch failed: timed out
2026-09-24T15:55:45Z  WARNING  stats fetch failed: <urlopen error timed out>
2026-09-24T15:55:50Z  WARNING  thresholds fetch failed: timed out
2026-09-24T15:55:50Z  WARNING  stats fetch failed: timed out
2026-09-24T15:55:55Z  WARNING  thresholds fetch failed: timed out
2026-09-24T15:55:55Z  WARNING  stats fetch failed: timed out
2026-09-24T15:56:00Z  WARNING  thresholds fetch failed: timed out
2026-09-24T15:56:00Z  WARNING  stats fetch failed: timed out
2026-09-24T15:56:05Z  WARNING  thresholds fetch failed: timed out
2026-09-24T15:56:05Z  WARNING  stats fetch failed: timed out
2026-09-24T15:56:10Z  WARNING  thresholds fetch failed: timed out
2026-09-24T15:56:10Z  WARNING  stats fetch failed: timed out
2026-09-24T15:56:15Z  WARNING  thresholds fetch failed: timed out
2026-09-24T15:56:15Z  WARNING  stats fetch failed: timed out
2026-09-24T15:56:20Z  WARNING  thresholds fetch failed: timed out
2026-09-24T15:56:20Z  WARNING  stats fetch failed: timed out
2026-09-24T15:56:25Z  WARNING  thresholds fetch failed: timed out
2026-09-24T15:56:25Z  WARNING  stats fetch failed: timed out
2026-09-24T15:56:30Z  WARNING  thresholds fetch failed: timed out
2026-09-24T15:56:30Z  WARNING  stats fetch failed: timed out
2026-09-24T15:56:36Z  SHUTDOWN  signal=15
2026-09-24T15:56:37Z  EXIT
