2026-09-16T20:21:41Z  START  poll_interval=1s layer_a_poll_interval=5s
2026-09-16T20:22:45Z  WARNING  thresholds fetch failed: timed out
2026-09-16T20:22:45Z  WARNING  stats fetch failed: timed out
2026-09-16T20:22:50Z  WARNING  thresholds fetch failed: timed out
2026-09-16T20:22:50Z  WARNING  stats fetch failed: timed out
2026-09-16T20:22:55Z  WARNING  thresholds fetch failed: timed out
2026-09-16T20:22:55Z  WARNING  stats fetch failed: timed out
2026-09-16T20:23:00Z  WARNING  thresholds fetch failed: timed out
2026-09-16T20:23:00Z  WARNING  stats fetch failed: timed out
2026-09-16T20:23:05Z  WARNING  thresholds fetch failed: timed out
2026-09-16T20:23:05Z  WARNING  stats fetch failed: timed out
2026-09-16T20:23:10Z  WARNING  thresholds fetch failed: timed out
2026-09-16T20:23:10Z  WARNING  stats fetch failed: timed out
2026-09-16T20:23:15Z  WARNING  thresholds fetch failed: timed out
2026-09-16T20:23:15Z  WARNING  stats fetch failed: timed out
2026-09-16T20:23:20Z  WARNING  thresholds fetch failed: timed out
2026-09-16T20:23:20Z  WARNING  stats fetch failed: timed out
2026-09-16T20:23:25Z  WARNING  thresholds fetch failed: timed out
2026-09-16T20:23:25Z  WARNING  stats fetch failed: timed out
2026-09-16T20:23:30Z  WARNING  thresholds fetch failed: timed out
2026-09-16T20:23:30Z  WARNING  stats fetch failed: timed out
2026-09-16T20:23:35Z  WARNING  thresholds fetch failed: timed out
2026-09-16T20:23:35Z  WARNING  stats fetch failed: timed out
2026-09-16T20:23:40Z  WARNING  thresholds fetch failed: timed out
2026-09-16T20:23:40Z  WARNING  stats fetch failed: timed out
2026-09-16T20:23:45Z  WARNING  thresholds fetch failed: timed out
2026-09-16T20:23:45Z  WARNING  stats fetch failed: timed out
2026-09-16T20:23:50Z  WARNING  thresholds fetch failed: timed out
2026-09-16T20:23:50Z  WARNING  stats fetch failed: timed out
2026-09-16T20:23:55Z  WARNING  thresholds fetch failed: timed out
2026-09-16T20:23:55Z  WARNING  stats fetch failed: timed out
2026-09-16T20:24:00Z  WARNING  thresholds fetch failed: timed out
2026-09-16T20:24:00Z  WARNING  stats fetch failed: timed out
2026-09-16T20:24:05Z  WARNING  thresholds fetch failed: timed out
2026-09-16T20:24:05Z  WARNING  stats fetch failed: timed out
2026-09-16T20:24:10Z  WARNING  thresholds fetch failed: timed out
2026-09-16T20:24:10Z  WARNING  stats fetch failed: timed out
2026-09-16T20:24:15Z  WARNING  thresholds fetch failed: timed out
2026-09-16T20:24:15Z  WARNING  stats fetch failed: timed out
2026-09-16T20:24:20Z  WARNING  thresholds fetch failed: timed out
2026-09-16T20:24:20Z  WARNING  stats fetch failed: timed out
2026-09-16T20:24:25Z  WARNING  thresholds fetch failed: timed out
2026-09-16T20:24:25Z  WARNING  stats fetch failed: timed out
2026-09-16T20:24:30Z  WARNING  thresholds fetch failed: timed out
2026-09-16T20:24:30Z  WARNING  stats fetch failed: timed out
2026-09-16T20:24:35Z  WARNING  thresholds fetch failed: timed out
2026-09-16T20:24:35Z  WARNING  stats fetch failed: timed out
2026-09-16T20:24:40Z  WARNING  thresholds fetch failed: timed out
2026-09-16T20:24:40Z  WARNING  stats fetch failed: timed out
2026-09-16T20:24:45Z  WARNING  thresholds fetch failed: timed out
2026-09-16T20:24:45Z  WARNING  stats fetch failed: timed out
2026-09-16T20:24:50Z  WARNING  thresholds fetch failed: timed out
2026-09-16T20:24:50Z  WARNING  stats fetch failed: timed out
2026-09-16T20:24:55Z  WARNING  thresholds fetch failed: timed out
2026-09-16T20:24:55Z  WARNING  stats fetch failed: timed out
2026-09-16T20:25:00Z  WARNING  thresholds fetch failed: timed out
2026-09-16T20:25:00Z  WARNING  stats fetch failed: timed out
2026-09-16T20:25:05Z  WARNING  thresholds fetch failed: timed out
2026-09-16T20:25:05Z  WARNING  stats fetch failed: timed out
2026-09-16T20:25:10Z  WARNING  thresholds fetch failed: timed out
2026-09-16T20:25:10Z  WARNING  stats fetch failed: timed out
2026-09-16T20:25:15Z  WARNING  thresholds fetch failed: timed out
2026-09-16T20:25:15Z  WARNING  stats fetch failed: timed out
2026-09-16T20:25:20Z  WARNING  thresholds fetch failed: timed out
2026-09-16T20:25:20Z  WARNING  stats fetch failed: timed out
2026-09-16T20:25:25Z  WARNING  thresholds fetch failed: timed out
2026-09-16T20:25:25Z  WARNING  stats fetch failed: timed out
2026-09-16T20:25:30Z  WARNING  thresholds fetch failed: timed out
2026-09-16T20:25:30Z  WARNING  stats fetch failed: timed out
2026-09-16T20:25:35Z  WARNING  thresholds fetch failed: timed out
2026-09-16T20:25:35Z  WARNING  stats fetch failed: timed out
2026-09-16T20:25:40Z  WARNING  thresholds fetch failed: timed out
2026-09-16T20:25:40Z  WARNING  stats fetch failed: timed out
2026-09-16T20:25:45Z  WARNING  thresholds fetch failed: timed out
2026-09-16T20:25:45Z  WARNING  stats fetch failed: timed out
2026-09-16T20:25:50Z  WARNING  thresholds fetch failed: timed out
2026-09-16T20:25:50Z  WARNING  stats fetch failed: timed out
2026-09-16T20:25:55Z  WARNING  thresholds fetch failed: timed out
2026-09-16T20:25:55Z  WARNING  stats fetch failed: timed out
2026-09-16T20:26:00Z  WARNING  thresholds fetch failed: timed out
2026-09-16T20:26:00Z  WARNING  stats fetch failed: timed out
2026-09-16T20:26:05Z  WARNING  thresholds fetch failed: timed out
2026-09-16T20:26:05Z  WARNING  stats fetch failed: timed out
2026-09-16T20:26:10Z  WARNING  thresholds fetch failed: timed out
2026-09-16T20:26:10Z  WARNING  stats fetch failed: timed out
2026-09-16T20:26:15Z  WARNING  thresholds fetch failed: timed out
2026-09-16T20:26:15Z  WARNING  stats fetch failed: timed out
2026-09-16T20:26:20Z  WARNING  thresholds fetch failed: timed out
2026-09-16T20:26:20Z  WARNING  stats fetch failed: timed out
2026-09-16T20:26:25Z  WARNING  thresholds fetch failed: timed out
2026-09-16T20:26:25Z  WARNING  stats fetch failed: timed out
2026-09-16T20:26:30Z  WARNING  thresholds fetch failed: timed out
2026-09-16T20:26:30Z  WARNING  stats fetch failed: timed out
2026-09-16T20:26:35Z  WARNING  thresholds fetch failed: timed out
2026-09-16T20:26:35Z  WARNING  stats fetch failed: timed out
2026-09-16T20:26:40Z  WARNING  thresholds fetch failed: timed out
2026-09-16T20:26:40Z  WARNING  stats fetch failed: timed out
2026-09-16T20:26:45Z  WARNING  thresholds fetch failed: timed out
2026-09-16T20:26:45Z  WARNING  stats fetch failed: timed out
2026-09-16T20:26:50Z  WARNING  thresholds fetch failed: timed out
2026-09-16T20:26:50Z  WARNING  stats fetch failed: timed out
2026-09-16T20:26:55Z  WARNING  thresholds fetch failed: timed out
2026-09-16T20:26:55Z  WARNING  stats fetch failed: timed out
2026-09-16T20:27:00Z  WARNING  thresholds fetch failed: timed out
2026-09-16T20:27:00Z  WARNING  stats fetch failed: timed out
2026-09-16T20:27:05Z  WARNING  thresholds fetch failed: timed out
2026-09-16T20:27:05Z  WARNING  stats fetch failed: timed out
2026-09-16T20:27:10Z  WARNING  thresholds fetch failed: timed out
2026-09-16T20:27:10Z  WARNING  stats fetch failed: timed out
2026-09-16T20:27:15Z  WARNING  thresholds fetch failed: timed out
2026-09-16T20:27:15Z  WARNING  stats fetch failed: timed out
2026-09-16T20:27:20Z  WARNING  thresholds fetch failed: timed out
2026-09-16T20:27:20Z  WARNING  stats fetch failed: timed out
2026-09-16T20:27:25Z  WARNING  thresholds fetch failed: timed out
2026-09-16T20:27:25Z  WARNING  stats fetch failed: timed out
2026-09-16T20:27:30Z  WARNING  thresholds fetch failed: timed out
2026-09-16T20:27:30Z  WARNING  stats fetch failed: timed out
2026-09-16T20:27:35Z  WARNING  thresholds fetch failed: timed out
2026-09-16T20:27:35Z  WARNING  stats fetch failed: timed out
2026-09-16T20:27:40Z  WARNING  thresholds fetch failed: timed out
2026-09-16T20:27:40Z  WARNING  stats fetch failed: timed out
2026-09-16T20:27:45Z  WARNING  thresholds fetch failed: timed out
2026-09-16T20:27:45Z  WARNING  stats fetch failed: timed out
2026-09-16T20:27:50Z  WARNING  thresholds fetch failed: timed out
2026-09-16T20:27:50Z  WARNING  stats fetch failed: timed out
2026-09-16T20:27:55Z  WARNING  thresholds fetch failed: timed out
2026-09-16T20:27:55Z  WARNING  stats fetch failed: timed out
2026-09-16T20:28:00Z  WARNING  thresholds fetch failed: timed out
2026-09-16T20:28:00Z  WARNING  stats fetch failed: timed out
2026-09-16T20:28:05Z  WARNING  thresholds fetch failed: timed out
2026-09-16T20:28:05Z  WARNING  stats fetch failed: timed out
2026-09-16T20:28:10Z  WARNING  thresholds fetch failed: timed out
2026-09-16T20:28:10Z  WARNING  stats fetch failed: timed out
2026-09-16T20:28:15Z  WARNING  thresholds fetch failed: timed out
2026-09-16T20:28:15Z  WARNING  stats fetch failed: timed out
2026-09-16T20:28:20Z  WARNING  thresholds fetch failed: timed out
2026-09-16T20:28:20Z  WARNING  stats fetch failed: timed out
2026-09-16T20:28:25Z  WARNING  thresholds fetch failed: timed out
2026-09-16T20:28:25Z  WARNING  stats fetch failed: timed out
2026-09-16T20:28:30Z  WARNING  thresholds fetch failed: timed out
2026-09-16T20:28:30Z  WARNING  stats fetch failed: timed out
2026-09-16T20:28:35Z  WARNING  thresholds fetch failed: timed out
2026-09-16T20:28:35Z  WARNING  stats fetch failed: timed out
2026-09-16T20:28:40Z  WARNING  thresholds fetch failed: timed out
2026-09-16T20:28:40Z  WARNING  stats fetch failed: timed out
2026-09-16T20:28:45Z  WARNING  thresholds fetch failed: timed out
2026-09-16T20:28:45Z  WARNING  stats fetch failed: timed out
2026-09-16T20:28:50Z  WARNING  thresholds fetch failed: timed out
2026-09-16T20:28:50Z  WARNING  stats fetch failed: timed out
2026-09-16T20:28:55Z  WARNING  thresholds fetch failed: timed out
2026-09-16T20:28:55Z  WARNING  stats fetch failed: timed out
2026-09-16T20:29:00Z  WARNING  thresholds fetch failed: timed out
2026-09-16T20:29:00Z  WARNING  stats fetch failed: timed out
2026-09-16T20:29:05Z  WARNING  thresholds fetch failed: timed out
2026-09-16T20:29:05Z  WARNING  stats fetch failed: timed out
2026-09-16T20:29:10Z  WARNING  thresholds fetch failed: timed out
2026-09-16T20:29:10Z  WARNING  stats fetch failed: timed out
2026-09-16T20:29:15Z  WARNING  thresholds fetch failed: timed out
2026-09-16T20:29:15Z  WARNING  stats fetch failed: timed out
2026-09-16T20:29:20Z  WARNING  thresholds fetch failed: timed out
2026-09-16T20:29:20Z  WARNING  stats fetch failed: timed out
2026-09-16T20:29:25Z  WARNING  thresholds fetch failed: timed out
2026-09-16T20:29:25Z  WARNING  stats fetch failed: timed out
2026-09-16T20:29:30Z  WARNING  thresholds fetch failed: timed out
2026-09-16T20:29:30Z  WARNING  stats fetch failed: timed out
2026-09-16T20:29:35Z  WARNING  thresholds fetch failed: timed out
2026-09-16T20:29:35Z  WARNING  stats fetch failed: timed out
2026-09-16T20:29:40Z  WARNING  thresholds fetch failed: timed out
2026-09-16T20:29:40Z  WARNING  stats fetch failed: timed out
2026-09-16T20:29:45Z  WARNING  thresholds fetch failed: timed out
2026-09-16T20:29:45Z  WARNING  stats fetch failed: timed out
2026-09-16T20:29:50Z  WARNING  thresholds fetch failed: timed out
2026-09-16T20:29:50Z  WARNING  stats fetch failed: timed out
2026-09-16T20:29:55Z  WARNING  thresholds fetch failed: timed out
2026-09-16T20:29:55Z  WARNING  stats fetch failed: timed out
2026-09-16T20:30:00Z  WARNING  thresholds fetch failed: timed out
2026-09-16T20:30:00Z  WARNING  stats fetch failed: timed out
2026-09-16T20:30:05Z  WARNING  thresholds fetch failed: timed out
2026-09-16T20:30:05Z  WARNING  stats fetch failed: timed out
2026-09-16T20:30:10Z  WARNING  thresholds fetch failed: timed out
2026-09-16T20:30:10Z  WARNING  stats fetch failed: timed out
2026-09-16T20:30:15Z  WARNING  thresholds fetch failed: timed out
2026-09-16T20:30:15Z  WARNING  stats fetch failed: timed out
2026-09-16T20:30:20Z  WARNING  thresholds fetch failed: timed out
2026-09-16T20:30:20Z  WARNING  stats fetch failed: timed out
2026-09-16T20:30:25Z  WARNING  thresholds fetch failed: timed out
2026-09-16T20:30:25Z  WARNING  stats fetch failed: timed out
2026-09-16T20:30:30Z  WARNING  thresholds fetch failed: timed out
2026-09-16T20:30:30Z  WARNING  stats fetch failed: timed out
2026-09-16T20:30:35Z  WARNING  thresholds fetch failed: timed out
2026-09-16T20:30:35Z  WARNING  stats fetch failed: <urlopen error timed out>
2026-09-16T20:30:40Z  WARNING  thresholds fetch failed: timed out
2026-09-16T20:30:40Z  WARNING  stats fetch failed: timed out
2026-09-16T20:30:45Z  WARNING  thresholds fetch failed: timed out
2026-09-16T20:30:45Z  WARNING  stats fetch failed: timed out
2026-09-16T20:30:50Z  WARNING  thresholds fetch failed: timed out
2026-09-16T20:30:50Z  WARNING  stats fetch failed: timed out
2026-09-16T20:30:55Z  WARNING  thresholds fetch failed: timed out
2026-09-16T20:30:55Z  WARNING  stats fetch failed: timed out
2026-09-16T20:31:00Z  WARNING  thresholds fetch failed: timed out
2026-09-16T20:31:00Z  WARNING  stats fetch failed: timed out
2026-09-16T20:31:05Z  WARNING  thresholds fetch failed: timed out
2026-09-16T20:31:05Z  WARNING  stats fetch failed: timed out
2026-09-16T20:31:10Z  WARNING  thresholds fetch failed: timed out
2026-09-16T20:31:10Z  WARNING  stats fetch failed: timed out
2026-09-16T20:31:15Z  WARNING  thresholds fetch failed: timed out
2026-09-16T20:31:15Z  WARNING  stats fetch failed: timed out
2026-09-16T20:31:20Z  WARNING  thresholds fetch failed: timed out
2026-09-16T20:31:20Z  WARNING  stats fetch failed: timed out
2026-09-16T20:31:25Z  WARNING  thresholds fetch failed: timed out
2026-09-16T20:31:25Z  WARNING  stats fetch failed: timed out
2026-09-16T20:31:30Z  WARNING  thresholds fetch failed: timed out
2026-09-16T20:31:30Z  WARNING  stats fetch failed: timed out
2026-09-16T20:31:35Z  WARNING  thresholds fetch failed: timed out
2026-09-16T20:31:35Z  WARNING  stats fetch failed: timed out
2026-09-16T20:31:40Z  WARNING  thresholds fetch failed: timed out
2026-09-16T20:31:40Z  WARNING  stats fetch failed: timed out
2026-09-16T20:31:45Z  WARNING  thresholds fetch failed: timed out
2026-09-16T20:31:45Z  WARNING  stats fetch failed: timed out
2026-09-16T20:31:50Z  WARNING  thresholds fetch failed: timed out
2026-09-16T20:31:50Z  WARNING  stats fetch failed: timed out
2026-09-16T20:31:55Z  WARNING  thresholds fetch failed: timed out
2026-09-16T20:31:55Z  WARNING  stats fetch failed: timed out
2026-09-16T20:32:00Z  WARNING  thresholds fetch failed: timed out
2026-09-16T20:32:00Z  WARNING  stats fetch failed: timed out
2026-09-16T20:32:05Z  WARNING  thresholds fetch failed: timed out
2026-09-16T20:32:05Z  WARNING  stats fetch failed: timed out
2026-09-16T20:32:12Z  SHUTDOWN  signal=15
2026-09-16T20:32:12Z  EXIT
