2026-09-17T20:42:11Z  START  poll_interval=1s layer_a_poll_interval=5s
2026-09-17T20:42:40Z  WARNING  thresholds fetch failed: timed out
2026-09-17T20:42:40Z  WARNING  stats fetch failed: timed out
2026-09-17T20:42:45Z  WARNING  thresholds fetch failed: timed out
2026-09-17T20:42:45Z  WARNING  stats fetch failed: timed out
2026-09-17T20:42:50Z  WARNING  thresholds fetch failed: timed out
2026-09-17T20:42:50Z  WARNING  stats fetch failed: timed out
2026-09-17T20:42:55Z  WARNING  thresholds fetch failed: timed out
2026-09-17T20:42:55Z  WARNING  stats fetch failed: timed out
2026-09-17T20:43:00Z  WARNING  thresholds fetch failed: timed out
2026-09-17T20:43:00Z  WARNING  stats fetch failed: timed out
2026-09-17T20:43:05Z  WARNING  thresholds fetch failed: timed out
2026-09-17T20:43:05Z  WARNING  stats fetch failed: timed out
2026-09-17T20:43:10Z  WARNING  thresholds fetch failed: timed out
2026-09-17T20:43:10Z  WARNING  stats fetch failed: timed out
2026-09-17T20:43:15Z  WARNING  thresholds fetch failed: timed out
2026-09-17T20:43:15Z  WARNING  stats fetch failed: timed out
2026-09-17T20:43:20Z  WARNING  thresholds fetch failed: timed out
2026-09-17T20:43:20Z  WARNING  stats fetch failed: timed out
2026-09-17T20:43:25Z  WARNING  thresholds fetch failed: timed out
2026-09-17T20:43:25Z  WARNING  stats fetch failed: timed out
2026-09-17T20:43:30Z  WARNING  thresholds fetch failed: timed out
2026-09-17T20:43:30Z  WARNING  stats fetch failed: timed out
2026-09-17T20:43:35Z  WARNING  thresholds fetch failed: timed out
2026-09-17T20:43:35Z  WARNING  stats fetch failed: timed out
2026-09-17T20:43:40Z  WARNING  thresholds fetch failed: timed out
2026-09-17T20:43:40Z  WARNING  stats fetch failed: timed out
2026-09-17T20:43:45Z  WARNING  thresholds fetch failed: timed out
2026-09-17T20:43:45Z  WARNING  stats fetch failed: timed out
2026-09-17T20:43:50Z  WARNING  thresholds fetch failed: timed out
2026-09-17T20:43:50Z  WARNING  stats fetch failed: timed out
2026-09-17T20:43:55Z  WARNING  thresholds fetch failed: timed out
2026-09-17T20:43:55Z  WARNING  stats fetch failed: timed out
2026-09-17T20:44:00Z  WARNING  thresholds fetch failed: timed out
2026-09-17T20:44:00Z  WARNING  stats fetch failed: timed out
2026-09-17T20:44:05Z  WARNING  thresholds fetch failed: timed out
2026-09-17T20:44:05Z  WARNING  stats fetch failed: timed out
2026-09-17T20:44:10Z  WARNING  thresholds fetch failed: timed out
2026-09-17T20:44:10Z  WARNING  stats fetch failed: timed out
2026-09-17T20:44:15Z  WARNING  thresholds fetch failed: timed out
2026-09-17T20:44:15Z  WARNING  stats fetch failed: timed out
2026-09-17T20:44:20Z  WARNING  thresholds fetch failed: timed out
2026-09-17T20:44:20Z  WARNING  stats fetch failed: timed out
2026-09-17T20:44:25Z  WARNING  thresholds fetch failed: timed out
2026-09-17T20:44:25Z  WARNING  stats fetch failed: timed out
2026-09-17T20:44:30Z  WARNING  thresholds fetch failed: timed out
2026-09-17T20:44:30Z  WARNING  stats fetch failed: timed out
2026-09-17T20:44:35Z  WARNING  thresholds fetch failed: timed out
2026-09-17T20:44:35Z  WARNING  stats fetch failed: timed out
2026-09-17T20:44:40Z  WARNING  thresholds fetch failed: timed out
2026-09-17T20:44:40Z  WARNING  stats fetch failed: timed out
2026-09-17T20:44:45Z  WARNING  thresholds fetch failed: timed out
2026-09-17T20:44:45Z  WARNING  stats fetch failed: timed out
2026-09-17T20:44:50Z  WARNING  thresholds fetch failed: timed out
2026-09-17T20:44:50Z  WARNING  stats fetch failed: timed out
2026-09-17T20:44:55Z  WARNING  thresholds fetch failed: timed out
2026-09-17T20:44:55Z  WARNING  stats fetch failed: timed out
2026-09-17T20:45:00Z  WARNING  thresholds fetch failed: timed out
2026-09-17T20:45:00Z  WARNING  stats fetch failed: timed out
2026-09-17T20:45:05Z  WARNING  thresholds fetch failed: timed out
2026-09-17T20:45:05Z  WARNING  stats fetch failed: timed out
2026-09-17T20:45:10Z  WARNING  thresholds fetch failed: timed out
2026-09-17T20:45:10Z  WARNING  stats fetch failed: timed out
2026-09-17T20:45:15Z  WARNING  thresholds fetch failed: timed out
2026-09-17T20:45:15Z  WARNING  stats fetch failed: timed out
2026-09-17T20:45:20Z  WARNING  thresholds fetch failed: timed out
2026-09-17T20:45:20Z  WARNING  stats fetch failed: timed out
2026-09-17T20:45:25Z  WARNING  thresholds fetch failed: timed out
2026-09-17T20:45:25Z  WARNING  stats fetch failed: timed out
2026-09-17T20:45:30Z  WARNING  thresholds fetch failed: timed out
2026-09-17T20:45:30Z  WARNING  stats fetch failed: timed out
2026-09-17T20:45:35Z  WARNING  thresholds fetch failed: timed out
2026-09-17T20:45:35Z  WARNING  stats fetch failed: timed out
2026-09-17T20:45:40Z  WARNING  thresholds fetch failed: timed out
2026-09-17T20:45:40Z  WARNING  stats fetch failed: timed out
2026-09-17T20:45:45Z  WARNING  thresholds fetch failed: timed out
2026-09-17T20:45:45Z  WARNING  stats fetch failed: timed out
2026-09-17T20:45:50Z  WARNING  thresholds fetch failed: timed out
2026-09-17T20:45:50Z  WARNING  stats fetch failed: timed out
2026-09-17T20:45:55Z  WARNING  thresholds fetch failed: timed out
2026-09-17T20:45:55Z  WARNING  stats fetch failed: timed out
2026-09-17T20:46:00Z  WARNING  thresholds fetch failed: timed out
2026-09-17T20:46:00Z  WARNING  stats fetch failed: timed out
2026-09-17T20:46:05Z  WARNING  thresholds fetch failed: timed out
2026-09-17T20:46:05Z  WARNING  stats fetch failed: timed out
2026-09-17T20:46:10Z  WARNING  thresholds fetch failed: timed out
2026-09-17T20:46:10Z  WARNING  stats fetch failed: timed out
2026-09-17T20:46:15Z  WARNING  thresholds fetch failed: timed out
2026-09-17T20:46:15Z  WARNING  stats fetch failed: timed out
2026-09-17T20:46:20Z  WARNING  thresholds fetch failed: timed out
2026-09-17T20:46:20Z  WARNING  stats fetch failed: timed out
2026-09-17T20:46:25Z  WARNING  thresholds fetch failed: timed out
2026-09-17T20:46:25Z  WARNING  stats fetch failed: timed out
2026-09-17T20:46:30Z  WARNING  thresholds fetch failed: timed out
2026-09-17T20:46:30Z  WARNING  stats fetch failed: timed out
2026-09-17T20:46:35Z  WARNING  thresholds fetch failed: timed out
2026-09-17T20:46:35Z  WARNING  stats fetch failed: timed out
2026-09-17T20:46:40Z  WARNING  thresholds fetch failed: timed out
2026-09-17T20:46:40Z  WARNING  stats fetch failed: timed out
2026-09-17T20:46:45Z  WARNING  thresholds fetch failed: timed out
2026-09-17T20:46:45Z  WARNING  stats fetch failed: timed out
2026-09-17T20:46:50Z  WARNING  thresholds fetch failed: timed out
2026-09-17T20:46:50Z  WARNING  stats fetch failed: timed out
2026-09-17T20:46:55Z  WARNING  thresholds fetch failed: timed out
2026-09-17T20:46:55Z  WARNING  stats fetch failed: timed out
2026-09-17T20:47:00Z  WARNING  thresholds fetch failed: timed out
2026-09-17T20:47:00Z  WARNING  stats fetch failed: timed out
2026-09-17T20:47:05Z  WARNING  thresholds fetch failed: timed out
2026-09-17T20:47:05Z  WARNING  stats fetch failed: timed out
2026-09-17T20:47:10Z  WARNING  thresholds fetch failed: timed out
2026-09-17T20:47:10Z  WARNING  stats fetch failed: timed out
2026-09-17T20:47:15Z  WARNING  thresholds fetch failed: timed out
2026-09-17T20:47:15Z  WARNING  stats fetch failed: timed out
2026-09-17T20:47:20Z  WARNING  thresholds fetch failed: timed out
2026-09-17T20:47:20Z  WARNING  stats fetch failed: timed out
2026-09-17T20:47:25Z  WARNING  thresholds fetch failed: timed out
2026-09-17T20:47:25Z  WARNING  stats fetch failed: timed out
2026-09-17T20:47:30Z  WARNING  thresholds fetch failed: timed out
2026-09-17T20:47:30Z  WARNING  stats fetch failed: timed out
2026-09-17T20:47:35Z  WARNING  thresholds fetch failed: timed out
2026-09-17T20:47:35Z  WARNING  stats fetch failed: timed out
2026-09-17T20:47:40Z  WARNING  thresholds fetch failed: timed out
2026-09-17T20:47:40Z  WARNING  stats fetch failed: timed out
2026-09-17T20:47:45Z  WARNING  thresholds fetch failed: timed out
2026-09-17T20:47:45Z  WARNING  stats fetch failed: timed out
2026-09-17T20:47:50Z  WARNING  thresholds fetch failed: timed out
2026-09-17T20:47:50Z  WARNING  stats fetch failed: timed out
2026-09-17T20:47:55Z  WARNING  thresholds fetch failed: timed out
2026-09-17T20:47:55Z  WARNING  stats fetch failed: timed out
2026-09-17T20:48:00Z  WARNING  thresholds fetch failed: timed out
2026-09-17T20:48:00Z  WARNING  stats fetch failed: timed out
2026-09-17T20:48:05Z  WARNING  thresholds fetch failed: timed out
2026-09-17T20:48:05Z  WARNING  stats fetch failed: timed out
2026-09-17T20:48:10Z  WARNING  thresholds fetch failed: timed out
2026-09-17T20:48:10Z  WARNING  stats fetch failed: timed out
2026-09-17T20:48:15Z  WARNING  thresholds fetch failed: timed out
2026-09-17T20:48:15Z  WARNING  stats fetch failed: timed out
2026-09-17T20:48:20Z  WARNING  thresholds fetch failed: timed out
2026-09-17T20:48:20Z  WARNING  stats fetch failed: timed out
2026-09-17T20:48:25Z  WARNING  thresholds fetch failed: timed out
2026-09-17T20:48:25Z  WARNING  stats fetch failed: timed out
2026-09-17T20:48:30Z  WARNING  thresholds fetch failed: timed out
2026-09-17T20:48:30Z  WARNING  stats fetch failed: timed out
2026-09-17T20:48:35Z  WARNING  thresholds fetch failed: timed out
2026-09-17T20:48:35Z  WARNING  stats fetch failed: timed out
2026-09-17T20:48:40Z  WARNING  thresholds fetch failed: timed out
2026-09-17T20:48:40Z  WARNING  stats fetch failed: timed out
2026-09-17T20:48:45Z  WARNING  thresholds fetch failed: timed out
2026-09-17T20:48:45Z  WARNING  stats fetch failed: timed out
2026-09-17T20:48:50Z  WARNING  thresholds fetch failed: timed out
2026-09-17T20:48:50Z  WARNING  stats fetch failed: timed out
2026-09-17T20:48:55Z  WARNING  thresholds fetch failed: timed out
2026-09-17T20:48:55Z  WARNING  stats fetch failed: timed out
2026-09-17T20:49:00Z  WARNING  thresholds fetch failed: timed out
2026-09-17T20:49:00Z  WARNING  stats fetch failed: timed out
2026-09-17T20:49:05Z  WARNING  thresholds fetch failed: timed out
2026-09-17T20:49:05Z  WARNING  stats fetch failed: timed out
2026-09-17T20:49:10Z  WARNING  thresholds fetch failed: timed out
2026-09-17T20:49:10Z  WARNING  stats fetch failed: timed out
2026-09-17T20:49:15Z  WARNING  thresholds fetch failed: timed out
2026-09-17T20:49:15Z  WARNING  stats fetch failed: timed out
2026-09-17T20:49:20Z  WARNING  thresholds fetch failed: timed out
2026-09-17T20:49:20Z  WARNING  stats fetch failed: timed out
2026-09-17T20:49:25Z  WARNING  thresholds fetch failed: timed out
2026-09-17T20:49:25Z  WARNING  stats fetch failed: timed out
2026-09-17T20:49:30Z  WARNING  thresholds fetch failed: timed out
2026-09-17T20:49:30Z  WARNING  stats fetch failed: timed out
2026-09-17T20:49:35Z  WARNING  thresholds fetch failed: timed out
2026-09-17T20:49:35Z  WARNING  stats fetch failed: timed out
2026-09-17T20:49:40Z  WARNING  thresholds fetch failed: timed out
2026-09-17T20:49:40Z  WARNING  stats fetch failed: timed out
2026-09-17T20:49:45Z  WARNING  thresholds fetch failed: timed out
2026-09-17T20:49:45Z  WARNING  stats fetch failed: timed out
2026-09-17T20:49:50Z  WARNING  thresholds fetch failed: timed out
2026-09-17T20:49:50Z  WARNING  stats fetch failed: timed out
2026-09-17T20:49:55Z  WARNING  thresholds fetch failed: timed out
2026-09-17T20:49:55Z  WARNING  stats fetch failed: timed out
2026-09-17T20:50:00Z  WARNING  thresholds fetch failed: timed out
2026-09-17T20:50:00Z  WARNING  stats fetch failed: timed out
2026-09-17T20:50:05Z  WARNING  thresholds fetch failed: timed out
2026-09-17T20:50:05Z  WARNING  stats fetch failed: timed out
2026-09-17T20:50:10Z  WARNING  thresholds fetch failed: timed out
2026-09-17T20:50:10Z  WARNING  stats fetch failed: timed out
2026-09-17T20:50:15Z  WARNING  thresholds fetch failed: timed out
2026-09-17T20:50:15Z  WARNING  stats fetch failed: timed out
2026-09-17T20:50:20Z  WARNING  thresholds fetch failed: timed out
2026-09-17T20:50:20Z  WARNING  stats fetch failed: timed out
2026-09-17T20:50:25Z  WARNING  thresholds fetch failed: timed out
2026-09-17T20:50:25Z  WARNING  stats fetch failed: timed out
2026-09-17T20:50:30Z  WARNING  thresholds fetch failed: timed out
2026-09-17T20:50:30Z  WARNING  stats fetch failed: timed out
2026-09-17T20:50:35Z  WARNING  thresholds fetch failed: timed out
2026-09-17T20:50:35Z  WARNING  stats fetch failed: timed out
2026-09-17T20:50:40Z  WARNING  thresholds fetch failed: timed out
2026-09-17T20:50:40Z  WARNING  stats fetch failed: timed out
2026-09-17T20:50:45Z  WARNING  thresholds fetch failed: <urlopen error timed out>
2026-09-17T20:50:45Z  WARNING  stats fetch failed: timed out
2026-09-17T20:50:50Z  WARNING  thresholds fetch failed: timed out
2026-09-17T20:50:50Z  WARNING  stats fetch failed: timed out
2026-09-17T20:50:55Z  WARNING  thresholds fetch failed: timed out
2026-09-17T20:50:55Z  WARNING  stats fetch failed: timed out
2026-09-17T20:51:00Z  WARNING  thresholds fetch failed: timed out
2026-09-17T20:51:00Z  WARNING  stats fetch failed: timed out
2026-09-17T20:51:05Z  WARNING  thresholds fetch failed: timed out
2026-09-17T20:51:05Z  WARNING  stats fetch failed: timed out
2026-09-17T20:51:10Z  WARNING  thresholds fetch failed: timed out
2026-09-17T20:51:10Z  WARNING  stats fetch failed: timed out
2026-09-17T20:51:15Z  WARNING  thresholds fetch failed: timed out
2026-09-17T20:51:15Z  WARNING  stats fetch failed: timed out
2026-09-17T20:51:20Z  WARNING  thresholds fetch failed: timed out
2026-09-17T20:51:20Z  WARNING  stats fetch failed: timed out
2026-09-17T20:51:25Z  WARNING  thresholds fetch failed: timed out
2026-09-17T20:51:25Z  WARNING  stats fetch failed: timed out
2026-09-17T20:51:30Z  WARNING  thresholds fetch failed: timed out
2026-09-17T20:51:30Z  WARNING  stats fetch failed: timed out
2026-09-17T20:51:35Z  WARNING  thresholds fetch failed: timed out
2026-09-17T20:51:35Z  WARNING  stats fetch failed: timed out
2026-09-17T20:51:40Z  WARNING  thresholds fetch failed: timed out
2026-09-17T20:51:40Z  WARNING  stats fetch failed: timed out
2026-09-17T20:51:45Z  WARNING  thresholds fetch failed: timed out
2026-09-17T20:51:45Z  WARNING  stats fetch failed: timed out
2026-09-17T20:51:50Z  WARNING  thresholds fetch failed: timed out
2026-09-17T20:51:50Z  WARNING  stats fetch failed: timed out
2026-09-17T20:51:55Z  WARNING  thresholds fetch failed: timed out
2026-09-17T20:51:55Z  WARNING  stats fetch failed: timed out
2026-09-17T20:52:00Z  WARNING  thresholds fetch failed: timed out
2026-09-17T20:52:00Z  WARNING  stats fetch failed: timed out
2026-09-17T20:52:05Z  WARNING  thresholds fetch failed: timed out
2026-09-17T20:52:05Z  WARNING  stats fetch failed: timed out
2026-09-17T20:52:10Z  WARNING  thresholds fetch failed: timed out
2026-09-17T20:52:10Z  WARNING  stats fetch failed: timed out
2026-09-17T20:52:15Z  WARNING  thresholds fetch failed: timed out
2026-09-17T20:52:15Z  WARNING  stats fetch failed: timed out
2026-09-17T20:52:20Z  WARNING  thresholds fetch failed: timed out
2026-09-17T20:52:20Z  WARNING  stats fetch failed: timed out
2026-09-17T20:52:25Z  WARNING  thresholds fetch failed: timed out
2026-09-17T20:52:25Z  WARNING  stats fetch failed: timed out
2026-09-17T20:52:30Z  WARNING  thresholds fetch failed: timed out
2026-09-17T20:52:30Z  WARNING  stats fetch failed: timed out
2026-09-17T20:52:35Z  WARNING  thresholds fetch failed: timed out
2026-09-17T20:52:35Z  WARNING  stats fetch failed: timed out
2026-09-17T20:52:42Z  SHUTDOWN  signal=15
2026-09-17T20:52:42Z  EXIT
