2026-09-24T18:02:52Z  START  poll_interval=1s layer_a_poll_interval=5s
2026-09-24T18:04:05Z  WARNING  thresholds fetch failed: timed out
2026-09-24T18:04:05Z  WARNING  stats fetch failed: timed out
2026-09-24T18:04:10Z  WARNING  thresholds fetch failed: timed out
2026-09-24T18:04:10Z  WARNING  stats fetch failed: timed out
2026-09-24T18:04:15Z  WARNING  thresholds fetch failed: timed out
2026-09-24T18:04:15Z  WARNING  stats fetch failed: timed out
2026-09-24T18:04:20Z  WARNING  thresholds fetch failed: timed out
2026-09-24T18:04:20Z  WARNING  stats fetch failed: timed out
2026-09-24T18:04:25Z  WARNING  thresholds fetch failed: timed out
2026-09-24T18:04:25Z  WARNING  stats fetch failed: timed out
2026-09-24T18:04:30Z  WARNING  thresholds fetch failed: timed out
2026-09-24T18:04:30Z  WARNING  stats fetch failed: timed out
2026-09-24T18:04:35Z  WARNING  thresholds fetch failed: timed out
2026-09-24T18:04:35Z  WARNING  stats fetch failed: timed out
2026-09-24T18:04:40Z  WARNING  thresholds fetch failed: timed out
2026-09-24T18:04:40Z  WARNING  stats fetch failed: timed out
2026-09-24T18:04:45Z  WARNING  thresholds fetch failed: timed out
2026-09-24T18:04:45Z  WARNING  stats fetch failed: timed out
2026-09-24T18:04:50Z  WARNING  thresholds fetch failed: timed out
2026-09-24T18:04:50Z  WARNING  stats fetch failed: timed out
2026-09-24T18:04:55Z  WARNING  thresholds fetch failed: timed out
2026-09-24T18:04:55Z  WARNING  stats fetch failed: timed out
2026-09-24T18:05:00Z  WARNING  thresholds fetch failed: timed out
2026-09-24T18:05:00Z  WARNING  stats fetch failed: timed out
2026-09-24T18:05:05Z  WARNING  thresholds fetch failed: timed out
2026-09-24T18:05:05Z  WARNING  stats fetch failed: timed out
2026-09-24T18:05:10Z  WARNING  thresholds fetch failed: timed out
2026-09-24T18:05:10Z  WARNING  stats fetch failed: timed out
2026-09-24T18:05:15Z  WARNING  thresholds fetch failed: timed out
2026-09-24T18:05:15Z  WARNING  stats fetch failed: timed out
2026-09-24T18:05:20Z  WARNING  thresholds fetch failed: timed out
2026-09-24T18:05:20Z  WARNING  stats fetch failed: timed out
2026-09-24T18:05:25Z  WARNING  thresholds fetch failed: timed out
2026-09-24T18:05:25Z  WARNING  stats fetch failed: timed out
2026-09-24T18:05:30Z  WARNING  thresholds fetch failed: timed out
2026-09-24T18:05:30Z  WARNING  stats fetch failed: timed out
2026-09-24T18:05:35Z  WARNING  thresholds fetch failed: timed out
2026-09-24T18:05:35Z  WARNING  stats fetch failed: timed out
2026-09-24T18:05:40Z  WARNING  thresholds fetch failed: timed out
2026-09-24T18:05:40Z  WARNING  stats fetch failed: timed out
2026-09-24T18:05:45Z  WARNING  thresholds fetch failed: timed out
2026-09-24T18:05:45Z  WARNING  stats fetch failed: timed out
2026-09-24T18:05:50Z  WARNING  thresholds fetch failed: timed out
2026-09-24T18:05:50Z  WARNING  stats fetch failed: timed out
2026-09-24T18:05:55Z  WARNING  thresholds fetch failed: timed out
2026-09-24T18:05:55Z  WARNING  stats fetch failed: timed out
2026-09-24T18:06:00Z  WARNING  thresholds fetch failed: timed out
2026-09-24T18:06:00Z  WARNING  stats fetch failed: timed out
2026-09-24T18:06:05Z  WARNING  thresholds fetch failed: timed out
2026-09-24T18:06:05Z  WARNING  stats fetch failed: timed out
2026-09-24T18:06:10Z  WARNING  thresholds fetch failed: timed out
2026-09-24T18:06:10Z  WARNING  stats fetch failed: timed out
2026-09-24T18:06:15Z  WARNING  thresholds fetch failed: timed out
2026-09-24T18:06:15Z  WARNING  stats fetch failed: timed out
2026-09-24T18:06:20Z  WARNING  thresholds fetch failed: timed out
2026-09-24T18:06:20Z  WARNING  stats fetch failed: timed out
2026-09-24T18:06:25Z  WARNING  thresholds fetch failed: timed out
2026-09-24T18:06:25Z  WARNING  stats fetch failed: timed out
2026-09-24T18:06:30Z  WARNING  thresholds fetch failed: timed out
2026-09-24T18:06:30Z  WARNING  stats fetch failed: timed out
2026-09-24T18:06:35Z  WARNING  thresholds fetch failed: timed out
2026-09-24T18:06:35Z  WARNING  stats fetch failed: timed out
2026-09-24T18:06:40Z  WARNING  thresholds fetch failed: timed out
2026-09-24T18:06:40Z  WARNING  stats fetch failed: timed out
2026-09-24T18:06:45Z  WARNING  thresholds fetch failed: timed out
2026-09-24T18:06:45Z  WARNING  stats fetch failed: timed out
2026-09-24T18:06:50Z  WARNING  thresholds fetch failed: timed out
2026-09-24T18:06:50Z  WARNING  stats fetch failed: timed out
2026-09-24T18:06:55Z  WARNING  thresholds fetch failed: timed out
2026-09-24T18:06:55Z  WARNING  stats fetch failed: timed out
2026-09-24T18:07:00Z  WARNING  thresholds fetch failed: timed out
2026-09-24T18:07:00Z  WARNING  stats fetch failed: timed out
2026-09-24T18:07:05Z  WARNING  thresholds fetch failed: timed out
2026-09-24T18:07:05Z  WARNING  stats fetch failed: timed out
2026-09-24T18:07:10Z  WARNING  thresholds fetch failed: timed out
2026-09-24T18:07:10Z  WARNING  stats fetch failed: timed out
2026-09-24T18:07:15Z  WARNING  thresholds fetch failed: timed out
2026-09-24T18:07:15Z  WARNING  stats fetch failed: timed out
2026-09-24T18:07:20Z  WARNING  thresholds fetch failed: timed out
2026-09-24T18:07:20Z  WARNING  stats fetch failed: timed out
2026-09-24T18:07:25Z  WARNING  thresholds fetch failed: timed out
2026-09-24T18:07:25Z  WARNING  stats fetch failed: timed out
2026-09-24T18:07:30Z  WARNING  thresholds fetch failed: timed out
2026-09-24T18:07:30Z  WARNING  stats fetch failed: timed out
2026-09-24T18:07:35Z  WARNING  thresholds fetch failed: timed out
2026-09-24T18:07:35Z  WARNING  stats fetch failed: timed out
2026-09-24T18:07:40Z  WARNING  thresholds fetch failed: timed out
2026-09-24T18:07:40Z  WARNING  stats fetch failed: timed out
2026-09-24T18:07:45Z  WARNING  thresholds fetch failed: timed out
2026-09-24T18:07:45Z  WARNING  stats fetch failed: timed out
2026-09-24T18:07:50Z  WARNING  thresholds fetch failed: timed out
2026-09-24T18:07:50Z  WARNING  stats fetch failed: timed out
2026-09-24T18:07:55Z  WARNING  thresholds fetch failed: timed out
2026-09-24T18:07:55Z  WARNING  stats fetch failed: timed out
2026-09-24T18:08:00Z  WARNING  thresholds fetch failed: timed out
2026-09-24T18:08:00Z  WARNING  stats fetch failed: timed out
2026-09-24T18:08:05Z  WARNING  thresholds fetch failed: timed out
2026-09-24T18:08:05Z  WARNING  stats fetch failed: timed out
2026-09-24T18:08:10Z  WARNING  thresholds fetch failed: timed out
2026-09-24T18:08:10Z  WARNING  stats fetch failed: timed out
2026-09-24T18:08:15Z  WARNING  thresholds fetch failed: timed out
2026-09-24T18:08:15Z  WARNING  stats fetch failed: timed out
2026-09-24T18:08:20Z  WARNING  thresholds fetch failed: timed out
2026-09-24T18:08:20Z  WARNING  stats fetch failed: timed out
2026-09-24T18:08:25Z  WARNING  thresholds fetch failed: timed out
2026-09-24T18:08:25Z  WARNING  stats fetch failed: timed out
2026-09-24T18:08:30Z  WARNING  thresholds fetch failed: timed out
2026-09-24T18:08:30Z  WARNING  stats fetch failed: timed out
2026-09-24T18:08:35Z  WARNING  thresholds fetch failed: timed out
2026-09-24T18:08:35Z  WARNING  stats fetch failed: timed out
2026-09-24T18:08:40Z  WARNING  thresholds fetch failed: timed out
2026-09-24T18:08:40Z  WARNING  stats fetch failed: timed out
2026-09-24T18:08:45Z  WARNING  thresholds fetch failed: timed out
2026-09-24T18:08:45Z  WARNING  stats fetch failed: timed out
2026-09-24T18:08:50Z  WARNING  thresholds fetch failed: timed out
2026-09-24T18:08:50Z  WARNING  stats fetch failed: timed out
2026-09-24T18:08:55Z  WARNING  thresholds fetch failed: timed out
2026-09-24T18:08:55Z  WARNING  stats fetch failed: timed out
2026-09-24T18:09:00Z  WARNING  thresholds fetch failed: timed out
2026-09-24T18:09:00Z  WARNING  stats fetch failed: timed out
2026-09-24T18:09:05Z  WARNING  thresholds fetch failed: timed out
2026-09-24T18:09:05Z  WARNING  stats fetch failed: timed out
2026-09-24T18:09:10Z  WARNING  thresholds fetch failed: timed out
2026-09-24T18:09:10Z  WARNING  stats fetch failed: timed out
2026-09-24T18:09:15Z  WARNING  thresholds fetch failed: timed out
2026-09-24T18:09:15Z  WARNING  stats fetch failed: timed out
2026-09-24T18:09:20Z  WARNING  thresholds fetch failed: timed out
2026-09-24T18:09:20Z  WARNING  stats fetch failed: timed out
2026-09-24T18:09:25Z  WARNING  thresholds fetch failed: timed out
2026-09-24T18:09:25Z  WARNING  stats fetch failed: timed out
2026-09-24T18:09:30Z  WARNING  thresholds fetch failed: timed out
2026-09-24T18:09:30Z  WARNING  stats fetch failed: timed out
2026-09-24T18:09:35Z  WARNING  thresholds fetch failed: timed out
2026-09-24T18:09:35Z  WARNING  stats fetch failed: timed out
2026-09-24T18:09:40Z  WARNING  thresholds fetch failed: timed out
2026-09-24T18:09:40Z  WARNING  stats fetch failed: timed out
2026-09-24T18:09:45Z  WARNING  thresholds fetch failed: timed out
2026-09-24T18:09:45Z  WARNING  stats fetch failed: timed out
2026-09-24T18:09:50Z  WARNING  thresholds fetch failed: timed out
2026-09-24T18:09:50Z  WARNING  stats fetch failed: timed out
2026-09-24T18:09:55Z  WARNING  thresholds fetch failed: timed out
2026-09-24T18:09:55Z  WARNING  stats fetch failed: timed out
2026-09-24T18:10:00Z  WARNING  thresholds fetch failed: timed out
2026-09-24T18:10:00Z  WARNING  stats fetch failed: timed out
2026-09-24T18:10:05Z  WARNING  thresholds fetch failed: timed out
2026-09-24T18:10:05Z  WARNING  stats fetch failed: timed out
2026-09-24T18:10:10Z  WARNING  thresholds fetch failed: timed out
2026-09-24T18:10:10Z  WARNING  stats fetch failed: timed out
2026-09-24T18:10:15Z  WARNING  thresholds fetch failed: timed out
2026-09-24T18:10:15Z  WARNING  stats fetch failed: timed out
2026-09-24T18:10:20Z  WARNING  thresholds fetch failed: timed out
2026-09-24T18:10:20Z  WARNING  stats fetch failed: timed out
2026-09-24T18:10:25Z  WARNING  thresholds fetch failed: timed out
2026-09-24T18:10:25Z  WARNING  stats fetch failed: timed out
2026-09-24T18:10:30Z  WARNING  thresholds fetch failed: timed out
2026-09-24T18:10:30Z  WARNING  stats fetch failed: timed out
2026-09-24T18:10:35Z  WARNING  thresholds fetch failed: timed out
2026-09-24T18:10:35Z  WARNING  stats fetch failed: timed out
2026-09-24T18:10:40Z  WARNING  thresholds fetch failed: timed out
2026-09-24T18:10:40Z  WARNING  stats fetch failed: timed out
2026-09-24T18:10:45Z  WARNING  thresholds fetch failed: timed out
2026-09-24T18:10:45Z  WARNING  stats fetch failed: timed out
2026-09-24T18:10:50Z  WARNING  thresholds fetch failed: timed out
2026-09-24T18:10:50Z  WARNING  stats fetch failed: timed out
2026-09-24T18:10:55Z  WARNING  thresholds fetch failed: timed out
2026-09-24T18:10:55Z  WARNING  stats fetch failed: timed out
2026-09-24T18:11:00Z  WARNING  thresholds fetch failed: timed out
2026-09-24T18:11:00Z  WARNING  stats fetch failed: timed out
2026-09-24T18:11:05Z  WARNING  thresholds fetch failed: timed out
2026-09-24T18:11:05Z  WARNING  stats fetch failed: timed out
2026-09-24T18:11:10Z  WARNING  thresholds fetch failed: timed out
2026-09-24T18:11:10Z  WARNING  stats fetch failed: timed out
2026-09-24T18:11:15Z  WARNING  thresholds fetch failed: timed out
2026-09-24T18:11:15Z  WARNING  stats fetch failed: timed out
2026-09-24T18:11:20Z  WARNING  thresholds fetch failed: timed out
2026-09-24T18:11:20Z  WARNING  stats fetch failed: timed out
2026-09-24T18:11:25Z  WARNING  thresholds fetch failed: timed out
2026-09-24T18:11:25Z  WARNING  stats fetch failed: timed out
2026-09-24T18:11:30Z  WARNING  thresholds fetch failed: timed out
2026-09-24T18:11:30Z  WARNING  stats fetch failed: timed out
2026-09-24T18:11:35Z  WARNING  thresholds fetch failed: timed out
2026-09-24T18:11:35Z  WARNING  stats fetch failed: timed out
2026-09-24T18:11:40Z  WARNING  thresholds fetch failed: timed out
2026-09-24T18:11:40Z  WARNING  stats fetch failed: timed out
2026-09-24T18:11:45Z  WARNING  thresholds fetch failed: timed out
2026-09-24T18:11:45Z  WARNING  stats fetch failed: timed out
2026-09-24T18:11:50Z  WARNING  thresholds fetch failed: timed out
2026-09-24T18:11:50Z  WARNING  stats fetch failed: timed out
2026-09-24T18:11:55Z  WARNING  thresholds fetch failed: timed out
2026-09-24T18:11:55Z  WARNING  stats fetch failed: timed out
2026-09-24T18:12:00Z  WARNING  thresholds fetch failed: timed out
2026-09-24T18:12:00Z  WARNING  stats fetch failed: timed out
2026-09-24T18:12:05Z  WARNING  thresholds fetch failed: timed out
2026-09-24T18:12:05Z  WARNING  stats fetch failed: timed out
2026-09-24T18:12:10Z  WARNING  thresholds fetch failed: timed out
2026-09-24T18:12:10Z  WARNING  stats fetch failed: timed out
2026-09-24T18:12:15Z  WARNING  thresholds fetch failed: timed out
2026-09-24T18:12:15Z  WARNING  stats fetch failed: timed out
2026-09-24T18:12:20Z  WARNING  thresholds fetch failed: timed out
2026-09-24T18:12:20Z  WARNING  stats fetch failed: timed out
2026-09-24T18:12:25Z  WARNING  thresholds fetch failed: timed out
2026-09-24T18:12:25Z  WARNING  stats fetch failed: timed out
2026-09-24T18:12:30Z  WARNING  thresholds fetch failed: timed out
2026-09-24T18:12:30Z  WARNING  stats fetch failed: timed out
2026-09-24T18:12:35Z  WARNING  thresholds fetch failed: timed out
2026-09-24T18:12:35Z  WARNING  stats fetch failed: timed out
2026-09-24T18:12:40Z  WARNING  thresholds fetch failed: timed out
2026-09-24T18:12:40Z  WARNING  stats fetch failed: timed out
2026-09-24T18:12:45Z  WARNING  thresholds fetch failed: timed out
2026-09-24T18:12:45Z  WARNING  stats fetch failed: timed out
2026-09-24T18:12:50Z  WARNING  thresholds fetch failed: timed out
2026-09-24T18:12:50Z  WARNING  stats fetch failed: timed out
2026-09-24T18:12:55Z  WARNING  thresholds fetch failed: timed out
2026-09-24T18:12:55Z  WARNING  stats fetch failed: timed out
2026-09-24T18:13:00Z  WARNING  thresholds fetch failed: timed out
2026-09-24T18:13:00Z  WARNING  stats fetch failed: timed out
2026-09-24T18:13:05Z  WARNING  thresholds fetch failed: timed out
2026-09-24T18:13:05Z  WARNING  stats fetch failed: timed out
2026-09-24T18:13:10Z  WARNING  thresholds fetch failed: timed out
2026-09-24T18:13:10Z  WARNING  stats fetch failed: timed out
2026-09-24T18:13:15Z  WARNING  thresholds fetch failed: timed out
2026-09-24T18:13:15Z  WARNING  stats fetch failed: timed out
2026-09-24T18:13:20Z  WARNING  thresholds fetch failed: <urlopen error timed out>
2026-09-24T18:13:20Z  WARNING  stats fetch failed: timed out
2026-09-24T18:13:25Z  WARNING  thresholds fetch failed: timed out
2026-09-24T18:13:25Z  WARNING  stats fetch failed: <urlopen error timed out>
2026-09-24T18:13:28Z  SHUTDOWN  signal=15
2026-09-24T18:13:29Z  EXIT
