2026-09-23T19:12:36Z  START  poll_interval=1s layer_a_poll_interval=5s
2026-09-23T19:14:20Z  WARNING  thresholds fetch failed: timed out
2026-09-23T19:14:20Z  WARNING  stats fetch failed: timed out
2026-09-23T19:14:25Z  WARNING  thresholds fetch failed: timed out
2026-09-23T19:14:25Z  WARNING  stats fetch failed: timed out
2026-09-23T19:14:30Z  WARNING  thresholds fetch failed: timed out
2026-09-23T19:14:30Z  WARNING  stats fetch failed: timed out
2026-09-23T19:14:35Z  WARNING  thresholds fetch failed: timed out
2026-09-23T19:14:35Z  WARNING  stats fetch failed: timed out
2026-09-23T19:14:40Z  WARNING  thresholds fetch failed: timed out
2026-09-23T19:14:40Z  WARNING  stats fetch failed: timed out
2026-09-23T19:14:45Z  WARNING  thresholds fetch failed: timed out
2026-09-23T19:14:45Z  WARNING  stats fetch failed: timed out
2026-09-23T19:14:50Z  WARNING  thresholds fetch failed: timed out
2026-09-23T19:14:50Z  WARNING  stats fetch failed: timed out
2026-09-23T19:14:55Z  WARNING  thresholds fetch failed: timed out
2026-09-23T19:14:55Z  WARNING  stats fetch failed: timed out
2026-09-23T19:15:00Z  WARNING  thresholds fetch failed: timed out
2026-09-23T19:15:00Z  WARNING  stats fetch failed: timed out
2026-09-23T19:15:05Z  WARNING  thresholds fetch failed: timed out
2026-09-23T19:15:05Z  WARNING  stats fetch failed: timed out
2026-09-23T19:15:10Z  WARNING  thresholds fetch failed: timed out
2026-09-23T19:15:10Z  WARNING  stats fetch failed: timed out
2026-09-23T19:15:15Z  WARNING  thresholds fetch failed: timed out
2026-09-23T19:15:15Z  WARNING  stats fetch failed: timed out
2026-09-23T19:15:20Z  WARNING  thresholds fetch failed: timed out
2026-09-23T19:15:20Z  WARNING  stats fetch failed: timed out
2026-09-23T19:15:25Z  WARNING  thresholds fetch failed: timed out
2026-09-23T19:15:25Z  WARNING  stats fetch failed: timed out
2026-09-23T19:15:30Z  WARNING  thresholds fetch failed: timed out
2026-09-23T19:15:30Z  WARNING  stats fetch failed: timed out
2026-09-23T19:15:35Z  WARNING  thresholds fetch failed: timed out
2026-09-23T19:15:35Z  WARNING  stats fetch failed: timed out
2026-09-23T19:15:40Z  WARNING  thresholds fetch failed: timed out
2026-09-23T19:15:40Z  WARNING  stats fetch failed: timed out
2026-09-23T19:15:45Z  WARNING  thresholds fetch failed: timed out
2026-09-23T19:15:45Z  WARNING  stats fetch failed: timed out
2026-09-23T19:15:50Z  WARNING  thresholds fetch failed: timed out
2026-09-23T19:15:50Z  WARNING  stats fetch failed: timed out
2026-09-23T19:15:55Z  WARNING  thresholds fetch failed: timed out
2026-09-23T19:15:55Z  WARNING  stats fetch failed: timed out
2026-09-23T19:16:00Z  WARNING  thresholds fetch failed: timed out
2026-09-23T19:16:00Z  WARNING  stats fetch failed: timed out
2026-09-23T19:16:05Z  WARNING  thresholds fetch failed: timed out
2026-09-23T19:16:05Z  WARNING  stats fetch failed: timed out
2026-09-23T19:16:10Z  WARNING  thresholds fetch failed: timed out
2026-09-23T19:16:10Z  WARNING  stats fetch failed: timed out
2026-09-23T19:16:15Z  WARNING  thresholds fetch failed: timed out
2026-09-23T19:16:15Z  WARNING  stats fetch failed: timed out
2026-09-23T19:16:20Z  WARNING  thresholds fetch failed: timed out
2026-09-23T19:16:20Z  WARNING  stats fetch failed: timed out
2026-09-23T19:16:25Z  WARNING  thresholds fetch failed: timed out
2026-09-23T19:16:25Z  WARNING  stats fetch failed: timed out
2026-09-23T19:16:30Z  WARNING  thresholds fetch failed: timed out
2026-09-23T19:16:30Z  WARNING  stats fetch failed: timed out
2026-09-23T19:16:35Z  WARNING  thresholds fetch failed: timed out
2026-09-23T19:16:35Z  WARNING  stats fetch failed: timed out
2026-09-23T19:16:40Z  WARNING  thresholds fetch failed: timed out
2026-09-23T19:16:40Z  WARNING  stats fetch failed: timed out
2026-09-23T19:16:45Z  WARNING  thresholds fetch failed: timed out
2026-09-23T19:16:45Z  WARNING  stats fetch failed: timed out
2026-09-23T19:16:50Z  WARNING  thresholds fetch failed: timed out
2026-09-23T19:16:50Z  WARNING  stats fetch failed: timed out
2026-09-23T19:16:55Z  WARNING  thresholds fetch failed: timed out
2026-09-23T19:16:55Z  WARNING  stats fetch failed: timed out
2026-09-23T19:17:00Z  WARNING  thresholds fetch failed: timed out
2026-09-23T19:17:00Z  WARNING  stats fetch failed: timed out
2026-09-23T19:17:05Z  WARNING  thresholds fetch failed: timed out
2026-09-23T19:17:05Z  WARNING  stats fetch failed: timed out
2026-09-23T19:17:10Z  WARNING  thresholds fetch failed: timed out
2026-09-23T19:17:10Z  WARNING  stats fetch failed: timed out
2026-09-23T19:17:15Z  WARNING  thresholds fetch failed: timed out
2026-09-23T19:17:15Z  WARNING  stats fetch failed: timed out
2026-09-23T19:17:20Z  WARNING  thresholds fetch failed: timed out
2026-09-23T19:17:20Z  WARNING  stats fetch failed: timed out
2026-09-23T19:17:25Z  WARNING  thresholds fetch failed: timed out
2026-09-23T19:17:25Z  WARNING  stats fetch failed: timed out
2026-09-23T19:17:30Z  WARNING  thresholds fetch failed: timed out
2026-09-23T19:17:30Z  WARNING  stats fetch failed: timed out
2026-09-23T19:17:35Z  WARNING  thresholds fetch failed: timed out
2026-09-23T19:17:35Z  WARNING  stats fetch failed: timed out
2026-09-23T19:17:40Z  WARNING  thresholds fetch failed: timed out
2026-09-23T19:17:40Z  WARNING  stats fetch failed: timed out
2026-09-23T19:17:45Z  WARNING  thresholds fetch failed: timed out
2026-09-23T19:17:45Z  WARNING  stats fetch failed: timed out
2026-09-23T19:17:50Z  WARNING  thresholds fetch failed: timed out
2026-09-23T19:17:50Z  WARNING  stats fetch failed: timed out
2026-09-23T19:17:55Z  WARNING  thresholds fetch failed: timed out
2026-09-23T19:17:55Z  WARNING  stats fetch failed: timed out
2026-09-23T19:18:00Z  WARNING  thresholds fetch failed: timed out
2026-09-23T19:18:00Z  WARNING  stats fetch failed: timed out
2026-09-23T19:18:05Z  WARNING  thresholds fetch failed: timed out
2026-09-23T19:18:05Z  WARNING  stats fetch failed: timed out
2026-09-23T19:18:10Z  WARNING  thresholds fetch failed: timed out
2026-09-23T19:18:10Z  WARNING  stats fetch failed: timed out
2026-09-23T19:18:15Z  WARNING  thresholds fetch failed: timed out
2026-09-23T19:18:15Z  WARNING  stats fetch failed: timed out
2026-09-23T19:18:20Z  WARNING  thresholds fetch failed: timed out
2026-09-23T19:18:20Z  WARNING  stats fetch failed: timed out
2026-09-23T19:18:25Z  WARNING  thresholds fetch failed: timed out
2026-09-23T19:18:25Z  WARNING  stats fetch failed: timed out
2026-09-23T19:18:30Z  WARNING  thresholds fetch failed: timed out
2026-09-23T19:18:30Z  WARNING  stats fetch failed: timed out
2026-09-23T19:18:35Z  WARNING  thresholds fetch failed: timed out
2026-09-23T19:18:35Z  WARNING  stats fetch failed: timed out
2026-09-23T19:18:40Z  WARNING  thresholds fetch failed: timed out
2026-09-23T19:18:40Z  WARNING  stats fetch failed: timed out
2026-09-23T19:18:45Z  WARNING  thresholds fetch failed: timed out
2026-09-23T19:18:45Z  WARNING  stats fetch failed: timed out
2026-09-23T19:18:50Z  WARNING  thresholds fetch failed: timed out
2026-09-23T19:18:50Z  WARNING  stats fetch failed: timed out
2026-09-23T19:18:55Z  WARNING  thresholds fetch failed: timed out
2026-09-23T19:18:55Z  WARNING  stats fetch failed: timed out
2026-09-23T19:19:00Z  WARNING  thresholds fetch failed: timed out
2026-09-23T19:19:00Z  WARNING  stats fetch failed: timed out
2026-09-23T19:19:05Z  WARNING  thresholds fetch failed: timed out
2026-09-23T19:19:05Z  WARNING  stats fetch failed: timed out
2026-09-23T19:19:10Z  WARNING  thresholds fetch failed: timed out
2026-09-23T19:19:10Z  WARNING  stats fetch failed: timed out
2026-09-23T19:19:15Z  WARNING  thresholds fetch failed: timed out
2026-09-23T19:19:15Z  WARNING  stats fetch failed: timed out
2026-09-23T19:19:20Z  WARNING  thresholds fetch failed: timed out
2026-09-23T19:19:20Z  WARNING  stats fetch failed: timed out
2026-09-23T19:19:25Z  WARNING  thresholds fetch failed: timed out
2026-09-23T19:19:25Z  WARNING  stats fetch failed: timed out
2026-09-23T19:19:30Z  WARNING  thresholds fetch failed: <urlopen error timed out>
2026-09-23T19:19:30Z  WARNING  stats fetch failed: timed out
2026-09-23T19:19:35Z  WARNING  thresholds fetch failed: timed out
2026-09-23T19:19:35Z  WARNING  stats fetch failed: timed out
2026-09-23T19:19:40Z  WARNING  thresholds fetch failed: timed out
2026-09-23T19:19:40Z  WARNING  stats fetch failed: timed out
2026-09-23T19:19:45Z  WARNING  thresholds fetch failed: timed out
2026-09-23T19:19:45Z  WARNING  stats fetch failed: timed out
2026-09-23T19:19:50Z  WARNING  thresholds fetch failed: timed out
2026-09-23T19:19:50Z  WARNING  stats fetch failed: timed out
2026-09-23T19:19:55Z  WARNING  thresholds fetch failed: timed out
2026-09-23T19:19:55Z  WARNING  stats fetch failed: timed out
2026-09-23T19:20:00Z  WARNING  thresholds fetch failed: timed out
2026-09-23T19:20:00Z  WARNING  stats fetch failed: timed out
2026-09-23T19:20:05Z  WARNING  thresholds fetch failed: timed out
2026-09-23T19:20:05Z  WARNING  stats fetch failed: timed out
2026-09-23T19:20:10Z  WARNING  thresholds fetch failed: timed out
2026-09-23T19:20:10Z  WARNING  stats fetch failed: timed out
2026-09-23T19:20:15Z  WARNING  thresholds fetch failed: timed out
2026-09-23T19:20:15Z  WARNING  stats fetch failed: timed out
2026-09-23T19:20:20Z  WARNING  thresholds fetch failed: timed out
2026-09-23T19:20:20Z  WARNING  stats fetch failed: timed out
2026-09-23T19:20:25Z  WARNING  thresholds fetch failed: timed out
2026-09-23T19:20:25Z  WARNING  stats fetch failed: timed out
2026-09-23T19:20:30Z  WARNING  thresholds fetch failed: timed out
2026-09-23T19:20:30Z  WARNING  stats fetch failed: timed out
2026-09-23T19:20:35Z  WARNING  thresholds fetch failed: timed out
2026-09-23T19:20:35Z  WARNING  stats fetch failed: timed out
2026-09-23T19:20:40Z  WARNING  thresholds fetch failed: timed out
2026-09-23T19:20:40Z  WARNING  stats fetch failed: timed out
2026-09-23T19:20:45Z  WARNING  thresholds fetch failed: timed out
2026-09-23T19:20:45Z  WARNING  stats fetch failed: timed out
2026-09-23T19:20:50Z  WARNING  thresholds fetch failed: timed out
2026-09-23T19:20:50Z  WARNING  stats fetch failed: timed out
2026-09-23T19:20:55Z  WARNING  thresholds fetch failed: timed out
2026-09-23T19:20:55Z  WARNING  stats fetch failed: timed out
2026-09-23T19:21:00Z  WARNING  thresholds fetch failed: timed out
2026-09-23T19:21:00Z  WARNING  stats fetch failed: timed out
2026-09-23T19:21:05Z  WARNING  thresholds fetch failed: timed out
2026-09-23T19:21:05Z  WARNING  stats fetch failed: timed out
2026-09-23T19:21:10Z  WARNING  thresholds fetch failed: timed out
2026-09-23T19:21:10Z  WARNING  stats fetch failed: timed out
2026-09-23T19:21:15Z  WARNING  thresholds fetch failed: timed out
2026-09-23T19:21:15Z  WARNING  stats fetch failed: timed out
2026-09-23T19:21:20Z  WARNING  thresholds fetch failed: timed out
2026-09-23T19:21:20Z  WARNING  stats fetch failed: timed out
2026-09-23T19:21:25Z  WARNING  thresholds fetch failed: timed out
2026-09-23T19:21:25Z  WARNING  stats fetch failed: timed out
2026-09-23T19:21:30Z  WARNING  thresholds fetch failed: timed out
2026-09-23T19:21:30Z  WARNING  stats fetch failed: timed out
2026-09-23T19:21:35Z  WARNING  thresholds fetch failed: timed out
2026-09-23T19:21:35Z  WARNING  stats fetch failed: timed out
2026-09-23T19:21:40Z  WARNING  thresholds fetch failed: timed out
2026-09-23T19:21:40Z  WARNING  stats fetch failed: timed out
2026-09-23T19:21:45Z  WARNING  thresholds fetch failed: timed out
2026-09-23T19:21:45Z  WARNING  stats fetch failed: timed out
2026-09-23T19:21:50Z  WARNING  thresholds fetch failed: timed out
2026-09-23T19:21:50Z  WARNING  stats fetch failed: timed out
2026-09-23T19:21:55Z  WARNING  thresholds fetch failed: timed out
2026-09-23T19:21:55Z  WARNING  stats fetch failed: timed out
2026-09-23T19:22:00Z  WARNING  thresholds fetch failed: timed out
2026-09-23T19:22:00Z  WARNING  stats fetch failed: timed out
2026-09-23T19:22:05Z  WARNING  thresholds fetch failed: timed out
2026-09-23T19:22:05Z  WARNING  stats fetch failed: timed out
2026-09-23T19:22:10Z  WARNING  thresholds fetch failed: timed out
2026-09-23T19:22:10Z  WARNING  stats fetch failed: timed out
2026-09-23T19:22:15Z  WARNING  thresholds fetch failed: timed out
2026-09-23T19:22:15Z  WARNING  stats fetch failed: timed out
2026-09-23T19:22:20Z  WARNING  thresholds fetch failed: timed out
2026-09-23T19:22:20Z  WARNING  stats fetch failed: timed out
2026-09-23T19:22:25Z  WARNING  thresholds fetch failed: timed out
2026-09-23T19:22:25Z  WARNING  stats fetch failed: timed out
2026-09-23T19:22:30Z  WARNING  thresholds fetch failed: timed out
2026-09-23T19:22:30Z  WARNING  stats fetch failed: timed out
2026-09-23T19:22:35Z  WARNING  thresholds fetch failed: timed out
2026-09-23T19:22:35Z  WARNING  stats fetch failed: timed out
2026-09-23T19:22:40Z  WARNING  thresholds fetch failed: timed out
2026-09-23T19:22:40Z  WARNING  stats fetch failed: timed out
2026-09-23T19:22:45Z  WARNING  thresholds fetch failed: timed out
2026-09-23T19:22:45Z  WARNING  stats fetch failed: timed out
2026-09-23T19:22:50Z  WARNING  thresholds fetch failed: timed out
2026-09-23T19:22:50Z  WARNING  stats fetch failed: timed out
2026-09-23T19:22:55Z  WARNING  thresholds fetch failed: timed out
2026-09-23T19:22:55Z  WARNING  stats fetch failed: timed out
2026-09-23T19:23:00Z  WARNING  thresholds fetch failed: timed out
2026-09-23T19:23:00Z  WARNING  stats fetch failed: timed out
2026-09-23T19:23:05Z  WARNING  thresholds fetch failed: timed out
2026-09-23T19:23:05Z  WARNING  stats fetch failed: timed out
2026-09-23T19:23:10Z  WARNING  thresholds fetch failed: timed out
2026-09-23T19:23:10Z  WARNING  stats fetch failed: timed out
2026-09-23T19:23:15Z  WARNING  thresholds fetch failed: timed out
2026-09-23T19:23:15Z  WARNING  stats fetch failed: timed out
2026-09-23T19:23:20Z  WARNING  thresholds fetch failed: timed out
2026-09-23T19:23:20Z  WARNING  stats fetch failed: timed out
2026-09-23T19:23:25Z  WARNING  thresholds fetch failed: timed out
2026-09-23T19:23:25Z  WARNING  stats fetch failed: timed out
2026-09-23T19:23:30Z  WARNING  thresholds fetch failed: timed out
2026-09-23T19:23:30Z  WARNING  stats fetch failed: timed out
2026-09-23T19:23:35Z  WARNING  thresholds fetch failed: timed out
2026-09-23T19:23:35Z  WARNING  stats fetch failed: timed out
2026-09-23T19:23:39Z  SHUTDOWN  signal=15
2026-09-23T19:23:40Z  EXIT
