2026-09-16T21:15:06Z  START  poll_interval=1s layer_a_poll_interval=5s
2026-09-16T21:15:10Z  WARNING  thresholds fetch failed: <urlopen error [Errno 111] Connection refused>
2026-09-16T21:15:10Z  WARNING  stats fetch failed: <urlopen error [Errno 111] Connection refused>
2026-09-16T21:15:15Z  WARNING  thresholds fetch failed: <urlopen error [Errno 111] Connection refused>
2026-09-16T21:15:15Z  WARNING  stats fetch failed: <urlopen error [Errno 111] Connection refused>
2026-09-16T21:15:20Z  WARNING  thresholds fetch failed: <urlopen error [Errno 111] Connection refused>
2026-09-16T21:15:20Z  WARNING  stats fetch failed: <urlopen error [Errno 111] Connection refused>
2026-09-16T21:15:25Z  WARNING  thresholds fetch failed: <urlopen error [Errno 111] Connection refused>
2026-09-16T21:15:25Z  WARNING  stats fetch failed: <urlopen error [Errno 111] Connection refused>
2026-09-16T21:15:30Z  WARNING  thresholds fetch failed: <urlopen error [Errno 111] Connection refused>
2026-09-16T21:15:30Z  WARNING  stats fetch failed: <urlopen error [Errno 111] Connection refused>
2026-09-16T21:15:35Z  WARNING  thresholds fetch failed: <urlopen error [Errno 111] Connection refused>
2026-09-16T21:15:35Z  WARNING  stats fetch failed: <urlopen error [Errno 111] Connection refused>
2026-09-16T21:15:40Z  WARNING  thresholds fetch failed: <urlopen error [Errno 111] Connection refused>
2026-09-16T21:15:40Z  WARNING  stats fetch failed: <urlopen error [Errno 111] Connection refused>
2026-09-16T21:15:45Z  WARNING  thresholds fetch failed: <urlopen error [Errno 111] Connection refused>
2026-09-16T21:15:45Z  WARNING  stats fetch failed: <urlopen error [Errno 111] Connection refused>
2026-09-16T21:15:50Z  WARNING  thresholds fetch failed: <urlopen error [Errno 111] Connection refused>
2026-09-16T21:15:50Z  WARNING  stats fetch failed: <urlopen error [Errno 111] Connection refused>
2026-09-16T21:15:55Z  WARNING  thresholds fetch failed: <urlopen error [Errno 111] Connection refused>
2026-09-16T21:15:55Z  WARNING  stats fetch failed: <urlopen error [Errno 111] Connection refused>
2026-09-16T21:16:00Z  WARNING  thresholds fetch failed: <urlopen error [Errno 111] Connection refused>
2026-09-16T21:16:00Z  WARNING  stats fetch failed: <urlopen error [Errno 111] Connection refused>
2026-09-16T21:16:05Z  WARNING  thresholds fetch failed: <urlopen error [Errno 111] Connection refused>
2026-09-16T21:16:05Z  WARNING  stats fetch failed: <urlopen error [Errno 111] Connection refused>
2026-09-16T21:16:10Z  WARNING  thresholds fetch failed: <urlopen error [Errno 111] Connection refused>
2026-09-16T21:16:10Z  WARNING  stats fetch failed: <urlopen error [Errno 111] Connection refused>
2026-09-16T21:16:15Z  WARNING  thresholds fetch failed: <urlopen error [Errno 111] Connection refused>
2026-09-16T21:16:15Z  WARNING  stats fetch failed: <urlopen error [Errno 111] Connection refused>
2026-09-16T21:16:20Z  WARNING  thresholds fetch failed: <urlopen error [Errno 111] Connection refused>
2026-09-16T21:16:20Z  WARNING  stats fetch failed: <urlopen error [Errno 111] Connection refused>
2026-09-16T21:16:25Z  WARNING  thresholds fetch failed: <urlopen error [Errno 111] Connection refused>
2026-09-16T21:16:25Z  WARNING  stats fetch failed: <urlopen error [Errno 111] Connection refused>
2026-09-16T21:16:30Z  WARNING  thresholds fetch failed: <urlopen error [Errno 111] Connection refused>
2026-09-16T21:16:30Z  WARNING  stats fetch failed: <urlopen error [Errno 111] Connection refused>
2026-09-16T21:16:35Z  WARNING  thresholds fetch failed: <urlopen error [Errno 111] Connection refused>
2026-09-16T21:16:35Z  WARNING  stats fetch failed: <urlopen error [Errno 111] Connection refused>
2026-09-16T21:16:40Z  WARNING  thresholds fetch failed: <urlopen error [Errno 111] Connection refused>
2026-09-16T21:16:40Z  WARNING  stats fetch failed: <urlopen error [Errno 111] Connection refused>
2026-09-16T21:16:45Z  WARNING  thresholds fetch failed: <urlopen error [Errno 111] Connection refused>
2026-09-16T21:16:45Z  WARNING  stats fetch failed: <urlopen error [Errno 111] Connection refused>
2026-09-16T21:16:50Z  WARNING  thresholds fetch failed: <urlopen error [Errno 111] Connection refused>
2026-09-16T21:16:50Z  WARNING  stats fetch failed: <urlopen error [Errno 111] Connection refused>
2026-09-16T21:16:55Z  WARNING  thresholds fetch failed: <urlopen error [Errno 111] Connection refused>
2026-09-16T21:16:55Z  WARNING  stats fetch failed: <urlopen error [Errno 111] Connection refused>
2026-09-16T21:17:00Z  WARNING  thresholds fetch failed: <urlopen error [Errno 111] Connection refused>
2026-09-16T21:17:00Z  WARNING  stats fetch failed: <urlopen error [Errno 111] Connection refused>
2026-09-16T21:17:05Z  WARNING  thresholds fetch failed: <urlopen error [Errno 111] Connection refused>
2026-09-16T21:17:05Z  WARNING  stats fetch failed: <urlopen error [Errno 111] Connection refused>
2026-09-16T21:17:10Z  WARNING  thresholds fetch failed: <urlopen error [Errno 111] Connection refused>
2026-09-16T21:17:10Z  WARNING  stats fetch failed: <urlopen error [Errno 111] Connection refused>
2026-09-16T21:17:15Z  WARNING  thresholds fetch failed: <urlopen error [Errno 111] Connection refused>
2026-09-16T21:17:15Z  WARNING  stats fetch failed: <urlopen error [Errno 111] Connection refused>
2026-09-16T21:17:20Z  WARNING  thresholds fetch failed: <urlopen error [Errno 111] Connection refused>
2026-09-16T21:17:20Z  WARNING  stats fetch failed: <urlopen error [Errno 111] Connection refused>
2026-09-16T21:17:25Z  WARNING  thresholds fetch failed: <urlopen error [Errno 111] Connection refused>
2026-09-16T21:17:25Z  WARNING  stats fetch failed: <urlopen error [Errno 111] Connection refused>
2026-09-16T21:17:30Z  WARNING  thresholds fetch failed: <urlopen error [Errno 111] Connection refused>
2026-09-16T21:17:30Z  WARNING  stats fetch failed: <urlopen error [Errno 111] Connection refused>
2026-09-16T21:17:35Z  WARNING  thresholds fetch failed: <urlopen error [Errno 111] Connection refused>
2026-09-16T21:17:35Z  WARNING  stats fetch failed: <urlopen error [Errno 111] Connection refused>
2026-09-16T21:17:40Z  WARNING  thresholds fetch failed: <urlopen error [Errno 111] Connection refused>
2026-09-16T21:17:40Z  WARNING  stats fetch failed: <urlopen error [Errno 111] Connection refused>
2026-09-16T21:17:45Z  WARNING  thresholds fetch failed: <urlopen error [Errno 111] Connection refused>
2026-09-16T21:17:45Z  WARNING  stats fetch failed: <urlopen error [Errno 111] Connection refused>
2026-09-16T21:17:50Z  WARNING  thresholds fetch failed: <urlopen error [Errno 111] Connection refused>
2026-09-16T21:17:50Z  WARNING  stats fetch failed: <urlopen error [Errno 111] Connection refused>
2026-09-16T21:17:55Z  WARNING  thresholds fetch failed: <urlopen error [Errno 111] Connection refused>
2026-09-16T21:17:55Z  WARNING  stats fetch failed: <urlopen error [Errno 111] Connection refused>
2026-09-16T21:18:00Z  WARNING  thresholds fetch failed: <urlopen error [Errno 111] Connection refused>
2026-09-16T21:18:00Z  WARNING  stats fetch failed: <urlopen error [Errno 111] Connection refused>
2026-09-16T21:18:05Z  WARNING  thresholds fetch failed: <urlopen error [Errno 111] Connection refused>
2026-09-16T21:18:05Z  WARNING  stats fetch failed: <urlopen error [Errno 111] Connection refused>
2026-09-16T21:18:10Z  WARNING  thresholds fetch failed: <urlopen error [Errno 111] Connection refused>
2026-09-16T21:18:10Z  WARNING  stats fetch failed: <urlopen error [Errno 111] Connection refused>
2026-09-16T21:18:15Z  WARNING  thresholds fetch failed: <urlopen error [Errno 111] Connection refused>
2026-09-16T21:18:15Z  WARNING  stats fetch failed: <urlopen error [Errno 111] Connection refused>
2026-09-16T21:18:20Z  WARNING  thresholds fetch failed: <urlopen error [Errno 111] Connection refused>
2026-09-16T21:18:20Z  WARNING  stats fetch failed: <urlopen error [Errno 111] Connection refused>
2026-09-16T21:18:25Z  WARNING  thresholds fetch failed: <urlopen error [Errno 111] Connection refused>
2026-09-16T21:18:25Z  WARNING  stats fetch failed: <urlopen error [Errno 111] Connection refused>
2026-09-16T21:18:30Z  WARNING  thresholds fetch failed: <urlopen error [Errno 111] Connection refused>
2026-09-16T21:18:30Z  WARNING  stats fetch failed: <urlopen error [Errno 111] Connection refused>
2026-09-16T21:18:35Z  WARNING  thresholds fetch failed: <urlopen error [Errno 111] Connection refused>
2026-09-16T21:18:35Z  WARNING  stats fetch failed: <urlopen error [Errno 111] Connection refused>
2026-09-16T21:18:40Z  WARNING  thresholds fetch failed: <urlopen error [Errno 111] Connection refused>
2026-09-16T21:18:40Z  WARNING  stats fetch failed: <urlopen error [Errno 111] Connection refused>
2026-09-16T21:18:45Z  WARNING  thresholds fetch failed: <urlopen error [Errno 111] Connection refused>
2026-09-16T21:18:45Z  WARNING  stats fetch failed: <urlopen error [Errno 111] Connection refused>
2026-09-16T21:18:50Z  WARNING  thresholds fetch failed: <urlopen error [Errno 111] Connection refused>
2026-09-16T21:18:50Z  WARNING  stats fetch failed: <urlopen error [Errno 111] Connection refused>
2026-09-16T21:18:55Z  WARNING  thresholds fetch failed: <urlopen error [Errno 111] Connection refused>
2026-09-16T21:18:55Z  WARNING  stats fetch failed: <urlopen error [Errno 111] Connection refused>
2026-09-16T21:19:00Z  WARNING  thresholds fetch failed: <urlopen error [Errno 111] Connection refused>
2026-09-16T21:19:00Z  WARNING  stats fetch failed: <urlopen error [Errno 111] Connection refused>
2026-09-16T21:19:05Z  WARNING  thresholds fetch failed: <urlopen error [Errno 111] Connection refused>
2026-09-16T21:19:05Z  WARNING  stats fetch failed: <urlopen error [Errno 111] Connection refused>
2026-09-16T21:19:10Z  WARNING  thresholds fetch failed: <urlopen error [Errno 111] Connection refused>
2026-09-16T21:19:10Z  WARNING  stats fetch failed: <urlopen error [Errno 111] Connection refused>
2026-09-16T21:19:15Z  WARNING  thresholds fetch failed: <urlopen error [Errno 111] Connection refused>
2026-09-16T21:19:15Z  WARNING  stats fetch failed: <urlopen error [Errno 111] Connection refused>
2026-09-16T21:19:20Z  WARNING  thresholds fetch failed: <urlopen error [Errno 111] Connection refused>
2026-09-16T21:19:20Z  WARNING  stats fetch failed: <urlopen error [Errno 111] Connection refused>
2026-09-16T21:19:25Z  WARNING  thresholds fetch failed: <urlopen error [Errno 111] Connection refused>
2026-09-16T21:19:25Z  WARNING  stats fetch failed: <urlopen error [Errno 111] Connection refused>
2026-09-16T21:19:30Z  WARNING  thresholds fetch failed: <urlopen error [Errno 111] Connection refused>
2026-09-16T21:19:30Z  WARNING  stats fetch failed: <urlopen error [Errno 111] Connection refused>
2026-09-16T21:19:35Z  WARNING  thresholds fetch failed: <urlopen error [Errno 111] Connection refused>
2026-09-16T21:19:35Z  WARNING  stats fetch failed: <urlopen error [Errno 111] Connection refused>
2026-09-16T21:19:40Z  WARNING  thresholds fetch failed: <urlopen error [Errno 111] Connection refused>
2026-09-16T21:19:40Z  WARNING  stats fetch failed: <urlopen error [Errno 111] Connection refused>
2026-09-16T21:19:45Z  WARNING  thresholds fetch failed: <urlopen error [Errno 111] Connection refused>
2026-09-16T21:19:45Z  WARNING  stats fetch failed: <urlopen error [Errno 111] Connection refused>
2026-09-16T21:19:50Z  WARNING  thresholds fetch failed: <urlopen error [Errno 111] Connection refused>
2026-09-16T21:19:50Z  WARNING  stats fetch failed: <urlopen error [Errno 111] Connection refused>
2026-09-16T21:19:55Z  WARNING  thresholds fetch failed: <urlopen error [Errno 111] Connection refused>
2026-09-16T21:19:55Z  WARNING  stats fetch failed: <urlopen error [Errno 111] Connection refused>
2026-09-16T21:20:00Z  WARNING  thresholds fetch failed: <urlopen error [Errno 111] Connection refused>
2026-09-16T21:20:00Z  WARNING  stats fetch failed: <urlopen error [Errno 111] Connection refused>
2026-09-16T21:20:05Z  WARNING  thresholds fetch failed: <urlopen error [Errno 111] Connection refused>
2026-09-16T21:20:05Z  WARNING  stats fetch failed: <urlopen error [Errno 111] Connection refused>
2026-09-16T21:20:10Z  WARNING  thresholds fetch failed: <urlopen error [Errno 111] Connection refused>
2026-09-16T21:20:10Z  WARNING  stats fetch failed: <urlopen error [Errno 111] Connection refused>
2026-09-16T21:20:15Z  WARNING  thresholds fetch failed: <urlopen error [Errno 111] Connection refused>
2026-09-16T21:20:15Z  WARNING  stats fetch failed: <urlopen error [Errno 111] Connection refused>
2026-09-16T21:20:20Z  WARNING  thresholds fetch failed: <urlopen error [Errno 111] Connection refused>
2026-09-16T21:20:20Z  WARNING  stats fetch failed: <urlopen error [Errno 111] Connection refused>
2026-09-16T21:20:25Z  WARNING  thresholds fetch failed: <urlopen error [Errno 111] Connection refused>
2026-09-16T21:20:25Z  WARNING  stats fetch failed: <urlopen error [Errno 111] Connection refused>
2026-09-16T21:20:30Z  WARNING  thresholds fetch failed: <urlopen error [Errno 111] Connection refused>
2026-09-16T21:20:30Z  WARNING  stats fetch failed: <urlopen error [Errno 111] Connection refused>
2026-09-16T21:20:35Z  WARNING  thresholds fetch failed: <urlopen error [Errno 111] Connection refused>
2026-09-16T21:20:35Z  WARNING  stats fetch failed: <urlopen error [Errno 111] Connection refused>
2026-09-16T21:20:35Z  SHUTDOWN  signal=15
2026-09-16T21:20:36Z  EXIT
