2026-09-15T18:20:23Z  START  poll_interval=1s layer_a_poll_interval=5s
2026-09-15T18:21:50Z  WARNING  thresholds fetch failed: timed out
2026-09-15T18:21:50Z  WARNING  stats fetch failed: timed out
2026-09-15T18:21:55Z  WARNING  thresholds fetch failed: timed out
2026-09-15T18:21:55Z  WARNING  stats fetch failed: timed out
2026-09-15T18:22:00Z  WARNING  thresholds fetch failed: timed out
2026-09-15T18:22:00Z  WARNING  stats fetch failed: timed out
2026-09-15T18:22:05Z  WARNING  thresholds fetch failed: timed out
2026-09-15T18:22:05Z  WARNING  stats fetch failed: timed out
2026-09-15T18:22:10Z  WARNING  thresholds fetch failed: timed out
2026-09-15T18:22:10Z  WARNING  stats fetch failed: timed out
2026-09-15T18:22:15Z  WARNING  thresholds fetch failed: timed out
2026-09-15T18:22:15Z  WARNING  stats fetch failed: timed out
2026-09-15T18:22:20Z  WARNING  thresholds fetch failed: timed out
2026-09-15T18:22:20Z  WARNING  stats fetch failed: timed out
2026-09-15T18:22:25Z  WARNING  thresholds fetch failed: timed out
2026-09-15T18:22:25Z  WARNING  stats fetch failed: timed out
2026-09-15T18:22:30Z  WARNING  thresholds fetch failed: timed out
2026-09-15T18:22:30Z  WARNING  stats fetch failed: timed out
2026-09-15T18:22:35Z  WARNING  thresholds fetch failed: timed out
2026-09-15T18:22:35Z  WARNING  stats fetch failed: timed out
2026-09-15T18:22:40Z  WARNING  thresholds fetch failed: timed out
2026-09-15T18:22:40Z  WARNING  stats fetch failed: timed out
2026-09-15T18:22:45Z  WARNING  thresholds fetch failed: timed out
2026-09-15T18:22:45Z  WARNING  stats fetch failed: timed out
2026-09-15T18:22:50Z  WARNING  thresholds fetch failed: timed out
2026-09-15T18:22:50Z  WARNING  stats fetch failed: timed out
2026-09-15T18:22:55Z  WARNING  thresholds fetch failed: timed out
2026-09-15T18:22:55Z  WARNING  stats fetch failed: timed out
2026-09-15T18:23:00Z  WARNING  thresholds fetch failed: timed out
2026-09-15T18:23:00Z  WARNING  stats fetch failed: timed out
2026-09-15T18:23:05Z  WARNING  thresholds fetch failed: timed out
2026-09-15T18:23:05Z  WARNING  stats fetch failed: timed out
2026-09-15T18:23:10Z  WARNING  thresholds fetch failed: timed out
2026-09-15T18:23:10Z  WARNING  stats fetch failed: timed out
2026-09-15T18:23:15Z  WARNING  thresholds fetch failed: timed out
2026-09-15T18:23:15Z  WARNING  stats fetch failed: timed out
2026-09-15T18:23:20Z  WARNING  thresholds fetch failed: timed out
2026-09-15T18:23:20Z  WARNING  stats fetch failed: timed out
2026-09-15T18:23:25Z  WARNING  thresholds fetch failed: timed out
2026-09-15T18:23:25Z  WARNING  stats fetch failed: timed out
2026-09-15T18:23:30Z  WARNING  thresholds fetch failed: timed out
2026-09-15T18:23:30Z  WARNING  stats fetch failed: timed out
2026-09-15T18:23:35Z  WARNING  thresholds fetch failed: timed out
2026-09-15T18:23:35Z  WARNING  stats fetch failed: timed out
2026-09-15T18:23:40Z  WARNING  thresholds fetch failed: timed out
2026-09-15T18:23:40Z  WARNING  stats fetch failed: timed out
2026-09-15T18:23:45Z  WARNING  thresholds fetch failed: timed out
2026-09-15T18:23:45Z  WARNING  stats fetch failed: timed out
2026-09-15T18:23:50Z  WARNING  thresholds fetch failed: timed out
2026-09-15T18:23:50Z  WARNING  stats fetch failed: timed out
2026-09-15T18:23:55Z  WARNING  thresholds fetch failed: timed out
2026-09-15T18:23:55Z  WARNING  stats fetch failed: timed out
2026-09-15T18:24:00Z  WARNING  thresholds fetch failed: timed out
2026-09-15T18:24:00Z  WARNING  stats fetch failed: timed out
2026-09-15T18:24:05Z  WARNING  thresholds fetch failed: timed out
2026-09-15T18:24:05Z  WARNING  stats fetch failed: timed out
2026-09-15T18:24:10Z  WARNING  thresholds fetch failed: timed out
2026-09-15T18:24:10Z  WARNING  stats fetch failed: timed out
2026-09-15T18:24:15Z  WARNING  thresholds fetch failed: timed out
2026-09-15T18:24:15Z  WARNING  stats fetch failed: timed out
2026-09-15T18:24:20Z  WARNING  thresholds fetch failed: timed out
2026-09-15T18:24:20Z  WARNING  stats fetch failed: timed out
2026-09-15T18:24:25Z  WARNING  thresholds fetch failed: timed out
2026-09-15T18:24:25Z  WARNING  stats fetch failed: timed out
2026-09-15T18:24:30Z  WARNING  thresholds fetch failed: timed out
2026-09-15T18:24:30Z  WARNING  stats fetch failed: timed out
2026-09-15T18:24:35Z  WARNING  thresholds fetch failed: timed out
2026-09-15T18:24:35Z  WARNING  stats fetch failed: timed out
2026-09-15T18:24:40Z  WARNING  thresholds fetch failed: timed out
2026-09-15T18:24:40Z  WARNING  stats fetch failed: timed out
2026-09-15T18:24:45Z  WARNING  thresholds fetch failed: timed out
2026-09-15T18:24:45Z  WARNING  stats fetch failed: timed out
2026-09-15T18:24:50Z  WARNING  thresholds fetch failed: timed out
2026-09-15T18:24:50Z  WARNING  stats fetch failed: timed out
2026-09-15T18:24:55Z  WARNING  thresholds fetch failed: timed out
2026-09-15T18:24:55Z  WARNING  stats fetch failed: timed out
2026-09-15T18:25:00Z  WARNING  thresholds fetch failed: timed out
2026-09-15T18:25:00Z  WARNING  stats fetch failed: timed out
2026-09-15T18:25:05Z  WARNING  thresholds fetch failed: timed out
2026-09-15T18:25:05Z  WARNING  stats fetch failed: timed out
2026-09-15T18:25:10Z  WARNING  thresholds fetch failed: timed out
2026-09-15T18:25:10Z  WARNING  stats fetch failed: timed out
2026-09-15T18:25:15Z  WARNING  thresholds fetch failed: timed out
2026-09-15T18:25:15Z  WARNING  stats fetch failed: timed out
2026-09-15T18:25:20Z  WARNING  thresholds fetch failed: timed out
2026-09-15T18:25:20Z  WARNING  stats fetch failed: timed out
2026-09-15T18:25:25Z  WARNING  thresholds fetch failed: timed out
2026-09-15T18:25:25Z  WARNING  stats fetch failed: timed out
2026-09-15T18:25:30Z  WARNING  thresholds fetch failed: timed out
2026-09-15T18:25:30Z  WARNING  stats fetch failed: timed out
2026-09-15T18:25:35Z  WARNING  thresholds fetch failed: timed out
2026-09-15T18:25:35Z  WARNING  stats fetch failed: timed out
2026-09-15T18:25:40Z  WARNING  thresholds fetch failed: timed out
2026-09-15T18:25:40Z  WARNING  stats fetch failed: timed out
2026-09-15T18:25:45Z  WARNING  thresholds fetch failed: timed out
2026-09-15T18:25:45Z  WARNING  stats fetch failed: timed out
2026-09-15T18:25:50Z  WARNING  thresholds fetch failed: timed out
2026-09-15T18:25:50Z  WARNING  stats fetch failed: timed out
2026-09-15T18:25:55Z  WARNING  thresholds fetch failed: timed out
2026-09-15T18:25:55Z  WARNING  stats fetch failed: timed out
2026-09-15T18:26:00Z  WARNING  thresholds fetch failed: timed out
2026-09-15T18:26:00Z  WARNING  stats fetch failed: timed out
2026-09-15T18:26:05Z  WARNING  thresholds fetch failed: timed out
2026-09-15T18:26:05Z  WARNING  stats fetch failed: timed out
2026-09-15T18:26:10Z  WARNING  thresholds fetch failed: timed out
2026-09-15T18:26:10Z  WARNING  stats fetch failed: timed out
2026-09-15T18:26:15Z  WARNING  thresholds fetch failed: timed out
2026-09-15T18:26:15Z  WARNING  stats fetch failed: timed out
2026-09-15T18:26:20Z  WARNING  thresholds fetch failed: timed out
2026-09-15T18:26:20Z  WARNING  stats fetch failed: timed out
2026-09-15T18:26:25Z  WARNING  thresholds fetch failed: timed out
2026-09-15T18:26:25Z  WARNING  stats fetch failed: timed out
2026-09-15T18:26:30Z  WARNING  thresholds fetch failed: timed out
2026-09-15T18:26:30Z  WARNING  stats fetch failed: timed out
2026-09-15T18:26:35Z  WARNING  thresholds fetch failed: timed out
2026-09-15T18:26:35Z  WARNING  stats fetch failed: timed out
2026-09-15T18:26:40Z  WARNING  thresholds fetch failed: timed out
2026-09-15T18:26:40Z  WARNING  stats fetch failed: timed out
2026-09-15T18:26:45Z  WARNING  thresholds fetch failed: timed out
2026-09-15T18:26:45Z  WARNING  stats fetch failed: timed out
2026-09-15T18:26:50Z  WARNING  thresholds fetch failed: timed out
2026-09-15T18:26:50Z  WARNING  stats fetch failed: timed out
2026-09-15T18:26:55Z  WARNING  thresholds fetch failed: timed out
2026-09-15T18:26:55Z  WARNING  stats fetch failed: timed out
2026-09-15T18:27:00Z  WARNING  thresholds fetch failed: timed out
2026-09-15T18:27:00Z  WARNING  stats fetch failed: timed out
2026-09-15T18:27:05Z  WARNING  thresholds fetch failed: timed out
2026-09-15T18:27:05Z  WARNING  stats fetch failed: timed out
2026-09-15T18:27:10Z  WARNING  thresholds fetch failed: timed out
2026-09-15T18:27:10Z  WARNING  stats fetch failed: timed out
2026-09-15T18:27:15Z  WARNING  thresholds fetch failed: timed out
2026-09-15T18:27:15Z  WARNING  stats fetch failed: timed out
2026-09-15T18:27:20Z  WARNING  thresholds fetch failed: timed out
2026-09-15T18:27:20Z  WARNING  stats fetch failed: timed out
2026-09-15T18:27:25Z  WARNING  thresholds fetch failed: timed out
2026-09-15T18:27:25Z  WARNING  stats fetch failed: timed out
2026-09-15T18:27:30Z  WARNING  thresholds fetch failed: timed out
2026-09-15T18:27:30Z  WARNING  stats fetch failed: timed out
2026-09-15T18:27:35Z  WARNING  thresholds fetch failed: timed out
2026-09-15T18:27:35Z  WARNING  stats fetch failed: timed out
2026-09-15T18:27:40Z  WARNING  thresholds fetch failed: timed out
2026-09-15T18:27:40Z  WARNING  stats fetch failed: timed out
2026-09-15T18:27:45Z  WARNING  thresholds fetch failed: timed out
2026-09-15T18:27:45Z  WARNING  stats fetch failed: timed out
2026-09-15T18:27:50Z  WARNING  thresholds fetch failed: timed out
2026-09-15T18:27:50Z  WARNING  stats fetch failed: timed out
2026-09-15T18:27:55Z  WARNING  thresholds fetch failed: timed out
2026-09-15T18:27:55Z  WARNING  stats fetch failed: timed out
2026-09-15T18:28:00Z  WARNING  thresholds fetch failed: timed out
2026-09-15T18:28:00Z  WARNING  stats fetch failed: timed out
2026-09-15T18:28:05Z  WARNING  thresholds fetch failed: timed out
2026-09-15T18:28:05Z  WARNING  stats fetch failed: timed out
2026-09-15T18:28:10Z  WARNING  thresholds fetch failed: timed out
2026-09-15T18:28:10Z  WARNING  stats fetch failed: timed out
2026-09-15T18:28:15Z  WARNING  thresholds fetch failed: timed out
2026-09-15T18:28:15Z  WARNING  stats fetch failed: timed out
2026-09-15T18:28:20Z  WARNING  thresholds fetch failed: timed out
2026-09-15T18:28:20Z  WARNING  stats fetch failed: timed out
2026-09-15T18:28:25Z  WARNING  thresholds fetch failed: timed out
2026-09-15T18:28:25Z  WARNING  stats fetch failed: timed out
2026-09-15T18:28:30Z  WARNING  thresholds fetch failed: timed out
2026-09-15T18:28:30Z  WARNING  stats fetch failed: timed out
2026-09-15T18:28:35Z  WARNING  thresholds fetch failed: timed out
2026-09-15T18:28:35Z  WARNING  stats fetch failed: timed out
2026-09-15T18:28:40Z  WARNING  thresholds fetch failed: timed out
2026-09-15T18:28:40Z  WARNING  stats fetch failed: timed out
2026-09-15T18:28:45Z  WARNING  thresholds fetch failed: timed out
2026-09-15T18:28:45Z  WARNING  stats fetch failed: timed out
2026-09-15T18:28:50Z  WARNING  thresholds fetch failed: timed out
2026-09-15T18:28:50Z  WARNING  stats fetch failed: timed out
2026-09-15T18:28:55Z  WARNING  thresholds fetch failed: timed out
2026-09-15T18:28:55Z  WARNING  stats fetch failed: timed out
2026-09-15T18:29:00Z  WARNING  thresholds fetch failed: timed out
2026-09-15T18:29:00Z  WARNING  stats fetch failed: timed out
2026-09-15T18:29:05Z  WARNING  thresholds fetch failed: timed out
2026-09-15T18:29:05Z  WARNING  stats fetch failed: timed out
2026-09-15T18:29:10Z  WARNING  thresholds fetch failed: timed out
2026-09-15T18:29:10Z  WARNING  stats fetch failed: timed out
2026-09-15T18:29:15Z  WARNING  thresholds fetch failed: timed out
2026-09-15T18:29:15Z  WARNING  stats fetch failed: timed out
2026-09-15T18:29:20Z  WARNING  thresholds fetch failed: timed out
2026-09-15T18:29:20Z  WARNING  stats fetch failed: timed out
2026-09-15T18:29:25Z  WARNING  thresholds fetch failed: timed out
2026-09-15T18:29:25Z  WARNING  stats fetch failed: timed out
2026-09-15T18:29:30Z  WARNING  thresholds fetch failed: timed out
2026-09-15T18:29:30Z  WARNING  stats fetch failed: timed out
2026-09-15T18:29:35Z  WARNING  thresholds fetch failed: timed out
2026-09-15T18:29:35Z  WARNING  stats fetch failed: timed out
2026-09-15T18:29:40Z  WARNING  thresholds fetch failed: timed out
2026-09-15T18:29:40Z  WARNING  stats fetch failed: timed out
2026-09-15T18:29:45Z  WARNING  thresholds fetch failed: timed out
2026-09-15T18:29:45Z  WARNING  stats fetch failed: timed out
2026-09-15T18:29:50Z  WARNING  thresholds fetch failed: timed out
2026-09-15T18:29:50Z  WARNING  stats fetch failed: timed out
2026-09-15T18:29:55Z  WARNING  thresholds fetch failed: timed out
2026-09-15T18:29:55Z  WARNING  stats fetch failed: timed out
2026-09-15T18:30:00Z  WARNING  thresholds fetch failed: timed out
2026-09-15T18:30:00Z  WARNING  stats fetch failed: timed out
2026-09-15T18:30:05Z  WARNING  thresholds fetch failed: timed out
2026-09-15T18:30:05Z  WARNING  stats fetch failed: timed out
2026-09-15T18:30:10Z  WARNING  thresholds fetch failed: timed out
2026-09-15T18:30:10Z  WARNING  stats fetch failed: timed out
2026-09-15T18:30:15Z  WARNING  thresholds fetch failed: timed out
2026-09-15T18:30:15Z  WARNING  stats fetch failed: timed out
2026-09-15T18:30:20Z  WARNING  thresholds fetch failed: timed out
2026-09-15T18:30:20Z  WARNING  stats fetch failed: timed out
2026-09-15T18:30:25Z  WARNING  thresholds fetch failed: timed out
2026-09-15T18:30:25Z  WARNING  stats fetch failed: timed out
2026-09-15T18:30:30Z  WARNING  thresholds fetch failed: timed out
2026-09-15T18:30:30Z  WARNING  stats fetch failed: timed out
2026-09-15T18:30:35Z  WARNING  thresholds fetch failed: timed out
2026-09-15T18:30:35Z  WARNING  stats fetch failed: timed out
2026-09-15T18:30:40Z  WARNING  thresholds fetch failed: timed out
2026-09-15T18:30:40Z  WARNING  stats fetch failed: timed out
2026-09-15T18:30:45Z  WARNING  thresholds fetch failed: timed out
2026-09-15T18:30:45Z  WARNING  stats fetch failed: timed out
2026-09-15T18:30:50Z  WARNING  thresholds fetch failed: timed out
2026-09-15T18:30:50Z  WARNING  stats fetch failed: timed out
2026-09-15T18:30:55Z  WARNING  thresholds fetch failed: timed out
2026-09-15T18:30:55Z  WARNING  stats fetch failed: timed out
2026-09-15T18:31:00Z  WARNING  thresholds fetch failed: timed out
2026-09-15T18:31:00Z  WARNING  stats fetch failed: timed out
2026-09-15T18:31:05Z  WARNING  thresholds fetch failed: timed out
2026-09-15T18:31:05Z  WARNING  stats fetch failed: timed out
2026-09-15T18:31:10Z  WARNING  thresholds fetch failed: timed out
2026-09-15T18:31:10Z  WARNING  stats fetch failed: timed out
2026-09-15T18:31:15Z  WARNING  thresholds fetch failed: timed out
2026-09-15T18:31:15Z  WARNING  stats fetch failed: timed out
2026-09-15T18:31:19Z  SHUTDOWN  signal=15
2026-09-15T18:31:20Z  EXIT
