2026-09-12T18:56:24Z  START  poll_interval=1s layer_a_poll_interval=5s
2026-09-12T18:57:20Z  WARNING  thresholds fetch failed: timed out
2026-09-12T18:57:20Z  WARNING  stats fetch failed: timed out
2026-09-12T18:57:25Z  WARNING  thresholds fetch failed: timed out
2026-09-12T18:57:25Z  WARNING  stats fetch failed: timed out
2026-09-12T18:57:30Z  WARNING  thresholds fetch failed: timed out
2026-09-12T18:57:30Z  WARNING  stats fetch failed: timed out
2026-09-12T18:57:35Z  WARNING  thresholds fetch failed: timed out
2026-09-12T18:57:35Z  WARNING  stats fetch failed: timed out
2026-09-12T18:57:40Z  WARNING  thresholds fetch failed: timed out
2026-09-12T18:57:40Z  WARNING  stats fetch failed: timed out
2026-09-12T18:57:45Z  WARNING  thresholds fetch failed: timed out
2026-09-12T18:57:45Z  WARNING  stats fetch failed: timed out
2026-09-12T18:57:50Z  WARNING  thresholds fetch failed: timed out
2026-09-12T18:57:50Z  WARNING  stats fetch failed: timed out
2026-09-12T18:57:55Z  WARNING  thresholds fetch failed: timed out
2026-09-12T18:57:55Z  WARNING  stats fetch failed: timed out
2026-09-12T18:58:00Z  WARNING  thresholds fetch failed: timed out
2026-09-12T18:58:00Z  WARNING  stats fetch failed: timed out
2026-09-12T18:58:05Z  WARNING  thresholds fetch failed: timed out
2026-09-12T18:58:05Z  WARNING  stats fetch failed: timed out
2026-09-12T18:58:10Z  WARNING  thresholds fetch failed: timed out
2026-09-12T18:58:10Z  WARNING  stats fetch failed: timed out
2026-09-12T18:58:15Z  WARNING  thresholds fetch failed: timed out
2026-09-12T18:58:15Z  WARNING  stats fetch failed: timed out
2026-09-12T18:58:20Z  WARNING  thresholds fetch failed: timed out
2026-09-12T18:58:20Z  WARNING  stats fetch failed: timed out
2026-09-12T18:58:25Z  WARNING  thresholds fetch failed: timed out
2026-09-12T18:58:25Z  WARNING  stats fetch failed: timed out
2026-09-12T18:58:30Z  WARNING  thresholds fetch failed: timed out
2026-09-12T18:58:30Z  WARNING  stats fetch failed: timed out
2026-09-12T18:58:35Z  WARNING  thresholds fetch failed: timed out
2026-09-12T18:58:35Z  WARNING  stats fetch failed: timed out
2026-09-12T18:58:40Z  WARNING  thresholds fetch failed: timed out
2026-09-12T18:58:40Z  WARNING  stats fetch failed: timed out
2026-09-12T18:58:45Z  WARNING  thresholds fetch failed: timed out
2026-09-12T18:58:45Z  WARNING  stats fetch failed: timed out
2026-09-12T18:58:50Z  WARNING  thresholds fetch failed: timed out
2026-09-12T18:58:50Z  WARNING  stats fetch failed: timed out
2026-09-12T18:58:55Z  WARNING  thresholds fetch failed: timed out
2026-09-12T18:58:55Z  WARNING  stats fetch failed: timed out
2026-09-12T18:59:00Z  WARNING  thresholds fetch failed: timed out
2026-09-12T18:59:00Z  WARNING  stats fetch failed: timed out
2026-09-12T18:59:05Z  WARNING  thresholds fetch failed: timed out
2026-09-12T18:59:05Z  WARNING  stats fetch failed: timed out
2026-09-12T18:59:10Z  WARNING  thresholds fetch failed: timed out
2026-09-12T18:59:10Z  WARNING  stats fetch failed: timed out
2026-09-12T18:59:15Z  WARNING  thresholds fetch failed: timed out
2026-09-12T18:59:15Z  WARNING  stats fetch failed: timed out
2026-09-12T18:59:20Z  WARNING  thresholds fetch failed: timed out
2026-09-12T18:59:20Z  WARNING  stats fetch failed: timed out
2026-09-12T18:59:25Z  WARNING  thresholds fetch failed: timed out
2026-09-12T18:59:25Z  WARNING  stats fetch failed: timed out
2026-09-12T18:59:30Z  WARNING  thresholds fetch failed: timed out
2026-09-12T18:59:30Z  WARNING  stats fetch failed: timed out
2026-09-12T18:59:35Z  WARNING  thresholds fetch failed: timed out
2026-09-12T18:59:35Z  WARNING  stats fetch failed: timed out
2026-09-12T18:59:40Z  WARNING  thresholds fetch failed: timed out
2026-09-12T18:59:40Z  WARNING  stats fetch failed: timed out
2026-09-12T18:59:45Z  WARNING  thresholds fetch failed: timed out
2026-09-12T18:59:45Z  WARNING  stats fetch failed: timed out
2026-09-12T18:59:50Z  WARNING  thresholds fetch failed: timed out
2026-09-12T18:59:50Z  WARNING  stats fetch failed: timed out
2026-09-12T18:59:55Z  WARNING  thresholds fetch failed: timed out
2026-09-12T18:59:55Z  WARNING  stats fetch failed: timed out
2026-09-12T18:59:58Z  SHUTDOWN  signal=15
2026-09-12T18:59:59Z  EXIT
