2026-09-23T18:13:19Z  START  poll_interval=1s layer_a_poll_interval=5s
2026-09-23T18:15:05Z  WARNING  thresholds fetch failed: timed out
2026-09-23T18:15:05Z  WARNING  stats fetch failed: timed out
2026-09-23T18:15:10Z  WARNING  thresholds fetch failed: timed out
2026-09-23T18:15:10Z  WARNING  stats fetch failed: timed out
2026-09-23T18:15:15Z  WARNING  thresholds fetch failed: timed out
2026-09-23T18:15:15Z  WARNING  stats fetch failed: timed out
2026-09-23T18:15:20Z  WARNING  thresholds fetch failed: timed out
2026-09-23T18:15:20Z  WARNING  stats fetch failed: timed out
2026-09-23T18:15:25Z  WARNING  thresholds fetch failed: timed out
2026-09-23T18:15:25Z  WARNING  stats fetch failed: timed out
2026-09-23T18:15:30Z  WARNING  thresholds fetch failed: timed out
2026-09-23T18:15:30Z  WARNING  stats fetch failed: timed out
2026-09-23T18:15:35Z  WARNING  thresholds fetch failed: timed out
2026-09-23T18:15:35Z  WARNING  stats fetch failed: timed out
2026-09-23T18:15:40Z  WARNING  thresholds fetch failed: timed out
2026-09-23T18:15:40Z  WARNING  stats fetch failed: timed out
2026-09-23T18:15:45Z  WARNING  thresholds fetch failed: timed out
2026-09-23T18:15:45Z  WARNING  stats fetch failed: timed out
2026-09-23T18:15:50Z  WARNING  thresholds fetch failed: timed out
2026-09-23T18:15:50Z  WARNING  stats fetch failed: timed out
2026-09-23T18:15:55Z  WARNING  thresholds fetch failed: timed out
2026-09-23T18:15:55Z  WARNING  stats fetch failed: timed out
2026-09-23T18:16:00Z  WARNING  thresholds fetch failed: timed out
2026-09-23T18:16:00Z  WARNING  stats fetch failed: timed out
2026-09-23T18:16:05Z  WARNING  thresholds fetch failed: timed out
2026-09-23T18:16:05Z  WARNING  stats fetch failed: timed out
2026-09-23T18:16:10Z  WARNING  thresholds fetch failed: timed out
2026-09-23T18:16:10Z  WARNING  stats fetch failed: timed out
2026-09-23T18:16:15Z  WARNING  thresholds fetch failed: timed out
2026-09-23T18:16:15Z  WARNING  stats fetch failed: timed out
2026-09-23T18:16:20Z  WARNING  thresholds fetch failed: timed out
2026-09-23T18:16:20Z  WARNING  stats fetch failed: timed out
2026-09-23T18:16:25Z  WARNING  thresholds fetch failed: timed out
2026-09-23T18:16:25Z  WARNING  stats fetch failed: timed out
2026-09-23T18:16:30Z  WARNING  thresholds fetch failed: timed out
2026-09-23T18:16:30Z  WARNING  stats fetch failed: timed out
2026-09-23T18:16:35Z  WARNING  thresholds fetch failed: timed out
2026-09-23T18:16:35Z  WARNING  stats fetch failed: timed out
2026-09-23T18:16:40Z  WARNING  thresholds fetch failed: timed out
2026-09-23T18:16:40Z  WARNING  stats fetch failed: timed out
2026-09-23T18:16:45Z  WARNING  thresholds fetch failed: timed out
2026-09-23T18:16:45Z  WARNING  stats fetch failed: timed out
2026-09-23T18:16:50Z  WARNING  thresholds fetch failed: timed out
2026-09-23T18:16:50Z  WARNING  stats fetch failed: timed out
2026-09-23T18:16:55Z  WARNING  thresholds fetch failed: timed out
2026-09-23T18:16:55Z  WARNING  stats fetch failed: timed out
2026-09-23T18:17:00Z  WARNING  thresholds fetch failed: timed out
2026-09-23T18:17:00Z  WARNING  stats fetch failed: timed out
2026-09-23T18:17:05Z  WARNING  thresholds fetch failed: timed out
2026-09-23T18:17:05Z  WARNING  stats fetch failed: timed out
2026-09-23T18:17:10Z  WARNING  thresholds fetch failed: timed out
2026-09-23T18:17:10Z  WARNING  stats fetch failed: timed out
2026-09-23T18:17:15Z  WARNING  thresholds fetch failed: timed out
2026-09-23T18:17:15Z  WARNING  stats fetch failed: timed out
2026-09-23T18:17:20Z  WARNING  thresholds fetch failed: timed out
2026-09-23T18:17:20Z  WARNING  stats fetch failed: timed out
2026-09-23T18:17:25Z  WARNING  thresholds fetch failed: timed out
2026-09-23T18:17:25Z  WARNING  stats fetch failed: timed out
2026-09-23T18:17:30Z  WARNING  thresholds fetch failed: timed out
2026-09-23T18:17:30Z  WARNING  stats fetch failed: timed out
2026-09-23T18:17:35Z  WARNING  thresholds fetch failed: timed out
2026-09-23T18:17:35Z  WARNING  stats fetch failed: timed out
2026-09-23T18:17:40Z  WARNING  thresholds fetch failed: timed out
2026-09-23T18:17:40Z  WARNING  stats fetch failed: timed out
2026-09-23T18:17:45Z  WARNING  thresholds fetch failed: timed out
2026-09-23T18:17:45Z  WARNING  stats fetch failed: timed out
2026-09-23T18:17:50Z  WARNING  thresholds fetch failed: timed out
2026-09-23T18:17:50Z  WARNING  stats fetch failed: timed out
2026-09-23T18:17:55Z  WARNING  thresholds fetch failed: timed out
2026-09-23T18:17:55Z  WARNING  stats fetch failed: timed out
2026-09-23T18:18:00Z  WARNING  thresholds fetch failed: timed out
2026-09-23T18:18:00Z  WARNING  stats fetch failed: timed out
2026-09-23T18:18:05Z  WARNING  thresholds fetch failed: timed out
2026-09-23T18:18:05Z  WARNING  stats fetch failed: timed out
2026-09-23T18:18:10Z  WARNING  thresholds fetch failed: timed out
2026-09-23T18:18:10Z  WARNING  stats fetch failed: timed out
2026-09-23T18:18:15Z  WARNING  thresholds fetch failed: timed out
2026-09-23T18:18:15Z  WARNING  stats fetch failed: timed out
2026-09-23T18:18:20Z  WARNING  thresholds fetch failed: timed out
2026-09-23T18:18:20Z  WARNING  stats fetch failed: timed out
2026-09-23T18:18:25Z  WARNING  thresholds fetch failed: timed out
2026-09-23T18:18:25Z  WARNING  stats fetch failed: timed out
2026-09-23T18:18:30Z  WARNING  thresholds fetch failed: timed out
2026-09-23T18:18:30Z  WARNING  stats fetch failed: timed out
2026-09-23T18:18:35Z  WARNING  thresholds fetch failed: timed out
2026-09-23T18:18:35Z  WARNING  stats fetch failed: timed out
2026-09-23T18:18:40Z  WARNING  thresholds fetch failed: timed out
2026-09-23T18:18:40Z  WARNING  stats fetch failed: timed out
2026-09-23T18:18:45Z  WARNING  thresholds fetch failed: timed out
2026-09-23T18:18:45Z  WARNING  stats fetch failed: timed out
2026-09-23T18:18:50Z  WARNING  thresholds fetch failed: timed out
2026-09-23T18:18:50Z  WARNING  stats fetch failed: timed out
2026-09-23T18:18:55Z  WARNING  thresholds fetch failed: timed out
2026-09-23T18:18:55Z  WARNING  stats fetch failed: timed out
2026-09-23T18:19:00Z  WARNING  thresholds fetch failed: timed out
2026-09-23T18:19:00Z  WARNING  stats fetch failed: timed out
2026-09-23T18:19:05Z  WARNING  thresholds fetch failed: timed out
2026-09-23T18:19:05Z  WARNING  stats fetch failed: timed out
2026-09-23T18:19:10Z  WARNING  thresholds fetch failed: timed out
2026-09-23T18:19:10Z  WARNING  stats fetch failed: timed out
2026-09-23T18:19:15Z  WARNING  thresholds fetch failed: timed out
2026-09-23T18:19:15Z  WARNING  stats fetch failed: timed out
2026-09-23T18:19:20Z  WARNING  thresholds fetch failed: timed out
2026-09-23T18:19:20Z  WARNING  stats fetch failed: timed out
2026-09-23T18:19:25Z  WARNING  thresholds fetch failed: timed out
2026-09-23T18:19:25Z  WARNING  stats fetch failed: timed out
2026-09-23T18:19:30Z  WARNING  thresholds fetch failed: timed out
2026-09-23T18:19:30Z  WARNING  stats fetch failed: timed out
2026-09-23T18:19:35Z  WARNING  thresholds fetch failed: timed out
2026-09-23T18:19:35Z  WARNING  stats fetch failed: timed out
2026-09-23T18:19:40Z  WARNING  thresholds fetch failed: timed out
2026-09-23T18:19:40Z  WARNING  stats fetch failed: timed out
2026-09-23T18:19:45Z  WARNING  thresholds fetch failed: timed out
2026-09-23T18:19:45Z  WARNING  stats fetch failed: timed out
2026-09-23T18:19:50Z  WARNING  thresholds fetch failed: timed out
2026-09-23T18:19:50Z  WARNING  stats fetch failed: timed out
2026-09-23T18:19:55Z  WARNING  thresholds fetch failed: timed out
2026-09-23T18:19:55Z  WARNING  stats fetch failed: timed out
2026-09-23T18:20:00Z  WARNING  thresholds fetch failed: timed out
2026-09-23T18:20:00Z  WARNING  stats fetch failed: timed out
2026-09-23T18:20:05Z  WARNING  thresholds fetch failed: timed out
2026-09-23T18:20:05Z  WARNING  stats fetch failed: timed out
2026-09-23T18:20:10Z  WARNING  thresholds fetch failed: timed out
2026-09-23T18:20:10Z  WARNING  stats fetch failed: timed out
2026-09-23T18:20:15Z  WARNING  thresholds fetch failed: timed out
2026-09-23T18:20:15Z  WARNING  stats fetch failed: timed out
2026-09-23T18:20:20Z  WARNING  thresholds fetch failed: timed out
2026-09-23T18:20:20Z  WARNING  stats fetch failed: timed out
2026-09-23T18:20:25Z  WARNING  thresholds fetch failed: timed out
2026-09-23T18:20:25Z  WARNING  stats fetch failed: timed out
2026-09-23T18:20:30Z  WARNING  thresholds fetch failed: timed out
2026-09-23T18:20:30Z  WARNING  stats fetch failed: timed out
2026-09-23T18:20:35Z  WARNING  thresholds fetch failed: timed out
2026-09-23T18:20:35Z  WARNING  stats fetch failed: timed out
2026-09-23T18:20:40Z  WARNING  thresholds fetch failed: timed out
2026-09-23T18:20:40Z  WARNING  stats fetch failed: timed out
2026-09-23T18:20:45Z  WARNING  thresholds fetch failed: timed out
2026-09-23T18:20:45Z  WARNING  stats fetch failed: timed out
2026-09-23T18:20:50Z  WARNING  thresholds fetch failed: timed out
2026-09-23T18:20:50Z  WARNING  stats fetch failed: timed out
2026-09-23T18:20:55Z  WARNING  thresholds fetch failed: timed out
2026-09-23T18:20:55Z  WARNING  stats fetch failed: timed out
2026-09-23T18:21:00Z  WARNING  thresholds fetch failed: timed out
2026-09-23T18:21:00Z  WARNING  stats fetch failed: timed out
2026-09-23T18:21:05Z  WARNING  thresholds fetch failed: timed out
2026-09-23T18:21:05Z  WARNING  stats fetch failed: timed out
2026-09-23T18:21:10Z  WARNING  thresholds fetch failed: timed out
2026-09-23T18:21:10Z  WARNING  stats fetch failed: timed out
2026-09-23T18:21:15Z  WARNING  thresholds fetch failed: timed out
2026-09-23T18:21:15Z  WARNING  stats fetch failed: timed out
2026-09-23T18:21:20Z  WARNING  thresholds fetch failed: timed out
2026-09-23T18:21:20Z  WARNING  stats fetch failed: timed out
2026-09-23T18:21:25Z  WARNING  thresholds fetch failed: timed out
2026-09-23T18:21:25Z  WARNING  stats fetch failed: timed out
2026-09-23T18:21:30Z  WARNING  thresholds fetch failed: timed out
2026-09-23T18:21:30Z  WARNING  stats fetch failed: timed out
2026-09-23T18:21:35Z  WARNING  thresholds fetch failed: timed out
2026-09-23T18:21:35Z  WARNING  stats fetch failed: timed out
2026-09-23T18:21:40Z  WARNING  thresholds fetch failed: timed out
2026-09-23T18:21:40Z  WARNING  stats fetch failed: timed out
2026-09-23T18:21:45Z  WARNING  thresholds fetch failed: timed out
2026-09-23T18:21:45Z  WARNING  stats fetch failed: timed out
2026-09-23T18:21:50Z  WARNING  thresholds fetch failed: timed out
2026-09-23T18:21:50Z  WARNING  stats fetch failed: timed out
2026-09-23T18:21:55Z  WARNING  thresholds fetch failed: timed out
2026-09-23T18:21:55Z  WARNING  stats fetch failed: timed out
2026-09-23T18:22:00Z  WARNING  thresholds fetch failed: timed out
2026-09-23T18:22:00Z  WARNING  stats fetch failed: timed out
2026-09-23T18:22:05Z  WARNING  thresholds fetch failed: timed out
2026-09-23T18:22:05Z  WARNING  stats fetch failed: <urlopen error timed out>
2026-09-23T18:22:10Z  WARNING  thresholds fetch failed: timed out
2026-09-23T18:22:10Z  WARNING  stats fetch failed: timed out
2026-09-23T18:22:15Z  WARNING  thresholds fetch failed: timed out
2026-09-23T18:22:15Z  WARNING  stats fetch failed: timed out
2026-09-23T18:22:20Z  WARNING  thresholds fetch failed: timed out
2026-09-23T18:22:20Z  WARNING  stats fetch failed: timed out
2026-09-23T18:22:25Z  WARNING  thresholds fetch failed: timed out
2026-09-23T18:22:25Z  WARNING  stats fetch failed: timed out
2026-09-23T18:22:30Z  WARNING  thresholds fetch failed: timed out
2026-09-23T18:22:30Z  WARNING  stats fetch failed: timed out
2026-09-23T18:22:35Z  WARNING  thresholds fetch failed: timed out
2026-09-23T18:22:35Z  WARNING  stats fetch failed: timed out
2026-09-23T18:22:40Z  WARNING  thresholds fetch failed: timed out
2026-09-23T18:22:40Z  WARNING  stats fetch failed: timed out
2026-09-23T18:22:45Z  WARNING  thresholds fetch failed: <urlopen error timed out>
2026-09-23T18:22:45Z  WARNING  stats fetch failed: timed out
2026-09-23T18:22:50Z  WARNING  thresholds fetch failed: timed out
2026-09-23T18:22:50Z  WARNING  stats fetch failed: <urlopen error timed out>
2026-09-23T18:22:55Z  WARNING  thresholds fetch failed: timed out
2026-09-23T18:22:55Z  WARNING  stats fetch failed: timed out
2026-09-23T18:23:00Z  WARNING  thresholds fetch failed: timed out
2026-09-23T18:23:00Z  WARNING  stats fetch failed: timed out
2026-09-23T18:23:05Z  WARNING  thresholds fetch failed: timed out
2026-09-23T18:23:05Z  WARNING  stats fetch failed: timed out
2026-09-23T18:23:10Z  WARNING  thresholds fetch failed: timed out
2026-09-23T18:23:10Z  WARNING  stats fetch failed: timed out
2026-09-23T18:23:15Z  WARNING  thresholds fetch failed: timed out
2026-09-23T18:23:15Z  WARNING  stats fetch failed: timed out
2026-09-23T18:23:20Z  WARNING  thresholds fetch failed: timed out
2026-09-23T18:23:20Z  WARNING  stats fetch failed: timed out
2026-09-23T18:23:25Z  WARNING  thresholds fetch failed: timed out
2026-09-23T18:23:25Z  WARNING  stats fetch failed: timed out
2026-09-23T18:23:30Z  WARNING  thresholds fetch failed: timed out
2026-09-23T18:23:30Z  WARNING  stats fetch failed: timed out
2026-09-23T18:23:35Z  WARNING  thresholds fetch failed: timed out
2026-09-23T18:23:35Z  WARNING  stats fetch failed: timed out
2026-09-23T18:23:40Z  WARNING  thresholds fetch failed: timed out
2026-09-23T18:23:40Z  WARNING  stats fetch failed: timed out
2026-09-23T18:23:45Z  WARNING  thresholds fetch failed: timed out
2026-09-23T18:23:45Z  WARNING  stats fetch failed: timed out
2026-09-23T18:23:50Z  WARNING  thresholds fetch failed: timed out
2026-09-23T18:23:50Z  WARNING  stats fetch failed: timed out
2026-09-23T18:23:57Z  SHUTDOWN  signal=15
2026-09-23T18:23:58Z  EXIT
