2026-09-09T19:25:27Z  WAITING  for metric_collector CSVs under /home/idozacharia/TopFull/TopFull_master/online_boutique_scripts/src/logs (timeout=60s)
2026-09-09T19:25:27Z  READY  found getproduct.csv
2026-09-09T19:25:27Z  START  threshold=0.20 window=30s disable_windows=2 re_enable_windows=3 services=['cartservice', 'checkoutservice', 'productcatalogservice']
2026-09-09T19:25:57Z  OBSERVE  cartservice  rejection=0.4607  low=0 high=1  state=ON
2026-09-09T19:25:57Z  OBSERVE  checkoutservice  rejection=0.4844  low=0 high=1  state=ON
2026-09-09T19:25:57Z  OBSERVE  productcatalogservice  rejection=0.3433  low=0 high=1  state=ON
2026-09-09T19:26:27Z  OBSERVE  cartservice  rejection=0.8195  low=0 high=2  state=ON
2026-09-09T19:26:27Z  cartservice  ON→OFF   rejection=0.82  consecutive_high=2  attempts=0
2026-09-09T19:26:27Z  OBSERVE  checkoutservice  rejection=0.8578  low=0 high=2  state=ON
2026-09-09T19:26:27Z  checkoutservice  ON→OFF   rejection=0.86  consecutive_high=2  attempts=0
2026-09-09T19:26:27Z  OBSERVE  productcatalogservice  rejection=0.7790  low=0 high=2  state=ON
2026-09-09T19:26:27Z  productcatalogservice  ON→OFF   rejection=0.78  consecutive_high=2  attempts=0
2026-09-09T19:26:57Z  OBSERVE  cartservice  rejection=0.9876  low=0 high=3  state=OFF
2026-09-09T19:26:57Z  OBSERVE  checkoutservice  rejection=1.0000  low=0 high=3  state=OFF
2026-09-09T19:26:57Z  OBSERVE  productcatalogservice  rejection=0.9890  low=0 high=3  state=OFF
2026-09-09T19:27:27Z  OBSERVE  cartservice  rejection=0.9952  low=0 high=4  state=OFF
2026-09-09T19:27:27Z  OBSERVE  checkoutservice  rejection=0.9316  low=0 high=4  state=OFF
2026-09-09T19:27:27Z  OBSERVE  productcatalogservice  rejection=0.9992  low=0 high=4  state=OFF
2026-09-09T19:27:57Z  OBSERVE  cartservice  rejection=0.9977  low=0 high=5  state=OFF
2026-09-09T19:27:57Z  OBSERVE  checkoutservice  rejection=1.0000  low=0 high=5  state=OFF
2026-09-09T19:27:57Z  OBSERVE  productcatalogservice  rejection=0.9996  low=0 high=5  state=OFF
2026-09-09T19:28:27Z  OBSERVE  cartservice  rejection=0.9997  low=0 high=6  state=OFF
2026-09-09T19:28:27Z  OBSERVE  checkoutservice  rejection=1.0000  low=0 high=6  state=OFF
2026-09-09T19:28:27Z  OBSERVE  productcatalogservice  rejection=1.0000  low=0 high=6  state=OFF
2026-09-09T19:28:57Z  OBSERVE  cartservice  rejection=0.9998  low=0 high=7  state=OFF
2026-09-09T19:28:57Z  OBSERVE  checkoutservice  rejection=0.9651  low=0 high=7  state=OFF
2026-09-09T19:28:57Z  OBSERVE  productcatalogservice  rejection=1.0000  low=0 high=7  state=OFF
2026-09-09T19:29:27Z  OBSERVE  cartservice  rejection=1.0000  low=0 high=8  state=OFF
2026-09-09T19:29:27Z  OBSERVE  checkoutservice  rejection=1.0000  low=0 high=8  state=OFF
2026-09-09T19:29:27Z  OBSERVE  productcatalogservice  rejection=1.0000  low=0 high=8  state=OFF
2026-09-09T19:29:57Z  OBSERVE  cartservice  rejection=1.0000  low=0 high=9  state=OFF
2026-09-09T19:29:57Z  OBSERVE  checkoutservice  rejection=1.0000  low=0 high=9  state=OFF
2026-09-09T19:29:57Z  OBSERVE  productcatalogservice  rejection=1.0000  low=0 high=9  state=OFF
2026-09-09T19:30:27Z  OBSERVE  cartservice  rejection=1.0000  low=0 high=10  state=OFF
2026-09-09T19:30:27Z  OBSERVE  checkoutservice  rejection=1.0000  low=0 high=10  state=OFF
2026-09-09T19:30:27Z  OBSERVE  productcatalogservice  rejection=1.0000  low=0 high=10  state=OFF
2026-09-09T19:30:57Z  OBSERVE  cartservice  rejection=1.0000  low=0 high=11  state=OFF
2026-09-09T19:30:57Z  OBSERVE  checkoutservice  rejection=1.0000  low=0 high=11  state=OFF
2026-09-09T19:30:57Z  OBSERVE  productcatalogservice  rejection=1.0000  low=0 high=11  state=OFF
2026-09-09T19:31:28Z  OBSERVE  cartservice  rejection=1.0000  low=0 high=12  state=OFF
2026-09-09T19:31:28Z  OBSERVE  checkoutservice  rejection=0.9667  low=0 high=12  state=OFF
2026-09-09T19:31:28Z  OBSERVE  productcatalogservice  rejection=1.0000  low=0 high=12  state=OFF
2026-09-09T19:31:58Z  OBSERVE  cartservice  rejection=1.0000  low=0 high=13  state=OFF
2026-09-09T19:31:58Z  OBSERVE  checkoutservice  rejection=1.0000  low=0 high=13  state=OFF
2026-09-09T19:31:58Z  OBSERVE  productcatalogservice  rejection=1.0000  low=0 high=13  state=OFF
2026-09-09T19:32:28Z  OBSERVE  cartservice  rejection=1.0000  low=0 high=14  state=OFF
2026-09-09T19:32:28Z  OBSERVE  checkoutservice  rejection=1.0000  low=0 high=14  state=OFF
2026-09-09T19:32:28Z  OBSERVE  productcatalogservice  rejection=1.0000  low=0 high=14  state=OFF
2026-09-09T19:32:58Z  OBSERVE  cartservice  rejection=0.9999  low=0 high=15  state=OFF
2026-09-09T19:32:58Z  OBSERVE  checkoutservice  rejection=1.0000  low=0 high=15  state=OFF
2026-09-09T19:32:58Z  OBSERVE  productcatalogservice  rejection=1.0000  low=0 high=15  state=OFF
2026-09-09T19:33:28Z  OBSERVE  cartservice  rejection=0.9998  low=0 high=16  state=OFF
2026-09-09T19:33:28Z  OBSERVE  checkoutservice  rejection=1.0000  low=0 high=16  state=OFF
2026-09-09T19:33:28Z  OBSERVE  productcatalogservice  rejection=1.0000  low=0 high=16  state=OFF
2026-09-09T19:33:58Z  OBSERVE  cartservice  rejection=1.0000  low=0 high=17  state=OFF
2026-09-09T19:33:58Z  OBSERVE  checkoutservice  rejection=1.0000  low=0 high=17  state=OFF
2026-09-09T19:33:58Z  OBSERVE  productcatalogservice  rejection=1.0000  low=0 high=17  state=OFF
2026-09-09T19:34:28Z  OBSERVE  cartservice  rejection=0.9998  low=0 high=18  state=OFF
2026-09-09T19:34:28Z  OBSERVE  checkoutservice  rejection=0.9667  low=0 high=18  state=OFF
2026-09-09T19:34:28Z  OBSERVE  productcatalogservice  rejection=1.0000  low=0 high=18  state=OFF
2026-09-09T19:34:58Z  OBSERVE  cartservice  rejection=1.0000  low=0 high=19  state=OFF
2026-09-09T19:34:58Z  OBSERVE  checkoutservice  rejection=1.0000  low=0 high=19  state=OFF
2026-09-09T19:34:58Z  OBSERVE  productcatalogservice  rejection=1.0000  low=0 high=19  state=OFF
2026-09-09T19:35:28Z  OBSERVE  cartservice  rejection=1.0000  low=0 high=20  state=OFF
2026-09-09T19:35:28Z  OBSERVE  checkoutservice  rejection=1.0000  low=0 high=20  state=OFF
2026-09-09T19:35:28Z  OBSERVE  productcatalogservice  rejection=1.0000  low=0 high=20  state=OFF
2026-09-09T19:35:58Z  OBSERVE  cartservice  rejection=1.0000  low=0 high=21  state=OFF
2026-09-09T19:35:58Z  OBSERVE  checkoutservice  rejection=1.0000  low=0 high=21  state=OFF
2026-09-09T19:35:58Z  OBSERVE  productcatalogservice  rejection=1.0000  low=0 high=21  state=OFF
2026-09-09T19:35:58Z  SHUTDOWN  signal=15
