2026-09-09T19:24:58Z  START  poll_interval=1s
2026-09-09T19:24:59Z  WARNING  stats fetch failed: HTTP Error 500: Internal Server Error
2026-09-09T19:25:00Z  WARNING  stats fetch failed: HTTP Error 500: Internal Server Error
2026-09-09T19:25:01Z  WARNING  stats fetch failed: HTTP Error 500: Internal Server Error
2026-09-09T19:25:02Z  WARNING  stats fetch failed: HTTP Error 500: Internal Server Error
2026-09-09T19:25:03Z  WARNING  stats fetch failed: HTTP Error 500: Internal Server Error
2026-09-09T19:25:04Z  WARNING  stats fetch failed: HTTP Error 500: Internal Server Error
2026-09-09T19:25:05Z  WARNING  stats fetch failed: HTTP Error 500: Internal Server Error
2026-09-09T19:25:06Z  WARNING  stats fetch failed: HTTP Error 500: Internal Server Error
2026-09-09T19:25:07Z  WARNING  stats fetch failed: HTTP Error 500: Internal Server Error
2026-09-09T19:25:08Z  WARNING  stats fetch failed: HTTP Error 500: Internal Server Error
2026-09-09T19:25:09Z  WARNING  stats fetch failed: HTTP Error 500: Internal Server Error
2026-09-09T19:25:10Z  WARNING  stats fetch failed: HTTP Error 500: Internal Server Error
2026-09-09T19:25:11Z  WARNING  stats fetch failed: HTTP Error 500: Internal Server Error
2026-09-09T19:25:12Z  WARNING  stats fetch failed: HTTP Error 500: Internal Server Error
2026-09-09T19:25:13Z  WARNING  stats fetch failed: HTTP Error 500: Internal Server Error
2026-09-09T19:25:14Z  WARNING  stats fetch failed: HTTP Error 500: Internal Server Error
2026-09-09T19:25:15Z  WARNING  stats fetch failed: HTTP Error 500: Internal Server Error
2026-09-09T19:25:16Z  WARNING  stats fetch failed: HTTP Error 500: Internal Server Error
2026-09-09T19:25:17Z  WARNING  stats fetch failed: HTTP Error 500: Internal Server Error
2026-09-09T19:25:18Z  WARNING  stats fetch failed: HTTP Error 500: Internal Server Error
2026-09-09T19:25:19Z  WARNING  stats fetch failed: HTTP Error 500: Internal Server Error
2026-09-09T19:25:20Z  WARNING  stats fetch failed: HTTP Error 500: Internal Server Error
2026-09-09T19:25:21Z  WARNING  stats fetch failed: HTTP Error 500: Internal Server Error
2026-09-09T19:25:22Z  WARNING  stats fetch failed: HTTP Error 500: Internal Server Error
2026-09-09T19:25:23Z  WARNING  stats fetch failed: HTTP Error 500: Internal Server Error
2026-09-09T19:25:24Z  WARNING  stats fetch failed: HTTP Error 500: Internal Server Error
2026-09-09T19:25:25Z  WARNING  stats fetch failed: HTTP Error 500: Internal Server Error
2026-09-09T19:25:26Z  WARNING  stats fetch failed: HTTP Error 500: Internal Server Error
2026-09-09T19:25:27Z  WARNING  stats fetch failed: HTTP Error 500: Internal Server Error
2026-09-09T19:25:28Z  WARNING  stats fetch failed: HTTP Error 500: Internal Server Error
2026-09-09T19:25:29Z  WARNING  stats fetch failed: HTTP Error 500: Internal Server Error
2026-09-09T19:25:30Z  WARNING  stats fetch failed: HTTP Error 500: Internal Server Error
2026-09-09T19:25:31Z  WARNING  stats fetch failed: HTTP Error 500: Internal Server Error
2026-09-09T19:25:32Z  WARNING  stats fetch failed: HTTP Error 500: Internal Server Error
2026-09-09T19:25:33Z  WARNING  stats fetch failed: HTTP Error 500: Internal Server Error
2026-09-09T19:25:34Z  WARNING  stats fetch failed: HTTP Error 500: Internal Server Error
2026-09-09T19:25:35Z  WARNING  stats fetch failed: HTTP Error 500: Internal Server Error
2026-09-09T19:25:36Z  WARNING  stats fetch failed: HTTP Error 500: Internal Server Error
2026-09-09T19:25:37Z  WARNING  stats fetch failed: HTTP Error 500: Internal Server Error
2026-09-09T19:25:38Z  WARNING  stats fetch failed: HTTP Error 500: Internal Server Error
2026-09-09T19:25:39Z  WARNING  stats fetch failed: HTTP Error 500: Internal Server Error
2026-09-09T19:25:40Z  WARNING  stats fetch failed: HTTP Error 500: Internal Server Error
2026-09-09T19:25:41Z  WARNING  stats fetch failed: HTTP Error 500: Internal Server Error
2026-09-09T19:25:42Z  WARNING  stats fetch failed: HTTP Error 500: Internal Server Error
2026-09-09T19:25:43Z  WARNING  stats fetch failed: HTTP Error 500: Internal Server Error
2026-09-09T19:25:44Z  WARNING  stats fetch failed: HTTP Error 500: Internal Server Error
2026-09-09T19:25:45Z  WARNING  stats fetch failed: HTTP Error 500: Internal Server Error
2026-09-09T19:25:46Z  WARNING  stats fetch failed: HTTP Error 500: Internal Server Error
2026-09-09T19:25:47Z  WARNING  stats fetch failed: HTTP Error 500: Internal Server Error
2026-09-09T19:25:48Z  WARNING  stats fetch failed: HTTP Error 500: Internal Server Error
2026-09-09T19:25:49Z  WARNING  stats fetch failed: HTTP Error 500: Internal Server Error
2026-09-09T19:25:50Z  WARNING  stats fetch failed: HTTP Error 500: Internal Server Error
2026-09-09T19:25:51Z  WARNING  stats fetch failed: HTTP Error 500: Internal Server Error
2026-09-09T19:25:52Z  WARNING  stats fetch failed: HTTP Error 500: Internal Server Error
2026-09-09T19:25:53Z  WARNING  stats fetch failed: HTTP Error 500: Internal Server Error
2026-09-09T19:25:54Z  WARNING  stats fetch failed: HTTP Error 500: Internal Server Error
2026-09-09T19:25:55Z  WARNING  stats fetch failed: HTTP Error 500: Internal Server Error
2026-09-09T19:25:56Z  WARNING  stats fetch failed: HTTP Error 500: Internal Server Error
2026-09-09T19:25:57Z  WARNING  stats fetch failed: HTTP Error 500: Internal Server Error
2026-09-09T19:25:58Z  WARNING  stats fetch failed: HTTP Error 500: Internal Server Error
2026-09-09T19:25:59Z  WARNING  stats fetch failed: HTTP Error 500: Internal Server Error
2026-09-09T19:26:00Z  WARNING  stats fetch failed: HTTP Error 500: Internal Server Error
2026-09-09T19:26:01Z  WARNING  stats fetch failed: HTTP Error 500: Internal Server Error
2026-09-09T19:26:02Z  WARNING  stats fetch failed: HTTP Error 500: Internal Server Error
2026-09-09T19:26:03Z  WARNING  stats fetch failed: HTTP Error 500: Internal Server Error
2026-09-09T19:26:04Z  WARNING  stats fetch failed: HTTP Error 500: Internal Server Error
2026-09-09T19:26:05Z  WARNING  stats fetch failed: HTTP Error 500: Internal Server Error
2026-09-09T19:26:06Z  WARNING  stats fetch failed: HTTP Error 500: Internal Server Error
2026-09-09T19:26:07Z  WARNING  stats fetch failed: HTTP Error 500: Internal Server Error
2026-09-09T19:26:08Z  WARNING  stats fetch failed: HTTP Error 500: Internal Server Error
2026-09-09T19:26:09Z  WARNING  stats fetch failed: HTTP Error 500: Internal Server Error
2026-09-09T19:26:10Z  WARNING  stats fetch failed: HTTP Error 500: Internal Server Error
2026-09-09T19:26:11Z  WARNING  stats fetch failed: HTTP Error 500: Internal Server Error
2026-09-09T19:26:12Z  WARNING  stats fetch failed: HTTP Error 500: Internal Server Error
2026-09-09T19:26:13Z  WARNING  stats fetch failed: HTTP Error 500: Internal Server Error
2026-09-09T19:26:14Z  WARNING  stats fetch failed: HTTP Error 500: Internal Server Error
2026-09-09T19:26:15Z  WARNING  stats fetch failed: HTTP Error 500: Internal Server Error
2026-09-09T19:26:16Z  WARNING  stats fetch failed: HTTP Error 500: Internal Server Error
2026-09-09T19:26:17Z  WARNING  stats fetch failed: timed out
2026-09-09T19:26:23Z  WARNING  stats fetch failed: timed out
2026-09-09T19:26:29Z  WARNING  stats fetch failed: timed out
2026-09-09T19:26:35Z  WARNING  stats fetch failed: timed out
2026-09-09T19:26:41Z  WARNING  stats fetch failed: timed out
2026-09-09T19:26:47Z  WARNING  stats fetch failed: timed out
2026-09-09T19:26:53Z  WARNING  stats fetch failed: timed out
2026-09-09T19:26:59Z  WARNING  stats fetch failed: timed out
2026-09-09T19:27:05Z  WARNING  stats fetch failed: timed out
2026-09-09T19:27:11Z  WARNING  stats fetch failed: timed out
2026-09-09T19:27:17Z  WARNING  stats fetch failed: timed out
2026-09-09T19:27:23Z  WARNING  stats fetch failed: timed out
2026-09-09T19:27:29Z  WARNING  stats fetch failed: timed out
2026-09-09T19:27:35Z  WARNING  stats fetch failed: timed out
2026-09-09T19:27:41Z  WARNING  stats fetch failed: timed out
2026-09-09T19:27:47Z  WARNING  stats fetch failed: timed out
2026-09-09T19:27:53Z  WARNING  stats fetch failed: timed out
2026-09-09T19:27:59Z  WARNING  stats fetch failed: timed out
2026-09-09T19:28:05Z  WARNING  stats fetch failed: timed out
2026-09-09T19:28:11Z  WARNING  stats fetch failed: timed out
2026-09-09T19:28:17Z  WARNING  stats fetch failed: timed out
2026-09-09T19:28:23Z  WARNING  stats fetch failed: timed out
2026-09-09T19:28:29Z  WARNING  stats fetch failed: timed out
2026-09-09T19:28:35Z  WARNING  stats fetch failed: timed out
2026-09-09T19:28:41Z  WARNING  stats fetch failed: timed out
2026-09-09T19:28:47Z  WARNING  stats fetch failed: timed out
2026-09-09T19:28:53Z  WARNING  stats fetch failed: timed out
2026-09-09T19:28:59Z  WARNING  stats fetch failed: timed out
2026-09-09T19:29:05Z  WARNING  stats fetch failed: timed out
2026-09-09T19:29:11Z  WARNING  stats fetch failed: timed out
2026-09-09T19:29:17Z  WARNING  stats fetch failed: timed out
2026-09-09T19:29:23Z  WARNING  stats fetch failed: timed out
2026-09-09T19:29:29Z  WARNING  stats fetch failed: timed out
2026-09-09T19:29:35Z  WARNING  stats fetch failed: timed out
2026-09-09T19:29:41Z  WARNING  stats fetch failed: timed out
2026-09-09T19:29:47Z  WARNING  stats fetch failed: timed out
2026-09-09T19:29:53Z  WARNING  stats fetch failed: timed out
2026-09-09T19:29:59Z  WARNING  stats fetch failed: timed out
2026-09-09T19:30:05Z  WARNING  stats fetch failed: timed out
2026-09-09T19:30:11Z  WARNING  stats fetch failed: timed out
2026-09-09T19:30:17Z  WARNING  stats fetch failed: timed out
2026-09-09T19:30:23Z  WARNING  stats fetch failed: timed out
2026-09-09T19:30:29Z  WARNING  stats fetch failed: timed out
2026-09-09T19:30:35Z  WARNING  stats fetch failed: timed out
2026-09-09T19:30:41Z  WARNING  stats fetch failed: timed out
2026-09-09T19:30:47Z  WARNING  stats fetch failed: timed out
2026-09-09T19:30:53Z  WARNING  stats fetch failed: timed out
2026-09-09T19:30:59Z  WARNING  stats fetch failed: timed out
2026-09-09T19:31:05Z  WARNING  stats fetch failed: timed out
2026-09-09T19:31:11Z  WARNING  stats fetch failed: timed out
2026-09-09T19:31:17Z  WARNING  stats fetch failed: timed out
2026-09-09T19:31:23Z  WARNING  stats fetch failed: timed out
2026-09-09T19:31:29Z  WARNING  stats fetch failed: timed out
2026-09-09T19:31:35Z  WARNING  stats fetch failed: timed out
2026-09-09T19:31:41Z  WARNING  stats fetch failed: timed out
2026-09-09T19:31:47Z  WARNING  stats fetch failed: timed out
2026-09-09T19:31:53Z  WARNING  stats fetch failed: timed out
2026-09-09T19:31:59Z  WARNING  stats fetch failed: timed out
2026-09-09T19:32:05Z  WARNING  stats fetch failed: timed out
2026-09-09T19:32:11Z  WARNING  stats fetch failed: timed out
2026-09-09T19:32:17Z  WARNING  stats fetch failed: timed out
2026-09-09T19:32:23Z  WARNING  stats fetch failed: timed out
2026-09-09T19:32:29Z  WARNING  stats fetch failed: timed out
2026-09-09T19:32:35Z  WARNING  stats fetch failed: timed out
2026-09-09T19:32:41Z  WARNING  stats fetch failed: timed out
2026-09-09T19:32:47Z  WARNING  stats fetch failed: timed out
2026-09-09T19:32:53Z  WARNING  stats fetch failed: timed out
2026-09-09T19:32:59Z  WARNING  stats fetch failed: timed out
2026-09-09T19:33:05Z  WARNING  stats fetch failed: timed out
2026-09-09T19:33:11Z  WARNING  stats fetch failed: timed out
2026-09-09T19:33:17Z  WARNING  stats fetch failed: timed out
2026-09-09T19:33:23Z  WARNING  stats fetch failed: timed out
2026-09-09T19:33:29Z  WARNING  stats fetch failed: timed out
2026-09-09T19:33:35Z  WARNING  stats fetch failed: timed out
2026-09-09T19:33:41Z  WARNING  stats fetch failed: timed out
2026-09-09T19:33:47Z  WARNING  stats fetch failed: timed out
2026-09-09T19:33:53Z  WARNING  stats fetch failed: timed out
2026-09-09T19:33:59Z  WARNING  stats fetch failed: timed out
2026-09-09T19:34:05Z  WARNING  stats fetch failed: timed out
2026-09-09T19:34:11Z  WARNING  stats fetch failed: timed out
2026-09-09T19:34:17Z  WARNING  stats fetch failed: timed out
2026-09-09T19:34:23Z  WARNING  stats fetch failed: timed out
2026-09-09T19:34:29Z  WARNING  stats fetch failed: timed out
2026-09-09T19:34:35Z  WARNING  stats fetch failed: timed out
2026-09-09T19:34:41Z  WARNING  stats fetch failed: timed out
2026-09-09T19:34:47Z  WARNING  stats fetch failed: timed out
2026-09-09T19:34:53Z  WARNING  stats fetch failed: timed out
2026-09-09T19:34:59Z  WARNING  stats fetch failed: timed out
2026-09-09T19:35:05Z  WARNING  stats fetch failed: timed out
2026-09-09T19:35:11Z  WARNING  stats fetch failed: timed out
2026-09-09T19:35:17Z  WARNING  stats fetch failed: timed out
2026-09-09T19:35:23Z  WARNING  stats fetch failed: timed out
2026-09-09T19:35:29Z  WARNING  stats fetch failed: timed out
2026-09-09T19:35:35Z  WARNING  stats fetch failed: timed out
2026-09-09T19:35:41Z  WARNING  stats fetch failed: timed out
2026-09-09T19:35:47Z  WARNING  stats fetch failed: timed out
2026-09-09T19:35:53Z  WARNING  stats fetch failed: HTTP Error 500: Internal Server Error
2026-09-09T19:35:57Z  WARNING  stats fetch failed: HTTP Error 500: Internal Server Error
2026-09-09T19:35:58Z  WARNING  stats fetch failed: HTTP Error 500: Internal Server Error
2026-09-09T19:35:58Z  SHUTDOWN  signal=15
2026-09-09T19:35:59Z  EXIT
