2026-10-04T00:01:55Z  START  poll_interval=1s layer_a_poll_interval=5s
2026-10-04T00:02:30Z  WARNING  thresholds fetch failed: timed out
2026-10-04T00:02:30Z  WARNING  stats fetch failed: timed out
2026-10-04T00:02:35Z  WARNING  thresholds fetch failed: timed out
2026-10-04T00:02:35Z  WARNING  stats fetch failed: timed out
2026-10-04T00:02:40Z  WARNING  thresholds fetch failed: timed out
2026-10-04T00:02:40Z  WARNING  stats fetch failed: timed out
2026-10-04T00:02:45Z  WARNING  thresholds fetch failed: timed out
2026-10-04T00:02:45Z  WARNING  stats fetch failed: timed out
2026-10-04T00:02:50Z  WARNING  thresholds fetch failed: timed out
2026-10-04T00:02:50Z  WARNING  stats fetch failed: timed out
2026-10-04T00:02:55Z  WARNING  thresholds fetch failed: timed out
2026-10-04T00:02:55Z  WARNING  stats fetch failed: timed out
2026-10-04T00:03:00Z  WARNING  thresholds fetch failed: timed out
2026-10-04T00:03:00Z  WARNING  stats fetch failed: timed out
2026-10-04T00:03:05Z  WARNING  thresholds fetch failed: timed out
2026-10-04T00:03:05Z  WARNING  stats fetch failed: timed out
2026-10-04T00:03:10Z  WARNING  thresholds fetch failed: timed out
2026-10-04T00:03:10Z  WARNING  stats fetch failed: timed out
2026-10-04T00:03:15Z  WARNING  thresholds fetch failed: timed out
2026-10-04T00:03:15Z  WARNING  stats fetch failed: timed out
2026-10-04T00:03:20Z  WARNING  thresholds fetch failed: timed out
2026-10-04T00:03:20Z  WARNING  stats fetch failed: timed out
2026-10-04T00:03:25Z  WARNING  thresholds fetch failed: timed out
2026-10-04T00:03:25Z  WARNING  stats fetch failed: timed out
2026-10-04T00:03:30Z  WARNING  thresholds fetch failed: timed out
2026-10-04T00:03:30Z  WARNING  stats fetch failed: timed out
2026-10-04T00:03:35Z  WARNING  thresholds fetch failed: timed out
2026-10-04T00:03:35Z  WARNING  stats fetch failed: timed out
2026-10-04T00:03:40Z  WARNING  thresholds fetch failed: timed out
2026-10-04T00:03:40Z  WARNING  stats fetch failed: timed out
2026-10-04T00:03:45Z  WARNING  thresholds fetch failed: timed out
2026-10-04T00:03:45Z  WARNING  stats fetch failed: timed out
2026-10-04T00:03:50Z  WARNING  thresholds fetch failed: timed out
2026-10-04T00:03:50Z  WARNING  stats fetch failed: timed out
2026-10-04T00:03:55Z  WARNING  thresholds fetch failed: timed out
2026-10-04T00:03:55Z  WARNING  stats fetch failed: timed out
2026-10-04T00:04:00Z  WARNING  thresholds fetch failed: timed out
2026-10-04T00:04:00Z  WARNING  stats fetch failed: timed out
2026-10-04T00:04:05Z  WARNING  thresholds fetch failed: timed out
2026-10-04T00:04:05Z  WARNING  stats fetch failed: timed out
2026-10-04T00:04:10Z  WARNING  thresholds fetch failed: timed out
2026-10-04T00:04:10Z  WARNING  stats fetch failed: timed out
2026-10-04T00:04:15Z  WARNING  thresholds fetch failed: timed out
2026-10-04T00:04:15Z  WARNING  stats fetch failed: timed out
2026-10-04T00:04:20Z  WARNING  thresholds fetch failed: timed out
2026-10-04T00:04:20Z  WARNING  stats fetch failed: timed out
2026-10-04T00:04:25Z  WARNING  thresholds fetch failed: timed out
2026-10-04T00:04:25Z  WARNING  stats fetch failed: timed out
2026-10-04T00:04:30Z  WARNING  thresholds fetch failed: timed out
2026-10-04T00:04:30Z  WARNING  stats fetch failed: timed out
2026-10-04T00:04:35Z  WARNING  thresholds fetch failed: timed out
2026-10-04T00:04:35Z  WARNING  stats fetch failed: timed out
2026-10-04T00:04:40Z  WARNING  thresholds fetch failed: timed out
2026-10-04T00:04:40Z  WARNING  stats fetch failed: timed out
2026-10-04T00:04:45Z  WARNING  thresholds fetch failed: timed out
2026-10-04T00:04:45Z  WARNING  stats fetch failed: timed out
2026-10-04T00:04:50Z  WARNING  thresholds fetch failed: timed out
2026-10-04T00:04:50Z  WARNING  stats fetch failed: timed out
2026-10-04T00:04:55Z  WARNING  thresholds fetch failed: timed out
2026-10-04T00:04:55Z  WARNING  stats fetch failed: timed out
2026-10-04T00:05:00Z  WARNING  thresholds fetch failed: timed out
2026-10-04T00:05:00Z  WARNING  stats fetch failed: timed out
2026-10-04T00:05:05Z  WARNING  thresholds fetch failed: timed out
2026-10-04T00:05:05Z  WARNING  stats fetch failed: timed out
2026-10-04T00:05:10Z  WARNING  thresholds fetch failed: timed out
2026-10-04T00:05:10Z  WARNING  stats fetch failed: timed out
2026-10-04T00:05:15Z  WARNING  thresholds fetch failed: timed out
2026-10-04T00:05:15Z  WARNING  stats fetch failed: timed out
2026-10-04T00:05:20Z  WARNING  thresholds fetch failed: timed out
2026-10-04T00:05:20Z  WARNING  stats fetch failed: timed out
2026-10-04T00:05:25Z  WARNING  thresholds fetch failed: timed out
2026-10-04T00:05:25Z  WARNING  stats fetch failed: timed out
2026-10-04T00:05:30Z  WARNING  thresholds fetch failed: timed out
2026-10-04T00:05:30Z  WARNING  stats fetch failed: timed out
2026-10-04T00:05:35Z  WARNING  thresholds fetch failed: timed out
2026-10-04T00:05:35Z  WARNING  stats fetch failed: timed out
2026-10-04T00:05:40Z  WARNING  thresholds fetch failed: timed out
2026-10-04T00:05:40Z  WARNING  stats fetch failed: timed out
2026-10-04T00:05:45Z  WARNING  thresholds fetch failed: timed out
2026-10-04T00:05:45Z  WARNING  stats fetch failed: timed out
2026-10-04T00:05:50Z  WARNING  thresholds fetch failed: timed out
2026-10-04T00:05:50Z  WARNING  stats fetch failed: timed out
2026-10-04T00:05:55Z  WARNING  thresholds fetch failed: timed out
2026-10-04T00:05:55Z  WARNING  stats fetch failed: timed out
2026-10-04T00:06:00Z  WARNING  thresholds fetch failed: timed out
2026-10-04T00:06:00Z  WARNING  stats fetch failed: timed out
2026-10-04T00:06:05Z  WARNING  thresholds fetch failed: timed out
2026-10-04T00:06:05Z  WARNING  stats fetch failed: timed out
2026-10-04T00:06:10Z  WARNING  thresholds fetch failed: timed out
2026-10-04T00:06:10Z  WARNING  stats fetch failed: timed out
2026-10-04T00:06:15Z  WARNING  thresholds fetch failed: timed out
2026-10-04T00:06:15Z  WARNING  stats fetch failed: timed out
2026-10-04T00:06:20Z  WARNING  thresholds fetch failed: timed out
2026-10-04T00:06:20Z  WARNING  stats fetch failed: timed out
2026-10-04T00:06:25Z  WARNING  thresholds fetch failed: timed out
2026-10-04T00:06:25Z  WARNING  stats fetch failed: timed out
2026-10-04T00:06:30Z  WARNING  thresholds fetch failed: timed out
2026-10-04T00:06:30Z  WARNING  stats fetch failed: timed out
2026-10-04T00:06:35Z  WARNING  thresholds fetch failed: timed out
2026-10-04T00:06:35Z  WARNING  stats fetch failed: timed out
2026-10-04T00:06:40Z  WARNING  thresholds fetch failed: timed out
2026-10-04T00:06:40Z  WARNING  stats fetch failed: timed out
2026-10-04T00:06:45Z  WARNING  thresholds fetch failed: timed out
2026-10-04T00:06:45Z  WARNING  stats fetch failed: timed out
2026-10-04T00:06:50Z  WARNING  thresholds fetch failed: timed out
2026-10-04T00:06:50Z  WARNING  stats fetch failed: timed out
2026-10-04T00:06:55Z  WARNING  thresholds fetch failed: timed out
2026-10-04T00:06:55Z  WARNING  stats fetch failed: timed out
2026-10-04T00:07:00Z  WARNING  thresholds fetch failed: timed out
2026-10-04T00:07:00Z  WARNING  stats fetch failed: timed out
2026-10-04T00:07:05Z  WARNING  thresholds fetch failed: timed out
2026-10-04T00:07:05Z  WARNING  stats fetch failed: timed out
2026-10-04T00:07:10Z  WARNING  thresholds fetch failed: timed out
2026-10-04T00:07:10Z  WARNING  stats fetch failed: timed out
2026-10-04T00:07:15Z  WARNING  thresholds fetch failed: timed out
2026-10-04T00:07:15Z  WARNING  stats fetch failed: timed out
2026-10-04T00:07:20Z  WARNING  thresholds fetch failed: timed out
2026-10-04T00:07:20Z  WARNING  stats fetch failed: timed out
2026-10-04T00:07:25Z  WARNING  thresholds fetch failed: timed out
2026-10-04T00:07:25Z  WARNING  stats fetch failed: timed out
2026-10-04T00:07:30Z  WARNING  thresholds fetch failed: timed out
2026-10-04T00:07:30Z  WARNING  stats fetch failed: timed out
2026-10-04T00:07:35Z  WARNING  thresholds fetch failed: timed out
2026-10-04T00:07:35Z  WARNING  stats fetch failed: timed out
2026-10-04T00:07:40Z  WARNING  thresholds fetch failed: timed out
2026-10-04T00:07:40Z  WARNING  stats fetch failed: timed out
2026-10-04T00:07:45Z  WARNING  thresholds fetch failed: timed out
2026-10-04T00:07:45Z  WARNING  stats fetch failed: timed out
2026-10-04T00:07:50Z  WARNING  thresholds fetch failed: timed out
2026-10-04T00:07:50Z  WARNING  stats fetch failed: timed out
2026-10-04T00:07:55Z  WARNING  thresholds fetch failed: timed out
2026-10-04T00:07:55Z  WARNING  stats fetch failed: timed out
2026-10-04T00:08:00Z  WARNING  thresholds fetch failed: timed out
2026-10-04T00:08:00Z  WARNING  stats fetch failed: timed out
2026-10-04T00:08:05Z  WARNING  thresholds fetch failed: timed out
2026-10-04T00:08:05Z  WARNING  stats fetch failed: timed out
2026-10-04T00:08:10Z  WARNING  thresholds fetch failed: timed out
2026-10-04T00:08:10Z  WARNING  stats fetch failed: timed out
2026-10-04T00:08:15Z  WARNING  thresholds fetch failed: timed out
2026-10-04T00:08:15Z  WARNING  stats fetch failed: timed out
2026-10-04T00:08:20Z  WARNING  thresholds fetch failed: timed out
2026-10-04T00:08:20Z  WARNING  stats fetch failed: timed out
2026-10-04T00:08:25Z  WARNING  thresholds fetch failed: timed out
2026-10-04T00:08:25Z  WARNING  stats fetch failed: timed out
2026-10-04T00:08:30Z  WARNING  thresholds fetch failed: timed out
2026-10-04T00:08:30Z  WARNING  stats fetch failed: timed out
2026-10-04T00:08:35Z  WARNING  thresholds fetch failed: timed out
2026-10-04T00:08:35Z  WARNING  stats fetch failed: timed out
2026-10-04T00:08:40Z  WARNING  thresholds fetch failed: timed out
2026-10-04T00:08:40Z  WARNING  stats fetch failed: timed out
2026-10-04T00:08:45Z  WARNING  thresholds fetch failed: timed out
2026-10-04T00:08:45Z  WARNING  stats fetch failed: timed out
2026-10-04T00:08:50Z  WARNING  thresholds fetch failed: timed out
2026-10-04T00:08:50Z  WARNING  stats fetch failed: timed out
2026-10-04T00:08:55Z  WARNING  thresholds fetch failed: timed out
2026-10-04T00:08:55Z  WARNING  stats fetch failed: timed out
2026-10-04T00:09:00Z  WARNING  thresholds fetch failed: timed out
2026-10-04T00:09:00Z  WARNING  stats fetch failed: timed out
2026-10-04T00:09:05Z  WARNING  thresholds fetch failed: timed out
2026-10-04T00:09:05Z  WARNING  stats fetch failed: timed out
2026-10-04T00:09:10Z  WARNING  thresholds fetch failed: timed out
2026-10-04T00:09:10Z  WARNING  stats fetch failed: timed out
2026-10-04T00:09:15Z  WARNING  thresholds fetch failed: timed out
2026-10-04T00:09:15Z  WARNING  stats fetch failed: timed out
2026-10-04T00:09:20Z  WARNING  thresholds fetch failed: timed out
2026-10-04T00:09:20Z  WARNING  stats fetch failed: timed out
2026-10-04T00:09:25Z  WARNING  thresholds fetch failed: timed out
2026-10-04T00:09:25Z  WARNING  stats fetch failed: timed out
2026-10-04T00:09:30Z  WARNING  thresholds fetch failed: timed out
2026-10-04T00:09:30Z  WARNING  stats fetch failed: timed out
2026-10-04T00:09:35Z  WARNING  thresholds fetch failed: timed out
2026-10-04T00:09:35Z  WARNING  stats fetch failed: timed out
2026-10-04T00:09:40Z  WARNING  thresholds fetch failed: timed out
2026-10-04T00:09:40Z  WARNING  stats fetch failed: timed out
2026-10-04T00:09:45Z  WARNING  thresholds fetch failed: timed out
2026-10-04T00:09:45Z  WARNING  stats fetch failed: timed out
2026-10-04T00:09:50Z  WARNING  thresholds fetch failed: timed out
2026-10-04T00:09:50Z  WARNING  stats fetch failed: timed out
2026-10-04T00:09:55Z  WARNING  thresholds fetch failed: timed out
2026-10-04T00:09:55Z  WARNING  stats fetch failed: timed out
2026-10-04T00:10:00Z  WARNING  thresholds fetch failed: timed out
2026-10-04T00:10:00Z  WARNING  stats fetch failed: timed out
2026-10-04T00:10:05Z  WARNING  thresholds fetch failed: timed out
2026-10-04T00:10:05Z  WARNING  stats fetch failed: timed out
2026-10-04T00:10:10Z  WARNING  thresholds fetch failed: timed out
2026-10-04T00:10:10Z  WARNING  stats fetch failed: timed out
2026-10-04T00:10:15Z  WARNING  thresholds fetch failed: timed out
2026-10-04T00:10:15Z  WARNING  stats fetch failed: timed out
2026-10-04T00:10:20Z  WARNING  thresholds fetch failed: timed out
2026-10-04T00:10:20Z  WARNING  stats fetch failed: timed out
2026-10-04T00:10:25Z  WARNING  thresholds fetch failed: timed out
2026-10-04T00:10:25Z  WARNING  stats fetch failed: timed out
2026-10-04T00:10:30Z  WARNING  thresholds fetch failed: timed out
2026-10-04T00:10:30Z  WARNING  stats fetch failed: timed out
2026-10-04T00:10:35Z  WARNING  thresholds fetch failed: timed out
2026-10-04T00:10:35Z  WARNING  stats fetch failed: timed out
2026-10-04T00:10:40Z  WARNING  thresholds fetch failed: timed out
2026-10-04T00:10:40Z  WARNING  stats fetch failed: timed out
2026-10-04T00:10:45Z  WARNING  thresholds fetch failed: timed out
2026-10-04T00:10:45Z  WARNING  stats fetch failed: timed out
2026-10-04T00:10:50Z  WARNING  thresholds fetch failed: timed out
2026-10-04T00:10:50Z  WARNING  stats fetch failed: timed out
2026-10-04T00:10:55Z  WARNING  thresholds fetch failed: timed out
2026-10-04T00:10:55Z  WARNING  stats fetch failed: timed out
2026-10-04T00:11:00Z  WARNING  thresholds fetch failed: timed out
2026-10-04T00:11:00Z  WARNING  stats fetch failed: timed out
2026-10-04T00:11:05Z  WARNING  thresholds fetch failed: timed out
2026-10-04T00:11:05Z  WARNING  stats fetch failed: timed out
2026-10-04T00:11:10Z  WARNING  thresholds fetch failed: timed out
2026-10-04T00:11:10Z  WARNING  stats fetch failed: timed out
2026-10-04T00:11:15Z  WARNING  thresholds fetch failed: timed out
2026-10-04T00:11:15Z  WARNING  stats fetch failed: timed out
2026-10-04T00:11:20Z  WARNING  thresholds fetch failed: timed out
2026-10-04T00:11:20Z  WARNING  stats fetch failed: timed out
2026-10-04T00:11:25Z  WARNING  thresholds fetch failed: timed out
2026-10-04T00:11:25Z  WARNING  stats fetch failed: timed out
2026-10-04T00:11:30Z  WARNING  thresholds fetch failed: timed out
2026-10-04T00:11:30Z  WARNING  stats fetch failed: timed out
2026-10-04T00:11:35Z  WARNING  thresholds fetch failed: timed out
2026-10-04T00:11:35Z  WARNING  stats fetch failed: timed out
2026-10-04T00:11:40Z  WARNING  thresholds fetch failed: timed out
2026-10-04T00:11:40Z  WARNING  stats fetch failed: timed out
2026-10-04T00:11:45Z  WARNING  thresholds fetch failed: timed out
2026-10-04T00:11:45Z  WARNING  stats fetch failed: timed out
2026-10-04T00:11:50Z  WARNING  thresholds fetch failed: timed out
2026-10-04T00:11:50Z  WARNING  stats fetch failed: timed out
2026-10-04T00:11:55Z  WARNING  thresholds fetch failed: timed out
2026-10-04T00:11:55Z  WARNING  stats fetch failed: timed out
2026-10-04T00:12:00Z  WARNING  thresholds fetch failed: timed out
2026-10-04T00:12:00Z  WARNING  stats fetch failed: timed out
2026-10-04T00:12:05Z  WARNING  thresholds fetch failed: timed out
2026-10-04T00:12:05Z  WARNING  stats fetch failed: timed out
2026-10-04T00:12:10Z  WARNING  thresholds fetch failed: timed out
2026-10-04T00:12:10Z  WARNING  stats fetch failed: timed out
2026-10-04T00:12:15Z  WARNING  thresholds fetch failed: timed out
2026-10-04T00:12:15Z  WARNING  stats fetch failed: timed out
2026-10-04T00:12:20Z  WARNING  thresholds fetch failed: timed out
2026-10-04T00:12:20Z  WARNING  stats fetch failed: timed out
2026-10-04T00:12:25Z  WARNING  thresholds fetch failed: timed out
2026-10-04T00:12:25Z  WARNING  stats fetch failed: timed out
2026-10-04T00:12:32Z  SHUTDOWN  signal=15
2026-10-04T00:12:33Z  EXIT
