2026-09-28T16:30:46Z  START  poll_interval=1s layer_a_poll_interval=5s
2026-09-28T16:31:40Z  WARNING  thresholds fetch failed: timed out
2026-09-28T16:31:40Z  WARNING  stats fetch failed: timed out
2026-09-28T16:31:45Z  WARNING  thresholds fetch failed: timed out
2026-09-28T16:31:45Z  WARNING  stats fetch failed: timed out
2026-09-28T16:31:50Z  WARNING  thresholds fetch failed: timed out
2026-09-28T16:31:50Z  WARNING  stats fetch failed: timed out
2026-09-28T16:31:55Z  WARNING  thresholds fetch failed: timed out
2026-09-28T16:31:55Z  WARNING  stats fetch failed: timed out
2026-09-28T16:32:00Z  WARNING  thresholds fetch failed: timed out
2026-09-28T16:32:00Z  WARNING  stats fetch failed: timed out
2026-09-28T16:32:05Z  WARNING  thresholds fetch failed: timed out
2026-09-28T16:32:05Z  WARNING  stats fetch failed: timed out
2026-09-28T16:32:10Z  WARNING  thresholds fetch failed: timed out
2026-09-28T16:32:10Z  WARNING  stats fetch failed: timed out
2026-09-28T16:32:15Z  WARNING  thresholds fetch failed: timed out
2026-09-28T16:32:15Z  WARNING  stats fetch failed: timed out
2026-09-28T16:32:20Z  WARNING  thresholds fetch failed: timed out
2026-09-28T16:32:20Z  WARNING  stats fetch failed: timed out
2026-09-28T16:32:25Z  WARNING  thresholds fetch failed: timed out
2026-09-28T16:32:25Z  WARNING  stats fetch failed: timed out
2026-09-28T16:32:30Z  WARNING  thresholds fetch failed: timed out
2026-09-28T16:32:30Z  WARNING  stats fetch failed: timed out
2026-09-28T16:32:35Z  WARNING  thresholds fetch failed: timed out
2026-09-28T16:32:35Z  WARNING  stats fetch failed: timed out
2026-09-28T16:32:40Z  WARNING  thresholds fetch failed: timed out
2026-09-28T16:32:40Z  WARNING  stats fetch failed: timed out
2026-09-28T16:32:45Z  WARNING  thresholds fetch failed: timed out
2026-09-28T16:32:45Z  WARNING  stats fetch failed: timed out
2026-09-28T16:32:50Z  WARNING  thresholds fetch failed: timed out
2026-09-28T16:32:50Z  WARNING  stats fetch failed: timed out
2026-09-28T16:32:55Z  WARNING  thresholds fetch failed: timed out
2026-09-28T16:32:55Z  WARNING  stats fetch failed: timed out
2026-09-28T16:33:00Z  WARNING  thresholds fetch failed: timed out
2026-09-28T16:33:00Z  WARNING  stats fetch failed: timed out
2026-09-28T16:33:05Z  WARNING  thresholds fetch failed: timed out
2026-09-28T16:33:05Z  WARNING  stats fetch failed: timed out
2026-09-28T16:33:10Z  WARNING  thresholds fetch failed: timed out
2026-09-28T16:33:10Z  WARNING  stats fetch failed: timed out
2026-09-28T16:33:15Z  WARNING  thresholds fetch failed: timed out
2026-09-28T16:33:15Z  WARNING  stats fetch failed: timed out
2026-09-28T16:33:20Z  WARNING  thresholds fetch failed: timed out
2026-09-28T16:33:20Z  WARNING  stats fetch failed: timed out
2026-09-28T16:33:25Z  WARNING  thresholds fetch failed: timed out
2026-09-28T16:33:25Z  WARNING  stats fetch failed: timed out
2026-09-28T16:33:30Z  WARNING  thresholds fetch failed: timed out
2026-09-28T16:33:30Z  WARNING  stats fetch failed: timed out
2026-09-28T16:33:35Z  WARNING  thresholds fetch failed: timed out
2026-09-28T16:33:35Z  WARNING  stats fetch failed: timed out
2026-09-28T16:33:40Z  WARNING  thresholds fetch failed: timed out
2026-09-28T16:33:40Z  WARNING  stats fetch failed: timed out
2026-09-28T16:33:45Z  WARNING  thresholds fetch failed: timed out
2026-09-28T16:33:45Z  WARNING  stats fetch failed: timed out
2026-09-28T16:33:50Z  WARNING  thresholds fetch failed: timed out
2026-09-28T16:33:50Z  WARNING  stats fetch failed: timed out
2026-09-28T16:33:55Z  WARNING  thresholds fetch failed: timed out
2026-09-28T16:33:55Z  WARNING  stats fetch failed: timed out
2026-09-28T16:34:00Z  WARNING  thresholds fetch failed: timed out
2026-09-28T16:34:00Z  WARNING  stats fetch failed: timed out
2026-09-28T16:34:05Z  WARNING  thresholds fetch failed: timed out
2026-09-28T16:34:05Z  WARNING  stats fetch failed: timed out
2026-09-28T16:34:10Z  WARNING  thresholds fetch failed: timed out
2026-09-28T16:34:10Z  WARNING  stats fetch failed: timed out
2026-09-28T16:34:15Z  WARNING  thresholds fetch failed: timed out
2026-09-28T16:34:15Z  WARNING  stats fetch failed: timed out
2026-09-28T16:34:20Z  WARNING  thresholds fetch failed: timed out
2026-09-28T16:34:20Z  WARNING  stats fetch failed: timed out
2026-09-28T16:34:25Z  WARNING  thresholds fetch failed: timed out
2026-09-28T16:34:25Z  WARNING  stats fetch failed: timed out
2026-09-28T16:34:30Z  WARNING  thresholds fetch failed: timed out
2026-09-28T16:34:30Z  WARNING  stats fetch failed: timed out
2026-09-28T16:34:35Z  WARNING  thresholds fetch failed: timed out
2026-09-28T16:34:35Z  WARNING  stats fetch failed: timed out
2026-09-28T16:34:40Z  WARNING  thresholds fetch failed: timed out
2026-09-28T16:34:40Z  WARNING  stats fetch failed: timed out
2026-09-28T16:34:45Z  WARNING  thresholds fetch failed: timed out
2026-09-28T16:34:45Z  WARNING  stats fetch failed: timed out
2026-09-28T16:34:50Z  WARNING  thresholds fetch failed: timed out
2026-09-28T16:34:50Z  WARNING  stats fetch failed: timed out
2026-09-28T16:34:55Z  WARNING  thresholds fetch failed: timed out
2026-09-28T16:34:55Z  WARNING  stats fetch failed: timed out
2026-09-28T16:35:00Z  WARNING  thresholds fetch failed: timed out
2026-09-28T16:35:00Z  WARNING  stats fetch failed: timed out
2026-09-28T16:35:05Z  WARNING  thresholds fetch failed: timed out
2026-09-28T16:35:05Z  WARNING  stats fetch failed: timed out
2026-09-28T16:35:10Z  WARNING  thresholds fetch failed: timed out
2026-09-28T16:35:10Z  WARNING  stats fetch failed: timed out
2026-09-28T16:35:15Z  WARNING  thresholds fetch failed: timed out
2026-09-28T16:35:15Z  WARNING  stats fetch failed: timed out
2026-09-28T16:35:20Z  WARNING  thresholds fetch failed: timed out
2026-09-28T16:35:20Z  WARNING  stats fetch failed: timed out
2026-09-28T16:35:25Z  WARNING  thresholds fetch failed: timed out
2026-09-28T16:35:25Z  WARNING  stats fetch failed: timed out
2026-09-28T16:35:30Z  WARNING  thresholds fetch failed: timed out
2026-09-28T16:35:30Z  WARNING  stats fetch failed: timed out
2026-09-28T16:35:35Z  WARNING  thresholds fetch failed: timed out
2026-09-28T16:35:35Z  WARNING  stats fetch failed: timed out
2026-09-28T16:35:40Z  WARNING  thresholds fetch failed: timed out
2026-09-28T16:35:40Z  WARNING  stats fetch failed: timed out
2026-09-28T16:35:45Z  WARNING  thresholds fetch failed: timed out
2026-09-28T16:35:45Z  WARNING  stats fetch failed: timed out
2026-09-28T16:35:50Z  WARNING  thresholds fetch failed: timed out
2026-09-28T16:35:50Z  WARNING  stats fetch failed: timed out
2026-09-28T16:35:55Z  WARNING  thresholds fetch failed: timed out
2026-09-28T16:35:55Z  WARNING  stats fetch failed: timed out
2026-09-28T16:36:00Z  WARNING  thresholds fetch failed: timed out
2026-09-28T16:36:00Z  WARNING  stats fetch failed: timed out
2026-09-28T16:36:05Z  WARNING  thresholds fetch failed: timed out
2026-09-28T16:36:05Z  WARNING  stats fetch failed: timed out
2026-09-28T16:36:10Z  WARNING  thresholds fetch failed: timed out
2026-09-28T16:36:10Z  WARNING  stats fetch failed: timed out
2026-09-28T16:36:15Z  WARNING  thresholds fetch failed: timed out
2026-09-28T16:36:15Z  WARNING  stats fetch failed: timed out
2026-09-28T16:36:20Z  WARNING  thresholds fetch failed: timed out
2026-09-28T16:36:20Z  WARNING  stats fetch failed: timed out
2026-09-28T16:36:25Z  WARNING  thresholds fetch failed: timed out
2026-09-28T16:36:25Z  WARNING  stats fetch failed: timed out
2026-09-28T16:36:30Z  WARNING  thresholds fetch failed: timed out
2026-09-28T16:36:30Z  WARNING  stats fetch failed: timed out
2026-09-28T16:36:35Z  WARNING  thresholds fetch failed: timed out
2026-09-28T16:36:35Z  WARNING  stats fetch failed: timed out
2026-09-28T16:36:40Z  WARNING  thresholds fetch failed: timed out
2026-09-28T16:36:40Z  WARNING  stats fetch failed: timed out
2026-09-28T16:36:45Z  WARNING  thresholds fetch failed: timed out
2026-09-28T16:36:45Z  WARNING  stats fetch failed: timed out
2026-09-28T16:36:50Z  WARNING  thresholds fetch failed: timed out
2026-09-28T16:36:50Z  WARNING  stats fetch failed: timed out
2026-09-28T16:36:55Z  WARNING  thresholds fetch failed: timed out
2026-09-28T16:36:55Z  WARNING  stats fetch failed: timed out
2026-09-28T16:37:00Z  WARNING  thresholds fetch failed: timed out
2026-09-28T16:37:00Z  WARNING  stats fetch failed: timed out
2026-09-28T16:37:05Z  WARNING  thresholds fetch failed: timed out
2026-09-28T16:37:05Z  WARNING  stats fetch failed: timed out
2026-09-28T16:37:10Z  WARNING  thresholds fetch failed: timed out
2026-09-28T16:37:10Z  WARNING  stats fetch failed: timed out
2026-09-28T16:37:15Z  WARNING  thresholds fetch failed: timed out
2026-09-28T16:37:15Z  WARNING  stats fetch failed: timed out
2026-09-28T16:37:20Z  WARNING  thresholds fetch failed: timed out
2026-09-28T16:37:20Z  WARNING  stats fetch failed: timed out
2026-09-28T16:37:25Z  WARNING  thresholds fetch failed: timed out
2026-09-28T16:37:25Z  WARNING  stats fetch failed: timed out
2026-09-28T16:37:30Z  WARNING  thresholds fetch failed: timed out
2026-09-28T16:37:30Z  WARNING  stats fetch failed: timed out
2026-09-28T16:37:35Z  WARNING  thresholds fetch failed: timed out
2026-09-28T16:37:35Z  WARNING  stats fetch failed: timed out
2026-09-28T16:37:40Z  WARNING  thresholds fetch failed: timed out
2026-09-28T16:37:40Z  WARNING  stats fetch failed: timed out
2026-09-28T16:37:45Z  WARNING  thresholds fetch failed: timed out
2026-09-28T16:37:45Z  WARNING  stats fetch failed: timed out
2026-09-28T16:37:50Z  WARNING  thresholds fetch failed: timed out
2026-09-28T16:37:50Z  WARNING  stats fetch failed: timed out
2026-09-28T16:37:55Z  WARNING  thresholds fetch failed: timed out
2026-09-28T16:37:55Z  WARNING  stats fetch failed: timed out
2026-09-28T16:38:00Z  WARNING  thresholds fetch failed: timed out
2026-09-28T16:38:00Z  WARNING  stats fetch failed: timed out
2026-09-28T16:38:05Z  WARNING  thresholds fetch failed: timed out
2026-09-28T16:38:05Z  WARNING  stats fetch failed: timed out
2026-09-28T16:38:10Z  WARNING  thresholds fetch failed: timed out
2026-09-28T16:38:10Z  WARNING  stats fetch failed: timed out
2026-09-28T16:38:15Z  WARNING  thresholds fetch failed: timed out
2026-09-28T16:38:15Z  WARNING  stats fetch failed: timed out
2026-09-28T16:38:20Z  WARNING  thresholds fetch failed: timed out
2026-09-28T16:38:20Z  WARNING  stats fetch failed: timed out
2026-09-28T16:38:25Z  WARNING  thresholds fetch failed: timed out
2026-09-28T16:38:25Z  WARNING  stats fetch failed: timed out
2026-09-28T16:38:30Z  WARNING  thresholds fetch failed: timed out
2026-09-28T16:38:30Z  WARNING  stats fetch failed: timed out
2026-09-28T16:38:35Z  WARNING  thresholds fetch failed: timed out
2026-09-28T16:38:35Z  WARNING  stats fetch failed: timed out
2026-09-28T16:38:40Z  WARNING  thresholds fetch failed: timed out
2026-09-28T16:38:40Z  WARNING  stats fetch failed: timed out
2026-09-28T16:38:45Z  WARNING  thresholds fetch failed: timed out
2026-09-28T16:38:45Z  WARNING  stats fetch failed: timed out
2026-09-28T16:38:50Z  WARNING  thresholds fetch failed: timed out
2026-09-28T16:38:50Z  WARNING  stats fetch failed: timed out
2026-09-28T16:38:55Z  WARNING  thresholds fetch failed: timed out
2026-09-28T16:38:55Z  WARNING  stats fetch failed: timed out
2026-09-28T16:39:00Z  WARNING  thresholds fetch failed: timed out
2026-09-28T16:39:00Z  WARNING  stats fetch failed: timed out
2026-09-28T16:39:05Z  WARNING  thresholds fetch failed: timed out
2026-09-28T16:39:05Z  WARNING  stats fetch failed: timed out
2026-09-28T16:39:10Z  WARNING  thresholds fetch failed: timed out
2026-09-28T16:39:10Z  WARNING  stats fetch failed: timed out
2026-09-28T16:39:15Z  WARNING  thresholds fetch failed: timed out
2026-09-28T16:39:15Z  WARNING  stats fetch failed: timed out
2026-09-28T16:39:20Z  WARNING  thresholds fetch failed: timed out
2026-09-28T16:39:20Z  WARNING  stats fetch failed: timed out
2026-09-28T16:39:25Z  WARNING  thresholds fetch failed: timed out
2026-09-28T16:39:25Z  WARNING  stats fetch failed: timed out
2026-09-28T16:39:30Z  WARNING  thresholds fetch failed: timed out
2026-09-28T16:39:30Z  WARNING  stats fetch failed: timed out
2026-09-28T16:39:35Z  WARNING  thresholds fetch failed: timed out
2026-09-28T16:39:35Z  WARNING  stats fetch failed: timed out
2026-09-28T16:39:40Z  WARNING  thresholds fetch failed: timed out
2026-09-28T16:39:40Z  WARNING  stats fetch failed: timed out
2026-09-28T16:39:45Z  WARNING  thresholds fetch failed: timed out
2026-09-28T16:39:45Z  WARNING  stats fetch failed: timed out
2026-09-28T16:39:50Z  WARNING  thresholds fetch failed: timed out
2026-09-28T16:39:50Z  WARNING  stats fetch failed: timed out
2026-09-28T16:39:55Z  WARNING  thresholds fetch failed: timed out
2026-09-28T16:39:55Z  WARNING  stats fetch failed: timed out
2026-09-28T16:40:00Z  WARNING  thresholds fetch failed: timed out
2026-09-28T16:40:00Z  WARNING  stats fetch failed: timed out
2026-09-28T16:40:05Z  WARNING  thresholds fetch failed: timed out
2026-09-28T16:40:05Z  WARNING  stats fetch failed: timed out
2026-09-28T16:40:10Z  WARNING  thresholds fetch failed: timed out
2026-09-28T16:40:10Z  WARNING  stats fetch failed: timed out
2026-09-28T16:40:15Z  WARNING  thresholds fetch failed: timed out
2026-09-28T16:40:15Z  WARNING  stats fetch failed: timed out
2026-09-28T16:40:20Z  WARNING  thresholds fetch failed: timed out
2026-09-28T16:40:20Z  WARNING  stats fetch failed: timed out
2026-09-28T16:40:25Z  WARNING  thresholds fetch failed: timed out
2026-09-28T16:40:25Z  WARNING  stats fetch failed: timed out
2026-09-28T16:40:30Z  WARNING  thresholds fetch failed: timed out
2026-09-28T16:40:30Z  WARNING  stats fetch failed: timed out
2026-09-28T16:40:35Z  WARNING  thresholds fetch failed: timed out
2026-09-28T16:40:35Z  WARNING  stats fetch failed: timed out
2026-09-28T16:40:40Z  WARNING  thresholds fetch failed: timed out
2026-09-28T16:40:40Z  WARNING  stats fetch failed: timed out
2026-09-28T16:40:45Z  WARNING  thresholds fetch failed: timed out
2026-09-28T16:40:45Z  WARNING  stats fetch failed: timed out
2026-09-28T16:40:50Z  WARNING  thresholds fetch failed: timed out
2026-09-28T16:40:50Z  WARNING  stats fetch failed: timed out
2026-09-28T16:40:55Z  WARNING  thresholds fetch failed: timed out
2026-09-28T16:40:55Z  WARNING  stats fetch failed: timed out
2026-09-28T16:41:00Z  WARNING  thresholds fetch failed: timed out
2026-09-28T16:41:00Z  WARNING  stats fetch failed: timed out
2026-09-28T16:41:05Z  WARNING  thresholds fetch failed: timed out
2026-09-28T16:41:05Z  WARNING  stats fetch failed: timed out
2026-09-28T16:41:10Z  WARNING  thresholds fetch failed: timed out
2026-09-28T16:41:10Z  WARNING  stats fetch failed: timed out
2026-09-28T16:41:15Z  WARNING  thresholds fetch failed: timed out
2026-09-28T16:41:15Z  WARNING  stats fetch failed: timed out
2026-09-28T16:41:20Z  WARNING  thresholds fetch failed: timed out
2026-09-28T16:41:20Z  WARNING  stats fetch failed: timed out
2026-09-28T16:41:26Z  SHUTDOWN  signal=15
2026-09-28T16:41:26Z  EXIT
