2026-09-13T21:22:34Z  START  poll_interval=1s layer_a_poll_interval=5s
2026-09-13T21:23:30Z  WARNING  thresholds fetch failed: timed out
2026-09-13T21:23:30Z  WARNING  stats fetch failed: timed out
2026-09-13T21:23:35Z  WARNING  thresholds fetch failed: timed out
2026-09-13T21:23:35Z  WARNING  stats fetch failed: timed out
2026-09-13T21:23:40Z  WARNING  thresholds fetch failed: timed out
2026-09-13T21:23:40Z  WARNING  stats fetch failed: timed out
2026-09-13T21:23:45Z  WARNING  thresholds fetch failed: timed out
2026-09-13T21:23:45Z  WARNING  stats fetch failed: timed out
2026-09-13T21:23:50Z  WARNING  thresholds fetch failed: timed out
2026-09-13T21:23:50Z  WARNING  stats fetch failed: timed out
2026-09-13T21:23:55Z  WARNING  thresholds fetch failed: timed out
2026-09-13T21:23:55Z  WARNING  stats fetch failed: timed out
2026-09-13T21:24:00Z  WARNING  thresholds fetch failed: timed out
2026-09-13T21:24:00Z  WARNING  stats fetch failed: timed out
2026-09-13T21:24:05Z  WARNING  thresholds fetch failed: timed out
2026-09-13T21:24:05Z  WARNING  stats fetch failed: timed out
2026-09-13T21:24:10Z  WARNING  thresholds fetch failed: timed out
2026-09-13T21:24:10Z  WARNING  stats fetch failed: timed out
2026-09-13T21:24:15Z  WARNING  thresholds fetch failed: timed out
2026-09-13T21:24:15Z  WARNING  stats fetch failed: timed out
2026-09-13T21:24:20Z  WARNING  thresholds fetch failed: timed out
2026-09-13T21:24:20Z  WARNING  stats fetch failed: timed out
2026-09-13T21:24:25Z  WARNING  thresholds fetch failed: timed out
2026-09-13T21:24:25Z  WARNING  stats fetch failed: timed out
2026-09-13T21:24:30Z  WARNING  thresholds fetch failed: timed out
2026-09-13T21:24:30Z  WARNING  stats fetch failed: timed out
2026-09-13T21:24:35Z  WARNING  thresholds fetch failed: timed out
2026-09-13T21:24:35Z  WARNING  stats fetch failed: timed out
2026-09-13T21:24:40Z  WARNING  thresholds fetch failed: timed out
2026-09-13T21:24:40Z  WARNING  stats fetch failed: timed out
2026-09-13T21:24:45Z  WARNING  thresholds fetch failed: timed out
2026-09-13T21:24:45Z  WARNING  stats fetch failed: timed out
2026-09-13T21:24:50Z  WARNING  thresholds fetch failed: timed out
2026-09-13T21:24:50Z  WARNING  stats fetch failed: timed out
2026-09-13T21:24:55Z  WARNING  thresholds fetch failed: timed out
2026-09-13T21:24:55Z  WARNING  stats fetch failed: timed out
2026-09-13T21:25:00Z  WARNING  thresholds fetch failed: timed out
2026-09-13T21:25:00Z  WARNING  stats fetch failed: timed out
2026-09-13T21:25:05Z  WARNING  thresholds fetch failed: timed out
2026-09-13T21:25:05Z  WARNING  stats fetch failed: timed out
2026-09-13T21:25:10Z  WARNING  thresholds fetch failed: timed out
2026-09-13T21:25:10Z  WARNING  stats fetch failed: timed out
2026-09-13T21:25:15Z  WARNING  thresholds fetch failed: timed out
2026-09-13T21:25:15Z  WARNING  stats fetch failed: timed out
2026-09-13T21:25:20Z  WARNING  thresholds fetch failed: timed out
2026-09-13T21:25:20Z  WARNING  stats fetch failed: timed out
2026-09-13T21:25:25Z  WARNING  thresholds fetch failed: timed out
2026-09-13T21:25:25Z  WARNING  stats fetch failed: timed out
2026-09-13T21:25:30Z  WARNING  thresholds fetch failed: timed out
2026-09-13T21:25:30Z  WARNING  stats fetch failed: timed out
2026-09-13T21:25:35Z  WARNING  thresholds fetch failed: timed out
2026-09-13T21:25:35Z  WARNING  stats fetch failed: timed out
2026-09-13T21:25:40Z  WARNING  thresholds fetch failed: timed out
2026-09-13T21:25:40Z  WARNING  stats fetch failed: timed out
2026-09-13T21:25:45Z  WARNING  thresholds fetch failed: timed out
2026-09-13T21:25:45Z  WARNING  stats fetch failed: timed out
2026-09-13T21:25:50Z  WARNING  thresholds fetch failed: timed out
2026-09-13T21:25:50Z  WARNING  stats fetch failed: timed out
2026-09-13T21:25:55Z  WARNING  thresholds fetch failed: timed out
2026-09-13T21:25:55Z  WARNING  stats fetch failed: timed out
2026-09-13T21:26:00Z  WARNING  thresholds fetch failed: timed out
2026-09-13T21:26:00Z  WARNING  stats fetch failed: timed out
2026-09-13T21:26:05Z  WARNING  thresholds fetch failed: timed out
2026-09-13T21:26:05Z  WARNING  stats fetch failed: timed out
2026-09-13T21:26:10Z  WARNING  thresholds fetch failed: timed out
2026-09-13T21:26:10Z  WARNING  stats fetch failed: timed out
2026-09-13T21:26:15Z  WARNING  thresholds fetch failed: timed out
2026-09-13T21:26:15Z  WARNING  stats fetch failed: timed out
2026-09-13T21:26:20Z  WARNING  thresholds fetch failed: timed out
2026-09-13T21:26:20Z  WARNING  stats fetch failed: timed out
2026-09-13T21:26:25Z  WARNING  thresholds fetch failed: timed out
2026-09-13T21:26:25Z  WARNING  stats fetch failed: timed out
2026-09-13T21:26:30Z  WARNING  thresholds fetch failed: timed out
2026-09-13T21:26:30Z  WARNING  stats fetch failed: timed out
2026-09-13T21:26:35Z  WARNING  thresholds fetch failed: timed out
2026-09-13T21:26:35Z  WARNING  stats fetch failed: timed out
2026-09-13T21:26:40Z  WARNING  thresholds fetch failed: timed out
2026-09-13T21:26:40Z  WARNING  stats fetch failed: timed out
2026-09-13T21:26:45Z  WARNING  thresholds fetch failed: timed out
2026-09-13T21:26:45Z  WARNING  stats fetch failed: timed out
2026-09-13T21:26:50Z  WARNING  thresholds fetch failed: timed out
2026-09-13T21:26:50Z  WARNING  stats fetch failed: timed out
2026-09-13T21:26:55Z  WARNING  thresholds fetch failed: timed out
2026-09-13T21:26:55Z  WARNING  stats fetch failed: timed out
2026-09-13T21:27:00Z  WARNING  thresholds fetch failed: timed out
2026-09-13T21:27:00Z  WARNING  stats fetch failed: timed out
2026-09-13T21:27:05Z  WARNING  thresholds fetch failed: timed out
2026-09-13T21:27:05Z  WARNING  stats fetch failed: timed out
2026-09-13T21:27:10Z  WARNING  thresholds fetch failed: timed out
2026-09-13T21:27:10Z  WARNING  stats fetch failed: timed out
2026-09-13T21:27:15Z  WARNING  thresholds fetch failed: timed out
2026-09-13T21:27:15Z  WARNING  stats fetch failed: timed out
2026-09-13T21:27:20Z  WARNING  thresholds fetch failed: timed out
2026-09-13T21:27:20Z  WARNING  stats fetch failed: timed out
2026-09-13T21:27:25Z  WARNING  thresholds fetch failed: timed out
2026-09-13T21:27:25Z  WARNING  stats fetch failed: timed out
2026-09-13T21:27:30Z  WARNING  thresholds fetch failed: timed out
2026-09-13T21:27:30Z  WARNING  stats fetch failed: timed out
2026-09-13T21:27:35Z  WARNING  thresholds fetch failed: timed out
2026-09-13T21:27:35Z  WARNING  stats fetch failed: timed out
2026-09-13T21:27:40Z  WARNING  thresholds fetch failed: timed out
2026-09-13T21:27:40Z  WARNING  stats fetch failed: timed out
2026-09-13T21:27:45Z  WARNING  thresholds fetch failed: timed out
2026-09-13T21:27:45Z  WARNING  stats fetch failed: timed out
2026-09-13T21:27:50Z  WARNING  thresholds fetch failed: timed out
2026-09-13T21:27:50Z  WARNING  stats fetch failed: timed out
2026-09-13T21:27:55Z  WARNING  thresholds fetch failed: timed out
2026-09-13T21:27:55Z  WARNING  stats fetch failed: timed out
2026-09-13T21:28:00Z  WARNING  thresholds fetch failed: timed out
2026-09-13T21:28:00Z  WARNING  stats fetch failed: timed out
2026-09-13T21:28:05Z  WARNING  thresholds fetch failed: timed out
2026-09-13T21:28:05Z  WARNING  stats fetch failed: timed out
2026-09-13T21:28:10Z  WARNING  thresholds fetch failed: timed out
2026-09-13T21:28:10Z  WARNING  stats fetch failed: timed out
2026-09-13T21:28:15Z  WARNING  thresholds fetch failed: timed out
2026-09-13T21:28:15Z  WARNING  stats fetch failed: timed out
2026-09-13T21:28:20Z  WARNING  thresholds fetch failed: timed out
2026-09-13T21:28:20Z  WARNING  stats fetch failed: timed out
2026-09-13T21:28:25Z  WARNING  thresholds fetch failed: timed out
2026-09-13T21:28:25Z  WARNING  stats fetch failed: timed out
2026-09-13T21:28:30Z  WARNING  thresholds fetch failed: timed out
2026-09-13T21:28:30Z  WARNING  stats fetch failed: timed out
2026-09-13T21:28:35Z  WARNING  thresholds fetch failed: timed out
2026-09-13T21:28:35Z  WARNING  stats fetch failed: timed out
2026-09-13T21:28:40Z  WARNING  thresholds fetch failed: timed out
2026-09-13T21:28:40Z  WARNING  stats fetch failed: timed out
2026-09-13T21:28:45Z  WARNING  thresholds fetch failed: timed out
2026-09-13T21:28:45Z  WARNING  stats fetch failed: timed out
2026-09-13T21:28:50Z  WARNING  thresholds fetch failed: timed out
2026-09-13T21:28:50Z  WARNING  stats fetch failed: timed out
2026-09-13T21:28:55Z  WARNING  thresholds fetch failed: timed out
2026-09-13T21:28:55Z  WARNING  stats fetch failed: timed out
2026-09-13T21:29:00Z  WARNING  thresholds fetch failed: timed out
2026-09-13T21:29:00Z  WARNING  stats fetch failed: timed out
2026-09-13T21:29:05Z  WARNING  thresholds fetch failed: <urlopen error timed out>
2026-09-13T21:29:05Z  WARNING  stats fetch failed: timed out
2026-09-13T21:29:10Z  WARNING  thresholds fetch failed: timed out
2026-09-13T21:29:10Z  WARNING  stats fetch failed: timed out
2026-09-13T21:29:15Z  WARNING  thresholds fetch failed: timed out
2026-09-13T21:29:15Z  WARNING  stats fetch failed: timed out
2026-09-13T21:29:20Z  WARNING  thresholds fetch failed: timed out
2026-09-13T21:29:20Z  WARNING  stats fetch failed: timed out
2026-09-13T21:29:25Z  WARNING  thresholds fetch failed: timed out
2026-09-13T21:29:25Z  WARNING  stats fetch failed: timed out
2026-09-13T21:29:30Z  WARNING  thresholds fetch failed: timed out
2026-09-13T21:29:30Z  WARNING  stats fetch failed: timed out
2026-09-13T21:29:35Z  WARNING  thresholds fetch failed: timed out
2026-09-13T21:29:35Z  WARNING  stats fetch failed: timed out
2026-09-13T21:29:40Z  WARNING  thresholds fetch failed: timed out
2026-09-13T21:29:40Z  WARNING  stats fetch failed: timed out
2026-09-13T21:29:45Z  WARNING  thresholds fetch failed: timed out
2026-09-13T21:29:45Z  WARNING  stats fetch failed: timed out
2026-09-13T21:29:50Z  WARNING  thresholds fetch failed: timed out
2026-09-13T21:29:50Z  WARNING  stats fetch failed: timed out
2026-09-13T21:29:55Z  WARNING  thresholds fetch failed: timed out
2026-09-13T21:29:55Z  WARNING  stats fetch failed: timed out
2026-09-13T21:30:00Z  WARNING  thresholds fetch failed: timed out
2026-09-13T21:30:00Z  WARNING  stats fetch failed: timed out
2026-09-13T21:30:05Z  WARNING  thresholds fetch failed: timed out
2026-09-13T21:30:05Z  WARNING  stats fetch failed: timed out
2026-09-13T21:30:10Z  WARNING  thresholds fetch failed: timed out
2026-09-13T21:30:10Z  WARNING  stats fetch failed: timed out
2026-09-13T21:30:15Z  WARNING  thresholds fetch failed: timed out
2026-09-13T21:30:15Z  WARNING  stats fetch failed: timed out
2026-09-13T21:30:20Z  WARNING  thresholds fetch failed: timed out
2026-09-13T21:30:20Z  WARNING  stats fetch failed: timed out
2026-09-13T21:30:25Z  WARNING  thresholds fetch failed: timed out
2026-09-13T21:30:25Z  WARNING  stats fetch failed: timed out
2026-09-13T21:30:30Z  WARNING  thresholds fetch failed: timed out
2026-09-13T21:30:30Z  WARNING  stats fetch failed: timed out
2026-09-13T21:30:35Z  WARNING  thresholds fetch failed: timed out
2026-09-13T21:30:35Z  WARNING  stats fetch failed: timed out
2026-09-13T21:30:40Z  WARNING  thresholds fetch failed: timed out
2026-09-13T21:30:40Z  WARNING  stats fetch failed: timed out
2026-09-13T21:30:45Z  WARNING  thresholds fetch failed: timed out
2026-09-13T21:30:45Z  WARNING  stats fetch failed: timed out
2026-09-13T21:30:50Z  WARNING  thresholds fetch failed: timed out
2026-09-13T21:30:50Z  WARNING  stats fetch failed: timed out
2026-09-13T21:30:55Z  WARNING  thresholds fetch failed: timed out
2026-09-13T21:30:55Z  WARNING  stats fetch failed: timed out
2026-09-13T21:31:00Z  WARNING  thresholds fetch failed: timed out
2026-09-13T21:31:00Z  WARNING  stats fetch failed: timed out
2026-09-13T21:31:05Z  WARNING  thresholds fetch failed: timed out
2026-09-13T21:31:05Z  WARNING  stats fetch failed: timed out
2026-09-13T21:31:10Z  WARNING  thresholds fetch failed: timed out
2026-09-13T21:31:10Z  WARNING  stats fetch failed: timed out
2026-09-13T21:31:15Z  WARNING  thresholds fetch failed: timed out
2026-09-13T21:31:15Z  WARNING  stats fetch failed: timed out
2026-09-13T21:31:20Z  WARNING  thresholds fetch failed: timed out
2026-09-13T21:31:20Z  WARNING  stats fetch failed: timed out
2026-09-13T21:31:25Z  WARNING  thresholds fetch failed: timed out
2026-09-13T21:31:25Z  WARNING  stats fetch failed: timed out
2026-09-13T21:31:30Z  WARNING  thresholds fetch failed: timed out
2026-09-13T21:31:30Z  WARNING  stats fetch failed: timed out
2026-09-13T21:31:35Z  WARNING  thresholds fetch failed: timed out
2026-09-13T21:31:35Z  WARNING  stats fetch failed: timed out
2026-09-13T21:31:40Z  WARNING  thresholds fetch failed: timed out
2026-09-13T21:31:40Z  WARNING  stats fetch failed: timed out
2026-09-13T21:31:45Z  WARNING  thresholds fetch failed: timed out
2026-09-13T21:31:45Z  WARNING  stats fetch failed: timed out
2026-09-13T21:31:50Z  WARNING  thresholds fetch failed: timed out
2026-09-13T21:31:50Z  WARNING  stats fetch failed: timed out
2026-09-13T21:31:55Z  WARNING  thresholds fetch failed: timed out
2026-09-13T21:31:55Z  WARNING  stats fetch failed: timed out
2026-09-13T21:32:00Z  WARNING  thresholds fetch failed: timed out
2026-09-13T21:32:00Z  WARNING  stats fetch failed: timed out
2026-09-13T21:32:05Z  WARNING  thresholds fetch failed: timed out
2026-09-13T21:32:05Z  WARNING  stats fetch failed: timed out
2026-09-13T21:32:10Z  WARNING  thresholds fetch failed: timed out
2026-09-13T21:32:10Z  WARNING  stats fetch failed: timed out
2026-09-13T21:32:15Z  WARNING  thresholds fetch failed: timed out
2026-09-13T21:32:15Z  WARNING  stats fetch failed: timed out
2026-09-13T21:32:20Z  WARNING  thresholds fetch failed: timed out
2026-09-13T21:32:20Z  WARNING  stats fetch failed: timed out
2026-09-13T21:32:25Z  WARNING  thresholds fetch failed: timed out
2026-09-13T21:32:25Z  WARNING  stats fetch failed: timed out
2026-09-13T21:32:30Z  WARNING  thresholds fetch failed: timed out
2026-09-13T21:32:30Z  WARNING  stats fetch failed: timed out
2026-09-13T21:32:35Z  WARNING  thresholds fetch failed: timed out
2026-09-13T21:32:35Z  WARNING  stats fetch failed: timed out
2026-09-13T21:32:40Z  WARNING  thresholds fetch failed: timed out
2026-09-13T21:32:40Z  WARNING  stats fetch failed: timed out
2026-09-13T21:32:45Z  WARNING  thresholds fetch failed: timed out
2026-09-13T21:32:45Z  WARNING  stats fetch failed: timed out
2026-09-13T21:32:50Z  WARNING  thresholds fetch failed: timed out
2026-09-13T21:32:50Z  WARNING  stats fetch failed: timed out
2026-09-13T21:32:55Z  WARNING  thresholds fetch failed: timed out
2026-09-13T21:32:55Z  WARNING  stats fetch failed: timed out
2026-09-13T21:33:00Z  WARNING  thresholds fetch failed: timed out
2026-09-13T21:33:00Z  WARNING  stats fetch failed: timed out
2026-09-13T21:33:04Z  SHUTDOWN  signal=15
2026-09-13T21:33:05Z  EXIT
