2026-10-04T17:50:39Z  START  poll_interval=1s layer_a_poll_interval=5s
2026-10-04T17:51:15Z  WARNING  thresholds fetch failed: timed out
2026-10-04T17:51:15Z  WARNING  stats fetch failed: timed out
2026-10-04T17:51:20Z  WARNING  thresholds fetch failed: timed out
2026-10-04T17:51:20Z  WARNING  stats fetch failed: timed out
2026-10-04T17:51:25Z  WARNING  thresholds fetch failed: timed out
2026-10-04T17:51:25Z  WARNING  stats fetch failed: timed out
2026-10-04T17:51:30Z  WARNING  thresholds fetch failed: timed out
2026-10-04T17:51:30Z  WARNING  stats fetch failed: timed out
2026-10-04T17:51:35Z  WARNING  thresholds fetch failed: timed out
2026-10-04T17:51:35Z  WARNING  stats fetch failed: timed out
2026-10-04T17:51:40Z  WARNING  thresholds fetch failed: timed out
2026-10-04T17:51:40Z  WARNING  stats fetch failed: timed out
2026-10-04T17:51:45Z  WARNING  thresholds fetch failed: timed out
2026-10-04T17:51:45Z  WARNING  stats fetch failed: timed out
2026-10-04T17:51:50Z  WARNING  thresholds fetch failed: timed out
2026-10-04T17:51:50Z  WARNING  stats fetch failed: timed out
2026-10-04T17:51:55Z  WARNING  thresholds fetch failed: timed out
2026-10-04T17:51:55Z  WARNING  stats fetch failed: timed out
2026-10-04T17:52:00Z  WARNING  thresholds fetch failed: timed out
2026-10-04T17:52:00Z  WARNING  stats fetch failed: timed out
2026-10-04T17:52:05Z  WARNING  thresholds fetch failed: timed out
2026-10-04T17:52:05Z  WARNING  stats fetch failed: timed out
2026-10-04T17:52:10Z  WARNING  thresholds fetch failed: timed out
2026-10-04T17:52:10Z  WARNING  stats fetch failed: timed out
2026-10-04T17:52:15Z  WARNING  thresholds fetch failed: timed out
2026-10-04T17:52:15Z  WARNING  stats fetch failed: timed out
2026-10-04T17:52:20Z  WARNING  thresholds fetch failed: timed out
2026-10-04T17:52:20Z  WARNING  stats fetch failed: timed out
2026-10-04T17:52:25Z  WARNING  thresholds fetch failed: timed out
2026-10-04T17:52:25Z  WARNING  stats fetch failed: timed out
2026-10-04T17:52:30Z  WARNING  thresholds fetch failed: timed out
2026-10-04T17:52:30Z  WARNING  stats fetch failed: timed out
2026-10-04T17:52:35Z  WARNING  thresholds fetch failed: timed out
2026-10-04T17:52:35Z  WARNING  stats fetch failed: timed out
2026-10-04T17:52:40Z  WARNING  thresholds fetch failed: timed out
2026-10-04T17:52:40Z  WARNING  stats fetch failed: timed out
2026-10-04T17:52:45Z  WARNING  thresholds fetch failed: timed out
2026-10-04T17:52:45Z  WARNING  stats fetch failed: timed out
2026-10-04T17:52:50Z  WARNING  thresholds fetch failed: timed out
2026-10-04T17:52:50Z  WARNING  stats fetch failed: timed out
2026-10-04T17:52:55Z  WARNING  thresholds fetch failed: timed out
2026-10-04T17:52:55Z  WARNING  stats fetch failed: timed out
2026-10-04T17:53:00Z  WARNING  thresholds fetch failed: timed out
2026-10-04T17:53:00Z  WARNING  stats fetch failed: timed out
2026-10-04T17:53:05Z  WARNING  thresholds fetch failed: timed out
2026-10-04T17:53:05Z  WARNING  stats fetch failed: timed out
2026-10-04T17:53:10Z  WARNING  thresholds fetch failed: timed out
2026-10-04T17:53:10Z  WARNING  stats fetch failed: timed out
2026-10-04T17:53:15Z  WARNING  thresholds fetch failed: timed out
2026-10-04T17:53:15Z  WARNING  stats fetch failed: timed out
2026-10-04T17:53:20Z  WARNING  thresholds fetch failed: timed out
2026-10-04T17:53:20Z  WARNING  stats fetch failed: timed out
2026-10-04T17:53:25Z  WARNING  thresholds fetch failed: timed out
2026-10-04T17:53:25Z  WARNING  stats fetch failed: timed out
2026-10-04T17:53:30Z  WARNING  thresholds fetch failed: timed out
2026-10-04T17:53:30Z  WARNING  stats fetch failed: timed out
2026-10-04T17:53:35Z  WARNING  thresholds fetch failed: timed out
2026-10-04T17:53:35Z  WARNING  stats fetch failed: timed out
2026-10-04T17:53:40Z  WARNING  thresholds fetch failed: timed out
2026-10-04T17:53:40Z  WARNING  stats fetch failed: timed out
2026-10-04T17:53:45Z  WARNING  thresholds fetch failed: timed out
2026-10-04T17:53:45Z  WARNING  stats fetch failed: timed out
2026-10-04T17:53:50Z  WARNING  thresholds fetch failed: timed out
2026-10-04T17:53:50Z  WARNING  stats fetch failed: timed out
2026-10-04T17:53:55Z  WARNING  thresholds fetch failed: timed out
2026-10-04T17:53:55Z  WARNING  stats fetch failed: timed out
2026-10-04T17:54:00Z  WARNING  thresholds fetch failed: timed out
2026-10-04T17:54:00Z  WARNING  stats fetch failed: timed out
2026-10-04T17:54:05Z  WARNING  thresholds fetch failed: timed out
2026-10-04T17:54:05Z  WARNING  stats fetch failed: timed out
2026-10-04T17:54:10Z  WARNING  thresholds fetch failed: timed out
2026-10-04T17:54:10Z  WARNING  stats fetch failed: timed out
2026-10-04T17:54:15Z  WARNING  thresholds fetch failed: timed out
2026-10-04T17:54:15Z  WARNING  stats fetch failed: timed out
2026-10-04T17:54:20Z  WARNING  thresholds fetch failed: timed out
2026-10-04T17:54:20Z  WARNING  stats fetch failed: timed out
2026-10-04T17:54:25Z  WARNING  thresholds fetch failed: timed out
2026-10-04T17:54:25Z  WARNING  stats fetch failed: timed out
2026-10-04T17:54:30Z  WARNING  thresholds fetch failed: timed out
2026-10-04T17:54:30Z  WARNING  stats fetch failed: timed out
2026-10-04T17:54:35Z  WARNING  thresholds fetch failed: timed out
2026-10-04T17:54:35Z  WARNING  stats fetch failed: timed out
2026-10-04T17:54:40Z  WARNING  thresholds fetch failed: timed out
2026-10-04T17:54:40Z  WARNING  stats fetch failed: timed out
2026-10-04T17:54:45Z  WARNING  thresholds fetch failed: timed out
2026-10-04T17:54:45Z  WARNING  stats fetch failed: timed out
2026-10-04T17:54:50Z  WARNING  thresholds fetch failed: timed out
2026-10-04T17:54:50Z  WARNING  stats fetch failed: timed out
2026-10-04T17:54:55Z  WARNING  thresholds fetch failed: timed out
2026-10-04T17:54:55Z  WARNING  stats fetch failed: timed out
2026-10-04T17:55:00Z  WARNING  thresholds fetch failed: timed out
2026-10-04T17:55:00Z  WARNING  stats fetch failed: timed out
2026-10-04T17:55:05Z  WARNING  thresholds fetch failed: timed out
2026-10-04T17:55:05Z  WARNING  stats fetch failed: timed out
2026-10-04T17:55:10Z  WARNING  thresholds fetch failed: timed out
2026-10-04T17:55:10Z  WARNING  stats fetch failed: <urlopen error timed out>
2026-10-04T17:55:15Z  WARNING  thresholds fetch failed: timed out
2026-10-04T17:55:15Z  WARNING  stats fetch failed: timed out
2026-10-04T17:55:20Z  WARNING  thresholds fetch failed: timed out
2026-10-04T17:55:20Z  WARNING  stats fetch failed: timed out
2026-10-04T17:55:25Z  WARNING  thresholds fetch failed: timed out
2026-10-04T17:55:25Z  WARNING  stats fetch failed: timed out
2026-10-04T17:55:30Z  WARNING  thresholds fetch failed: timed out
2026-10-04T17:55:30Z  WARNING  stats fetch failed: timed out
2026-10-04T17:55:35Z  WARNING  thresholds fetch failed: timed out
2026-10-04T17:55:35Z  WARNING  stats fetch failed: timed out
2026-10-04T17:55:40Z  WARNING  thresholds fetch failed: timed out
2026-10-04T17:55:40Z  WARNING  stats fetch failed: timed out
2026-10-04T17:55:45Z  WARNING  thresholds fetch failed: timed out
2026-10-04T17:55:45Z  WARNING  stats fetch failed: timed out
2026-10-04T17:55:50Z  WARNING  thresholds fetch failed: timed out
2026-10-04T17:55:50Z  WARNING  stats fetch failed: timed out
2026-10-04T17:55:55Z  WARNING  thresholds fetch failed: timed out
2026-10-04T17:55:55Z  WARNING  stats fetch failed: timed out
2026-10-04T17:56:00Z  WARNING  thresholds fetch failed: timed out
2026-10-04T17:56:00Z  WARNING  stats fetch failed: timed out
2026-10-04T17:56:05Z  WARNING  thresholds fetch failed: timed out
2026-10-04T17:56:05Z  WARNING  stats fetch failed: timed out
2026-10-04T17:56:10Z  WARNING  thresholds fetch failed: timed out
2026-10-04T17:56:10Z  WARNING  stats fetch failed: timed out
2026-10-04T17:56:15Z  WARNING  thresholds fetch failed: timed out
2026-10-04T17:56:15Z  WARNING  stats fetch failed: timed out
2026-10-04T17:56:20Z  WARNING  thresholds fetch failed: timed out
2026-10-04T17:56:20Z  WARNING  stats fetch failed: timed out
2026-10-04T17:56:25Z  WARNING  thresholds fetch failed: timed out
2026-10-04T17:56:25Z  WARNING  stats fetch failed: timed out
2026-10-04T17:56:30Z  WARNING  thresholds fetch failed: timed out
2026-10-04T17:56:30Z  WARNING  stats fetch failed: timed out
2026-10-04T17:56:35Z  WARNING  thresholds fetch failed: timed out
2026-10-04T17:56:35Z  WARNING  stats fetch failed: timed out
2026-10-04T17:56:40Z  WARNING  thresholds fetch failed: timed out
2026-10-04T17:56:40Z  WARNING  stats fetch failed: timed out
2026-10-04T17:56:45Z  WARNING  thresholds fetch failed: timed out
2026-10-04T17:56:45Z  WARNING  stats fetch failed: timed out
2026-10-04T17:56:50Z  WARNING  thresholds fetch failed: timed out
2026-10-04T17:56:50Z  WARNING  stats fetch failed: timed out
2026-10-04T17:56:55Z  WARNING  thresholds fetch failed: timed out
2026-10-04T17:56:55Z  WARNING  stats fetch failed: timed out
2026-10-04T17:57:00Z  WARNING  thresholds fetch failed: timed out
2026-10-04T17:57:00Z  WARNING  stats fetch failed: timed out
2026-10-04T17:57:05Z  WARNING  thresholds fetch failed: timed out
2026-10-04T17:57:05Z  WARNING  stats fetch failed: timed out
2026-10-04T17:57:10Z  WARNING  thresholds fetch failed: timed out
2026-10-04T17:57:10Z  WARNING  stats fetch failed: timed out
2026-10-04T17:57:15Z  WARNING  thresholds fetch failed: timed out
2026-10-04T17:57:15Z  WARNING  stats fetch failed: timed out
2026-10-04T17:57:20Z  WARNING  thresholds fetch failed: timed out
2026-10-04T17:57:20Z  WARNING  stats fetch failed: timed out
2026-10-04T17:57:25Z  WARNING  thresholds fetch failed: timed out
2026-10-04T17:57:25Z  WARNING  stats fetch failed: timed out
2026-10-04T17:57:30Z  WARNING  thresholds fetch failed: timed out
2026-10-04T17:57:30Z  WARNING  stats fetch failed: timed out
2026-10-04T17:57:35Z  WARNING  thresholds fetch failed: timed out
2026-10-04T17:57:35Z  WARNING  stats fetch failed: timed out
2026-10-04T17:57:40Z  WARNING  thresholds fetch failed: timed out
2026-10-04T17:57:40Z  WARNING  stats fetch failed: timed out
2026-10-04T17:57:45Z  WARNING  thresholds fetch failed: timed out
2026-10-04T17:57:45Z  WARNING  stats fetch failed: timed out
2026-10-04T17:57:50Z  WARNING  thresholds fetch failed: timed out
2026-10-04T17:57:50Z  WARNING  stats fetch failed: timed out
2026-10-04T17:57:55Z  WARNING  thresholds fetch failed: timed out
2026-10-04T17:57:55Z  WARNING  stats fetch failed: timed out
2026-10-04T17:58:00Z  WARNING  thresholds fetch failed: timed out
2026-10-04T17:58:00Z  WARNING  stats fetch failed: timed out
2026-10-04T17:58:05Z  WARNING  thresholds fetch failed: timed out
2026-10-04T17:58:05Z  WARNING  stats fetch failed: timed out
2026-10-04T17:58:10Z  WARNING  thresholds fetch failed: timed out
2026-10-04T17:58:10Z  WARNING  stats fetch failed: timed out
2026-10-04T17:58:15Z  WARNING  thresholds fetch failed: timed out
2026-10-04T17:58:15Z  WARNING  stats fetch failed: timed out
2026-10-04T17:58:20Z  WARNING  thresholds fetch failed: timed out
2026-10-04T17:58:20Z  WARNING  stats fetch failed: timed out
2026-10-04T17:58:25Z  WARNING  thresholds fetch failed: timed out
2026-10-04T17:58:25Z  WARNING  stats fetch failed: timed out
2026-10-04T17:58:30Z  WARNING  thresholds fetch failed: timed out
2026-10-04T17:58:30Z  WARNING  stats fetch failed: timed out
2026-10-04T17:58:35Z  WARNING  thresholds fetch failed: timed out
2026-10-04T17:58:35Z  WARNING  stats fetch failed: timed out
2026-10-04T17:58:40Z  WARNING  thresholds fetch failed: timed out
2026-10-04T17:58:40Z  WARNING  stats fetch failed: timed out
2026-10-04T17:58:45Z  WARNING  thresholds fetch failed: timed out
2026-10-04T17:58:45Z  WARNING  stats fetch failed: timed out
2026-10-04T17:58:50Z  WARNING  thresholds fetch failed: timed out
2026-10-04T17:58:50Z  WARNING  stats fetch failed: timed out
2026-10-04T17:58:55Z  WARNING  thresholds fetch failed: timed out
2026-10-04T17:58:55Z  WARNING  stats fetch failed: timed out
2026-10-04T17:59:00Z  WARNING  thresholds fetch failed: timed out
2026-10-04T17:59:00Z  WARNING  stats fetch failed: timed out
2026-10-04T17:59:05Z  WARNING  thresholds fetch failed: timed out
2026-10-04T17:59:05Z  WARNING  stats fetch failed: timed out
2026-10-04T17:59:10Z  WARNING  thresholds fetch failed: timed out
2026-10-04T17:59:10Z  WARNING  stats fetch failed: timed out
2026-10-04T17:59:15Z  WARNING  thresholds fetch failed: timed out
2026-10-04T17:59:15Z  WARNING  stats fetch failed: timed out
2026-10-04T17:59:20Z  WARNING  thresholds fetch failed: timed out
2026-10-04T17:59:20Z  WARNING  stats fetch failed: timed out
2026-10-04T17:59:25Z  WARNING  thresholds fetch failed: timed out
2026-10-04T17:59:25Z  WARNING  stats fetch failed: timed out
2026-10-04T17:59:30Z  WARNING  thresholds fetch failed: timed out
2026-10-04T17:59:30Z  WARNING  stats fetch failed: timed out
2026-10-04T17:59:35Z  WARNING  thresholds fetch failed: timed out
2026-10-04T17:59:35Z  WARNING  stats fetch failed: timed out
2026-10-04T17:59:40Z  WARNING  thresholds fetch failed: timed out
2026-10-04T17:59:40Z  WARNING  stats fetch failed: timed out
2026-10-04T17:59:45Z  WARNING  thresholds fetch failed: timed out
2026-10-04T17:59:45Z  WARNING  stats fetch failed: timed out
2026-10-04T17:59:50Z  WARNING  thresholds fetch failed: timed out
2026-10-04T17:59:50Z  WARNING  stats fetch failed: timed out
2026-10-04T17:59:55Z  WARNING  thresholds fetch failed: timed out
2026-10-04T17:59:55Z  WARNING  stats fetch failed: timed out
2026-10-04T18:00:00Z  WARNING  thresholds fetch failed: timed out
2026-10-04T18:00:00Z  WARNING  stats fetch failed: timed out
2026-10-04T18:00:05Z  WARNING  thresholds fetch failed: timed out
2026-10-04T18:00:05Z  WARNING  stats fetch failed: timed out
2026-10-04T18:00:10Z  WARNING  thresholds fetch failed: timed out
2026-10-04T18:00:10Z  WARNING  stats fetch failed: timed out
2026-10-04T18:00:15Z  WARNING  thresholds fetch failed: timed out
2026-10-04T18:00:15Z  WARNING  stats fetch failed: timed out
2026-10-04T18:00:20Z  WARNING  thresholds fetch failed: timed out
2026-10-04T18:00:20Z  WARNING  stats fetch failed: timed out
2026-10-04T18:00:25Z  WARNING  thresholds fetch failed: timed out
2026-10-04T18:00:25Z  WARNING  stats fetch failed: timed out
2026-10-04T18:00:30Z  WARNING  thresholds fetch failed: timed out
2026-10-04T18:00:30Z  WARNING  stats fetch failed: timed out
2026-10-04T18:00:35Z  WARNING  thresholds fetch failed: timed out
2026-10-04T18:00:35Z  WARNING  stats fetch failed: timed out
2026-10-04T18:00:40Z  WARNING  thresholds fetch failed: timed out
2026-10-04T18:00:40Z  WARNING  stats fetch failed: timed out
2026-10-04T18:00:45Z  WARNING  thresholds fetch failed: timed out
2026-10-04T18:00:45Z  WARNING  stats fetch failed: timed out
2026-10-04T18:00:50Z  WARNING  thresholds fetch failed: timed out
2026-10-04T18:00:50Z  WARNING  stats fetch failed: timed out
2026-10-04T18:00:55Z  WARNING  thresholds fetch failed: timed out
2026-10-04T18:00:55Z  WARNING  stats fetch failed: timed out
2026-10-04T18:01:00Z  WARNING  thresholds fetch failed: timed out
2026-10-04T18:01:00Z  WARNING  stats fetch failed: timed out
2026-10-04T18:01:05Z  WARNING  thresholds fetch failed: timed out
2026-10-04T18:01:05Z  WARNING  stats fetch failed: timed out
2026-10-04T18:01:10Z  WARNING  thresholds fetch failed: timed out
2026-10-04T18:01:10Z  WARNING  stats fetch failed: timed out
2026-10-04T18:01:15Z  WARNING  thresholds fetch failed: timed out
2026-10-04T18:01:15Z  WARNING  stats fetch failed: timed out
2026-10-04T18:01:18Z  SHUTDOWN  signal=15
2026-10-04T18:01:19Z  EXIT
