2026-09-29T09:19:15Z  START  poll_interval=1s layer_a_poll_interval=5s
2026-09-29T09:20:30Z  WARNING  thresholds fetch failed: timed out
2026-09-29T09:20:30Z  WARNING  stats fetch failed: timed out
2026-09-29T09:20:35Z  WARNING  thresholds fetch failed: timed out
2026-09-29T09:20:35Z  WARNING  stats fetch failed: timed out
2026-09-29T09:20:40Z  WARNING  thresholds fetch failed: timed out
2026-09-29T09:20:40Z  WARNING  stats fetch failed: timed out
2026-09-29T09:20:45Z  WARNING  thresholds fetch failed: timed out
2026-09-29T09:20:45Z  WARNING  stats fetch failed: timed out
2026-09-29T09:20:50Z  WARNING  thresholds fetch failed: timed out
2026-09-29T09:20:50Z  WARNING  stats fetch failed: timed out
2026-09-29T09:20:55Z  WARNING  thresholds fetch failed: timed out
2026-09-29T09:20:55Z  WARNING  stats fetch failed: timed out
2026-09-29T09:21:00Z  WARNING  thresholds fetch failed: timed out
2026-09-29T09:21:00Z  WARNING  stats fetch failed: timed out
2026-09-29T09:21:05Z  WARNING  thresholds fetch failed: timed out
2026-09-29T09:21:05Z  WARNING  stats fetch failed: timed out
2026-09-29T09:21:10Z  WARNING  thresholds fetch failed: timed out
2026-09-29T09:21:10Z  WARNING  stats fetch failed: timed out
2026-09-29T09:21:15Z  WARNING  thresholds fetch failed: timed out
2026-09-29T09:21:15Z  WARNING  stats fetch failed: timed out
2026-09-29T09:21:20Z  WARNING  thresholds fetch failed: timed out
2026-09-29T09:21:20Z  WARNING  stats fetch failed: timed out
2026-09-29T09:21:25Z  WARNING  thresholds fetch failed: timed out
2026-09-29T09:21:25Z  WARNING  stats fetch failed: timed out
2026-09-29T09:21:30Z  WARNING  thresholds fetch failed: timed out
2026-09-29T09:21:30Z  WARNING  stats fetch failed: timed out
2026-09-29T09:21:35Z  WARNING  thresholds fetch failed: timed out
2026-09-29T09:21:35Z  WARNING  stats fetch failed: timed out
2026-09-29T09:21:40Z  WARNING  thresholds fetch failed: timed out
2026-09-29T09:21:40Z  WARNING  stats fetch failed: timed out
2026-09-29T09:21:45Z  WARNING  thresholds fetch failed: timed out
2026-09-29T09:21:45Z  WARNING  stats fetch failed: timed out
2026-09-29T09:21:50Z  WARNING  thresholds fetch failed: timed out
2026-09-29T09:21:50Z  WARNING  stats fetch failed: timed out
2026-09-29T09:21:55Z  WARNING  thresholds fetch failed: timed out
2026-09-29T09:21:55Z  WARNING  stats fetch failed: timed out
2026-09-29T09:22:00Z  WARNING  thresholds fetch failed: timed out
2026-09-29T09:22:00Z  WARNING  stats fetch failed: timed out
2026-09-29T09:22:05Z  WARNING  thresholds fetch failed: timed out
2026-09-29T09:22:05Z  WARNING  stats fetch failed: timed out
2026-09-29T09:22:10Z  WARNING  thresholds fetch failed: timed out
2026-09-29T09:22:10Z  WARNING  stats fetch failed: timed out
2026-09-29T09:22:15Z  WARNING  thresholds fetch failed: timed out
2026-09-29T09:22:15Z  WARNING  stats fetch failed: timed out
2026-09-29T09:22:20Z  WARNING  thresholds fetch failed: timed out
2026-09-29T09:22:20Z  WARNING  stats fetch failed: timed out
2026-09-29T09:22:25Z  WARNING  thresholds fetch failed: timed out
2026-09-29T09:22:25Z  WARNING  stats fetch failed: timed out
2026-09-29T09:22:30Z  WARNING  thresholds fetch failed: timed out
2026-09-29T09:22:30Z  WARNING  stats fetch failed: timed out
2026-09-29T09:22:35Z  WARNING  thresholds fetch failed: timed out
2026-09-29T09:22:35Z  WARNING  stats fetch failed: timed out
2026-09-29T09:22:40Z  WARNING  thresholds fetch failed: timed out
2026-09-29T09:22:40Z  WARNING  stats fetch failed: timed out
2026-09-29T09:22:45Z  WARNING  thresholds fetch failed: timed out
2026-09-29T09:22:45Z  WARNING  stats fetch failed: timed out
2026-09-29T09:22:50Z  WARNING  thresholds fetch failed: timed out
2026-09-29T09:22:50Z  WARNING  stats fetch failed: timed out
2026-09-29T09:22:55Z  WARNING  thresholds fetch failed: timed out
2026-09-29T09:22:55Z  WARNING  stats fetch failed: timed out
2026-09-29T09:23:00Z  WARNING  thresholds fetch failed: timed out
2026-09-29T09:23:00Z  WARNING  stats fetch failed: timed out
2026-09-29T09:23:05Z  WARNING  thresholds fetch failed: timed out
2026-09-29T09:23:05Z  WARNING  stats fetch failed: timed out
2026-09-29T09:23:10Z  WARNING  thresholds fetch failed: timed out
2026-09-29T09:23:10Z  WARNING  stats fetch failed: timed out
2026-09-29T09:23:15Z  WARNING  thresholds fetch failed: timed out
2026-09-29T09:23:15Z  WARNING  stats fetch failed: timed out
2026-09-29T09:23:20Z  WARNING  thresholds fetch failed: timed out
2026-09-29T09:23:20Z  WARNING  stats fetch failed: timed out
2026-09-29T09:23:25Z  WARNING  thresholds fetch failed: timed out
2026-09-29T09:23:25Z  WARNING  stats fetch failed: timed out
2026-09-29T09:23:30Z  WARNING  thresholds fetch failed: timed out
2026-09-29T09:23:30Z  WARNING  stats fetch failed: timed out
2026-09-29T09:23:35Z  WARNING  thresholds fetch failed: timed out
2026-09-29T09:23:35Z  WARNING  stats fetch failed: timed out
2026-09-29T09:23:40Z  WARNING  thresholds fetch failed: timed out
2026-09-29T09:23:40Z  WARNING  stats fetch failed: timed out
2026-09-29T09:23:45Z  WARNING  thresholds fetch failed: timed out
2026-09-29T09:23:45Z  WARNING  stats fetch failed: timed out
2026-09-29T09:23:50Z  WARNING  thresholds fetch failed: timed out
2026-09-29T09:23:50Z  WARNING  stats fetch failed: timed out
2026-09-29T09:23:55Z  WARNING  thresholds fetch failed: timed out
2026-09-29T09:23:55Z  WARNING  stats fetch failed: timed out
2026-09-29T09:24:00Z  WARNING  thresholds fetch failed: timed out
2026-09-29T09:24:00Z  WARNING  stats fetch failed: timed out
2026-09-29T09:24:05Z  WARNING  thresholds fetch failed: timed out
2026-09-29T09:24:05Z  WARNING  stats fetch failed: timed out
2026-09-29T09:24:10Z  WARNING  thresholds fetch failed: timed out
2026-09-29T09:24:10Z  WARNING  stats fetch failed: timed out
2026-09-29T09:24:15Z  WARNING  thresholds fetch failed: timed out
2026-09-29T09:24:15Z  WARNING  stats fetch failed: timed out
2026-09-29T09:24:20Z  WARNING  thresholds fetch failed: timed out
2026-09-29T09:24:20Z  WARNING  stats fetch failed: timed out
2026-09-29T09:24:25Z  WARNING  thresholds fetch failed: timed out
2026-09-29T09:24:25Z  WARNING  stats fetch failed: timed out
2026-09-29T09:24:30Z  WARNING  thresholds fetch failed: timed out
2026-09-29T09:24:30Z  WARNING  stats fetch failed: timed out
2026-09-29T09:24:35Z  WARNING  thresholds fetch failed: <urlopen error timed out>
2026-09-29T09:24:35Z  WARNING  stats fetch failed: timed out
2026-09-29T09:24:40Z  WARNING  thresholds fetch failed: timed out
2026-09-29T09:24:40Z  WARNING  stats fetch failed: timed out
2026-09-29T09:24:45Z  WARNING  thresholds fetch failed: timed out
2026-09-29T09:24:45Z  WARNING  stats fetch failed: timed out
2026-09-29T09:24:50Z  WARNING  thresholds fetch failed: timed out
2026-09-29T09:24:50Z  WARNING  stats fetch failed: timed out
2026-09-29T09:24:55Z  WARNING  thresholds fetch failed: timed out
2026-09-29T09:24:55Z  WARNING  stats fetch failed: timed out
2026-09-29T09:25:00Z  WARNING  thresholds fetch failed: timed out
2026-09-29T09:25:00Z  WARNING  stats fetch failed: timed out
2026-09-29T09:25:05Z  WARNING  thresholds fetch failed: timed out
2026-09-29T09:25:05Z  WARNING  stats fetch failed: timed out
2026-09-29T09:25:10Z  WARNING  thresholds fetch failed: timed out
2026-09-29T09:25:10Z  WARNING  stats fetch failed: timed out
2026-09-29T09:25:15Z  WARNING  thresholds fetch failed: timed out
2026-09-29T09:25:15Z  WARNING  stats fetch failed: timed out
2026-09-29T09:25:20Z  WARNING  thresholds fetch failed: timed out
2026-09-29T09:25:20Z  WARNING  stats fetch failed: timed out
2026-09-29T09:25:25Z  WARNING  thresholds fetch failed: timed out
2026-09-29T09:25:25Z  WARNING  stats fetch failed: timed out
2026-09-29T09:25:30Z  WARNING  thresholds fetch failed: timed out
2026-09-29T09:25:30Z  WARNING  stats fetch failed: timed out
2026-09-29T09:25:35Z  WARNING  thresholds fetch failed: timed out
2026-09-29T09:25:35Z  WARNING  stats fetch failed: timed out
2026-09-29T09:25:40Z  WARNING  thresholds fetch failed: timed out
2026-09-29T09:25:40Z  WARNING  stats fetch failed: timed out
2026-09-29T09:25:45Z  WARNING  thresholds fetch failed: timed out
2026-09-29T09:25:45Z  WARNING  stats fetch failed: timed out
2026-09-29T09:25:50Z  WARNING  thresholds fetch failed: timed out
2026-09-29T09:25:50Z  WARNING  stats fetch failed: timed out
2026-09-29T09:25:55Z  WARNING  thresholds fetch failed: timed out
2026-09-29T09:25:55Z  WARNING  stats fetch failed: timed out
2026-09-29T09:26:00Z  WARNING  thresholds fetch failed: timed out
2026-09-29T09:26:00Z  WARNING  stats fetch failed: timed out
2026-09-29T09:26:05Z  WARNING  thresholds fetch failed: timed out
2026-09-29T09:26:05Z  WARNING  stats fetch failed: timed out
2026-09-29T09:26:10Z  WARNING  thresholds fetch failed: timed out
2026-09-29T09:26:10Z  WARNING  stats fetch failed: timed out
2026-09-29T09:26:15Z  WARNING  thresholds fetch failed: timed out
2026-09-29T09:26:15Z  WARNING  stats fetch failed: timed out
2026-09-29T09:26:20Z  WARNING  thresholds fetch failed: timed out
2026-09-29T09:26:20Z  WARNING  stats fetch failed: timed out
2026-09-29T09:26:25Z  WARNING  thresholds fetch failed: timed out
2026-09-29T09:26:25Z  WARNING  stats fetch failed: timed out
2026-09-29T09:26:30Z  WARNING  thresholds fetch failed: timed out
2026-09-29T09:26:30Z  WARNING  stats fetch failed: timed out
2026-09-29T09:26:35Z  WARNING  thresholds fetch failed: timed out
2026-09-29T09:26:35Z  WARNING  stats fetch failed: timed out
2026-09-29T09:26:40Z  WARNING  thresholds fetch failed: timed out
2026-09-29T09:26:40Z  WARNING  stats fetch failed: timed out
2026-09-29T09:26:45Z  WARNING  thresholds fetch failed: timed out
2026-09-29T09:26:45Z  WARNING  stats fetch failed: timed out
2026-09-29T09:26:50Z  WARNING  thresholds fetch failed: timed out
2026-09-29T09:26:50Z  WARNING  stats fetch failed: timed out
2026-09-29T09:26:55Z  WARNING  thresholds fetch failed: timed out
2026-09-29T09:26:55Z  WARNING  stats fetch failed: timed out
2026-09-29T09:27:00Z  WARNING  thresholds fetch failed: timed out
2026-09-29T09:27:00Z  WARNING  stats fetch failed: timed out
2026-09-29T09:27:05Z  WARNING  thresholds fetch failed: timed out
2026-09-29T09:27:05Z  WARNING  stats fetch failed: timed out
2026-09-29T09:27:10Z  WARNING  thresholds fetch failed: timed out
2026-09-29T09:27:10Z  WARNING  stats fetch failed: timed out
2026-09-29T09:27:15Z  WARNING  thresholds fetch failed: timed out
2026-09-29T09:27:15Z  WARNING  stats fetch failed: timed out
2026-09-29T09:27:20Z  WARNING  thresholds fetch failed: timed out
2026-09-29T09:27:20Z  WARNING  stats fetch failed: timed out
2026-09-29T09:27:25Z  WARNING  thresholds fetch failed: timed out
2026-09-29T09:27:25Z  WARNING  stats fetch failed: timed out
2026-09-29T09:27:30Z  WARNING  thresholds fetch failed: timed out
2026-09-29T09:27:30Z  WARNING  stats fetch failed: timed out
2026-09-29T09:27:35Z  WARNING  thresholds fetch failed: timed out
2026-09-29T09:27:35Z  WARNING  stats fetch failed: timed out
2026-09-29T09:27:40Z  WARNING  thresholds fetch failed: timed out
2026-09-29T09:27:40Z  WARNING  stats fetch failed: timed out
2026-09-29T09:27:45Z  WARNING  thresholds fetch failed: timed out
2026-09-29T09:27:45Z  WARNING  stats fetch failed: timed out
2026-09-29T09:27:50Z  WARNING  thresholds fetch failed: <urlopen error timed out>
2026-09-29T09:27:50Z  WARNING  stats fetch failed: timed out
2026-09-29T09:27:55Z  WARNING  thresholds fetch failed: timed out
2026-09-29T09:27:55Z  WARNING  stats fetch failed: timed out
2026-09-29T09:28:00Z  WARNING  thresholds fetch failed: timed out
2026-09-29T09:28:00Z  WARNING  stats fetch failed: timed out
2026-09-29T09:28:05Z  WARNING  thresholds fetch failed: timed out
2026-09-29T09:28:05Z  WARNING  stats fetch failed: timed out
2026-09-29T09:28:10Z  WARNING  thresholds fetch failed: timed out
2026-09-29T09:28:10Z  WARNING  stats fetch failed: timed out
2026-09-29T09:28:15Z  WARNING  thresholds fetch failed: timed out
2026-09-29T09:28:15Z  WARNING  stats fetch failed: timed out
2026-09-29T09:28:20Z  WARNING  thresholds fetch failed: timed out
2026-09-29T09:28:20Z  WARNING  stats fetch failed: timed out
2026-09-29T09:28:25Z  WARNING  thresholds fetch failed: timed out
2026-09-29T09:28:25Z  WARNING  stats fetch failed: timed out
2026-09-29T09:28:30Z  WARNING  thresholds fetch failed: timed out
2026-09-29T09:28:30Z  WARNING  stats fetch failed: timed out
2026-09-29T09:28:35Z  WARNING  thresholds fetch failed: timed out
2026-09-29T09:28:35Z  WARNING  stats fetch failed: timed out
2026-09-29T09:28:40Z  WARNING  thresholds fetch failed: timed out
2026-09-29T09:28:40Z  WARNING  stats fetch failed: timed out
2026-09-29T09:28:45Z  WARNING  thresholds fetch failed: timed out
2026-09-29T09:28:45Z  WARNING  stats fetch failed: timed out
2026-09-29T09:28:50Z  WARNING  thresholds fetch failed: timed out
2026-09-29T09:28:50Z  WARNING  stats fetch failed: timed out
2026-09-29T09:28:55Z  WARNING  thresholds fetch failed: timed out
2026-09-29T09:28:55Z  WARNING  stats fetch failed: timed out
2026-09-29T09:29:00Z  WARNING  thresholds fetch failed: timed out
2026-09-29T09:29:00Z  WARNING  stats fetch failed: timed out
2026-09-29T09:29:05Z  WARNING  thresholds fetch failed: timed out
2026-09-29T09:29:05Z  WARNING  stats fetch failed: timed out
2026-09-29T09:29:10Z  WARNING  thresholds fetch failed: timed out
2026-09-29T09:29:10Z  WARNING  stats fetch failed: timed out
2026-09-29T09:29:15Z  WARNING  thresholds fetch failed: timed out
2026-09-29T09:29:15Z  WARNING  stats fetch failed: timed out
2026-09-29T09:29:20Z  WARNING  thresholds fetch failed: timed out
2026-09-29T09:29:20Z  WARNING  stats fetch failed: timed out
2026-09-29T09:29:25Z  WARNING  thresholds fetch failed: timed out
2026-09-29T09:29:25Z  WARNING  stats fetch failed: timed out
2026-09-29T09:29:30Z  WARNING  thresholds fetch failed: timed out
2026-09-29T09:29:30Z  WARNING  stats fetch failed: timed out
2026-09-29T09:29:35Z  WARNING  thresholds fetch failed: timed out
2026-09-29T09:29:35Z  WARNING  stats fetch failed: timed out
2026-09-29T09:29:40Z  WARNING  thresholds fetch failed: timed out
2026-09-29T09:29:40Z  WARNING  stats fetch failed: timed out
2026-09-29T09:29:45Z  WARNING  thresholds fetch failed: timed out
2026-09-29T09:29:45Z  WARNING  stats fetch failed: timed out
2026-09-29T09:29:50Z  WARNING  thresholds fetch failed: timed out
2026-09-29T09:29:50Z  WARNING  stats fetch failed: timed out
2026-09-29T09:29:57Z  SHUTDOWN  signal=15
2026-09-29T09:29:57Z  EXIT
