2026-09-23T21:14:53Z  START  poll_interval=1s layer_a_poll_interval=5s
2026-09-23T21:16:30Z  WARNING  thresholds fetch failed: timed out
2026-09-23T21:16:30Z  WARNING  stats fetch failed: timed out
2026-09-23T21:16:35Z  WARNING  thresholds fetch failed: timed out
2026-09-23T21:16:35Z  WARNING  stats fetch failed: timed out
2026-09-23T21:16:40Z  WARNING  thresholds fetch failed: timed out
2026-09-23T21:16:40Z  WARNING  stats fetch failed: timed out
2026-09-23T21:16:45Z  WARNING  thresholds fetch failed: timed out
2026-09-23T21:16:45Z  WARNING  stats fetch failed: timed out
2026-09-23T21:16:50Z  WARNING  thresholds fetch failed: timed out
2026-09-23T21:16:50Z  WARNING  stats fetch failed: timed out
2026-09-23T21:16:55Z  WARNING  thresholds fetch failed: timed out
2026-09-23T21:16:55Z  WARNING  stats fetch failed: timed out
2026-09-23T21:17:00Z  WARNING  thresholds fetch failed: timed out
2026-09-23T21:17:00Z  WARNING  stats fetch failed: timed out
2026-09-23T21:17:05Z  WARNING  thresholds fetch failed: timed out
2026-09-23T21:17:05Z  WARNING  stats fetch failed: timed out
2026-09-23T21:17:10Z  WARNING  thresholds fetch failed: timed out
2026-09-23T21:17:10Z  WARNING  stats fetch failed: timed out
2026-09-23T21:17:15Z  WARNING  thresholds fetch failed: timed out
2026-09-23T21:17:15Z  WARNING  stats fetch failed: timed out
2026-09-23T21:17:20Z  WARNING  thresholds fetch failed: timed out
2026-09-23T21:17:20Z  WARNING  stats fetch failed: timed out
2026-09-23T21:17:25Z  WARNING  thresholds fetch failed: timed out
2026-09-23T21:17:25Z  WARNING  stats fetch failed: timed out
2026-09-23T21:17:30Z  WARNING  thresholds fetch failed: timed out
2026-09-23T21:17:30Z  WARNING  stats fetch failed: timed out
2026-09-23T21:17:35Z  WARNING  thresholds fetch failed: timed out
2026-09-23T21:17:35Z  WARNING  stats fetch failed: timed out
2026-09-23T21:17:40Z  WARNING  thresholds fetch failed: timed out
2026-09-23T21:17:40Z  WARNING  stats fetch failed: timed out
2026-09-23T21:17:45Z  WARNING  thresholds fetch failed: timed out
2026-09-23T21:17:45Z  WARNING  stats fetch failed: timed out
2026-09-23T21:17:50Z  WARNING  thresholds fetch failed: timed out
2026-09-23T21:17:50Z  WARNING  stats fetch failed: timed out
2026-09-23T21:17:55Z  WARNING  thresholds fetch failed: timed out
2026-09-23T21:17:55Z  WARNING  stats fetch failed: timed out
2026-09-23T21:18:00Z  WARNING  thresholds fetch failed: timed out
2026-09-23T21:18:00Z  WARNING  stats fetch failed: timed out
2026-09-23T21:18:05Z  WARNING  thresholds fetch failed: timed out
2026-09-23T21:18:05Z  WARNING  stats fetch failed: timed out
2026-09-23T21:18:10Z  WARNING  thresholds fetch failed: timed out
2026-09-23T21:18:10Z  WARNING  stats fetch failed: timed out
2026-09-23T21:18:15Z  WARNING  thresholds fetch failed: timed out
2026-09-23T21:18:15Z  WARNING  stats fetch failed: timed out
2026-09-23T21:18:20Z  WARNING  thresholds fetch failed: timed out
2026-09-23T21:18:20Z  WARNING  stats fetch failed: timed out
2026-09-23T21:18:25Z  WARNING  thresholds fetch failed: timed out
2026-09-23T21:18:25Z  WARNING  stats fetch failed: timed out
2026-09-23T21:18:30Z  WARNING  thresholds fetch failed: timed out
2026-09-23T21:18:30Z  WARNING  stats fetch failed: timed out
2026-09-23T21:18:35Z  WARNING  thresholds fetch failed: timed out
2026-09-23T21:18:35Z  WARNING  stats fetch failed: timed out
2026-09-23T21:18:40Z  WARNING  thresholds fetch failed: timed out
2026-09-23T21:18:40Z  WARNING  stats fetch failed: timed out
2026-09-23T21:18:45Z  WARNING  thresholds fetch failed: timed out
2026-09-23T21:18:45Z  WARNING  stats fetch failed: timed out
2026-09-23T21:18:50Z  WARNING  thresholds fetch failed: timed out
2026-09-23T21:18:50Z  WARNING  stats fetch failed: timed out
2026-09-23T21:18:55Z  WARNING  thresholds fetch failed: timed out
2026-09-23T21:18:55Z  WARNING  stats fetch failed: timed out
2026-09-23T21:19:00Z  WARNING  thresholds fetch failed: timed out
2026-09-23T21:19:00Z  WARNING  stats fetch failed: timed out
2026-09-23T21:19:05Z  WARNING  thresholds fetch failed: timed out
2026-09-23T21:19:05Z  WARNING  stats fetch failed: timed out
2026-09-23T21:19:10Z  WARNING  thresholds fetch failed: timed out
2026-09-23T21:19:10Z  WARNING  stats fetch failed: timed out
2026-09-23T21:19:15Z  WARNING  thresholds fetch failed: timed out
2026-09-23T21:19:15Z  WARNING  stats fetch failed: timed out
2026-09-23T21:19:20Z  WARNING  thresholds fetch failed: timed out
2026-09-23T21:19:20Z  WARNING  stats fetch failed: timed out
2026-09-23T21:19:25Z  WARNING  thresholds fetch failed: timed out
2026-09-23T21:19:25Z  WARNING  stats fetch failed: timed out
2026-09-23T21:19:30Z  WARNING  thresholds fetch failed: timed out
2026-09-23T21:19:30Z  WARNING  stats fetch failed: timed out
2026-09-23T21:19:35Z  WARNING  thresholds fetch failed: timed out
2026-09-23T21:19:35Z  WARNING  stats fetch failed: timed out
2026-09-23T21:19:40Z  WARNING  thresholds fetch failed: timed out
2026-09-23T21:19:40Z  WARNING  stats fetch failed: timed out
2026-09-23T21:19:45Z  WARNING  thresholds fetch failed: timed out
2026-09-23T21:19:45Z  WARNING  stats fetch failed: timed out
2026-09-23T21:19:50Z  WARNING  thresholds fetch failed: timed out
2026-09-23T21:19:50Z  WARNING  stats fetch failed: timed out
2026-09-23T21:19:55Z  WARNING  thresholds fetch failed: timed out
2026-09-23T21:19:55Z  WARNING  stats fetch failed: timed out
2026-09-23T21:20:00Z  WARNING  thresholds fetch failed: timed out
2026-09-23T21:20:00Z  WARNING  stats fetch failed: timed out
2026-09-23T21:20:05Z  WARNING  thresholds fetch failed: timed out
2026-09-23T21:20:05Z  WARNING  stats fetch failed: timed out
2026-09-23T21:20:10Z  WARNING  thresholds fetch failed: timed out
2026-09-23T21:20:10Z  WARNING  stats fetch failed: timed out
2026-09-23T21:20:15Z  WARNING  thresholds fetch failed: timed out
2026-09-23T21:20:15Z  WARNING  stats fetch failed: timed out
2026-09-23T21:20:20Z  WARNING  thresholds fetch failed: timed out
2026-09-23T21:20:20Z  WARNING  stats fetch failed: timed out
2026-09-23T21:20:25Z  WARNING  thresholds fetch failed: timed out
2026-09-23T21:20:25Z  WARNING  stats fetch failed: timed out
2026-09-23T21:20:30Z  WARNING  thresholds fetch failed: timed out
2026-09-23T21:20:30Z  WARNING  stats fetch failed: timed out
2026-09-23T21:20:35Z  WARNING  thresholds fetch failed: timed out
2026-09-23T21:20:35Z  WARNING  stats fetch failed: timed out
2026-09-23T21:20:40Z  WARNING  thresholds fetch failed: timed out
2026-09-23T21:20:40Z  WARNING  stats fetch failed: timed out
2026-09-23T21:20:45Z  WARNING  thresholds fetch failed: timed out
2026-09-23T21:20:45Z  WARNING  stats fetch failed: timed out
2026-09-23T21:20:50Z  WARNING  thresholds fetch failed: timed out
2026-09-23T21:20:50Z  WARNING  stats fetch failed: timed out
2026-09-23T21:20:55Z  WARNING  thresholds fetch failed: timed out
2026-09-23T21:20:55Z  WARNING  stats fetch failed: timed out
2026-09-23T21:21:00Z  WARNING  thresholds fetch failed: timed out
2026-09-23T21:21:00Z  WARNING  stats fetch failed: timed out
2026-09-23T21:21:05Z  WARNING  thresholds fetch failed: timed out
2026-09-23T21:21:05Z  WARNING  stats fetch failed: timed out
2026-09-23T21:21:10Z  WARNING  thresholds fetch failed: timed out
2026-09-23T21:21:10Z  WARNING  stats fetch failed: timed out
2026-09-23T21:21:15Z  WARNING  thresholds fetch failed: timed out
2026-09-23T21:21:15Z  WARNING  stats fetch failed: timed out
2026-09-23T21:21:20Z  WARNING  thresholds fetch failed: timed out
2026-09-23T21:21:20Z  WARNING  stats fetch failed: timed out
2026-09-23T21:21:25Z  WARNING  thresholds fetch failed: timed out
2026-09-23T21:21:25Z  WARNING  stats fetch failed: timed out
2026-09-23T21:21:30Z  WARNING  thresholds fetch failed: timed out
2026-09-23T21:21:30Z  WARNING  stats fetch failed: timed out
2026-09-23T21:21:35Z  WARNING  thresholds fetch failed: timed out
2026-09-23T21:21:35Z  WARNING  stats fetch failed: timed out
2026-09-23T21:21:40Z  WARNING  thresholds fetch failed: timed out
2026-09-23T21:21:40Z  WARNING  stats fetch failed: timed out
2026-09-23T21:21:45Z  WARNING  thresholds fetch failed: timed out
2026-09-23T21:21:45Z  WARNING  stats fetch failed: timed out
2026-09-23T21:21:50Z  WARNING  thresholds fetch failed: timed out
2026-09-23T21:21:50Z  WARNING  stats fetch failed: timed out
2026-09-23T21:21:55Z  WARNING  thresholds fetch failed: timed out
2026-09-23T21:21:55Z  WARNING  stats fetch failed: timed out
2026-09-23T21:22:00Z  WARNING  thresholds fetch failed: timed out
2026-09-23T21:22:00Z  WARNING  stats fetch failed: timed out
2026-09-23T21:22:05Z  WARNING  thresholds fetch failed: timed out
2026-09-23T21:22:05Z  WARNING  stats fetch failed: timed out
2026-09-23T21:22:10Z  WARNING  thresholds fetch failed: timed out
2026-09-23T21:22:10Z  WARNING  stats fetch failed: timed out
2026-09-23T21:22:15Z  WARNING  thresholds fetch failed: timed out
2026-09-23T21:22:15Z  WARNING  stats fetch failed: timed out
2026-09-23T21:22:20Z  WARNING  thresholds fetch failed: timed out
2026-09-23T21:22:20Z  WARNING  stats fetch failed: timed out
2026-09-23T21:22:25Z  WARNING  thresholds fetch failed: timed out
2026-09-23T21:22:25Z  WARNING  stats fetch failed: timed out
2026-09-23T21:22:30Z  WARNING  thresholds fetch failed: timed out
2026-09-23T21:22:30Z  WARNING  stats fetch failed: timed out
2026-09-23T21:22:35Z  WARNING  thresholds fetch failed: timed out
2026-09-23T21:22:35Z  WARNING  stats fetch failed: timed out
2026-09-23T21:22:40Z  WARNING  thresholds fetch failed: timed out
2026-09-23T21:22:40Z  WARNING  stats fetch failed: timed out
2026-09-23T21:22:45Z  WARNING  thresholds fetch failed: timed out
2026-09-23T21:22:45Z  WARNING  stats fetch failed: timed out
2026-09-23T21:22:50Z  WARNING  thresholds fetch failed: timed out
2026-09-23T21:22:50Z  WARNING  stats fetch failed: timed out
2026-09-23T21:22:55Z  WARNING  thresholds fetch failed: timed out
2026-09-23T21:22:55Z  WARNING  stats fetch failed: timed out
2026-09-23T21:23:00Z  WARNING  thresholds fetch failed: timed out
2026-09-23T21:23:00Z  WARNING  stats fetch failed: timed out
2026-09-23T21:23:05Z  WARNING  thresholds fetch failed: timed out
2026-09-23T21:23:05Z  WARNING  stats fetch failed: timed out
2026-09-23T21:23:10Z  WARNING  thresholds fetch failed: timed out
2026-09-23T21:23:10Z  WARNING  stats fetch failed: timed out
2026-09-23T21:23:15Z  WARNING  thresholds fetch failed: timed out
2026-09-23T21:23:15Z  WARNING  stats fetch failed: timed out
2026-09-23T21:23:20Z  WARNING  thresholds fetch failed: timed out
2026-09-23T21:23:20Z  WARNING  stats fetch failed: timed out
2026-09-23T21:23:25Z  WARNING  thresholds fetch failed: timed out
2026-09-23T21:23:25Z  WARNING  stats fetch failed: timed out
2026-09-23T21:23:30Z  WARNING  thresholds fetch failed: timed out
2026-09-23T21:23:30Z  WARNING  stats fetch failed: timed out
2026-09-23T21:23:35Z  WARNING  thresholds fetch failed: timed out
2026-09-23T21:23:35Z  WARNING  stats fetch failed: timed out
2026-09-23T21:23:40Z  WARNING  thresholds fetch failed: timed out
2026-09-23T21:23:40Z  WARNING  stats fetch failed: timed out
2026-09-23T21:23:45Z  WARNING  thresholds fetch failed: timed out
2026-09-23T21:23:45Z  WARNING  stats fetch failed: timed out
2026-09-23T21:23:50Z  WARNING  thresholds fetch failed: timed out
2026-09-23T21:23:50Z  WARNING  stats fetch failed: timed out
2026-09-23T21:23:55Z  WARNING  thresholds fetch failed: timed out
2026-09-23T21:23:55Z  WARNING  stats fetch failed: timed out
2026-09-23T21:24:00Z  WARNING  thresholds fetch failed: timed out
2026-09-23T21:24:00Z  WARNING  stats fetch failed: timed out
2026-09-23T21:24:05Z  WARNING  thresholds fetch failed: timed out
2026-09-23T21:24:05Z  WARNING  stats fetch failed: timed out
2026-09-23T21:24:10Z  WARNING  thresholds fetch failed: timed out
2026-09-23T21:24:10Z  WARNING  stats fetch failed: timed out
2026-09-23T21:24:15Z  WARNING  thresholds fetch failed: timed out
2026-09-23T21:24:15Z  WARNING  stats fetch failed: timed out
2026-09-23T21:24:20Z  WARNING  thresholds fetch failed: timed out
2026-09-23T21:24:20Z  WARNING  stats fetch failed: timed out
2026-09-23T21:24:25Z  WARNING  thresholds fetch failed: timed out
2026-09-23T21:24:25Z  WARNING  stats fetch failed: timed out
2026-09-23T21:24:30Z  WARNING  thresholds fetch failed: timed out
2026-09-23T21:24:30Z  WARNING  stats fetch failed: timed out
2026-09-23T21:24:35Z  WARNING  thresholds fetch failed: timed out
2026-09-23T21:24:35Z  WARNING  stats fetch failed: timed out
2026-09-23T21:24:40Z  WARNING  thresholds fetch failed: timed out
2026-09-23T21:24:40Z  WARNING  stats fetch failed: timed out
2026-09-23T21:24:45Z  WARNING  thresholds fetch failed: timed out
2026-09-23T21:24:45Z  WARNING  stats fetch failed: timed out
2026-09-23T21:24:50Z  WARNING  thresholds fetch failed: <urlopen error timed out>
2026-09-23T21:24:50Z  WARNING  stats fetch failed: timed out
2026-09-23T21:24:55Z  WARNING  thresholds fetch failed: timed out
2026-09-23T21:24:55Z  WARNING  stats fetch failed: timed out
2026-09-23T21:25:00Z  WARNING  thresholds fetch failed: timed out
2026-09-23T21:25:00Z  WARNING  stats fetch failed: timed out
2026-09-23T21:25:05Z  WARNING  thresholds fetch failed: timed out
2026-09-23T21:25:05Z  WARNING  stats fetch failed: timed out
2026-09-23T21:25:10Z  WARNING  thresholds fetch failed: timed out
2026-09-23T21:25:10Z  WARNING  stats fetch failed: timed out
2026-09-23T21:25:15Z  WARNING  thresholds fetch failed: timed out
2026-09-23T21:25:15Z  WARNING  stats fetch failed: timed out
2026-09-23T21:25:20Z  WARNING  thresholds fetch failed: timed out
2026-09-23T21:25:20Z  WARNING  stats fetch failed: timed out
2026-09-23T21:25:25Z  WARNING  thresholds fetch failed: timed out
2026-09-23T21:25:25Z  WARNING  stats fetch failed: timed out
2026-09-23T21:25:30Z  WARNING  thresholds fetch failed: timed out
2026-09-23T21:25:30Z  WARNING  stats fetch failed: timed out
2026-09-23T21:25:35Z  WARNING  thresholds fetch failed: timed out
2026-09-23T21:25:35Z  WARNING  stats fetch failed: timed out
2026-09-23T21:25:40Z  WARNING  thresholds fetch failed: timed out
2026-09-23T21:25:40Z  WARNING  stats fetch failed: timed out
2026-09-23T21:25:45Z  WARNING  thresholds fetch failed: timed out
2026-09-23T21:25:45Z  WARNING  stats fetch failed: timed out
2026-09-23T21:25:50Z  WARNING  thresholds fetch failed: timed out
2026-09-23T21:25:50Z  WARNING  stats fetch failed: timed out
2026-09-23T21:25:55Z  SHUTDOWN  signal=15
2026-09-23T21:25:56Z  EXIT
