2026-10-03T18:34:42Z  START  poll_interval=1s layer_a_poll_interval=5s
2026-10-03T18:35:25Z  WARNING  thresholds fetch failed: timed out
2026-10-03T18:35:25Z  WARNING  stats fetch failed: timed out
2026-10-03T18:35:30Z  WARNING  thresholds fetch failed: timed out
2026-10-03T18:35:30Z  WARNING  stats fetch failed: timed out
2026-10-03T18:35:35Z  WARNING  thresholds fetch failed: timed out
2026-10-03T18:35:35Z  WARNING  stats fetch failed: timed out
2026-10-03T18:35:40Z  WARNING  thresholds fetch failed: timed out
2026-10-03T18:35:40Z  WARNING  stats fetch failed: timed out
2026-10-03T18:35:45Z  WARNING  thresholds fetch failed: timed out
2026-10-03T18:35:45Z  WARNING  stats fetch failed: timed out
2026-10-03T18:35:50Z  WARNING  thresholds fetch failed: timed out
2026-10-03T18:35:50Z  WARNING  stats fetch failed: timed out
2026-10-03T18:35:55Z  WARNING  thresholds fetch failed: timed out
2026-10-03T18:35:55Z  WARNING  stats fetch failed: timed out
2026-10-03T18:36:00Z  WARNING  thresholds fetch failed: timed out
2026-10-03T18:36:00Z  WARNING  stats fetch failed: timed out
2026-10-03T18:36:05Z  WARNING  thresholds fetch failed: timed out
2026-10-03T18:36:05Z  WARNING  stats fetch failed: timed out
2026-10-03T18:36:10Z  WARNING  thresholds fetch failed: timed out
2026-10-03T18:36:10Z  WARNING  stats fetch failed: timed out
2026-10-03T18:36:15Z  WARNING  thresholds fetch failed: timed out
2026-10-03T18:36:15Z  WARNING  stats fetch failed: timed out
2026-10-03T18:36:20Z  WARNING  thresholds fetch failed: timed out
2026-10-03T18:36:20Z  WARNING  stats fetch failed: timed out
2026-10-03T18:36:25Z  WARNING  thresholds fetch failed: timed out
2026-10-03T18:36:25Z  WARNING  stats fetch failed: timed out
2026-10-03T18:36:30Z  WARNING  thresholds fetch failed: timed out
2026-10-03T18:36:30Z  WARNING  stats fetch failed: timed out
2026-10-03T18:36:35Z  WARNING  thresholds fetch failed: timed out
2026-10-03T18:36:35Z  WARNING  stats fetch failed: timed out
2026-10-03T18:36:40Z  WARNING  thresholds fetch failed: timed out
2026-10-03T18:36:40Z  WARNING  stats fetch failed: timed out
2026-10-03T18:36:45Z  WARNING  thresholds fetch failed: timed out
2026-10-03T18:36:45Z  WARNING  stats fetch failed: timed out
2026-10-03T18:36:50Z  WARNING  thresholds fetch failed: timed out
2026-10-03T18:36:50Z  WARNING  stats fetch failed: timed out
2026-10-03T18:36:55Z  WARNING  thresholds fetch failed: timed out
2026-10-03T18:36:55Z  WARNING  stats fetch failed: timed out
2026-10-03T18:37:00Z  WARNING  thresholds fetch failed: timed out
2026-10-03T18:37:00Z  WARNING  stats fetch failed: timed out
2026-10-03T18:37:05Z  WARNING  thresholds fetch failed: timed out
2026-10-03T18:37:05Z  WARNING  stats fetch failed: timed out
2026-10-03T18:37:10Z  WARNING  thresholds fetch failed: timed out
2026-10-03T18:37:10Z  WARNING  stats fetch failed: timed out
2026-10-03T18:37:15Z  WARNING  thresholds fetch failed: timed out
2026-10-03T18:37:15Z  WARNING  stats fetch failed: timed out
2026-10-03T18:37:20Z  WARNING  thresholds fetch failed: timed out
2026-10-03T18:37:20Z  WARNING  stats fetch failed: timed out
2026-10-03T18:37:25Z  WARNING  thresholds fetch failed: timed out
2026-10-03T18:37:25Z  WARNING  stats fetch failed: timed out
2026-10-03T18:37:30Z  WARNING  thresholds fetch failed: timed out
2026-10-03T18:37:30Z  WARNING  stats fetch failed: timed out
2026-10-03T18:37:35Z  WARNING  thresholds fetch failed: timed out
2026-10-03T18:37:35Z  WARNING  stats fetch failed: timed out
2026-10-03T18:37:40Z  WARNING  thresholds fetch failed: timed out
2026-10-03T18:37:40Z  WARNING  stats fetch failed: timed out
2026-10-03T18:37:45Z  WARNING  thresholds fetch failed: timed out
2026-10-03T18:37:45Z  WARNING  stats fetch failed: timed out
2026-10-03T18:37:50Z  WARNING  thresholds fetch failed: timed out
2026-10-03T18:37:50Z  WARNING  stats fetch failed: timed out
2026-10-03T18:37:55Z  WARNING  thresholds fetch failed: timed out
2026-10-03T18:37:55Z  WARNING  stats fetch failed: timed out
2026-10-03T18:38:00Z  WARNING  thresholds fetch failed: timed out
2026-10-03T18:38:00Z  WARNING  stats fetch failed: timed out
2026-10-03T18:38:05Z  WARNING  thresholds fetch failed: timed out
2026-10-03T18:38:05Z  WARNING  stats fetch failed: timed out
2026-10-03T18:38:10Z  WARNING  thresholds fetch failed: timed out
2026-10-03T18:38:10Z  WARNING  stats fetch failed: timed out
2026-10-03T18:38:15Z  WARNING  thresholds fetch failed: timed out
2026-10-03T18:38:15Z  WARNING  stats fetch failed: timed out
2026-10-03T18:38:20Z  WARNING  thresholds fetch failed: timed out
2026-10-03T18:38:20Z  WARNING  stats fetch failed: timed out
2026-10-03T18:38:25Z  WARNING  thresholds fetch failed: timed out
2026-10-03T18:38:25Z  WARNING  stats fetch failed: timed out
2026-10-03T18:38:30Z  WARNING  thresholds fetch failed: timed out
2026-10-03T18:38:30Z  WARNING  stats fetch failed: timed out
2026-10-03T18:38:35Z  WARNING  thresholds fetch failed: timed out
2026-10-03T18:38:35Z  WARNING  stats fetch failed: timed out
2026-10-03T18:38:40Z  WARNING  thresholds fetch failed: timed out
2026-10-03T18:38:40Z  WARNING  stats fetch failed: timed out
2026-10-03T18:38:45Z  WARNING  thresholds fetch failed: timed out
2026-10-03T18:38:45Z  WARNING  stats fetch failed: timed out
2026-10-03T18:38:50Z  WARNING  thresholds fetch failed: timed out
2026-10-03T18:38:50Z  WARNING  stats fetch failed: timed out
2026-10-03T18:38:55Z  WARNING  thresholds fetch failed: timed out
2026-10-03T18:38:55Z  WARNING  stats fetch failed: timed out
2026-10-03T18:39:00Z  WARNING  thresholds fetch failed: timed out
2026-10-03T18:39:00Z  WARNING  stats fetch failed: timed out
2026-10-03T18:39:05Z  WARNING  thresholds fetch failed: timed out
2026-10-03T18:39:05Z  WARNING  stats fetch failed: timed out
2026-10-03T18:39:10Z  WARNING  thresholds fetch failed: timed out
2026-10-03T18:39:10Z  WARNING  stats fetch failed: timed out
2026-10-03T18:39:15Z  WARNING  thresholds fetch failed: timed out
2026-10-03T18:39:15Z  WARNING  stats fetch failed: timed out
2026-10-03T18:39:20Z  WARNING  thresholds fetch failed: timed out
2026-10-03T18:39:20Z  WARNING  stats fetch failed: timed out
2026-10-03T18:39:25Z  WARNING  thresholds fetch failed: timed out
2026-10-03T18:39:25Z  WARNING  stats fetch failed: timed out
2026-10-03T18:39:30Z  WARNING  thresholds fetch failed: timed out
2026-10-03T18:39:30Z  WARNING  stats fetch failed: timed out
2026-10-03T18:39:35Z  WARNING  thresholds fetch failed: timed out
2026-10-03T18:39:35Z  WARNING  stats fetch failed: timed out
2026-10-03T18:39:40Z  WARNING  thresholds fetch failed: timed out
2026-10-03T18:39:40Z  WARNING  stats fetch failed: timed out
2026-10-03T18:39:45Z  WARNING  thresholds fetch failed: timed out
2026-10-03T18:39:45Z  WARNING  stats fetch failed: timed out
2026-10-03T18:39:50Z  WARNING  thresholds fetch failed: timed out
2026-10-03T18:39:50Z  WARNING  stats fetch failed: timed out
2026-10-03T18:39:55Z  WARNING  thresholds fetch failed: timed out
2026-10-03T18:39:55Z  WARNING  stats fetch failed: timed out
2026-10-03T18:40:00Z  WARNING  thresholds fetch failed: timed out
2026-10-03T18:40:00Z  WARNING  stats fetch failed: timed out
2026-10-03T18:40:05Z  WARNING  thresholds fetch failed: timed out
2026-10-03T18:40:05Z  WARNING  stats fetch failed: timed out
2026-10-03T18:40:10Z  WARNING  thresholds fetch failed: timed out
2026-10-03T18:40:10Z  WARNING  stats fetch failed: timed out
2026-10-03T18:40:15Z  WARNING  thresholds fetch failed: timed out
2026-10-03T18:40:15Z  WARNING  stats fetch failed: timed out
2026-10-03T18:40:20Z  WARNING  thresholds fetch failed: timed out
2026-10-03T18:40:20Z  WARNING  stats fetch failed: timed out
2026-10-03T18:40:25Z  WARNING  thresholds fetch failed: timed out
2026-10-03T18:40:25Z  WARNING  stats fetch failed: timed out
2026-10-03T18:40:30Z  WARNING  thresholds fetch failed: timed out
2026-10-03T18:40:30Z  WARNING  stats fetch failed: timed out
2026-10-03T18:40:35Z  WARNING  thresholds fetch failed: timed out
2026-10-03T18:40:35Z  WARNING  stats fetch failed: timed out
2026-10-03T18:40:40Z  WARNING  thresholds fetch failed: timed out
2026-10-03T18:40:40Z  WARNING  stats fetch failed: timed out
2026-10-03T18:40:45Z  WARNING  thresholds fetch failed: timed out
2026-10-03T18:40:45Z  WARNING  stats fetch failed: timed out
2026-10-03T18:40:50Z  WARNING  thresholds fetch failed: timed out
2026-10-03T18:40:50Z  WARNING  stats fetch failed: timed out
2026-10-03T18:40:55Z  WARNING  thresholds fetch failed: timed out
2026-10-03T18:40:55Z  WARNING  stats fetch failed: timed out
2026-10-03T18:41:00Z  WARNING  thresholds fetch failed: timed out
2026-10-03T18:41:00Z  WARNING  stats fetch failed: timed out
2026-10-03T18:41:05Z  WARNING  thresholds fetch failed: timed out
2026-10-03T18:41:05Z  WARNING  stats fetch failed: timed out
2026-10-03T18:41:10Z  WARNING  thresholds fetch failed: timed out
2026-10-03T18:41:10Z  WARNING  stats fetch failed: timed out
2026-10-03T18:41:15Z  WARNING  thresholds fetch failed: timed out
2026-10-03T18:41:15Z  WARNING  stats fetch failed: timed out
2026-10-03T18:41:20Z  WARNING  thresholds fetch failed: timed out
2026-10-03T18:41:20Z  WARNING  stats fetch failed: timed out
2026-10-03T18:41:25Z  WARNING  thresholds fetch failed: timed out
2026-10-03T18:41:25Z  WARNING  stats fetch failed: timed out
2026-10-03T18:41:30Z  WARNING  thresholds fetch failed: timed out
2026-10-03T18:41:30Z  WARNING  stats fetch failed: timed out
2026-10-03T18:41:35Z  WARNING  thresholds fetch failed: timed out
2026-10-03T18:41:35Z  WARNING  stats fetch failed: timed out
2026-10-03T18:41:40Z  WARNING  thresholds fetch failed: timed out
2026-10-03T18:41:40Z  WARNING  stats fetch failed: timed out
2026-10-03T18:41:45Z  WARNING  thresholds fetch failed: timed out
2026-10-03T18:41:45Z  WARNING  stats fetch failed: timed out
2026-10-03T18:41:50Z  WARNING  thresholds fetch failed: timed out
2026-10-03T18:41:50Z  WARNING  stats fetch failed: timed out
2026-10-03T18:41:55Z  WARNING  thresholds fetch failed: timed out
2026-10-03T18:41:55Z  WARNING  stats fetch failed: timed out
2026-10-03T18:42:00Z  WARNING  thresholds fetch failed: timed out
2026-10-03T18:42:00Z  WARNING  stats fetch failed: timed out
2026-10-03T18:42:05Z  WARNING  thresholds fetch failed: timed out
2026-10-03T18:42:05Z  WARNING  stats fetch failed: timed out
2026-10-03T18:42:10Z  WARNING  thresholds fetch failed: timed out
2026-10-03T18:42:10Z  WARNING  stats fetch failed: <urlopen error timed out>
2026-10-03T18:42:15Z  WARNING  thresholds fetch failed: timed out
2026-10-03T18:42:15Z  WARNING  stats fetch failed: timed out
2026-10-03T18:42:20Z  WARNING  thresholds fetch failed: timed out
2026-10-03T18:42:20Z  WARNING  stats fetch failed: timed out
2026-10-03T18:42:25Z  WARNING  thresholds fetch failed: timed out
2026-10-03T18:42:25Z  WARNING  stats fetch failed: timed out
2026-10-03T18:42:30Z  WARNING  thresholds fetch failed: timed out
2026-10-03T18:42:30Z  WARNING  stats fetch failed: timed out
2026-10-03T18:42:35Z  WARNING  thresholds fetch failed: timed out
2026-10-03T18:42:35Z  WARNING  stats fetch failed: timed out
2026-10-03T18:42:40Z  WARNING  thresholds fetch failed: timed out
2026-10-03T18:42:40Z  WARNING  stats fetch failed: timed out
2026-10-03T18:42:45Z  WARNING  thresholds fetch failed: timed out
2026-10-03T18:42:45Z  WARNING  stats fetch failed: timed out
2026-10-03T18:42:50Z  WARNING  thresholds fetch failed: timed out
2026-10-03T18:42:50Z  WARNING  stats fetch failed: timed out
2026-10-03T18:42:55Z  WARNING  thresholds fetch failed: timed out
2026-10-03T18:42:55Z  WARNING  stats fetch failed: timed out
2026-10-03T18:43:00Z  WARNING  thresholds fetch failed: timed out
2026-10-03T18:43:00Z  WARNING  stats fetch failed: timed out
2026-10-03T18:43:05Z  WARNING  thresholds fetch failed: timed out
2026-10-03T18:43:05Z  WARNING  stats fetch failed: timed out
2026-10-03T18:43:10Z  WARNING  thresholds fetch failed: timed out
2026-10-03T18:43:10Z  WARNING  stats fetch failed: timed out
2026-10-03T18:43:15Z  WARNING  thresholds fetch failed: timed out
2026-10-03T18:43:15Z  WARNING  stats fetch failed: timed out
2026-10-03T18:43:20Z  WARNING  thresholds fetch failed: timed out
2026-10-03T18:43:20Z  WARNING  stats fetch failed: timed out
2026-10-03T18:43:25Z  WARNING  thresholds fetch failed: timed out
2026-10-03T18:43:25Z  WARNING  stats fetch failed: timed out
2026-10-03T18:43:30Z  WARNING  thresholds fetch failed: timed out
2026-10-03T18:43:30Z  WARNING  stats fetch failed: timed out
2026-10-03T18:43:35Z  WARNING  thresholds fetch failed: timed out
2026-10-03T18:43:35Z  WARNING  stats fetch failed: timed out
2026-10-03T18:43:40Z  WARNING  thresholds fetch failed: timed out
2026-10-03T18:43:40Z  WARNING  stats fetch failed: timed out
2026-10-03T18:43:45Z  WARNING  thresholds fetch failed: timed out
2026-10-03T18:43:45Z  WARNING  stats fetch failed: timed out
2026-10-03T18:43:50Z  WARNING  thresholds fetch failed: timed out
2026-10-03T18:43:50Z  WARNING  stats fetch failed: timed out
2026-10-03T18:43:55Z  WARNING  thresholds fetch failed: timed out
2026-10-03T18:43:55Z  WARNING  stats fetch failed: timed out
2026-10-03T18:44:00Z  WARNING  thresholds fetch failed: timed out
2026-10-03T18:44:00Z  WARNING  stats fetch failed: timed out
2026-10-03T18:44:05Z  WARNING  thresholds fetch failed: timed out
2026-10-03T18:44:05Z  WARNING  stats fetch failed: timed out
2026-10-03T18:44:10Z  WARNING  thresholds fetch failed: timed out
2026-10-03T18:44:10Z  WARNING  stats fetch failed: timed out
2026-10-03T18:44:15Z  WARNING  thresholds fetch failed: timed out
2026-10-03T18:44:15Z  WARNING  stats fetch failed: timed out
2026-10-03T18:44:20Z  WARNING  thresholds fetch failed: timed out
2026-10-03T18:44:20Z  WARNING  stats fetch failed: timed out
2026-10-03T18:44:25Z  WARNING  thresholds fetch failed: timed out
2026-10-03T18:44:25Z  WARNING  stats fetch failed: timed out
2026-10-03T18:44:30Z  WARNING  thresholds fetch failed: timed out
2026-10-03T18:44:30Z  WARNING  stats fetch failed: timed out
2026-10-03T18:44:35Z  WARNING  thresholds fetch failed: timed out
2026-10-03T18:44:35Z  WARNING  stats fetch failed: timed out
2026-10-03T18:44:40Z  WARNING  thresholds fetch failed: timed out
2026-10-03T18:44:40Z  WARNING  stats fetch failed: timed out
2026-10-03T18:44:45Z  WARNING  thresholds fetch failed: timed out
2026-10-03T18:44:45Z  WARNING  stats fetch failed: timed out
2026-10-03T18:44:50Z  WARNING  thresholds fetch failed: timed out
2026-10-03T18:44:50Z  WARNING  stats fetch failed: timed out
2026-10-03T18:44:55Z  WARNING  thresholds fetch failed: timed out
2026-10-03T18:44:55Z  WARNING  stats fetch failed: timed out
2026-10-03T18:45:00Z  WARNING  thresholds fetch failed: timed out
2026-10-03T18:45:00Z  WARNING  stats fetch failed: timed out
2026-10-03T18:45:05Z  WARNING  thresholds fetch failed: timed out
2026-10-03T18:45:05Z  WARNING  stats fetch failed: timed out
2026-10-03T18:45:10Z  WARNING  thresholds fetch failed: timed out
2026-10-03T18:45:10Z  WARNING  stats fetch failed: timed out
2026-10-03T18:45:15Z  WARNING  thresholds fetch failed: timed out
2026-10-03T18:45:15Z  WARNING  stats fetch failed: timed out
2026-10-03T18:45:19Z  SHUTDOWN  signal=15
2026-10-03T18:45:20Z  EXIT
