2026-09-05T20:50:49Z  WAITING  for metric_collector CSVs under /home/idozacharia/TopFull/TopFull_master/online_boutique_scripts/src/logs (timeout=60s)
2026-09-05T20:50:49Z  READY  found getproduct.csv
2026-09-05T20:50:49Z  START  threshold=0.20 window=30s disable_windows=2 re_enable_windows=3 services=['cartservice', 'checkoutservice', 'productcatalogservice']
2026-09-05T20:51:19Z  OBSERVE  cartservice  rejection=0.5117  low=0 high=1  state=ON
2026-09-05T20:51:19Z  OBSERVE  checkoutservice  rejection=0.5238  low=0 high=1  state=ON
2026-09-05T20:51:19Z  OBSERVE  productcatalogservice  rejection=0.6220  low=0 high=1  state=ON
2026-09-05T20:51:49Z  OBSERVE  cartservice  rejection=0.9167  low=0 high=2  state=ON
2026-09-05T20:51:49Z  cartservice  ON→OFF   rejection=0.92  consecutive_high=2  attempts=0
2026-09-05T20:51:49Z  OBSERVE  checkoutservice  rejection=0.8645  low=0 high=2  state=ON
2026-09-05T20:51:49Z  checkoutservice  ON→OFF   rejection=0.86  consecutive_high=2  attempts=0
2026-09-05T20:51:49Z  OBSERVE  productcatalogservice  rejection=0.9445  low=0 high=2  state=ON
2026-09-05T20:51:49Z  productcatalogservice  ON→OFF   rejection=0.94  consecutive_high=2  attempts=0
2026-09-05T20:52:19Z  OBSERVE  cartservice  rejection=0.9877  low=0 high=3  state=OFF
2026-09-05T20:52:19Z  OBSERVE  checkoutservice  rejection=0.9600  low=0 high=3  state=OFF
2026-09-05T20:52:19Z  OBSERVE  productcatalogservice  rejection=0.9939  low=0 high=3  state=OFF
2026-09-05T20:52:49Z  OBSERVE  cartservice  rejection=1.0000  low=0 high=4  state=OFF
2026-09-05T20:52:49Z  OBSERVE  checkoutservice  rejection=1.0000  low=0 high=4  state=OFF
2026-09-05T20:52:49Z  OBSERVE  productcatalogservice  rejection=1.0000  low=0 high=4  state=OFF
2026-09-05T20:53:19Z  OBSERVE  cartservice  rejection=1.0000  low=0 high=5  state=OFF
2026-09-05T20:53:19Z  OBSERVE  checkoutservice  rejection=1.0000  low=0 high=5  state=OFF
2026-09-05T20:53:19Z  OBSERVE  productcatalogservice  rejection=1.0000  low=0 high=5  state=OFF
2026-09-05T20:53:49Z  OBSERVE  cartservice  rejection=1.0000  low=0 high=6  state=OFF
2026-09-05T20:53:49Z  OBSERVE  checkoutservice  rejection=1.0000  low=0 high=6  state=OFF
2026-09-05T20:53:49Z  OBSERVE  productcatalogservice  rejection=1.0000  low=0 high=6  state=OFF
2026-09-05T20:54:19Z  OBSERVE  cartservice  rejection=1.0000  low=0 high=7  state=OFF
2026-09-05T20:54:19Z  OBSERVE  checkoutservice  rejection=1.0000  low=0 high=7  state=OFF
2026-09-05T20:54:19Z  OBSERVE  productcatalogservice  rejection=1.0000  low=0 high=7  state=OFF
2026-09-05T20:54:49Z  OBSERVE  cartservice  rejection=1.0000  low=0 high=8  state=OFF
2026-09-05T20:54:49Z  OBSERVE  checkoutservice  rejection=1.0000  low=0 high=8  state=OFF
2026-09-05T20:54:49Z  OBSERVE  productcatalogservice  rejection=1.0000  low=0 high=8  state=OFF
2026-09-05T20:55:19Z  OBSERVE  cartservice  rejection=1.0000  low=0 high=9  state=OFF
2026-09-05T20:55:19Z  OBSERVE  checkoutservice  rejection=1.0000  low=0 high=9  state=OFF
2026-09-05T20:55:19Z  OBSERVE  productcatalogservice  rejection=1.0000  low=0 high=9  state=OFF
2026-09-05T20:55:49Z  OBSERVE  cartservice  rejection=1.0000  low=0 high=10  state=OFF
2026-09-05T20:55:49Z  OBSERVE  checkoutservice  rejection=1.0000  low=0 high=10  state=OFF
2026-09-05T20:55:49Z  OBSERVE  productcatalogservice  rejection=1.0000  low=0 high=10  state=OFF
2026-09-05T20:56:19Z  OBSERVE  cartservice  rejection=1.0000  low=0 high=11  state=OFF
2026-09-05T20:56:19Z  OBSERVE  checkoutservice  rejection=1.0000  low=0 high=11  state=OFF
2026-09-05T20:56:19Z  OBSERVE  productcatalogservice  rejection=1.0000  low=0 high=11  state=OFF
2026-09-05T20:56:50Z  OBSERVE  cartservice  rejection=1.0000  low=0 high=12  state=OFF
2026-09-05T20:56:50Z  OBSERVE  checkoutservice  rejection=1.0000  low=0 high=12  state=OFF
2026-09-05T20:56:50Z  OBSERVE  productcatalogservice  rejection=1.0000  low=0 high=12  state=OFF
2026-09-05T20:57:20Z  OBSERVE  cartservice  rejection=0.9724  low=0 high=13  state=OFF
2026-09-05T20:57:20Z  OBSERVE  checkoutservice  rejection=0.9220  low=0 high=13  state=OFF
2026-09-05T20:57:20Z  OBSERVE  productcatalogservice  rejection=0.9733  low=0 high=13  state=OFF
2026-09-05T20:57:50Z  OBSERVE  cartservice  rejection=0.9513  low=0 high=14  state=OFF
2026-09-05T20:57:50Z  OBSERVE  checkoutservice  rejection=0.9372  low=0 high=14  state=OFF
2026-09-05T20:57:50Z  OBSERVE  productcatalogservice  rejection=0.9696  low=0 high=14  state=OFF
2026-09-05T20:58:20Z  OBSERVE  cartservice  rejection=1.0000  low=0 high=15  state=OFF
2026-09-05T20:58:20Z  OBSERVE  checkoutservice  rejection=1.0000  low=0 high=15  state=OFF
2026-09-05T20:58:20Z  OBSERVE  productcatalogservice  rejection=1.0000  low=0 high=15  state=OFF
2026-09-05T20:58:50Z  OBSERVE  cartservice  rejection=1.0000  low=0 high=16  state=OFF
2026-09-05T20:58:50Z  OBSERVE  checkoutservice  rejection=1.0000  low=0 high=16  state=OFF
2026-09-05T20:58:50Z  OBSERVE  productcatalogservice  rejection=1.0000  low=0 high=16  state=OFF
2026-09-05T20:59:20Z  OBSERVE  cartservice  rejection=1.0000  low=0 high=17  state=OFF
2026-09-05T20:59:20Z  OBSERVE  checkoutservice  rejection=1.0000  low=0 high=17  state=OFF
2026-09-05T20:59:20Z  OBSERVE  productcatalogservice  rejection=1.0000  low=0 high=17  state=OFF
2026-09-05T20:59:50Z  OBSERVE  cartservice  rejection=1.0000  low=0 high=18  state=OFF
2026-09-05T20:59:50Z  OBSERVE  checkoutservice  rejection=1.0000  low=0 high=18  state=OFF
2026-09-05T20:59:50Z  OBSERVE  productcatalogservice  rejection=1.0000  low=0 high=18  state=OFF
2026-09-05T21:00:20Z  OBSERVE  cartservice  rejection=1.0000  low=0 high=19  state=OFF
2026-09-05T21:00:20Z  OBSERVE  checkoutservice  rejection=1.0000  low=0 high=19  state=OFF
2026-09-05T21:00:20Z  OBSERVE  productcatalogservice  rejection=1.0000  low=0 high=19  state=OFF
2026-09-05T21:00:50Z  OBSERVE  cartservice  rejection=1.0000  low=0 high=20  state=OFF
2026-09-05T21:00:50Z  OBSERVE  checkoutservice  rejection=1.0000  low=0 high=20  state=OFF
2026-09-05T21:00:50Z  OBSERVE  productcatalogservice  rejection=1.0000  low=0 high=20  state=OFF
2026-09-05T21:01:20Z  OBSERVE  cartservice  rejection=1.0000  low=0 high=21  state=OFF
2026-09-05T21:01:20Z  OBSERVE  checkoutservice  rejection=1.0000  low=0 high=21  state=OFF
2026-09-05T21:01:20Z  OBSERVE  productcatalogservice  rejection=1.0000  low=0 high=21  state=OFF
2026-09-05T21:01:27Z  SHUTDOWN  signal=15
