2026-09-11T13:14:51Z  START  poll_interval=1s
2026-09-11T13:15:41Z  WARNING  thresholds fetch failed: timed out
2026-09-11T13:15:41Z  WARNING  stats fetch failed: timed out
2026-09-11T13:15:42Z  WARNING  thresholds fetch failed: timed out
2026-09-11T13:15:42Z  WARNING  stats fetch failed: timed out
2026-09-11T13:15:43Z  WARNING  thresholds fetch failed: timed out
2026-09-11T13:15:43Z  WARNING  stats fetch failed: timed out
2026-09-11T13:15:44Z  WARNING  thresholds fetch failed: timed out
2026-09-11T13:15:44Z  WARNING  stats fetch failed: timed out
2026-09-11T13:15:45Z  WARNING  thresholds fetch failed: timed out
2026-09-11T13:15:45Z  WARNING  stats fetch failed: timed out
2026-09-11T13:15:46Z  WARNING  thresholds fetch failed: timed out
2026-09-11T13:15:46Z  WARNING  stats fetch failed: timed out
2026-09-11T13:15:47Z  WARNING  thresholds fetch failed: timed out
2026-09-11T13:15:47Z  WARNING  stats fetch failed: timed out
2026-09-11T13:15:48Z  WARNING  thresholds fetch failed: timed out
2026-09-11T13:15:48Z  WARNING  stats fetch failed: timed out
2026-09-11T13:15:49Z  WARNING  thresholds fetch failed: timed out
2026-09-11T13:15:49Z  WARNING  stats fetch failed: timed out
2026-09-11T13:15:50Z  WARNING  thresholds fetch failed: timed out
2026-09-11T13:15:50Z  WARNING  stats fetch failed: timed out
2026-09-11T13:15:51Z  WARNING  thresholds fetch failed: timed out
2026-09-11T13:15:51Z  WARNING  stats fetch failed: timed out
2026-09-11T13:15:52Z  WARNING  thresholds fetch failed: timed out
2026-09-11T13:15:52Z  WARNING  stats fetch failed: timed out
2026-09-11T13:15:53Z  WARNING  thresholds fetch failed: timed out
2026-09-11T13:15:53Z  WARNING  stats fetch failed: timed out
2026-09-11T13:15:54Z  WARNING  thresholds fetch failed: timed out
2026-09-11T13:15:54Z  WARNING  stats fetch failed: timed out
2026-09-11T13:15:55Z  WARNING  thresholds fetch failed: timed out
2026-09-11T13:15:55Z  WARNING  stats fetch failed: timed out
2026-09-11T13:15:56Z  WARNING  thresholds fetch failed: timed out
2026-09-11T13:15:56Z  WARNING  stats fetch failed: timed out
2026-09-11T13:15:57Z  WARNING  thresholds fetch failed: timed out
2026-09-11T13:15:57Z  WARNING  stats fetch failed: timed out
2026-09-11T13:15:58Z  WARNING  thresholds fetch failed: timed out
2026-09-11T13:15:58Z  WARNING  stats fetch failed: timed out
2026-09-11T13:15:59Z  WARNING  thresholds fetch failed: timed out
2026-09-11T13:15:59Z  WARNING  stats fetch failed: timed out
2026-09-11T13:16:00Z  WARNING  thresholds fetch failed: timed out
2026-09-11T13:16:00Z  WARNING  stats fetch failed: timed out
2026-09-11T13:16:01Z  WARNING  thresholds fetch failed: timed out
2026-09-11T13:16:01Z  WARNING  stats fetch failed: timed out
2026-09-11T13:16:02Z  WARNING  thresholds fetch failed: timed out
2026-09-11T13:16:02Z  WARNING  stats fetch failed: timed out
2026-09-11T13:16:03Z  WARNING  thresholds fetch failed: timed out
2026-09-11T13:16:03Z  WARNING  stats fetch failed: timed out
2026-09-11T13:16:04Z  WARNING  thresholds fetch failed: timed out
2026-09-11T13:16:04Z  WARNING  stats fetch failed: timed out
2026-09-11T13:16:05Z  WARNING  thresholds fetch failed: timed out
2026-09-11T13:16:05Z  WARNING  stats fetch failed: timed out
2026-09-11T13:16:06Z  WARNING  thresholds fetch failed: timed out
2026-09-11T13:16:06Z  WARNING  stats fetch failed: timed out
2026-09-11T13:16:07Z  WARNING  thresholds fetch failed: timed out
2026-09-11T13:16:07Z  WARNING  stats fetch failed: timed out
2026-09-11T13:16:08Z  WARNING  thresholds fetch failed: timed out
2026-09-11T13:16:08Z  WARNING  stats fetch failed: timed out
2026-09-11T13:16:09Z  WARNING  thresholds fetch failed: timed out
2026-09-11T13:16:09Z  WARNING  stats fetch failed: timed out
2026-09-11T13:16:10Z  WARNING  thresholds fetch failed: timed out
2026-09-11T13:16:10Z  WARNING  stats fetch failed: timed out
2026-09-11T13:16:11Z  WARNING  thresholds fetch failed: timed out
2026-09-11T13:16:11Z  WARNING  stats fetch failed: timed out
2026-09-11T13:16:12Z  WARNING  thresholds fetch failed: timed out
2026-09-11T13:16:12Z  WARNING  stats fetch failed: timed out
2026-09-11T13:16:13Z  WARNING  thresholds fetch failed: timed out
2026-09-11T13:16:13Z  WARNING  stats fetch failed: timed out
2026-09-11T13:16:14Z  WARNING  thresholds fetch failed: timed out
2026-09-11T13:16:14Z  WARNING  stats fetch failed: timed out
2026-09-11T13:16:15Z  WARNING  thresholds fetch failed: timed out
2026-09-11T13:16:15Z  WARNING  stats fetch failed: timed out
2026-09-11T13:16:16Z  WARNING  thresholds fetch failed: timed out
2026-09-11T13:16:16Z  WARNING  stats fetch failed: timed out
2026-09-11T13:16:17Z  WARNING  thresholds fetch failed: timed out
2026-09-11T13:16:17Z  WARNING  stats fetch failed: timed out
2026-09-11T13:16:18Z  WARNING  thresholds fetch failed: timed out
2026-09-11T13:16:18Z  WARNING  stats fetch failed: timed out
2026-09-11T13:16:19Z  WARNING  thresholds fetch failed: timed out
2026-09-11T13:16:19Z  WARNING  stats fetch failed: timed out
2026-09-11T13:16:20Z  WARNING  thresholds fetch failed: timed out
2026-09-11T13:16:20Z  WARNING  stats fetch failed: timed out
2026-09-11T13:16:21Z  WARNING  thresholds fetch failed: timed out
2026-09-11T13:16:21Z  WARNING  stats fetch failed: timed out
2026-09-11T13:16:22Z  WARNING  thresholds fetch failed: timed out
2026-09-11T13:16:22Z  WARNING  stats fetch failed: timed out
2026-09-11T13:16:23Z  WARNING  thresholds fetch failed: timed out
2026-09-11T13:16:23Z  WARNING  stats fetch failed: timed out
2026-09-11T13:16:24Z  WARNING  thresholds fetch failed: timed out
2026-09-11T13:16:24Z  WARNING  stats fetch failed: timed out
2026-09-11T13:16:25Z  WARNING  thresholds fetch failed: timed out
2026-09-11T13:16:25Z  WARNING  stats fetch failed: timed out
2026-09-11T13:16:26Z  WARNING  thresholds fetch failed: timed out
2026-09-11T13:16:26Z  WARNING  stats fetch failed: timed out
2026-09-11T13:16:27Z  WARNING  thresholds fetch failed: timed out
2026-09-11T13:16:27Z  WARNING  stats fetch failed: timed out
2026-09-11T13:16:28Z  WARNING  thresholds fetch failed: timed out
2026-09-11T13:16:28Z  WARNING  stats fetch failed: timed out
2026-09-11T13:16:29Z  WARNING  thresholds fetch failed: timed out
2026-09-11T13:16:29Z  WARNING  stats fetch failed: timed out
2026-09-11T13:16:30Z  WARNING  thresholds fetch failed: timed out
2026-09-11T13:16:30Z  WARNING  stats fetch failed: timed out
2026-09-11T13:16:31Z  WARNING  thresholds fetch failed: timed out
2026-09-11T13:16:31Z  WARNING  stats fetch failed: timed out
2026-09-11T13:16:32Z  WARNING  thresholds fetch failed: timed out
2026-09-11T13:16:32Z  WARNING  stats fetch failed: timed out
2026-09-11T13:16:33Z  WARNING  thresholds fetch failed: timed out
2026-09-11T13:16:33Z  WARNING  stats fetch failed: timed out
2026-09-11T13:16:34Z  WARNING  thresholds fetch failed: timed out
2026-09-11T13:16:34Z  WARNING  stats fetch failed: timed out
2026-09-11T13:16:35Z  WARNING  thresholds fetch failed: timed out
2026-09-11T13:16:35Z  WARNING  stats fetch failed: timed out
2026-09-11T13:16:36Z  WARNING  thresholds fetch failed: timed out
2026-09-11T13:16:36Z  WARNING  stats fetch failed: timed out
2026-09-11T13:16:37Z  WARNING  thresholds fetch failed: timed out
2026-09-11T13:16:37Z  WARNING  stats fetch failed: timed out
2026-09-11T13:16:38Z  WARNING  thresholds fetch failed: timed out
2026-09-11T13:16:38Z  WARNING  stats fetch failed: timed out
2026-09-11T13:16:39Z  WARNING  thresholds fetch failed: timed out
2026-09-11T13:16:39Z  WARNING  stats fetch failed: timed out
2026-09-11T13:16:40Z  WARNING  thresholds fetch failed: timed out
2026-09-11T13:16:40Z  WARNING  stats fetch failed: timed out
2026-09-11T13:16:41Z  WARNING  thresholds fetch failed: timed out
2026-09-11T13:16:41Z  WARNING  stats fetch failed: timed out
2026-09-11T13:16:42Z  WARNING  thresholds fetch failed: timed out
2026-09-11T13:16:42Z  WARNING  stats fetch failed: timed out
2026-09-11T13:16:43Z  WARNING  thresholds fetch failed: timed out
2026-09-11T13:16:43Z  WARNING  stats fetch failed: timed out
2026-09-11T13:16:44Z  WARNING  thresholds fetch failed: timed out
2026-09-11T13:16:44Z  WARNING  stats fetch failed: timed out
2026-09-11T13:16:45Z  WARNING  thresholds fetch failed: timed out
2026-09-11T13:16:45Z  WARNING  stats fetch failed: timed out
2026-09-11T13:16:46Z  WARNING  thresholds fetch failed: timed out
2026-09-11T13:16:46Z  WARNING  stats fetch failed: timed out
2026-09-11T13:16:47Z  WARNING  thresholds fetch failed: timed out
2026-09-11T13:16:47Z  WARNING  stats fetch failed: timed out
2026-09-11T13:16:48Z  WARNING  thresholds fetch failed: timed out
2026-09-11T13:16:48Z  WARNING  stats fetch failed: timed out
2026-09-11T13:16:49Z  WARNING  thresholds fetch failed: timed out
2026-09-11T13:16:49Z  WARNING  stats fetch failed: timed out
2026-09-11T13:16:50Z  WARNING  thresholds fetch failed: timed out
2026-09-11T13:16:50Z  WARNING  stats fetch failed: timed out
2026-09-11T13:16:51Z  WARNING  thresholds fetch failed: timed out
2026-09-11T13:16:51Z  WARNING  stats fetch failed: timed out
2026-09-11T13:16:52Z  WARNING  thresholds fetch failed: timed out
2026-09-11T13:16:52Z  WARNING  stats fetch failed: timed out
2026-09-11T13:16:53Z  WARNING  thresholds fetch failed: timed out
2026-09-11T13:16:53Z  WARNING  stats fetch failed: timed out
2026-09-11T13:16:54Z  WARNING  thresholds fetch failed: timed out
2026-09-11T13:16:54Z  WARNING  stats fetch failed: timed out
2026-09-11T13:16:55Z  WARNING  thresholds fetch failed: timed out
2026-09-11T13:16:55Z  WARNING  stats fetch failed: timed out
2026-09-11T13:16:56Z  WARNING  thresholds fetch failed: timed out
2026-09-11T13:16:56Z  WARNING  stats fetch failed: timed out
2026-09-11T13:16:57Z  WARNING  thresholds fetch failed: timed out
2026-09-11T13:16:57Z  WARNING  stats fetch failed: timed out
2026-09-11T13:16:58Z  WARNING  thresholds fetch failed: timed out
2026-09-11T13:16:58Z  WARNING  stats fetch failed: timed out
2026-09-11T13:16:59Z  WARNING  thresholds fetch failed: timed out
2026-09-11T13:16:59Z  WARNING  stats fetch failed: timed out
2026-09-11T13:17:00Z  WARNING  thresholds fetch failed: timed out
2026-09-11T13:17:00Z  WARNING  stats fetch failed: timed out
2026-09-11T13:17:01Z  WARNING  thresholds fetch failed: timed out
2026-09-11T13:17:01Z  WARNING  stats fetch failed: timed out
2026-09-11T13:17:02Z  WARNING  thresholds fetch failed: timed out
2026-09-11T13:17:02Z  WARNING  stats fetch failed: timed out
2026-09-11T13:17:03Z  WARNING  thresholds fetch failed: timed out
2026-09-11T13:17:03Z  WARNING  stats fetch failed: timed out
2026-09-11T13:17:04Z  WARNING  thresholds fetch failed: timed out
2026-09-11T13:17:04Z  WARNING  stats fetch failed: timed out
2026-09-11T13:17:05Z  WARNING  thresholds fetch failed: timed out
2026-09-11T13:17:05Z  WARNING  stats fetch failed: timed out
2026-09-11T13:17:06Z  WARNING  thresholds fetch failed: timed out
2026-09-11T13:17:06Z  WARNING  stats fetch failed: timed out
2026-09-11T13:17:07Z  WARNING  thresholds fetch failed: timed out
2026-09-11T13:17:07Z  WARNING  stats fetch failed: timed out
2026-09-11T13:17:08Z  WARNING  thresholds fetch failed: timed out
2026-09-11T13:17:08Z  WARNING  stats fetch failed: timed out
2026-09-11T13:17:09Z  WARNING  thresholds fetch failed: timed out
2026-09-11T13:17:09Z  WARNING  stats fetch failed: timed out
2026-09-11T13:17:10Z  WARNING  thresholds fetch failed: timed out
2026-09-11T13:17:10Z  WARNING  stats fetch failed: timed out
2026-09-11T13:17:11Z  WARNING  thresholds fetch failed: timed out
2026-09-11T13:17:11Z  WARNING  stats fetch failed: timed out
2026-09-11T13:17:12Z  WARNING  thresholds fetch failed: timed out
2026-09-11T13:17:12Z  WARNING  stats fetch failed: timed out
2026-09-11T13:17:13Z  WARNING  thresholds fetch failed: timed out
2026-09-11T13:17:13Z  WARNING  stats fetch failed: timed out
2026-09-11T13:17:14Z  WARNING  thresholds fetch failed: timed out
2026-09-11T13:17:14Z  WARNING  stats fetch failed: timed out
2026-09-11T13:17:15Z  WARNING  thresholds fetch failed: timed out
2026-09-11T13:17:15Z  WARNING  stats fetch failed: timed out
2026-09-11T13:17:16Z  WARNING  thresholds fetch failed: timed out
2026-09-11T13:17:16Z  WARNING  stats fetch failed: timed out
2026-09-11T13:17:17Z  WARNING  thresholds fetch failed: timed out
2026-09-11T13:17:17Z  WARNING  stats fetch failed: timed out
2026-09-11T13:17:18Z  WARNING  thresholds fetch failed: timed out
2026-09-11T13:17:18Z  WARNING  stats fetch failed: timed out
2026-09-11T13:17:19Z  WARNING  thresholds fetch failed: timed out
2026-09-11T13:17:19Z  WARNING  stats fetch failed: timed out
2026-09-11T13:17:20Z  WARNING  thresholds fetch failed: timed out
2026-09-11T13:17:20Z  WARNING  stats fetch failed: timed out
2026-09-11T13:17:21Z  WARNING  thresholds fetch failed: timed out
2026-09-11T13:17:21Z  WARNING  stats fetch failed: timed out
2026-09-11T13:17:22Z  WARNING  thresholds fetch failed: timed out
2026-09-11T13:17:22Z  WARNING  stats fetch failed: timed out
2026-09-11T13:17:23Z  WARNING  thresholds fetch failed: timed out
2026-09-11T13:17:23Z  WARNING  stats fetch failed: timed out
2026-09-11T13:17:24Z  WARNING  thresholds fetch failed: timed out
2026-09-11T13:17:24Z  WARNING  stats fetch failed: timed out
2026-09-11T13:17:25Z  WARNING  thresholds fetch failed: timed out
2026-09-11T13:17:25Z  WARNING  stats fetch failed: timed out
2026-09-11T13:17:26Z  WARNING  thresholds fetch failed: timed out
2026-09-11T13:17:26Z  WARNING  stats fetch failed: timed out
2026-09-11T13:17:27Z  WARNING  thresholds fetch failed: timed out
2026-09-11T13:17:27Z  WARNING  stats fetch failed: timed out
2026-09-11T13:17:28Z  WARNING  thresholds fetch failed: timed out
2026-09-11T13:17:28Z  WARNING  stats fetch failed: timed out
2026-09-11T13:17:29Z  WARNING  thresholds fetch failed: timed out
2026-09-11T13:17:29Z  WARNING  stats fetch failed: timed out
2026-09-11T13:17:30Z  WARNING  thresholds fetch failed: timed out
2026-09-11T13:17:30Z  WARNING  stats fetch failed: timed out
2026-09-11T13:17:31Z  WARNING  thresholds fetch failed: timed out
2026-09-11T13:17:31Z  WARNING  stats fetch failed: timed out
2026-09-11T13:17:32Z  WARNING  thresholds fetch failed: timed out
2026-09-11T13:17:32Z  WARNING  stats fetch failed: timed out
2026-09-11T13:17:33Z  WARNING  thresholds fetch failed: timed out
2026-09-11T13:17:33Z  WARNING  stats fetch failed: timed out
2026-09-11T13:17:34Z  WARNING  thresholds fetch failed: timed out
2026-09-11T13:17:34Z  WARNING  stats fetch failed: timed out
2026-09-11T13:17:35Z  WARNING  thresholds fetch failed: timed out
2026-09-11T13:17:35Z  WARNING  stats fetch failed: timed out
2026-09-11T13:17:36Z  WARNING  thresholds fetch failed: timed out
2026-09-11T13:17:36Z  WARNING  stats fetch failed: timed out
2026-09-11T13:17:37Z  WARNING  thresholds fetch failed: timed out
2026-09-11T13:17:37Z  WARNING  stats fetch failed: timed out
2026-09-11T13:17:38Z  WARNING  thresholds fetch failed: timed out
2026-09-11T13:17:38Z  WARNING  stats fetch failed: timed out
2026-09-11T13:17:39Z  WARNING  thresholds fetch failed: timed out
2026-09-11T13:17:39Z  WARNING  stats fetch failed: timed out
2026-09-11T13:17:40Z  WARNING  thresholds fetch failed: timed out
2026-09-11T13:17:40Z  WARNING  stats fetch failed: timed out
2026-09-11T13:17:41Z  WARNING  thresholds fetch failed: timed out
2026-09-11T13:17:41Z  WARNING  stats fetch failed: timed out
2026-09-11T13:17:42Z  WARNING  thresholds fetch failed: timed out
2026-09-11T13:17:42Z  WARNING  stats fetch failed: timed out
2026-09-11T13:17:43Z  WARNING  thresholds fetch failed: timed out
2026-09-11T13:17:43Z  WARNING  stats fetch failed: timed out
2026-09-11T13:17:44Z  WARNING  thresholds fetch failed: timed out
2026-09-11T13:17:44Z  WARNING  stats fetch failed: timed out
2026-09-11T13:17:45Z  WARNING  thresholds fetch failed: timed out
2026-09-11T13:17:45Z  WARNING  stats fetch failed: timed out
2026-09-11T13:17:46Z  WARNING  thresholds fetch failed: timed out
2026-09-11T13:17:46Z  WARNING  stats fetch failed: timed out
2026-09-11T13:17:47Z  WARNING  thresholds fetch failed: timed out
2026-09-11T13:17:47Z  WARNING  stats fetch failed: timed out
2026-09-11T13:17:48Z  WARNING  thresholds fetch failed: timed out
2026-09-11T13:17:48Z  WARNING  stats fetch failed: timed out
2026-09-11T13:17:49Z  WARNING  thresholds fetch failed: timed out
2026-09-11T13:17:49Z  WARNING  stats fetch failed: timed out
2026-09-11T13:17:50Z  WARNING  thresholds fetch failed: timed out
2026-09-11T13:17:50Z  WARNING  stats fetch failed: timed out
2026-09-11T13:17:51Z  WARNING  thresholds fetch failed: timed out
2026-09-11T13:17:51Z  WARNING  stats fetch failed: timed out
2026-09-11T13:17:52Z  WARNING  thresholds fetch failed: timed out
2026-09-11T13:17:52Z  WARNING  stats fetch failed: timed out
2026-09-11T13:17:53Z  WARNING  thresholds fetch failed: timed out
2026-09-11T13:17:53Z  WARNING  stats fetch failed: timed out
2026-09-11T13:17:54Z  WARNING  thresholds fetch failed: timed out
2026-09-11T13:17:54Z  WARNING  stats fetch failed: timed out
2026-09-11T13:17:55Z  WARNING  thresholds fetch failed: timed out
2026-09-11T13:17:55Z  WARNING  stats fetch failed: timed out
2026-09-11T13:17:56Z  WARNING  thresholds fetch failed: timed out
2026-09-11T13:17:56Z  WARNING  stats fetch failed: timed out
2026-09-11T13:17:57Z  WARNING  thresholds fetch failed: timed out
2026-09-11T13:17:57Z  WARNING  stats fetch failed: timed out
2026-09-11T13:17:58Z  WARNING  thresholds fetch failed: timed out
2026-09-11T13:17:58Z  WARNING  stats fetch failed: timed out
2026-09-11T13:17:59Z  WARNING  thresholds fetch failed: timed out
2026-09-11T13:17:59Z  WARNING  stats fetch failed: timed out
2026-09-11T13:18:00Z  WARNING  thresholds fetch failed: timed out
2026-09-11T13:18:00Z  WARNING  stats fetch failed: timed out
2026-09-11T13:18:01Z  WARNING  thresholds fetch failed: timed out
2026-09-11T13:18:01Z  WARNING  stats fetch failed: timed out
2026-09-11T13:18:02Z  WARNING  thresholds fetch failed: timed out
2026-09-11T13:18:02Z  WARNING  stats fetch failed: timed out
2026-09-11T13:18:03Z  WARNING  thresholds fetch failed: timed out
2026-09-11T13:18:03Z  WARNING  stats fetch failed: timed out
2026-09-11T13:18:04Z  WARNING  thresholds fetch failed: timed out
2026-09-11T13:18:04Z  WARNING  stats fetch failed: timed out
2026-09-11T13:18:05Z  WARNING  thresholds fetch failed: timed out
2026-09-11T13:18:05Z  WARNING  stats fetch failed: timed out
2026-09-11T13:18:06Z  WARNING  thresholds fetch failed: timed out
2026-09-11T13:18:06Z  WARNING  stats fetch failed: timed out
2026-09-11T13:18:07Z  WARNING  thresholds fetch failed: timed out
2026-09-11T13:18:07Z  WARNING  stats fetch failed: timed out
2026-09-11T13:18:08Z  WARNING  thresholds fetch failed: timed out
2026-09-11T13:18:08Z  WARNING  stats fetch failed: timed out
2026-09-11T13:18:09Z  WARNING  thresholds fetch failed: timed out
2026-09-11T13:18:09Z  WARNING  stats fetch failed: timed out
2026-09-11T13:18:10Z  WARNING  thresholds fetch failed: timed out
2026-09-11T13:18:10Z  WARNING  stats fetch failed: timed out
2026-09-11T13:18:11Z  WARNING  thresholds fetch failed: timed out
2026-09-11T13:18:11Z  WARNING  stats fetch failed: timed out
2026-09-11T13:18:12Z  WARNING  thresholds fetch failed: timed out
2026-09-11T13:18:12Z  WARNING  stats fetch failed: timed out
2026-09-11T13:18:13Z  WARNING  thresholds fetch failed: timed out
2026-09-11T13:18:13Z  WARNING  stats fetch failed: timed out
2026-09-11T13:18:14Z  WARNING  thresholds fetch failed: timed out
2026-09-11T13:18:14Z  WARNING  stats fetch failed: timed out
2026-09-11T13:18:15Z  WARNING  thresholds fetch failed: timed out
2026-09-11T13:18:15Z  WARNING  stats fetch failed: timed out
2026-09-11T13:18:16Z  WARNING  thresholds fetch failed: timed out
2026-09-11T13:18:16Z  WARNING  stats fetch failed: timed out
2026-09-11T13:18:17Z  WARNING  thresholds fetch failed: timed out
2026-09-11T13:18:17Z  WARNING  stats fetch failed: timed out
2026-09-11T13:18:18Z  WARNING  thresholds fetch failed: timed out
2026-09-11T13:18:18Z  WARNING  stats fetch failed: timed out
2026-09-11T13:18:19Z  WARNING  thresholds fetch failed: timed out
2026-09-11T13:18:19Z  WARNING  stats fetch failed: timed out
2026-09-11T13:18:22Z  SHUTDOWN  signal=15
2026-09-11T13:18:23Z  EXIT
