2026-08-15T15:21:13Z  WAITING  for metric_collector CSVs under /home/idozacharia/TopFull/TopFull_master/online_boutique_scripts/src/logs (timeout=60s)
2026-08-15T15:21:13Z  READY  found getproduct.csv
2026-08-15T15:21:13Z  START  threshold=0.20 window=30s disable_windows=2 re_enable_windows=3 services=['cartservice', 'checkoutservice', 'productcatalogservice']
2026-08-15T15:21:43Z  OBSERVE  cartservice  rejection=0.6960  low=0 high=1  state=ON
2026-08-15T15:21:43Z  OBSERVE  checkoutservice  rejection=0.6250  low=0 high=1  state=ON
2026-08-15T15:21:43Z  OBSERVE  productcatalogservice  rejection=0.7486  low=0 high=1  state=ON
2026-08-15T15:22:13Z  OBSERVE  cartservice  rejection=0.8992  low=0 high=2  state=ON
2026-08-15T15:22:13Z  cartservice  ON→OFF   rejection=0.90  consecutive_high=2  attempts=0
2026-08-15T15:22:13Z  OBSERVE  checkoutservice  rejection=0.8856  low=0 high=2  state=ON
2026-08-15T15:22:13Z  checkoutservice  ON→OFF   rejection=0.89  consecutive_high=2  attempts=0
2026-08-15T15:22:13Z  OBSERVE  productcatalogservice  rejection=0.9124  low=0 high=2  state=ON
2026-08-15T15:22:13Z  productcatalogservice  ON→OFF   rejection=0.91  consecutive_high=2  attempts=0
2026-08-15T15:22:43Z  OBSERVE  cartservice  rejection=0.9928  low=0 high=3  state=OFF
2026-08-15T15:22:43Z  OBSERVE  checkoutservice  rejection=0.9969  low=0 high=3  state=OFF
2026-08-15T15:22:43Z  OBSERVE  productcatalogservice  rejection=0.9946  low=0 high=3  state=OFF
2026-08-15T15:23:13Z  OBSERVE  cartservice  rejection=1.0000  low=0 high=4  state=OFF
2026-08-15T15:23:13Z  OBSERVE  checkoutservice  rejection=1.0000  low=0 high=4  state=OFF
2026-08-15T15:23:13Z  OBSERVE  productcatalogservice  rejection=1.0000  low=0 high=4  state=OFF
2026-08-15T15:23:43Z  OBSERVE  cartservice  rejection=1.0000  low=0 high=5  state=OFF
2026-08-15T15:23:43Z  OBSERVE  checkoutservice  rejection=1.0000  low=0 high=5  state=OFF
2026-08-15T15:23:43Z  OBSERVE  productcatalogservice  rejection=1.0000  low=0 high=5  state=OFF
2026-08-15T15:24:13Z  OBSERVE  cartservice  rejection=1.0000  low=0 high=6  state=OFF
2026-08-15T15:24:13Z  OBSERVE  checkoutservice  rejection=1.0000  low=0 high=6  state=OFF
2026-08-15T15:24:13Z  OBSERVE  productcatalogservice  rejection=1.0000  low=0 high=6  state=OFF
2026-08-15T15:24:43Z  OBSERVE  cartservice  rejection=1.0000  low=0 high=7  state=OFF
2026-08-15T15:24:43Z  OBSERVE  checkoutservice  rejection=1.0000  low=0 high=7  state=OFF
2026-08-15T15:24:43Z  OBSERVE  productcatalogservice  rejection=1.0000  low=0 high=7  state=OFF
2026-08-15T15:25:13Z  OBSERVE  cartservice  rejection=1.0000  low=0 high=8  state=OFF
2026-08-15T15:25:13Z  OBSERVE  checkoutservice  rejection=1.0000  low=0 high=8  state=OFF
2026-08-15T15:25:13Z  OBSERVE  productcatalogservice  rejection=1.0000  low=0 high=8  state=OFF
2026-08-15T15:25:43Z  OBSERVE  cartservice  rejection=1.0000  low=0 high=9  state=OFF
2026-08-15T15:25:43Z  OBSERVE  checkoutservice  rejection=1.0000  low=0 high=9  state=OFF
2026-08-15T15:25:43Z  OBSERVE  productcatalogservice  rejection=1.0000  low=0 high=9  state=OFF
2026-08-15T15:26:13Z  OBSERVE  cartservice  rejection=1.0000  low=0 high=10  state=OFF
2026-08-15T15:26:13Z  OBSERVE  checkoutservice  rejection=1.0000  low=0 high=10  state=OFF
2026-08-15T15:26:13Z  OBSERVE  productcatalogservice  rejection=1.0000  low=0 high=10  state=OFF
2026-08-15T15:26:43Z  OBSERVE  cartservice  rejection=1.0000  low=0 high=11  state=OFF
2026-08-15T15:26:43Z  OBSERVE  checkoutservice  rejection=1.0000  low=0 high=11  state=OFF
2026-08-15T15:26:43Z  OBSERVE  productcatalogservice  rejection=1.0000  low=0 high=11  state=OFF
2026-08-15T15:27:13Z  OBSERVE  cartservice  rejection=1.0000  low=0 high=12  state=OFF
2026-08-15T15:27:13Z  OBSERVE  checkoutservice  rejection=1.0000  low=0 high=12  state=OFF
2026-08-15T15:27:13Z  OBSERVE  productcatalogservice  rejection=1.0000  low=0 high=12  state=OFF
2026-08-15T15:27:43Z  OBSERVE  cartservice  rejection=0.9840  low=0 high=13  state=OFF
2026-08-15T15:27:43Z  OBSERVE  checkoutservice  rejection=0.9667  low=0 high=13  state=OFF
2026-08-15T15:27:43Z  OBSERVE  productcatalogservice  rejection=0.9851  low=0 high=13  state=OFF
2026-08-15T15:28:13Z  OBSERVE  cartservice  rejection=0.9359  low=0 high=14  state=OFF
2026-08-15T15:28:13Z  OBSERVE  checkoutservice  rejection=0.9898  low=0 high=14  state=OFF
2026-08-15T15:28:13Z  OBSERVE  productcatalogservice  rejection=0.9663  low=0 high=14  state=OFF
2026-08-15T15:28:43Z  OBSERVE  cartservice  rejection=1.0000  low=0 high=15  state=OFF
2026-08-15T15:28:43Z  OBSERVE  checkoutservice  rejection=1.0000  low=0 high=15  state=OFF
2026-08-15T15:28:43Z  OBSERVE  productcatalogservice  rejection=1.0000  low=0 high=15  state=OFF
2026-08-15T15:29:13Z  OBSERVE  cartservice  rejection=1.0000  low=0 high=16  state=OFF
2026-08-15T15:29:13Z  OBSERVE  checkoutservice  rejection=1.0000  low=0 high=16  state=OFF
2026-08-15T15:29:13Z  OBSERVE  productcatalogservice  rejection=1.0000  low=0 high=16  state=OFF
2026-08-15T15:29:43Z  OBSERVE  cartservice  rejection=1.0000  low=0 high=17  state=OFF
2026-08-15T15:29:43Z  OBSERVE  checkoutservice  rejection=1.0000  low=0 high=17  state=OFF
2026-08-15T15:29:43Z  OBSERVE  productcatalogservice  rejection=1.0000  low=0 high=17  state=OFF
2026-08-15T15:30:13Z  OBSERVE  cartservice  rejection=1.0000  low=0 high=18  state=OFF
2026-08-15T15:30:13Z  OBSERVE  checkoutservice  rejection=1.0000  low=0 high=18  state=OFF
2026-08-15T15:30:13Z  OBSERVE  productcatalogservice  rejection=1.0000  low=0 high=18  state=OFF
2026-08-15T15:30:43Z  OBSERVE  cartservice  rejection=1.0000  low=0 high=19  state=OFF
2026-08-15T15:30:43Z  OBSERVE  checkoutservice  rejection=1.0000  low=0 high=19  state=OFF
2026-08-15T15:30:43Z  OBSERVE  productcatalogservice  rejection=1.0000  low=0 high=19  state=OFF
2026-08-15T15:31:13Z  OBSERVE  cartservice  rejection=1.0000  low=0 high=20  state=OFF
2026-08-15T15:31:13Z  OBSERVE  checkoutservice  rejection=1.0000  low=0 high=20  state=OFF
2026-08-15T15:31:13Z  OBSERVE  productcatalogservice  rejection=1.0000  low=0 high=20  state=OFF
2026-08-15T15:31:43Z  OBSERVE  cartservice  rejection=0.9667  low=0 high=21  state=OFF
2026-08-15T15:31:43Z  OBSERVE  checkoutservice  rejection=0.9667  low=0 high=21  state=OFF
2026-08-15T15:31:43Z  OBSERVE  productcatalogservice  rejection=1.0000  low=0 high=21  state=OFF
2026-08-15T15:31:44Z  SHUTDOWN  signal=15
