2026-10-09T05:17:24Z  START  poll_interval=1s layer_a_poll_interval=5s
2026-10-09T05:17:25Z  WARNING  thresholds fetch failed: <urlopen error [Errno 111] Connection refused>
2026-10-09T05:17:25Z  WARNING  stats fetch failed: <urlopen error [Errno 111] Connection refused>
2026-10-09T05:17:30Z  WARNING  thresholds fetch failed: <urlopen error [Errno 111] Connection refused>
2026-10-09T05:17:30Z  WARNING  stats fetch failed: <urlopen error [Errno 111] Connection refused>
2026-10-09T05:17:35Z  WARNING  thresholds fetch failed: <urlopen error [Errno 111] Connection refused>
2026-10-09T05:17:35Z  WARNING  stats fetch failed: <urlopen error [Errno 111] Connection refused>
2026-10-09T05:17:40Z  WARNING  thresholds fetch failed: <urlopen error [Errno 111] Connection refused>
2026-10-09T05:17:40Z  WARNING  stats fetch failed: <urlopen error [Errno 111] Connection refused>
2026-10-09T05:17:45Z  WARNING  thresholds fetch failed: <urlopen error [Errno 111] Connection refused>
2026-10-09T05:17:45Z  WARNING  stats fetch failed: <urlopen error [Errno 111] Connection refused>
2026-10-09T05:17:50Z  WARNING  thresholds fetch failed: <urlopen error [Errno 111] Connection refused>
2026-10-09T05:17:50Z  WARNING  stats fetch failed: <urlopen error [Errno 111] Connection refused>
2026-10-09T05:17:55Z  WARNING  thresholds fetch failed: <urlopen error [Errno 111] Connection refused>
2026-10-09T05:17:55Z  WARNING  stats fetch failed: <urlopen error [Errno 111] Connection refused>
2026-10-09T05:18:00Z  WARNING  thresholds fetch failed: <urlopen error [Errno 111] Connection refused>
2026-10-09T05:18:00Z  WARNING  stats fetch failed: <urlopen error [Errno 111] Connection refused>
2026-10-09T05:18:05Z  WARNING  thresholds fetch failed: <urlopen error [Errno 111] Connection refused>
2026-10-09T05:18:05Z  WARNING  stats fetch failed: <urlopen error [Errno 111] Connection refused>
2026-10-09T05:18:10Z  WARNING  thresholds fetch failed: <urlopen error [Errno 111] Connection refused>
2026-10-09T05:18:10Z  WARNING  stats fetch failed: <urlopen error [Errno 111] Connection refused>
2026-10-09T05:18:15Z  WARNING  thresholds fetch failed: <urlopen error [Errno 111] Connection refused>
2026-10-09T05:18:15Z  WARNING  stats fetch failed: <urlopen error [Errno 111] Connection refused>
2026-10-09T05:18:20Z  WARNING  thresholds fetch failed: <urlopen error [Errno 111] Connection refused>
2026-10-09T05:18:20Z  WARNING  stats fetch failed: <urlopen error [Errno 111] Connection refused>
2026-10-09T05:18:25Z  WARNING  thresholds fetch failed: <urlopen error [Errno 111] Connection refused>
2026-10-09T05:18:25Z  WARNING  stats fetch failed: <urlopen error [Errno 111] Connection refused>
2026-10-09T05:18:30Z  WARNING  thresholds fetch failed: <urlopen error [Errno 111] Connection refused>
2026-10-09T05:18:30Z  WARNING  stats fetch failed: <urlopen error [Errno 111] Connection refused>
2026-10-09T05:18:35Z  WARNING  thresholds fetch failed: <urlopen error [Errno 111] Connection refused>
2026-10-09T05:18:35Z  WARNING  stats fetch failed: <urlopen error [Errno 111] Connection refused>
2026-10-09T05:18:40Z  WARNING  thresholds fetch failed: <urlopen error [Errno 111] Connection refused>
2026-10-09T05:18:40Z  WARNING  stats fetch failed: <urlopen error [Errno 111] Connection refused>
2026-10-09T05:18:45Z  WARNING  thresholds fetch failed: <urlopen error [Errno 111] Connection refused>
2026-10-09T05:18:45Z  WARNING  stats fetch failed: <urlopen error [Errno 111] Connection refused>
2026-10-09T05:18:50Z  WARNING  thresholds fetch failed: <urlopen error [Errno 111] Connection refused>
2026-10-09T05:18:50Z  WARNING  stats fetch failed: <urlopen error [Errno 111] Connection refused>
2026-10-09T05:18:55Z  WARNING  thresholds fetch failed: <urlopen error [Errno 111] Connection refused>
2026-10-09T05:18:55Z  WARNING  stats fetch failed: <urlopen error [Errno 111] Connection refused>
2026-10-09T05:19:00Z  WARNING  thresholds fetch failed: <urlopen error [Errno 111] Connection refused>
2026-10-09T05:19:00Z  WARNING  stats fetch failed: <urlopen error [Errno 111] Connection refused>
2026-10-09T05:19:05Z  WARNING  thresholds fetch failed: <urlopen error [Errno 111] Connection refused>
2026-10-09T05:19:05Z  WARNING  stats fetch failed: <urlopen error [Errno 111] Connection refused>
2026-10-09T05:19:10Z  WARNING  thresholds fetch failed: <urlopen error [Errno 111] Connection refused>
2026-10-09T05:19:10Z  WARNING  stats fetch failed: <urlopen error [Errno 111] Connection refused>
2026-10-09T05:19:15Z  WARNING  thresholds fetch failed: <urlopen error [Errno 111] Connection refused>
2026-10-09T05:19:15Z  WARNING  stats fetch failed: <urlopen error [Errno 111] Connection refused>
2026-10-09T05:19:20Z  WARNING  thresholds fetch failed: <urlopen error [Errno 111] Connection refused>
2026-10-09T05:19:20Z  WARNING  stats fetch failed: <urlopen error [Errno 111] Connection refused>
2026-10-09T05:19:25Z  WARNING  thresholds fetch failed: <urlopen error [Errno 111] Connection refused>
2026-10-09T05:19:25Z  WARNING  stats fetch failed: <urlopen error [Errno 111] Connection refused>
2026-10-09T05:19:30Z  WARNING  thresholds fetch failed: <urlopen error [Errno 111] Connection refused>
2026-10-09T05:19:30Z  WARNING  stats fetch failed: <urlopen error [Errno 111] Connection refused>
2026-10-09T05:19:35Z  WARNING  thresholds fetch failed: <urlopen error [Errno 111] Connection refused>
2026-10-09T05:19:35Z  WARNING  stats fetch failed: <urlopen error [Errno 111] Connection refused>
2026-10-09T05:19:40Z  WARNING  thresholds fetch failed: <urlopen error [Errno 111] Connection refused>
2026-10-09T05:19:40Z  WARNING  stats fetch failed: <urlopen error [Errno 111] Connection refused>
2026-10-09T05:19:45Z  WARNING  thresholds fetch failed: <urlopen error [Errno 111] Connection refused>
2026-10-09T05:19:45Z  WARNING  stats fetch failed: <urlopen error [Errno 111] Connection refused>
2026-10-09T05:19:50Z  WARNING  thresholds fetch failed: <urlopen error [Errno 111] Connection refused>
2026-10-09T05:19:50Z  WARNING  stats fetch failed: <urlopen error [Errno 111] Connection refused>
2026-10-09T05:19:55Z  WARNING  thresholds fetch failed: <urlopen error [Errno 111] Connection refused>
2026-10-09T05:19:55Z  WARNING  stats fetch failed: <urlopen error [Errno 111] Connection refused>
2026-10-09T05:20:00Z  WARNING  thresholds fetch failed: <urlopen error [Errno 111] Connection refused>
2026-10-09T05:20:00Z  WARNING  stats fetch failed: <urlopen error [Errno 111] Connection refused>
2026-10-09T05:20:05Z  WARNING  thresholds fetch failed: <urlopen error [Errno 111] Connection refused>
2026-10-09T05:20:05Z  WARNING  stats fetch failed: <urlopen error [Errno 111] Connection refused>
2026-10-09T05:20:10Z  WARNING  thresholds fetch failed: <urlopen error [Errno 111] Connection refused>
2026-10-09T05:20:10Z  WARNING  stats fetch failed: <urlopen error [Errno 111] Connection refused>
2026-10-09T05:20:15Z  WARNING  thresholds fetch failed: <urlopen error [Errno 111] Connection refused>
2026-10-09T05:20:15Z  WARNING  stats fetch failed: <urlopen error [Errno 111] Connection refused>
2026-10-09T05:20:20Z  WARNING  thresholds fetch failed: <urlopen error [Errno 111] Connection refused>
2026-10-09T05:20:20Z  WARNING  stats fetch failed: <urlopen error [Errno 111] Connection refused>
2026-10-09T05:20:25Z  WARNING  thresholds fetch failed: <urlopen error [Errno 111] Connection refused>
2026-10-09T05:20:25Z  WARNING  stats fetch failed: <urlopen error [Errno 111] Connection refused>
2026-10-09T05:20:30Z  WARNING  thresholds fetch failed: <urlopen error [Errno 111] Connection refused>
2026-10-09T05:20:30Z  WARNING  stats fetch failed: <urlopen error [Errno 111] Connection refused>
2026-10-09T05:20:35Z  WARNING  thresholds fetch failed: <urlopen error [Errno 111] Connection refused>
2026-10-09T05:20:35Z  WARNING  stats fetch failed: <urlopen error [Errno 111] Connection refused>
2026-10-09T05:20:40Z  WARNING  thresholds fetch failed: <urlopen error [Errno 111] Connection refused>
2026-10-09T05:20:40Z  WARNING  stats fetch failed: <urlopen error [Errno 111] Connection refused>
2026-10-09T05:20:45Z  WARNING  thresholds fetch failed: <urlopen error [Errno 111] Connection refused>
2026-10-09T05:20:45Z  WARNING  stats fetch failed: <urlopen error [Errno 111] Connection refused>
2026-10-09T05:20:50Z  WARNING  thresholds fetch failed: <urlopen error [Errno 111] Connection refused>
2026-10-09T05:20:50Z  WARNING  stats fetch failed: <urlopen error [Errno 111] Connection refused>
2026-10-09T05:20:55Z  WARNING  thresholds fetch failed: <urlopen error [Errno 111] Connection refused>
2026-10-09T05:20:55Z  WARNING  stats fetch failed: <urlopen error [Errno 111] Connection refused>
2026-10-09T05:21:00Z  WARNING  thresholds fetch failed: <urlopen error [Errno 111] Connection refused>
2026-10-09T05:21:00Z  WARNING  stats fetch failed: <urlopen error [Errno 111] Connection refused>
2026-10-09T05:21:05Z  WARNING  thresholds fetch failed: <urlopen error [Errno 111] Connection refused>
2026-10-09T05:21:05Z  WARNING  stats fetch failed: <urlopen error [Errno 111] Connection refused>
2026-10-09T05:21:10Z  WARNING  thresholds fetch failed: <urlopen error [Errno 111] Connection refused>
2026-10-09T05:21:10Z  WARNING  stats fetch failed: <urlopen error [Errno 111] Connection refused>
2026-10-09T05:21:15Z  WARNING  thresholds fetch failed: <urlopen error [Errno 111] Connection refused>
2026-10-09T05:21:15Z  WARNING  stats fetch failed: <urlopen error [Errno 111] Connection refused>
2026-10-09T05:21:20Z  WARNING  thresholds fetch failed: <urlopen error [Errno 111] Connection refused>
2026-10-09T05:21:20Z  WARNING  stats fetch failed: <urlopen error [Errno 111] Connection refused>
2026-10-09T05:21:25Z  WARNING  thresholds fetch failed: <urlopen error [Errno 111] Connection refused>
2026-10-09T05:21:25Z  WARNING  stats fetch failed: <urlopen error [Errno 111] Connection refused>
2026-10-09T05:21:30Z  WARNING  thresholds fetch failed: <urlopen error [Errno 111] Connection refused>
2026-10-09T05:21:30Z  WARNING  stats fetch failed: <urlopen error [Errno 111] Connection refused>
2026-10-09T05:21:35Z  WARNING  thresholds fetch failed: <urlopen error [Errno 111] Connection refused>
2026-10-09T05:21:35Z  WARNING  stats fetch failed: <urlopen error [Errno 111] Connection refused>
2026-10-09T05:21:40Z  WARNING  thresholds fetch failed: <urlopen error [Errno 111] Connection refused>
2026-10-09T05:21:40Z  WARNING  stats fetch failed: <urlopen error [Errno 111] Connection refused>
2026-10-09T05:21:45Z  WARNING  thresholds fetch failed: <urlopen error [Errno 111] Connection refused>
2026-10-09T05:21:45Z  WARNING  stats fetch failed: <urlopen error [Errno 111] Connection refused>
2026-10-09T05:21:50Z  WARNING  thresholds fetch failed: <urlopen error [Errno 111] Connection refused>
2026-10-09T05:21:50Z  WARNING  stats fetch failed: <urlopen error [Errno 111] Connection refused>
2026-10-09T05:21:55Z  WARNING  thresholds fetch failed: <urlopen error [Errno 111] Connection refused>
2026-10-09T05:21:55Z  WARNING  stats fetch failed: <urlopen error [Errno 111] Connection refused>
2026-10-09T05:22:00Z  WARNING  thresholds fetch failed: <urlopen error [Errno 111] Connection refused>
2026-10-09T05:22:00Z  WARNING  stats fetch failed: <urlopen error [Errno 111] Connection refused>
2026-10-09T05:22:05Z  WARNING  thresholds fetch failed: <urlopen error [Errno 111] Connection refused>
2026-10-09T05:22:05Z  WARNING  stats fetch failed: <urlopen error [Errno 111] Connection refused>
2026-10-09T05:22:10Z  WARNING  thresholds fetch failed: <urlopen error [Errno 111] Connection refused>
2026-10-09T05:22:10Z  WARNING  stats fetch failed: <urlopen error [Errno 111] Connection refused>
2026-10-09T05:22:15Z  WARNING  thresholds fetch failed: <urlopen error [Errno 111] Connection refused>
2026-10-09T05:22:15Z  WARNING  stats fetch failed: <urlopen error [Errno 111] Connection refused>
2026-10-09T05:22:20Z  WARNING  thresholds fetch failed: <urlopen error [Errno 111] Connection refused>
2026-10-09T05:22:20Z  WARNING  stats fetch failed: <urlopen error [Errno 111] Connection refused>
2026-10-09T05:22:25Z  WARNING  thresholds fetch failed: <urlopen error [Errno 111] Connection refused>
2026-10-09T05:22:25Z  WARNING  stats fetch failed: <urlopen error [Errno 111] Connection refused>
2026-10-09T05:22:30Z  WARNING  thresholds fetch failed: <urlopen error [Errno 111] Connection refused>
2026-10-09T05:22:30Z  WARNING  stats fetch failed: <urlopen error [Errno 111] Connection refused>
2026-10-09T05:22:35Z  WARNING  thresholds fetch failed: <urlopen error [Errno 111] Connection refused>
2026-10-09T05:22:35Z  WARNING  stats fetch failed: <urlopen error [Errno 111] Connection refused>
2026-10-09T05:22:40Z  WARNING  thresholds fetch failed: <urlopen error [Errno 111] Connection refused>
2026-10-09T05:22:40Z  WARNING  stats fetch failed: <urlopen error [Errno 111] Connection refused>
2026-10-09T05:22:45Z  WARNING  thresholds fetch failed: <urlopen error [Errno 111] Connection refused>
2026-10-09T05:22:45Z  WARNING  stats fetch failed: <urlopen error [Errno 111] Connection refused>
2026-10-09T05:22:50Z  WARNING  thresholds fetch failed: <urlopen error [Errno 111] Connection refused>
2026-10-09T05:22:50Z  WARNING  stats fetch failed: <urlopen error [Errno 111] Connection refused>
2026-10-09T05:22:55Z  WARNING  thresholds fetch failed: <urlopen error [Errno 111] Connection refused>
2026-10-09T05:22:55Z  WARNING  stats fetch failed: <urlopen error [Errno 111] Connection refused>
2026-10-09T05:23:00Z  WARNING  thresholds fetch failed: <urlopen error [Errno 111] Connection refused>
2026-10-09T05:23:00Z  WARNING  stats fetch failed: <urlopen error [Errno 111] Connection refused>
2026-10-09T05:23:05Z  WARNING  thresholds fetch failed: <urlopen error [Errno 111] Connection refused>
2026-10-09T05:23:05Z  WARNING  stats fetch failed: <urlopen error [Errno 111] Connection refused>
2026-10-09T05:23:10Z  WARNING  thresholds fetch failed: <urlopen error [Errno 111] Connection refused>
2026-10-09T05:23:10Z  WARNING  stats fetch failed: <urlopen error [Errno 111] Connection refused>
2026-10-09T05:23:15Z  WARNING  thresholds fetch failed: <urlopen error [Errno 111] Connection refused>
2026-10-09T05:23:15Z  WARNING  stats fetch failed: <urlopen error [Errno 111] Connection refused>
2026-10-09T05:23:20Z  WARNING  thresholds fetch failed: <urlopen error [Errno 111] Connection refused>
2026-10-09T05:23:20Z  WARNING  stats fetch failed: <urlopen error [Errno 111] Connection refused>
2026-10-09T05:23:25Z  WARNING  thresholds fetch failed: <urlopen error [Errno 111] Connection refused>
2026-10-09T05:23:25Z  WARNING  stats fetch failed: <urlopen error [Errno 111] Connection refused>
2026-10-09T05:23:30Z  WARNING  thresholds fetch failed: <urlopen error [Errno 111] Connection refused>
2026-10-09T05:23:30Z  WARNING  stats fetch failed: <urlopen error [Errno 111] Connection refused>
2026-10-09T05:23:35Z  WARNING  thresholds fetch failed: <urlopen error [Errno 111] Connection refused>
2026-10-09T05:23:35Z  WARNING  stats fetch failed: <urlopen error [Errno 111] Connection refused>
2026-10-09T05:23:40Z  WARNING  thresholds fetch failed: <urlopen error [Errno 111] Connection refused>
2026-10-09T05:23:40Z  WARNING  stats fetch failed: <urlopen error [Errno 111] Connection refused>
2026-10-09T05:23:45Z  WARNING  thresholds fetch failed: <urlopen error [Errno 111] Connection refused>
2026-10-09T05:23:45Z  WARNING  stats fetch failed: <urlopen error [Errno 111] Connection refused>
2026-10-09T05:23:50Z  WARNING  thresholds fetch failed: <urlopen error [Errno 111] Connection refused>
2026-10-09T05:23:50Z  WARNING  stats fetch failed: <urlopen error [Errno 111] Connection refused>
2026-10-09T05:23:55Z  WARNING  thresholds fetch failed: <urlopen error [Errno 111] Connection refused>
2026-10-09T05:23:55Z  WARNING  stats fetch failed: <urlopen error [Errno 111] Connection refused>
2026-10-09T05:24:00Z  WARNING  thresholds fetch failed: <urlopen error [Errno 111] Connection refused>
2026-10-09T05:24:00Z  WARNING  stats fetch failed: <urlopen error [Errno 111] Connection refused>
2026-10-09T05:24:05Z  WARNING  thresholds fetch failed: <urlopen error [Errno 111] Connection refused>
2026-10-09T05:24:05Z  WARNING  stats fetch failed: <urlopen error [Errno 111] Connection refused>
2026-10-09T05:24:10Z  WARNING  thresholds fetch failed: <urlopen error [Errno 111] Connection refused>
2026-10-09T05:24:10Z  WARNING  stats fetch failed: <urlopen error [Errno 111] Connection refused>
2026-10-09T05:24:15Z  WARNING  thresholds fetch failed: <urlopen error [Errno 111] Connection refused>
2026-10-09T05:24:15Z  WARNING  stats fetch failed: <urlopen error [Errno 111] Connection refused>
2026-10-09T05:24:20Z  WARNING  thresholds fetch failed: <urlopen error [Errno 111] Connection refused>
2026-10-09T05:24:20Z  WARNING  stats fetch failed: <urlopen error [Errno 111] Connection refused>
2026-10-09T05:24:25Z  WARNING  thresholds fetch failed: <urlopen error [Errno 111] Connection refused>
2026-10-09T05:24:25Z  WARNING  stats fetch failed: <urlopen error [Errno 111] Connection refused>
2026-10-09T05:24:30Z  WARNING  thresholds fetch failed: <urlopen error [Errno 111] Connection refused>
2026-10-09T05:24:30Z  WARNING  stats fetch failed: <urlopen error [Errno 111] Connection refused>
2026-10-09T05:24:35Z  WARNING  thresholds fetch failed: <urlopen error [Errno 111] Connection refused>
2026-10-09T05:24:35Z  WARNING  stats fetch failed: <urlopen error [Errno 111] Connection refused>
2026-10-09T05:24:40Z  WARNING  thresholds fetch failed: <urlopen error [Errno 111] Connection refused>
2026-10-09T05:24:40Z  WARNING  stats fetch failed: <urlopen error [Errno 111] Connection refused>
2026-10-09T05:24:45Z  WARNING  thresholds fetch failed: <urlopen error [Errno 111] Connection refused>
2026-10-09T05:24:45Z  WARNING  stats fetch failed: <urlopen error [Errno 111] Connection refused>
2026-10-09T05:24:50Z  WARNING  thresholds fetch failed: <urlopen error [Errno 111] Connection refused>
2026-10-09T05:24:50Z  WARNING  stats fetch failed: <urlopen error [Errno 111] Connection refused>
2026-10-09T05:24:55Z  WARNING  thresholds fetch failed: <urlopen error [Errno 111] Connection refused>
2026-10-09T05:24:55Z  WARNING  stats fetch failed: <urlopen error [Errno 111] Connection refused>
2026-10-09T05:25:00Z  WARNING  thresholds fetch failed: <urlopen error [Errno 111] Connection refused>
2026-10-09T05:25:00Z  WARNING  stats fetch failed: <urlopen error [Errno 111] Connection refused>
2026-10-09T05:25:05Z  WARNING  thresholds fetch failed: <urlopen error [Errno 111] Connection refused>
2026-10-09T05:25:05Z  WARNING  stats fetch failed: <urlopen error [Errno 111] Connection refused>
2026-10-09T05:25:10Z  WARNING  thresholds fetch failed: <urlopen error [Errno 111] Connection refused>
2026-10-09T05:25:10Z  WARNING  stats fetch failed: <urlopen error [Errno 111] Connection refused>
2026-10-09T05:25:15Z  WARNING  thresholds fetch failed: <urlopen error [Errno 111] Connection refused>
2026-10-09T05:25:15Z  WARNING  stats fetch failed: <urlopen error [Errno 111] Connection refused>
2026-10-09T05:25:20Z  WARNING  thresholds fetch failed: <urlopen error [Errno 111] Connection refused>
2026-10-09T05:25:20Z  WARNING  stats fetch failed: <urlopen error [Errno 111] Connection refused>
2026-10-09T05:25:25Z  WARNING  thresholds fetch failed: <urlopen error [Errno 111] Connection refused>
2026-10-09T05:25:25Z  WARNING  stats fetch failed: <urlopen error [Errno 111] Connection refused>
2026-10-09T05:25:30Z  WARNING  thresholds fetch failed: <urlopen error [Errno 111] Connection refused>
2026-10-09T05:25:30Z  WARNING  stats fetch failed: <urlopen error [Errno 111] Connection refused>
2026-10-09T05:25:35Z  WARNING  thresholds fetch failed: <urlopen error [Errno 111] Connection refused>
2026-10-09T05:25:35Z  WARNING  stats fetch failed: <urlopen error [Errno 111] Connection refused>
2026-10-09T05:25:40Z  WARNING  thresholds fetch failed: <urlopen error [Errno 111] Connection refused>
2026-10-09T05:25:40Z  WARNING  stats fetch failed: <urlopen error [Errno 111] Connection refused>
2026-10-09T05:25:45Z  WARNING  thresholds fetch failed: <urlopen error [Errno 111] Connection refused>
2026-10-09T05:25:45Z  WARNING  stats fetch failed: <urlopen error [Errno 111] Connection refused>
2026-10-09T05:25:50Z  WARNING  thresholds fetch failed: <urlopen error [Errno 111] Connection refused>
2026-10-09T05:25:50Z  WARNING  stats fetch failed: <urlopen error [Errno 111] Connection refused>
2026-10-09T05:25:55Z  WARNING  thresholds fetch failed: <urlopen error [Errno 111] Connection refused>
2026-10-09T05:25:55Z  WARNING  stats fetch failed: <urlopen error [Errno 111] Connection refused>
2026-10-09T05:26:00Z  WARNING  thresholds fetch failed: <urlopen error [Errno 111] Connection refused>
2026-10-09T05:26:00Z  WARNING  stats fetch failed: <urlopen error [Errno 111] Connection refused>
2026-10-09T05:26:05Z  WARNING  thresholds fetch failed: <urlopen error [Errno 111] Connection refused>
2026-10-09T05:26:05Z  WARNING  stats fetch failed: <urlopen error [Errno 111] Connection refused>
2026-10-09T05:26:10Z  WARNING  thresholds fetch failed: <urlopen error [Errno 111] Connection refused>
2026-10-09T05:26:10Z  WARNING  stats fetch failed: <urlopen error [Errno 111] Connection refused>
2026-10-09T05:26:15Z  WARNING  thresholds fetch failed: <urlopen error [Errno 111] Connection refused>
2026-10-09T05:26:15Z  WARNING  stats fetch failed: <urlopen error [Errno 111] Connection refused>
2026-10-09T05:26:20Z  WARNING  thresholds fetch failed: <urlopen error [Errno 111] Connection refused>
2026-10-09T05:26:20Z  WARNING  stats fetch failed: <urlopen error [Errno 111] Connection refused>
2026-10-09T05:26:25Z  WARNING  thresholds fetch failed: <urlopen error [Errno 111] Connection refused>
2026-10-09T05:26:25Z  WARNING  stats fetch failed: <urlopen error [Errno 111] Connection refused>
2026-10-09T05:26:30Z  WARNING  thresholds fetch failed: <urlopen error [Errno 111] Connection refused>
2026-10-09T05:26:30Z  WARNING  stats fetch failed: <urlopen error [Errno 111] Connection refused>
2026-10-09T05:26:35Z  WARNING  thresholds fetch failed: <urlopen error [Errno 111] Connection refused>
2026-10-09T05:26:35Z  WARNING  stats fetch failed: <urlopen error [Errno 111] Connection refused>
2026-10-09T05:26:40Z  WARNING  thresholds fetch failed: <urlopen error [Errno 111] Connection refused>
2026-10-09T05:26:40Z  WARNING  stats fetch failed: <urlopen error [Errno 111] Connection refused>
2026-10-09T05:26:45Z  WARNING  thresholds fetch failed: <urlopen error [Errno 111] Connection refused>
2026-10-09T05:26:45Z  WARNING  stats fetch failed: <urlopen error [Errno 111] Connection refused>
2026-10-09T05:26:50Z  WARNING  thresholds fetch failed: <urlopen error [Errno 111] Connection refused>
2026-10-09T05:26:50Z  WARNING  stats fetch failed: <urlopen error [Errno 111] Connection refused>
2026-10-09T05:26:55Z  WARNING  thresholds fetch failed: <urlopen error [Errno 111] Connection refused>
2026-10-09T05:26:55Z  WARNING  stats fetch failed: <urlopen error [Errno 111] Connection refused>
2026-10-09T05:27:00Z  WARNING  thresholds fetch failed: <urlopen error [Errno 111] Connection refused>
2026-10-09T05:27:00Z  WARNING  stats fetch failed: <urlopen error [Errno 111] Connection refused>
2026-10-09T05:27:05Z  WARNING  thresholds fetch failed: <urlopen error [Errno 111] Connection refused>
2026-10-09T05:27:05Z  WARNING  stats fetch failed: <urlopen error [Errno 111] Connection refused>
2026-10-09T05:27:10Z  WARNING  thresholds fetch failed: <urlopen error [Errno 111] Connection refused>
2026-10-09T05:27:10Z  WARNING  stats fetch failed: <urlopen error [Errno 111] Connection refused>
2026-10-09T05:27:15Z  WARNING  thresholds fetch failed: <urlopen error [Errno 111] Connection refused>
2026-10-09T05:27:15Z  WARNING  stats fetch failed: <urlopen error [Errno 111] Connection refused>
2026-10-09T05:27:20Z  WARNING  thresholds fetch failed: <urlopen error [Errno 111] Connection refused>
2026-10-09T05:27:20Z  WARNING  stats fetch failed: <urlopen error [Errno 111] Connection refused>
2026-10-09T05:27:25Z  WARNING  thresholds fetch failed: <urlopen error [Errno 111] Connection refused>
2026-10-09T05:27:25Z  WARNING  stats fetch failed: <urlopen error [Errno 111] Connection refused>
2026-10-09T05:27:30Z  WARNING  thresholds fetch failed: <urlopen error [Errno 111] Connection refused>
2026-10-09T05:27:30Z  WARNING  stats fetch failed: <urlopen error [Errno 111] Connection refused>
2026-10-09T05:27:35Z  WARNING  thresholds fetch failed: <urlopen error [Errno 111] Connection refused>
2026-10-09T05:27:35Z  WARNING  stats fetch failed: <urlopen error [Errno 111] Connection refused>
2026-10-09T05:27:40Z  WARNING  thresholds fetch failed: <urlopen error [Errno 111] Connection refused>
2026-10-09T05:27:40Z  WARNING  stats fetch failed: <urlopen error [Errno 111] Connection refused>
2026-10-09T05:27:45Z  WARNING  thresholds fetch failed: <urlopen error [Errno 111] Connection refused>
2026-10-09T05:27:45Z  WARNING  stats fetch failed: <urlopen error [Errno 111] Connection refused>
2026-10-09T05:27:50Z  WARNING  thresholds fetch failed: <urlopen error [Errno 111] Connection refused>
2026-10-09T05:27:50Z  WARNING  stats fetch failed: <urlopen error [Errno 111] Connection refused>
2026-10-09T05:27:55Z  WARNING  thresholds fetch failed: <urlopen error [Errno 111] Connection refused>
2026-10-09T05:27:55Z  WARNING  stats fetch failed: <urlopen error [Errno 111] Connection refused>
2026-10-09T05:28:00Z  WARNING  thresholds fetch failed: <urlopen error [Errno 111] Connection refused>
2026-10-09T05:28:00Z  WARNING  stats fetch failed: <urlopen error [Errno 111] Connection refused>
2026-10-09T05:28:05Z  WARNING  thresholds fetch failed: <urlopen error [Errno 111] Connection refused>
2026-10-09T05:28:05Z  WARNING  stats fetch failed: <urlopen error [Errno 111] Connection refused>
2026-10-09T05:28:10Z  WARNING  thresholds fetch failed: <urlopen error [Errno 111] Connection refused>
2026-10-09T05:28:10Z  WARNING  stats fetch failed: <urlopen error [Errno 111] Connection refused>
2026-10-09T05:28:15Z  WARNING  thresholds fetch failed: <urlopen error [Errno 111] Connection refused>
2026-10-09T05:28:15Z  WARNING  stats fetch failed: <urlopen error [Errno 111] Connection refused>
2026-10-09T05:28:20Z  WARNING  thresholds fetch failed: <urlopen error [Errno 111] Connection refused>
2026-10-09T05:28:20Z  WARNING  stats fetch failed: <urlopen error [Errno 111] Connection refused>
2026-10-09T05:28:25Z  WARNING  thresholds fetch failed: <urlopen error [Errno 111] Connection refused>
2026-10-09T05:28:25Z  WARNING  stats fetch failed: <urlopen error [Errno 111] Connection refused>
2026-10-09T05:28:25Z  SHUTDOWN  signal=15
2026-10-09T05:28:26Z  EXIT
