2026-09-13T20:44:40Z  START  poll_interval=1s layer_a_poll_interval=5s
2026-09-13T20:45:35Z  WARNING  thresholds fetch failed: timed out
2026-09-13T20:45:35Z  WARNING  stats fetch failed: timed out
2026-09-13T20:45:40Z  WARNING  thresholds fetch failed: timed out
2026-09-13T20:45:40Z  WARNING  stats fetch failed: timed out
2026-09-13T20:45:45Z  WARNING  thresholds fetch failed: timed out
2026-09-13T20:45:45Z  WARNING  stats fetch failed: timed out
2026-09-13T20:45:50Z  WARNING  thresholds fetch failed: timed out
2026-09-13T20:45:50Z  WARNING  stats fetch failed: timed out
2026-09-13T20:45:55Z  WARNING  thresholds fetch failed: timed out
2026-09-13T20:45:55Z  WARNING  stats fetch failed: timed out
2026-09-13T20:46:00Z  WARNING  thresholds fetch failed: timed out
2026-09-13T20:46:00Z  WARNING  stats fetch failed: timed out
2026-09-13T20:46:05Z  WARNING  thresholds fetch failed: timed out
2026-09-13T20:46:05Z  WARNING  stats fetch failed: timed out
2026-09-13T20:46:10Z  WARNING  thresholds fetch failed: timed out
2026-09-13T20:46:10Z  WARNING  stats fetch failed: timed out
2026-09-13T20:46:15Z  WARNING  thresholds fetch failed: timed out
2026-09-13T20:46:15Z  WARNING  stats fetch failed: timed out
2026-09-13T20:46:20Z  WARNING  thresholds fetch failed: timed out
2026-09-13T20:46:20Z  WARNING  stats fetch failed: timed out
2026-09-13T20:46:25Z  WARNING  thresholds fetch failed: timed out
2026-09-13T20:46:25Z  WARNING  stats fetch failed: timed out
2026-09-13T20:46:30Z  WARNING  thresholds fetch failed: timed out
2026-09-13T20:46:30Z  WARNING  stats fetch failed: timed out
2026-09-13T20:46:35Z  WARNING  thresholds fetch failed: timed out
2026-09-13T20:46:35Z  WARNING  stats fetch failed: timed out
2026-09-13T20:46:40Z  WARNING  thresholds fetch failed: timed out
2026-09-13T20:46:40Z  WARNING  stats fetch failed: timed out
2026-09-13T20:46:45Z  WARNING  thresholds fetch failed: timed out
2026-09-13T20:46:45Z  WARNING  stats fetch failed: timed out
2026-09-13T20:46:50Z  WARNING  thresholds fetch failed: timed out
2026-09-13T20:46:50Z  WARNING  stats fetch failed: timed out
2026-09-13T20:46:55Z  WARNING  thresholds fetch failed: timed out
2026-09-13T20:46:55Z  WARNING  stats fetch failed: timed out
2026-09-13T20:47:00Z  WARNING  thresholds fetch failed: timed out
2026-09-13T20:47:00Z  WARNING  stats fetch failed: timed out
2026-09-13T20:47:05Z  WARNING  thresholds fetch failed: timed out
2026-09-13T20:47:05Z  WARNING  stats fetch failed: timed out
2026-09-13T20:47:10Z  WARNING  thresholds fetch failed: timed out
2026-09-13T20:47:10Z  WARNING  stats fetch failed: timed out
2026-09-13T20:47:15Z  WARNING  thresholds fetch failed: timed out
2026-09-13T20:47:15Z  WARNING  stats fetch failed: timed out
2026-09-13T20:47:20Z  WARNING  thresholds fetch failed: timed out
2026-09-13T20:47:20Z  WARNING  stats fetch failed: timed out
2026-09-13T20:47:25Z  WARNING  thresholds fetch failed: timed out
2026-09-13T20:47:25Z  WARNING  stats fetch failed: timed out
2026-09-13T20:47:30Z  WARNING  thresholds fetch failed: timed out
2026-09-13T20:47:30Z  WARNING  stats fetch failed: timed out
2026-09-13T20:47:35Z  WARNING  thresholds fetch failed: timed out
2026-09-13T20:47:35Z  WARNING  stats fetch failed: timed out
2026-09-13T20:47:40Z  WARNING  thresholds fetch failed: timed out
2026-09-13T20:47:40Z  WARNING  stats fetch failed: timed out
2026-09-13T20:47:45Z  WARNING  thresholds fetch failed: timed out
2026-09-13T20:47:45Z  WARNING  stats fetch failed: timed out
2026-09-13T20:47:50Z  WARNING  thresholds fetch failed: timed out
2026-09-13T20:47:50Z  WARNING  stats fetch failed: timed out
2026-09-13T20:47:55Z  WARNING  thresholds fetch failed: timed out
2026-09-13T20:47:55Z  WARNING  stats fetch failed: timed out
2026-09-13T20:48:00Z  WARNING  thresholds fetch failed: timed out
2026-09-13T20:48:00Z  WARNING  stats fetch failed: timed out
2026-09-13T20:48:05Z  WARNING  thresholds fetch failed: timed out
2026-09-13T20:48:05Z  WARNING  stats fetch failed: timed out
2026-09-13T20:48:10Z  WARNING  thresholds fetch failed: timed out
2026-09-13T20:48:10Z  WARNING  stats fetch failed: timed out
2026-09-13T20:48:15Z  WARNING  thresholds fetch failed: timed out
2026-09-13T20:48:15Z  WARNING  stats fetch failed: timed out
2026-09-13T20:48:20Z  WARNING  thresholds fetch failed: timed out
2026-09-13T20:48:20Z  WARNING  stats fetch failed: timed out
2026-09-13T20:48:25Z  WARNING  thresholds fetch failed: timed out
2026-09-13T20:48:25Z  WARNING  stats fetch failed: timed out
2026-09-13T20:48:30Z  WARNING  thresholds fetch failed: timed out
2026-09-13T20:48:30Z  WARNING  stats fetch failed: timed out
2026-09-13T20:48:35Z  WARNING  thresholds fetch failed: timed out
2026-09-13T20:48:35Z  WARNING  stats fetch failed: timed out
2026-09-13T20:48:40Z  WARNING  thresholds fetch failed: timed out
2026-09-13T20:48:40Z  WARNING  stats fetch failed: timed out
2026-09-13T20:48:45Z  WARNING  thresholds fetch failed: timed out
2026-09-13T20:48:45Z  WARNING  stats fetch failed: timed out
2026-09-13T20:48:50Z  WARNING  thresholds fetch failed: timed out
2026-09-13T20:48:50Z  WARNING  stats fetch failed: timed out
2026-09-13T20:48:55Z  WARNING  thresholds fetch failed: timed out
2026-09-13T20:48:55Z  WARNING  stats fetch failed: timed out
2026-09-13T20:49:00Z  WARNING  thresholds fetch failed: timed out
2026-09-13T20:49:00Z  WARNING  stats fetch failed: timed out
2026-09-13T20:49:05Z  WARNING  thresholds fetch failed: timed out
2026-09-13T20:49:05Z  WARNING  stats fetch failed: timed out
2026-09-13T20:49:10Z  WARNING  thresholds fetch failed: timed out
2026-09-13T20:49:10Z  WARNING  stats fetch failed: timed out
2026-09-13T20:49:15Z  WARNING  thresholds fetch failed: timed out
2026-09-13T20:49:15Z  WARNING  stats fetch failed: timed out
2026-09-13T20:49:20Z  WARNING  thresholds fetch failed: timed out
2026-09-13T20:49:20Z  WARNING  stats fetch failed: timed out
2026-09-13T20:49:25Z  WARNING  thresholds fetch failed: timed out
2026-09-13T20:49:25Z  WARNING  stats fetch failed: timed out
2026-09-13T20:49:30Z  WARNING  thresholds fetch failed: timed out
2026-09-13T20:49:30Z  WARNING  stats fetch failed: timed out
2026-09-13T20:49:35Z  WARNING  thresholds fetch failed: timed out
2026-09-13T20:49:35Z  WARNING  stats fetch failed: timed out
2026-09-13T20:49:40Z  WARNING  thresholds fetch failed: timed out
2026-09-13T20:49:40Z  WARNING  stats fetch failed: timed out
2026-09-13T20:49:45Z  WARNING  thresholds fetch failed: timed out
2026-09-13T20:49:45Z  WARNING  stats fetch failed: timed out
2026-09-13T20:49:50Z  WARNING  thresholds fetch failed: timed out
2026-09-13T20:49:50Z  WARNING  stats fetch failed: timed out
2026-09-13T20:49:55Z  WARNING  thresholds fetch failed: timed out
2026-09-13T20:49:55Z  WARNING  stats fetch failed: timed out
2026-09-13T20:50:00Z  WARNING  thresholds fetch failed: timed out
2026-09-13T20:50:00Z  WARNING  stats fetch failed: timed out
2026-09-13T20:50:05Z  WARNING  thresholds fetch failed: timed out
2026-09-13T20:50:05Z  WARNING  stats fetch failed: timed out
2026-09-13T20:50:10Z  WARNING  thresholds fetch failed: timed out
2026-09-13T20:50:10Z  WARNING  stats fetch failed: timed out
2026-09-13T20:50:15Z  WARNING  thresholds fetch failed: timed out
2026-09-13T20:50:15Z  WARNING  stats fetch failed: timed out
2026-09-13T20:50:20Z  WARNING  thresholds fetch failed: timed out
2026-09-13T20:50:20Z  WARNING  stats fetch failed: timed out
2026-09-13T20:50:25Z  WARNING  thresholds fetch failed: timed out
2026-09-13T20:50:25Z  WARNING  stats fetch failed: timed out
2026-09-13T20:50:30Z  WARNING  thresholds fetch failed: timed out
2026-09-13T20:50:30Z  WARNING  stats fetch failed: timed out
2026-09-13T20:50:35Z  WARNING  thresholds fetch failed: timed out
2026-09-13T20:50:35Z  WARNING  stats fetch failed: timed out
2026-09-13T20:50:40Z  WARNING  thresholds fetch failed: timed out
2026-09-13T20:50:40Z  WARNING  stats fetch failed: timed out
2026-09-13T20:50:45Z  WARNING  thresholds fetch failed: timed out
2026-09-13T20:50:45Z  WARNING  stats fetch failed: timed out
2026-09-13T20:50:50Z  WARNING  thresholds fetch failed: timed out
2026-09-13T20:50:50Z  WARNING  stats fetch failed: timed out
2026-09-13T20:50:55Z  WARNING  thresholds fetch failed: timed out
2026-09-13T20:50:55Z  WARNING  stats fetch failed: timed out
2026-09-13T20:51:00Z  WARNING  thresholds fetch failed: timed out
2026-09-13T20:51:00Z  WARNING  stats fetch failed: timed out
2026-09-13T20:51:05Z  WARNING  thresholds fetch failed: timed out
2026-09-13T20:51:05Z  WARNING  stats fetch failed: timed out
2026-09-13T20:51:10Z  WARNING  thresholds fetch failed: timed out
2026-09-13T20:51:10Z  WARNING  stats fetch failed: timed out
2026-09-13T20:51:15Z  WARNING  thresholds fetch failed: timed out
2026-09-13T20:51:15Z  WARNING  stats fetch failed: timed out
2026-09-13T20:51:20Z  WARNING  thresholds fetch failed: timed out
2026-09-13T20:51:20Z  WARNING  stats fetch failed: timed out
2026-09-13T20:51:25Z  WARNING  thresholds fetch failed: timed out
2026-09-13T20:51:25Z  WARNING  stats fetch failed: timed out
2026-09-13T20:51:30Z  WARNING  thresholds fetch failed: timed out
2026-09-13T20:51:30Z  WARNING  stats fetch failed: timed out
2026-09-13T20:51:35Z  WARNING  thresholds fetch failed: timed out
2026-09-13T20:51:35Z  WARNING  stats fetch failed: timed out
2026-09-13T20:51:40Z  WARNING  thresholds fetch failed: timed out
2026-09-13T20:51:40Z  WARNING  stats fetch failed: timed out
2026-09-13T20:51:45Z  WARNING  thresholds fetch failed: timed out
2026-09-13T20:51:45Z  WARNING  stats fetch failed: timed out
2026-09-13T20:51:50Z  WARNING  thresholds fetch failed: timed out
2026-09-13T20:51:50Z  WARNING  stats fetch failed: timed out
2026-09-13T20:51:55Z  WARNING  thresholds fetch failed: timed out
2026-09-13T20:51:55Z  WARNING  stats fetch failed: timed out
2026-09-13T20:52:00Z  WARNING  thresholds fetch failed: timed out
2026-09-13T20:52:00Z  WARNING  stats fetch failed: timed out
2026-09-13T20:52:05Z  WARNING  thresholds fetch failed: timed out
2026-09-13T20:52:05Z  WARNING  stats fetch failed: <urlopen error timed out>
2026-09-13T20:52:10Z  WARNING  thresholds fetch failed: timed out
2026-09-13T20:52:10Z  WARNING  stats fetch failed: timed out
2026-09-13T20:52:15Z  WARNING  thresholds fetch failed: timed out
2026-09-13T20:52:15Z  WARNING  stats fetch failed: timed out
2026-09-13T20:52:20Z  WARNING  thresholds fetch failed: timed out
2026-09-13T20:52:20Z  WARNING  stats fetch failed: timed out
2026-09-13T20:52:25Z  WARNING  thresholds fetch failed: timed out
2026-09-13T20:52:25Z  WARNING  stats fetch failed: timed out
2026-09-13T20:52:30Z  WARNING  thresholds fetch failed: timed out
2026-09-13T20:52:30Z  WARNING  stats fetch failed: timed out
2026-09-13T20:52:35Z  WARNING  thresholds fetch failed: timed out
2026-09-13T20:52:35Z  WARNING  stats fetch failed: timed out
2026-09-13T20:52:40Z  WARNING  thresholds fetch failed: timed out
2026-09-13T20:52:40Z  WARNING  stats fetch failed: timed out
2026-09-13T20:52:45Z  WARNING  thresholds fetch failed: timed out
2026-09-13T20:52:45Z  WARNING  stats fetch failed: timed out
2026-09-13T20:52:50Z  WARNING  thresholds fetch failed: timed out
2026-09-13T20:52:50Z  WARNING  stats fetch failed: timed out
2026-09-13T20:52:55Z  WARNING  thresholds fetch failed: timed out
2026-09-13T20:52:55Z  WARNING  stats fetch failed: timed out
2026-09-13T20:53:00Z  WARNING  thresholds fetch failed: timed out
2026-09-13T20:53:00Z  WARNING  stats fetch failed: timed out
2026-09-13T20:53:05Z  WARNING  thresholds fetch failed: timed out
2026-09-13T20:53:05Z  WARNING  stats fetch failed: timed out
2026-09-13T20:53:10Z  WARNING  thresholds fetch failed: timed out
2026-09-13T20:53:10Z  WARNING  stats fetch failed: timed out
2026-09-13T20:53:15Z  WARNING  thresholds fetch failed: timed out
2026-09-13T20:53:15Z  WARNING  stats fetch failed: timed out
2026-09-13T20:53:20Z  WARNING  thresholds fetch failed: timed out
2026-09-13T20:53:20Z  WARNING  stats fetch failed: timed out
2026-09-13T20:53:25Z  WARNING  thresholds fetch failed: timed out
2026-09-13T20:53:25Z  WARNING  stats fetch failed: timed out
2026-09-13T20:53:30Z  WARNING  thresholds fetch failed: timed out
2026-09-13T20:53:30Z  WARNING  stats fetch failed: timed out
2026-09-13T20:53:35Z  WARNING  thresholds fetch failed: timed out
2026-09-13T20:53:35Z  WARNING  stats fetch failed: timed out
2026-09-13T20:53:40Z  WARNING  thresholds fetch failed: timed out
2026-09-13T20:53:40Z  WARNING  stats fetch failed: timed out
2026-09-13T20:53:45Z  WARNING  thresholds fetch failed: timed out
2026-09-13T20:53:45Z  WARNING  stats fetch failed: timed out
2026-09-13T20:53:50Z  WARNING  thresholds fetch failed: timed out
2026-09-13T20:53:50Z  WARNING  stats fetch failed: timed out
2026-09-13T20:53:55Z  WARNING  thresholds fetch failed: timed out
2026-09-13T20:53:55Z  WARNING  stats fetch failed: timed out
2026-09-13T20:54:00Z  WARNING  thresholds fetch failed: timed out
2026-09-13T20:54:00Z  WARNING  stats fetch failed: timed out
2026-09-13T20:54:05Z  WARNING  thresholds fetch failed: timed out
2026-09-13T20:54:05Z  WARNING  stats fetch failed: timed out
2026-09-13T20:54:10Z  WARNING  thresholds fetch failed: timed out
2026-09-13T20:54:10Z  WARNING  stats fetch failed: timed out
2026-09-13T20:54:15Z  WARNING  thresholds fetch failed: timed out
2026-09-13T20:54:15Z  WARNING  stats fetch failed: timed out
2026-09-13T20:54:20Z  WARNING  thresholds fetch failed: timed out
2026-09-13T20:54:20Z  WARNING  stats fetch failed: timed out
2026-09-13T20:54:25Z  WARNING  thresholds fetch failed: timed out
2026-09-13T20:54:25Z  WARNING  stats fetch failed: timed out
2026-09-13T20:54:30Z  WARNING  thresholds fetch failed: timed out
2026-09-13T20:54:30Z  WARNING  stats fetch failed: timed out
2026-09-13T20:54:35Z  WARNING  thresholds fetch failed: timed out
2026-09-13T20:54:35Z  WARNING  stats fetch failed: timed out
2026-09-13T20:54:40Z  WARNING  thresholds fetch failed: timed out
2026-09-13T20:54:40Z  WARNING  stats fetch failed: timed out
2026-09-13T20:54:45Z  WARNING  thresholds fetch failed: timed out
2026-09-13T20:54:45Z  WARNING  stats fetch failed: timed out
2026-09-13T20:54:50Z  WARNING  thresholds fetch failed: timed out
2026-09-13T20:54:50Z  WARNING  stats fetch failed: timed out
2026-09-13T20:54:55Z  WARNING  thresholds fetch failed: timed out
2026-09-13T20:54:55Z  WARNING  stats fetch failed: timed out
2026-09-13T20:55:00Z  WARNING  thresholds fetch failed: timed out
2026-09-13T20:55:00Z  WARNING  stats fetch failed: timed out
2026-09-13T20:55:05Z  WARNING  thresholds fetch failed: timed out
2026-09-13T20:55:05Z  WARNING  stats fetch failed: timed out
2026-09-13T20:55:10Z  SHUTDOWN  signal=15
2026-09-13T20:55:11Z  EXIT
