2026-10-03T20:25:38Z  START  poll_interval=1s layer_a_poll_interval=5s
2026-10-03T20:27:05Z  WARNING  thresholds fetch failed: timed out
2026-10-03T20:27:05Z  WARNING  stats fetch failed: timed out
2026-10-03T20:27:10Z  WARNING  thresholds fetch failed: timed out
2026-10-03T20:27:10Z  WARNING  stats fetch failed: timed out
2026-10-03T20:27:15Z  WARNING  thresholds fetch failed: timed out
2026-10-03T20:27:15Z  WARNING  stats fetch failed: timed out
2026-10-03T20:27:20Z  WARNING  thresholds fetch failed: timed out
2026-10-03T20:27:20Z  WARNING  stats fetch failed: timed out
2026-10-03T20:27:25Z  WARNING  thresholds fetch failed: timed out
2026-10-03T20:27:25Z  WARNING  stats fetch failed: timed out
2026-10-03T20:27:30Z  WARNING  thresholds fetch failed: timed out
2026-10-03T20:27:30Z  WARNING  stats fetch failed: timed out
2026-10-03T20:27:35Z  WARNING  thresholds fetch failed: timed out
2026-10-03T20:27:35Z  WARNING  stats fetch failed: timed out
2026-10-03T20:27:40Z  WARNING  thresholds fetch failed: timed out
2026-10-03T20:27:40Z  WARNING  stats fetch failed: timed out
2026-10-03T20:27:45Z  WARNING  thresholds fetch failed: timed out
2026-10-03T20:27:45Z  WARNING  stats fetch failed: timed out
2026-10-03T20:27:50Z  WARNING  thresholds fetch failed: timed out
2026-10-03T20:27:50Z  WARNING  stats fetch failed: timed out
2026-10-03T20:27:55Z  WARNING  thresholds fetch failed: timed out
2026-10-03T20:27:55Z  WARNING  stats fetch failed: timed out
2026-10-03T20:28:00Z  WARNING  thresholds fetch failed: timed out
2026-10-03T20:28:00Z  WARNING  stats fetch failed: timed out
2026-10-03T20:28:05Z  WARNING  thresholds fetch failed: timed out
2026-10-03T20:28:05Z  WARNING  stats fetch failed: timed out
2026-10-03T20:28:10Z  WARNING  thresholds fetch failed: timed out
2026-10-03T20:28:10Z  WARNING  stats fetch failed: timed out
2026-10-03T20:28:15Z  WARNING  thresholds fetch failed: timed out
2026-10-03T20:28:15Z  WARNING  stats fetch failed: timed out
2026-10-03T20:28:20Z  WARNING  thresholds fetch failed: timed out
2026-10-03T20:28:20Z  WARNING  stats fetch failed: timed out
2026-10-03T20:28:25Z  WARNING  thresholds fetch failed: timed out
2026-10-03T20:28:25Z  WARNING  stats fetch failed: timed out
2026-10-03T20:28:30Z  WARNING  thresholds fetch failed: timed out
2026-10-03T20:28:30Z  WARNING  stats fetch failed: timed out
2026-10-03T20:28:35Z  WARNING  thresholds fetch failed: timed out
2026-10-03T20:28:35Z  WARNING  stats fetch failed: timed out
2026-10-03T20:28:40Z  WARNING  thresholds fetch failed: timed out
2026-10-03T20:28:40Z  WARNING  stats fetch failed: timed out
2026-10-03T20:28:45Z  WARNING  thresholds fetch failed: timed out
2026-10-03T20:28:45Z  WARNING  stats fetch failed: timed out
2026-10-03T20:28:50Z  WARNING  thresholds fetch failed: timed out
2026-10-03T20:28:50Z  WARNING  stats fetch failed: timed out
2026-10-03T20:28:55Z  WARNING  thresholds fetch failed: timed out
2026-10-03T20:28:55Z  WARNING  stats fetch failed: timed out
2026-10-03T20:29:00Z  WARNING  thresholds fetch failed: timed out
2026-10-03T20:29:00Z  WARNING  stats fetch failed: timed out
2026-10-03T20:29:05Z  WARNING  thresholds fetch failed: timed out
2026-10-03T20:29:05Z  WARNING  stats fetch failed: timed out
2026-10-03T20:29:10Z  WARNING  thresholds fetch failed: timed out
2026-10-03T20:29:10Z  WARNING  stats fetch failed: timed out
2026-10-03T20:29:15Z  WARNING  thresholds fetch failed: timed out
2026-10-03T20:29:15Z  WARNING  stats fetch failed: timed out
2026-10-03T20:29:20Z  WARNING  thresholds fetch failed: timed out
2026-10-03T20:29:20Z  WARNING  stats fetch failed: timed out
2026-10-03T20:29:25Z  WARNING  thresholds fetch failed: timed out
2026-10-03T20:29:25Z  WARNING  stats fetch failed: timed out
2026-10-03T20:29:30Z  WARNING  thresholds fetch failed: timed out
2026-10-03T20:29:30Z  WARNING  stats fetch failed: timed out
2026-10-03T20:29:35Z  WARNING  thresholds fetch failed: timed out
2026-10-03T20:29:35Z  WARNING  stats fetch failed: timed out
2026-10-03T20:29:40Z  WARNING  thresholds fetch failed: timed out
2026-10-03T20:29:40Z  WARNING  stats fetch failed: timed out
2026-10-03T20:29:45Z  WARNING  thresholds fetch failed: timed out
2026-10-03T20:29:45Z  WARNING  stats fetch failed: timed out
2026-10-03T20:29:50Z  WARNING  thresholds fetch failed: timed out
2026-10-03T20:29:50Z  WARNING  stats fetch failed: timed out
2026-10-03T20:29:55Z  WARNING  thresholds fetch failed: timed out
2026-10-03T20:29:55Z  WARNING  stats fetch failed: timed out
2026-10-03T20:30:00Z  WARNING  thresholds fetch failed: timed out
2026-10-03T20:30:00Z  WARNING  stats fetch failed: timed out
2026-10-03T20:30:05Z  WARNING  thresholds fetch failed: timed out
2026-10-03T20:30:05Z  WARNING  stats fetch failed: timed out
2026-10-03T20:30:10Z  WARNING  thresholds fetch failed: timed out
2026-10-03T20:30:10Z  WARNING  stats fetch failed: timed out
2026-10-03T20:30:15Z  WARNING  thresholds fetch failed: timed out
2026-10-03T20:30:15Z  WARNING  stats fetch failed: timed out
2026-10-03T20:30:20Z  WARNING  thresholds fetch failed: timed out
2026-10-03T20:30:20Z  WARNING  stats fetch failed: timed out
2026-10-03T20:30:25Z  WARNING  thresholds fetch failed: timed out
2026-10-03T20:30:25Z  WARNING  stats fetch failed: timed out
2026-10-03T20:30:30Z  WARNING  thresholds fetch failed: timed out
2026-10-03T20:30:30Z  WARNING  stats fetch failed: timed out
2026-10-03T20:30:35Z  WARNING  thresholds fetch failed: timed out
2026-10-03T20:30:35Z  WARNING  stats fetch failed: timed out
2026-10-03T20:30:40Z  WARNING  thresholds fetch failed: timed out
2026-10-03T20:30:40Z  WARNING  stats fetch failed: timed out
2026-10-03T20:30:45Z  WARNING  thresholds fetch failed: timed out
2026-10-03T20:30:45Z  WARNING  stats fetch failed: timed out
2026-10-03T20:30:50Z  WARNING  thresholds fetch failed: timed out
2026-10-03T20:30:50Z  WARNING  stats fetch failed: timed out
2026-10-03T20:30:55Z  WARNING  thresholds fetch failed: timed out
2026-10-03T20:30:55Z  WARNING  stats fetch failed: timed out
2026-10-03T20:31:00Z  WARNING  thresholds fetch failed: timed out
2026-10-03T20:31:00Z  WARNING  stats fetch failed: timed out
2026-10-03T20:31:05Z  WARNING  thresholds fetch failed: timed out
2026-10-03T20:31:05Z  WARNING  stats fetch failed: timed out
2026-10-03T20:31:10Z  WARNING  thresholds fetch failed: timed out
2026-10-03T20:31:10Z  WARNING  stats fetch failed: timed out
2026-10-03T20:31:15Z  WARNING  thresholds fetch failed: timed out
2026-10-03T20:31:15Z  WARNING  stats fetch failed: timed out
2026-10-03T20:31:20Z  WARNING  thresholds fetch failed: timed out
2026-10-03T20:31:20Z  WARNING  stats fetch failed: timed out
2026-10-03T20:31:25Z  WARNING  thresholds fetch failed: timed out
2026-10-03T20:31:25Z  WARNING  stats fetch failed: timed out
2026-10-03T20:31:30Z  WARNING  thresholds fetch failed: timed out
2026-10-03T20:31:30Z  WARNING  stats fetch failed: timed out
2026-10-03T20:31:35Z  WARNING  thresholds fetch failed: timed out
2026-10-03T20:31:35Z  WARNING  stats fetch failed: timed out
2026-10-03T20:31:40Z  WARNING  thresholds fetch failed: timed out
2026-10-03T20:31:40Z  WARNING  stats fetch failed: timed out
2026-10-03T20:31:45Z  WARNING  thresholds fetch failed: timed out
2026-10-03T20:31:45Z  WARNING  stats fetch failed: timed out
2026-10-03T20:31:50Z  WARNING  thresholds fetch failed: timed out
2026-10-03T20:31:50Z  WARNING  stats fetch failed: timed out
2026-10-03T20:31:55Z  WARNING  thresholds fetch failed: timed out
2026-10-03T20:31:55Z  WARNING  stats fetch failed: timed out
2026-10-03T20:32:00Z  WARNING  thresholds fetch failed: timed out
2026-10-03T20:32:00Z  WARNING  stats fetch failed: timed out
2026-10-03T20:32:05Z  WARNING  thresholds fetch failed: timed out
2026-10-03T20:32:05Z  WARNING  stats fetch failed: timed out
2026-10-03T20:32:10Z  WARNING  thresholds fetch failed: timed out
2026-10-03T20:32:10Z  WARNING  stats fetch failed: timed out
2026-10-03T20:32:15Z  WARNING  thresholds fetch failed: timed out
2026-10-03T20:32:15Z  WARNING  stats fetch failed: timed out
2026-10-03T20:32:20Z  WARNING  thresholds fetch failed: timed out
2026-10-03T20:32:20Z  WARNING  stats fetch failed: timed out
2026-10-03T20:32:25Z  WARNING  thresholds fetch failed: timed out
2026-10-03T20:32:25Z  WARNING  stats fetch failed: timed out
2026-10-03T20:32:30Z  WARNING  thresholds fetch failed: timed out
2026-10-03T20:32:30Z  WARNING  stats fetch failed: timed out
2026-10-03T20:32:35Z  WARNING  thresholds fetch failed: timed out
2026-10-03T20:32:35Z  WARNING  stats fetch failed: timed out
2026-10-03T20:32:40Z  WARNING  thresholds fetch failed: timed out
2026-10-03T20:32:40Z  WARNING  stats fetch failed: timed out
2026-10-03T20:32:45Z  WARNING  thresholds fetch failed: timed out
2026-10-03T20:32:45Z  WARNING  stats fetch failed: timed out
2026-10-03T20:32:50Z  WARNING  thresholds fetch failed: timed out
2026-10-03T20:32:50Z  WARNING  stats fetch failed: timed out
2026-10-03T20:32:55Z  WARNING  thresholds fetch failed: timed out
2026-10-03T20:32:55Z  WARNING  stats fetch failed: timed out
2026-10-03T20:33:00Z  WARNING  thresholds fetch failed: timed out
2026-10-03T20:33:00Z  WARNING  stats fetch failed: timed out
2026-10-03T20:33:05Z  WARNING  thresholds fetch failed: timed out
2026-10-03T20:33:05Z  WARNING  stats fetch failed: timed out
2026-10-03T20:33:10Z  WARNING  thresholds fetch failed: timed out
2026-10-03T20:33:10Z  WARNING  stats fetch failed: timed out
2026-10-03T20:33:15Z  WARNING  thresholds fetch failed: timed out
2026-10-03T20:33:15Z  WARNING  stats fetch failed: timed out
2026-10-03T20:33:20Z  WARNING  thresholds fetch failed: timed out
2026-10-03T20:33:20Z  WARNING  stats fetch failed: timed out
2026-10-03T20:33:25Z  WARNING  thresholds fetch failed: timed out
2026-10-03T20:33:25Z  WARNING  stats fetch failed: timed out
2026-10-03T20:33:30Z  WARNING  thresholds fetch failed: timed out
2026-10-03T20:33:30Z  WARNING  stats fetch failed: timed out
2026-10-03T20:33:35Z  WARNING  thresholds fetch failed: timed out
2026-10-03T20:33:35Z  WARNING  stats fetch failed: timed out
2026-10-03T20:33:40Z  WARNING  thresholds fetch failed: timed out
2026-10-03T20:33:40Z  WARNING  stats fetch failed: timed out
2026-10-03T20:33:45Z  WARNING  thresholds fetch failed: timed out
2026-10-03T20:33:45Z  WARNING  stats fetch failed: timed out
2026-10-03T20:33:50Z  WARNING  thresholds fetch failed: timed out
2026-10-03T20:33:50Z  WARNING  stats fetch failed: timed out
2026-10-03T20:33:55Z  WARNING  thresholds fetch failed: timed out
2026-10-03T20:33:55Z  WARNING  stats fetch failed: timed out
2026-10-03T20:34:00Z  WARNING  thresholds fetch failed: timed out
2026-10-03T20:34:00Z  WARNING  stats fetch failed: timed out
2026-10-03T20:34:05Z  WARNING  thresholds fetch failed: timed out
2026-10-03T20:34:05Z  WARNING  stats fetch failed: timed out
2026-10-03T20:34:10Z  WARNING  thresholds fetch failed: timed out
2026-10-03T20:34:10Z  WARNING  stats fetch failed: timed out
2026-10-03T20:34:15Z  WARNING  thresholds fetch failed: timed out
2026-10-03T20:34:15Z  WARNING  stats fetch failed: timed out
2026-10-03T20:34:20Z  WARNING  thresholds fetch failed: timed out
2026-10-03T20:34:20Z  WARNING  stats fetch failed: timed out
2026-10-03T20:34:25Z  WARNING  thresholds fetch failed: timed out
2026-10-03T20:34:25Z  WARNING  stats fetch failed: timed out
2026-10-03T20:34:30Z  WARNING  thresholds fetch failed: timed out
2026-10-03T20:34:30Z  WARNING  stats fetch failed: timed out
2026-10-03T20:34:35Z  WARNING  thresholds fetch failed: timed out
2026-10-03T20:34:35Z  WARNING  stats fetch failed: timed out
2026-10-03T20:34:40Z  WARNING  thresholds fetch failed: timed out
2026-10-03T20:34:40Z  WARNING  stats fetch failed: timed out
2026-10-03T20:34:45Z  WARNING  thresholds fetch failed: timed out
2026-10-03T20:34:45Z  WARNING  stats fetch failed: timed out
2026-10-03T20:34:50Z  WARNING  thresholds fetch failed: timed out
2026-10-03T20:34:50Z  WARNING  stats fetch failed: timed out
2026-10-03T20:34:55Z  WARNING  thresholds fetch failed: timed out
2026-10-03T20:34:55Z  WARNING  stats fetch failed: timed out
2026-10-03T20:35:00Z  WARNING  thresholds fetch failed: timed out
2026-10-03T20:35:00Z  WARNING  stats fetch failed: timed out
2026-10-03T20:35:05Z  WARNING  thresholds fetch failed: timed out
2026-10-03T20:35:05Z  WARNING  stats fetch failed: timed out
2026-10-03T20:35:10Z  WARNING  thresholds fetch failed: timed out
2026-10-03T20:35:10Z  WARNING  stats fetch failed: timed out
2026-10-03T20:35:15Z  WARNING  thresholds fetch failed: timed out
2026-10-03T20:35:15Z  WARNING  stats fetch failed: timed out
2026-10-03T20:35:20Z  WARNING  thresholds fetch failed: timed out
2026-10-03T20:35:20Z  WARNING  stats fetch failed: timed out
2026-10-03T20:35:25Z  WARNING  thresholds fetch failed: timed out
2026-10-03T20:35:25Z  WARNING  stats fetch failed: timed out
2026-10-03T20:35:30Z  WARNING  thresholds fetch failed: timed out
2026-10-03T20:35:30Z  WARNING  stats fetch failed: timed out
2026-10-03T20:35:35Z  WARNING  thresholds fetch failed: timed out
2026-10-03T20:35:35Z  WARNING  stats fetch failed: timed out
2026-10-03T20:35:40Z  WARNING  thresholds fetch failed: timed out
2026-10-03T20:35:40Z  WARNING  stats fetch failed: timed out
2026-10-03T20:35:45Z  WARNING  thresholds fetch failed: timed out
2026-10-03T20:35:45Z  WARNING  stats fetch failed: timed out
2026-10-03T20:35:50Z  WARNING  thresholds fetch failed: timed out
2026-10-03T20:35:50Z  WARNING  stats fetch failed: timed out
2026-10-03T20:35:55Z  WARNING  thresholds fetch failed: timed out
2026-10-03T20:35:55Z  WARNING  stats fetch failed: timed out
2026-10-03T20:36:00Z  WARNING  thresholds fetch failed: timed out
2026-10-03T20:36:00Z  WARNING  stats fetch failed: timed out
2026-10-03T20:36:05Z  WARNING  thresholds fetch failed: timed out
2026-10-03T20:36:05Z  WARNING  stats fetch failed: timed out
2026-10-03T20:36:10Z  WARNING  thresholds fetch failed: timed out
2026-10-03T20:36:10Z  WARNING  stats fetch failed: timed out
2026-10-03T20:36:16Z  SHUTDOWN  signal=15
2026-10-03T20:36:17Z  EXIT
