2026-09-29T08:32:22Z  START  poll_interval=1s layer_a_poll_interval=5s
2026-09-29T08:33:30Z  WARNING  thresholds fetch failed: timed out
2026-09-29T08:33:30Z  WARNING  stats fetch failed: timed out
2026-09-29T08:33:35Z  WARNING  thresholds fetch failed: timed out
2026-09-29T08:33:35Z  WARNING  stats fetch failed: timed out
2026-09-29T08:33:40Z  WARNING  thresholds fetch failed: timed out
2026-09-29T08:33:40Z  WARNING  stats fetch failed: timed out
2026-09-29T08:33:45Z  WARNING  thresholds fetch failed: timed out
2026-09-29T08:33:45Z  WARNING  stats fetch failed: timed out
2026-09-29T08:33:50Z  WARNING  thresholds fetch failed: timed out
2026-09-29T08:33:50Z  WARNING  stats fetch failed: timed out
2026-09-29T08:33:55Z  WARNING  thresholds fetch failed: timed out
2026-09-29T08:33:55Z  WARNING  stats fetch failed: timed out
2026-09-29T08:34:00Z  WARNING  thresholds fetch failed: timed out
2026-09-29T08:34:00Z  WARNING  stats fetch failed: timed out
2026-09-29T08:34:05Z  WARNING  thresholds fetch failed: timed out
2026-09-29T08:34:05Z  WARNING  stats fetch failed: timed out
2026-09-29T08:34:10Z  WARNING  thresholds fetch failed: timed out
2026-09-29T08:34:10Z  WARNING  stats fetch failed: timed out
2026-09-29T08:34:15Z  WARNING  thresholds fetch failed: timed out
2026-09-29T08:34:15Z  WARNING  stats fetch failed: timed out
2026-09-29T08:34:20Z  WARNING  thresholds fetch failed: timed out
2026-09-29T08:34:20Z  WARNING  stats fetch failed: timed out
2026-09-29T08:34:25Z  WARNING  thresholds fetch failed: timed out
2026-09-29T08:34:25Z  WARNING  stats fetch failed: timed out
2026-09-29T08:34:30Z  WARNING  thresholds fetch failed: timed out
2026-09-29T08:34:30Z  WARNING  stats fetch failed: timed out
2026-09-29T08:34:35Z  WARNING  thresholds fetch failed: timed out
2026-09-29T08:34:35Z  WARNING  stats fetch failed: timed out
2026-09-29T08:34:40Z  WARNING  thresholds fetch failed: timed out
2026-09-29T08:34:40Z  WARNING  stats fetch failed: timed out
2026-09-29T08:34:45Z  WARNING  thresholds fetch failed: timed out
2026-09-29T08:34:45Z  WARNING  stats fetch failed: timed out
2026-09-29T08:34:50Z  WARNING  thresholds fetch failed: timed out
2026-09-29T08:34:50Z  WARNING  stats fetch failed: timed out
2026-09-29T08:34:55Z  WARNING  thresholds fetch failed: timed out
2026-09-29T08:34:55Z  WARNING  stats fetch failed: timed out
2026-09-29T08:35:00Z  WARNING  thresholds fetch failed: timed out
2026-09-29T08:35:00Z  WARNING  stats fetch failed: timed out
2026-09-29T08:35:05Z  WARNING  thresholds fetch failed: timed out
2026-09-29T08:35:05Z  WARNING  stats fetch failed: timed out
2026-09-29T08:35:10Z  WARNING  thresholds fetch failed: timed out
2026-09-29T08:35:10Z  WARNING  stats fetch failed: timed out
2026-09-29T08:35:15Z  WARNING  thresholds fetch failed: timed out
2026-09-29T08:35:15Z  WARNING  stats fetch failed: timed out
2026-09-29T08:35:20Z  WARNING  thresholds fetch failed: timed out
2026-09-29T08:35:20Z  WARNING  stats fetch failed: timed out
2026-09-29T08:35:25Z  WARNING  thresholds fetch failed: timed out
2026-09-29T08:35:25Z  WARNING  stats fetch failed: timed out
2026-09-29T08:35:30Z  WARNING  thresholds fetch failed: timed out
2026-09-29T08:35:30Z  WARNING  stats fetch failed: timed out
2026-09-29T08:35:35Z  WARNING  thresholds fetch failed: timed out
2026-09-29T08:35:35Z  WARNING  stats fetch failed: timed out
2026-09-29T08:35:40Z  WARNING  thresholds fetch failed: timed out
2026-09-29T08:35:40Z  WARNING  stats fetch failed: timed out
2026-09-29T08:35:45Z  WARNING  thresholds fetch failed: timed out
2026-09-29T08:35:45Z  WARNING  stats fetch failed: timed out
2026-09-29T08:35:50Z  WARNING  thresholds fetch failed: timed out
2026-09-29T08:35:50Z  WARNING  stats fetch failed: timed out
2026-09-29T08:35:55Z  WARNING  thresholds fetch failed: timed out
2026-09-29T08:35:55Z  WARNING  stats fetch failed: timed out
2026-09-29T08:36:00Z  WARNING  thresholds fetch failed: timed out
2026-09-29T08:36:00Z  WARNING  stats fetch failed: timed out
2026-09-29T08:36:05Z  WARNING  thresholds fetch failed: timed out
2026-09-29T08:36:05Z  WARNING  stats fetch failed: timed out
2026-09-29T08:36:10Z  WARNING  thresholds fetch failed: timed out
2026-09-29T08:36:10Z  WARNING  stats fetch failed: timed out
2026-09-29T08:36:15Z  WARNING  thresholds fetch failed: timed out
2026-09-29T08:36:15Z  WARNING  stats fetch failed: timed out
2026-09-29T08:36:20Z  WARNING  thresholds fetch failed: timed out
2026-09-29T08:36:20Z  WARNING  stats fetch failed: timed out
2026-09-29T08:36:25Z  WARNING  thresholds fetch failed: timed out
2026-09-29T08:36:25Z  WARNING  stats fetch failed: timed out
2026-09-29T08:36:30Z  WARNING  thresholds fetch failed: timed out
2026-09-29T08:36:30Z  WARNING  stats fetch failed: timed out
2026-09-29T08:36:35Z  WARNING  thresholds fetch failed: timed out
2026-09-29T08:36:35Z  WARNING  stats fetch failed: timed out
2026-09-29T08:36:40Z  WARNING  thresholds fetch failed: timed out
2026-09-29T08:36:40Z  WARNING  stats fetch failed: timed out
2026-09-29T08:36:45Z  WARNING  thresholds fetch failed: timed out
2026-09-29T08:36:45Z  WARNING  stats fetch failed: timed out
2026-09-29T08:36:50Z  WARNING  thresholds fetch failed: timed out
2026-09-29T08:36:50Z  WARNING  stats fetch failed: timed out
2026-09-29T08:36:55Z  WARNING  thresholds fetch failed: timed out
2026-09-29T08:36:55Z  WARNING  stats fetch failed: timed out
2026-09-29T08:37:00Z  WARNING  thresholds fetch failed: timed out
2026-09-29T08:37:00Z  WARNING  stats fetch failed: timed out
2026-09-29T08:37:05Z  WARNING  thresholds fetch failed: timed out
2026-09-29T08:37:05Z  WARNING  stats fetch failed: timed out
2026-09-29T08:37:10Z  WARNING  thresholds fetch failed: timed out
2026-09-29T08:37:10Z  WARNING  stats fetch failed: timed out
2026-09-29T08:37:15Z  WARNING  thresholds fetch failed: timed out
2026-09-29T08:37:15Z  WARNING  stats fetch failed: timed out
2026-09-29T08:37:20Z  WARNING  thresholds fetch failed: timed out
2026-09-29T08:37:20Z  WARNING  stats fetch failed: timed out
2026-09-29T08:37:25Z  WARNING  thresholds fetch failed: timed out
2026-09-29T08:37:25Z  WARNING  stats fetch failed: timed out
2026-09-29T08:37:30Z  WARNING  thresholds fetch failed: timed out
2026-09-29T08:37:30Z  WARNING  stats fetch failed: timed out
2026-09-29T08:37:35Z  WARNING  thresholds fetch failed: timed out
2026-09-29T08:37:35Z  WARNING  stats fetch failed: timed out
2026-09-29T08:37:40Z  WARNING  thresholds fetch failed: timed out
2026-09-29T08:37:40Z  WARNING  stats fetch failed: timed out
2026-09-29T08:37:45Z  WARNING  thresholds fetch failed: timed out
2026-09-29T08:37:45Z  WARNING  stats fetch failed: timed out
2026-09-29T08:37:50Z  WARNING  thresholds fetch failed: timed out
2026-09-29T08:37:50Z  WARNING  stats fetch failed: timed out
2026-09-29T08:37:55Z  WARNING  thresholds fetch failed: timed out
2026-09-29T08:37:55Z  WARNING  stats fetch failed: timed out
2026-09-29T08:38:00Z  WARNING  thresholds fetch failed: timed out
2026-09-29T08:38:00Z  WARNING  stats fetch failed: timed out
2026-09-29T08:38:05Z  WARNING  thresholds fetch failed: timed out
2026-09-29T08:38:05Z  WARNING  stats fetch failed: timed out
2026-09-29T08:38:10Z  WARNING  thresholds fetch failed: timed out
2026-09-29T08:38:10Z  WARNING  stats fetch failed: timed out
2026-09-29T08:38:15Z  WARNING  thresholds fetch failed: timed out
2026-09-29T08:38:15Z  WARNING  stats fetch failed: timed out
2026-09-29T08:38:20Z  WARNING  thresholds fetch failed: timed out
2026-09-29T08:38:20Z  WARNING  stats fetch failed: timed out
2026-09-29T08:38:25Z  WARNING  thresholds fetch failed: timed out
2026-09-29T08:38:25Z  WARNING  stats fetch failed: timed out
2026-09-29T08:38:30Z  WARNING  thresholds fetch failed: timed out
2026-09-29T08:38:30Z  WARNING  stats fetch failed: timed out
2026-09-29T08:38:35Z  WARNING  thresholds fetch failed: timed out
2026-09-29T08:38:35Z  WARNING  stats fetch failed: timed out
2026-09-29T08:38:40Z  WARNING  thresholds fetch failed: timed out
2026-09-29T08:38:40Z  WARNING  stats fetch failed: timed out
2026-09-29T08:38:45Z  WARNING  thresholds fetch failed: timed out
2026-09-29T08:38:45Z  WARNING  stats fetch failed: timed out
2026-09-29T08:38:50Z  WARNING  thresholds fetch failed: timed out
2026-09-29T08:38:50Z  WARNING  stats fetch failed: timed out
2026-09-29T08:38:55Z  WARNING  thresholds fetch failed: timed out
2026-09-29T08:38:55Z  WARNING  stats fetch failed: timed out
2026-09-29T08:39:00Z  WARNING  thresholds fetch failed: timed out
2026-09-29T08:39:00Z  WARNING  stats fetch failed: timed out
2026-09-29T08:39:05Z  WARNING  thresholds fetch failed: timed out
2026-09-29T08:39:05Z  WARNING  stats fetch failed: timed out
2026-09-29T08:39:10Z  WARNING  thresholds fetch failed: timed out
2026-09-29T08:39:10Z  WARNING  stats fetch failed: timed out
2026-09-29T08:39:15Z  WARNING  thresholds fetch failed: timed out
2026-09-29T08:39:15Z  WARNING  stats fetch failed: timed out
2026-09-29T08:39:20Z  WARNING  thresholds fetch failed: timed out
2026-09-29T08:39:20Z  WARNING  stats fetch failed: timed out
2026-09-29T08:39:25Z  WARNING  thresholds fetch failed: timed out
2026-09-29T08:39:25Z  WARNING  stats fetch failed: timed out
2026-09-29T08:39:30Z  WARNING  thresholds fetch failed: timed out
2026-09-29T08:39:30Z  WARNING  stats fetch failed: timed out
2026-09-29T08:39:35Z  WARNING  thresholds fetch failed: timed out
2026-09-29T08:39:35Z  WARNING  stats fetch failed: timed out
2026-09-29T08:39:40Z  WARNING  thresholds fetch failed: timed out
2026-09-29T08:39:40Z  WARNING  stats fetch failed: timed out
2026-09-29T08:39:45Z  WARNING  thresholds fetch failed: timed out
2026-09-29T08:39:45Z  WARNING  stats fetch failed: timed out
2026-09-29T08:39:50Z  WARNING  thresholds fetch failed: timed out
2026-09-29T08:39:50Z  WARNING  stats fetch failed: timed out
2026-09-29T08:39:55Z  WARNING  thresholds fetch failed: timed out
2026-09-29T08:39:55Z  WARNING  stats fetch failed: timed out
2026-09-29T08:40:00Z  WARNING  thresholds fetch failed: timed out
2026-09-29T08:40:00Z  WARNING  stats fetch failed: timed out
2026-09-29T08:40:05Z  WARNING  thresholds fetch failed: timed out
2026-09-29T08:40:05Z  WARNING  stats fetch failed: timed out
2026-09-29T08:40:10Z  WARNING  thresholds fetch failed: timed out
2026-09-29T08:40:10Z  WARNING  stats fetch failed: timed out
2026-09-29T08:40:15Z  WARNING  thresholds fetch failed: timed out
2026-09-29T08:40:15Z  WARNING  stats fetch failed: timed out
2026-09-29T08:40:20Z  WARNING  thresholds fetch failed: timed out
2026-09-29T08:40:20Z  WARNING  stats fetch failed: timed out
2026-09-29T08:40:25Z  WARNING  thresholds fetch failed: timed out
2026-09-29T08:40:25Z  WARNING  stats fetch failed: timed out
2026-09-29T08:40:30Z  WARNING  thresholds fetch failed: timed out
2026-09-29T08:40:30Z  WARNING  stats fetch failed: timed out
2026-09-29T08:40:35Z  WARNING  thresholds fetch failed: timed out
2026-09-29T08:40:35Z  WARNING  stats fetch failed: timed out
2026-09-29T08:40:40Z  WARNING  thresholds fetch failed: timed out
2026-09-29T08:40:40Z  WARNING  stats fetch failed: timed out
2026-09-29T08:40:45Z  WARNING  thresholds fetch failed: timed out
2026-09-29T08:40:45Z  WARNING  stats fetch failed: timed out
2026-09-29T08:40:50Z  WARNING  thresholds fetch failed: timed out
2026-09-29T08:40:50Z  WARNING  stats fetch failed: timed out
2026-09-29T08:40:55Z  WARNING  thresholds fetch failed: timed out
2026-09-29T08:40:55Z  WARNING  stats fetch failed: timed out
2026-09-29T08:41:00Z  WARNING  thresholds fetch failed: timed out
2026-09-29T08:41:00Z  WARNING  stats fetch failed: timed out
2026-09-29T08:41:05Z  WARNING  thresholds fetch failed: timed out
2026-09-29T08:41:05Z  WARNING  stats fetch failed: timed out
2026-09-29T08:41:10Z  WARNING  thresholds fetch failed: timed out
2026-09-29T08:41:10Z  WARNING  stats fetch failed: timed out
2026-09-29T08:41:15Z  WARNING  thresholds fetch failed: timed out
2026-09-29T08:41:15Z  WARNING  stats fetch failed: timed out
2026-09-29T08:41:20Z  WARNING  thresholds fetch failed: timed out
2026-09-29T08:41:20Z  WARNING  stats fetch failed: timed out
2026-09-29T08:41:25Z  WARNING  thresholds fetch failed: timed out
2026-09-29T08:41:25Z  WARNING  stats fetch failed: timed out
2026-09-29T08:41:30Z  WARNING  thresholds fetch failed: timed out
2026-09-29T08:41:30Z  WARNING  stats fetch failed: timed out
2026-09-29T08:41:35Z  WARNING  thresholds fetch failed: timed out
2026-09-29T08:41:35Z  WARNING  stats fetch failed: timed out
2026-09-29T08:41:40Z  WARNING  thresholds fetch failed: timed out
2026-09-29T08:41:40Z  WARNING  stats fetch failed: timed out
2026-09-29T08:41:45Z  WARNING  thresholds fetch failed: timed out
2026-09-29T08:41:45Z  WARNING  stats fetch failed: timed out
2026-09-29T08:41:50Z  WARNING  thresholds fetch failed: timed out
2026-09-29T08:41:50Z  WARNING  stats fetch failed: timed out
2026-09-29T08:41:55Z  WARNING  thresholds fetch failed: timed out
2026-09-29T08:41:55Z  WARNING  stats fetch failed: timed out
2026-09-29T08:42:00Z  WARNING  thresholds fetch failed: timed out
2026-09-29T08:42:00Z  WARNING  stats fetch failed: timed out
2026-09-29T08:42:05Z  WARNING  thresholds fetch failed: timed out
2026-09-29T08:42:05Z  WARNING  stats fetch failed: timed out
2026-09-29T08:42:10Z  WARNING  thresholds fetch failed: timed out
2026-09-29T08:42:10Z  WARNING  stats fetch failed: timed out
2026-09-29T08:42:15Z  WARNING  thresholds fetch failed: timed out
2026-09-29T08:42:15Z  WARNING  stats fetch failed: timed out
2026-09-29T08:42:20Z  WARNING  thresholds fetch failed: timed out
2026-09-29T08:42:20Z  WARNING  stats fetch failed: timed out
2026-09-29T08:42:25Z  WARNING  thresholds fetch failed: timed out
2026-09-29T08:42:25Z  WARNING  stats fetch failed: timed out
2026-09-29T08:42:30Z  WARNING  thresholds fetch failed: timed out
2026-09-29T08:42:30Z  WARNING  stats fetch failed: timed out
2026-09-29T08:42:35Z  WARNING  thresholds fetch failed: timed out
2026-09-29T08:42:35Z  WARNING  stats fetch failed: timed out
2026-09-29T08:42:40Z  WARNING  thresholds fetch failed: <urlopen error timed out>
2026-09-29T08:42:40Z  WARNING  stats fetch failed: timed out
2026-09-29T08:42:45Z  WARNING  thresholds fetch failed: timed out
2026-09-29T08:42:45Z  WARNING  stats fetch failed: timed out
2026-09-29T08:42:50Z  WARNING  thresholds fetch failed: timed out
2026-09-29T08:42:50Z  WARNING  stats fetch failed: timed out
2026-09-29T08:42:55Z  WARNING  thresholds fetch failed: timed out
2026-09-29T08:42:55Z  WARNING  stats fetch failed: timed out
2026-09-29T08:43:00Z  WARNING  thresholds fetch failed: timed out
2026-09-29T08:43:00Z  WARNING  stats fetch failed: timed out
2026-09-29T08:43:05Z  SHUTDOWN  signal=15
2026-09-29T08:43:06Z  EXIT
