2026-09-18T09:56:15Z  START  poll_interval=1s layer_a_poll_interval=5s
2026-09-18T09:56:35Z  WARNING  thresholds fetch failed: timed out
2026-09-18T09:56:35Z  WARNING  stats fetch failed: timed out
2026-09-18T09:56:40Z  WARNING  thresholds fetch failed: timed out
2026-09-18T09:56:40Z  WARNING  stats fetch failed: timed out
2026-09-18T09:56:45Z  WARNING  thresholds fetch failed: timed out
2026-09-18T09:56:45Z  WARNING  stats fetch failed: timed out
2026-09-18T09:56:50Z  WARNING  thresholds fetch failed: timed out
2026-09-18T09:56:50Z  WARNING  stats fetch failed: timed out
2026-09-18T09:56:55Z  WARNING  thresholds fetch failed: timed out
2026-09-18T09:56:55Z  WARNING  stats fetch failed: timed out
2026-09-18T09:57:00Z  WARNING  thresholds fetch failed: timed out
2026-09-18T09:57:00Z  WARNING  stats fetch failed: timed out
2026-09-18T09:57:05Z  WARNING  thresholds fetch failed: timed out
2026-09-18T09:57:05Z  WARNING  stats fetch failed: timed out
2026-09-18T09:57:10Z  WARNING  thresholds fetch failed: timed out
2026-09-18T09:57:10Z  WARNING  stats fetch failed: timed out
2026-09-18T09:57:15Z  WARNING  thresholds fetch failed: timed out
2026-09-18T09:57:15Z  WARNING  stats fetch failed: timed out
2026-09-18T09:57:20Z  WARNING  thresholds fetch failed: timed out
2026-09-18T09:57:20Z  WARNING  stats fetch failed: timed out
2026-09-18T09:57:25Z  WARNING  thresholds fetch failed: timed out
2026-09-18T09:57:25Z  WARNING  stats fetch failed: timed out
2026-09-18T09:57:30Z  WARNING  thresholds fetch failed: timed out
2026-09-18T09:57:30Z  WARNING  stats fetch failed: timed out
2026-09-18T09:57:35Z  WARNING  thresholds fetch failed: timed out
2026-09-18T09:57:35Z  WARNING  stats fetch failed: timed out
2026-09-18T09:57:40Z  WARNING  thresholds fetch failed: timed out
2026-09-18T09:57:40Z  WARNING  stats fetch failed: timed out
2026-09-18T09:57:45Z  WARNING  thresholds fetch failed: timed out
2026-09-18T09:57:45Z  WARNING  stats fetch failed: timed out
2026-09-18T09:57:50Z  WARNING  thresholds fetch failed: timed out
2026-09-18T09:57:50Z  WARNING  stats fetch failed: timed out
2026-09-18T09:57:55Z  WARNING  thresholds fetch failed: timed out
2026-09-18T09:57:55Z  WARNING  stats fetch failed: timed out
2026-09-18T09:58:00Z  WARNING  thresholds fetch failed: timed out
2026-09-18T09:58:00Z  WARNING  stats fetch failed: timed out
2026-09-18T09:58:05Z  WARNING  thresholds fetch failed: timed out
2026-09-18T09:58:05Z  WARNING  stats fetch failed: timed out
2026-09-18T09:58:10Z  WARNING  thresholds fetch failed: timed out
2026-09-18T09:58:10Z  WARNING  stats fetch failed: timed out
2026-09-18T09:58:15Z  WARNING  thresholds fetch failed: timed out
2026-09-18T09:58:15Z  WARNING  stats fetch failed: timed out
2026-09-18T09:58:20Z  WARNING  thresholds fetch failed: timed out
2026-09-18T09:58:20Z  WARNING  stats fetch failed: timed out
2026-09-18T09:58:25Z  WARNING  thresholds fetch failed: timed out
2026-09-18T09:58:25Z  WARNING  stats fetch failed: timed out
2026-09-18T09:58:30Z  WARNING  thresholds fetch failed: timed out
2026-09-18T09:58:30Z  WARNING  stats fetch failed: timed out
2026-09-18T09:58:35Z  WARNING  thresholds fetch failed: timed out
2026-09-18T09:58:35Z  WARNING  stats fetch failed: timed out
2026-09-18T09:58:40Z  WARNING  thresholds fetch failed: timed out
2026-09-18T09:58:40Z  WARNING  stats fetch failed: timed out
2026-09-18T09:58:45Z  WARNING  thresholds fetch failed: timed out
2026-09-18T09:58:45Z  WARNING  stats fetch failed: timed out
2026-09-18T09:58:50Z  WARNING  thresholds fetch failed: timed out
2026-09-18T09:58:50Z  WARNING  stats fetch failed: timed out
2026-09-18T09:58:55Z  WARNING  thresholds fetch failed: timed out
2026-09-18T09:58:55Z  WARNING  stats fetch failed: timed out
2026-09-18T09:59:00Z  WARNING  thresholds fetch failed: timed out
2026-09-18T09:59:00Z  WARNING  stats fetch failed: timed out
2026-09-18T09:59:05Z  WARNING  thresholds fetch failed: timed out
2026-09-18T09:59:05Z  WARNING  stats fetch failed: timed out
2026-09-18T09:59:10Z  WARNING  thresholds fetch failed: timed out
2026-09-18T09:59:10Z  WARNING  stats fetch failed: timed out
2026-09-18T09:59:15Z  WARNING  thresholds fetch failed: timed out
2026-09-18T09:59:15Z  WARNING  stats fetch failed: timed out
2026-09-18T09:59:20Z  WARNING  thresholds fetch failed: timed out
2026-09-18T09:59:20Z  WARNING  stats fetch failed: timed out
2026-09-18T09:59:25Z  WARNING  thresholds fetch failed: timed out
2026-09-18T09:59:25Z  WARNING  stats fetch failed: timed out
2026-09-18T09:59:30Z  WARNING  thresholds fetch failed: timed out
2026-09-18T09:59:30Z  WARNING  stats fetch failed: timed out
2026-09-18T09:59:35Z  WARNING  thresholds fetch failed: timed out
2026-09-18T09:59:35Z  WARNING  stats fetch failed: timed out
2026-09-18T09:59:40Z  WARNING  thresholds fetch failed: timed out
2026-09-18T09:59:40Z  WARNING  stats fetch failed: timed out
2026-09-18T09:59:45Z  WARNING  thresholds fetch failed: timed out
2026-09-18T09:59:45Z  WARNING  stats fetch failed: timed out
2026-09-18T09:59:50Z  WARNING  thresholds fetch failed: timed out
2026-09-18T09:59:50Z  WARNING  stats fetch failed: timed out
2026-09-18T09:59:55Z  WARNING  thresholds fetch failed: timed out
2026-09-18T09:59:55Z  WARNING  stats fetch failed: timed out
2026-09-18T10:00:00Z  WARNING  thresholds fetch failed: timed out
2026-09-18T10:00:00Z  WARNING  stats fetch failed: timed out
2026-09-18T10:00:05Z  WARNING  thresholds fetch failed: timed out
2026-09-18T10:00:05Z  WARNING  stats fetch failed: timed out
2026-09-18T10:00:10Z  WARNING  thresholds fetch failed: timed out
2026-09-18T10:00:10Z  WARNING  stats fetch failed: timed out
2026-09-18T10:00:15Z  WARNING  thresholds fetch failed: timed out
2026-09-18T10:00:15Z  WARNING  stats fetch failed: timed out
2026-09-18T10:00:20Z  WARNING  thresholds fetch failed: timed out
2026-09-18T10:00:20Z  WARNING  stats fetch failed: timed out
2026-09-18T10:00:25Z  WARNING  thresholds fetch failed: timed out
2026-09-18T10:00:25Z  WARNING  stats fetch failed: timed out
2026-09-18T10:00:30Z  WARNING  thresholds fetch failed: timed out
2026-09-18T10:00:30Z  WARNING  stats fetch failed: timed out
2026-09-18T10:00:35Z  WARNING  thresholds fetch failed: timed out
2026-09-18T10:00:35Z  WARNING  stats fetch failed: timed out
2026-09-18T10:00:40Z  WARNING  thresholds fetch failed: timed out
2026-09-18T10:00:40Z  WARNING  stats fetch failed: timed out
2026-09-18T10:00:45Z  WARNING  thresholds fetch failed: timed out
2026-09-18T10:00:45Z  WARNING  stats fetch failed: timed out
2026-09-18T10:00:50Z  WARNING  thresholds fetch failed: timed out
2026-09-18T10:00:50Z  WARNING  stats fetch failed: timed out
2026-09-18T10:00:55Z  WARNING  thresholds fetch failed: timed out
2026-09-18T10:00:55Z  WARNING  stats fetch failed: timed out
2026-09-18T10:01:00Z  WARNING  thresholds fetch failed: timed out
2026-09-18T10:01:00Z  WARNING  stats fetch failed: timed out
2026-09-18T10:01:05Z  WARNING  thresholds fetch failed: timed out
2026-09-18T10:01:05Z  WARNING  stats fetch failed: timed out
2026-09-18T10:01:10Z  WARNING  thresholds fetch failed: timed out
2026-09-18T10:01:10Z  WARNING  stats fetch failed: timed out
2026-09-18T10:01:15Z  WARNING  thresholds fetch failed: timed out
2026-09-18T10:01:15Z  WARNING  stats fetch failed: timed out
2026-09-18T10:01:20Z  WARNING  thresholds fetch failed: timed out
2026-09-18T10:01:20Z  WARNING  stats fetch failed: timed out
2026-09-18T10:01:25Z  WARNING  thresholds fetch failed: timed out
2026-09-18T10:01:25Z  WARNING  stats fetch failed: timed out
2026-09-18T10:01:30Z  WARNING  thresholds fetch failed: timed out
2026-09-18T10:01:30Z  WARNING  stats fetch failed: timed out
2026-09-18T10:01:35Z  WARNING  thresholds fetch failed: timed out
2026-09-18T10:01:35Z  WARNING  stats fetch failed: <urlopen error timed out>
2026-09-18T10:01:40Z  WARNING  thresholds fetch failed: timed out
2026-09-18T10:01:40Z  WARNING  stats fetch failed: timed out
2026-09-18T10:01:45Z  WARNING  thresholds fetch failed: timed out
2026-09-18T10:01:45Z  WARNING  stats fetch failed: timed out
2026-09-18T10:01:50Z  WARNING  thresholds fetch failed: timed out
2026-09-18T10:01:50Z  WARNING  stats fetch failed: timed out
2026-09-18T10:01:55Z  WARNING  thresholds fetch failed: timed out
2026-09-18T10:01:55Z  WARNING  stats fetch failed: timed out
2026-09-18T10:02:00Z  WARNING  thresholds fetch failed: timed out
2026-09-18T10:02:00Z  WARNING  stats fetch failed: timed out
2026-09-18T10:02:05Z  WARNING  thresholds fetch failed: timed out
2026-09-18T10:02:05Z  WARNING  stats fetch failed: timed out
2026-09-18T10:02:10Z  WARNING  thresholds fetch failed: <urlopen error timed out>
2026-09-18T10:02:10Z  WARNING  stats fetch failed: timed out
2026-09-18T10:02:15Z  WARNING  thresholds fetch failed: timed out
2026-09-18T10:02:15Z  WARNING  stats fetch failed: timed out
2026-09-18T10:02:20Z  WARNING  thresholds fetch failed: timed out
2026-09-18T10:02:20Z  WARNING  stats fetch failed: timed out
2026-09-18T10:02:25Z  WARNING  thresholds fetch failed: timed out
2026-09-18T10:02:25Z  WARNING  stats fetch failed: timed out
2026-09-18T10:02:30Z  WARNING  thresholds fetch failed: timed out
2026-09-18T10:02:30Z  WARNING  stats fetch failed: timed out
2026-09-18T10:02:35Z  WARNING  thresholds fetch failed: timed out
2026-09-18T10:02:35Z  WARNING  stats fetch failed: timed out
2026-09-18T10:02:40Z  WARNING  thresholds fetch failed: timed out
2026-09-18T10:02:40Z  WARNING  stats fetch failed: timed out
2026-09-18T10:02:45Z  WARNING  thresholds fetch failed: timed out
2026-09-18T10:02:45Z  WARNING  stats fetch failed: timed out
2026-09-18T10:02:50Z  WARNING  thresholds fetch failed: timed out
2026-09-18T10:02:50Z  WARNING  stats fetch failed: timed out
2026-09-18T10:02:55Z  WARNING  thresholds fetch failed: timed out
2026-09-18T10:02:55Z  WARNING  stats fetch failed: timed out
2026-09-18T10:03:00Z  WARNING  thresholds fetch failed: timed out
2026-09-18T10:03:00Z  WARNING  stats fetch failed: timed out
2026-09-18T10:03:05Z  WARNING  thresholds fetch failed: timed out
2026-09-18T10:03:05Z  WARNING  stats fetch failed: timed out
2026-09-18T10:03:10Z  WARNING  thresholds fetch failed: timed out
2026-09-18T10:03:10Z  WARNING  stats fetch failed: timed out
2026-09-18T10:03:15Z  WARNING  thresholds fetch failed: timed out
2026-09-18T10:03:15Z  WARNING  stats fetch failed: timed out
2026-09-18T10:03:20Z  WARNING  thresholds fetch failed: timed out
2026-09-18T10:03:20Z  WARNING  stats fetch failed: timed out
2026-09-18T10:03:25Z  WARNING  thresholds fetch failed: timed out
2026-09-18T10:03:25Z  WARNING  stats fetch failed: timed out
2026-09-18T10:03:30Z  WARNING  thresholds fetch failed: timed out
2026-09-18T10:03:30Z  WARNING  stats fetch failed: timed out
2026-09-18T10:03:35Z  WARNING  thresholds fetch failed: timed out
2026-09-18T10:03:35Z  WARNING  stats fetch failed: timed out
2026-09-18T10:03:40Z  WARNING  thresholds fetch failed: timed out
2026-09-18T10:03:40Z  WARNING  stats fetch failed: timed out
2026-09-18T10:03:45Z  WARNING  thresholds fetch failed: timed out
2026-09-18T10:03:45Z  WARNING  stats fetch failed: timed out
2026-09-18T10:03:50Z  WARNING  thresholds fetch failed: timed out
2026-09-18T10:03:50Z  WARNING  stats fetch failed: timed out
2026-09-18T10:03:55Z  WARNING  thresholds fetch failed: timed out
2026-09-18T10:03:55Z  WARNING  stats fetch failed: timed out
2026-09-18T10:04:00Z  WARNING  thresholds fetch failed: timed out
2026-09-18T10:04:00Z  WARNING  stats fetch failed: timed out
2026-09-18T10:04:05Z  WARNING  thresholds fetch failed: timed out
2026-09-18T10:04:05Z  WARNING  stats fetch failed: timed out
2026-09-18T10:04:10Z  WARNING  thresholds fetch failed: timed out
2026-09-18T10:04:10Z  WARNING  stats fetch failed: timed out
2026-09-18T10:04:15Z  WARNING  thresholds fetch failed: timed out
2026-09-18T10:04:15Z  WARNING  stats fetch failed: timed out
2026-09-18T10:04:20Z  WARNING  thresholds fetch failed: timed out
2026-09-18T10:04:20Z  WARNING  stats fetch failed: timed out
2026-09-18T10:04:25Z  WARNING  thresholds fetch failed: timed out
2026-09-18T10:04:25Z  WARNING  stats fetch failed: timed out
2026-09-18T10:04:30Z  WARNING  thresholds fetch failed: timed out
2026-09-18T10:04:30Z  WARNING  stats fetch failed: timed out
2026-09-18T10:04:35Z  WARNING  thresholds fetch failed: timed out
2026-09-18T10:04:35Z  WARNING  stats fetch failed: timed out
2026-09-18T10:04:40Z  WARNING  thresholds fetch failed: timed out
2026-09-18T10:04:40Z  WARNING  stats fetch failed: timed out
2026-09-18T10:04:45Z  WARNING  thresholds fetch failed: timed out
2026-09-18T10:04:45Z  WARNING  stats fetch failed: timed out
2026-09-18T10:04:50Z  WARNING  thresholds fetch failed: timed out
2026-09-18T10:04:50Z  WARNING  stats fetch failed: timed out
2026-09-18T10:04:55Z  WARNING  thresholds fetch failed: timed out
2026-09-18T10:04:55Z  WARNING  stats fetch failed: timed out
2026-09-18T10:05:00Z  WARNING  thresholds fetch failed: timed out
2026-09-18T10:05:00Z  WARNING  stats fetch failed: timed out
2026-09-18T10:05:05Z  WARNING  thresholds fetch failed: timed out
2026-09-18T10:05:05Z  WARNING  stats fetch failed: timed out
2026-09-18T10:05:10Z  WARNING  thresholds fetch failed: timed out
2026-09-18T10:05:10Z  WARNING  stats fetch failed: timed out
2026-09-18T10:05:15Z  WARNING  thresholds fetch failed: timed out
2026-09-18T10:05:15Z  WARNING  stats fetch failed: timed out
2026-09-18T10:05:20Z  WARNING  thresholds fetch failed: timed out
2026-09-18T10:05:20Z  WARNING  stats fetch failed: timed out
2026-09-18T10:05:25Z  WARNING  thresholds fetch failed: timed out
2026-09-18T10:05:25Z  WARNING  stats fetch failed: timed out
2026-09-18T10:05:30Z  WARNING  thresholds fetch failed: timed out
2026-09-18T10:05:30Z  WARNING  stats fetch failed: timed out
2026-09-18T10:05:35Z  WARNING  thresholds fetch failed: timed out
2026-09-18T10:05:35Z  WARNING  stats fetch failed: timed out
2026-09-18T10:05:40Z  WARNING  thresholds fetch failed: timed out
2026-09-18T10:05:40Z  WARNING  stats fetch failed: timed out
2026-09-18T10:05:45Z  WARNING  thresholds fetch failed: timed out
2026-09-18T10:05:45Z  WARNING  stats fetch failed: timed out
2026-09-18T10:05:50Z  WARNING  thresholds fetch failed: timed out
2026-09-18T10:05:50Z  WARNING  stats fetch failed: timed out
2026-09-18T10:05:55Z  WARNING  thresholds fetch failed: timed out
2026-09-18T10:05:55Z  WARNING  stats fetch failed: timed out
2026-09-18T10:06:00Z  WARNING  thresholds fetch failed: timed out
2026-09-18T10:06:00Z  WARNING  stats fetch failed: timed out
2026-09-18T10:06:05Z  WARNING  thresholds fetch failed: timed out
2026-09-18T10:06:05Z  WARNING  stats fetch failed: timed out
2026-09-18T10:06:10Z  WARNING  thresholds fetch failed: timed out
2026-09-18T10:06:10Z  WARNING  stats fetch failed: timed out
2026-09-18T10:06:15Z  WARNING  thresholds fetch failed: timed out
2026-09-18T10:06:15Z  WARNING  stats fetch failed: timed out
2026-09-18T10:06:20Z  WARNING  thresholds fetch failed: timed out
2026-09-18T10:06:20Z  WARNING  stats fetch failed: timed out
2026-09-18T10:06:25Z  WARNING  thresholds fetch failed: timed out
2026-09-18T10:06:25Z  WARNING  stats fetch failed: timed out
2026-09-18T10:06:30Z  WARNING  thresholds fetch failed: timed out
2026-09-18T10:06:30Z  WARNING  stats fetch failed: timed out
2026-09-18T10:06:35Z  WARNING  thresholds fetch failed: timed out
2026-09-18T10:06:35Z  WARNING  stats fetch failed: timed out
2026-09-18T10:06:40Z  WARNING  thresholds fetch failed: timed out
2026-09-18T10:06:40Z  WARNING  stats fetch failed: timed out
2026-09-18T10:06:45Z  SHUTDOWN  signal=15
2026-09-18T10:06:45Z  EXIT
