2026-10-04T17:18:51Z  START  poll_interval=1s layer_a_poll_interval=5s
2026-10-04T17:19:30Z  WARNING  thresholds fetch failed: timed out
2026-10-04T17:19:30Z  WARNING  stats fetch failed: timed out
2026-10-04T17:19:35Z  WARNING  thresholds fetch failed: timed out
2026-10-04T17:19:35Z  WARNING  stats fetch failed: timed out
2026-10-04T17:19:40Z  WARNING  thresholds fetch failed: timed out
2026-10-04T17:19:40Z  WARNING  stats fetch failed: timed out
2026-10-04T17:19:45Z  WARNING  thresholds fetch failed: timed out
2026-10-04T17:19:45Z  WARNING  stats fetch failed: timed out
2026-10-04T17:19:50Z  WARNING  thresholds fetch failed: timed out
2026-10-04T17:19:50Z  WARNING  stats fetch failed: timed out
2026-10-04T17:19:55Z  WARNING  thresholds fetch failed: timed out
2026-10-04T17:19:55Z  WARNING  stats fetch failed: timed out
2026-10-04T17:20:00Z  WARNING  thresholds fetch failed: timed out
2026-10-04T17:20:00Z  WARNING  stats fetch failed: timed out
2026-10-04T17:20:05Z  WARNING  thresholds fetch failed: timed out
2026-10-04T17:20:05Z  WARNING  stats fetch failed: timed out
2026-10-04T17:20:10Z  WARNING  thresholds fetch failed: timed out
2026-10-04T17:20:10Z  WARNING  stats fetch failed: timed out
2026-10-04T17:20:15Z  WARNING  thresholds fetch failed: timed out
2026-10-04T17:20:15Z  WARNING  stats fetch failed: timed out
2026-10-04T17:20:20Z  WARNING  thresholds fetch failed: timed out
2026-10-04T17:20:20Z  WARNING  stats fetch failed: timed out
2026-10-04T17:20:25Z  WARNING  thresholds fetch failed: timed out
2026-10-04T17:20:25Z  WARNING  stats fetch failed: timed out
2026-10-04T17:20:30Z  WARNING  thresholds fetch failed: timed out
2026-10-04T17:20:30Z  WARNING  stats fetch failed: timed out
2026-10-04T17:20:35Z  WARNING  thresholds fetch failed: timed out
2026-10-04T17:20:35Z  WARNING  stats fetch failed: timed out
2026-10-04T17:20:40Z  WARNING  thresholds fetch failed: timed out
2026-10-04T17:20:40Z  WARNING  stats fetch failed: timed out
2026-10-04T17:20:45Z  WARNING  thresholds fetch failed: timed out
2026-10-04T17:20:45Z  WARNING  stats fetch failed: timed out
2026-10-04T17:20:50Z  WARNING  thresholds fetch failed: timed out
2026-10-04T17:20:50Z  WARNING  stats fetch failed: timed out
2026-10-04T17:20:55Z  WARNING  thresholds fetch failed: timed out
2026-10-04T17:20:55Z  WARNING  stats fetch failed: timed out
2026-10-04T17:21:00Z  WARNING  thresholds fetch failed: timed out
2026-10-04T17:21:00Z  WARNING  stats fetch failed: timed out
2026-10-04T17:21:05Z  WARNING  thresholds fetch failed: timed out
2026-10-04T17:21:05Z  WARNING  stats fetch failed: timed out
2026-10-04T17:21:10Z  WARNING  thresholds fetch failed: timed out
2026-10-04T17:21:10Z  WARNING  stats fetch failed: timed out
2026-10-04T17:21:15Z  WARNING  thresholds fetch failed: timed out
2026-10-04T17:21:15Z  WARNING  stats fetch failed: timed out
2026-10-04T17:21:20Z  WARNING  thresholds fetch failed: timed out
2026-10-04T17:21:20Z  WARNING  stats fetch failed: timed out
2026-10-04T17:21:25Z  WARNING  thresholds fetch failed: timed out
2026-10-04T17:21:25Z  WARNING  stats fetch failed: timed out
2026-10-04T17:21:30Z  WARNING  thresholds fetch failed: timed out
2026-10-04T17:21:30Z  WARNING  stats fetch failed: timed out
2026-10-04T17:21:35Z  WARNING  thresholds fetch failed: timed out
2026-10-04T17:21:35Z  WARNING  stats fetch failed: timed out
2026-10-04T17:21:40Z  WARNING  thresholds fetch failed: timed out
2026-10-04T17:21:40Z  WARNING  stats fetch failed: timed out
2026-10-04T17:21:45Z  WARNING  thresholds fetch failed: timed out
2026-10-04T17:21:45Z  WARNING  stats fetch failed: timed out
2026-10-04T17:21:50Z  WARNING  thresholds fetch failed: timed out
2026-10-04T17:21:50Z  WARNING  stats fetch failed: timed out
2026-10-04T17:21:55Z  WARNING  thresholds fetch failed: timed out
2026-10-04T17:21:55Z  WARNING  stats fetch failed: timed out
2026-10-04T17:22:00Z  WARNING  thresholds fetch failed: timed out
2026-10-04T17:22:00Z  WARNING  stats fetch failed: timed out
2026-10-04T17:22:05Z  WARNING  thresholds fetch failed: timed out
2026-10-04T17:22:05Z  WARNING  stats fetch failed: timed out
2026-10-04T17:22:10Z  WARNING  thresholds fetch failed: timed out
2026-10-04T17:22:10Z  WARNING  stats fetch failed: timed out
2026-10-04T17:22:15Z  WARNING  thresholds fetch failed: timed out
2026-10-04T17:22:15Z  WARNING  stats fetch failed: timed out
2026-10-04T17:22:20Z  WARNING  thresholds fetch failed: timed out
2026-10-04T17:22:20Z  WARNING  stats fetch failed: timed out
2026-10-04T17:22:25Z  WARNING  thresholds fetch failed: timed out
2026-10-04T17:22:25Z  WARNING  stats fetch failed: timed out
2026-10-04T17:22:30Z  WARNING  thresholds fetch failed: timed out
2026-10-04T17:22:30Z  WARNING  stats fetch failed: timed out
2026-10-04T17:22:35Z  WARNING  thresholds fetch failed: timed out
2026-10-04T17:22:35Z  WARNING  stats fetch failed: timed out
2026-10-04T17:22:40Z  WARNING  thresholds fetch failed: timed out
2026-10-04T17:22:40Z  WARNING  stats fetch failed: timed out
2026-10-04T17:22:45Z  WARNING  thresholds fetch failed: timed out
2026-10-04T17:22:45Z  WARNING  stats fetch failed: timed out
2026-10-04T17:22:50Z  WARNING  thresholds fetch failed: timed out
2026-10-04T17:22:50Z  WARNING  stats fetch failed: timed out
2026-10-04T17:22:55Z  WARNING  thresholds fetch failed: timed out
2026-10-04T17:22:55Z  WARNING  stats fetch failed: timed out
2026-10-04T17:23:00Z  WARNING  thresholds fetch failed: timed out
2026-10-04T17:23:00Z  WARNING  stats fetch failed: timed out
2026-10-04T17:23:05Z  WARNING  thresholds fetch failed: timed out
2026-10-04T17:23:05Z  WARNING  stats fetch failed: timed out
2026-10-04T17:23:10Z  WARNING  thresholds fetch failed: timed out
2026-10-04T17:23:10Z  WARNING  stats fetch failed: timed out
2026-10-04T17:23:15Z  WARNING  thresholds fetch failed: timed out
2026-10-04T17:23:15Z  WARNING  stats fetch failed: timed out
2026-10-04T17:23:20Z  WARNING  thresholds fetch failed: timed out
2026-10-04T17:23:20Z  WARNING  stats fetch failed: timed out
2026-10-04T17:23:25Z  WARNING  thresholds fetch failed: timed out
2026-10-04T17:23:25Z  WARNING  stats fetch failed: timed out
2026-10-04T17:23:30Z  WARNING  thresholds fetch failed: timed out
2026-10-04T17:23:30Z  WARNING  stats fetch failed: timed out
2026-10-04T17:23:35Z  WARNING  thresholds fetch failed: timed out
2026-10-04T17:23:35Z  WARNING  stats fetch failed: timed out
2026-10-04T17:23:40Z  WARNING  thresholds fetch failed: timed out
2026-10-04T17:23:40Z  WARNING  stats fetch failed: timed out
2026-10-04T17:23:45Z  WARNING  thresholds fetch failed: timed out
2026-10-04T17:23:45Z  WARNING  stats fetch failed: timed out
2026-10-04T17:23:50Z  WARNING  thresholds fetch failed: timed out
2026-10-04T17:23:50Z  WARNING  stats fetch failed: timed out
2026-10-04T17:23:55Z  WARNING  thresholds fetch failed: timed out
2026-10-04T17:23:55Z  WARNING  stats fetch failed: timed out
2026-10-04T17:24:00Z  WARNING  thresholds fetch failed: timed out
2026-10-04T17:24:00Z  WARNING  stats fetch failed: timed out
2026-10-04T17:24:05Z  WARNING  thresholds fetch failed: timed out
2026-10-04T17:24:05Z  WARNING  stats fetch failed: timed out
2026-10-04T17:24:10Z  WARNING  thresholds fetch failed: timed out
2026-10-04T17:24:10Z  WARNING  stats fetch failed: timed out
2026-10-04T17:24:15Z  WARNING  thresholds fetch failed: timed out
2026-10-04T17:24:15Z  WARNING  stats fetch failed: timed out
2026-10-04T17:24:20Z  WARNING  thresholds fetch failed: timed out
2026-10-04T17:24:20Z  WARNING  stats fetch failed: timed out
2026-10-04T17:24:25Z  WARNING  thresholds fetch failed: timed out
2026-10-04T17:24:25Z  WARNING  stats fetch failed: timed out
2026-10-04T17:24:30Z  WARNING  thresholds fetch failed: timed out
2026-10-04T17:24:30Z  WARNING  stats fetch failed: timed out
2026-10-04T17:24:35Z  WARNING  thresholds fetch failed: timed out
2026-10-04T17:24:35Z  WARNING  stats fetch failed: timed out
2026-10-04T17:24:40Z  WARNING  thresholds fetch failed: timed out
2026-10-04T17:24:40Z  WARNING  stats fetch failed: timed out
2026-10-04T17:24:45Z  WARNING  thresholds fetch failed: timed out
2026-10-04T17:24:45Z  WARNING  stats fetch failed: timed out
2026-10-04T17:24:50Z  WARNING  thresholds fetch failed: timed out
2026-10-04T17:24:50Z  WARNING  stats fetch failed: timed out
2026-10-04T17:24:55Z  WARNING  thresholds fetch failed: timed out
2026-10-04T17:24:55Z  WARNING  stats fetch failed: timed out
2026-10-04T17:25:00Z  WARNING  thresholds fetch failed: timed out
2026-10-04T17:25:00Z  WARNING  stats fetch failed: timed out
2026-10-04T17:25:05Z  WARNING  thresholds fetch failed: timed out
2026-10-04T17:25:05Z  WARNING  stats fetch failed: timed out
2026-10-04T17:25:10Z  WARNING  thresholds fetch failed: timed out
2026-10-04T17:25:10Z  WARNING  stats fetch failed: timed out
2026-10-04T17:25:15Z  WARNING  thresholds fetch failed: timed out
2026-10-04T17:25:15Z  WARNING  stats fetch failed: timed out
2026-10-04T17:25:20Z  WARNING  thresholds fetch failed: timed out
2026-10-04T17:25:20Z  WARNING  stats fetch failed: timed out
2026-10-04T17:25:25Z  WARNING  thresholds fetch failed: timed out
2026-10-04T17:25:25Z  WARNING  stats fetch failed: timed out
2026-10-04T17:25:30Z  WARNING  thresholds fetch failed: timed out
2026-10-04T17:25:30Z  WARNING  stats fetch failed: timed out
2026-10-04T17:25:35Z  WARNING  thresholds fetch failed: timed out
2026-10-04T17:25:35Z  WARNING  stats fetch failed: timed out
2026-10-04T17:25:40Z  WARNING  thresholds fetch failed: timed out
2026-10-04T17:25:40Z  WARNING  stats fetch failed: timed out
2026-10-04T17:25:45Z  WARNING  thresholds fetch failed: timed out
2026-10-04T17:25:45Z  WARNING  stats fetch failed: timed out
2026-10-04T17:25:50Z  WARNING  thresholds fetch failed: timed out
2026-10-04T17:25:50Z  WARNING  stats fetch failed: timed out
2026-10-04T17:25:55Z  WARNING  thresholds fetch failed: timed out
2026-10-04T17:25:55Z  WARNING  stats fetch failed: timed out
2026-10-04T17:26:00Z  WARNING  thresholds fetch failed: timed out
2026-10-04T17:26:00Z  WARNING  stats fetch failed: timed out
2026-10-04T17:26:05Z  WARNING  thresholds fetch failed: timed out
2026-10-04T17:26:05Z  WARNING  stats fetch failed: timed out
2026-10-04T17:26:10Z  WARNING  thresholds fetch failed: timed out
2026-10-04T17:26:10Z  WARNING  stats fetch failed: timed out
2026-10-04T17:26:15Z  WARNING  thresholds fetch failed: timed out
2026-10-04T17:26:15Z  WARNING  stats fetch failed: timed out
2026-10-04T17:26:20Z  WARNING  thresholds fetch failed: timed out
2026-10-04T17:26:20Z  WARNING  stats fetch failed: timed out
2026-10-04T17:26:25Z  WARNING  thresholds fetch failed: timed out
2026-10-04T17:26:25Z  WARNING  stats fetch failed: timed out
2026-10-04T17:26:30Z  WARNING  thresholds fetch failed: timed out
2026-10-04T17:26:30Z  WARNING  stats fetch failed: timed out
2026-10-04T17:26:35Z  WARNING  thresholds fetch failed: timed out
2026-10-04T17:26:35Z  WARNING  stats fetch failed: timed out
2026-10-04T17:26:40Z  WARNING  thresholds fetch failed: timed out
2026-10-04T17:26:40Z  WARNING  stats fetch failed: timed out
2026-10-04T17:26:45Z  WARNING  thresholds fetch failed: timed out
2026-10-04T17:26:45Z  WARNING  stats fetch failed: timed out
2026-10-04T17:26:50Z  WARNING  thresholds fetch failed: timed out
2026-10-04T17:26:50Z  WARNING  stats fetch failed: timed out
2026-10-04T17:26:55Z  WARNING  thresholds fetch failed: timed out
2026-10-04T17:26:55Z  WARNING  stats fetch failed: timed out
2026-10-04T17:27:00Z  WARNING  thresholds fetch failed: <urlopen error timed out>
2026-10-04T17:27:00Z  WARNING  stats fetch failed: timed out
2026-10-04T17:27:05Z  WARNING  thresholds fetch failed: timed out
2026-10-04T17:27:05Z  WARNING  stats fetch failed: timed out
2026-10-04T17:27:10Z  WARNING  thresholds fetch failed: timed out
2026-10-04T17:27:10Z  WARNING  stats fetch failed: timed out
2026-10-04T17:27:15Z  WARNING  thresholds fetch failed: timed out
2026-10-04T17:27:15Z  WARNING  stats fetch failed: timed out
2026-10-04T17:27:20Z  WARNING  thresholds fetch failed: timed out
2026-10-04T17:27:20Z  WARNING  stats fetch failed: timed out
2026-10-04T17:27:25Z  WARNING  thresholds fetch failed: timed out
2026-10-04T17:27:25Z  WARNING  stats fetch failed: timed out
2026-10-04T17:27:30Z  WARNING  thresholds fetch failed: timed out
2026-10-04T17:27:30Z  WARNING  stats fetch failed: timed out
2026-10-04T17:27:35Z  WARNING  thresholds fetch failed: timed out
2026-10-04T17:27:35Z  WARNING  stats fetch failed: timed out
2026-10-04T17:27:40Z  WARNING  thresholds fetch failed: timed out
2026-10-04T17:27:40Z  WARNING  stats fetch failed: timed out
2026-10-04T17:27:45Z  WARNING  thresholds fetch failed: timed out
2026-10-04T17:27:45Z  WARNING  stats fetch failed: timed out
2026-10-04T17:27:50Z  WARNING  thresholds fetch failed: timed out
2026-10-04T17:27:50Z  WARNING  stats fetch failed: timed out
2026-10-04T17:27:55Z  WARNING  thresholds fetch failed: timed out
2026-10-04T17:27:55Z  WARNING  stats fetch failed: timed out
2026-10-04T17:28:00Z  WARNING  thresholds fetch failed: timed out
2026-10-04T17:28:00Z  WARNING  stats fetch failed: timed out
2026-10-04T17:28:05Z  WARNING  thresholds fetch failed: timed out
2026-10-04T17:28:05Z  WARNING  stats fetch failed: timed out
2026-10-04T17:28:10Z  WARNING  thresholds fetch failed: timed out
2026-10-04T17:28:10Z  WARNING  stats fetch failed: timed out
2026-10-04T17:28:15Z  WARNING  thresholds fetch failed: timed out
2026-10-04T17:28:15Z  WARNING  stats fetch failed: timed out
2026-10-04T17:28:20Z  WARNING  thresholds fetch failed: timed out
2026-10-04T17:28:20Z  WARNING  stats fetch failed: timed out
2026-10-04T17:28:25Z  WARNING  thresholds fetch failed: timed out
2026-10-04T17:28:25Z  WARNING  stats fetch failed: timed out
2026-10-04T17:28:30Z  WARNING  thresholds fetch failed: timed out
2026-10-04T17:28:30Z  WARNING  stats fetch failed: timed out
2026-10-04T17:28:35Z  WARNING  thresholds fetch failed: timed out
2026-10-04T17:28:35Z  WARNING  stats fetch failed: timed out
2026-10-04T17:28:40Z  WARNING  thresholds fetch failed: timed out
2026-10-04T17:28:40Z  WARNING  stats fetch failed: timed out
2026-10-04T17:28:45Z  WARNING  thresholds fetch failed: timed out
2026-10-04T17:28:45Z  WARNING  stats fetch failed: timed out
2026-10-04T17:28:50Z  WARNING  thresholds fetch failed: timed out
2026-10-04T17:28:50Z  WARNING  stats fetch failed: timed out
2026-10-04T17:28:55Z  WARNING  thresholds fetch failed: timed out
2026-10-04T17:28:55Z  WARNING  stats fetch failed: timed out
2026-10-04T17:29:00Z  WARNING  thresholds fetch failed: timed out
2026-10-04T17:29:00Z  WARNING  stats fetch failed: timed out
2026-10-04T17:29:05Z  WARNING  thresholds fetch failed: timed out
2026-10-04T17:29:05Z  WARNING  stats fetch failed: timed out
2026-10-04T17:29:10Z  WARNING  thresholds fetch failed: timed out
2026-10-04T17:29:10Z  WARNING  stats fetch failed: timed out
2026-10-04T17:29:15Z  WARNING  thresholds fetch failed: timed out
2026-10-04T17:29:15Z  WARNING  stats fetch failed: timed out
2026-10-04T17:29:20Z  WARNING  thresholds fetch failed: timed out
2026-10-04T17:29:20Z  WARNING  stats fetch failed: timed out
2026-10-04T17:29:25Z  WARNING  thresholds fetch failed: timed out
2026-10-04T17:29:25Z  WARNING  stats fetch failed: timed out
2026-10-04T17:29:30Z  WARNING  thresholds fetch failed: timed out
2026-10-04T17:29:30Z  WARNING  stats fetch failed: timed out
2026-10-04T17:29:33Z  SHUTDOWN  signal=15
2026-10-04T17:29:33Z  EXIT
