2026-09-28T12:23:11Z  START  poll_interval=1s layer_a_poll_interval=5s
2026-09-28T12:24:15Z  WARNING  thresholds fetch failed: timed out
2026-09-28T12:24:15Z  WARNING  stats fetch failed: timed out
2026-09-28T12:24:20Z  WARNING  thresholds fetch failed: timed out
2026-09-28T12:24:20Z  WARNING  stats fetch failed: timed out
2026-09-28T12:24:25Z  WARNING  thresholds fetch failed: timed out
2026-09-28T12:24:25Z  WARNING  stats fetch failed: timed out
2026-09-28T12:24:30Z  WARNING  thresholds fetch failed: timed out
2026-09-28T12:24:30Z  WARNING  stats fetch failed: timed out
2026-09-28T12:24:35Z  WARNING  thresholds fetch failed: timed out
2026-09-28T12:24:35Z  WARNING  stats fetch failed: timed out
2026-09-28T12:24:40Z  WARNING  thresholds fetch failed: timed out
2026-09-28T12:24:40Z  WARNING  stats fetch failed: timed out
2026-09-28T12:24:45Z  WARNING  thresholds fetch failed: timed out
2026-09-28T12:24:45Z  WARNING  stats fetch failed: timed out
2026-09-28T12:24:50Z  WARNING  thresholds fetch failed: timed out
2026-09-28T12:24:50Z  WARNING  stats fetch failed: timed out
2026-09-28T12:24:55Z  WARNING  thresholds fetch failed: timed out
2026-09-28T12:24:55Z  WARNING  stats fetch failed: timed out
2026-09-28T12:25:00Z  WARNING  thresholds fetch failed: timed out
2026-09-28T12:25:00Z  WARNING  stats fetch failed: timed out
2026-09-28T12:25:05Z  WARNING  thresholds fetch failed: timed out
2026-09-28T12:25:05Z  WARNING  stats fetch failed: timed out
2026-09-28T12:25:10Z  WARNING  thresholds fetch failed: timed out
2026-09-28T12:25:10Z  WARNING  stats fetch failed: timed out
2026-09-28T12:25:15Z  WARNING  thresholds fetch failed: timed out
2026-09-28T12:25:15Z  WARNING  stats fetch failed: timed out
2026-09-28T12:25:20Z  WARNING  thresholds fetch failed: timed out
2026-09-28T12:25:20Z  WARNING  stats fetch failed: timed out
2026-09-28T12:25:25Z  WARNING  thresholds fetch failed: timed out
2026-09-28T12:25:25Z  WARNING  stats fetch failed: timed out
2026-09-28T12:25:30Z  WARNING  thresholds fetch failed: timed out
2026-09-28T12:25:30Z  WARNING  stats fetch failed: timed out
2026-09-28T12:25:35Z  WARNING  thresholds fetch failed: timed out
2026-09-28T12:25:35Z  WARNING  stats fetch failed: timed out
2026-09-28T12:25:40Z  WARNING  thresholds fetch failed: timed out
2026-09-28T12:25:40Z  WARNING  stats fetch failed: timed out
2026-09-28T12:25:45Z  WARNING  thresholds fetch failed: timed out
2026-09-28T12:25:45Z  WARNING  stats fetch failed: timed out
2026-09-28T12:25:50Z  WARNING  thresholds fetch failed: timed out
2026-09-28T12:25:50Z  WARNING  stats fetch failed: timed out
2026-09-28T12:25:55Z  WARNING  thresholds fetch failed: timed out
2026-09-28T12:25:55Z  WARNING  stats fetch failed: timed out
2026-09-28T12:26:00Z  WARNING  thresholds fetch failed: timed out
2026-09-28T12:26:00Z  WARNING  stats fetch failed: timed out
2026-09-28T12:26:05Z  WARNING  thresholds fetch failed: timed out
2026-09-28T12:26:05Z  WARNING  stats fetch failed: timed out
2026-09-28T12:26:10Z  WARNING  thresholds fetch failed: timed out
2026-09-28T12:26:10Z  WARNING  stats fetch failed: timed out
2026-09-28T12:26:15Z  WARNING  thresholds fetch failed: timed out
2026-09-28T12:26:15Z  WARNING  stats fetch failed: timed out
2026-09-28T12:26:20Z  WARNING  thresholds fetch failed: timed out
2026-09-28T12:26:20Z  WARNING  stats fetch failed: timed out
2026-09-28T12:26:25Z  WARNING  thresholds fetch failed: timed out
2026-09-28T12:26:25Z  WARNING  stats fetch failed: timed out
2026-09-28T12:26:30Z  WARNING  thresholds fetch failed: timed out
2026-09-28T12:26:30Z  WARNING  stats fetch failed: timed out
2026-09-28T12:26:35Z  WARNING  thresholds fetch failed: timed out
2026-09-28T12:26:35Z  WARNING  stats fetch failed: timed out
2026-09-28T12:26:40Z  WARNING  thresholds fetch failed: timed out
2026-09-28T12:26:40Z  WARNING  stats fetch failed: timed out
2026-09-28T12:26:45Z  WARNING  thresholds fetch failed: timed out
2026-09-28T12:26:45Z  WARNING  stats fetch failed: timed out
2026-09-28T12:26:50Z  WARNING  thresholds fetch failed: timed out
2026-09-28T12:26:50Z  WARNING  stats fetch failed: timed out
2026-09-28T12:26:55Z  WARNING  thresholds fetch failed: timed out
2026-09-28T12:26:55Z  WARNING  stats fetch failed: timed out
2026-09-28T12:27:00Z  WARNING  thresholds fetch failed: timed out
2026-09-28T12:27:00Z  WARNING  stats fetch failed: timed out
2026-09-28T12:27:05Z  WARNING  thresholds fetch failed: timed out
2026-09-28T12:27:05Z  WARNING  stats fetch failed: timed out
2026-09-28T12:27:10Z  WARNING  thresholds fetch failed: timed out
2026-09-28T12:27:10Z  WARNING  stats fetch failed: timed out
2026-09-28T12:27:15Z  WARNING  thresholds fetch failed: timed out
2026-09-28T12:27:15Z  WARNING  stats fetch failed: timed out
2026-09-28T12:27:20Z  WARNING  thresholds fetch failed: timed out
2026-09-28T12:27:20Z  WARNING  stats fetch failed: timed out
2026-09-28T12:27:25Z  WARNING  thresholds fetch failed: timed out
2026-09-28T12:27:25Z  WARNING  stats fetch failed: timed out
2026-09-28T12:27:30Z  WARNING  thresholds fetch failed: timed out
2026-09-28T12:27:30Z  WARNING  stats fetch failed: timed out
2026-09-28T12:27:35Z  WARNING  thresholds fetch failed: timed out
2026-09-28T12:27:35Z  WARNING  stats fetch failed: timed out
2026-09-28T12:27:40Z  WARNING  thresholds fetch failed: timed out
2026-09-28T12:27:40Z  WARNING  stats fetch failed: timed out
2026-09-28T12:27:45Z  WARNING  thresholds fetch failed: timed out
2026-09-28T12:27:45Z  WARNING  stats fetch failed: timed out
2026-09-28T12:27:50Z  WARNING  thresholds fetch failed: timed out
2026-09-28T12:27:50Z  WARNING  stats fetch failed: timed out
2026-09-28T12:27:55Z  WARNING  thresholds fetch failed: timed out
2026-09-28T12:27:55Z  WARNING  stats fetch failed: timed out
2026-09-28T12:28:00Z  WARNING  thresholds fetch failed: timed out
2026-09-28T12:28:00Z  WARNING  stats fetch failed: timed out
2026-09-28T12:28:05Z  WARNING  thresholds fetch failed: timed out
2026-09-28T12:28:05Z  WARNING  stats fetch failed: timed out
2026-09-28T12:28:10Z  WARNING  thresholds fetch failed: timed out
2026-09-28T12:28:10Z  WARNING  stats fetch failed: timed out
2026-09-28T12:28:15Z  WARNING  thresholds fetch failed: timed out
2026-09-28T12:28:15Z  WARNING  stats fetch failed: timed out
2026-09-28T12:28:20Z  WARNING  thresholds fetch failed: timed out
2026-09-28T12:28:20Z  WARNING  stats fetch failed: timed out
2026-09-28T12:28:25Z  WARNING  thresholds fetch failed: timed out
2026-09-28T12:28:25Z  WARNING  stats fetch failed: timed out
2026-09-28T12:28:30Z  WARNING  thresholds fetch failed: timed out
2026-09-28T12:28:30Z  WARNING  stats fetch failed: timed out
2026-09-28T12:28:35Z  WARNING  thresholds fetch failed: timed out
2026-09-28T12:28:35Z  WARNING  stats fetch failed: timed out
2026-09-28T12:28:40Z  WARNING  thresholds fetch failed: timed out
2026-09-28T12:28:40Z  WARNING  stats fetch failed: timed out
2026-09-28T12:28:45Z  WARNING  thresholds fetch failed: timed out
2026-09-28T12:28:45Z  WARNING  stats fetch failed: timed out
2026-09-28T12:28:50Z  WARNING  thresholds fetch failed: timed out
2026-09-28T12:28:50Z  WARNING  stats fetch failed: timed out
2026-09-28T12:28:55Z  WARNING  thresholds fetch failed: timed out
2026-09-28T12:28:55Z  WARNING  stats fetch failed: timed out
2026-09-28T12:29:00Z  WARNING  thresholds fetch failed: timed out
2026-09-28T12:29:00Z  WARNING  stats fetch failed: timed out
2026-09-28T12:29:05Z  WARNING  thresholds fetch failed: timed out
2026-09-28T12:29:05Z  WARNING  stats fetch failed: timed out
2026-09-28T12:29:10Z  WARNING  thresholds fetch failed: timed out
2026-09-28T12:29:10Z  WARNING  stats fetch failed: timed out
2026-09-28T12:29:15Z  WARNING  thresholds fetch failed: timed out
2026-09-28T12:29:15Z  WARNING  stats fetch failed: timed out
2026-09-28T12:29:20Z  WARNING  thresholds fetch failed: timed out
2026-09-28T12:29:20Z  WARNING  stats fetch failed: timed out
2026-09-28T12:29:25Z  WARNING  thresholds fetch failed: timed out
2026-09-28T12:29:25Z  WARNING  stats fetch failed: timed out
2026-09-28T12:29:30Z  WARNING  thresholds fetch failed: timed out
2026-09-28T12:29:30Z  WARNING  stats fetch failed: timed out
2026-09-28T12:29:35Z  WARNING  thresholds fetch failed: timed out
2026-09-28T12:29:35Z  WARNING  stats fetch failed: timed out
2026-09-28T12:29:40Z  WARNING  thresholds fetch failed: timed out
2026-09-28T12:29:40Z  WARNING  stats fetch failed: timed out
2026-09-28T12:29:45Z  WARNING  thresholds fetch failed: timed out
2026-09-28T12:29:45Z  WARNING  stats fetch failed: timed out
2026-09-28T12:29:50Z  WARNING  thresholds fetch failed: timed out
2026-09-28T12:29:50Z  WARNING  stats fetch failed: timed out
2026-09-28T12:29:55Z  WARNING  thresholds fetch failed: timed out
2026-09-28T12:29:55Z  WARNING  stats fetch failed: timed out
2026-09-28T12:30:00Z  WARNING  thresholds fetch failed: timed out
2026-09-28T12:30:00Z  WARNING  stats fetch failed: timed out
2026-09-28T12:30:05Z  WARNING  thresholds fetch failed: timed out
2026-09-28T12:30:05Z  WARNING  stats fetch failed: timed out
2026-09-28T12:30:10Z  WARNING  thresholds fetch failed: timed out
2026-09-28T12:30:10Z  WARNING  stats fetch failed: timed out
2026-09-28T12:30:15Z  WARNING  thresholds fetch failed: timed out
2026-09-28T12:30:15Z  WARNING  stats fetch failed: timed out
2026-09-28T12:30:20Z  WARNING  thresholds fetch failed: timed out
2026-09-28T12:30:20Z  WARNING  stats fetch failed: timed out
2026-09-28T12:30:25Z  WARNING  thresholds fetch failed: timed out
2026-09-28T12:30:25Z  WARNING  stats fetch failed: timed out
2026-09-28T12:30:30Z  WARNING  thresholds fetch failed: timed out
2026-09-28T12:30:30Z  WARNING  stats fetch failed: timed out
2026-09-28T12:30:35Z  WARNING  thresholds fetch failed: timed out
2026-09-28T12:30:35Z  WARNING  stats fetch failed: timed out
2026-09-28T12:30:40Z  WARNING  thresholds fetch failed: timed out
2026-09-28T12:30:40Z  WARNING  stats fetch failed: timed out
2026-09-28T12:30:45Z  WARNING  thresholds fetch failed: timed out
2026-09-28T12:30:45Z  WARNING  stats fetch failed: timed out
2026-09-28T12:30:50Z  WARNING  thresholds fetch failed: timed out
2026-09-28T12:30:50Z  WARNING  stats fetch failed: timed out
2026-09-28T12:30:55Z  WARNING  thresholds fetch failed: timed out
2026-09-28T12:30:55Z  WARNING  stats fetch failed: timed out
2026-09-28T12:31:00Z  WARNING  thresholds fetch failed: timed out
2026-09-28T12:31:00Z  WARNING  stats fetch failed: timed out
2026-09-28T12:31:05Z  WARNING  thresholds fetch failed: timed out
2026-09-28T12:31:05Z  WARNING  stats fetch failed: timed out
2026-09-28T12:31:10Z  WARNING  thresholds fetch failed: timed out
2026-09-28T12:31:10Z  WARNING  stats fetch failed: timed out
2026-09-28T12:31:15Z  WARNING  thresholds fetch failed: timed out
2026-09-28T12:31:15Z  WARNING  stats fetch failed: timed out
2026-09-28T12:31:20Z  WARNING  thresholds fetch failed: timed out
2026-09-28T12:31:20Z  WARNING  stats fetch failed: timed out
2026-09-28T12:31:25Z  WARNING  thresholds fetch failed: timed out
2026-09-28T12:31:25Z  WARNING  stats fetch failed: timed out
2026-09-28T12:31:30Z  WARNING  thresholds fetch failed: timed out
2026-09-28T12:31:30Z  WARNING  stats fetch failed: timed out
2026-09-28T12:31:35Z  WARNING  thresholds fetch failed: timed out
2026-09-28T12:31:35Z  WARNING  stats fetch failed: timed out
2026-09-28T12:31:40Z  WARNING  thresholds fetch failed: timed out
2026-09-28T12:31:40Z  WARNING  stats fetch failed: timed out
2026-09-28T12:31:45Z  WARNING  thresholds fetch failed: timed out
2026-09-28T12:31:45Z  WARNING  stats fetch failed: timed out
2026-09-28T12:31:50Z  WARNING  thresholds fetch failed: timed out
2026-09-28T12:31:50Z  WARNING  stats fetch failed: timed out
2026-09-28T12:31:55Z  WARNING  thresholds fetch failed: timed out
2026-09-28T12:31:55Z  WARNING  stats fetch failed: <urlopen error timed out>
2026-09-28T12:32:00Z  WARNING  thresholds fetch failed: timed out
2026-09-28T12:32:00Z  WARNING  stats fetch failed: timed out
2026-09-28T12:32:05Z  WARNING  thresholds fetch failed: timed out
2026-09-28T12:32:05Z  WARNING  stats fetch failed: timed out
2026-09-28T12:32:10Z  WARNING  thresholds fetch failed: timed out
2026-09-28T12:32:10Z  WARNING  stats fetch failed: timed out
2026-09-28T12:32:15Z  WARNING  thresholds fetch failed: timed out
2026-09-28T12:32:15Z  WARNING  stats fetch failed: timed out
2026-09-28T12:32:20Z  WARNING  thresholds fetch failed: timed out
2026-09-28T12:32:20Z  WARNING  stats fetch failed: timed out
2026-09-28T12:32:25Z  WARNING  thresholds fetch failed: timed out
2026-09-28T12:32:25Z  WARNING  stats fetch failed: timed out
2026-09-28T12:32:30Z  WARNING  thresholds fetch failed: timed out
2026-09-28T12:32:30Z  WARNING  stats fetch failed: timed out
2026-09-28T12:32:35Z  WARNING  thresholds fetch failed: timed out
2026-09-28T12:32:35Z  WARNING  stats fetch failed: timed out
2026-09-28T12:32:40Z  WARNING  thresholds fetch failed: timed out
2026-09-28T12:32:40Z  WARNING  stats fetch failed: timed out
2026-09-28T12:32:45Z  WARNING  thresholds fetch failed: timed out
2026-09-28T12:32:45Z  WARNING  stats fetch failed: timed out
2026-09-28T12:32:50Z  WARNING  thresholds fetch failed: timed out
2026-09-28T12:32:50Z  WARNING  stats fetch failed: timed out
2026-09-28T12:32:55Z  WARNING  thresholds fetch failed: timed out
2026-09-28T12:32:55Z  WARNING  stats fetch failed: timed out
2026-09-28T12:33:00Z  WARNING  thresholds fetch failed: timed out
2026-09-28T12:33:00Z  WARNING  stats fetch failed: timed out
2026-09-28T12:33:05Z  WARNING  thresholds fetch failed: timed out
2026-09-28T12:33:05Z  WARNING  stats fetch failed: timed out
2026-09-28T12:33:10Z  WARNING  thresholds fetch failed: timed out
2026-09-28T12:33:10Z  WARNING  stats fetch failed: timed out
2026-09-28T12:33:15Z  WARNING  thresholds fetch failed: timed out
2026-09-28T12:33:15Z  WARNING  stats fetch failed: timed out
2026-09-28T12:33:20Z  WARNING  thresholds fetch failed: timed out
2026-09-28T12:33:20Z  WARNING  stats fetch failed: timed out
2026-09-28T12:33:25Z  WARNING  thresholds fetch failed: timed out
2026-09-28T12:33:25Z  WARNING  stats fetch failed: timed out
2026-09-28T12:33:30Z  WARNING  thresholds fetch failed: timed out
2026-09-28T12:33:30Z  WARNING  stats fetch failed: timed out
2026-09-28T12:33:35Z  WARNING  thresholds fetch failed: timed out
2026-09-28T12:33:35Z  WARNING  stats fetch failed: timed out
2026-09-28T12:33:40Z  WARNING  thresholds fetch failed: timed out
2026-09-28T12:33:40Z  WARNING  stats fetch failed: timed out
2026-09-28T12:33:45Z  WARNING  thresholds fetch failed: timed out
2026-09-28T12:33:45Z  WARNING  stats fetch failed: timed out
2026-09-28T12:33:52Z  SHUTDOWN  signal=15
2026-09-28T12:33:52Z  EXIT
